
*** Running vivado
    with args -log dist_mem_gen_0.vds -m64 -product Vivado -mode batch -messageDb vivado.pb -notrace -source dist_mem_gen_0.tcl


****** Vivado v2022.2 (64-bit)
  **** SW Build 3671981 on Fri Oct 14 04:59:54 MDT 2022
  **** IP Build 3669848 on Fri Oct 14 08:30:02 MDT 2022
    ** Copyright 1986-2022 Xilinx, Inc. All Rights Reserved.

source dist_mem_gen_0.tcl -notrace
INFO: [IP_Flow 19-234] Refreshing IP repositories
INFO: [IP_Flow 19-1700] Loaded user IP repository '/home/user/Documents/dma_test/dpu_ip'.
INFO: [IP_Flow 19-1700] Loaded user IP repository '/home/user/Documents/dma_test/prj/Vivado/hw/srcs/top/ip/axi_lite_led'.
INFO: [IP_Flow 19-2313] Loaded Vivado IP repository '/tools/Xilinx/Vivado/2022.2/data/ip'.
INFO: [IP_Flow 19-6924] IPCACHE: Running cache check for IP inst: dist_mem_gen_0
INFO: [IP_Flow 19-6922] IPCACHE: Exporting cached entry 4dfa03f783b65155 to dir: /home/user/Documents/dma_test/prj/Vivado/hw/prj/KR260.runs/dist_mem_gen_0_synth_1
INFO: [IP_Flow 19-6928] IPCACHE: copied cached file /home/user/Documents/dma_test/prj/Vivado/hw/prj/KR260.cache/ip/2022.2/4/d/4dfa03f783b65155/dist_mem_gen_0_stub.vhdl to /home/user/Documents/dma_test/prj/Vivado/hw/prj/KR260.runs/dist_mem_gen_0_synth_1/dist_mem_gen_0_stub.vhdl.
INFO: [IP_Flow 19-6928] IPCACHE: copied cached file /home/user/Documents/dma_test/prj/Vivado/hw/prj/KR260.cache/ip/2022.2/4/d/4dfa03f783b65155/dist_mem_gen_0_stub.v to /home/user/Documents/dma_test/prj/Vivado/hw/prj/KR260.runs/dist_mem_gen_0_synth_1/dist_mem_gen_0_stub.v.
INFO: [IP_Flow 19-6928] IPCACHE: copied cached file /home/user/Documents/dma_test/prj/Vivado/hw/prj/KR260.cache/ip/2022.2/4/d/4dfa03f783b65155/dist_mem_gen_0_sim_netlist.v to /home/user/Documents/dma_test/prj/Vivado/hw/prj/KR260.runs/dist_mem_gen_0_synth_1/dist_mem_gen_0_sim_netlist.v.
INFO: [IP_Flow 19-6928] IPCACHE: copied cached file /home/user/Documents/dma_test/prj/Vivado/hw/prj/KR260.cache/ip/2022.2/4/d/4dfa03f783b65155/dist_mem_gen_0.dcp to /home/user/Documents/dma_test/prj/Vivado/hw/prj/KR260.runs/dist_mem_gen_0_synth_1/dist_mem_gen_0.dcp.
INFO: [IP_Flow 19-6928] IPCACHE: copied cached file /home/user/Documents/dma_test/prj/Vivado/hw/prj/KR260.cache/ip/2022.2/4/d/4dfa03f783b65155/dist_mem_gen_0_sim_netlist.vhdl to /home/user/Documents/dma_test/prj/Vivado/hw/prj/KR260.runs/dist_mem_gen_0_synth_1/dist_mem_gen_0_sim_netlist.vhdl.
INFO: [IP_Flow 19-4838] Using cached IP synthesis design for IP dist_mem_gen_0, cache-ID = 4dfa03f783b65155.
INFO: [Common 17-206] Exiting Vivado at Mon Dec 15 11:04:28 2025...
