

================================================================
== Vitis HLS Report for 'hscale_core_polyphase'
================================================================
* Date:           Fri Mar  6 02:16:56 2026

* Version:        2022.2 (Build 3670227 on Oct 13 2022)
* Project:        prj
* Solution:       sol (Vivado IP Flow Target)
* Product family: zynquplus
* Target device:  xck26-sfvc784-2LV-c


================================================================
== Performance Estimates
================================================================
+ Timing: 
    * Summary: 
    +--------+---------+----------+------------+
    |  Clock |  Target | Estimated| Uncertainty|
    +--------+---------+----------+------------+
    |ap_clk  |  5.00 ns|  3.376 ns|     1.35 ns|
    +--------+---------+----------+------------+

+ Latency: 
    * Summary: 
    +---------+---------+----------+-----------+-----+---------+---------+
    |  Latency (cycles) |  Latency (absolute)  |    Interval   | Pipeline|
    |   min   |   max   |    min   |    max    | min |   max   |   Type  |
    +---------+---------+----------+-----------+-----+---------+---------+
    |      996|  2097748|  4.980 us|  10.489 ms|  996|  2097748|       no|
    +---------+---------+----------+-----------+-----+---------+---------+

    + Detail: 
        * Instance: 
        +-------------------------------------------------------------------------------------+--------------------------------------------------------------------------+---------+---------+----------+----------+-----+------+---------+
        |                                                                                     |                                                                          |  Latency (cycles) |  Latency (absolute) |  Interval  | Pipeline|
        |                                       Instance                                      |                                  Module                                  |   min   |   max   |    min   |    max   | min |  max |   Type  |
        +-------------------------------------------------------------------------------------+--------------------------------------------------------------------------+---------+---------+----------+----------+-----+------+---------+
        |grp_hscale_core_polyphase_Pipeline_loop_init_coeff_phase_loop_init_coeff_tap_fu_246  |hscale_core_polyphase_Pipeline_loop_init_coeff_phase_loop_init_coeff_tap  |      386|      386|  1.930 us|  1.930 us|  386|   386|       no|
        |grp_hscale_core_polyphase_Pipeline_loop_width_fu_264                                 |hscale_core_polyphase_Pipeline_loop_width                                 |       36|     1940|  0.180 us|  9.700 us|   36|  1940|       no|
        +-------------------------------------------------------------------------------------+--------------------------------------------------------------------------+---------+---------+----------+----------+-----+------+---------+

        * Loop: 
        +---------------+---------+---------+-----------+-----------+-----------+-----------+----------+
        |               |  Latency (cycles) | Iteration |  Initiation Interval  |    Trip   |          |
        |   Loop Name   |   min   |   max   |  Latency  |  achieved |   target  |   Count   | Pipelined|
        +---------------+---------+---------+-----------+-----------+-----------+-----------+----------+
        |- loop_height  |      608|  2097360|  38 ~ 1942|          -|          -|  16 ~ 1080|        no|
        +---------------+---------+---------+-----------+-----------+-----------+-----------+----------+

============================================================
+ Verbose Summary: Synthesis Manager
============================================================
InlineROM: 1
ExposeGlobal: 0
============================================================
+ Verbose Summary: CDFG Model
============================================================
IsTopModel: 0
ResetActiveHigh: 1
IsCombinational: 2
IsDatapathOnly: 0
HasWiredReturn: 1
HasMFsm: 0
HasVarLatency: 1
IsPipeline: 0
IsRtlPipelined: 0
IsInstanceOverlapped: 0
IsDontTouch: 0
HasImplIP: 0
IsGatedGlobalClock: 0


============================================================
+ Verbose Summary: Schedule
============================================================
* Number of FSM states : 4
* Pipeline : 0
* Dataflow Pipeline: 0

* FSM state transitions: 
1 --> 2 
2 --> 3 
3 --> 4 
4 --> 3 

* FSM state operations: 

State 1 <SV = 0> <Delay = 0.67>
ST_1 : Operation 5 [1/1] (0.00ns)   --->   "%y = alloca i32 1"   --->   Operation 5 'alloca' 'y' <Predicate = true> <Delay = 0.00>
ST_1 : Operation 6 [1/1] (0.00ns)   --->   "%PixArray_val_V_0 = alloca i32 1"   --->   Operation 6 'alloca' 'PixArray_val_V_0' <Predicate = true> <Delay = 0.00>
ST_1 : Operation 7 [1/1] (0.00ns)   --->   "%PixArray_val_V_1_0 = alloca i32 1"   --->   Operation 7 'alloca' 'PixArray_val_V_1_0' <Predicate = true> <Delay = 0.00>
ST_1 : Operation 8 [1/1] (0.00ns)   --->   "%PixArray_val_V_2_0 = alloca i32 1"   --->   Operation 8 'alloca' 'PixArray_val_V_2_0' <Predicate = true> <Delay = 0.00>
ST_1 : Operation 9 [1/1] (0.00ns)   --->   "%PixArray_val_V_3_0 = alloca i32 1"   --->   Operation 9 'alloca' 'PixArray_val_V_3_0' <Predicate = true> <Delay = 0.00>
ST_1 : Operation 10 [1/1] (0.00ns)   --->   "%PixArray_val_V_4_0 = alloca i32 1"   --->   Operation 10 'alloca' 'PixArray_val_V_4_0' <Predicate = true> <Delay = 0.00>
ST_1 : Operation 11 [1/1] (0.00ns)   --->   "%PixArray_val_V_5_0 = alloca i32 1"   --->   Operation 11 'alloca' 'PixArray_val_V_5_0' <Predicate = true> <Delay = 0.00>
ST_1 : Operation 12 [1/1] (0.00ns)   --->   "%PixArray_val_V_6_0 = alloca i32 1"   --->   Operation 12 'alloca' 'PixArray_val_V_6_0' <Predicate = true> <Delay = 0.00>
ST_1 : Operation 13 [1/1] (0.00ns)   --->   "%PixArray_val_V_7_0 = alloca i32 1"   --->   Operation 13 'alloca' 'PixArray_val_V_7_0' <Predicate = true> <Delay = 0.00>
ST_1 : Operation 14 [1/1] (0.00ns)   --->   "%PixArray_val_V_8_0 = alloca i32 1"   --->   Operation 14 'alloca' 'PixArray_val_V_8_0' <Predicate = true> <Delay = 0.00>
ST_1 : Operation 15 [1/1] (0.00ns)   --->   "%PixArray_val_V_9_0 = alloca i32 1"   --->   Operation 15 'alloca' 'PixArray_val_V_9_0' <Predicate = true> <Delay = 0.00>
ST_1 : Operation 16 [1/1] (0.00ns)   --->   "%PixArray_val_V_10_0 = alloca i32 1"   --->   Operation 16 'alloca' 'PixArray_val_V_10_0' <Predicate = true> <Delay = 0.00>
ST_1 : Operation 17 [1/1] (0.00ns)   --->   "%PixArray_val_V_11_0 = alloca i32 1"   --->   Operation 17 'alloca' 'PixArray_val_V_11_0' <Predicate = true> <Delay = 0.00>
ST_1 : Operation 18 [1/1] (0.00ns)   --->   "%PixArray_val_V_12_0 = alloca i32 1"   --->   Operation 18 'alloca' 'PixArray_val_V_12_0' <Predicate = true> <Delay = 0.00>
ST_1 : Operation 19 [1/1] (0.00ns)   --->   "%PixArray_val_V_13_0 = alloca i32 1"   --->   Operation 19 'alloca' 'PixArray_val_V_13_0' <Predicate = true> <Delay = 0.00>
ST_1 : Operation 20 [1/1] (0.00ns)   --->   "%PixArray_val_V_14_0 = alloca i32 1"   --->   Operation 20 'alloca' 'PixArray_val_V_14_0' <Predicate = true> <Delay = 0.00>
ST_1 : Operation 21 [1/1] (0.00ns)   --->   "%PixArray_val_V_15_049 = alloca i32 1"   --->   Operation 21 'alloca' 'PixArray_val_V_15_049' <Predicate = true> <Delay = 0.00>
ST_1 : Operation 22 [1/1] (0.00ns)   --->   "%PixArray_val_V_16_050 = alloca i32 1"   --->   Operation 22 'alloca' 'PixArray_val_V_16_050' <Predicate = true> <Delay = 0.00>
ST_1 : Operation 23 [1/1] (0.00ns)   --->   "%PixArray_val_V_17_051 = alloca i32 1"   --->   Operation 23 'alloca' 'PixArray_val_V_17_051' <Predicate = true> <Delay = 0.00>
ST_1 : Operation 24 [1/1] (0.00ns)   --->   "%PixArray_val_V_18_052 = alloca i32 1"   --->   Operation 24 'alloca' 'PixArray_val_V_18_052' <Predicate = true> <Delay = 0.00>
ST_1 : Operation 25 [1/1] (0.00ns)   --->   "%PixArray_val_V_19_053 = alloca i32 1"   --->   Operation 25 'alloca' 'PixArray_val_V_19_053' <Predicate = true> <Delay = 0.00>
ST_1 : Operation 26 [1/1] (0.00ns)   --->   "%PixArray_val_V_20_054 = alloca i32 1"   --->   Operation 26 'alloca' 'PixArray_val_V_20_054' <Predicate = true> <Delay = 0.00>
ST_1 : Operation 27 [1/1] (0.00ns)   --->   "%PixArray_val_V_21_055 = alloca i32 1"   --->   Operation 27 'alloca' 'PixArray_val_V_21_055' <Predicate = true> <Delay = 0.00>
ST_1 : Operation 28 [1/1] (0.00ns)   --->   "%PixArray_val_V_22_056 = alloca i32 1"   --->   Operation 28 'alloca' 'PixArray_val_V_22_056' <Predicate = true> <Delay = 0.00>
ST_1 : Operation 29 [1/1] (0.00ns)   --->   "%PixArray_val_V_23_057 = alloca i32 1"   --->   Operation 29 'alloca' 'PixArray_val_V_23_057' <Predicate = true> <Delay = 0.00>
ST_1 : Operation 30 [1/1] (0.67ns)   --->   "%FiltCoeff = alloca i64 1" [/home/user/Documents/kria-vitis-platforms/kv260/platforms/vivado/kv260_ispMipiRx_vcu_DP/project/kv260_ispMipiRx_vcu_DP.runs/bd_eab1_hsc_0_synth_1/prj/sol/.autopilot/db/v_hscaler.cpp:595]   --->   Operation 30 'alloca' 'FiltCoeff' <Predicate = true> <Delay = 0.67> <CoreInst = "RAM_1P_LUTRAM">   --->   Core 89 'RAM_1P_LUTRAM' <Latency = 1> <II = 1> <Delay = 0.67> <Storage> <Opcode : 'load' 'store'> <Ports = 1> <Width = 16> <Depth = 64> <RAM>
ST_1 : Operation 31 [1/1] (0.67ns)   --->   "%FiltCoeff_1 = alloca i64 1" [/home/user/Documents/kria-vitis-platforms/kv260/platforms/vivado/kv260_ispMipiRx_vcu_DP/project/kv260_ispMipiRx_vcu_DP.runs/bd_eab1_hsc_0_synth_1/prj/sol/.autopilot/db/v_hscaler.cpp:595]   --->   Operation 31 'alloca' 'FiltCoeff_1' <Predicate = true> <Delay = 0.67> <CoreInst = "RAM_1P_LUTRAM">   --->   Core 89 'RAM_1P_LUTRAM' <Latency = 1> <II = 1> <Delay = 0.67> <Storage> <Opcode : 'load' 'store'> <Ports = 1> <Width = 16> <Depth = 64> <RAM>
ST_1 : Operation 32 [1/1] (0.67ns)   --->   "%FiltCoeff_2 = alloca i64 1" [/home/user/Documents/kria-vitis-platforms/kv260/platforms/vivado/kv260_ispMipiRx_vcu_DP/project/kv260_ispMipiRx_vcu_DP.runs/bd_eab1_hsc_0_synth_1/prj/sol/.autopilot/db/v_hscaler.cpp:595]   --->   Operation 32 'alloca' 'FiltCoeff_2' <Predicate = true> <Delay = 0.67> <CoreInst = "RAM_1P_LUTRAM">   --->   Core 89 'RAM_1P_LUTRAM' <Latency = 1> <II = 1> <Delay = 0.67> <Storage> <Opcode : 'load' 'store'> <Ports = 1> <Width = 16> <Depth = 64> <RAM>
ST_1 : Operation 33 [1/1] (0.67ns)   --->   "%FiltCoeff_3 = alloca i64 1" [/home/user/Documents/kria-vitis-platforms/kv260/platforms/vivado/kv260_ispMipiRx_vcu_DP/project/kv260_ispMipiRx_vcu_DP.runs/bd_eab1_hsc_0_synth_1/prj/sol/.autopilot/db/v_hscaler.cpp:595]   --->   Operation 33 'alloca' 'FiltCoeff_3' <Predicate = true> <Delay = 0.67> <CoreInst = "RAM_1P_LUTRAM">   --->   Core 89 'RAM_1P_LUTRAM' <Latency = 1> <II = 1> <Delay = 0.67> <Storage> <Opcode : 'load' 'store'> <Ports = 1> <Width = 16> <Depth = 64> <RAM>
ST_1 : Operation 34 [1/1] (0.67ns)   --->   "%FiltCoeff_4 = alloca i64 1" [/home/user/Documents/kria-vitis-platforms/kv260/platforms/vivado/kv260_ispMipiRx_vcu_DP/project/kv260_ispMipiRx_vcu_DP.runs/bd_eab1_hsc_0_synth_1/prj/sol/.autopilot/db/v_hscaler.cpp:595]   --->   Operation 34 'alloca' 'FiltCoeff_4' <Predicate = true> <Delay = 0.67> <CoreInst = "RAM_1P_LUTRAM">   --->   Core 89 'RAM_1P_LUTRAM' <Latency = 1> <II = 1> <Delay = 0.67> <Storage> <Opcode : 'load' 'store'> <Ports = 1> <Width = 16> <Depth = 64> <RAM>
ST_1 : Operation 35 [1/1] (0.67ns)   --->   "%FiltCoeff_5 = alloca i64 1" [/home/user/Documents/kria-vitis-platforms/kv260/platforms/vivado/kv260_ispMipiRx_vcu_DP/project/kv260_ispMipiRx_vcu_DP.runs/bd_eab1_hsc_0_synth_1/prj/sol/.autopilot/db/v_hscaler.cpp:595]   --->   Operation 35 'alloca' 'FiltCoeff_5' <Predicate = true> <Delay = 0.67> <CoreInst = "RAM_1P_LUTRAM">   --->   Core 89 'RAM_1P_LUTRAM' <Latency = 1> <II = 1> <Delay = 0.67> <Storage> <Opcode : 'load' 'store'> <Ports = 1> <Width = 16> <Depth = 64> <RAM>
ST_1 : Operation 36 [2/2] (0.00ns)   --->   "%call_ln0 = call void @hscale_core_polyphase_Pipeline_loop_init_coeff_phase_loop_init_coeff_tap, i16 %FiltCoeff, i16 %hfltCoeff, i16 %FiltCoeff_1, i16 %FiltCoeff_2, i16 %FiltCoeff_3, i16 %FiltCoeff_4, i16 %FiltCoeff_5"   --->   Operation 36 'call' 'call_ln0' <Predicate = true> <Delay = 0.00> <CoreType = "Generic">   --->   Core 0 '' <Latency = 0> <II = 1> <Delay = 1.00> <Generic> <Opcode : >
ST_1 : Operation 37 [1/1] (0.42ns)   --->   "%store_ln637 = store i11 0, i11 %y" [/home/user/Documents/kria-vitis-platforms/kv260/platforms/vivado/kv260_ispMipiRx_vcu_DP/project/kv260_ispMipiRx_vcu_DP.runs/bd_eab1_hsc_0_synth_1/prj/sol/.autopilot/db/v_hscaler.cpp:637]   --->   Operation 37 'store' 'store_ln637' <Predicate = true> <Delay = 0.42>

State 2 <SV = 1> <Delay = 2.28>
ST_2 : Operation 38 [1/1] (0.00ns)   --->   "%specinterface_ln0 = specinterface void @_ssdm_op_SpecInterface, i16 %WidthOut_c23, void @ap_fifo_str, i32 0, i32 0, void @p_str, i32 0, i32 0, void @p_str, void @p_str, void @p_str, i32 2, i32 2, i32 16, i32 16, void @p_str, void @ScalarProp_str, i32 4294967295, i32 0"   --->   Operation 38 'specinterface' 'specinterface_ln0' <Predicate = true> <Delay = 0.00>
ST_2 : Operation 39 [1/1] (0.00ns)   --->   "%WidthOut_read = read i16 @_ssdm_op_Read.ap_auto.i16P0A, i16 %WidthOut"   --->   Operation 39 'read' 'WidthOut_read' <Predicate = true> <Delay = 0.00>
ST_2 : Operation 40 [1/1] (1.82ns)   --->   "%write_ln0 = write void @_ssdm_op_Write.ap_fifo.i16P0A, i16 %WidthOut_c23, i16 %WidthOut_read"   --->   Operation 40 'write' 'write_ln0' <Predicate = true> <Delay = 1.82> <CoreInst = "FIFO_SRL">   --->   Core 81 'FIFO_SRL' <Latency = 0> <II = 1> <Delay = 1.83> <Storage> <Opcode : 'read' 'write' 'nbread' 'nbwrite'> <Ports = 0> <Width = 16> <Depth = 2> <FIFO>
ST_2 : Operation 41 [1/1] (0.00ns)   --->   "%specinterface_ln0 = specinterface void @_ssdm_op_SpecInterface, i16 %Height_c19, void @ap_fifo_str, i32 0, i32 0, void @p_str, i32 0, i32 0, void @p_str, void @p_str, void @p_str, i32 2, i32 2, i32 16, i32 16, void @p_str, void @ScalarProp_str, i32 4294967295, i32 0"   --->   Operation 41 'specinterface' 'specinterface_ln0' <Predicate = true> <Delay = 0.00>
ST_2 : Operation 42 [1/1] (0.00ns)   --->   "%Height_read = read i16 @_ssdm_op_Read.ap_auto.i16P0A, i16 %Height"   --->   Operation 42 'read' 'Height_read' <Predicate = true> <Delay = 0.00>
ST_2 : Operation 43 [1/1] (1.82ns)   --->   "%write_ln0 = write void @_ssdm_op_Write.ap_fifo.i16P0A, i16 %Height_c19, i16 %Height_read"   --->   Operation 43 'write' 'write_ln0' <Predicate = true> <Delay = 1.82> <CoreInst = "FIFO_SRL">   --->   Core 81 'FIFO_SRL' <Latency = 0> <II = 1> <Delay = 1.83> <Storage> <Opcode : 'read' 'write' 'nbread' 'nbwrite'> <Ports = 0> <Width = 16> <Depth = 2> <FIFO>
ST_2 : Operation 44 [1/1] (0.00ns)   --->   "%specstablecontent_ln0 = specstablecontent void @_ssdm_op_SpecStableContent, i16 %WidthOut, void "   --->   Operation 44 'specstablecontent' 'specstablecontent_ln0' <Predicate = true> <Delay = 0.00>
ST_2 : Operation 45 [1/1] (0.00ns)   --->   "%specstablecontent_ln0 = specstablecontent void @_ssdm_op_SpecStableContent, i16 %WidthIn, void "   --->   Operation 45 'specstablecontent' 'specstablecontent_ln0' <Predicate = true> <Delay = 0.00>
ST_2 : Operation 46 [1/1] (0.00ns)   --->   "%specstablecontent_ln0 = specstablecontent void @_ssdm_op_SpecStableContent, i16 %Height, void "   --->   Operation 46 'specstablecontent' 'specstablecontent_ln0' <Predicate = true> <Delay = 0.00>
ST_2 : Operation 47 [1/1] (0.00ns)   --->   "%specmemcore_ln0 = specmemcore void @_ssdm_op_SpecMemCore, i9 %phasesH, i64 666, i64 207, i64 1"   --->   Operation 47 'specmemcore' 'specmemcore_ln0' <Predicate = true> <Delay = 0.00>
ST_2 : Operation 48 [1/1] (0.00ns)   --->   "%specmemcore_ln0 = specmemcore void @_ssdm_op_SpecMemCore, i16 %hfltCoeff, i64 666, i64 207, i64 1"   --->   Operation 48 'specmemcore' 'specmemcore_ln0' <Predicate = true> <Delay = 0.00>
ST_2 : Operation 49 [1/1] (0.00ns)   --->   "%specinterface_ln0 = specinterface void @_ssdm_op_SpecInterface, i24 %stream_scaled, void @empty_14, i32 0, i32 0, void @empty_25, i32 0, i32 0, void @empty_25, void @empty_25, void @empty_25, i32 0, i32 0, i32 0, i32 0, void @empty_25, void @empty_25, i32 4294967295, i32 0"   --->   Operation 49 'specinterface' 'specinterface_ln0' <Predicate = true> <Delay = 0.00>
ST_2 : Operation 50 [1/1] (0.00ns)   --->   "%specinterface_ln0 = specinterface void @_ssdm_op_SpecInterface, i24 %stream_upsampled, void @empty_14, i32 0, i32 0, void @empty_25, i32 0, i32 0, void @empty_25, void @empty_25, void @empty_25, i32 0, i32 0, i32 0, i32 0, void @empty_25, void @empty_25, i32 4294967295, i32 0"   --->   Operation 50 'specinterface' 'specinterface_ln0' <Predicate = true> <Delay = 0.00>
ST_2 : Operation 51 [1/1] (0.00ns)   --->   "%specinterface_ln0 = specinterface void @_ssdm_op_SpecInterface, i9 %phasesH, void @empty_17, i32 0, i32 0, void @empty_25, i32 1, i32 0, void @empty_25, void @empty_25, void @empty_25, i32 0, i32 0, i32 0, i32 0, void @empty_25, void @empty_25, i32 4294967295, i32 0"   --->   Operation 51 'specinterface' 'specinterface_ln0' <Predicate = true> <Delay = 0.00>
ST_2 : Operation 52 [1/1] (0.00ns)   --->   "%specinterface_ln0 = specinterface void @_ssdm_op_SpecInterface, i16 %hfltCoeff, void @empty_17, i32 0, i32 0, void @empty_25, i32 1, i32 0, void @empty_25, void @empty_25, void @empty_25, i32 0, i32 0, i32 0, i32 0, void @empty_25, void @empty_25, i32 4294967295, i32 0"   --->   Operation 52 'specinterface' 'specinterface_ln0' <Predicate = true> <Delay = 0.00>
ST_2 : Operation 53 [1/1] (0.00ns)   --->   "%empty = trunc i16 %Height_read"   --->   Operation 53 'trunc' 'empty' <Predicate = true> <Delay = 0.00>
ST_2 : Operation 54 [1/1] (0.00ns)   --->   "%WidthIn_read = read i16 @_ssdm_op_Read.ap_auto.i16P0A, i16 %WidthIn" [/tools/Xilinx/Vitis_HLS/2022.2/tps/lnx64/gcc-8.3.0/lib/gcc/x86_64-pc-linux-gnu/8.3.0/../../../../include/c++/8.3.0/bits/stl_algobase.h:224]   --->   Operation 54 'read' 'WidthIn_read' <Predicate = true> <Delay = 0.00>
ST_2 : Operation 55 [1/1] (1.10ns)   --->   "%icmp_ln224 = icmp_ult  i16 %WidthOut_read, i16 %WidthIn_read" [/tools/Xilinx/Vitis_HLS/2022.2/tps/lnx64/gcc-8.3.0/lib/gcc/x86_64-pc-linux-gnu/8.3.0/../../../../include/c++/8.3.0/bits/stl_algobase.h:224]   --->   Operation 55 'icmp' 'icmp_ln224' <Predicate = true> <Delay = 1.10> <CoreInst = "Cmp">   --->   Core 9 'Cmp' <Latency = 0> <II = 1> <Delay = 1.10> <FuncUnit> <Opcode : 'icmp'> <InPorts = 2> <OutPorts = 1>
ST_2 : Operation 56 [1/1] (0.00ns)   --->   "%trunc_ln600 = trunc i16 %WidthIn_read" [/home/user/Documents/kria-vitis-platforms/kv260/platforms/vivado/kv260_ispMipiRx_vcu_DP/project/kv260_ispMipiRx_vcu_DP.runs/bd_eab1_hsc_0_synth_1/prj/sol/.autopilot/db/v_hscaler.cpp:600]   --->   Operation 56 'trunc' 'trunc_ln600' <Predicate = true> <Delay = 0.00>
ST_2 : Operation 57 [1/1] (0.00ns)   --->   "%trunc_ln600_1 = trunc i16 %WidthOut_read" [/home/user/Documents/kria-vitis-platforms/kv260/platforms/vivado/kv260_ispMipiRx_vcu_DP/project/kv260_ispMipiRx_vcu_DP.runs/bd_eab1_hsc_0_synth_1/prj/sol/.autopilot/db/v_hscaler.cpp:600]   --->   Operation 57 'trunc' 'trunc_ln600_1' <Predicate = true> <Delay = 0.00>
ST_2 : Operation 58 [1/1] (0.38ns)   --->   "%TotalPixels = select i1 %icmp_ln224, i11 %trunc_ln600, i11 %trunc_ln600_1" [/home/user/Documents/kria-vitis-platforms/kv260/platforms/vivado/kv260_ispMipiRx_vcu_DP/project/kv260_ispMipiRx_vcu_DP.runs/bd_eab1_hsc_0_synth_1/prj/sol/.autopilot/db/v_hscaler.cpp:600]   --->   Operation 58 'select' 'TotalPixels' <Predicate = true> <Delay = 0.38> <CoreInst = "Sel">   --->   Core 73 'Sel' <Latency = 0> <II = 1> <Delay = 0.38> <FuncUnit> <Opcode : 'select'> <InPorts = 3> <OutPorts = 1>
ST_2 : Operation 59 [1/1] (0.00ns)   --->   "%specmemcore_ln621 = specmemcore void @_ssdm_op_SpecMemCore, i16 %FiltCoeff_5, i64 666, i64 19, i64 18446744073709551615" [/home/user/Documents/kria-vitis-platforms/kv260/platforms/vivado/kv260_ispMipiRx_vcu_DP/project/kv260_ispMipiRx_vcu_DP.runs/bd_eab1_hsc_0_synth_1/prj/sol/.autopilot/db/v_hscaler.cpp:621]   --->   Operation 59 'specmemcore' 'specmemcore_ln621' <Predicate = true> <Delay = 0.00>
ST_2 : Operation 60 [1/1] (0.00ns)   --->   "%specmemcore_ln621 = specmemcore void @_ssdm_op_SpecMemCore, i16 %FiltCoeff_4, i64 666, i64 19, i64 18446744073709551615" [/home/user/Documents/kria-vitis-platforms/kv260/platforms/vivado/kv260_ispMipiRx_vcu_DP/project/kv260_ispMipiRx_vcu_DP.runs/bd_eab1_hsc_0_synth_1/prj/sol/.autopilot/db/v_hscaler.cpp:621]   --->   Operation 60 'specmemcore' 'specmemcore_ln621' <Predicate = true> <Delay = 0.00>
ST_2 : Operation 61 [1/1] (0.00ns)   --->   "%specmemcore_ln621 = specmemcore void @_ssdm_op_SpecMemCore, i16 %FiltCoeff_3, i64 666, i64 19, i64 18446744073709551615" [/home/user/Documents/kria-vitis-platforms/kv260/platforms/vivado/kv260_ispMipiRx_vcu_DP/project/kv260_ispMipiRx_vcu_DP.runs/bd_eab1_hsc_0_synth_1/prj/sol/.autopilot/db/v_hscaler.cpp:621]   --->   Operation 61 'specmemcore' 'specmemcore_ln621' <Predicate = true> <Delay = 0.00>
ST_2 : Operation 62 [1/1] (0.00ns)   --->   "%specmemcore_ln621 = specmemcore void @_ssdm_op_SpecMemCore, i16 %FiltCoeff_2, i64 666, i64 19, i64 18446744073709551615" [/home/user/Documents/kria-vitis-platforms/kv260/platforms/vivado/kv260_ispMipiRx_vcu_DP/project/kv260_ispMipiRx_vcu_DP.runs/bd_eab1_hsc_0_synth_1/prj/sol/.autopilot/db/v_hscaler.cpp:621]   --->   Operation 62 'specmemcore' 'specmemcore_ln621' <Predicate = true> <Delay = 0.00>
ST_2 : Operation 63 [1/1] (0.00ns)   --->   "%specmemcore_ln621 = specmemcore void @_ssdm_op_SpecMemCore, i16 %FiltCoeff_1, i64 666, i64 19, i64 18446744073709551615" [/home/user/Documents/kria-vitis-platforms/kv260/platforms/vivado/kv260_ispMipiRx_vcu_DP/project/kv260_ispMipiRx_vcu_DP.runs/bd_eab1_hsc_0_synth_1/prj/sol/.autopilot/db/v_hscaler.cpp:621]   --->   Operation 63 'specmemcore' 'specmemcore_ln621' <Predicate = true> <Delay = 0.00>
ST_2 : Operation 64 [1/1] (0.00ns)   --->   "%specmemcore_ln621 = specmemcore void @_ssdm_op_SpecMemCore, i16 %FiltCoeff, i64 666, i64 19, i64 18446744073709551615" [/home/user/Documents/kria-vitis-platforms/kv260/platforms/vivado/kv260_ispMipiRx_vcu_DP/project/kv260_ispMipiRx_vcu_DP.runs/bd_eab1_hsc_0_synth_1/prj/sol/.autopilot/db/v_hscaler.cpp:621]   --->   Operation 64 'specmemcore' 'specmemcore_ln621' <Predicate = true> <Delay = 0.00>
ST_2 : Operation 65 [1/2] (0.00ns)   --->   "%call_ln0 = call void @hscale_core_polyphase_Pipeline_loop_init_coeff_phase_loop_init_coeff_tap, i16 %FiltCoeff, i16 %hfltCoeff, i16 %FiltCoeff_1, i16 %FiltCoeff_2, i16 %FiltCoeff_3, i16 %FiltCoeff_4, i16 %FiltCoeff_5"   --->   Operation 65 'call' 'call_ln0' <Predicate = true> <Delay = 0.00> <CoreType = "Generic">   --->   Core 0 '' <Latency = 0> <II = 1> <Delay = 1.00> <Generic> <Opcode : >
ST_2 : Operation 66 [1/1] (0.79ns)   --->   "%LoopSize = add i11 %TotalPixels, i11 4" [/home/user/Documents/kria-vitis-platforms/kv260/platforms/vivado/kv260_ispMipiRx_vcu_DP/project/kv260_ispMipiRx_vcu_DP.runs/bd_eab1_hsc_0_synth_1/prj/sol/.autopilot/db/v_hscaler.cpp:604]   --->   Operation 66 'add' 'LoopSize' <Predicate = true> <Delay = 0.79> <CoreInst = "Adder">   --->   Core 1 'Adder' <Latency = 0> <II = 1> <Delay = 0.79> <FuncUnit> <Opcode : 'add' 'sub'> <InPorts = 2> <OutPorts = 1>
ST_2 : Operation 67 [1/1] (0.79ns)   --->   "%add_ln637 = add i11 %TotalPixels, i11 5" [/home/user/Documents/kria-vitis-platforms/kv260/platforms/vivado/kv260_ispMipiRx_vcu_DP/project/kv260_ispMipiRx_vcu_DP.runs/bd_eab1_hsc_0_synth_1/prj/sol/.autopilot/db/v_hscaler.cpp:637]   --->   Operation 67 'add' 'add_ln637' <Predicate = true> <Delay = 0.79> <CoreInst = "Adder">   --->   Core 1 'Adder' <Latency = 0> <II = 1> <Delay = 0.79> <FuncUnit> <Opcode : 'add' 'sub'> <InPorts = 2> <OutPorts = 1>
ST_2 : Operation 68 [1/1] (0.00ns)   --->   "%br_ln637 = br void %loop_width" [/home/user/Documents/kria-vitis-platforms/kv260/platforms/vivado/kv260_ispMipiRx_vcu_DP/project/kv260_ispMipiRx_vcu_DP.runs/bd_eab1_hsc_0_synth_1/prj/sol/.autopilot/db/v_hscaler.cpp:637]   --->   Operation 68 'br' 'br_ln637' <Predicate = true> <Delay = 0.00>

State 3 <SV = 2> <Delay = 2.31>
ST_3 : Operation 69 [1/1] (0.00ns)   --->   "%y_8 = load i11 %y" [/home/user/Documents/kria-vitis-platforms/kv260/platforms/vivado/kv260_ispMipiRx_vcu_DP/project/kv260_ispMipiRx_vcu_DP.runs/bd_eab1_hsc_0_synth_1/prj/sol/.autopilot/db/v_hscaler.cpp:637]   --->   Operation 69 'load' 'y_8' <Predicate = true> <Delay = 0.00>
ST_3 : Operation 70 [1/1] (0.94ns)   --->   "%icmp_ln637 = icmp_eq  i11 %y_8, i11 %empty" [/home/user/Documents/kria-vitis-platforms/kv260/platforms/vivado/kv260_ispMipiRx_vcu_DP/project/kv260_ispMipiRx_vcu_DP.runs/bd_eab1_hsc_0_synth_1/prj/sol/.autopilot/db/v_hscaler.cpp:637]   --->   Operation 70 'icmp' 'icmp_ln637' <Predicate = true> <Delay = 0.94> <CoreInst = "Cmp">   --->   Core 9 'Cmp' <Latency = 0> <II = 1> <Delay = 0.94> <FuncUnit> <Opcode : 'icmp'> <InPorts = 2> <OutPorts = 1>
ST_3 : Operation 71 [1/1] (0.00ns)   --->   "%speclooptripcount_ln0 = speclooptripcount void @_ssdm_op_SpecLoopTripCount, i64 16, i64 1080, i64 0"   --->   Operation 71 'speclooptripcount' 'speclooptripcount_ln0' <Predicate = true> <Delay = 0.00>
ST_3 : Operation 72 [1/1] (0.79ns)   --->   "%y_9 = add i11 %y_8, i11 1" [/home/user/Documents/kria-vitis-platforms/kv260/platforms/vivado/kv260_ispMipiRx_vcu_DP/project/kv260_ispMipiRx_vcu_DP.runs/bd_eab1_hsc_0_synth_1/prj/sol/.autopilot/db/v_hscaler.cpp:637]   --->   Operation 72 'add' 'y_9' <Predicate = true> <Delay = 0.79> <CoreInst = "Adder">   --->   Core 1 'Adder' <Latency = 0> <II = 1> <Delay = 0.79> <FuncUnit> <Opcode : 'add' 'sub'> <InPorts = 2> <OutPorts = 1>
ST_3 : Operation 73 [1/1] (0.00ns)   --->   "%br_ln637 = br i1 %icmp_ln637, void %loop_width.split, void %for.end188.loopexit" [/home/user/Documents/kria-vitis-platforms/kv260/platforms/vivado/kv260_ispMipiRx_vcu_DP/project/kv260_ispMipiRx_vcu_DP.runs/bd_eab1_hsc_0_synth_1/prj/sol/.autopilot/db/v_hscaler.cpp:637]   --->   Operation 73 'br' 'br_ln637' <Predicate = true> <Delay = 0.00>
ST_3 : Operation 74 [1/1] (0.00ns)   --->   "%empty_79 = wait i32 @_ssdm_op_Wait"   --->   Operation 74 'wait' 'empty_79' <Predicate = (!icmp_ln637)> <Delay = 0.00>
ST_3 : Operation 75 [2/2] (1.37ns)   --->   "%call_ln637 = call void @hscale_core_polyphase_Pipeline_loop_width, i11 %add_ln637, i16 %WidthIn_read, i24 %stream_upsampled, i9 %phasesH, i16 %FiltCoeff, i16 %FiltCoeff_1, i16 %FiltCoeff_2, i16 %FiltCoeff_3, i16 %FiltCoeff_4, i16 %FiltCoeff_5, i11 %LoopSize, i24 %stream_scaled, i8 %PixArray_val_V_23_057, i8 %PixArray_val_V_22_056, i8 %PixArray_val_V_21_055, i8 %PixArray_val_V_20_054, i8 %PixArray_val_V_19_053, i8 %PixArray_val_V_18_052, i8 %PixArray_val_V_17_051, i8 %PixArray_val_V_16_050, i8 %PixArray_val_V_15_049, i8 %PixArray_val_V_14_0, i8 %PixArray_val_V_13_0, i8 %PixArray_val_V_12_0, i8 %PixArray_val_V_11_0, i8 %PixArray_val_V_10_0, i8 %PixArray_val_V_9_0, i8 %PixArray_val_V_8_0, i8 %PixArray_val_V_7_0, i8 %PixArray_val_V_6_0, i8 %PixArray_val_V_5_0, i8 %PixArray_val_V_4_0, i8 %PixArray_val_V_3_0, i8 %PixArray_val_V_2_0, i8 %PixArray_val_V_1_0, i8 %PixArray_val_V_0" [/home/user/Documents/kria-vitis-platforms/kv260/platforms/vivado/kv260_ispMipiRx_vcu_DP/project/kv260_ispMipiRx_vcu_DP.runs/bd_eab1_hsc_0_synth_1/prj/sol/.autopilot/db/v_hscaler.cpp:637]   --->   Operation 75 'call' 'call_ln637' <Predicate = (!icmp_ln637)> <Delay = 1.37> <CoreType = "Generic">   --->   Core 0 '' <Latency = 0> <II = 1> <Delay = 1.00> <Generic> <Opcode : >
ST_3 : Operation 76 [1/1] (0.42ns)   --->   "%store_ln637 = store i11 %y_9, i11 %y" [/home/user/Documents/kria-vitis-platforms/kv260/platforms/vivado/kv260_ispMipiRx_vcu_DP/project/kv260_ispMipiRx_vcu_DP.runs/bd_eab1_hsc_0_synth_1/prj/sol/.autopilot/db/v_hscaler.cpp:637]   --->   Operation 76 'store' 'store_ln637' <Predicate = (!icmp_ln637)> <Delay = 0.42>
ST_3 : Operation 77 [1/1] (0.00ns)   --->   "%ret_ln936 = ret" [/home/user/Documents/kria-vitis-platforms/kv260/platforms/vivado/kv260_ispMipiRx_vcu_DP/project/kv260_ispMipiRx_vcu_DP.runs/bd_eab1_hsc_0_synth_1/prj/sol/.autopilot/db/v_hscaler.cpp:936]   --->   Operation 77 'ret' 'ret_ln936' <Predicate = (icmp_ln637)> <Delay = 0.00>

State 4 <SV = 3> <Delay = 0.00>
ST_4 : Operation 78 [1/1] (0.00ns)   --->   "%specloopname_ln587 = specloopname void @_ssdm_op_SpecLoopName, void @empty_11" [/home/user/Documents/kria-vitis-platforms/kv260/platforms/vivado/kv260_ispMipiRx_vcu_DP/project/kv260_ispMipiRx_vcu_DP.runs/bd_eab1_hsc_0_synth_1/prj/sol/.autopilot/db/v_hscaler.cpp:587]   --->   Operation 78 'specloopname' 'specloopname_ln587' <Predicate = true> <Delay = 0.00>
ST_4 : Operation 79 [1/2] (0.00ns)   --->   "%call_ln637 = call void @hscale_core_polyphase_Pipeline_loop_width, i11 %add_ln637, i16 %WidthIn_read, i24 %stream_upsampled, i9 %phasesH, i16 %FiltCoeff, i16 %FiltCoeff_1, i16 %FiltCoeff_2, i16 %FiltCoeff_3, i16 %FiltCoeff_4, i16 %FiltCoeff_5, i11 %LoopSize, i24 %stream_scaled, i8 %PixArray_val_V_23_057, i8 %PixArray_val_V_22_056, i8 %PixArray_val_V_21_055, i8 %PixArray_val_V_20_054, i8 %PixArray_val_V_19_053, i8 %PixArray_val_V_18_052, i8 %PixArray_val_V_17_051, i8 %PixArray_val_V_16_050, i8 %PixArray_val_V_15_049, i8 %PixArray_val_V_14_0, i8 %PixArray_val_V_13_0, i8 %PixArray_val_V_12_0, i8 %PixArray_val_V_11_0, i8 %PixArray_val_V_10_0, i8 %PixArray_val_V_9_0, i8 %PixArray_val_V_8_0, i8 %PixArray_val_V_7_0, i8 %PixArray_val_V_6_0, i8 %PixArray_val_V_5_0, i8 %PixArray_val_V_4_0, i8 %PixArray_val_V_3_0, i8 %PixArray_val_V_2_0, i8 %PixArray_val_V_1_0, i8 %PixArray_val_V_0" [/home/user/Documents/kria-vitis-platforms/kv260/platforms/vivado/kv260_ispMipiRx_vcu_DP/project/kv260_ispMipiRx_vcu_DP.runs/bd_eab1_hsc_0_synth_1/prj/sol/.autopilot/db/v_hscaler.cpp:637]   --->   Operation 79 'call' 'call_ln637' <Predicate = true> <Delay = 0.00> <CoreType = "Generic">   --->   Core 0 '' <Latency = 0> <II = 1> <Delay = 1.00> <Generic> <Opcode : >
ST_4 : Operation 80 [1/1] (0.00ns)   --->   "%br_ln637 = br void %loop_width" [/home/user/Documents/kria-vitis-platforms/kv260/platforms/vivado/kv260_ispMipiRx_vcu_DP/project/kv260_ispMipiRx_vcu_DP.runs/bd_eab1_hsc_0_synth_1/prj/sol/.autopilot/db/v_hscaler.cpp:637]   --->   Operation 80 'br' 'br_ln637' <Predicate = true> <Delay = 0.00>


============================================================
+ Verbose Summary: Binding
============================================================
STG Binding: 
---------------- STG Properties BEGIN ----------------
- Is combinational: 0
- Is one-state seq: 0
- Is datapath-only: 0
- Is pipelined: 0
- Is top level: 0
Port [ Return ] is wired: 1; IO mode=ap_ctrl_hs:ce=0
Port [ stream_upsampled]:  wired=1; compound=1; hidden=0; nouse=0; global=0; static=0; extern=0; dir=0; type=3; pingpong=0; private_global=0; IO mode=ap_fifo:ce=0
Port [ Height]:  wired=1; compound=0; hidden=0; nouse=0; global=0; static=0; extern=0; dir=0; type=0; pingpong=0; private_global=0; IO mode=ap_none:ce=0
Port [ WidthIn]:  wired=1; compound=0; hidden=0; nouse=0; global=0; static=0; extern=0; dir=0; type=0; pingpong=0; private_global=0; IO mode=ap_none:ce=0
Port [ WidthOut]:  wired=1; compound=0; hidden=0; nouse=0; global=0; static=0; extern=0; dir=0; type=0; pingpong=0; private_global=0; IO mode=ap_none:ce=0
Port [ hfltCoeff]:  wired=1; compound=1; hidden=0; nouse=0; global=0; static=0; extern=0; dir=0; type=1; pingpong=0; private_global=0; MemPort=[1]; IO mode=ap_memory:ce=0
Port [ phasesH]:  wired=1; compound=1; hidden=0; nouse=0; global=0; static=0; extern=0; dir=0; type=1; pingpong=0; private_global=0; MemPort=[1]; IO mode=ap_memory:ce=0
Port [ stream_scaled]:  wired=1; compound=1; hidden=0; nouse=0; global=0; static=0; extern=0; dir=1; type=3; pingpong=0; private_global=0; IO mode=ap_fifo:ce=0
Port [ Height_c19]:  wired=1; compound=1; hidden=0; nouse=0; global=0; static=0; extern=0; dir=1; type=3; pingpong=0; private_global=0; IO mode=ap_fifo:ce=0
Port [ WidthOut_c23]:  wired=1; compound=1; hidden=0; nouse=0; global=0; static=0; extern=0; dir=1; type=3; pingpong=0; private_global=0; IO mode=ap_fifo:ce=0
---------------- STG Properties END ------------------

---------------- Datapath Model BEGIN ----------------

<LifeTime>
<method=bitvector/>
y                     (alloca           ) [ 01111]
PixArray_val_V_0      (alloca           ) [ 00111]
PixArray_val_V_1_0    (alloca           ) [ 00111]
PixArray_val_V_2_0    (alloca           ) [ 00111]
PixArray_val_V_3_0    (alloca           ) [ 00111]
PixArray_val_V_4_0    (alloca           ) [ 00111]
PixArray_val_V_5_0    (alloca           ) [ 00111]
PixArray_val_V_6_0    (alloca           ) [ 00111]
PixArray_val_V_7_0    (alloca           ) [ 00111]
PixArray_val_V_8_0    (alloca           ) [ 00111]
PixArray_val_V_9_0    (alloca           ) [ 00111]
PixArray_val_V_10_0   (alloca           ) [ 00111]
PixArray_val_V_11_0   (alloca           ) [ 00111]
PixArray_val_V_12_0   (alloca           ) [ 00111]
PixArray_val_V_13_0   (alloca           ) [ 00111]
PixArray_val_V_14_0   (alloca           ) [ 00111]
PixArray_val_V_15_049 (alloca           ) [ 00111]
PixArray_val_V_16_050 (alloca           ) [ 00111]
PixArray_val_V_17_051 (alloca           ) [ 00111]
PixArray_val_V_18_052 (alloca           ) [ 00111]
PixArray_val_V_19_053 (alloca           ) [ 00111]
PixArray_val_V_20_054 (alloca           ) [ 00111]
PixArray_val_V_21_055 (alloca           ) [ 00111]
PixArray_val_V_22_056 (alloca           ) [ 00111]
PixArray_val_V_23_057 (alloca           ) [ 00111]
FiltCoeff             (alloca           ) [ 00111]
FiltCoeff_1           (alloca           ) [ 00111]
FiltCoeff_2           (alloca           ) [ 00111]
FiltCoeff_3           (alloca           ) [ 00111]
FiltCoeff_4           (alloca           ) [ 00111]
FiltCoeff_5           (alloca           ) [ 00111]
store_ln637           (store            ) [ 00000]
specinterface_ln0     (specinterface    ) [ 00000]
WidthOut_read         (read             ) [ 00000]
write_ln0             (write            ) [ 00000]
specinterface_ln0     (specinterface    ) [ 00000]
Height_read           (read             ) [ 00000]
write_ln0             (write            ) [ 00000]
specstablecontent_ln0 (specstablecontent) [ 00000]
specstablecontent_ln0 (specstablecontent) [ 00000]
specstablecontent_ln0 (specstablecontent) [ 00000]
specmemcore_ln0       (specmemcore      ) [ 00000]
specmemcore_ln0       (specmemcore      ) [ 00000]
specinterface_ln0     (specinterface    ) [ 00000]
specinterface_ln0     (specinterface    ) [ 00000]
specinterface_ln0     (specinterface    ) [ 00000]
specinterface_ln0     (specinterface    ) [ 00000]
empty                 (trunc            ) [ 00011]
WidthIn_read          (read             ) [ 00011]
icmp_ln224            (icmp             ) [ 00000]
trunc_ln600           (trunc            ) [ 00000]
trunc_ln600_1         (trunc            ) [ 00000]
TotalPixels           (select           ) [ 00000]
specmemcore_ln621     (specmemcore      ) [ 00000]
specmemcore_ln621     (specmemcore      ) [ 00000]
specmemcore_ln621     (specmemcore      ) [ 00000]
specmemcore_ln621     (specmemcore      ) [ 00000]
specmemcore_ln621     (specmemcore      ) [ 00000]
specmemcore_ln621     (specmemcore      ) [ 00000]
call_ln0              (call             ) [ 00000]
LoopSize              (add              ) [ 00011]
add_ln637             (add              ) [ 00011]
br_ln637              (br               ) [ 00000]
y_8                   (load             ) [ 00000]
icmp_ln637            (icmp             ) [ 00011]
speclooptripcount_ln0 (speclooptripcount) [ 00000]
y_9                   (add              ) [ 00000]
br_ln637              (br               ) [ 00000]
empty_79              (wait             ) [ 00000]
store_ln637           (store            ) [ 00000]
ret_ln936             (ret              ) [ 00000]
specloopname_ln587    (specloopname     ) [ 00000]
call_ln637            (call             ) [ 00000]
br_ln637              (br               ) [ 00000]
</LifeTime>

<model>

<comp_list>
<comp id="0" class="1000" name="stream_upsampled">
<pin_list>
<pin id="1" dir="1" index="0" bw="1" slack="0"/>
</pin_list>
<bind>
<StgValue><ssdm name="stream_upsampled"/></StgValue>
</bind>
</comp>

<comp id="2" class="1000" name="Height">
<pin_list>
<pin id="3" dir="1" index="0" bw="1" slack="0"/>
</pin_list>
<bind>
<StgValue><ssdm name="Height"/></StgValue>
</bind>
</comp>

<comp id="4" class="1000" name="WidthIn">
<pin_list>
<pin id="5" dir="1" index="0" bw="1" slack="0"/>
</pin_list>
<bind>
<StgValue><ssdm name="WidthIn"/></StgValue>
</bind>
</comp>

<comp id="6" class="1000" name="WidthOut">
<pin_list>
<pin id="7" dir="1" index="0" bw="1" slack="0"/>
</pin_list>
<bind>
<StgValue><ssdm name="WidthOut"/></StgValue>
</bind>
</comp>

<comp id="8" class="1000" name="hfltCoeff">
<pin_list>
<pin id="9" dir="1" index="0" bw="1" slack="0"/>
</pin_list>
<bind>
<StgValue><ssdm name="hfltCoeff"/><MemPortTyVec>1 </MemPortTyVec>
</StgValue>
</bind>
</comp>

<comp id="10" class="1000" name="phasesH">
<pin_list>
<pin id="11" dir="1" index="0" bw="1" slack="0"/>
</pin_list>
<bind>
<StgValue><ssdm name="phasesH"/><MemPortTyVec>1 </MemPortTyVec>
</StgValue>
</bind>
</comp>

<comp id="12" class="1000" name="stream_scaled">
<pin_list>
<pin id="13" dir="1" index="0" bw="1" slack="0"/>
</pin_list>
<bind>
<StgValue><ssdm name="stream_scaled"/></StgValue>
</bind>
</comp>

<comp id="14" class="1000" name="Height_c19">
<pin_list>
<pin id="15" dir="1" index="0" bw="1" slack="0"/>
</pin_list>
<bind>
<StgValue><ssdm name="Height_c19"/></StgValue>
</bind>
</comp>

<comp id="16" class="1000" name="WidthOut_c23">
<pin_list>
<pin id="17" dir="1" index="0" bw="1" slack="0"/>
</pin_list>
<bind>
<StgValue><ssdm name="WidthOut_c23"/></StgValue>
</bind>
</comp>

<comp id="18" class="1001" name="const_18">
<pin_list>
<pin id="19" dir="1" index="0" bw="1" slack="0"/>
</pin_list>
<bind>
<StgValue><ssdm name=""/></StgValue>
</bind>
</comp>

<comp id="20" class="1001" name="const_20">
<pin_list>
<pin id="21" dir="1" index="0" bw="1" slack="0"/>
</pin_list>
<bind>
<StgValue><ssdm name=""/></StgValue>
</bind>
</comp>

<comp id="22" class="1001" name="const_22">
<pin_list>
<pin id="23" dir="1" index="0" bw="1" slack="0"/>
</pin_list>
<bind>
<StgValue><ssdm name="hscale_core_polyphase_Pipeline_loop_init_coeff_phase_loop_init_coeff_tap"/></StgValue>
</bind>
</comp>

<comp id="24" class="1001" name="const_24">
<pin_list>
<pin id="25" dir="1" index="0" bw="1" slack="0"/>
</pin_list>
<bind>
<StgValue><ssdm name=""/></StgValue>
</bind>
</comp>

<comp id="26" class="1001" name="const_26">
<pin_list>
<pin id="27" dir="1" index="0" bw="1" slack="2147483647"/>
</pin_list>
<bind>
<StgValue><ssdm name="_ssdm_op_SpecInterface"/></StgValue>
</bind>
</comp>

<comp id="28" class="1001" name="const_28">
<pin_list>
<pin id="29" dir="1" index="0" bw="1" slack="2147483647"/>
</pin_list>
<bind>
<StgValue><ssdm name="ap_fifo_str"/></StgValue>
</bind>
</comp>

<comp id="30" class="1001" name="const_30">
<pin_list>
<pin id="31" dir="1" index="0" bw="1" slack="2147483647"/>
</pin_list>
<bind>
<StgValue><ssdm name=""/></StgValue>
</bind>
</comp>

<comp id="32" class="1001" name="const_32">
<pin_list>
<pin id="33" dir="1" index="0" bw="1" slack="2147483647"/>
</pin_list>
<bind>
<StgValue><ssdm name="p_str"/></StgValue>
</bind>
</comp>

<comp id="34" class="1001" name="const_34">
<pin_list>
<pin id="35" dir="1" index="0" bw="1" slack="2147483647"/>
</pin_list>
<bind>
<StgValue><ssdm name=""/></StgValue>
</bind>
</comp>

<comp id="36" class="1001" name="const_36">
<pin_list>
<pin id="37" dir="1" index="0" bw="1" slack="2147483647"/>
</pin_list>
<bind>
<StgValue><ssdm name=""/></StgValue>
</bind>
</comp>

<comp id="38" class="1001" name="const_38">
<pin_list>
<pin id="39" dir="1" index="0" bw="1" slack="2147483647"/>
</pin_list>
<bind>
<StgValue><ssdm name="ScalarProp_str"/></StgValue>
</bind>
</comp>

<comp id="40" class="1001" name="const_40">
<pin_list>
<pin id="41" dir="1" index="0" bw="1" slack="2147483647"/>
</pin_list>
<bind>
<StgValue><ssdm name=""/></StgValue>
</bind>
</comp>

<comp id="42" class="1001" name="const_42">
<pin_list>
<pin id="43" dir="1" index="0" bw="1" slack="0"/>
</pin_list>
<bind>
<StgValue><ssdm name="_ssdm_op_Read.ap_auto.i16P0A"/></StgValue>
</bind>
</comp>

<comp id="44" class="1001" name="const_44">
<pin_list>
<pin id="45" dir="1" index="0" bw="1" slack="0"/>
</pin_list>
<bind>
<StgValue><ssdm name="_ssdm_op_Write.ap_fifo.i16P0A"/></StgValue>
</bind>
</comp>

<comp id="46" class="1001" name="const_46">
<pin_list>
<pin id="47" dir="1" index="0" bw="1" slack="2147483647"/>
</pin_list>
<bind>
<StgValue><ssdm name="_ssdm_op_SpecStableContent"/></StgValue>
</bind>
</comp>

<comp id="48" class="1001" name="const_48">
<pin_list>
<pin id="49" dir="1" index="0" bw="1" slack="2147483647"/>
</pin_list>
<bind>
<StgValue><ssdm name=""/></StgValue>
</bind>
</comp>

<comp id="50" class="1001" name="const_50">
<pin_list>
<pin id="51" dir="1" index="0" bw="1" slack="2147483647"/>
</pin_list>
<bind>
<StgValue><ssdm name="_ssdm_op_SpecMemCore"/></StgValue>
</bind>
</comp>

<comp id="52" class="1001" name="const_52">
<pin_list>
<pin id="53" dir="1" index="0" bw="1" slack="2147483647"/>
</pin_list>
<bind>
<StgValue><ssdm name=""/></StgValue>
</bind>
</comp>

<comp id="54" class="1001" name="const_54">
<pin_list>
<pin id="55" dir="1" index="0" bw="1" slack="2147483647"/>
</pin_list>
<bind>
<StgValue><ssdm name=""/></StgValue>
</bind>
</comp>

<comp id="56" class="1001" name="const_56">
<pin_list>
<pin id="57" dir="1" index="0" bw="1" slack="2147483647"/>
</pin_list>
<bind>
<StgValue><ssdm name="empty_14"/></StgValue>
</bind>
</comp>

<comp id="58" class="1001" name="const_58">
<pin_list>
<pin id="59" dir="1" index="0" bw="1" slack="2147483647"/>
</pin_list>
<bind>
<StgValue><ssdm name="empty_25"/></StgValue>
</bind>
</comp>

<comp id="60" class="1001" name="const_60">
<pin_list>
<pin id="61" dir="1" index="0" bw="1" slack="2147483647"/>
</pin_list>
<bind>
<StgValue><ssdm name="empty_17"/></StgValue>
</bind>
</comp>

<comp id="62" class="1001" name="const_62">
<pin_list>
<pin id="63" dir="1" index="0" bw="1" slack="2147483647"/>
</pin_list>
<bind>
<StgValue><ssdm name=""/></StgValue>
</bind>
</comp>

<comp id="64" class="1001" name="const_64">
<pin_list>
<pin id="65" dir="1" index="0" bw="1" slack="2147483647"/>
</pin_list>
<bind>
<StgValue><ssdm name=""/></StgValue>
</bind>
</comp>

<comp id="66" class="1001" name="const_66">
<pin_list>
<pin id="67" dir="1" index="0" bw="1" slack="0"/>
</pin_list>
<bind>
<StgValue><ssdm name=""/></StgValue>
</bind>
</comp>

<comp id="68" class="1001" name="const_68">
<pin_list>
<pin id="69" dir="1" index="0" bw="1" slack="0"/>
</pin_list>
<bind>
<StgValue><ssdm name=""/></StgValue>
</bind>
</comp>

<comp id="70" class="1001" name="const_70">
<pin_list>
<pin id="71" dir="1" index="0" bw="1" slack="2147483647"/>
</pin_list>
<bind>
<StgValue><ssdm name="_ssdm_op_SpecLoopTripCount"/></StgValue>
</bind>
</comp>

<comp id="72" class="1001" name="const_72">
<pin_list>
<pin id="73" dir="1" index="0" bw="1" slack="2147483647"/>
</pin_list>
<bind>
<StgValue><ssdm name=""/></StgValue>
</bind>
</comp>

<comp id="74" class="1001" name="const_74">
<pin_list>
<pin id="75" dir="1" index="0" bw="1" slack="2147483647"/>
</pin_list>
<bind>
<StgValue><ssdm name=""/></StgValue>
</bind>
</comp>

<comp id="76" class="1001" name="const_76">
<pin_list>
<pin id="77" dir="1" index="0" bw="1" slack="2147483647"/>
</pin_list>
<bind>
<StgValue><ssdm name=""/></StgValue>
</bind>
</comp>

<comp id="78" class="1001" name="const_78">
<pin_list>
<pin id="79" dir="1" index="0" bw="1" slack="0"/>
</pin_list>
<bind>
<StgValue><ssdm name=""/></StgValue>
</bind>
</comp>

<comp id="80" class="1001" name="const_80">
<pin_list>
<pin id="81" dir="1" index="0" bw="1" slack="2147483647"/>
</pin_list>
<bind>
<StgValue><ssdm name="_ssdm_op_Wait"/></StgValue>
</bind>
</comp>

<comp id="82" class="1001" name="const_82">
<pin_list>
<pin id="83" dir="1" index="0" bw="1" slack="0"/>
</pin_list>
<bind>
<StgValue><ssdm name="hscale_core_polyphase_Pipeline_loop_width"/></StgValue>
</bind>
</comp>

<comp id="84" class="1001" name="const_84">
<pin_list>
<pin id="85" dir="1" index="0" bw="1" slack="2147483647"/>
</pin_list>
<bind>
<StgValue><ssdm name="_ssdm_op_SpecLoopName"/></StgValue>
</bind>
</comp>

<comp id="86" class="1001" name="const_86">
<pin_list>
<pin id="87" dir="1" index="0" bw="1" slack="2147483647"/>
</pin_list>
<bind>
<StgValue><ssdm name="empty_11"/></StgValue>
</bind>
</comp>

<comp id="88" class="1004" name="y_fu_88">
<pin_list>
<pin id="89" dir="0" index="0" bw="1" slack="0"/>
<pin id="90" dir="1" index="1" bw="11" slack="0"/>
</pin_list>
<bind>
<opcode="alloca(26) " fcode="alloca"/>
<opset="y/1 "/>
</bind>
</comp>

<comp id="92" class="1004" name="PixArray_val_V_0_fu_92">
<pin_list>
<pin id="93" dir="0" index="0" bw="1" slack="0"/>
<pin id="94" dir="1" index="1" bw="8" slack="2"/>
</pin_list>
<bind>
<opcode="alloca(26) " fcode="alloca"/>
<opset="PixArray_val_V_0/1 "/>
</bind>
</comp>

<comp id="96" class="1004" name="PixArray_val_V_1_0_fu_96">
<pin_list>
<pin id="97" dir="0" index="0" bw="1" slack="0"/>
<pin id="98" dir="1" index="1" bw="8" slack="2"/>
</pin_list>
<bind>
<opcode="alloca(26) " fcode="alloca"/>
<opset="PixArray_val_V_1_0/1 "/>
</bind>
</comp>

<comp id="100" class="1004" name="PixArray_val_V_2_0_fu_100">
<pin_list>
<pin id="101" dir="0" index="0" bw="1" slack="0"/>
<pin id="102" dir="1" index="1" bw="8" slack="2"/>
</pin_list>
<bind>
<opcode="alloca(26) " fcode="alloca"/>
<opset="PixArray_val_V_2_0/1 "/>
</bind>
</comp>

<comp id="104" class="1004" name="PixArray_val_V_3_0_fu_104">
<pin_list>
<pin id="105" dir="0" index="0" bw="1" slack="0"/>
<pin id="106" dir="1" index="1" bw="8" slack="2"/>
</pin_list>
<bind>
<opcode="alloca(26) " fcode="alloca"/>
<opset="PixArray_val_V_3_0/1 "/>
</bind>
</comp>

<comp id="108" class="1004" name="PixArray_val_V_4_0_fu_108">
<pin_list>
<pin id="109" dir="0" index="0" bw="1" slack="0"/>
<pin id="110" dir="1" index="1" bw="8" slack="2"/>
</pin_list>
<bind>
<opcode="alloca(26) " fcode="alloca"/>
<opset="PixArray_val_V_4_0/1 "/>
</bind>
</comp>

<comp id="112" class="1004" name="PixArray_val_V_5_0_fu_112">
<pin_list>
<pin id="113" dir="0" index="0" bw="1" slack="0"/>
<pin id="114" dir="1" index="1" bw="8" slack="2"/>
</pin_list>
<bind>
<opcode="alloca(26) " fcode="alloca"/>
<opset="PixArray_val_V_5_0/1 "/>
</bind>
</comp>

<comp id="116" class="1004" name="PixArray_val_V_6_0_fu_116">
<pin_list>
<pin id="117" dir="0" index="0" bw="1" slack="0"/>
<pin id="118" dir="1" index="1" bw="8" slack="2"/>
</pin_list>
<bind>
<opcode="alloca(26) " fcode="alloca"/>
<opset="PixArray_val_V_6_0/1 "/>
</bind>
</comp>

<comp id="120" class="1004" name="PixArray_val_V_7_0_fu_120">
<pin_list>
<pin id="121" dir="0" index="0" bw="1" slack="0"/>
<pin id="122" dir="1" index="1" bw="8" slack="2"/>
</pin_list>
<bind>
<opcode="alloca(26) " fcode="alloca"/>
<opset="PixArray_val_V_7_0/1 "/>
</bind>
</comp>

<comp id="124" class="1004" name="PixArray_val_V_8_0_fu_124">
<pin_list>
<pin id="125" dir="0" index="0" bw="1" slack="0"/>
<pin id="126" dir="1" index="1" bw="8" slack="2"/>
</pin_list>
<bind>
<opcode="alloca(26) " fcode="alloca"/>
<opset="PixArray_val_V_8_0/1 "/>
</bind>
</comp>

<comp id="128" class="1004" name="PixArray_val_V_9_0_fu_128">
<pin_list>
<pin id="129" dir="0" index="0" bw="1" slack="0"/>
<pin id="130" dir="1" index="1" bw="8" slack="2"/>
</pin_list>
<bind>
<opcode="alloca(26) " fcode="alloca"/>
<opset="PixArray_val_V_9_0/1 "/>
</bind>
</comp>

<comp id="132" class="1004" name="PixArray_val_V_10_0_fu_132">
<pin_list>
<pin id="133" dir="0" index="0" bw="1" slack="0"/>
<pin id="134" dir="1" index="1" bw="8" slack="2"/>
</pin_list>
<bind>
<opcode="alloca(26) " fcode="alloca"/>
<opset="PixArray_val_V_10_0/1 "/>
</bind>
</comp>

<comp id="136" class="1004" name="PixArray_val_V_11_0_fu_136">
<pin_list>
<pin id="137" dir="0" index="0" bw="1" slack="0"/>
<pin id="138" dir="1" index="1" bw="8" slack="2"/>
</pin_list>
<bind>
<opcode="alloca(26) " fcode="alloca"/>
<opset="PixArray_val_V_11_0/1 "/>
</bind>
</comp>

<comp id="140" class="1004" name="PixArray_val_V_12_0_fu_140">
<pin_list>
<pin id="141" dir="0" index="0" bw="1" slack="0"/>
<pin id="142" dir="1" index="1" bw="8" slack="2"/>
</pin_list>
<bind>
<opcode="alloca(26) " fcode="alloca"/>
<opset="PixArray_val_V_12_0/1 "/>
</bind>
</comp>

<comp id="144" class="1004" name="PixArray_val_V_13_0_fu_144">
<pin_list>
<pin id="145" dir="0" index="0" bw="1" slack="0"/>
<pin id="146" dir="1" index="1" bw="8" slack="2"/>
</pin_list>
<bind>
<opcode="alloca(26) " fcode="alloca"/>
<opset="PixArray_val_V_13_0/1 "/>
</bind>
</comp>

<comp id="148" class="1004" name="PixArray_val_V_14_0_fu_148">
<pin_list>
<pin id="149" dir="0" index="0" bw="1" slack="0"/>
<pin id="150" dir="1" index="1" bw="8" slack="2"/>
</pin_list>
<bind>
<opcode="alloca(26) " fcode="alloca"/>
<opset="PixArray_val_V_14_0/1 "/>
</bind>
</comp>

<comp id="152" class="1004" name="PixArray_val_V_15_049_fu_152">
<pin_list>
<pin id="153" dir="0" index="0" bw="1" slack="0"/>
<pin id="154" dir="1" index="1" bw="8" slack="2"/>
</pin_list>
<bind>
<opcode="alloca(26) " fcode="alloca"/>
<opset="PixArray_val_V_15_049/1 "/>
</bind>
</comp>

<comp id="156" class="1004" name="PixArray_val_V_16_050_fu_156">
<pin_list>
<pin id="157" dir="0" index="0" bw="1" slack="0"/>
<pin id="158" dir="1" index="1" bw="8" slack="2"/>
</pin_list>
<bind>
<opcode="alloca(26) " fcode="alloca"/>
<opset="PixArray_val_V_16_050/1 "/>
</bind>
</comp>

<comp id="160" class="1004" name="PixArray_val_V_17_051_fu_160">
<pin_list>
<pin id="161" dir="0" index="0" bw="1" slack="0"/>
<pin id="162" dir="1" index="1" bw="8" slack="2"/>
</pin_list>
<bind>
<opcode="alloca(26) " fcode="alloca"/>
<opset="PixArray_val_V_17_051/1 "/>
</bind>
</comp>

<comp id="164" class="1004" name="PixArray_val_V_18_052_fu_164">
<pin_list>
<pin id="165" dir="0" index="0" bw="1" slack="0"/>
<pin id="166" dir="1" index="1" bw="8" slack="2"/>
</pin_list>
<bind>
<opcode="alloca(26) " fcode="alloca"/>
<opset="PixArray_val_V_18_052/1 "/>
</bind>
</comp>

<comp id="168" class="1004" name="PixArray_val_V_19_053_fu_168">
<pin_list>
<pin id="169" dir="0" index="0" bw="1" slack="0"/>
<pin id="170" dir="1" index="1" bw="8" slack="2"/>
</pin_list>
<bind>
<opcode="alloca(26) " fcode="alloca"/>
<opset="PixArray_val_V_19_053/1 "/>
</bind>
</comp>

<comp id="172" class="1004" name="PixArray_val_V_20_054_fu_172">
<pin_list>
<pin id="173" dir="0" index="0" bw="1" slack="0"/>
<pin id="174" dir="1" index="1" bw="8" slack="2"/>
</pin_list>
<bind>
<opcode="alloca(26) " fcode="alloca"/>
<opset="PixArray_val_V_20_054/1 "/>
</bind>
</comp>

<comp id="176" class="1004" name="PixArray_val_V_21_055_fu_176">
<pin_list>
<pin id="177" dir="0" index="0" bw="1" slack="0"/>
<pin id="178" dir="1" index="1" bw="8" slack="2"/>
</pin_list>
<bind>
<opcode="alloca(26) " fcode="alloca"/>
<opset="PixArray_val_V_21_055/1 "/>
</bind>
</comp>

<comp id="180" class="1004" name="PixArray_val_V_22_056_fu_180">
<pin_list>
<pin id="181" dir="0" index="0" bw="1" slack="0"/>
<pin id="182" dir="1" index="1" bw="8" slack="2"/>
</pin_list>
<bind>
<opcode="alloca(26) " fcode="alloca"/>
<opset="PixArray_val_V_22_056/1 "/>
</bind>
</comp>

<comp id="184" class="1004" name="PixArray_val_V_23_057_fu_184">
<pin_list>
<pin id="185" dir="0" index="0" bw="1" slack="0"/>
<pin id="186" dir="1" index="1" bw="8" slack="2"/>
</pin_list>
<bind>
<opcode="alloca(26) " fcode="alloca"/>
<opset="PixArray_val_V_23_057/1 "/>
</bind>
</comp>

<comp id="188" class="1004" name="FiltCoeff_alloca_fu_188">
<pin_list>
<pin id="189" dir="0" index="0" bw="1" slack="0"/>
<pin id="190" dir="1" index="1" bw="16" slack="0"/>
</pin_list>
<bind>
<opcode="alloca(26) " fcode="alloca"/>
<opset="FiltCoeff/1 "/>
</bind>
</comp>

<comp id="192" class="1004" name="FiltCoeff_1_alloca_fu_192">
<pin_list>
<pin id="193" dir="0" index="0" bw="1" slack="0"/>
<pin id="194" dir="1" index="1" bw="16" slack="0"/>
</pin_list>
<bind>
<opcode="alloca(26) " fcode="alloca"/>
<opset="FiltCoeff_1/1 "/>
</bind>
</comp>

<comp id="196" class="1004" name="FiltCoeff_2_alloca_fu_196">
<pin_list>
<pin id="197" dir="0" index="0" bw="1" slack="0"/>
<pin id="198" dir="1" index="1" bw="16" slack="0"/>
</pin_list>
<bind>
<opcode="alloca(26) " fcode="alloca"/>
<opset="FiltCoeff_2/1 "/>
</bind>
</comp>

<comp id="200" class="1004" name="FiltCoeff_3_alloca_fu_200">
<pin_list>
<pin id="201" dir="0" index="0" bw="1" slack="0"/>
<pin id="202" dir="1" index="1" bw="16" slack="0"/>
</pin_list>
<bind>
<opcode="alloca(26) " fcode="alloca"/>
<opset="FiltCoeff_3/1 "/>
</bind>
</comp>

<comp id="204" class="1004" name="FiltCoeff_4_alloca_fu_204">
<pin_list>
<pin id="205" dir="0" index="0" bw="1" slack="0"/>
<pin id="206" dir="1" index="1" bw="16" slack="0"/>
</pin_list>
<bind>
<opcode="alloca(26) " fcode="alloca"/>
<opset="FiltCoeff_4/1 "/>
</bind>
</comp>

<comp id="208" class="1004" name="FiltCoeff_5_alloca_fu_208">
<pin_list>
<pin id="209" dir="0" index="0" bw="1" slack="0"/>
<pin id="210" dir="1" index="1" bw="16" slack="0"/>
</pin_list>
<bind>
<opcode="alloca(26) " fcode="alloca"/>
<opset="FiltCoeff_5/1 "/>
</bind>
</comp>

<comp id="212" class="1004" name="WidthOut_read_read_fu_212">
<pin_list>
<pin id="213" dir="0" index="0" bw="16" slack="0"/>
<pin id="214" dir="0" index="1" bw="16" slack="0"/>
<pin id="215" dir="1" index="2" bw="16" slack="0"/>
</pin_list>
<bind>
<opcode="read(1150) " fcode="read"/>
<opset="WidthOut_read/2 "/>
</bind>
</comp>

<comp id="218" class="1004" name="write_ln0_write_fu_218">
<pin_list>
<pin id="219" dir="0" index="0" bw="0" slack="0"/>
<pin id="220" dir="0" index="1" bw="16" slack="0"/>
<pin id="221" dir="0" index="2" bw="16" slack="0"/>
<pin id="222" dir="1" index="3" bw="0" slack="2147483647"/>
</pin_list>
<bind>
<opcode="write(1151) " fcode="write"/>
<opset="write_ln0/2 "/>
</bind>
</comp>

<comp id="226" class="1004" name="Height_read_read_fu_226">
<pin_list>
<pin id="227" dir="0" index="0" bw="16" slack="0"/>
<pin id="228" dir="0" index="1" bw="16" slack="0"/>
<pin id="229" dir="1" index="2" bw="16" slack="0"/>
</pin_list>
<bind>
<opcode="read(1150) " fcode="read"/>
<opset="Height_read/2 "/>
</bind>
</comp>

<comp id="232" class="1004" name="write_ln0_write_fu_232">
<pin_list>
<pin id="233" dir="0" index="0" bw="0" slack="0"/>
<pin id="234" dir="0" index="1" bw="16" slack="0"/>
<pin id="235" dir="0" index="2" bw="16" slack="0"/>
<pin id="236" dir="1" index="3" bw="0" slack="2147483647"/>
</pin_list>
<bind>
<opcode="write(1151) " fcode="write"/>
<opset="write_ln0/2 "/>
</bind>
</comp>

<comp id="240" class="1004" name="WidthIn_read_read_fu_240">
<pin_list>
<pin id="241" dir="0" index="0" bw="16" slack="0"/>
<pin id="242" dir="0" index="1" bw="16" slack="0"/>
<pin id="243" dir="1" index="2" bw="16" slack="0"/>
</pin_list>
<bind>
<opcode="read(1150) " fcode="read"/>
<opset="WidthIn_read/2 "/>
</bind>
</comp>

<comp id="246" class="1004" name="grp_hscale_core_polyphase_Pipeline_loop_init_coeff_phase_loop_init_coeff_tap_fu_246">
<pin_list>
<pin id="247" dir="0" index="0" bw="0" slack="0"/>
<pin id="248" dir="0" index="1" bw="16" slack="0"/>
<pin id="249" dir="0" index="2" bw="16" slack="0"/>
<pin id="250" dir="0" index="3" bw="16" slack="0"/>
<pin id="251" dir="0" index="4" bw="16" slack="0"/>
<pin id="252" dir="0" index="5" bw="16" slack="0"/>
<pin id="253" dir="0" index="6" bw="16" slack="0"/>
<pin id="254" dir="0" index="7" bw="16" slack="0"/>
<pin id="255" dir="1" index="8" bw="0" slack="2147483647"/>
</pin_list>
<bind>
<opcode="call(48) " fcode="call"/>
<opset="call_ln0/1 "/>
</bind>
</comp>

<comp id="264" class="1004" name="grp_hscale_core_polyphase_Pipeline_loop_width_fu_264">
<pin_list>
<pin id="265" dir="0" index="0" bw="0" slack="0"/>
<pin id="266" dir="0" index="1" bw="11" slack="1"/>
<pin id="267" dir="0" index="2" bw="16" slack="1"/>
<pin id="268" dir="0" index="3" bw="24" slack="0"/>
<pin id="269" dir="0" index="4" bw="9" slack="0"/>
<pin id="270" dir="0" index="5" bw="16" slack="2147483647"/>
<pin id="271" dir="0" index="6" bw="16" slack="2147483647"/>
<pin id="272" dir="0" index="7" bw="16" slack="2147483647"/>
<pin id="273" dir="0" index="8" bw="16" slack="2147483647"/>
<pin id="274" dir="0" index="9" bw="16" slack="2147483647"/>
<pin id="275" dir="0" index="10" bw="16" slack="2147483647"/>
<pin id="276" dir="0" index="11" bw="11" slack="1"/>
<pin id="277" dir="0" index="12" bw="24" slack="0"/>
<pin id="278" dir="0" index="13" bw="8" slack="2"/>
<pin id="279" dir="0" index="14" bw="8" slack="2"/>
<pin id="280" dir="0" index="15" bw="8" slack="2"/>
<pin id="281" dir="0" index="16" bw="8" slack="2"/>
<pin id="282" dir="0" index="17" bw="8" slack="2"/>
<pin id="283" dir="0" index="18" bw="8" slack="2"/>
<pin id="284" dir="0" index="19" bw="8" slack="2"/>
<pin id="285" dir="0" index="20" bw="8" slack="2"/>
<pin id="286" dir="0" index="21" bw="8" slack="2"/>
<pin id="287" dir="0" index="22" bw="8" slack="2"/>
<pin id="288" dir="0" index="23" bw="8" slack="2"/>
<pin id="289" dir="0" index="24" bw="8" slack="2"/>
<pin id="290" dir="0" index="25" bw="8" slack="2"/>
<pin id="291" dir="0" index="26" bw="8" slack="2"/>
<pin id="292" dir="0" index="27" bw="8" slack="2"/>
<pin id="293" dir="0" index="28" bw="8" slack="2"/>
<pin id="294" dir="0" index="29" bw="8" slack="2"/>
<pin id="295" dir="0" index="30" bw="8" slack="2"/>
<pin id="296" dir="0" index="31" bw="8" slack="2"/>
<pin id="297" dir="0" index="32" bw="8" slack="2"/>
<pin id="298" dir="0" index="33" bw="8" slack="2"/>
<pin id="299" dir="0" index="34" bw="8" slack="2"/>
<pin id="300" dir="0" index="35" bw="8" slack="2"/>
<pin id="301" dir="0" index="36" bw="8" slack="2"/>
<pin id="302" dir="1" index="37" bw="0" slack="2147483647"/>
</pin_list>
<bind>
<opcode="call(48) " fcode="call"/>
<opset="call_ln637/3 "/>
</bind>
</comp>

<comp id="307" class="1004" name="store_ln637_store_fu_307">
<pin_list>
<pin id="308" dir="0" index="0" bw="1" slack="0"/>
<pin id="309" dir="0" index="1" bw="11" slack="0"/>
<pin id="310" dir="1" index="2" bw="0" slack="2147483647"/>
</pin_list>
<bind>
<opcode="store(28) " fcode="store"/>
<opset="store_ln637/1 "/>
</bind>
</comp>

<comp id="312" class="1004" name="empty_fu_312">
<pin_list>
<pin id="313" dir="0" index="0" bw="16" slack="0"/>
<pin id="314" dir="1" index="1" bw="11" slack="1"/>
</pin_list>
<bind>
<opcode="trunc(33) " fcode="trunc"/>
<opset="empty/2 "/>
</bind>
</comp>

<comp id="316" class="1004" name="icmp_ln224_fu_316">
<pin_list>
<pin id="317" dir="0" index="0" bw="16" slack="0"/>
<pin id="318" dir="0" index="1" bw="16" slack="0"/>
<pin id="319" dir="1" index="2" bw="1" slack="0"/>
</pin_list>
<bind>
<opcode="icmp(45) " fcode="icmp"/>
<opset="icmp_ln224/2 "/>
</bind>
</comp>

<comp id="322" class="1004" name="trunc_ln600_fu_322">
<pin_list>
<pin id="323" dir="0" index="0" bw="16" slack="0"/>
<pin id="324" dir="1" index="1" bw="11" slack="0"/>
</pin_list>
<bind>
<opcode="trunc(33) " fcode="trunc"/>
<opset="trunc_ln600/2 "/>
</bind>
</comp>

<comp id="326" class="1004" name="trunc_ln600_1_fu_326">
<pin_list>
<pin id="327" dir="0" index="0" bw="16" slack="0"/>
<pin id="328" dir="1" index="1" bw="11" slack="0"/>
</pin_list>
<bind>
<opcode="trunc(33) " fcode="trunc"/>
<opset="trunc_ln600_1/2 "/>
</bind>
</comp>

<comp id="330" class="1004" name="TotalPixels_fu_330">
<pin_list>
<pin id="331" dir="0" index="0" bw="1" slack="0"/>
<pin id="332" dir="0" index="1" bw="11" slack="0"/>
<pin id="333" dir="0" index="2" bw="11" slack="0"/>
<pin id="334" dir="1" index="3" bw="11" slack="0"/>
</pin_list>
<bind>
<opcode="select(49) " fcode="select"/>
<opset="TotalPixels/2 "/>
</bind>
</comp>

<comp id="338" class="1004" name="LoopSize_fu_338">
<pin_list>
<pin id="339" dir="0" index="0" bw="11" slack="0"/>
<pin id="340" dir="0" index="1" bw="4" slack="0"/>
<pin id="341" dir="1" index="2" bw="11" slack="1"/>
</pin_list>
<bind>
<opcode="add(8) " fcode="add"/>
<opset="LoopSize/2 "/>
</bind>
</comp>

<comp id="344" class="1004" name="add_ln637_fu_344">
<pin_list>
<pin id="345" dir="0" index="0" bw="11" slack="0"/>
<pin id="346" dir="0" index="1" bw="4" slack="0"/>
<pin id="347" dir="1" index="2" bw="11" slack="1"/>
</pin_list>
<bind>
<opcode="add(8) " fcode="add"/>
<opset="add_ln637/2 "/>
</bind>
</comp>

<comp id="350" class="1004" name="y_8_load_fu_350">
<pin_list>
<pin id="351" dir="0" index="0" bw="11" slack="2"/>
<pin id="352" dir="1" index="1" bw="11" slack="0"/>
</pin_list>
<bind>
<opcode="load(27) " fcode="load"/>
<opset="y_8/3 "/>
</bind>
</comp>

<comp id="353" class="1004" name="icmp_ln637_fu_353">
<pin_list>
<pin id="354" dir="0" index="0" bw="11" slack="0"/>
<pin id="355" dir="0" index="1" bw="11" slack="1"/>
<pin id="356" dir="1" index="2" bw="1" slack="2147483647"/>
</pin_list>
<bind>
<opcode="icmp(45) " fcode="icmp"/>
<opset="icmp_ln637/3 "/>
</bind>
</comp>

<comp id="358" class="1004" name="y_9_fu_358">
<pin_list>
<pin id="359" dir="0" index="0" bw="11" slack="0"/>
<pin id="360" dir="0" index="1" bw="1" slack="0"/>
<pin id="361" dir="1" index="2" bw="11" slack="0"/>
</pin_list>
<bind>
<opcode="add(8) " fcode="add"/>
<opset="y_9/3 "/>
</bind>
</comp>

<comp id="364" class="1004" name="store_ln637_store_fu_364">
<pin_list>
<pin id="365" dir="0" index="0" bw="11" slack="0"/>
<pin id="366" dir="0" index="1" bw="11" slack="2"/>
<pin id="367" dir="1" index="2" bw="0" slack="2147483647"/>
</pin_list>
<bind>
<opcode="store(28) " fcode="store"/>
<opset="store_ln637/3 "/>
</bind>
</comp>

<comp id="369" class="1005" name="y_reg_369">
<pin_list>
<pin id="370" dir="0" index="0" bw="11" slack="0"/>
<pin id="371" dir="1" index="1" bw="11" slack="0"/>
</pin_list>
<bind>
<opset="y "/>
</bind>
</comp>

<comp id="376" class="1005" name="PixArray_val_V_0_reg_376">
<pin_list>
<pin id="377" dir="0" index="0" bw="8" slack="2"/>
<pin id="378" dir="1" index="1" bw="8" slack="2"/>
</pin_list>
<bind>
<opset="PixArray_val_V_0 "/>
</bind>
</comp>

<comp id="381" class="1005" name="PixArray_val_V_1_0_reg_381">
<pin_list>
<pin id="382" dir="0" index="0" bw="8" slack="2"/>
<pin id="383" dir="1" index="1" bw="8" slack="2"/>
</pin_list>
<bind>
<opset="PixArray_val_V_1_0 "/>
</bind>
</comp>

<comp id="386" class="1005" name="PixArray_val_V_2_0_reg_386">
<pin_list>
<pin id="387" dir="0" index="0" bw="8" slack="2"/>
<pin id="388" dir="1" index="1" bw="8" slack="2"/>
</pin_list>
<bind>
<opset="PixArray_val_V_2_0 "/>
</bind>
</comp>

<comp id="391" class="1005" name="PixArray_val_V_3_0_reg_391">
<pin_list>
<pin id="392" dir="0" index="0" bw="8" slack="2"/>
<pin id="393" dir="1" index="1" bw="8" slack="2"/>
</pin_list>
<bind>
<opset="PixArray_val_V_3_0 "/>
</bind>
</comp>

<comp id="396" class="1005" name="PixArray_val_V_4_0_reg_396">
<pin_list>
<pin id="397" dir="0" index="0" bw="8" slack="2"/>
<pin id="398" dir="1" index="1" bw="8" slack="2"/>
</pin_list>
<bind>
<opset="PixArray_val_V_4_0 "/>
</bind>
</comp>

<comp id="401" class="1005" name="PixArray_val_V_5_0_reg_401">
<pin_list>
<pin id="402" dir="0" index="0" bw="8" slack="2"/>
<pin id="403" dir="1" index="1" bw="8" slack="2"/>
</pin_list>
<bind>
<opset="PixArray_val_V_5_0 "/>
</bind>
</comp>

<comp id="406" class="1005" name="PixArray_val_V_6_0_reg_406">
<pin_list>
<pin id="407" dir="0" index="0" bw="8" slack="2"/>
<pin id="408" dir="1" index="1" bw="8" slack="2"/>
</pin_list>
<bind>
<opset="PixArray_val_V_6_0 "/>
</bind>
</comp>

<comp id="411" class="1005" name="PixArray_val_V_7_0_reg_411">
<pin_list>
<pin id="412" dir="0" index="0" bw="8" slack="2"/>
<pin id="413" dir="1" index="1" bw="8" slack="2"/>
</pin_list>
<bind>
<opset="PixArray_val_V_7_0 "/>
</bind>
</comp>

<comp id="416" class="1005" name="PixArray_val_V_8_0_reg_416">
<pin_list>
<pin id="417" dir="0" index="0" bw="8" slack="2"/>
<pin id="418" dir="1" index="1" bw="8" slack="2"/>
</pin_list>
<bind>
<opset="PixArray_val_V_8_0 "/>
</bind>
</comp>

<comp id="421" class="1005" name="PixArray_val_V_9_0_reg_421">
<pin_list>
<pin id="422" dir="0" index="0" bw="8" slack="2"/>
<pin id="423" dir="1" index="1" bw="8" slack="2"/>
</pin_list>
<bind>
<opset="PixArray_val_V_9_0 "/>
</bind>
</comp>

<comp id="426" class="1005" name="PixArray_val_V_10_0_reg_426">
<pin_list>
<pin id="427" dir="0" index="0" bw="8" slack="2"/>
<pin id="428" dir="1" index="1" bw="8" slack="2"/>
</pin_list>
<bind>
<opset="PixArray_val_V_10_0 "/>
</bind>
</comp>

<comp id="431" class="1005" name="PixArray_val_V_11_0_reg_431">
<pin_list>
<pin id="432" dir="0" index="0" bw="8" slack="2"/>
<pin id="433" dir="1" index="1" bw="8" slack="2"/>
</pin_list>
<bind>
<opset="PixArray_val_V_11_0 "/>
</bind>
</comp>

<comp id="436" class="1005" name="PixArray_val_V_12_0_reg_436">
<pin_list>
<pin id="437" dir="0" index="0" bw="8" slack="2"/>
<pin id="438" dir="1" index="1" bw="8" slack="2"/>
</pin_list>
<bind>
<opset="PixArray_val_V_12_0 "/>
</bind>
</comp>

<comp id="441" class="1005" name="PixArray_val_V_13_0_reg_441">
<pin_list>
<pin id="442" dir="0" index="0" bw="8" slack="2"/>
<pin id="443" dir="1" index="1" bw="8" slack="2"/>
</pin_list>
<bind>
<opset="PixArray_val_V_13_0 "/>
</bind>
</comp>

<comp id="446" class="1005" name="PixArray_val_V_14_0_reg_446">
<pin_list>
<pin id="447" dir="0" index="0" bw="8" slack="2"/>
<pin id="448" dir="1" index="1" bw="8" slack="2"/>
</pin_list>
<bind>
<opset="PixArray_val_V_14_0 "/>
</bind>
</comp>

<comp id="451" class="1005" name="PixArray_val_V_15_049_reg_451">
<pin_list>
<pin id="452" dir="0" index="0" bw="8" slack="2"/>
<pin id="453" dir="1" index="1" bw="8" slack="2"/>
</pin_list>
<bind>
<opset="PixArray_val_V_15_049 "/>
</bind>
</comp>

<comp id="456" class="1005" name="PixArray_val_V_16_050_reg_456">
<pin_list>
<pin id="457" dir="0" index="0" bw="8" slack="2"/>
<pin id="458" dir="1" index="1" bw="8" slack="2"/>
</pin_list>
<bind>
<opset="PixArray_val_V_16_050 "/>
</bind>
</comp>

<comp id="461" class="1005" name="PixArray_val_V_17_051_reg_461">
<pin_list>
<pin id="462" dir="0" index="0" bw="8" slack="2"/>
<pin id="463" dir="1" index="1" bw="8" slack="2"/>
</pin_list>
<bind>
<opset="PixArray_val_V_17_051 "/>
</bind>
</comp>

<comp id="466" class="1005" name="PixArray_val_V_18_052_reg_466">
<pin_list>
<pin id="467" dir="0" index="0" bw="8" slack="2"/>
<pin id="468" dir="1" index="1" bw="8" slack="2"/>
</pin_list>
<bind>
<opset="PixArray_val_V_18_052 "/>
</bind>
</comp>

<comp id="471" class="1005" name="PixArray_val_V_19_053_reg_471">
<pin_list>
<pin id="472" dir="0" index="0" bw="8" slack="2"/>
<pin id="473" dir="1" index="1" bw="8" slack="2"/>
</pin_list>
<bind>
<opset="PixArray_val_V_19_053 "/>
</bind>
</comp>

<comp id="476" class="1005" name="PixArray_val_V_20_054_reg_476">
<pin_list>
<pin id="477" dir="0" index="0" bw="8" slack="2"/>
<pin id="478" dir="1" index="1" bw="8" slack="2"/>
</pin_list>
<bind>
<opset="PixArray_val_V_20_054 "/>
</bind>
</comp>

<comp id="481" class="1005" name="PixArray_val_V_21_055_reg_481">
<pin_list>
<pin id="482" dir="0" index="0" bw="8" slack="2"/>
<pin id="483" dir="1" index="1" bw="8" slack="2"/>
</pin_list>
<bind>
<opset="PixArray_val_V_21_055 "/>
</bind>
</comp>

<comp id="486" class="1005" name="PixArray_val_V_22_056_reg_486">
<pin_list>
<pin id="487" dir="0" index="0" bw="8" slack="2"/>
<pin id="488" dir="1" index="1" bw="8" slack="2"/>
</pin_list>
<bind>
<opset="PixArray_val_V_22_056 "/>
</bind>
</comp>

<comp id="491" class="1005" name="PixArray_val_V_23_057_reg_491">
<pin_list>
<pin id="492" dir="0" index="0" bw="8" slack="2"/>
<pin id="493" dir="1" index="1" bw="8" slack="2"/>
</pin_list>
<bind>
<opset="PixArray_val_V_23_057 "/>
</bind>
</comp>

<comp id="496" class="1005" name="empty_reg_496">
<pin_list>
<pin id="497" dir="0" index="0" bw="11" slack="1"/>
<pin id="498" dir="1" index="1" bw="11" slack="1"/>
</pin_list>
<bind>
<opset="empty "/>
</bind>
</comp>

<comp id="501" class="1005" name="WidthIn_read_reg_501">
<pin_list>
<pin id="502" dir="0" index="0" bw="16" slack="1"/>
<pin id="503" dir="1" index="1" bw="16" slack="1"/>
</pin_list>
<bind>
<opset="WidthIn_read "/>
</bind>
</comp>

<comp id="506" class="1005" name="LoopSize_reg_506">
<pin_list>
<pin id="507" dir="0" index="0" bw="11" slack="1"/>
<pin id="508" dir="1" index="1" bw="11" slack="1"/>
</pin_list>
<bind>
<opset="LoopSize "/>
</bind>
</comp>

<comp id="511" class="1005" name="add_ln637_reg_511">
<pin_list>
<pin id="512" dir="0" index="0" bw="11" slack="1"/>
<pin id="513" dir="1" index="1" bw="11" slack="1"/>
</pin_list>
<bind>
<opset="add_ln637 "/>
</bind>
</comp>

</comp_list>

<net_list>
<net id="91"><net_src comp="18" pin="0"/><net_sink comp="88" pin=0"/></net>

<net id="95"><net_src comp="18" pin="0"/><net_sink comp="92" pin=0"/></net>

<net id="99"><net_src comp="18" pin="0"/><net_sink comp="96" pin=0"/></net>

<net id="103"><net_src comp="18" pin="0"/><net_sink comp="100" pin=0"/></net>

<net id="107"><net_src comp="18" pin="0"/><net_sink comp="104" pin=0"/></net>

<net id="111"><net_src comp="18" pin="0"/><net_sink comp="108" pin=0"/></net>

<net id="115"><net_src comp="18" pin="0"/><net_sink comp="112" pin=0"/></net>

<net id="119"><net_src comp="18" pin="0"/><net_sink comp="116" pin=0"/></net>

<net id="123"><net_src comp="18" pin="0"/><net_sink comp="120" pin=0"/></net>

<net id="127"><net_src comp="18" pin="0"/><net_sink comp="124" pin=0"/></net>

<net id="131"><net_src comp="18" pin="0"/><net_sink comp="128" pin=0"/></net>

<net id="135"><net_src comp="18" pin="0"/><net_sink comp="132" pin=0"/></net>

<net id="139"><net_src comp="18" pin="0"/><net_sink comp="136" pin=0"/></net>

<net id="143"><net_src comp="18" pin="0"/><net_sink comp="140" pin=0"/></net>

<net id="147"><net_src comp="18" pin="0"/><net_sink comp="144" pin=0"/></net>

<net id="151"><net_src comp="18" pin="0"/><net_sink comp="148" pin=0"/></net>

<net id="155"><net_src comp="18" pin="0"/><net_sink comp="152" pin=0"/></net>

<net id="159"><net_src comp="18" pin="0"/><net_sink comp="156" pin=0"/></net>

<net id="163"><net_src comp="18" pin="0"/><net_sink comp="160" pin=0"/></net>

<net id="167"><net_src comp="18" pin="0"/><net_sink comp="164" pin=0"/></net>

<net id="171"><net_src comp="18" pin="0"/><net_sink comp="168" pin=0"/></net>

<net id="175"><net_src comp="18" pin="0"/><net_sink comp="172" pin=0"/></net>

<net id="179"><net_src comp="18" pin="0"/><net_sink comp="176" pin=0"/></net>

<net id="183"><net_src comp="18" pin="0"/><net_sink comp="180" pin=0"/></net>

<net id="187"><net_src comp="18" pin="0"/><net_sink comp="184" pin=0"/></net>

<net id="191"><net_src comp="20" pin="0"/><net_sink comp="188" pin=0"/></net>

<net id="195"><net_src comp="20" pin="0"/><net_sink comp="192" pin=0"/></net>

<net id="199"><net_src comp="20" pin="0"/><net_sink comp="196" pin=0"/></net>

<net id="203"><net_src comp="20" pin="0"/><net_sink comp="200" pin=0"/></net>

<net id="207"><net_src comp="20" pin="0"/><net_sink comp="204" pin=0"/></net>

<net id="211"><net_src comp="20" pin="0"/><net_sink comp="208" pin=0"/></net>

<net id="216"><net_src comp="42" pin="0"/><net_sink comp="212" pin=0"/></net>

<net id="217"><net_src comp="6" pin="0"/><net_sink comp="212" pin=1"/></net>

<net id="223"><net_src comp="44" pin="0"/><net_sink comp="218" pin=0"/></net>

<net id="224"><net_src comp="16" pin="0"/><net_sink comp="218" pin=1"/></net>

<net id="225"><net_src comp="212" pin="2"/><net_sink comp="218" pin=2"/></net>

<net id="230"><net_src comp="42" pin="0"/><net_sink comp="226" pin=0"/></net>

<net id="231"><net_src comp="2" pin="0"/><net_sink comp="226" pin=1"/></net>

<net id="237"><net_src comp="44" pin="0"/><net_sink comp="232" pin=0"/></net>

<net id="238"><net_src comp="14" pin="0"/><net_sink comp="232" pin=1"/></net>

<net id="239"><net_src comp="226" pin="2"/><net_sink comp="232" pin=2"/></net>

<net id="244"><net_src comp="42" pin="0"/><net_sink comp="240" pin=0"/></net>

<net id="245"><net_src comp="4" pin="0"/><net_sink comp="240" pin=1"/></net>

<net id="256"><net_src comp="22" pin="0"/><net_sink comp="246" pin=0"/></net>

<net id="257"><net_src comp="188" pin="1"/><net_sink comp="246" pin=1"/></net>

<net id="258"><net_src comp="8" pin="0"/><net_sink comp="246" pin=2"/></net>

<net id="259"><net_src comp="192" pin="1"/><net_sink comp="246" pin=3"/></net>

<net id="260"><net_src comp="196" pin="1"/><net_sink comp="246" pin=4"/></net>

<net id="261"><net_src comp="200" pin="1"/><net_sink comp="246" pin=5"/></net>

<net id="262"><net_src comp="204" pin="1"/><net_sink comp="246" pin=6"/></net>

<net id="263"><net_src comp="208" pin="1"/><net_sink comp="246" pin=7"/></net>

<net id="303"><net_src comp="82" pin="0"/><net_sink comp="264" pin=0"/></net>

<net id="304"><net_src comp="0" pin="0"/><net_sink comp="264" pin=3"/></net>

<net id="305"><net_src comp="10" pin="0"/><net_sink comp="264" pin=4"/></net>

<net id="306"><net_src comp="12" pin="0"/><net_sink comp="264" pin=12"/></net>

<net id="311"><net_src comp="24" pin="0"/><net_sink comp="307" pin=0"/></net>

<net id="315"><net_src comp="226" pin="2"/><net_sink comp="312" pin=0"/></net>

<net id="320"><net_src comp="212" pin="2"/><net_sink comp="316" pin=0"/></net>

<net id="321"><net_src comp="240" pin="2"/><net_sink comp="316" pin=1"/></net>

<net id="325"><net_src comp="240" pin="2"/><net_sink comp="322" pin=0"/></net>

<net id="329"><net_src comp="212" pin="2"/><net_sink comp="326" pin=0"/></net>

<net id="335"><net_src comp="316" pin="2"/><net_sink comp="330" pin=0"/></net>

<net id="336"><net_src comp="322" pin="1"/><net_sink comp="330" pin=1"/></net>

<net id="337"><net_src comp="326" pin="1"/><net_sink comp="330" pin=2"/></net>

<net id="342"><net_src comp="330" pin="3"/><net_sink comp="338" pin=0"/></net>

<net id="343"><net_src comp="66" pin="0"/><net_sink comp="338" pin=1"/></net>

<net id="348"><net_src comp="330" pin="3"/><net_sink comp="344" pin=0"/></net>

<net id="349"><net_src comp="68" pin="0"/><net_sink comp="344" pin=1"/></net>

<net id="357"><net_src comp="350" pin="1"/><net_sink comp="353" pin=0"/></net>

<net id="362"><net_src comp="350" pin="1"/><net_sink comp="358" pin=0"/></net>

<net id="363"><net_src comp="78" pin="0"/><net_sink comp="358" pin=1"/></net>

<net id="368"><net_src comp="358" pin="2"/><net_sink comp="364" pin=0"/></net>

<net id="372"><net_src comp="88" pin="1"/><net_sink comp="369" pin=0"/></net>

<net id="373"><net_src comp="369" pin="1"/><net_sink comp="307" pin=1"/></net>

<net id="374"><net_src comp="369" pin="1"/><net_sink comp="350" pin=0"/></net>

<net id="375"><net_src comp="369" pin="1"/><net_sink comp="364" pin=1"/></net>

<net id="379"><net_src comp="92" pin="1"/><net_sink comp="376" pin=0"/></net>

<net id="380"><net_src comp="376" pin="1"/><net_sink comp="264" pin=36"/></net>

<net id="384"><net_src comp="96" pin="1"/><net_sink comp="381" pin=0"/></net>

<net id="385"><net_src comp="381" pin="1"/><net_sink comp="264" pin=35"/></net>

<net id="389"><net_src comp="100" pin="1"/><net_sink comp="386" pin=0"/></net>

<net id="390"><net_src comp="386" pin="1"/><net_sink comp="264" pin=34"/></net>

<net id="394"><net_src comp="104" pin="1"/><net_sink comp="391" pin=0"/></net>

<net id="395"><net_src comp="391" pin="1"/><net_sink comp="264" pin=33"/></net>

<net id="399"><net_src comp="108" pin="1"/><net_sink comp="396" pin=0"/></net>

<net id="400"><net_src comp="396" pin="1"/><net_sink comp="264" pin=32"/></net>

<net id="404"><net_src comp="112" pin="1"/><net_sink comp="401" pin=0"/></net>

<net id="405"><net_src comp="401" pin="1"/><net_sink comp="264" pin=31"/></net>

<net id="409"><net_src comp="116" pin="1"/><net_sink comp="406" pin=0"/></net>

<net id="410"><net_src comp="406" pin="1"/><net_sink comp="264" pin=30"/></net>

<net id="414"><net_src comp="120" pin="1"/><net_sink comp="411" pin=0"/></net>

<net id="415"><net_src comp="411" pin="1"/><net_sink comp="264" pin=29"/></net>

<net id="419"><net_src comp="124" pin="1"/><net_sink comp="416" pin=0"/></net>

<net id="420"><net_src comp="416" pin="1"/><net_sink comp="264" pin=28"/></net>

<net id="424"><net_src comp="128" pin="1"/><net_sink comp="421" pin=0"/></net>

<net id="425"><net_src comp="421" pin="1"/><net_sink comp="264" pin=27"/></net>

<net id="429"><net_src comp="132" pin="1"/><net_sink comp="426" pin=0"/></net>

<net id="430"><net_src comp="426" pin="1"/><net_sink comp="264" pin=26"/></net>

<net id="434"><net_src comp="136" pin="1"/><net_sink comp="431" pin=0"/></net>

<net id="435"><net_src comp="431" pin="1"/><net_sink comp="264" pin=25"/></net>

<net id="439"><net_src comp="140" pin="1"/><net_sink comp="436" pin=0"/></net>

<net id="440"><net_src comp="436" pin="1"/><net_sink comp="264" pin=24"/></net>

<net id="444"><net_src comp="144" pin="1"/><net_sink comp="441" pin=0"/></net>

<net id="445"><net_src comp="441" pin="1"/><net_sink comp="264" pin=23"/></net>

<net id="449"><net_src comp="148" pin="1"/><net_sink comp="446" pin=0"/></net>

<net id="450"><net_src comp="446" pin="1"/><net_sink comp="264" pin=22"/></net>

<net id="454"><net_src comp="152" pin="1"/><net_sink comp="451" pin=0"/></net>

<net id="455"><net_src comp="451" pin="1"/><net_sink comp="264" pin=21"/></net>

<net id="459"><net_src comp="156" pin="1"/><net_sink comp="456" pin=0"/></net>

<net id="460"><net_src comp="456" pin="1"/><net_sink comp="264" pin=20"/></net>

<net id="464"><net_src comp="160" pin="1"/><net_sink comp="461" pin=0"/></net>

<net id="465"><net_src comp="461" pin="1"/><net_sink comp="264" pin=19"/></net>

<net id="469"><net_src comp="164" pin="1"/><net_sink comp="466" pin=0"/></net>

<net id="470"><net_src comp="466" pin="1"/><net_sink comp="264" pin=18"/></net>

<net id="474"><net_src comp="168" pin="1"/><net_sink comp="471" pin=0"/></net>

<net id="475"><net_src comp="471" pin="1"/><net_sink comp="264" pin=17"/></net>

<net id="479"><net_src comp="172" pin="1"/><net_sink comp="476" pin=0"/></net>

<net id="480"><net_src comp="476" pin="1"/><net_sink comp="264" pin=16"/></net>

<net id="484"><net_src comp="176" pin="1"/><net_sink comp="481" pin=0"/></net>

<net id="485"><net_src comp="481" pin="1"/><net_sink comp="264" pin=15"/></net>

<net id="489"><net_src comp="180" pin="1"/><net_sink comp="486" pin=0"/></net>

<net id="490"><net_src comp="486" pin="1"/><net_sink comp="264" pin=14"/></net>

<net id="494"><net_src comp="184" pin="1"/><net_sink comp="491" pin=0"/></net>

<net id="495"><net_src comp="491" pin="1"/><net_sink comp="264" pin=13"/></net>

<net id="499"><net_src comp="312" pin="1"/><net_sink comp="496" pin=0"/></net>

<net id="500"><net_src comp="496" pin="1"/><net_sink comp="353" pin=1"/></net>

<net id="504"><net_src comp="240" pin="2"/><net_sink comp="501" pin=0"/></net>

<net id="505"><net_src comp="501" pin="1"/><net_sink comp="264" pin=2"/></net>

<net id="509"><net_src comp="338" pin="2"/><net_sink comp="506" pin=0"/></net>

<net id="510"><net_src comp="506" pin="1"/><net_sink comp="264" pin=11"/></net>

<net id="514"><net_src comp="344" pin="2"/><net_sink comp="511" pin=0"/></net>

<net id="515"><net_src comp="511" pin="1"/><net_sink comp="264" pin=1"/></net>

</net_list>

</model> 
---------------- Datapath Model END ------------------

* FSMD analyzer results:
  - Output states:
	Port: stream_scaled | {3 4 }
	Port: Height_c19 | {2 }
	Port: WidthOut_c23 | {2 }
 - Input state : 
	Port: hscale_core_polyphase : stream_upsampled | {3 4 }
	Port: hscale_core_polyphase : Height | {2 }
	Port: hscale_core_polyphase : WidthIn | {2 }
	Port: hscale_core_polyphase : WidthOut | {2 }
	Port: hscale_core_polyphase : hfltCoeff | {1 2 }
	Port: hscale_core_polyphase : phasesH | {3 4 }
  - Chain level:
	State 1
		call_ln0 : 1
		store_ln637 : 1
	State 2
		TotalPixels : 1
		LoopSize : 2
		add_ln637 : 2
	State 3
		icmp_ln637 : 1
		y_9 : 1
		br_ln637 : 2
		store_ln637 : 2
	State 4


============================================================
+ Verbose Summary: Datapath Resource usage 
============================================================

* Functional unit list:
|----------|-------------------------------------------------------------------------------------|---------|---------|---------|---------|
| Operation|                                   Functional Unit                                   |   DSP   |  Delay  |    FF   |   LUT   |
|----------|-------------------------------------------------------------------------------------|---------|---------|---------|---------|
|   call   | grp_hscale_core_polyphase_Pipeline_loop_init_coeff_phase_loop_init_coeff_tap_fu_246 |    0    |  0.427  |    38   |   114   |
|          |                 grp_hscale_core_polyphase_Pipeline_loop_width_fu_264                |    18   |  19.096 |   1369  |   1646  |
|----------|-------------------------------------------------------------------------------------|---------|---------|---------|---------|
|          |                                   LoopSize_fu_338                                   |    0    |    0    |    0    |    18   |
|    add   |                                   add_ln637_fu_344                                  |    0    |    0    |    0    |    18   |
|          |                                      y_9_fu_358                                     |    0    |    0    |    0    |    18   |
|----------|-------------------------------------------------------------------------------------|---------|---------|---------|---------|
|   icmp   |                                  icmp_ln224_fu_316                                  |    0    |    0    |    0    |    13   |
|          |                                  icmp_ln637_fu_353                                  |    0    |    0    |    0    |    11   |
|----------|-------------------------------------------------------------------------------------|---------|---------|---------|---------|
|  select  |                                  TotalPixels_fu_330                                 |    0    |    0    |    0    |    10   |
|----------|-------------------------------------------------------------------------------------|---------|---------|---------|---------|
|          |                              WidthOut_read_read_fu_212                              |    0    |    0    |    0    |    0    |
|   read   |                               Height_read_read_fu_226                               |    0    |    0    |    0    |    0    |
|          |                               WidthIn_read_read_fu_240                              |    0    |    0    |    0    |    0    |
|----------|-------------------------------------------------------------------------------------|---------|---------|---------|---------|
|   write  |                                write_ln0_write_fu_218                               |    0    |    0    |    0    |    0    |
|          |                                write_ln0_write_fu_232                               |    0    |    0    |    0    |    0    |
|----------|-------------------------------------------------------------------------------------|---------|---------|---------|---------|
|          |                                     empty_fu_312                                    |    0    |    0    |    0    |    0    |
|   trunc  |                                  trunc_ln600_fu_322                                 |    0    |    0    |    0    |    0    |
|          |                                 trunc_ln600_1_fu_326                                |    0    |    0    |    0    |    0    |
|----------|-------------------------------------------------------------------------------------|---------|---------|---------|---------|
|   Total  |                                                                                     |    18   |  19.523 |   1407  |   1848  |
|----------|-------------------------------------------------------------------------------------|---------|---------|---------|---------|

Memories:
+-----------+--------+--------+
|           |   FF   |   LUT  |
+-----------+--------+--------+
| FiltCoeff |   16   |   16   |
|FiltCoeff_1|   16   |   16   |
|FiltCoeff_2|   16   |   16   |
|FiltCoeff_3|   16   |   16   |
|FiltCoeff_4|   16   |   16   |
|FiltCoeff_5|   16   |   16   |
+-----------+--------+--------+
|   Total   |   96   |   96   |
+-----------+--------+--------+

* Register list:
+-----------------------------+--------+
|                             |   FF   |
+-----------------------------+--------+
|       LoopSize_reg_506      |   11   |
|   PixArray_val_V_0_reg_376  |    8   |
| PixArray_val_V_10_0_reg_426 |    8   |
| PixArray_val_V_11_0_reg_431 |    8   |
| PixArray_val_V_12_0_reg_436 |    8   |
| PixArray_val_V_13_0_reg_441 |    8   |
| PixArray_val_V_14_0_reg_446 |    8   |
|PixArray_val_V_15_049_reg_451|    8   |
|PixArray_val_V_16_050_reg_456|    8   |
|PixArray_val_V_17_051_reg_461|    8   |
|PixArray_val_V_18_052_reg_466|    8   |
|PixArray_val_V_19_053_reg_471|    8   |
|  PixArray_val_V_1_0_reg_381 |    8   |
|PixArray_val_V_20_054_reg_476|    8   |
|PixArray_val_V_21_055_reg_481|    8   |
|PixArray_val_V_22_056_reg_486|    8   |
|PixArray_val_V_23_057_reg_491|    8   |
|  PixArray_val_V_2_0_reg_386 |    8   |
|  PixArray_val_V_3_0_reg_391 |    8   |
|  PixArray_val_V_4_0_reg_396 |    8   |
|  PixArray_val_V_5_0_reg_401 |    8   |
|  PixArray_val_V_6_0_reg_406 |    8   |
|  PixArray_val_V_7_0_reg_411 |    8   |
|  PixArray_val_V_8_0_reg_416 |    8   |
|  PixArray_val_V_9_0_reg_421 |    8   |
|     WidthIn_read_reg_501    |   16   |
|      add_ln637_reg_511      |   11   |
|        empty_reg_496        |   11   |
|          y_reg_369          |   11   |
+-----------------------------+--------+
|            Total            |   252  |
+-----------------------------+--------+

* Multiplexer (MUX) list: 
|--------|------|------|------|--------|
|  Comp  |  Pin | Size |  BW  | S x BW |
|--------|------|------|------|--------|
|  Total |      |      |      |    0   |
|--------|------|------|------|--------|



* Summary:
+-----------+--------+--------+--------+--------+
|           |   DSP  |  Delay |   FF   |   LUT  |
+-----------+--------+--------+--------+--------+
|  Function |   18   |   19   |  1407  |  1848  |
|   Memory  |    -   |    -   |   96   |   96   |
|Multiplexer|    -   |    -   |    -   |    -   |
|  Register |    -   |    -   |   252  |    -   |
+-----------+--------+--------+--------+--------+
|   Total   |   18   |   19   |  1755  |  1944  |
+-----------+--------+--------+--------+--------+
