

================================================================
== Vitis HLS Report for 'hscale_core_polyphase'
================================================================
* Date:           Fri Mar  6 02:16:56 2026

* Version:        2022.2 (Build 3670227 on Oct 13 2022)
* Project:        prj
* Solution:       sol (Vivado IP Flow Target)
* Product family: zynquplus
* Target device:  xck26-sfvc784-2LV-c


================================================================
== Performance Estimates
================================================================
+ Timing: 
    * Summary: 
    +--------+---------+----------+------------+
    |  Clock |  Target | Estimated| Uncertainty|
    +--------+---------+----------+------------+
    |ap_clk  |  5.00 ns|  3.376 ns|     1.35 ns|
    +--------+---------+----------+------------+

+ Latency: 
    * Summary: 
    +---------+---------+----------+-----------+-----+---------+---------+
    |  Latency (cycles) |  Latency (absolute)  |    Interval   | Pipeline|
    |   min   |   max   |    min   |    max    | min |   max   |   Type  |
    +---------+---------+----------+-----------+-----+---------+---------+
    |      996|  2097748|  4.980 us|  10.489 ms|  996|  2097748|       no|
    +---------+---------+----------+-----------+-----+---------+---------+

    + Detail: 
        * Instance: 
        N/A

        * Loop: 
        +---------------+---------+---------+-----------+-----------+-----------+-----------+----------+
        |               |  Latency (cycles) | Iteration |  Initiation Interval  |    Trip   |          |
        |   Loop Name   |   min   |   max   |  Latency  |  achieved |   target  |   Count   | Pipelined|
        +---------------+---------+---------+-----------+-----------+-----------+-----------+----------+
        |- loop_height  |      608|  2097360|  38 ~ 1942|          -|          -|  16 ~ 1080|        no|
        +---------------+---------+---------+-----------+-----------+-----------+-----------+----------+

============================================================
+ Verbose Summary: Synthesis Manager
============================================================
InlineROM: 1
ExposeGlobal: 0
============================================================
+ Verbose Summary: CDFG Model
============================================================
IsTopModel: 0
ResetActiveHigh: 1
IsCombinational: 2
IsDatapathOnly: 0
HasWiredReturn: 1
HasMFsm: 0
HasVarLatency: 1
IsPipeline: 0
IsRtlPipelined: 0
IsInstanceOverlapped: 0
IsDontTouch: 0
HasImplIP: 0
IsGatedGlobalClock: 0


============================================================
+ Verbose Summary: Schedule
============================================================
* Number of FSM states : 4
* Pipeline : 0
* Dataflow Pipeline: 0

* FSM state transitions: 
1 --> 2 
2 --> 3 
3 --> 4 
4 --> 3 

* FSM state operations: 

State 1 <SV = 0> <Delay = 0.42>
ST_1 : Operation 5 [1/1] (0.00ns)   --->   "%y = alloca i32 1"   --->   Operation 5 'alloca' 'y' <Predicate = true> <Delay = 0.00>
ST_1 : Operation 6 [1/1] (0.00ns)   --->   "%PixArray_val_V_0 = alloca i32 1"   --->   Operation 6 'alloca' 'PixArray_val_V_0' <Predicate = true> <Delay = 0.00>
ST_1 : Operation 7 [1/1] (0.00ns)   --->   "%PixArray_val_V_1_0 = alloca i32 1"   --->   Operation 7 'alloca' 'PixArray_val_V_1_0' <Predicate = true> <Delay = 0.00>
ST_1 : Operation 8 [1/1] (0.00ns)   --->   "%PixArray_val_V_2_0 = alloca i32 1"   --->   Operation 8 'alloca' 'PixArray_val_V_2_0' <Predicate = true> <Delay = 0.00>
ST_1 : Operation 9 [1/1] (0.00ns)   --->   "%PixArray_val_V_3_0 = alloca i32 1"   --->   Operation 9 'alloca' 'PixArray_val_V_3_0' <Predicate = true> <Delay = 0.00>
ST_1 : Operation 10 [1/1] (0.00ns)   --->   "%PixArray_val_V_4_0 = alloca i32 1"   --->   Operation 10 'alloca' 'PixArray_val_V_4_0' <Predicate = true> <Delay = 0.00>
ST_1 : Operation 11 [1/1] (0.00ns)   --->   "%PixArray_val_V_5_0 = alloca i32 1"   --->   Operation 11 'alloca' 'PixArray_val_V_5_0' <Predicate = true> <Delay = 0.00>
ST_1 : Operation 12 [1/1] (0.00ns)   --->   "%PixArray_val_V_6_0 = alloca i32 1"   --->   Operation 12 'alloca' 'PixArray_val_V_6_0' <Predicate = true> <Delay = 0.00>
ST_1 : Operation 13 [1/1] (0.00ns)   --->   "%PixArray_val_V_7_0 = alloca i32 1"   --->   Operation 13 'alloca' 'PixArray_val_V_7_0' <Predicate = true> <Delay = 0.00>
ST_1 : Operation 14 [1/1] (0.00ns)   --->   "%PixArray_val_V_8_0 = alloca i32 1"   --->   Operation 14 'alloca' 'PixArray_val_V_8_0' <Predicate = true> <Delay = 0.00>
ST_1 : Operation 15 [1/1] (0.00ns)   --->   "%PixArray_val_V_9_0 = alloca i32 1"   --->   Operation 15 'alloca' 'PixArray_val_V_9_0' <Predicate = true> <Delay = 0.00>
ST_1 : Operation 16 [1/1] (0.00ns)   --->   "%PixArray_val_V_10_0 = alloca i32 1"   --->   Operation 16 'alloca' 'PixArray_val_V_10_0' <Predicate = true> <Delay = 0.00>
ST_1 : Operation 17 [1/1] (0.00ns)   --->   "%PixArray_val_V_11_0 = alloca i32 1"   --->   Operation 17 'alloca' 'PixArray_val_V_11_0' <Predicate = true> <Delay = 0.00>
ST_1 : Operation 18 [1/1] (0.00ns)   --->   "%PixArray_val_V_12_0 = alloca i32 1"   --->   Operation 18 'alloca' 'PixArray_val_V_12_0' <Predicate = true> <Delay = 0.00>
ST_1 : Operation 19 [1/1] (0.00ns)   --->   "%PixArray_val_V_13_0 = alloca i32 1"   --->   Operation 19 'alloca' 'PixArray_val_V_13_0' <Predicate = true> <Delay = 0.00>
ST_1 : Operation 20 [1/1] (0.00ns)   --->   "%PixArray_val_V_14_0 = alloca i32 1"   --->   Operation 20 'alloca' 'PixArray_val_V_14_0' <Predicate = true> <Delay = 0.00>
ST_1 : Operation 21 [1/1] (0.00ns)   --->   "%PixArray_val_V_15_049 = alloca i32 1"   --->   Operation 21 'alloca' 'PixArray_val_V_15_049' <Predicate = true> <Delay = 0.00>
ST_1 : Operation 22 [1/1] (0.00ns)   --->   "%PixArray_val_V_16_050 = alloca i32 1"   --->   Operation 22 'alloca' 'PixArray_val_V_16_050' <Predicate = true> <Delay = 0.00>
ST_1 : Operation 23 [1/1] (0.00ns)   --->   "%PixArray_val_V_17_051 = alloca i32 1"   --->   Operation 23 'alloca' 'PixArray_val_V_17_051' <Predicate = true> <Delay = 0.00>
ST_1 : Operation 24 [1/1] (0.00ns)   --->   "%PixArray_val_V_18_052 = alloca i32 1"   --->   Operation 24 'alloca' 'PixArray_val_V_18_052' <Predicate = true> <Delay = 0.00>
ST_1 : Operation 25 [1/1] (0.00ns)   --->   "%PixArray_val_V_19_053 = alloca i32 1"   --->   Operation 25 'alloca' 'PixArray_val_V_19_053' <Predicate = true> <Delay = 0.00>
ST_1 : Operation 26 [1/1] (0.00ns)   --->   "%PixArray_val_V_20_054 = alloca i32 1"   --->   Operation 26 'alloca' 'PixArray_val_V_20_054' <Predicate = true> <Delay = 0.00>
ST_1 : Operation 27 [1/1] (0.00ns)   --->   "%PixArray_val_V_21_055 = alloca i32 1"   --->   Operation 27 'alloca' 'PixArray_val_V_21_055' <Predicate = true> <Delay = 0.00>
ST_1 : Operation 28 [1/1] (0.00ns)   --->   "%PixArray_val_V_22_056 = alloca i32 1"   --->   Operation 28 'alloca' 'PixArray_val_V_22_056' <Predicate = true> <Delay = 0.00>
ST_1 : Operation 29 [1/1] (0.00ns)   --->   "%PixArray_val_V_23_057 = alloca i32 1"   --->   Operation 29 'alloca' 'PixArray_val_V_23_057' <Predicate = true> <Delay = 0.00>
ST_1 : Operation 30 [1/1] (0.00ns)   --->   "%FiltCoeff = alloca i64 1" [/home/user/Documents/kria-vitis-platforms/kv260/platforms/vivado/kv260_ispMipiRx_vcu_DP/project/kv260_ispMipiRx_vcu_DP.runs/bd_eab1_hsc_0_synth_1/prj/sol/.autopilot/db/v_hscaler.cpp:595]   --->   Operation 30 'alloca' 'FiltCoeff' <Predicate = true> <Delay = 0.00> <CoreInst = "RAM_1P_LUTRAM">   --->   Core 89 'RAM_1P_LUTRAM' <Latency = 1> <II = 1> <Delay = 0.67> <Storage> <Opcode : 'load' 'store'> <Ports = 1> <Width = 16> <Depth = 64> <RAM>
ST_1 : Operation 31 [1/1] (0.00ns)   --->   "%FiltCoeff_1 = alloca i64 1" [/home/user/Documents/kria-vitis-platforms/kv260/platforms/vivado/kv260_ispMipiRx_vcu_DP/project/kv260_ispMipiRx_vcu_DP.runs/bd_eab1_hsc_0_synth_1/prj/sol/.autopilot/db/v_hscaler.cpp:595]   --->   Operation 31 'alloca' 'FiltCoeff_1' <Predicate = true> <Delay = 0.00> <CoreInst = "RAM_1P_LUTRAM">   --->   Core 89 'RAM_1P_LUTRAM' <Latency = 1> <II = 1> <Delay = 0.67> <Storage> <Opcode : 'load' 'store'> <Ports = 1> <Width = 16> <Depth = 64> <RAM>
ST_1 : Operation 32 [1/1] (0.00ns)   --->   "%FiltCoeff_2 = alloca i64 1" [/home/user/Documents/kria-vitis-platforms/kv260/platforms/vivado/kv260_ispMipiRx_vcu_DP/project/kv260_ispMipiRx_vcu_DP.runs/bd_eab1_hsc_0_synth_1/prj/sol/.autopilot/db/v_hscaler.cpp:595]   --->   Operation 32 'alloca' 'FiltCoeff_2' <Predicate = true> <Delay = 0.00> <CoreInst = "RAM_1P_LUTRAM">   --->   Core 89 'RAM_1P_LUTRAM' <Latency = 1> <II = 1> <Delay = 0.67> <Storage> <Opcode : 'load' 'store'> <Ports = 1> <Width = 16> <Depth = 64> <RAM>
ST_1 : Operation 33 [1/1] (0.00ns)   --->   "%FiltCoeff_3 = alloca i64 1" [/home/user/Documents/kria-vitis-platforms/kv260/platforms/vivado/kv260_ispMipiRx_vcu_DP/project/kv260_ispMipiRx_vcu_DP.runs/bd_eab1_hsc_0_synth_1/prj/sol/.autopilot/db/v_hscaler.cpp:595]   --->   Operation 33 'alloca' 'FiltCoeff_3' <Predicate = true> <Delay = 0.00> <CoreInst = "RAM_1P_LUTRAM">   --->   Core 89 'RAM_1P_LUTRAM' <Latency = 1> <II = 1> <Delay = 0.67> <Storage> <Opcode : 'load' 'store'> <Ports = 1> <Width = 16> <Depth = 64> <RAM>
ST_1 : Operation 34 [1/1] (0.00ns)   --->   "%FiltCoeff_4 = alloca i64 1" [/home/user/Documents/kria-vitis-platforms/kv260/platforms/vivado/kv260_ispMipiRx_vcu_DP/project/kv260_ispMipiRx_vcu_DP.runs/bd_eab1_hsc_0_synth_1/prj/sol/.autopilot/db/v_hscaler.cpp:595]   --->   Operation 34 'alloca' 'FiltCoeff_4' <Predicate = true> <Delay = 0.00> <CoreInst = "RAM_1P_LUTRAM">   --->   Core 89 'RAM_1P_LUTRAM' <Latency = 1> <II = 1> <Delay = 0.67> <Storage> <Opcode : 'load' 'store'> <Ports = 1> <Width = 16> <Depth = 64> <RAM>
ST_1 : Operation 35 [1/1] (0.00ns)   --->   "%FiltCoeff_5 = alloca i64 1" [/home/user/Documents/kria-vitis-platforms/kv260/platforms/vivado/kv260_ispMipiRx_vcu_DP/project/kv260_ispMipiRx_vcu_DP.runs/bd_eab1_hsc_0_synth_1/prj/sol/.autopilot/db/v_hscaler.cpp:595]   --->   Operation 35 'alloca' 'FiltCoeff_5' <Predicate = true> <Delay = 0.00> <CoreInst = "RAM_1P_LUTRAM">   --->   Core 89 'RAM_1P_LUTRAM' <Latency = 1> <II = 1> <Delay = 0.67> <Storage> <Opcode : 'load' 'store'> <Ports = 1> <Width = 16> <Depth = 64> <RAM>
ST_1 : Operation 36 [2/2] (0.00ns)   --->   "%call_ln0 = call void @hscale_core_polyphase_Pipeline_loop_init_coeff_phase_loop_init_coeff_tap, i16 %FiltCoeff, i16 %hfltCoeff, i16 %FiltCoeff_1, i16 %FiltCoeff_2, i16 %FiltCoeff_3, i16 %FiltCoeff_4, i16 %FiltCoeff_5"   --->   Operation 36 'call' 'call_ln0' <Predicate = true> <Delay = 0.00> <CoreType = "Generic">   --->   Core 0 '' <Latency = 0> <II = 1> <Delay = 1.00> <Generic> <Opcode : >
ST_1 : Operation 37 [1/1] (0.42ns)   --->   "%store_ln637 = store i11 0, i11 %y" [/home/user/Documents/kria-vitis-platforms/kv260/platforms/vivado/kv260_ispMipiRx_vcu_DP/project/kv260_ispMipiRx_vcu_DP.runs/bd_eab1_hsc_0_synth_1/prj/sol/.autopilot/db/v_hscaler.cpp:637]   --->   Operation 37 'store' 'store_ln637' <Predicate = true> <Delay = 0.42>

State 2 <SV = 1> <Delay = 2.28>
ST_2 : Operation 38 [1/1] (0.00ns)   --->   "%specinterface_ln0 = specinterface void @_ssdm_op_SpecInterface, i16 %WidthOut_c23, void @ap_fifo_str, i32 0, i32 0, void @p_str, i32 0, i32 0, void @p_str, void @p_str, void @p_str, i32 2, i32 2, i32 16, i32 16, void @p_str, void @ScalarProp_str, i32 4294967295, i32 0"   --->   Operation 38 'specinterface' 'specinterface_ln0' <Predicate = true> <Delay = 0.00>
ST_2 : Operation 39 [1/1] (0.00ns)   --->   "%WidthOut_read = read i16 @_ssdm_op_Read.ap_auto.i16P0A, i16 %WidthOut"   --->   Operation 39 'read' 'WidthOut_read' <Predicate = true> <Delay = 0.00>
ST_2 : Operation 40 [1/1] (1.82ns)   --->   "%write_ln0 = write void @_ssdm_op_Write.ap_fifo.i16P0A, i16 %WidthOut_c23, i16 %WidthOut_read"   --->   Operation 40 'write' 'write_ln0' <Predicate = true> <Delay = 1.82> <CoreInst = "FIFO_SRL">   --->   Core 81 'FIFO_SRL' <Latency = 0> <II = 1> <Delay = 1.83> <Storage> <Opcode : 'read' 'write' 'nbread' 'nbwrite'> <Ports = 0> <Width = 16> <Depth = 2> <FIFO>
ST_2 : Operation 41 [1/1] (0.00ns)   --->   "%specinterface_ln0 = specinterface void @_ssdm_op_SpecInterface, i16 %Height_c19, void @ap_fifo_str, i32 0, i32 0, void @p_str, i32 0, i32 0, void @p_str, void @p_str, void @p_str, i32 2, i32 2, i32 16, i32 16, void @p_str, void @ScalarProp_str, i32 4294967295, i32 0"   --->   Operation 41 'specinterface' 'specinterface_ln0' <Predicate = true> <Delay = 0.00>
ST_2 : Operation 42 [1/1] (0.00ns)   --->   "%Height_read = read i16 @_ssdm_op_Read.ap_auto.i16P0A, i16 %Height"   --->   Operation 42 'read' 'Height_read' <Predicate = true> <Delay = 0.00>
ST_2 : Operation 43 [1/1] (1.82ns)   --->   "%write_ln0 = write void @_ssdm_op_Write.ap_fifo.i16P0A, i16 %Height_c19, i16 %Height_read"   --->   Operation 43 'write' 'write_ln0' <Predicate = true> <Delay = 1.82> <CoreInst = "FIFO_SRL">   --->   Core 81 'FIFO_SRL' <Latency = 0> <II = 1> <Delay = 1.83> <Storage> <Opcode : 'read' 'write' 'nbread' 'nbwrite'> <Ports = 0> <Width = 16> <Depth = 2> <FIFO>
ST_2 : Operation 44 [1/1] (0.00ns)   --->   "%specstablecontent_ln0 = specstablecontent void @_ssdm_op_SpecStableContent, i16 %WidthOut, void "   --->   Operation 44 'specstablecontent' 'specstablecontent_ln0' <Predicate = true> <Delay = 0.00>
ST_2 : Operation 45 [1/1] (0.00ns)   --->   "%specstablecontent_ln0 = specstablecontent void @_ssdm_op_SpecStableContent, i16 %WidthIn, void "   --->   Operation 45 'specstablecontent' 'specstablecontent_ln0' <Predicate = true> <Delay = 0.00>
ST_2 : Operation 46 [1/1] (0.00ns)   --->   "%specstablecontent_ln0 = specstablecontent void @_ssdm_op_SpecStableContent, i16 %Height, void "   --->   Operation 46 'specstablecontent' 'specstablecontent_ln0' <Predicate = true> <Delay = 0.00>
ST_2 : Operation 47 [1/1] (0.00ns)   --->   "%specmemcore_ln0 = specmemcore void @_ssdm_op_SpecMemCore, i9 %phasesH, i64 666, i64 207, i64 1"   --->   Operation 47 'specmemcore' 'specmemcore_ln0' <Predicate = true> <Delay = 0.00>
ST_2 : Operation 48 [1/1] (0.00ns)   --->   "%specmemcore_ln0 = specmemcore void @_ssdm_op_SpecMemCore, i16 %hfltCoeff, i64 666, i64 207, i64 1"   --->   Operation 48 'specmemcore' 'specmemcore_ln0' <Predicate = true> <Delay = 0.00>
ST_2 : Operation 49 [1/1] (0.00ns)   --->   "%specinterface_ln0 = specinterface void @_ssdm_op_SpecInterface, i24 %stream_scaled, void @empty_14, i32 0, i32 0, void @empty_25, i32 0, i32 0, void @empty_25, void @empty_25, void @empty_25, i32 0, i32 0, i32 0, i32 0, void @empty_25, void @empty_25, i32 4294967295, i32 0"   --->   Operation 49 'specinterface' 'specinterface_ln0' <Predicate = true> <Delay = 0.00>
ST_2 : Operation 50 [1/1] (0.00ns)   --->   "%specinterface_ln0 = specinterface void @_ssdm_op_SpecInterface, i24 %stream_upsampled, void @empty_14, i32 0, i32 0, void @empty_25, i32 0, i32 0, void @empty_25, void @empty_25, void @empty_25, i32 0, i32 0, i32 0, i32 0, void @empty_25, void @empty_25, i32 4294967295, i32 0"   --->   Operation 50 'specinterface' 'specinterface_ln0' <Predicate = true> <Delay = 0.00>
ST_2 : Operation 51 [1/1] (0.00ns)   --->   "%specinterface_ln0 = specinterface void @_ssdm_op_SpecInterface, i9 %phasesH, void @empty_17, i32 0, i32 0, void @empty_25, i32 1, i32 0, void @empty_25, void @empty_25, void @empty_25, i32 0, i32 0, i32 0, i32 0, void @empty_25, void @empty_25, i32 4294967295, i32 0"   --->   Operation 51 'specinterface' 'specinterface_ln0' <Predicate = true> <Delay = 0.00>
ST_2 : Operation 52 [1/1] (0.00ns)   --->   "%specinterface_ln0 = specinterface void @_ssdm_op_SpecInterface, i16 %hfltCoeff, void @empty_17, i32 0, i32 0, void @empty_25, i32 1, i32 0, void @empty_25, void @empty_25, void @empty_25, i32 0, i32 0, i32 0, i32 0, void @empty_25, void @empty_25, i32 4294967295, i32 0"   --->   Operation 52 'specinterface' 'specinterface_ln0' <Predicate = true> <Delay = 0.00>
ST_2 : Operation 53 [1/1] (0.00ns)   --->   "%empty = trunc i16 %Height_read"   --->   Operation 53 'trunc' 'empty' <Predicate = true> <Delay = 0.00>
ST_2 : Operation 54 [1/1] (0.00ns)   --->   "%WidthIn_read = read i16 @_ssdm_op_Read.ap_auto.i16P0A, i16 %WidthIn" [/tools/Xilinx/Vitis_HLS/2022.2/tps/lnx64/gcc-8.3.0/lib/gcc/x86_64-pc-linux-gnu/8.3.0/../../../../include/c++/8.3.0/bits/stl_algobase.h:224]   --->   Operation 54 'read' 'WidthIn_read' <Predicate = true> <Delay = 0.00>
ST_2 : Operation 55 [1/1] (1.10ns)   --->   "%icmp_ln224 = icmp_ult  i16 %WidthOut_read, i16 %WidthIn_read" [/tools/Xilinx/Vitis_HLS/2022.2/tps/lnx64/gcc-8.3.0/lib/gcc/x86_64-pc-linux-gnu/8.3.0/../../../../include/c++/8.3.0/bits/stl_algobase.h:224]   --->   Operation 55 'icmp' 'icmp_ln224' <Predicate = true> <Delay = 1.10> <CoreInst = "Cmp">   --->   Core 9 'Cmp' <Latency = 0> <II = 1> <Delay = 1.10> <FuncUnit> <Opcode : 'icmp'> <InPorts = 2> <OutPorts = 1>
ST_2 : Operation 56 [1/1] (0.00ns)   --->   "%trunc_ln600 = trunc i16 %WidthIn_read" [/home/user/Documents/kria-vitis-platforms/kv260/platforms/vivado/kv260_ispMipiRx_vcu_DP/project/kv260_ispMipiRx_vcu_DP.runs/bd_eab1_hsc_0_synth_1/prj/sol/.autopilot/db/v_hscaler.cpp:600]   --->   Operation 56 'trunc' 'trunc_ln600' <Predicate = true> <Delay = 0.00>
ST_2 : Operation 57 [1/1] (0.00ns)   --->   "%trunc_ln600_1 = trunc i16 %WidthOut_read" [/home/user/Documents/kria-vitis-platforms/kv260/platforms/vivado/kv260_ispMipiRx_vcu_DP/project/kv260_ispMipiRx_vcu_DP.runs/bd_eab1_hsc_0_synth_1/prj/sol/.autopilot/db/v_hscaler.cpp:600]   --->   Operation 57 'trunc' 'trunc_ln600_1' <Predicate = true> <Delay = 0.00>
ST_2 : Operation 58 [1/1] (0.38ns)   --->   "%TotalPixels = select i1 %icmp_ln224, i11 %trunc_ln600, i11 %trunc_ln600_1" [/home/user/Documents/kria-vitis-platforms/kv260/platforms/vivado/kv260_ispMipiRx_vcu_DP/project/kv260_ispMipiRx_vcu_DP.runs/bd_eab1_hsc_0_synth_1/prj/sol/.autopilot/db/v_hscaler.cpp:600]   --->   Operation 58 'select' 'TotalPixels' <Predicate = true> <Delay = 0.38> <CoreInst = "Sel">   --->   Core 73 'Sel' <Latency = 0> <II = 1> <Delay = 0.38> <FuncUnit> <Opcode : 'select'> <InPorts = 3> <OutPorts = 1>
ST_2 : Operation 59 [1/1] (0.00ns)   --->   "%specmemcore_ln621 = specmemcore void @_ssdm_op_SpecMemCore, i16 %FiltCoeff_5, i64 666, i64 19, i64 18446744073709551615" [/home/user/Documents/kria-vitis-platforms/kv260/platforms/vivado/kv260_ispMipiRx_vcu_DP/project/kv260_ispMipiRx_vcu_DP.runs/bd_eab1_hsc_0_synth_1/prj/sol/.autopilot/db/v_hscaler.cpp:621]   --->   Operation 59 'specmemcore' 'specmemcore_ln621' <Predicate = true> <Delay = 0.00>
ST_2 : Operation 60 [1/1] (0.00ns)   --->   "%specmemcore_ln621 = specmemcore void @_ssdm_op_SpecMemCore, i16 %FiltCoeff_4, i64 666, i64 19, i64 18446744073709551615" [/home/user/Documents/kria-vitis-platforms/kv260/platforms/vivado/kv260_ispMipiRx_vcu_DP/project/kv260_ispMipiRx_vcu_DP.runs/bd_eab1_hsc_0_synth_1/prj/sol/.autopilot/db/v_hscaler.cpp:621]   --->   Operation 60 'specmemcore' 'specmemcore_ln621' <Predicate = true> <Delay = 0.00>
ST_2 : Operation 61 [1/1] (0.00ns)   --->   "%specmemcore_ln621 = specmemcore void @_ssdm_op_SpecMemCore, i16 %FiltCoeff_3, i64 666, i64 19, i64 18446744073709551615" [/home/user/Documents/kria-vitis-platforms/kv260/platforms/vivado/kv260_ispMipiRx_vcu_DP/project/kv260_ispMipiRx_vcu_DP.runs/bd_eab1_hsc_0_synth_1/prj/sol/.autopilot/db/v_hscaler.cpp:621]   --->   Operation 61 'specmemcore' 'specmemcore_ln621' <Predicate = true> <Delay = 0.00>
ST_2 : Operation 62 [1/1] (0.00ns)   --->   "%specmemcore_ln621 = specmemcore void @_ssdm_op_SpecMemCore, i16 %FiltCoeff_2, i64 666, i64 19, i64 18446744073709551615" [/home/user/Documents/kria-vitis-platforms/kv260/platforms/vivado/kv260_ispMipiRx_vcu_DP/project/kv260_ispMipiRx_vcu_DP.runs/bd_eab1_hsc_0_synth_1/prj/sol/.autopilot/db/v_hscaler.cpp:621]   --->   Operation 62 'specmemcore' 'specmemcore_ln621' <Predicate = true> <Delay = 0.00>
ST_2 : Operation 63 [1/1] (0.00ns)   --->   "%specmemcore_ln621 = specmemcore void @_ssdm_op_SpecMemCore, i16 %FiltCoeff_1, i64 666, i64 19, i64 18446744073709551615" [/home/user/Documents/kria-vitis-platforms/kv260/platforms/vivado/kv260_ispMipiRx_vcu_DP/project/kv260_ispMipiRx_vcu_DP.runs/bd_eab1_hsc_0_synth_1/prj/sol/.autopilot/db/v_hscaler.cpp:621]   --->   Operation 63 'specmemcore' 'specmemcore_ln621' <Predicate = true> <Delay = 0.00>
ST_2 : Operation 64 [1/1] (0.00ns)   --->   "%specmemcore_ln621 = specmemcore void @_ssdm_op_SpecMemCore, i16 %FiltCoeff, i64 666, i64 19, i64 18446744073709551615" [/home/user/Documents/kria-vitis-platforms/kv260/platforms/vivado/kv260_ispMipiRx_vcu_DP/project/kv260_ispMipiRx_vcu_DP.runs/bd_eab1_hsc_0_synth_1/prj/sol/.autopilot/db/v_hscaler.cpp:621]   --->   Operation 64 'specmemcore' 'specmemcore_ln621' <Predicate = true> <Delay = 0.00>
ST_2 : Operation 65 [1/2] (0.00ns)   --->   "%call_ln0 = call void @hscale_core_polyphase_Pipeline_loop_init_coeff_phase_loop_init_coeff_tap, i16 %FiltCoeff, i16 %hfltCoeff, i16 %FiltCoeff_1, i16 %FiltCoeff_2, i16 %FiltCoeff_3, i16 %FiltCoeff_4, i16 %FiltCoeff_5"   --->   Operation 65 'call' 'call_ln0' <Predicate = true> <Delay = 0.00> <CoreType = "Generic">   --->   Core 0 '' <Latency = 0> <II = 1> <Delay = 1.00> <Generic> <Opcode : >
ST_2 : Operation 66 [1/1] (0.79ns)   --->   "%LoopSize = add i11 %TotalPixels, i11 4" [/home/user/Documents/kria-vitis-platforms/kv260/platforms/vivado/kv260_ispMipiRx_vcu_DP/project/kv260_ispMipiRx_vcu_DP.runs/bd_eab1_hsc_0_synth_1/prj/sol/.autopilot/db/v_hscaler.cpp:604]   --->   Operation 66 'add' 'LoopSize' <Predicate = true> <Delay = 0.79> <CoreInst = "Adder">   --->   Core 1 'Adder' <Latency = 0> <II = 1> <Delay = 0.79> <FuncUnit> <Opcode : 'add' 'sub'> <InPorts = 2> <OutPorts = 1>
ST_2 : Operation 67 [1/1] (0.79ns)   --->   "%add_ln637 = add i11 %TotalPixels, i11 5" [/home/user/Documents/kria-vitis-platforms/kv260/platforms/vivado/kv260_ispMipiRx_vcu_DP/project/kv260_ispMipiRx_vcu_DP.runs/bd_eab1_hsc_0_synth_1/prj/sol/.autopilot/db/v_hscaler.cpp:637]   --->   Operation 67 'add' 'add_ln637' <Predicate = true> <Delay = 0.79> <CoreInst = "Adder">   --->   Core 1 'Adder' <Latency = 0> <II = 1> <Delay = 0.79> <FuncUnit> <Opcode : 'add' 'sub'> <InPorts = 2> <OutPorts = 1>
ST_2 : Operation 68 [1/1] (0.00ns)   --->   "%br_ln637 = br void %loop_width" [/home/user/Documents/kria-vitis-platforms/kv260/platforms/vivado/kv260_ispMipiRx_vcu_DP/project/kv260_ispMipiRx_vcu_DP.runs/bd_eab1_hsc_0_synth_1/prj/sol/.autopilot/db/v_hscaler.cpp:637]   --->   Operation 68 'br' 'br_ln637' <Predicate = true> <Delay = 0.00>

State 3 <SV = 2> <Delay = 2.31>
ST_3 : Operation 69 [1/1] (0.00ns)   --->   "%y_8 = load i11 %y" [/home/user/Documents/kria-vitis-platforms/kv260/platforms/vivado/kv260_ispMipiRx_vcu_DP/project/kv260_ispMipiRx_vcu_DP.runs/bd_eab1_hsc_0_synth_1/prj/sol/.autopilot/db/v_hscaler.cpp:637]   --->   Operation 69 'load' 'y_8' <Predicate = true> <Delay = 0.00>
ST_3 : Operation 70 [1/1] (0.94ns)   --->   "%icmp_ln637 = icmp_eq  i11 %y_8, i11 %empty" [/home/user/Documents/kria-vitis-platforms/kv260/platforms/vivado/kv260_ispMipiRx_vcu_DP/project/kv260_ispMipiRx_vcu_DP.runs/bd_eab1_hsc_0_synth_1/prj/sol/.autopilot/db/v_hscaler.cpp:637]   --->   Operation 70 'icmp' 'icmp_ln637' <Predicate = true> <Delay = 0.94> <CoreInst = "Cmp">   --->   Core 9 'Cmp' <Latency = 0> <II = 1> <Delay = 0.94> <FuncUnit> <Opcode : 'icmp'> <InPorts = 2> <OutPorts = 1>
ST_3 : Operation 71 [1/1] (0.00ns)   --->   "%speclooptripcount_ln0 = speclooptripcount void @_ssdm_op_SpecLoopTripCount, i64 16, i64 1080, i64 0"   --->   Operation 71 'speclooptripcount' 'speclooptripcount_ln0' <Predicate = true> <Delay = 0.00>
ST_3 : Operation 72 [1/1] (0.79ns)   --->   "%y_9 = add i11 %y_8, i11 1" [/home/user/Documents/kria-vitis-platforms/kv260/platforms/vivado/kv260_ispMipiRx_vcu_DP/project/kv260_ispMipiRx_vcu_DP.runs/bd_eab1_hsc_0_synth_1/prj/sol/.autopilot/db/v_hscaler.cpp:637]   --->   Operation 72 'add' 'y_9' <Predicate = true> <Delay = 0.79> <CoreInst = "Adder">   --->   Core 1 'Adder' <Latency = 0> <II = 1> <Delay = 0.79> <FuncUnit> <Opcode : 'add' 'sub'> <InPorts = 2> <OutPorts = 1>
ST_3 : Operation 73 [1/1] (0.00ns)   --->   "%br_ln637 = br i1 %icmp_ln637, void %loop_width.split, void %for.end188.loopexit" [/home/user/Documents/kria-vitis-platforms/kv260/platforms/vivado/kv260_ispMipiRx_vcu_DP/project/kv260_ispMipiRx_vcu_DP.runs/bd_eab1_hsc_0_synth_1/prj/sol/.autopilot/db/v_hscaler.cpp:637]   --->   Operation 73 'br' 'br_ln637' <Predicate = true> <Delay = 0.00>
ST_3 : Operation 74 [1/1] (0.00ns)   --->   "%empty_79 = wait i32 @_ssdm_op_Wait"   --->   Operation 74 'wait' 'empty_79' <Predicate = (!icmp_ln637)> <Delay = 0.00>
ST_3 : Operation 75 [2/2] (1.37ns)   --->   "%call_ln637 = call void @hscale_core_polyphase_Pipeline_loop_width, i11 %add_ln637, i16 %WidthIn_read, i24 %stream_upsampled, i9 %phasesH, i16 %FiltCoeff, i16 %FiltCoeff_1, i16 %FiltCoeff_2, i16 %FiltCoeff_3, i16 %FiltCoeff_4, i16 %FiltCoeff_5, i11 %LoopSize, i24 %stream_scaled, i8 %PixArray_val_V_23_057, i8 %PixArray_val_V_22_056, i8 %PixArray_val_V_21_055, i8 %PixArray_val_V_20_054, i8 %PixArray_val_V_19_053, i8 %PixArray_val_V_18_052, i8 %PixArray_val_V_17_051, i8 %PixArray_val_V_16_050, i8 %PixArray_val_V_15_049, i8 %PixArray_val_V_14_0, i8 %PixArray_val_V_13_0, i8 %PixArray_val_V_12_0, i8 %PixArray_val_V_11_0, i8 %PixArray_val_V_10_0, i8 %PixArray_val_V_9_0, i8 %PixArray_val_V_8_0, i8 %PixArray_val_V_7_0, i8 %PixArray_val_V_6_0, i8 %PixArray_val_V_5_0, i8 %PixArray_val_V_4_0, i8 %PixArray_val_V_3_0, i8 %PixArray_val_V_2_0, i8 %PixArray_val_V_1_0, i8 %PixArray_val_V_0" [/home/user/Documents/kria-vitis-platforms/kv260/platforms/vivado/kv260_ispMipiRx_vcu_DP/project/kv260_ispMipiRx_vcu_DP.runs/bd_eab1_hsc_0_synth_1/prj/sol/.autopilot/db/v_hscaler.cpp:637]   --->   Operation 75 'call' 'call_ln637' <Predicate = (!icmp_ln637)> <Delay = 1.37> <CoreType = "Generic">   --->   Core 0 '' <Latency = 0> <II = 1> <Delay = 1.00> <Generic> <Opcode : >
ST_3 : Operation 76 [1/1] (0.42ns)   --->   "%store_ln637 = store i11 %y_9, i11 %y" [/home/user/Documents/kria-vitis-platforms/kv260/platforms/vivado/kv260_ispMipiRx_vcu_DP/project/kv260_ispMipiRx_vcu_DP.runs/bd_eab1_hsc_0_synth_1/prj/sol/.autopilot/db/v_hscaler.cpp:637]   --->   Operation 76 'store' 'store_ln637' <Predicate = (!icmp_ln637)> <Delay = 0.42>
ST_3 : Operation 77 [1/1] (0.00ns)   --->   "%ret_ln936 = ret" [/home/user/Documents/kria-vitis-platforms/kv260/platforms/vivado/kv260_ispMipiRx_vcu_DP/project/kv260_ispMipiRx_vcu_DP.runs/bd_eab1_hsc_0_synth_1/prj/sol/.autopilot/db/v_hscaler.cpp:936]   --->   Operation 77 'ret' 'ret_ln936' <Predicate = (icmp_ln637)> <Delay = 0.00>

State 4 <SV = 3> <Delay = 0.00>
ST_4 : Operation 78 [1/1] (0.00ns)   --->   "%specloopname_ln587 = specloopname void @_ssdm_op_SpecLoopName, void @empty_11" [/home/user/Documents/kria-vitis-platforms/kv260/platforms/vivado/kv260_ispMipiRx_vcu_DP/project/kv260_ispMipiRx_vcu_DP.runs/bd_eab1_hsc_0_synth_1/prj/sol/.autopilot/db/v_hscaler.cpp:587]   --->   Operation 78 'specloopname' 'specloopname_ln587' <Predicate = true> <Delay = 0.00>
ST_4 : Operation 79 [1/2] (0.00ns)   --->   "%call_ln637 = call void @hscale_core_polyphase_Pipeline_loop_width, i11 %add_ln637, i16 %WidthIn_read, i24 %stream_upsampled, i9 %phasesH, i16 %FiltCoeff, i16 %FiltCoeff_1, i16 %FiltCoeff_2, i16 %FiltCoeff_3, i16 %FiltCoeff_4, i16 %FiltCoeff_5, i11 %LoopSize, i24 %stream_scaled, i8 %PixArray_val_V_23_057, i8 %PixArray_val_V_22_056, i8 %PixArray_val_V_21_055, i8 %PixArray_val_V_20_054, i8 %PixArray_val_V_19_053, i8 %PixArray_val_V_18_052, i8 %PixArray_val_V_17_051, i8 %PixArray_val_V_16_050, i8 %PixArray_val_V_15_049, i8 %PixArray_val_V_14_0, i8 %PixArray_val_V_13_0, i8 %PixArray_val_V_12_0, i8 %PixArray_val_V_11_0, i8 %PixArray_val_V_10_0, i8 %PixArray_val_V_9_0, i8 %PixArray_val_V_8_0, i8 %PixArray_val_V_7_0, i8 %PixArray_val_V_6_0, i8 %PixArray_val_V_5_0, i8 %PixArray_val_V_4_0, i8 %PixArray_val_V_3_0, i8 %PixArray_val_V_2_0, i8 %PixArray_val_V_1_0, i8 %PixArray_val_V_0" [/home/user/Documents/kria-vitis-platforms/kv260/platforms/vivado/kv260_ispMipiRx_vcu_DP/project/kv260_ispMipiRx_vcu_DP.runs/bd_eab1_hsc_0_synth_1/prj/sol/.autopilot/db/v_hscaler.cpp:637]   --->   Operation 79 'call' 'call_ln637' <Predicate = true> <Delay = 0.00> <CoreType = "Generic">   --->   Core 0 '' <Latency = 0> <II = 1> <Delay = 1.00> <Generic> <Opcode : >
ST_4 : Operation 80 [1/1] (0.00ns)   --->   "%br_ln637 = br void %loop_width" [/home/user/Documents/kria-vitis-platforms/kv260/platforms/vivado/kv260_ispMipiRx_vcu_DP/project/kv260_ispMipiRx_vcu_DP.runs/bd_eab1_hsc_0_synth_1/prj/sol/.autopilot/db/v_hscaler.cpp:637]   --->   Operation 80 'br' 'br_ln637' <Predicate = true> <Delay = 0.00>


============================================================
+ Verbose Summary: Timing violations
============================================================
Target clock period: 5ns, clock uncertainty: 1.35ns.

 <State 1>: 0.427ns
The critical path consists of the following:
	'alloca' operation ('y') [10]  (0 ns)
	'store' operation ('store_ln637', /home/user/Documents/kria-vitis-platforms/kv260/platforms/vivado/kv260_ispMipiRx_vcu_DP/project/kv260_ispMipiRx_vcu_DP.runs/bd_eab1_hsc_0_synth_1/prj/sol/.autopilot/db/v_hscaler.cpp:637) of constant 0 on local variable 'y' [71]  (0.427 ns)

 <State 2>: 2.29ns
The critical path consists of the following:
	wire read operation ('WidthOut_read') on port 'WidthOut' [36]  (0 ns)
	'icmp' operation ('icmp_ln224', /tools/Xilinx/Vitis_HLS/2022.2/tps/lnx64/gcc-8.3.0/lib/gcc/x86_64-pc-linux-gnu/8.3.0/../../../../include/c++/8.3.0/bits/stl_algobase.h:224) [58]  (1.1 ns)
	'select' operation ('TotalPixels', /home/user/Documents/kria-vitis-platforms/kv260/platforms/vivado/kv260_ispMipiRx_vcu_DP/project/kv260_ispMipiRx_vcu_DP.runs/bd_eab1_hsc_0_synth_1/prj/sol/.autopilot/db/v_hscaler.cpp:600) [61]  (0.389 ns)
	'add' operation ('LoopSize', /home/user/Documents/kria-vitis-platforms/kv260/platforms/vivado/kv260_ispMipiRx_vcu_DP/project/kv260_ispMipiRx_vcu_DP.runs/bd_eab1_hsc_0_synth_1/prj/sol/.autopilot/db/v_hscaler.cpp:604) [69]  (0.798 ns)

 <State 3>: 2.31ns
The critical path consists of the following:
	'call' operation ('call_ln637', /home/user/Documents/kria-vitis-platforms/kv260/platforms/vivado/kv260_ispMipiRx_vcu_DP/project/kv260_ispMipiRx_vcu_DP.runs/bd_eab1_hsc_0_synth_1/prj/sol/.autopilot/db/v_hscaler.cpp:637) to 'hscale_core_polyphase_Pipeline_loop_width' [82]  (1.37 ns)
	blocking operation 0.944 ns on control path)

 <State 4>: 0ns
The critical path consists of the following:


============================================================
+ Verbose Summary: Binding
============================================================
N/A
* FSMD analyzer results:
  - Output states:
 - Input state : 
  - Chain level:
	State 1
	State 2
	State 3
	State 4


============================================================
+ Verbose Summary: Datapath Resource usage 
============================================================
N/A
