

================================================================
== Vitis HLS Report for 'hscale_core_polyphase_Pipeline_loop_width'
================================================================
* Date:           Fri Mar  6 02:16:56 2026

* Version:        2022.2 (Build 3670227 on Oct 13 2022)
* Project:        prj
* Solution:       sol (Vivado IP Flow Target)
* Product family: zynquplus
* Target device:  xck26-sfvc784-2LV-c


================================================================
== Performance Estimates
================================================================
+ Timing: 
    * Summary: 
    +--------+---------+----------+------------+
    |  Clock |  Target | Estimated| Uncertainty|
    +--------+---------+----------+------------+
    |ap_clk  |  5.00 ns|  2.035 ns|     1.35 ns|
    +--------+---------+----------+------------+

+ Latency: 
    * Summary: 
    +---------+---------+----------+----------+-----+------+---------+
    |  Latency (cycles) |  Latency (absolute) |  Interval  | Pipeline|
    |   min   |   max   |    min   |    max   | min |  max |   Type  |
    +---------+---------+----------+----------+-----+------+---------+
    |       36|     1940|  0.180 us|  9.700 us|   36|  1940|       no|
    +---------+---------+----------+----------+-----+------+---------+

    + Detail: 
        * Instance: 
        N/A

        * Loop: 
        +--------------+---------+---------+----------+-----------+-----------+-----------+----------+
        |              |  Latency (cycles) | Iteration|  Initiation Interval  |    Trip   |          |
        |   Loop Name  |   min   |   max   |  Latency |  achieved |   target  |   Count   | Pipelined|
        +--------------+---------+---------+----------+-----------+-----------+-----------+----------+
        |- loop_width  |       34|     1938|        15|          1|          1|  21 ~ 1925|       yes|
        +--------------+---------+---------+----------+-----------+-----------+-----------+----------+

============================================================
+ Verbose Summary: Synthesis Manager
============================================================
InlineROM: 1
ExposeGlobal: 0
============================================================
+ Verbose Summary: CDFG Model
============================================================
IsTopModel: 0
ResetActiveHigh: 1
IsCombinational: 0
IsDatapathOnly: 0
HasWiredReturn: 1
HasMFsm: 2
HasVarLatency: 1
IsPipeline: 0
IsRtlPipelined: 0
IsInstanceOverlapped: 0
IsDontTouch: 0
HasImplIP: 0
IsGatedGlobalClock: 0

+ Individual pipeline summary: 
  * Pipeline-0: initiation interval (II) = 1, depth = 15


============================================================
+ Verbose Summary: Schedule
============================================================
* Number of FSM states : 15
* Pipeline : 1
  Pipeline-0 : II = 1, D = 15, States = { 1 2 3 4 5 6 7 8 9 10 11 12 13 14 15 }
* Dataflow Pipeline: 0

* FSM state transitions: 
1 --> 2 
2 --> 3 
3 --> 4 
4 --> 5 
5 --> 6 
6 --> 7 
7 --> 8 
8 --> 9 
9 --> 10 
10 --> 11 
11 --> 12 
12 --> 13 
13 --> 14 
14 --> 15 
15 --> 

* FSM state operations: 

State 1 <SV = 0> <Delay = 2.03>
ST_1 : Operation 18 [1/1] (0.00ns)   --->   "%x = alloca i32 1"   --->   Operation 18 'alloca' 'x' <Predicate = true> <Delay = 0.00>
ST_1 : Operation 19 [1/1] (0.00ns)   --->   "%xReadPos = alloca i32 1"   --->   Operation 19 'alloca' 'xReadPos' <Predicate = true> <Delay = 0.00>
ST_1 : Operation 20 [1/1] (0.00ns)   --->   "%ReadEn = alloca i32 1"   --->   Operation 20 'alloca' 'ReadEn' <Predicate = true> <Delay = 0.00>
ST_1 : Operation 21 [1/1] (0.00ns)   --->   "%LoopSize_read = read i11 @_ssdm_op_Read.ap_auto.i11, i11 %LoopSize"   --->   Operation 21 'read' 'LoopSize_read' <Predicate = true> <Delay = 0.00>
ST_1 : Operation 22 [1/1] (0.00ns)   --->   "%zext_ln637_read = read i16 @_ssdm_op_Read.ap_auto.i16, i16 %zext_ln637"   --->   Operation 22 'read' 'zext_ln637_read' <Predicate = true> <Delay = 0.00>
ST_1 : Operation 23 [1/1] (0.00ns)   --->   "%add_ln637_read = read i11 @_ssdm_op_Read.ap_auto.i11, i11 %add_ln637"   --->   Operation 23 'read' 'add_ln637_read' <Predicate = true> <Delay = 0.00>
ST_1 : Operation 24 [1/1] (0.00ns)   --->   "%zext_ln637_cast = zext i16 %zext_ln637_read"   --->   Operation 24 'zext' 'zext_ln637_cast' <Predicate = true> <Delay = 0.00>
ST_1 : Operation 25 [1/1] (0.00ns)   --->   "%specmemcore_ln0 = specmemcore void @_ssdm_op_SpecMemCore, i16 %FiltCoeff, i64 666, i64 19, i64 18446744073709551615"   --->   Operation 25 'specmemcore' 'specmemcore_ln0' <Predicate = true> <Delay = 0.00>
ST_1 : Operation 26 [1/1] (0.00ns)   --->   "%specmemcore_ln0 = specmemcore void @_ssdm_op_SpecMemCore, i16 %FiltCoeff_1, i64 666, i64 19, i64 18446744073709551615"   --->   Operation 26 'specmemcore' 'specmemcore_ln0' <Predicate = true> <Delay = 0.00>
ST_1 : Operation 27 [1/1] (0.00ns)   --->   "%specmemcore_ln0 = specmemcore void @_ssdm_op_SpecMemCore, i16 %FiltCoeff_2, i64 666, i64 19, i64 18446744073709551615"   --->   Operation 27 'specmemcore' 'specmemcore_ln0' <Predicate = true> <Delay = 0.00>
ST_1 : Operation 28 [1/1] (0.00ns)   --->   "%specmemcore_ln0 = specmemcore void @_ssdm_op_SpecMemCore, i16 %FiltCoeff_3, i64 666, i64 19, i64 18446744073709551615"   --->   Operation 28 'specmemcore' 'specmemcore_ln0' <Predicate = true> <Delay = 0.00>
ST_1 : Operation 29 [1/1] (0.00ns)   --->   "%specmemcore_ln0 = specmemcore void @_ssdm_op_SpecMemCore, i16 %FiltCoeff_4, i64 666, i64 19, i64 18446744073709551615"   --->   Operation 29 'specmemcore' 'specmemcore_ln0' <Predicate = true> <Delay = 0.00>
ST_1 : Operation 30 [1/1] (0.00ns)   --->   "%specmemcore_ln0 = specmemcore void @_ssdm_op_SpecMemCore, i16 %FiltCoeff_5, i64 666, i64 19, i64 18446744073709551615"   --->   Operation 30 'specmemcore' 'specmemcore_ln0' <Predicate = true> <Delay = 0.00>
ST_1 : Operation 31 [1/1] (0.00ns)   --->   "%specmemcore_ln0 = specmemcore void @_ssdm_op_SpecMemCore, i9 %phasesH, i64 666, i64 207, i64 1"   --->   Operation 31 'specmemcore' 'specmemcore_ln0' <Predicate = true> <Delay = 0.00>
ST_1 : Operation 32 [1/1] (0.00ns)   --->   "%specinterface_ln0 = specinterface void @_ssdm_op_SpecInterface, i9 %phasesH, void @empty_17, i32 0, i32 0, void @empty_25, i32 1, i32 0, void @empty_25, void @empty_25, void @empty_25, i32 0, i32 0, i32 0, i32 0, void @empty_25, void @empty_25, i32 4294967295, i32 0"   --->   Operation 32 'specinterface' 'specinterface_ln0' <Predicate = true> <Delay = 0.00>
ST_1 : Operation 33 [1/1] (0.00ns)   --->   "%specinterface_ln0 = specinterface void @_ssdm_op_SpecInterface, i24 %stream_upsampled, void @empty_14, i32 0, i32 0, void @empty_25, i32 0, i32 0, void @empty_25, void @empty_25, void @empty_25, i32 0, i32 0, i32 0, i32 0, void @empty_25, void @empty_25, i32 4294967295, i32 0"   --->   Operation 33 'specinterface' 'specinterface_ln0' <Predicate = true> <Delay = 0.00>
ST_1 : Operation 34 [1/1] (0.00ns)   --->   "%specinterface_ln0 = specinterface void @_ssdm_op_SpecInterface, i24 %stream_scaled, void @empty_14, i32 0, i32 0, void @empty_25, i32 0, i32 0, void @empty_25, void @empty_25, void @empty_25, i32 0, i32 0, i32 0, i32 0, void @empty_25, void @empty_25, i32 4294967295, i32 0"   --->   Operation 34 'specinterface' 'specinterface_ln0' <Predicate = true> <Delay = 0.00>
ST_1 : Operation 35 [1/1] (0.42ns)   --->   "%store_ln0 = store i32 1, i32 %ReadEn"   --->   Operation 35 'store' 'store_ln0' <Predicate = true> <Delay = 0.42>
ST_1 : Operation 36 [1/1] (0.42ns)   --->   "%store_ln0 = store i16 0, i16 %xReadPos"   --->   Operation 36 'store' 'store_ln0' <Predicate = true> <Delay = 0.42>
ST_1 : Operation 37 [1/1] (0.42ns)   --->   "%store_ln0 = store i11 0, i11 %x"   --->   Operation 37 'store' 'store_ln0' <Predicate = true> <Delay = 0.42>
ST_1 : Operation 38 [1/1] (0.00ns)   --->   "%br_ln0 = br void %for.body49"   --->   Operation 38 'br' 'br_ln0' <Predicate = true> <Delay = 0.00>
ST_1 : Operation 39 [1/1] (0.00ns)   --->   "%x_5 = load i11 %x"   --->   Operation 39 'load' 'x_5' <Predicate = true> <Delay = 0.00>
ST_1 : Operation 40 [1/1] (0.94ns)   --->   "%icmp_ln653 = icmp_eq  i11 %x_5, i11 %add_ln637_read" [/home/user/Documents/kria-vitis-platforms/kv260/platforms/vivado/kv260_ispMipiRx_vcu_DP/project/kv260_ispMipiRx_vcu_DP.runs/bd_eab1_hsc_0_synth_1/prj/sol/.autopilot/db/v_hscaler.cpp:653]   --->   Operation 40 'icmp' 'icmp_ln653' <Predicate = true> <Delay = 0.94> <CoreInst = "Cmp">   --->   Core 9 'Cmp' <Latency = 0> <II = 1> <Delay = 0.94> <FuncUnit> <Opcode : 'icmp'> <InPorts = 2> <OutPorts = 1>
ST_1 : Operation 41 [1/1] (0.79ns)   --->   "%add_ln653 = add i11 %x_5, i11 1" [/home/user/Documents/kria-vitis-platforms/kv260/platforms/vivado/kv260_ispMipiRx_vcu_DP/project/kv260_ispMipiRx_vcu_DP.runs/bd_eab1_hsc_0_synth_1/prj/sol/.autopilot/db/v_hscaler.cpp:653]   --->   Operation 41 'add' 'add_ln653' <Predicate = true> <Delay = 0.79> <CoreInst = "Adder">   --->   Core 1 'Adder' <Latency = 0> <II = 1> <Delay = 0.79> <FuncUnit> <Opcode : 'add' 'sub'> <InPorts = 2> <OutPorts = 1>
ST_1 : Operation 42 [1/1] (0.00ns)   --->   "%br_ln653 = br i1 %icmp_ln653, void %for.body49.split, void %for.inc186.exitStub" [/home/user/Documents/kria-vitis-platforms/kv260/platforms/vivado/kv260_ispMipiRx_vcu_DP/project/kv260_ispMipiRx_vcu_DP.runs/bd_eab1_hsc_0_synth_1/prj/sol/.autopilot/db/v_hscaler.cpp:653]   --->   Operation 42 'br' 'br_ln653' <Predicate = true> <Delay = 0.00>
ST_1 : Operation 43 [1/1] (0.00ns)   --->   "%tmp_17 = partselect i9 @_ssdm_op_PartSelect.i9.i11.i32.i32, i11 %x_5, i32 2, i32 10" [/home/user/Documents/kria-vitis-platforms/kv260/platforms/vivado/kv260_ispMipiRx_vcu_DP/project/kv260_ispMipiRx_vcu_DP.runs/bd_eab1_hsc_0_synth_1/prj/sol/.autopilot/db/v_hscaler.cpp:715]   --->   Operation 43 'partselect' 'tmp_17' <Predicate = (!icmp_ln653)> <Delay = 0.00>
ST_1 : Operation 44 [1/1] (0.88ns)   --->   "%icmp_ln715 = icmp_eq  i9 %tmp_17, i9 0" [/home/user/Documents/kria-vitis-platforms/kv260/platforms/vivado/kv260_ispMipiRx_vcu_DP/project/kv260_ispMipiRx_vcu_DP.runs/bd_eab1_hsc_0_synth_1/prj/sol/.autopilot/db/v_hscaler.cpp:715]   --->   Operation 44 'icmp' 'icmp_ln715' <Predicate = (!icmp_ln653)> <Delay = 0.88> <CoreInst = "Cmp">   --->   Core 9 'Cmp' <Latency = 0> <II = 1> <Delay = 0.88> <FuncUnit> <Opcode : 'icmp'> <InPorts = 2> <OutPorts = 1>
ST_1 : Operation 45 [1/1] (0.00ns)   --->   "%br_ln715 = br i1 %icmp_ln715, void %for.inc156, void %for.inc181" [/home/user/Documents/kria-vitis-platforms/kv260/platforms/vivado/kv260_ispMipiRx_vcu_DP/project/kv260_ispMipiRx_vcu_DP.runs/bd_eab1_hsc_0_synth_1/prj/sol/.autopilot/db/v_hscaler.cpp:715]   --->   Operation 45 'br' 'br_ln715' <Predicate = (!icmp_ln653)> <Delay = 0.00>
ST_1 : Operation 46 [1/1] (0.79ns)   --->   "%xbySamples = add i11 %x_5, i11 2044" [/home/user/Documents/kria-vitis-platforms/kv260/platforms/vivado/kv260_ispMipiRx_vcu_DP/project/kv260_ispMipiRx_vcu_DP.runs/bd_eab1_hsc_0_synth_1/prj/sol/.autopilot/db/v_hscaler.cpp:717]   --->   Operation 46 'add' 'xbySamples' <Predicate = (!icmp_ln653 & !icmp_ln715)> <Delay = 0.79> <CoreInst = "Adder">   --->   Core 1 'Adder' <Latency = 0> <II = 1> <Delay = 0.79> <FuncUnit> <Opcode : 'add' 'sub'> <InPorts = 2> <OutPorts = 1>
ST_1 : Operation 47 [1/1] (0.00ns)   --->   "%zext_ln722 = zext i11 %xbySamples" [/home/user/Documents/kria-vitis-platforms/kv260/platforms/vivado/kv260_ispMipiRx_vcu_DP/project/kv260_ispMipiRx_vcu_DP.runs/bd_eab1_hsc_0_synth_1/prj/sol/.autopilot/db/v_hscaler.cpp:722]   --->   Operation 47 'zext' 'zext_ln722' <Predicate = (!icmp_ln653 & !icmp_ln715)> <Delay = 0.00>
ST_1 : Operation 48 [1/1] (0.00ns)   --->   "%phasesH_addr = getelementptr i9 %phasesH, i64 0, i64 %zext_ln722" [/home/user/Documents/kria-vitis-platforms/kv260/platforms/vivado/kv260_ispMipiRx_vcu_DP/project/kv260_ispMipiRx_vcu_DP.runs/bd_eab1_hsc_0_synth_1/prj/sol/.autopilot/db/v_hscaler.cpp:722]   --->   Operation 48 'getelementptr' 'phasesH_addr' <Predicate = (!icmp_ln653 & !icmp_ln715)> <Delay = 0.00>
ST_1 : Operation 49 [2/2] (1.23ns)   --->   "%phasesH_load = load i11 %phasesH_addr" [/home/user/Documents/kria-vitis-platforms/kv260/platforms/vivado/kv260_ispMipiRx_vcu_DP/project/kv260_ispMipiRx_vcu_DP.runs/bd_eab1_hsc_0_synth_1/prj/sol/.autopilot/db/v_hscaler.cpp:722]   --->   Operation 49 'load' 'phasesH_load' <Predicate = (!icmp_ln653 & !icmp_ln715)> <Delay = 1.23> <CoreInst = "RAM_1P">   --->   Core 88 'RAM_1P' <Latency = 1> <II = 1> <Delay = 1.23> <Storage> <Opcode : 'load' 'store'> <Ports = 1> <Width = 9> <Depth = 1920> <RAM>
ST_1 : Operation 50 [1/1] (0.42ns)   --->   "%store_ln653 = store i11 %add_ln653, i11 %x" [/home/user/Documents/kria-vitis-platforms/kv260/platforms/vivado/kv260_ispMipiRx_vcu_DP/project/kv260_ispMipiRx_vcu_DP.runs/bd_eab1_hsc_0_synth_1/prj/sol/.autopilot/db/v_hscaler.cpp:653]   --->   Operation 50 'store' 'store_ln653' <Predicate = (!icmp_ln653)> <Delay = 0.42>
ST_1 : Operation 51 [1/1] (0.00ns)   --->   "%br_ln653 = br void %for.body49" [/home/user/Documents/kria-vitis-platforms/kv260/platforms/vivado/kv260_ispMipiRx_vcu_DP/project/kv260_ispMipiRx_vcu_DP.runs/bd_eab1_hsc_0_synth_1/prj/sol/.autopilot/db/v_hscaler.cpp:653]   --->   Operation 51 'br' 'br_ln653' <Predicate = (!icmp_ln653)> <Delay = 0.00>

State 2 <SV = 1> <Delay = 1.23>
ST_2 : Operation 52 [1/2] (1.23ns)   --->   "%phasesH_load = load i11 %phasesH_addr" [/home/user/Documents/kria-vitis-platforms/kv260/platforms/vivado/kv260_ispMipiRx_vcu_DP/project/kv260_ispMipiRx_vcu_DP.runs/bd_eab1_hsc_0_synth_1/prj/sol/.autopilot/db/v_hscaler.cpp:722]   --->   Operation 52 'load' 'phasesH_load' <Predicate = (!icmp_ln653 & !icmp_ln715)> <Delay = 1.23> <CoreInst = "RAM_1P">   --->   Core 88 'RAM_1P' <Latency = 1> <II = 1> <Delay = 1.23> <Storage> <Opcode : 'load' 'store'> <Ports = 1> <Width = 9> <Depth = 1920> <RAM>
ST_2 : Operation 53 [2/2] (0.00ns)   --->   "%phases_V = call i9 @reg<ap_uint<9> >, i9 %phasesH_load" [/home/user/Documents/kria-vitis-platforms/kv260/platforms/vivado/kv260_ispMipiRx_vcu_DP/project/kv260_ispMipiRx_vcu_DP.runs/bd_eab1_hsc_0_synth_1/prj/sol/.autopilot/db/v_hscaler.cpp:722]   --->   Operation 53 'call' 'phases_V' <Predicate = (!icmp_ln653 & !icmp_ln715)> <Delay = 0.00> <CoreType = "Generic">   --->   Core 0 '' <Latency = 0> <II = 1> <Delay = 1.00> <Generic> <Opcode : >

State 3 <SV = 2> <Delay = 1.94>
ST_3 : Operation 54 [1/1] (0.00ns)   --->   "%xReadPos_2 = load i16 %xReadPos" [/home/user/Documents/kria-vitis-platforms/kv260/platforms/vivado/kv260_ispMipiRx_vcu_DP/project/kv260_ispMipiRx_vcu_DP.runs/bd_eab1_hsc_0_synth_1/prj/sol/.autopilot/db/v_hscaler.cpp:752]   --->   Operation 54 'load' 'xReadPos_2' <Predicate = true> <Delay = 0.00>
ST_3 : Operation 55 [1/1] (0.00ns)   --->   "%speclooptripcount_ln0 = speclooptripcount void @_ssdm_op_SpecLoopTripCount, i64 21, i64 1925, i64 0"   --->   Operation 55 'speclooptripcount' 'speclooptripcount_ln0' <Predicate = true> <Delay = 0.00>
ST_3 : Operation 56 [1/1] (0.00ns)   --->   "%ReadEn_load = load i32 %ReadEn" [/home/user/Documents/kria-vitis-platforms/kv260/platforms/vivado/kv260_ispMipiRx_vcu_DP/project/kv260_ispMipiRx_vcu_DP.runs/bd_eab1_hsc_0_synth_1/prj/sol/.autopilot/db/v_hscaler.cpp:663]   --->   Operation 56 'load' 'ReadEn_load' <Predicate = (!icmp_ln653)> <Delay = 0.00>
ST_3 : Operation 57 [1/1] (0.00ns)   --->   "%specpipeline_ln657 = specpipeline void @_ssdm_op_SpecPipeline, i32 1, i32 0, i32 0, i32 0, void @empty_25" [/home/user/Documents/kria-vitis-platforms/kv260/platforms/vivado/kv260_ispMipiRx_vcu_DP/project/kv260_ispMipiRx_vcu_DP.runs/bd_eab1_hsc_0_synth_1/prj/sol/.autopilot/db/v_hscaler.cpp:657]   --->   Operation 57 'specpipeline' 'specpipeline_ln657' <Predicate = (!icmp_ln653)> <Delay = 0.00>
ST_3 : Operation 58 [1/1] (0.00ns)   --->   "%specloopname_ln587 = specloopname void @_ssdm_op_SpecLoopName, void @empty_9" [/home/user/Documents/kria-vitis-platforms/kv260/platforms/vivado/kv260_ispMipiRx_vcu_DP/project/kv260_ispMipiRx_vcu_DP.runs/bd_eab1_hsc_0_synth_1/prj/sol/.autopilot/db/v_hscaler.cpp:587]   --->   Operation 58 'specloopname' 'specloopname_ln587' <Predicate = (!icmp_ln653)> <Delay = 0.00>
ST_3 : Operation 59 [1/1] (0.99ns)   --->   "%icmp_ln663 = icmp_eq  i32 %ReadEn_load, i32 0" [/home/user/Documents/kria-vitis-platforms/kv260/platforms/vivado/kv260_ispMipiRx_vcu_DP/project/kv260_ispMipiRx_vcu_DP.runs/bd_eab1_hsc_0_synth_1/prj/sol/.autopilot/db/v_hscaler.cpp:663]   --->   Operation 59 'icmp' 'icmp_ln663' <Predicate = (!icmp_ln653)> <Delay = 0.99> <CoreInst = "Cmp">   --->   Core 9 'Cmp' <Latency = 0> <II = 1> <Delay = 0.99> <FuncUnit> <Opcode : 'icmp'> <InPorts = 2> <OutPorts = 1>
ST_3 : Operation 60 [1/1] (0.00ns)   --->   "%br_ln663 = br i1 %icmp_ln663, void %for.body54, void %if.end118" [/home/user/Documents/kria-vitis-platforms/kv260/platforms/vivado/kv260_ispMipiRx_vcu_DP/project/kv260_ispMipiRx_vcu_DP.runs/bd_eab1_hsc_0_synth_1/prj/sol/.autopilot/db/v_hscaler.cpp:663]   --->   Operation 60 'br' 'br_ln663' <Predicate = (!icmp_ln653)> <Delay = 0.00>
ST_3 : Operation 61 [1/1] (0.00ns)   --->   "%tmp = partselect i10 @_ssdm_op_PartSelect.i10.i11.i32.i32, i11 %x_5, i32 1, i32 10"   --->   Operation 61 'partselect' 'tmp' <Predicate = (!icmp_ln653 & !icmp_ln663)> <Delay = 0.00>
ST_3 : Operation 62 [1/1] (0.91ns)   --->   "%icmp32 = icmp_eq  i10 %tmp, i10 0"   --->   Operation 62 'icmp' 'icmp32' <Predicate = (!icmp_ln653 & !icmp_ln663)> <Delay = 0.91> <CoreInst = "Cmp">   --->   Core 9 'Cmp' <Latency = 0> <II = 1> <Delay = 0.91> <FuncUnit> <Opcode : 'icmp'> <InPorts = 2> <OutPorts = 1>
ST_3 : Operation 63 [1/1] (0.00ns)   --->   "%zext_ln676 = zext i16 %xReadPos_2" [/home/user/Documents/kria-vitis-platforms/kv260/platforms/vivado/kv260_ispMipiRx_vcu_DP/project/kv260_ispMipiRx_vcu_DP.runs/bd_eab1_hsc_0_synth_1/prj/sol/.autopilot/db/v_hscaler.cpp:676]   --->   Operation 63 'zext' 'zext_ln676' <Predicate = (!icmp_ln653 & !icmp_ln663)> <Delay = 0.00>
ST_3 : Operation 64 [1/1] (0.85ns)   --->   "%add_ln676 = add i17 %zext_ln676, i17 4" [/home/user/Documents/kria-vitis-platforms/kv260/platforms/vivado/kv260_ispMipiRx_vcu_DP/project/kv260_ispMipiRx_vcu_DP.runs/bd_eab1_hsc_0_synth_1/prj/sol/.autopilot/db/v_hscaler.cpp:676]   --->   Operation 64 'add' 'add_ln676' <Predicate = (!icmp_ln653 & !icmp_ln663)> <Delay = 0.85> <CoreInst = "Adder">   --->   Core 1 'Adder' <Latency = 0> <II = 1> <Delay = 0.85> <FuncUnit> <Opcode : 'add' 'sub'> <InPorts = 2> <OutPorts = 1>
ST_3 : Operation 65 [1/1] (1.09ns)   --->   "%icmp_ln676 = icmp_ult  i17 %add_ln676, i17 %zext_ln637_cast" [/home/user/Documents/kria-vitis-platforms/kv260/platforms/vivado/kv260_ispMipiRx_vcu_DP/project/kv260_ispMipiRx_vcu_DP.runs/bd_eab1_hsc_0_synth_1/prj/sol/.autopilot/db/v_hscaler.cpp:676]   --->   Operation 65 'icmp' 'icmp_ln676' <Predicate = (!icmp_ln653 & !icmp_ln663)> <Delay = 1.09> <CoreInst = "Cmp">   --->   Core 9 'Cmp' <Latency = 0> <II = 1> <Delay = 1.09> <FuncUnit> <Opcode : 'icmp'> <InPorts = 2> <OutPorts = 1>
ST_3 : Operation 66 [1/1] (0.00ns)   --->   "%br_ln676 = br i1 %icmp_ln676, void %if.end118, void %for.inc98" [/home/user/Documents/kria-vitis-platforms/kv260/platforms/vivado/kv260_ispMipiRx_vcu_DP/project/kv260_ispMipiRx_vcu_DP.runs/bd_eab1_hsc_0_synth_1/prj/sol/.autopilot/db/v_hscaler.cpp:676]   --->   Operation 66 'br' 'br_ln676' <Predicate = (!icmp_ln653 & !icmp_ln663)> <Delay = 0.00>
ST_3 : Operation 67 [1/2] (0.00ns)   --->   "%phases_V = call i9 @reg<ap_uint<9> >, i9 %phasesH_load" [/home/user/Documents/kria-vitis-platforms/kv260/platforms/vivado/kv260_ispMipiRx_vcu_DP/project/kv260_ispMipiRx_vcu_DP.runs/bd_eab1_hsc_0_synth_1/prj/sol/.autopilot/db/v_hscaler.cpp:722]   --->   Operation 67 'call' 'phases_V' <Predicate = (!icmp_ln653 & !icmp_ln715)> <Delay = 0.00> <CoreType = "Generic">   --->   Core 0 '' <Latency = 0> <II = 1> <Delay = 1.00> <Generic> <Opcode : >
ST_3 : Operation 68 [1/1] (0.00ns)   --->   "%PhaseH_0 = trunc i9 %phases_V"   --->   Operation 68 'trunc' 'PhaseH_0' <Predicate = (!icmp_ln653 & !icmp_ln715)> <Delay = 0.00>
ST_3 : Operation 69 [1/1] (0.00ns)   --->   "%ArrayLoc = partselect i2 @_ssdm_op_PartSelect.i2.i9.i32.i32, i9 %phases_V, i32 6, i32 7"   --->   Operation 69 'partselect' 'ArrayLoc' <Predicate = (!icmp_ln653 & !icmp_ln715)> <Delay = 0.00>
ST_3 : Operation 70 [1/1] (0.00ns)   --->   "%p_Result_s = bitselect i1 @_ssdm_op_BitSelect.i1.i9.i32, i9 %phases_V, i32 8"   --->   Operation 70 'bitselect' 'p_Result_s' <Predicate = (!icmp_ln653 & !icmp_ln715)> <Delay = 0.00>
ST_3 : Operation 71 [1/1] (0.44ns)   --->   "%ReadEn_1 = icmp_ne  i2 %ArrayLoc, i2 0" [/home/user/Documents/kria-vitis-platforms/kv260/platforms/vivado/kv260_ispMipiRx_vcu_DP/project/kv260_ispMipiRx_vcu_DP.runs/bd_eab1_hsc_0_synth_1/prj/sol/.autopilot/db/v_hscaler.cpp:737]   --->   Operation 71 'icmp' 'ReadEn_1' <Predicate = (!icmp_ln653 & !icmp_ln715)> <Delay = 0.44> <CoreInst = "Cmp">   --->   Core 9 'Cmp' <Latency = 0> <II = 1> <Delay = 0.44> <FuncUnit> <Opcode : 'icmp'> <InPorts = 2> <OutPorts = 1>
ST_3 : Operation 72 [1/1] (0.00ns)   --->   "%zext_ln737 = zext i1 %ReadEn_1" [/home/user/Documents/kria-vitis-platforms/kv260/platforms/vivado/kv260_ispMipiRx_vcu_DP/project/kv260_ispMipiRx_vcu_DP.runs/bd_eab1_hsc_0_synth_1/prj/sol/.autopilot/db/v_hscaler.cpp:737]   --->   Operation 72 'zext' 'zext_ln737' <Predicate = (!icmp_ln653 & !icmp_ln715)> <Delay = 0.00>
ST_3 : Operation 73 [1/1] (0.85ns)   --->   "%xReadPos_4 = add i16 %xReadPos_2, i16 1" [/home/user/Documents/kria-vitis-platforms/kv260/platforms/vivado/kv260_ispMipiRx_vcu_DP/project/kv260_ispMipiRx_vcu_DP.runs/bd_eab1_hsc_0_synth_1/prj/sol/.autopilot/db/v_hscaler.cpp:752]   --->   Operation 73 'add' 'xReadPos_4' <Predicate = (!icmp_ln653 & !icmp_ln715)> <Delay = 0.85> <CoreInst = "Adder">   --->   Core 1 'Adder' <Latency = 0> <II = 1> <Delay = 0.85> <FuncUnit> <Opcode : 'add' 'sub'> <InPorts = 2> <OutPorts = 1>
ST_3 : Operation 74 [1/1] (0.35ns)   --->   "%xReadPos_5 = select i1 %ReadEn_1, i16 %xReadPos_4, i16 %xReadPos_2" [/home/user/Documents/kria-vitis-platforms/kv260/platforms/vivado/kv260_ispMipiRx_vcu_DP/project/kv260_ispMipiRx_vcu_DP.runs/bd_eab1_hsc_0_synth_1/prj/sol/.autopilot/db/v_hscaler.cpp:750]   --->   Operation 74 'select' 'xReadPos_5' <Predicate = (!icmp_ln653 & !icmp_ln715)> <Delay = 0.35> <CoreInst = "Sel">   --->   Core 73 'Sel' <Latency = 0> <II = 1> <Delay = 0.35> <FuncUnit> <Opcode : 'select'> <InPorts = 3> <OutPorts = 1>
ST_3 : Operation 75 [1/1] (0.94ns)   --->   "%icmp_ln757 = icmp_ult  i11 %x_5, i11 %LoopSize_read" [/home/user/Documents/kria-vitis-platforms/kv260/platforms/vivado/kv260_ispMipiRx_vcu_DP/project/kv260_ispMipiRx_vcu_DP.runs/bd_eab1_hsc_0_synth_1/prj/sol/.autopilot/db/v_hscaler.cpp:757]   --->   Operation 75 'icmp' 'icmp_ln757' <Predicate = (!icmp_ln653 & !icmp_ln715)> <Delay = 0.94> <CoreInst = "Cmp">   --->   Core 9 'Cmp' <Latency = 0> <II = 1> <Delay = 0.94> <FuncUnit> <Opcode : 'icmp'> <InPorts = 2> <OutPorts = 1>
ST_3 : Operation 76 [1/1] (0.28ns)   --->   "%and_ln757 = and i1 %p_Result_s, i1 %icmp_ln757" [/home/user/Documents/kria-vitis-platforms/kv260/platforms/vivado/kv260_ispMipiRx_vcu_DP/project/kv260_ispMipiRx_vcu_DP.runs/bd_eab1_hsc_0_synth_1/prj/sol/.autopilot/db/v_hscaler.cpp:757]   --->   Operation 76 'and' 'and_ln757' <Predicate = (!icmp_ln653 & !icmp_ln715)> <Delay = 0.28> <CoreInst = "LogicGate">   --->   Core 74 'LogicGate' <Latency = 0> <II = 1> <Delay = 0.28> <FuncUnit> <Opcode : 'and' 'or' 'xor'> <InPorts = 2> <OutPorts = 1>
ST_3 : Operation 77 [1/1] (0.00ns)   --->   "%br_ln757 = br i1 %and_ln757, void %if.end179, void %if.then178" [/home/user/Documents/kria-vitis-platforms/kv260/platforms/vivado/kv260_ispMipiRx_vcu_DP/project/kv260_ispMipiRx_vcu_DP.runs/bd_eab1_hsc_0_synth_1/prj/sol/.autopilot/db/v_hscaler.cpp:757]   --->   Operation 77 'br' 'br_ln757' <Predicate = (!icmp_ln653 & !icmp_ln715)> <Delay = 0.00>
ST_3 : Operation 78 [1/1] (0.42ns)   --->   "%store_ln930 = store i32 %zext_ln737, i32 %ReadEn" [/home/user/Documents/kria-vitis-platforms/kv260/platforms/vivado/kv260_ispMipiRx_vcu_DP/project/kv260_ispMipiRx_vcu_DP.runs/bd_eab1_hsc_0_synth_1/prj/sol/.autopilot/db/v_hscaler.cpp:930]   --->   Operation 78 'store' 'store_ln930' <Predicate = (!icmp_ln653 & !icmp_ln715)> <Delay = 0.42>
ST_3 : Operation 79 [1/1] (0.42ns)   --->   "%store_ln930 = store i16 %xReadPos_5, i16 %xReadPos" [/home/user/Documents/kria-vitis-platforms/kv260/platforms/vivado/kv260_ispMipiRx_vcu_DP/project/kv260_ispMipiRx_vcu_DP.runs/bd_eab1_hsc_0_synth_1/prj/sol/.autopilot/db/v_hscaler.cpp:930]   --->   Operation 79 'store' 'store_ln930' <Predicate = (!icmp_ln653 & !icmp_ln715)> <Delay = 0.42>
ST_3 : Operation 80 [1/1] (0.00ns)   --->   "%br_ln930 = br void %for.inc181" [/home/user/Documents/kria-vitis-platforms/kv260/platforms/vivado/kv260_ispMipiRx_vcu_DP/project/kv260_ispMipiRx_vcu_DP.runs/bd_eab1_hsc_0_synth_1/prj/sol/.autopilot/db/v_hscaler.cpp:930]   --->   Operation 80 'br' 'br_ln930' <Predicate = (!icmp_ln653 & !icmp_ln715)> <Delay = 0.00>

State 4 <SV = 3> <Delay = 1.82>
ST_4 : Operation 81 [1/1] (0.00ns)   --->   "%PixArray_val_V_3_out_load = load i8 %PixArray_val_V_3_out" [/home/user/Documents/kria-vitis-platforms/kv260/platforms/vivado/kv260_ispMipiRx_vcu_DP/project/kv260_ispMipiRx_vcu_DP.runs/bd_eab1_hsc_0_synth_1/prj/sol/.autopilot/db/v_hscaler.cpp:676]   --->   Operation 81 'load' 'PixArray_val_V_3_out_load' <Predicate = (!icmp_ln663)> <Delay = 0.00>
ST_4 : Operation 82 [1/1] (0.00ns)   --->   "%PixArray_val_V_4_out_load = load i8 %PixArray_val_V_4_out" [/home/user/Documents/kria-vitis-platforms/kv260/platforms/vivado/kv260_ispMipiRx_vcu_DP/project/kv260_ispMipiRx_vcu_DP.runs/bd_eab1_hsc_0_synth_1/prj/sol/.autopilot/db/v_hscaler.cpp:676]   --->   Operation 82 'load' 'PixArray_val_V_4_out_load' <Predicate = (!icmp_ln663)> <Delay = 0.00>
ST_4 : Operation 83 [1/1] (0.00ns)   --->   "%PixArray_val_V_5_out_load = load i8 %PixArray_val_V_5_out" [/home/user/Documents/kria-vitis-platforms/kv260/platforms/vivado/kv260_ispMipiRx_vcu_DP/project/kv260_ispMipiRx_vcu_DP.runs/bd_eab1_hsc_0_synth_1/prj/sol/.autopilot/db/v_hscaler.cpp:676]   --->   Operation 83 'load' 'PixArray_val_V_5_out_load' <Predicate = (!icmp_ln663)> <Delay = 0.00>
ST_4 : Operation 84 [1/1] (0.00ns)   --->   "%PixArray_val_V_3_1_out_load = load i8 %PixArray_val_V_3_1_out" [/home/user/Documents/kria-vitis-platforms/kv260/platforms/vivado/kv260_ispMipiRx_vcu_DP/project/kv260_ispMipiRx_vcu_DP.runs/bd_eab1_hsc_0_synth_1/prj/sol/.autopilot/db/v_hscaler.cpp:671]   --->   Operation 84 'load' 'PixArray_val_V_3_1_out_load' <Predicate = (!icmp_ln663 & !icmp32)> <Delay = 0.00>
ST_4 : Operation 85 [1/1] (0.00ns)   --->   "%PixArray_val_V_4_1_out_load = load i8 %PixArray_val_V_4_1_out" [/home/user/Documents/kria-vitis-platforms/kv260/platforms/vivado/kv260_ispMipiRx_vcu_DP/project/kv260_ispMipiRx_vcu_DP.runs/bd_eab1_hsc_0_synth_1/prj/sol/.autopilot/db/v_hscaler.cpp:671]   --->   Operation 85 'load' 'PixArray_val_V_4_1_out_load' <Predicate = (!icmp_ln663 & !icmp32)> <Delay = 0.00>
ST_4 : Operation 86 [1/1] (0.00ns)   --->   "%PixArray_val_V_5_1_out_load = load i8 %PixArray_val_V_5_1_out" [/home/user/Documents/kria-vitis-platforms/kv260/platforms/vivado/kv260_ispMipiRx_vcu_DP/project/kv260_ispMipiRx_vcu_DP.runs/bd_eab1_hsc_0_synth_1/prj/sol/.autopilot/db/v_hscaler.cpp:671]   --->   Operation 86 'load' 'PixArray_val_V_5_1_out_load' <Predicate = (!icmp_ln663 & !icmp32)> <Delay = 0.00>
ST_4 : Operation 87 [1/1] (0.00ns)   --->   "%PixArray_val_V_6_1_out_load = load i8 %PixArray_val_V_6_1_out" [/home/user/Documents/kria-vitis-platforms/kv260/platforms/vivado/kv260_ispMipiRx_vcu_DP/project/kv260_ispMipiRx_vcu_DP.runs/bd_eab1_hsc_0_synth_1/prj/sol/.autopilot/db/v_hscaler.cpp:671]   --->   Operation 87 'load' 'PixArray_val_V_6_1_out_load' <Predicate = (!icmp_ln663 & !icmp32)> <Delay = 0.00>
ST_4 : Operation 88 [1/1] (0.00ns)   --->   "%PixArray_val_V_7_1_out_load = load i8 %PixArray_val_V_7_1_out" [/home/user/Documents/kria-vitis-platforms/kv260/platforms/vivado/kv260_ispMipiRx_vcu_DP/project/kv260_ispMipiRx_vcu_DP.runs/bd_eab1_hsc_0_synth_1/prj/sol/.autopilot/db/v_hscaler.cpp:671]   --->   Operation 88 'load' 'PixArray_val_V_7_1_out_load' <Predicate = (!icmp_ln663 & !icmp32)> <Delay = 0.00>
ST_4 : Operation 89 [1/1] (0.00ns)   --->   "%PixArray_val_V_8_1_out_load = load i8 %PixArray_val_V_8_1_out" [/home/user/Documents/kria-vitis-platforms/kv260/platforms/vivado/kv260_ispMipiRx_vcu_DP/project/kv260_ispMipiRx_vcu_DP.runs/bd_eab1_hsc_0_synth_1/prj/sol/.autopilot/db/v_hscaler.cpp:671]   --->   Operation 89 'load' 'PixArray_val_V_8_1_out_load' <Predicate = (!icmp_ln663 & !icmp32)> <Delay = 0.00>
ST_4 : Operation 90 [1/1] (0.00ns)   --->   "%PixArray_val_V_9_1_out_load = load i8 %PixArray_val_V_9_1_out" [/home/user/Documents/kria-vitis-platforms/kv260/platforms/vivado/kv260_ispMipiRx_vcu_DP/project/kv260_ispMipiRx_vcu_DP.runs/bd_eab1_hsc_0_synth_1/prj/sol/.autopilot/db/v_hscaler.cpp:671]   --->   Operation 90 'load' 'PixArray_val_V_9_1_out_load' <Predicate = (!icmp_ln663 & !icmp32)> <Delay = 0.00>
ST_4 : Operation 91 [1/1] (0.00ns)   --->   "%PixArray_val_V_10_1_out_load = load i8 %PixArray_val_V_10_1_out" [/home/user/Documents/kria-vitis-platforms/kv260/platforms/vivado/kv260_ispMipiRx_vcu_DP/project/kv260_ispMipiRx_vcu_DP.runs/bd_eab1_hsc_0_synth_1/prj/sol/.autopilot/db/v_hscaler.cpp:671]   --->   Operation 91 'load' 'PixArray_val_V_10_1_out_load' <Predicate = (!icmp_ln663 & !icmp32)> <Delay = 0.00>
ST_4 : Operation 92 [1/1] (0.00ns)   --->   "%PixArray_val_V_11_1_out_load = load i8 %PixArray_val_V_11_1_out" [/home/user/Documents/kria-vitis-platforms/kv260/platforms/vivado/kv260_ispMipiRx_vcu_DP/project/kv260_ispMipiRx_vcu_DP.runs/bd_eab1_hsc_0_synth_1/prj/sol/.autopilot/db/v_hscaler.cpp:671]   --->   Operation 92 'load' 'PixArray_val_V_11_1_out_load' <Predicate = (!icmp_ln663 & !icmp32)> <Delay = 0.00>
ST_4 : Operation 93 [1/1] (0.00ns)   --->   "%PixArray_val_V_12_1_out_load = load i8 %PixArray_val_V_12_1_out" [/home/user/Documents/kria-vitis-platforms/kv260/platforms/vivado/kv260_ispMipiRx_vcu_DP/project/kv260_ispMipiRx_vcu_DP.runs/bd_eab1_hsc_0_synth_1/prj/sol/.autopilot/db/v_hscaler.cpp:671]   --->   Operation 93 'load' 'PixArray_val_V_12_1_out_load' <Predicate = (!icmp_ln663 & !icmp32)> <Delay = 0.00>
ST_4 : Operation 94 [1/1] (0.00ns)   --->   "%PixArray_val_V_13_1_out_load = load i8 %PixArray_val_V_13_1_out" [/home/user/Documents/kria-vitis-platforms/kv260/platforms/vivado/kv260_ispMipiRx_vcu_DP/project/kv260_ispMipiRx_vcu_DP.runs/bd_eab1_hsc_0_synth_1/prj/sol/.autopilot/db/v_hscaler.cpp:671]   --->   Operation 94 'load' 'PixArray_val_V_13_1_out_load' <Predicate = (!icmp_ln663 & !icmp32)> <Delay = 0.00>
ST_4 : Operation 95 [1/1] (0.00ns)   --->   "%PixArray_val_V_14_1_out_load = load i8 %PixArray_val_V_14_1_out" [/home/user/Documents/kria-vitis-platforms/kv260/platforms/vivado/kv260_ispMipiRx_vcu_DP/project/kv260_ispMipiRx_vcu_DP.runs/bd_eab1_hsc_0_synth_1/prj/sol/.autopilot/db/v_hscaler.cpp:671]   --->   Operation 95 'load' 'PixArray_val_V_14_1_out_load' <Predicate = (!icmp_ln663 & !icmp32)> <Delay = 0.00>
ST_4 : Operation 96 [1/1] (0.00ns)   --->   "%PixArray_val_V_15_1_out_load = load i8 %PixArray_val_V_15_1_out" [/home/user/Documents/kria-vitis-platforms/kv260/platforms/vivado/kv260_ispMipiRx_vcu_DP/project/kv260_ispMipiRx_vcu_DP.runs/bd_eab1_hsc_0_synth_1/prj/sol/.autopilot/db/v_hscaler.cpp:671]   --->   Operation 96 'load' 'PixArray_val_V_15_1_out_load' <Predicate = (!icmp_ln663 & !icmp32)> <Delay = 0.00>
ST_4 : Operation 97 [1/1] (0.00ns)   --->   "%PixArray_val_V_16_1_out_load = load i8 %PixArray_val_V_16_1_out" [/home/user/Documents/kria-vitis-platforms/kv260/platforms/vivado/kv260_ispMipiRx_vcu_DP/project/kv260_ispMipiRx_vcu_DP.runs/bd_eab1_hsc_0_synth_1/prj/sol/.autopilot/db/v_hscaler.cpp:671]   --->   Operation 97 'load' 'PixArray_val_V_16_1_out_load' <Predicate = (!icmp_ln663 & !icmp32)> <Delay = 0.00>
ST_4 : Operation 98 [1/1] (0.00ns)   --->   "%PixArray_val_V_17_1_out_load = load i8 %PixArray_val_V_17_1_out" [/home/user/Documents/kria-vitis-platforms/kv260/platforms/vivado/kv260_ispMipiRx_vcu_DP/project/kv260_ispMipiRx_vcu_DP.runs/bd_eab1_hsc_0_synth_1/prj/sol/.autopilot/db/v_hscaler.cpp:671]   --->   Operation 98 'load' 'PixArray_val_V_17_1_out_load' <Predicate = (!icmp_ln663 & !icmp32)> <Delay = 0.00>
ST_4 : Operation 99 [1/1] (0.00ns)   --->   "%PixArray_val_V_18_1_out_load = load i8 %PixArray_val_V_18_1_out" [/home/user/Documents/kria-vitis-platforms/kv260/platforms/vivado/kv260_ispMipiRx_vcu_DP/project/kv260_ispMipiRx_vcu_DP.runs/bd_eab1_hsc_0_synth_1/prj/sol/.autopilot/db/v_hscaler.cpp:671]   --->   Operation 99 'load' 'PixArray_val_V_18_1_out_load' <Predicate = (!icmp_ln663 & !icmp32)> <Delay = 0.00>
ST_4 : Operation 100 [1/1] (0.00ns)   --->   "%PixArray_val_V_19_1_out_load = load i8 %PixArray_val_V_19_1_out" [/home/user/Documents/kria-vitis-platforms/kv260/platforms/vivado/kv260_ispMipiRx_vcu_DP/project/kv260_ispMipiRx_vcu_DP.runs/bd_eab1_hsc_0_synth_1/prj/sol/.autopilot/db/v_hscaler.cpp:671]   --->   Operation 100 'load' 'PixArray_val_V_19_1_out_load' <Predicate = (!icmp_ln663 & !icmp32)> <Delay = 0.00>
ST_4 : Operation 101 [1/1] (0.00ns)   --->   "%PixArray_val_V_20_1_out_load = load i8 %PixArray_val_V_20_1_out" [/home/user/Documents/kria-vitis-platforms/kv260/platforms/vivado/kv260_ispMipiRx_vcu_DP/project/kv260_ispMipiRx_vcu_DP.runs/bd_eab1_hsc_0_synth_1/prj/sol/.autopilot/db/v_hscaler.cpp:671]   --->   Operation 101 'load' 'PixArray_val_V_20_1_out_load' <Predicate = (!icmp_ln663 & !icmp32)> <Delay = 0.00>
ST_4 : Operation 102 [1/1] (0.39ns)   --->   "%select_ln671 = select i1 %icmp32, i8 %PixArray_val_V_5_out_load, i8 %PixArray_val_V_17_1_out_load" [/home/user/Documents/kria-vitis-platforms/kv260/platforms/vivado/kv260_ispMipiRx_vcu_DP/project/kv260_ispMipiRx_vcu_DP.runs/bd_eab1_hsc_0_synth_1/prj/sol/.autopilot/db/v_hscaler.cpp:671]   --->   Operation 102 'select' 'select_ln671' <Predicate = (!icmp_ln663)> <Delay = 0.39> <CoreInst = "Sel">   --->   Core 73 'Sel' <Latency = 0> <II = 1> <Delay = 0.39> <FuncUnit> <Opcode : 'select'> <InPorts = 3> <OutPorts = 1>
ST_4 : Operation 103 [1/1] (0.39ns)   --->   "%select_ln671_1 = select i1 %icmp32, i8 %PixArray_val_V_4_out_load, i8 %PixArray_val_V_16_1_out_load" [/home/user/Documents/kria-vitis-platforms/kv260/platforms/vivado/kv260_ispMipiRx_vcu_DP/project/kv260_ispMipiRx_vcu_DP.runs/bd_eab1_hsc_0_synth_1/prj/sol/.autopilot/db/v_hscaler.cpp:671]   --->   Operation 103 'select' 'select_ln671_1' <Predicate = (!icmp_ln663)> <Delay = 0.39> <CoreInst = "Sel">   --->   Core 73 'Sel' <Latency = 0> <II = 1> <Delay = 0.39> <FuncUnit> <Opcode : 'select'> <InPorts = 3> <OutPorts = 1>
ST_4 : Operation 104 [1/1] (0.39ns)   --->   "%select_ln671_2 = select i1 %icmp32, i8 %PixArray_val_V_3_out_load, i8 %PixArray_val_V_15_1_out_load" [/home/user/Documents/kria-vitis-platforms/kv260/platforms/vivado/kv260_ispMipiRx_vcu_DP/project/kv260_ispMipiRx_vcu_DP.runs/bd_eab1_hsc_0_synth_1/prj/sol/.autopilot/db/v_hscaler.cpp:671]   --->   Operation 104 'select' 'select_ln671_2' <Predicate = (!icmp_ln663)> <Delay = 0.39> <CoreInst = "Sel">   --->   Core 73 'Sel' <Latency = 0> <II = 1> <Delay = 0.39> <FuncUnit> <Opcode : 'select'> <InPorts = 3> <OutPorts = 1>
ST_4 : Operation 105 [1/1] (0.39ns)   --->   "%select_ln671_3 = select i1 %icmp32, i8 %PixArray_val_V_5_out_load, i8 %PixArray_val_V_14_1_out_load" [/home/user/Documents/kria-vitis-platforms/kv260/platforms/vivado/kv260_ispMipiRx_vcu_DP/project/kv260_ispMipiRx_vcu_DP.runs/bd_eab1_hsc_0_synth_1/prj/sol/.autopilot/db/v_hscaler.cpp:671]   --->   Operation 105 'select' 'select_ln671_3' <Predicate = (!icmp_ln663)> <Delay = 0.39> <CoreInst = "Sel">   --->   Core 73 'Sel' <Latency = 0> <II = 1> <Delay = 0.39> <FuncUnit> <Opcode : 'select'> <InPorts = 3> <OutPorts = 1>
ST_4 : Operation 106 [1/1] (0.39ns)   --->   "%select_ln671_4 = select i1 %icmp32, i8 %PixArray_val_V_4_out_load, i8 %PixArray_val_V_13_1_out_load" [/home/user/Documents/kria-vitis-platforms/kv260/platforms/vivado/kv260_ispMipiRx_vcu_DP/project/kv260_ispMipiRx_vcu_DP.runs/bd_eab1_hsc_0_synth_1/prj/sol/.autopilot/db/v_hscaler.cpp:671]   --->   Operation 106 'select' 'select_ln671_4' <Predicate = (!icmp_ln663)> <Delay = 0.39> <CoreInst = "Sel">   --->   Core 73 'Sel' <Latency = 0> <II = 1> <Delay = 0.39> <FuncUnit> <Opcode : 'select'> <InPorts = 3> <OutPorts = 1>
ST_4 : Operation 107 [1/1] (0.39ns)   --->   "%select_ln671_5 = select i1 %icmp32, i8 %PixArray_val_V_3_out_load, i8 %PixArray_val_V_12_1_out_load" [/home/user/Documents/kria-vitis-platforms/kv260/platforms/vivado/kv260_ispMipiRx_vcu_DP/project/kv260_ispMipiRx_vcu_DP.runs/bd_eab1_hsc_0_synth_1/prj/sol/.autopilot/db/v_hscaler.cpp:671]   --->   Operation 107 'select' 'select_ln671_5' <Predicate = (!icmp_ln663)> <Delay = 0.39> <CoreInst = "Sel">   --->   Core 73 'Sel' <Latency = 0> <II = 1> <Delay = 0.39> <FuncUnit> <Opcode : 'select'> <InPorts = 3> <OutPorts = 1>
ST_4 : Operation 108 [1/1] (0.39ns)   --->   "%select_ln671_6 = select i1 %icmp32, i8 %PixArray_val_V_5_out_load, i8 %PixArray_val_V_11_1_out_load" [/home/user/Documents/kria-vitis-platforms/kv260/platforms/vivado/kv260_ispMipiRx_vcu_DP/project/kv260_ispMipiRx_vcu_DP.runs/bd_eab1_hsc_0_synth_1/prj/sol/.autopilot/db/v_hscaler.cpp:671]   --->   Operation 108 'select' 'select_ln671_6' <Predicate = (!icmp_ln663)> <Delay = 0.39> <CoreInst = "Sel">   --->   Core 73 'Sel' <Latency = 0> <II = 1> <Delay = 0.39> <FuncUnit> <Opcode : 'select'> <InPorts = 3> <OutPorts = 1>
ST_4 : Operation 109 [1/1] (0.39ns)   --->   "%select_ln671_7 = select i1 %icmp32, i8 %PixArray_val_V_4_out_load, i8 %PixArray_val_V_10_1_out_load" [/home/user/Documents/kria-vitis-platforms/kv260/platforms/vivado/kv260_ispMipiRx_vcu_DP/project/kv260_ispMipiRx_vcu_DP.runs/bd_eab1_hsc_0_synth_1/prj/sol/.autopilot/db/v_hscaler.cpp:671]   --->   Operation 109 'select' 'select_ln671_7' <Predicate = (!icmp_ln663)> <Delay = 0.39> <CoreInst = "Sel">   --->   Core 73 'Sel' <Latency = 0> <II = 1> <Delay = 0.39> <FuncUnit> <Opcode : 'select'> <InPorts = 3> <OutPorts = 1>
ST_4 : Operation 110 [1/1] (0.39ns)   --->   "%select_ln671_8 = select i1 %icmp32, i8 %PixArray_val_V_3_out_load, i8 %PixArray_val_V_9_1_out_load" [/home/user/Documents/kria-vitis-platforms/kv260/platforms/vivado/kv260_ispMipiRx_vcu_DP/project/kv260_ispMipiRx_vcu_DP.runs/bd_eab1_hsc_0_synth_1/prj/sol/.autopilot/db/v_hscaler.cpp:671]   --->   Operation 110 'select' 'select_ln671_8' <Predicate = (!icmp_ln663)> <Delay = 0.39> <CoreInst = "Sel">   --->   Core 73 'Sel' <Latency = 0> <II = 1> <Delay = 0.39> <FuncUnit> <Opcode : 'select'> <InPorts = 3> <OutPorts = 1>
ST_4 : Operation 111 [1/1] (0.39ns)   --->   "%select_ln671_9 = select i1 %icmp32, i8 %PixArray_val_V_5_out_load, i8 %PixArray_val_V_8_1_out_load" [/home/user/Documents/kria-vitis-platforms/kv260/platforms/vivado/kv260_ispMipiRx_vcu_DP/project/kv260_ispMipiRx_vcu_DP.runs/bd_eab1_hsc_0_synth_1/prj/sol/.autopilot/db/v_hscaler.cpp:671]   --->   Operation 111 'select' 'select_ln671_9' <Predicate = (!icmp_ln663)> <Delay = 0.39> <CoreInst = "Sel">   --->   Core 73 'Sel' <Latency = 0> <II = 1> <Delay = 0.39> <FuncUnit> <Opcode : 'select'> <InPorts = 3> <OutPorts = 1>
ST_4 : Operation 112 [1/1] (0.39ns)   --->   "%select_ln671_10 = select i1 %icmp32, i8 %PixArray_val_V_4_out_load, i8 %PixArray_val_V_7_1_out_load" [/home/user/Documents/kria-vitis-platforms/kv260/platforms/vivado/kv260_ispMipiRx_vcu_DP/project/kv260_ispMipiRx_vcu_DP.runs/bd_eab1_hsc_0_synth_1/prj/sol/.autopilot/db/v_hscaler.cpp:671]   --->   Operation 112 'select' 'select_ln671_10' <Predicate = (!icmp_ln663)> <Delay = 0.39> <CoreInst = "Sel">   --->   Core 73 'Sel' <Latency = 0> <II = 1> <Delay = 0.39> <FuncUnit> <Opcode : 'select'> <InPorts = 3> <OutPorts = 1>
ST_4 : Operation 113 [1/1] (0.39ns)   --->   "%select_ln671_11 = select i1 %icmp32, i8 %PixArray_val_V_3_out_load, i8 %PixArray_val_V_6_1_out_load" [/home/user/Documents/kria-vitis-platforms/kv260/platforms/vivado/kv260_ispMipiRx_vcu_DP/project/kv260_ispMipiRx_vcu_DP.runs/bd_eab1_hsc_0_synth_1/prj/sol/.autopilot/db/v_hscaler.cpp:671]   --->   Operation 113 'select' 'select_ln671_11' <Predicate = (!icmp_ln663)> <Delay = 0.39> <CoreInst = "Sel">   --->   Core 73 'Sel' <Latency = 0> <II = 1> <Delay = 0.39> <FuncUnit> <Opcode : 'select'> <InPorts = 3> <OutPorts = 1>
ST_4 : Operation 114 [1/1] (0.39ns)   --->   "%select_ln671_12 = select i1 %icmp32, i8 %PixArray_val_V_5_out_load, i8 %PixArray_val_V_5_1_out_load" [/home/user/Documents/kria-vitis-platforms/kv260/platforms/vivado/kv260_ispMipiRx_vcu_DP/project/kv260_ispMipiRx_vcu_DP.runs/bd_eab1_hsc_0_synth_1/prj/sol/.autopilot/db/v_hscaler.cpp:671]   --->   Operation 114 'select' 'select_ln671_12' <Predicate = (!icmp_ln663)> <Delay = 0.39> <CoreInst = "Sel">   --->   Core 73 'Sel' <Latency = 0> <II = 1> <Delay = 0.39> <FuncUnit> <Opcode : 'select'> <InPorts = 3> <OutPorts = 1>
ST_4 : Operation 115 [1/1] (0.39ns)   --->   "%select_ln671_13 = select i1 %icmp32, i8 %PixArray_val_V_4_out_load, i8 %PixArray_val_V_4_1_out_load" [/home/user/Documents/kria-vitis-platforms/kv260/platforms/vivado/kv260_ispMipiRx_vcu_DP/project/kv260_ispMipiRx_vcu_DP.runs/bd_eab1_hsc_0_synth_1/prj/sol/.autopilot/db/v_hscaler.cpp:671]   --->   Operation 115 'select' 'select_ln671_13' <Predicate = (!icmp_ln663)> <Delay = 0.39> <CoreInst = "Sel">   --->   Core 73 'Sel' <Latency = 0> <II = 1> <Delay = 0.39> <FuncUnit> <Opcode : 'select'> <InPorts = 3> <OutPorts = 1>
ST_4 : Operation 116 [1/1] (0.39ns)   --->   "%select_ln671_14 = select i1 %icmp32, i8 %PixArray_val_V_3_out_load, i8 %PixArray_val_V_3_1_out_load" [/home/user/Documents/kria-vitis-platforms/kv260/platforms/vivado/kv260_ispMipiRx_vcu_DP/project/kv260_ispMipiRx_vcu_DP.runs/bd_eab1_hsc_0_synth_1/prj/sol/.autopilot/db/v_hscaler.cpp:671]   --->   Operation 116 'select' 'select_ln671_14' <Predicate = (!icmp_ln663)> <Delay = 0.39> <CoreInst = "Sel">   --->   Core 73 'Sel' <Latency = 0> <II = 1> <Delay = 0.39> <FuncUnit> <Opcode : 'select'> <InPorts = 3> <OutPorts = 1>
ST_4 : Operation 117 [1/1] (0.39ns)   --->   "%PixArray_val_V = select i1 %icmp32, i8 %PixArray_val_V_3_out_load, i8 %PixArray_val_V_18_1_out_load" [/home/user/Documents/kria-vitis-platforms/kv260/platforms/vivado/kv260_ispMipiRx_vcu_DP/project/kv260_ispMipiRx_vcu_DP.runs/bd_eab1_hsc_0_synth_1/prj/sol/.autopilot/db/v_hscaler.cpp:671]   --->   Operation 117 'select' 'PixArray_val_V' <Predicate = (!icmp_ln663)> <Delay = 0.39> <CoreInst = "Sel">   --->   Core 73 'Sel' <Latency = 0> <II = 1> <Delay = 0.39> <FuncUnit> <Opcode : 'select'> <InPorts = 3> <OutPorts = 1>
ST_4 : Operation 118 [1/1] (0.39ns)   --->   "%PixArray_val_V_1 = select i1 %icmp32, i8 %PixArray_val_V_4_out_load, i8 %PixArray_val_V_19_1_out_load" [/home/user/Documents/kria-vitis-platforms/kv260/platforms/vivado/kv260_ispMipiRx_vcu_DP/project/kv260_ispMipiRx_vcu_DP.runs/bd_eab1_hsc_0_synth_1/prj/sol/.autopilot/db/v_hscaler.cpp:671]   --->   Operation 118 'select' 'PixArray_val_V_1' <Predicate = (!icmp_ln663)> <Delay = 0.39> <CoreInst = "Sel">   --->   Core 73 'Sel' <Latency = 0> <II = 1> <Delay = 0.39> <FuncUnit> <Opcode : 'select'> <InPorts = 3> <OutPorts = 1>
ST_4 : Operation 119 [1/1] (0.39ns)   --->   "%PixArray_val_V_2 = select i1 %icmp32, i8 %PixArray_val_V_5_out_load, i8 %PixArray_val_V_20_1_out_load" [/home/user/Documents/kria-vitis-platforms/kv260/platforms/vivado/kv260_ispMipiRx_vcu_DP/project/kv260_ispMipiRx_vcu_DP.runs/bd_eab1_hsc_0_synth_1/prj/sol/.autopilot/db/v_hscaler.cpp:671]   --->   Operation 119 'select' 'PixArray_val_V_2' <Predicate = (!icmp_ln663)> <Delay = 0.39> <CoreInst = "Sel">   --->   Core 73 'Sel' <Latency = 0> <II = 1> <Delay = 0.39> <FuncUnit> <Opcode : 'select'> <InPorts = 3> <OutPorts = 1>
ST_4 : Operation 120 [1/1] (0.00ns)   --->   "%store_ln676 = store i8 %PixArray_val_V_5_out_load, i8 %PixArray_val_V_20_1_out" [/home/user/Documents/kria-vitis-platforms/kv260/platforms/vivado/kv260_ispMipiRx_vcu_DP/project/kv260_ispMipiRx_vcu_DP.runs/bd_eab1_hsc_0_synth_1/prj/sol/.autopilot/db/v_hscaler.cpp:676]   --->   Operation 120 'store' 'store_ln676' <Predicate = (!icmp_ln663)> <Delay = 0.00>
ST_4 : Operation 121 [1/1] (0.00ns)   --->   "%store_ln676 = store i8 %PixArray_val_V_4_out_load, i8 %PixArray_val_V_19_1_out" [/home/user/Documents/kria-vitis-platforms/kv260/platforms/vivado/kv260_ispMipiRx_vcu_DP/project/kv260_ispMipiRx_vcu_DP.runs/bd_eab1_hsc_0_synth_1/prj/sol/.autopilot/db/v_hscaler.cpp:676]   --->   Operation 121 'store' 'store_ln676' <Predicate = (!icmp_ln663)> <Delay = 0.00>
ST_4 : Operation 122 [1/1] (0.00ns)   --->   "%store_ln676 = store i8 %PixArray_val_V_3_out_load, i8 %PixArray_val_V_18_1_out" [/home/user/Documents/kria-vitis-platforms/kv260/platforms/vivado/kv260_ispMipiRx_vcu_DP/project/kv260_ispMipiRx_vcu_DP.runs/bd_eab1_hsc_0_synth_1/prj/sol/.autopilot/db/v_hscaler.cpp:676]   --->   Operation 122 'store' 'store_ln676' <Predicate = (!icmp_ln663)> <Delay = 0.00>
ST_4 : Operation 123 [1/1] (0.00ns)   --->   "%store_ln676 = store i8 %PixArray_val_V_2, i8 %PixArray_val_V_17_1_out" [/home/user/Documents/kria-vitis-platforms/kv260/platforms/vivado/kv260_ispMipiRx_vcu_DP/project/kv260_ispMipiRx_vcu_DP.runs/bd_eab1_hsc_0_synth_1/prj/sol/.autopilot/db/v_hscaler.cpp:676]   --->   Operation 123 'store' 'store_ln676' <Predicate = (!icmp_ln663)> <Delay = 0.00>
ST_4 : Operation 124 [1/1] (0.00ns)   --->   "%store_ln676 = store i8 %PixArray_val_V_1, i8 %PixArray_val_V_16_1_out" [/home/user/Documents/kria-vitis-platforms/kv260/platforms/vivado/kv260_ispMipiRx_vcu_DP/project/kv260_ispMipiRx_vcu_DP.runs/bd_eab1_hsc_0_synth_1/prj/sol/.autopilot/db/v_hscaler.cpp:676]   --->   Operation 124 'store' 'store_ln676' <Predicate = (!icmp_ln663)> <Delay = 0.00>
ST_4 : Operation 125 [1/1] (0.00ns)   --->   "%store_ln676 = store i8 %PixArray_val_V, i8 %PixArray_val_V_15_1_out" [/home/user/Documents/kria-vitis-platforms/kv260/platforms/vivado/kv260_ispMipiRx_vcu_DP/project/kv260_ispMipiRx_vcu_DP.runs/bd_eab1_hsc_0_synth_1/prj/sol/.autopilot/db/v_hscaler.cpp:676]   --->   Operation 125 'store' 'store_ln676' <Predicate = (!icmp_ln663)> <Delay = 0.00>
ST_4 : Operation 126 [1/1] (0.00ns)   --->   "%store_ln676 = store i8 %select_ln671, i8 %PixArray_val_V_14_1_out" [/home/user/Documents/kria-vitis-platforms/kv260/platforms/vivado/kv260_ispMipiRx_vcu_DP/project/kv260_ispMipiRx_vcu_DP.runs/bd_eab1_hsc_0_synth_1/prj/sol/.autopilot/db/v_hscaler.cpp:676]   --->   Operation 126 'store' 'store_ln676' <Predicate = (!icmp_ln663)> <Delay = 0.00>
ST_4 : Operation 127 [1/1] (0.00ns)   --->   "%store_ln676 = store i8 %select_ln671_1, i8 %PixArray_val_V_13_1_out" [/home/user/Documents/kria-vitis-platforms/kv260/platforms/vivado/kv260_ispMipiRx_vcu_DP/project/kv260_ispMipiRx_vcu_DP.runs/bd_eab1_hsc_0_synth_1/prj/sol/.autopilot/db/v_hscaler.cpp:676]   --->   Operation 127 'store' 'store_ln676' <Predicate = (!icmp_ln663)> <Delay = 0.00>
ST_4 : Operation 128 [1/1] (0.00ns)   --->   "%store_ln676 = store i8 %select_ln671_2, i8 %PixArray_val_V_12_1_out" [/home/user/Documents/kria-vitis-platforms/kv260/platforms/vivado/kv260_ispMipiRx_vcu_DP/project/kv260_ispMipiRx_vcu_DP.runs/bd_eab1_hsc_0_synth_1/prj/sol/.autopilot/db/v_hscaler.cpp:676]   --->   Operation 128 'store' 'store_ln676' <Predicate = (!icmp_ln663)> <Delay = 0.00>
ST_4 : Operation 129 [1/1] (0.00ns)   --->   "%store_ln676 = store i8 %select_ln671_3, i8 %PixArray_val_V_11_1_out" [/home/user/Documents/kria-vitis-platforms/kv260/platforms/vivado/kv260_ispMipiRx_vcu_DP/project/kv260_ispMipiRx_vcu_DP.runs/bd_eab1_hsc_0_synth_1/prj/sol/.autopilot/db/v_hscaler.cpp:676]   --->   Operation 129 'store' 'store_ln676' <Predicate = (!icmp_ln663)> <Delay = 0.00>
ST_4 : Operation 130 [1/1] (0.00ns)   --->   "%store_ln676 = store i8 %select_ln671_4, i8 %PixArray_val_V_10_1_out" [/home/user/Documents/kria-vitis-platforms/kv260/platforms/vivado/kv260_ispMipiRx_vcu_DP/project/kv260_ispMipiRx_vcu_DP.runs/bd_eab1_hsc_0_synth_1/prj/sol/.autopilot/db/v_hscaler.cpp:676]   --->   Operation 130 'store' 'store_ln676' <Predicate = (!icmp_ln663)> <Delay = 0.00>
ST_4 : Operation 131 [1/1] (0.00ns)   --->   "%store_ln676 = store i8 %select_ln671_5, i8 %PixArray_val_V_9_1_out" [/home/user/Documents/kria-vitis-platforms/kv260/platforms/vivado/kv260_ispMipiRx_vcu_DP/project/kv260_ispMipiRx_vcu_DP.runs/bd_eab1_hsc_0_synth_1/prj/sol/.autopilot/db/v_hscaler.cpp:676]   --->   Operation 131 'store' 'store_ln676' <Predicate = (!icmp_ln663)> <Delay = 0.00>
ST_4 : Operation 132 [1/1] (0.00ns)   --->   "%store_ln676 = store i8 %select_ln671_6, i8 %PixArray_val_V_8_1_out" [/home/user/Documents/kria-vitis-platforms/kv260/platforms/vivado/kv260_ispMipiRx_vcu_DP/project/kv260_ispMipiRx_vcu_DP.runs/bd_eab1_hsc_0_synth_1/prj/sol/.autopilot/db/v_hscaler.cpp:676]   --->   Operation 132 'store' 'store_ln676' <Predicate = (!icmp_ln663)> <Delay = 0.00>
ST_4 : Operation 133 [1/1] (0.00ns)   --->   "%store_ln676 = store i8 %select_ln671_7, i8 %PixArray_val_V_7_1_out" [/home/user/Documents/kria-vitis-platforms/kv260/platforms/vivado/kv260_ispMipiRx_vcu_DP/project/kv260_ispMipiRx_vcu_DP.runs/bd_eab1_hsc_0_synth_1/prj/sol/.autopilot/db/v_hscaler.cpp:676]   --->   Operation 133 'store' 'store_ln676' <Predicate = (!icmp_ln663)> <Delay = 0.00>
ST_4 : Operation 134 [1/1] (0.00ns)   --->   "%store_ln676 = store i8 %select_ln671_8, i8 %PixArray_val_V_6_1_out" [/home/user/Documents/kria-vitis-platforms/kv260/platforms/vivado/kv260_ispMipiRx_vcu_DP/project/kv260_ispMipiRx_vcu_DP.runs/bd_eab1_hsc_0_synth_1/prj/sol/.autopilot/db/v_hscaler.cpp:676]   --->   Operation 134 'store' 'store_ln676' <Predicate = (!icmp_ln663)> <Delay = 0.00>
ST_4 : Operation 135 [1/1] (0.00ns)   --->   "%store_ln676 = store i8 %select_ln671_9, i8 %PixArray_val_V_5_1_out" [/home/user/Documents/kria-vitis-platforms/kv260/platforms/vivado/kv260_ispMipiRx_vcu_DP/project/kv260_ispMipiRx_vcu_DP.runs/bd_eab1_hsc_0_synth_1/prj/sol/.autopilot/db/v_hscaler.cpp:676]   --->   Operation 135 'store' 'store_ln676' <Predicate = (!icmp_ln663)> <Delay = 0.00>
ST_4 : Operation 136 [1/1] (0.00ns)   --->   "%store_ln676 = store i8 %select_ln671_10, i8 %PixArray_val_V_4_1_out" [/home/user/Documents/kria-vitis-platforms/kv260/platforms/vivado/kv260_ispMipiRx_vcu_DP/project/kv260_ispMipiRx_vcu_DP.runs/bd_eab1_hsc_0_synth_1/prj/sol/.autopilot/db/v_hscaler.cpp:676]   --->   Operation 136 'store' 'store_ln676' <Predicate = (!icmp_ln663)> <Delay = 0.00>
ST_4 : Operation 137 [1/1] (0.00ns)   --->   "%store_ln676 = store i8 %select_ln671_11, i8 %PixArray_val_V_3_1_out" [/home/user/Documents/kria-vitis-platforms/kv260/platforms/vivado/kv260_ispMipiRx_vcu_DP/project/kv260_ispMipiRx_vcu_DP.runs/bd_eab1_hsc_0_synth_1/prj/sol/.autopilot/db/v_hscaler.cpp:676]   --->   Operation 137 'store' 'store_ln676' <Predicate = (!icmp_ln663)> <Delay = 0.00>
ST_4 : Operation 138 [1/1] (0.00ns)   --->   "%store_ln676 = store i8 %select_ln671_12, i8 %PixArray_val_V_2_1_out" [/home/user/Documents/kria-vitis-platforms/kv260/platforms/vivado/kv260_ispMipiRx_vcu_DP/project/kv260_ispMipiRx_vcu_DP.runs/bd_eab1_hsc_0_synth_1/prj/sol/.autopilot/db/v_hscaler.cpp:676]   --->   Operation 138 'store' 'store_ln676' <Predicate = (!icmp_ln663)> <Delay = 0.00>
ST_4 : Operation 139 [1/1] (0.00ns)   --->   "%store_ln676 = store i8 %select_ln671_13, i8 %PixArray_val_V_1_1_out" [/home/user/Documents/kria-vitis-platforms/kv260/platforms/vivado/kv260_ispMipiRx_vcu_DP/project/kv260_ispMipiRx_vcu_DP.runs/bd_eab1_hsc_0_synth_1/prj/sol/.autopilot/db/v_hscaler.cpp:676]   --->   Operation 139 'store' 'store_ln676' <Predicate = (!icmp_ln663)> <Delay = 0.00>
ST_4 : Operation 140 [1/1] (0.00ns)   --->   "%store_ln676 = store i8 %select_ln671_14, i8 %PixArray_val_V_146_out" [/home/user/Documents/kria-vitis-platforms/kv260/platforms/vivado/kv260_ispMipiRx_vcu_DP/project/kv260_ispMipiRx_vcu_DP.runs/bd_eab1_hsc_0_synth_1/prj/sol/.autopilot/db/v_hscaler.cpp:676]   --->   Operation 140 'store' 'store_ln676' <Predicate = (!icmp_ln663)> <Delay = 0.00>
ST_4 : Operation 141 [1/1] (1.82ns)   --->   "%stream_upsampled_read = read i24 @_ssdm_op_Read.ap_fifo.volatile.i24P0A, i24 %stream_upsampled" [/home/user/Documents/kria-vitis-platforms/kv260/platforms/vivado/kv260_ispMipiRx_vcu_DP/project/kv260_ispMipiRx_vcu_DP.runs/bd_eab1_hsc_0_synth_1/prj/sol/.autopilot/db/v_hscaler.cpp:682]   --->   Operation 141 'read' 'stream_upsampled_read' <Predicate = (!icmp_ln663 & icmp_ln676)> <Delay = 1.82> <CoreInst = "FIFO_SRL">   --->   Core 81 'FIFO_SRL' <Latency = 0> <II = 1> <Delay = 2.04> <Storage> <Opcode : 'read' 'write' 'nbread' 'nbwrite'> <Ports = 0> <Width = 24> <Depth = 16> <FIFO>
ST_4 : Operation 142 [1/1] (0.00ns)   --->   "%PixArray_val_V_3 = trunc i24 %stream_upsampled_read" [/home/user/Documents/kria-vitis-platforms/kv260/platforms/vivado/kv260_ispMipiRx_vcu_DP/project/kv260_ispMipiRx_vcu_DP.runs/bd_eab1_hsc_0_synth_1/prj/sol/.autopilot/db/v_hscaler.cpp:682]   --->   Operation 142 'trunc' 'PixArray_val_V_3' <Predicate = (!icmp_ln663 & icmp_ln676)> <Delay = 0.00>
ST_4 : Operation 143 [1/1] (0.00ns)   --->   "%PixArray_val_V_4 = partselect i8 @_ssdm_op_PartSelect.i8.i24.i32.i32, i24 %stream_upsampled_read, i32 8, i32 15" [/home/user/Documents/kria-vitis-platforms/kv260/platforms/vivado/kv260_ispMipiRx_vcu_DP/project/kv260_ispMipiRx_vcu_DP.runs/bd_eab1_hsc_0_synth_1/prj/sol/.autopilot/db/v_hscaler.cpp:682]   --->   Operation 143 'partselect' 'PixArray_val_V_4' <Predicate = (!icmp_ln663 & icmp_ln676)> <Delay = 0.00>
ST_4 : Operation 144 [1/1] (0.00ns)   --->   "%PixArray_val_V_5 = partselect i8 @_ssdm_op_PartSelect.i8.i24.i32.i32, i24 %stream_upsampled_read, i32 16, i32 23" [/home/user/Documents/kria-vitis-platforms/kv260/platforms/vivado/kv260_ispMipiRx_vcu_DP/project/kv260_ispMipiRx_vcu_DP.runs/bd_eab1_hsc_0_synth_1/prj/sol/.autopilot/db/v_hscaler.cpp:682]   --->   Operation 144 'partselect' 'PixArray_val_V_5' <Predicate = (!icmp_ln663 & icmp_ln676)> <Delay = 0.00>
ST_4 : Operation 145 [1/1] (0.00ns)   --->   "%store_ln691 = store i8 %PixArray_val_V_5, i8 %PixArray_val_V_5_out" [/home/user/Documents/kria-vitis-platforms/kv260/platforms/vivado/kv260_ispMipiRx_vcu_DP/project/kv260_ispMipiRx_vcu_DP.runs/bd_eab1_hsc_0_synth_1/prj/sol/.autopilot/db/v_hscaler.cpp:691]   --->   Operation 145 'store' 'store_ln691' <Predicate = (!icmp_ln663 & icmp_ln676)> <Delay = 0.00>
ST_4 : Operation 146 [1/1] (0.00ns)   --->   "%store_ln691 = store i8 %PixArray_val_V_4, i8 %PixArray_val_V_4_out" [/home/user/Documents/kria-vitis-platforms/kv260/platforms/vivado/kv260_ispMipiRx_vcu_DP/project/kv260_ispMipiRx_vcu_DP.runs/bd_eab1_hsc_0_synth_1/prj/sol/.autopilot/db/v_hscaler.cpp:691]   --->   Operation 146 'store' 'store_ln691' <Predicate = (!icmp_ln663 & icmp_ln676)> <Delay = 0.00>
ST_4 : Operation 147 [1/1] (0.00ns)   --->   "%store_ln691 = store i8 %PixArray_val_V_3, i8 %PixArray_val_V_3_out" [/home/user/Documents/kria-vitis-platforms/kv260/platforms/vivado/kv260_ispMipiRx_vcu_DP/project/kv260_ispMipiRx_vcu_DP.runs/bd_eab1_hsc_0_synth_1/prj/sol/.autopilot/db/v_hscaler.cpp:691]   --->   Operation 147 'store' 'store_ln691' <Predicate = (!icmp_ln663 & icmp_ln676)> <Delay = 0.00>
ST_4 : Operation 148 [1/1] (0.00ns)   --->   "%br_ln691 = br void %if.end118" [/home/user/Documents/kria-vitis-platforms/kv260/platforms/vivado/kv260_ispMipiRx_vcu_DP/project/kv260_ispMipiRx_vcu_DP.runs/bd_eab1_hsc_0_synth_1/prj/sol/.autopilot/db/v_hscaler.cpp:691]   --->   Operation 148 'br' 'br_ln691' <Predicate = (!icmp_ln663 & icmp_ln676)> <Delay = 0.00>

State 5 <SV = 4> <Delay = 1.26>
ST_5 : Operation 149 [1/1] (0.00ns)   --->   "%PixArray_val_V_3_out_load_1 = load i8 %PixArray_val_V_3_out" [/home/user/Documents/kria-vitis-platforms/kv260/platforms/vivado/kv260_ispMipiRx_vcu_DP/project/kv260_ispMipiRx_vcu_DP.runs/bd_eab1_hsc_0_synth_1/prj/sol/.autopilot/db/v_hscaler.cpp:749]   --->   Operation 149 'load' 'PixArray_val_V_3_out_load_1' <Predicate = (!icmp_ln715)> <Delay = 0.00>
ST_5 : Operation 150 [1/1] (0.00ns)   --->   "%PixArray_val_V_4_out_load_1 = load i8 %PixArray_val_V_4_out" [/home/user/Documents/kria-vitis-platforms/kv260/platforms/vivado/kv260_ispMipiRx_vcu_DP/project/kv260_ispMipiRx_vcu_DP.runs/bd_eab1_hsc_0_synth_1/prj/sol/.autopilot/db/v_hscaler.cpp:749]   --->   Operation 150 'load' 'PixArray_val_V_4_out_load_1' <Predicate = (!icmp_ln715)> <Delay = 0.00>
ST_5 : Operation 151 [1/1] (0.00ns)   --->   "%PixArray_val_V_5_out_load_1 = load i8 %PixArray_val_V_5_out" [/home/user/Documents/kria-vitis-platforms/kv260/platforms/vivado/kv260_ispMipiRx_vcu_DP/project/kv260_ispMipiRx_vcu_DP.runs/bd_eab1_hsc_0_synth_1/prj/sol/.autopilot/db/v_hscaler.cpp:749]   --->   Operation 151 'load' 'PixArray_val_V_5_out_load_1' <Predicate = (!icmp_ln715)> <Delay = 0.00>
ST_5 : Operation 152 [1/1] (0.00ns)   --->   "%PixArray_val_V_146_out_load = load i8 %PixArray_val_V_146_out" [/home/user/Documents/kria-vitis-platforms/kv260/platforms/vivado/kv260_ispMipiRx_vcu_DP/project/kv260_ispMipiRx_vcu_DP.runs/bd_eab1_hsc_0_synth_1/prj/sol/.autopilot/db/v_hscaler.cpp:749]   --->   Operation 152 'load' 'PixArray_val_V_146_out_load' <Predicate = (!icmp_ln715)> <Delay = 0.00>
ST_5 : Operation 153 [1/1] (0.00ns)   --->   "%PixArray_val_V_1_1_out_load = load i8 %PixArray_val_V_1_1_out" [/home/user/Documents/kria-vitis-platforms/kv260/platforms/vivado/kv260_ispMipiRx_vcu_DP/project/kv260_ispMipiRx_vcu_DP.runs/bd_eab1_hsc_0_synth_1/prj/sol/.autopilot/db/v_hscaler.cpp:749]   --->   Operation 153 'load' 'PixArray_val_V_1_1_out_load' <Predicate = (!icmp_ln715)> <Delay = 0.00>
ST_5 : Operation 154 [1/1] (0.00ns)   --->   "%PixArray_val_V_2_1_out_load = load i8 %PixArray_val_V_2_1_out" [/home/user/Documents/kria-vitis-platforms/kv260/platforms/vivado/kv260_ispMipiRx_vcu_DP/project/kv260_ispMipiRx_vcu_DP.runs/bd_eab1_hsc_0_synth_1/prj/sol/.autopilot/db/v_hscaler.cpp:749]   --->   Operation 154 'load' 'PixArray_val_V_2_1_out_load' <Predicate = (!icmp_ln715)> <Delay = 0.00>
ST_5 : Operation 155 [1/1] (0.00ns)   --->   "%PixArray_val_V_3_1_out_load_1 = load i8 %PixArray_val_V_3_1_out" [/home/user/Documents/kria-vitis-platforms/kv260/platforms/vivado/kv260_ispMipiRx_vcu_DP/project/kv260_ispMipiRx_vcu_DP.runs/bd_eab1_hsc_0_synth_1/prj/sol/.autopilot/db/v_hscaler.cpp:749]   --->   Operation 155 'load' 'PixArray_val_V_3_1_out_load_1' <Predicate = (!icmp_ln715)> <Delay = 0.00>
ST_5 : Operation 156 [1/1] (0.00ns)   --->   "%PixArray_val_V_4_1_out_load_1 = load i8 %PixArray_val_V_4_1_out" [/home/user/Documents/kria-vitis-platforms/kv260/platforms/vivado/kv260_ispMipiRx_vcu_DP/project/kv260_ispMipiRx_vcu_DP.runs/bd_eab1_hsc_0_synth_1/prj/sol/.autopilot/db/v_hscaler.cpp:749]   --->   Operation 156 'load' 'PixArray_val_V_4_1_out_load_1' <Predicate = (!icmp_ln715)> <Delay = 0.00>
ST_5 : Operation 157 [1/1] (0.00ns)   --->   "%PixArray_val_V_5_1_out_load_1 = load i8 %PixArray_val_V_5_1_out" [/home/user/Documents/kria-vitis-platforms/kv260/platforms/vivado/kv260_ispMipiRx_vcu_DP/project/kv260_ispMipiRx_vcu_DP.runs/bd_eab1_hsc_0_synth_1/prj/sol/.autopilot/db/v_hscaler.cpp:749]   --->   Operation 157 'load' 'PixArray_val_V_5_1_out_load_1' <Predicate = (!icmp_ln715)> <Delay = 0.00>
ST_5 : Operation 158 [1/1] (0.00ns)   --->   "%PixArray_val_V_6_1_out_load_1 = load i8 %PixArray_val_V_6_1_out" [/home/user/Documents/kria-vitis-platforms/kv260/platforms/vivado/kv260_ispMipiRx_vcu_DP/project/kv260_ispMipiRx_vcu_DP.runs/bd_eab1_hsc_0_synth_1/prj/sol/.autopilot/db/v_hscaler.cpp:749]   --->   Operation 158 'load' 'PixArray_val_V_6_1_out_load_1' <Predicate = (!icmp_ln715)> <Delay = 0.00>
ST_5 : Operation 159 [1/1] (0.00ns)   --->   "%PixArray_val_V_7_1_out_load_1 = load i8 %PixArray_val_V_7_1_out" [/home/user/Documents/kria-vitis-platforms/kv260/platforms/vivado/kv260_ispMipiRx_vcu_DP/project/kv260_ispMipiRx_vcu_DP.runs/bd_eab1_hsc_0_synth_1/prj/sol/.autopilot/db/v_hscaler.cpp:749]   --->   Operation 159 'load' 'PixArray_val_V_7_1_out_load_1' <Predicate = (!icmp_ln715)> <Delay = 0.00>
ST_5 : Operation 160 [1/1] (0.00ns)   --->   "%PixArray_val_V_8_1_out_load_1 = load i8 %PixArray_val_V_8_1_out" [/home/user/Documents/kria-vitis-platforms/kv260/platforms/vivado/kv260_ispMipiRx_vcu_DP/project/kv260_ispMipiRx_vcu_DP.runs/bd_eab1_hsc_0_synth_1/prj/sol/.autopilot/db/v_hscaler.cpp:749]   --->   Operation 160 'load' 'PixArray_val_V_8_1_out_load_1' <Predicate = (!icmp_ln715)> <Delay = 0.00>
ST_5 : Operation 161 [1/1] (0.00ns)   --->   "%PixArray_val_V_9_1_out_load_1 = load i8 %PixArray_val_V_9_1_out" [/home/user/Documents/kria-vitis-platforms/kv260/platforms/vivado/kv260_ispMipiRx_vcu_DP/project/kv260_ispMipiRx_vcu_DP.runs/bd_eab1_hsc_0_synth_1/prj/sol/.autopilot/db/v_hscaler.cpp:749]   --->   Operation 161 'load' 'PixArray_val_V_9_1_out_load_1' <Predicate = (!icmp_ln715)> <Delay = 0.00>
ST_5 : Operation 162 [1/1] (0.00ns)   --->   "%PixArray_val_V_10_1_out_load_1 = load i8 %PixArray_val_V_10_1_out" [/home/user/Documents/kria-vitis-platforms/kv260/platforms/vivado/kv260_ispMipiRx_vcu_DP/project/kv260_ispMipiRx_vcu_DP.runs/bd_eab1_hsc_0_synth_1/prj/sol/.autopilot/db/v_hscaler.cpp:749]   --->   Operation 162 'load' 'PixArray_val_V_10_1_out_load_1' <Predicate = (!icmp_ln715)> <Delay = 0.00>
ST_5 : Operation 163 [1/1] (0.00ns)   --->   "%PixArray_val_V_11_1_out_load_1 = load i8 %PixArray_val_V_11_1_out" [/home/user/Documents/kria-vitis-platforms/kv260/platforms/vivado/kv260_ispMipiRx_vcu_DP/project/kv260_ispMipiRx_vcu_DP.runs/bd_eab1_hsc_0_synth_1/prj/sol/.autopilot/db/v_hscaler.cpp:749]   --->   Operation 163 'load' 'PixArray_val_V_11_1_out_load_1' <Predicate = (!icmp_ln715)> <Delay = 0.00>
ST_5 : Operation 164 [1/1] (0.00ns)   --->   "%PixArray_val_V_12_1_out_load_1 = load i8 %PixArray_val_V_12_1_out" [/home/user/Documents/kria-vitis-platforms/kv260/platforms/vivado/kv260_ispMipiRx_vcu_DP/project/kv260_ispMipiRx_vcu_DP.runs/bd_eab1_hsc_0_synth_1/prj/sol/.autopilot/db/v_hscaler.cpp:749]   --->   Operation 164 'load' 'PixArray_val_V_12_1_out_load_1' <Predicate = (!icmp_ln715)> <Delay = 0.00>
ST_5 : Operation 165 [1/1] (0.00ns)   --->   "%PixArray_val_V_13_1_out_load_1 = load i8 %PixArray_val_V_13_1_out" [/home/user/Documents/kria-vitis-platforms/kv260/platforms/vivado/kv260_ispMipiRx_vcu_DP/project/kv260_ispMipiRx_vcu_DP.runs/bd_eab1_hsc_0_synth_1/prj/sol/.autopilot/db/v_hscaler.cpp:749]   --->   Operation 165 'load' 'PixArray_val_V_13_1_out_load_1' <Predicate = (!icmp_ln715)> <Delay = 0.00>
ST_5 : Operation 166 [1/1] (0.00ns)   --->   "%PixArray_val_V_14_1_out_load_1 = load i8 %PixArray_val_V_14_1_out" [/home/user/Documents/kria-vitis-platforms/kv260/platforms/vivado/kv260_ispMipiRx_vcu_DP/project/kv260_ispMipiRx_vcu_DP.runs/bd_eab1_hsc_0_synth_1/prj/sol/.autopilot/db/v_hscaler.cpp:749]   --->   Operation 166 'load' 'PixArray_val_V_14_1_out_load_1' <Predicate = (!icmp_ln715)> <Delay = 0.00>
ST_5 : Operation 167 [1/1] (0.00ns)   --->   "%PixArray_val_V_15_1_out_load_1 = load i8 %PixArray_val_V_15_1_out" [/home/user/Documents/kria-vitis-platforms/kv260/platforms/vivado/kv260_ispMipiRx_vcu_DP/project/kv260_ispMipiRx_vcu_DP.runs/bd_eab1_hsc_0_synth_1/prj/sol/.autopilot/db/v_hscaler.cpp:749]   --->   Operation 167 'load' 'PixArray_val_V_15_1_out_load_1' <Predicate = (!icmp_ln715)> <Delay = 0.00>
ST_5 : Operation 168 [1/1] (0.00ns)   --->   "%PixArray_val_V_16_1_out_load_1 = load i8 %PixArray_val_V_16_1_out" [/home/user/Documents/kria-vitis-platforms/kv260/platforms/vivado/kv260_ispMipiRx_vcu_DP/project/kv260_ispMipiRx_vcu_DP.runs/bd_eab1_hsc_0_synth_1/prj/sol/.autopilot/db/v_hscaler.cpp:749]   --->   Operation 168 'load' 'PixArray_val_V_16_1_out_load_1' <Predicate = (!icmp_ln715)> <Delay = 0.00>
ST_5 : Operation 169 [1/1] (0.00ns)   --->   "%PixArray_val_V_17_1_out_load_1 = load i8 %PixArray_val_V_17_1_out" [/home/user/Documents/kria-vitis-platforms/kv260/platforms/vivado/kv260_ispMipiRx_vcu_DP/project/kv260_ispMipiRx_vcu_DP.runs/bd_eab1_hsc_0_synth_1/prj/sol/.autopilot/db/v_hscaler.cpp:749]   --->   Operation 169 'load' 'PixArray_val_V_17_1_out_load_1' <Predicate = (!icmp_ln715)> <Delay = 0.00>
ST_5 : Operation 170 [1/1] (0.00ns)   --->   "%PixArray_val_V_18_1_out_load_1 = load i8 %PixArray_val_V_18_1_out" [/home/user/Documents/kria-vitis-platforms/kv260/platforms/vivado/kv260_ispMipiRx_vcu_DP/project/kv260_ispMipiRx_vcu_DP.runs/bd_eab1_hsc_0_synth_1/prj/sol/.autopilot/db/v_hscaler.cpp:749]   --->   Operation 170 'load' 'PixArray_val_V_18_1_out_load_1' <Predicate = (!icmp_ln715)> <Delay = 0.00>
ST_5 : Operation 171 [1/1] (0.00ns)   --->   "%PixArray_val_V_19_1_out_load_1 = load i8 %PixArray_val_V_19_1_out" [/home/user/Documents/kria-vitis-platforms/kv260/platforms/vivado/kv260_ispMipiRx_vcu_DP/project/kv260_ispMipiRx_vcu_DP.runs/bd_eab1_hsc_0_synth_1/prj/sol/.autopilot/db/v_hscaler.cpp:749]   --->   Operation 171 'load' 'PixArray_val_V_19_1_out_load_1' <Predicate = (!icmp_ln715)> <Delay = 0.00>
ST_5 : Operation 172 [1/1] (0.00ns)   --->   "%PixArray_val_V_20_1_out_load_1 = load i8 %PixArray_val_V_20_1_out" [/home/user/Documents/kria-vitis-platforms/kv260/platforms/vivado/kv260_ispMipiRx_vcu_DP/project/kv260_ispMipiRx_vcu_DP.runs/bd_eab1_hsc_0_synth_1/prj/sol/.autopilot/db/v_hscaler.cpp:749]   --->   Operation 172 'load' 'PixArray_val_V_20_1_out_load_1' <Predicate = (!icmp_ln715)> <Delay = 0.00>
ST_5 : Operation 173 [10/10] (1.26ns)   --->   "%call_ret = call i24 @hscale_polyphase, i16 %FiltCoeff, i16 %FiltCoeff_1, i16 %FiltCoeff_2, i16 %FiltCoeff_3, i16 %FiltCoeff_4, i16 %FiltCoeff_5, i8 %PixArray_val_V_146_out_load, i8 %PixArray_val_V_1_1_out_load, i8 %PixArray_val_V_2_1_out_load, i8 %PixArray_val_V_3_1_out_load_1, i8 %PixArray_val_V_4_1_out_load_1, i8 %PixArray_val_V_5_1_out_load_1, i8 %PixArray_val_V_6_1_out_load_1, i8 %PixArray_val_V_7_1_out_load_1, i8 %PixArray_val_V_8_1_out_load_1, i8 %PixArray_val_V_9_1_out_load_1, i8 %PixArray_val_V_10_1_out_load_1, i8 %PixArray_val_V_11_1_out_load_1, i8 %PixArray_val_V_12_1_out_load_1, i8 %PixArray_val_V_13_1_out_load_1, i8 %PixArray_val_V_14_1_out_load_1, i8 %PixArray_val_V_15_1_out_load_1, i8 %PixArray_val_V_16_1_out_load_1, i8 %PixArray_val_V_17_1_out_load_1, i8 %PixArray_val_V_18_1_out_load_1, i8 %PixArray_val_V_19_1_out_load_1, i8 %PixArray_val_V_20_1_out_load_1, i8 %PixArray_val_V_3_out_load_1, i8 %PixArray_val_V_4_out_load_1, i8 %PixArray_val_V_5_out_load_1, i6 %PhaseH_0, i2 %ArrayLoc" [/home/user/Documents/kria-vitis-platforms/kv260/platforms/vivado/kv260_ispMipiRx_vcu_DP/project/kv260_ispMipiRx_vcu_DP.runs/bd_eab1_hsc_0_synth_1/prj/sol/.autopilot/db/v_hscaler.cpp:749]   --->   Operation 173 'call' 'call_ret' <Predicate = (!icmp_ln715)> <Delay = 1.26> <CoreType = "Generic">   --->   Core 0 '' <Latency = 0> <II = 1> <Delay = 1.00> <Generic> <Opcode : >

State 6 <SV = 5> <Delay = 1.85>
ST_6 : Operation 174 [9/10] (1.85ns)   --->   "%call_ret = call i24 @hscale_polyphase, i16 %FiltCoeff, i16 %FiltCoeff_1, i16 %FiltCoeff_2, i16 %FiltCoeff_3, i16 %FiltCoeff_4, i16 %FiltCoeff_5, i8 %PixArray_val_V_146_out_load, i8 %PixArray_val_V_1_1_out_load, i8 %PixArray_val_V_2_1_out_load, i8 %PixArray_val_V_3_1_out_load_1, i8 %PixArray_val_V_4_1_out_load_1, i8 %PixArray_val_V_5_1_out_load_1, i8 %PixArray_val_V_6_1_out_load_1, i8 %PixArray_val_V_7_1_out_load_1, i8 %PixArray_val_V_8_1_out_load_1, i8 %PixArray_val_V_9_1_out_load_1, i8 %PixArray_val_V_10_1_out_load_1, i8 %PixArray_val_V_11_1_out_load_1, i8 %PixArray_val_V_12_1_out_load_1, i8 %PixArray_val_V_13_1_out_load_1, i8 %PixArray_val_V_14_1_out_load_1, i8 %PixArray_val_V_15_1_out_load_1, i8 %PixArray_val_V_16_1_out_load_1, i8 %PixArray_val_V_17_1_out_load_1, i8 %PixArray_val_V_18_1_out_load_1, i8 %PixArray_val_V_19_1_out_load_1, i8 %PixArray_val_V_20_1_out_load_1, i8 %PixArray_val_V_3_out_load_1, i8 %PixArray_val_V_4_out_load_1, i8 %PixArray_val_V_5_out_load_1, i6 %PhaseH_0, i2 %ArrayLoc" [/home/user/Documents/kria-vitis-platforms/kv260/platforms/vivado/kv260_ispMipiRx_vcu_DP/project/kv260_ispMipiRx_vcu_DP.runs/bd_eab1_hsc_0_synth_1/prj/sol/.autopilot/db/v_hscaler.cpp:749]   --->   Operation 174 'call' 'call_ret' <Predicate = (!icmp_ln715)> <Delay = 1.85> <CoreType = "Generic">   --->   Core 0 '' <Latency = 0> <II = 1> <Delay = 1.00> <Generic> <Opcode : >

State 7 <SV = 6> <Delay = 1.85>
ST_7 : Operation 175 [8/10] (1.85ns)   --->   "%call_ret = call i24 @hscale_polyphase, i16 %FiltCoeff, i16 %FiltCoeff_1, i16 %FiltCoeff_2, i16 %FiltCoeff_3, i16 %FiltCoeff_4, i16 %FiltCoeff_5, i8 %PixArray_val_V_146_out_load, i8 %PixArray_val_V_1_1_out_load, i8 %PixArray_val_V_2_1_out_load, i8 %PixArray_val_V_3_1_out_load_1, i8 %PixArray_val_V_4_1_out_load_1, i8 %PixArray_val_V_5_1_out_load_1, i8 %PixArray_val_V_6_1_out_load_1, i8 %PixArray_val_V_7_1_out_load_1, i8 %PixArray_val_V_8_1_out_load_1, i8 %PixArray_val_V_9_1_out_load_1, i8 %PixArray_val_V_10_1_out_load_1, i8 %PixArray_val_V_11_1_out_load_1, i8 %PixArray_val_V_12_1_out_load_1, i8 %PixArray_val_V_13_1_out_load_1, i8 %PixArray_val_V_14_1_out_load_1, i8 %PixArray_val_V_15_1_out_load_1, i8 %PixArray_val_V_16_1_out_load_1, i8 %PixArray_val_V_17_1_out_load_1, i8 %PixArray_val_V_18_1_out_load_1, i8 %PixArray_val_V_19_1_out_load_1, i8 %PixArray_val_V_20_1_out_load_1, i8 %PixArray_val_V_3_out_load_1, i8 %PixArray_val_V_4_out_load_1, i8 %PixArray_val_V_5_out_load_1, i6 %PhaseH_0, i2 %ArrayLoc" [/home/user/Documents/kria-vitis-platforms/kv260/platforms/vivado/kv260_ispMipiRx_vcu_DP/project/kv260_ispMipiRx_vcu_DP.runs/bd_eab1_hsc_0_synth_1/prj/sol/.autopilot/db/v_hscaler.cpp:749]   --->   Operation 175 'call' 'call_ret' <Predicate = (!icmp_ln715)> <Delay = 1.85> <CoreType = "Generic">   --->   Core 0 '' <Latency = 0> <II = 1> <Delay = 1.00> <Generic> <Opcode : >

State 8 <SV = 7> <Delay = 1.85>
ST_8 : Operation 176 [7/10] (1.85ns)   --->   "%call_ret = call i24 @hscale_polyphase, i16 %FiltCoeff, i16 %FiltCoeff_1, i16 %FiltCoeff_2, i16 %FiltCoeff_3, i16 %FiltCoeff_4, i16 %FiltCoeff_5, i8 %PixArray_val_V_146_out_load, i8 %PixArray_val_V_1_1_out_load, i8 %PixArray_val_V_2_1_out_load, i8 %PixArray_val_V_3_1_out_load_1, i8 %PixArray_val_V_4_1_out_load_1, i8 %PixArray_val_V_5_1_out_load_1, i8 %PixArray_val_V_6_1_out_load_1, i8 %PixArray_val_V_7_1_out_load_1, i8 %PixArray_val_V_8_1_out_load_1, i8 %PixArray_val_V_9_1_out_load_1, i8 %PixArray_val_V_10_1_out_load_1, i8 %PixArray_val_V_11_1_out_load_1, i8 %PixArray_val_V_12_1_out_load_1, i8 %PixArray_val_V_13_1_out_load_1, i8 %PixArray_val_V_14_1_out_load_1, i8 %PixArray_val_V_15_1_out_load_1, i8 %PixArray_val_V_16_1_out_load_1, i8 %PixArray_val_V_17_1_out_load_1, i8 %PixArray_val_V_18_1_out_load_1, i8 %PixArray_val_V_19_1_out_load_1, i8 %PixArray_val_V_20_1_out_load_1, i8 %PixArray_val_V_3_out_load_1, i8 %PixArray_val_V_4_out_load_1, i8 %PixArray_val_V_5_out_load_1, i6 %PhaseH_0, i2 %ArrayLoc" [/home/user/Documents/kria-vitis-platforms/kv260/platforms/vivado/kv260_ispMipiRx_vcu_DP/project/kv260_ispMipiRx_vcu_DP.runs/bd_eab1_hsc_0_synth_1/prj/sol/.autopilot/db/v_hscaler.cpp:749]   --->   Operation 176 'call' 'call_ret' <Predicate = (!icmp_ln715)> <Delay = 1.85> <CoreType = "Generic">   --->   Core 0 '' <Latency = 0> <II = 1> <Delay = 1.00> <Generic> <Opcode : >

State 9 <SV = 8> <Delay = 1.85>
ST_9 : Operation 177 [6/10] (1.85ns)   --->   "%call_ret = call i24 @hscale_polyphase, i16 %FiltCoeff, i16 %FiltCoeff_1, i16 %FiltCoeff_2, i16 %FiltCoeff_3, i16 %FiltCoeff_4, i16 %FiltCoeff_5, i8 %PixArray_val_V_146_out_load, i8 %PixArray_val_V_1_1_out_load, i8 %PixArray_val_V_2_1_out_load, i8 %PixArray_val_V_3_1_out_load_1, i8 %PixArray_val_V_4_1_out_load_1, i8 %PixArray_val_V_5_1_out_load_1, i8 %PixArray_val_V_6_1_out_load_1, i8 %PixArray_val_V_7_1_out_load_1, i8 %PixArray_val_V_8_1_out_load_1, i8 %PixArray_val_V_9_1_out_load_1, i8 %PixArray_val_V_10_1_out_load_1, i8 %PixArray_val_V_11_1_out_load_1, i8 %PixArray_val_V_12_1_out_load_1, i8 %PixArray_val_V_13_1_out_load_1, i8 %PixArray_val_V_14_1_out_load_1, i8 %PixArray_val_V_15_1_out_load_1, i8 %PixArray_val_V_16_1_out_load_1, i8 %PixArray_val_V_17_1_out_load_1, i8 %PixArray_val_V_18_1_out_load_1, i8 %PixArray_val_V_19_1_out_load_1, i8 %PixArray_val_V_20_1_out_load_1, i8 %PixArray_val_V_3_out_load_1, i8 %PixArray_val_V_4_out_load_1, i8 %PixArray_val_V_5_out_load_1, i6 %PhaseH_0, i2 %ArrayLoc" [/home/user/Documents/kria-vitis-platforms/kv260/platforms/vivado/kv260_ispMipiRx_vcu_DP/project/kv260_ispMipiRx_vcu_DP.runs/bd_eab1_hsc_0_synth_1/prj/sol/.autopilot/db/v_hscaler.cpp:749]   --->   Operation 177 'call' 'call_ret' <Predicate = (!icmp_ln715)> <Delay = 1.85> <CoreType = "Generic">   --->   Core 0 '' <Latency = 0> <II = 1> <Delay = 1.00> <Generic> <Opcode : >

State 10 <SV = 9> <Delay = 1.85>
ST_10 : Operation 178 [5/10] (1.85ns)   --->   "%call_ret = call i24 @hscale_polyphase, i16 %FiltCoeff, i16 %FiltCoeff_1, i16 %FiltCoeff_2, i16 %FiltCoeff_3, i16 %FiltCoeff_4, i16 %FiltCoeff_5, i8 %PixArray_val_V_146_out_load, i8 %PixArray_val_V_1_1_out_load, i8 %PixArray_val_V_2_1_out_load, i8 %PixArray_val_V_3_1_out_load_1, i8 %PixArray_val_V_4_1_out_load_1, i8 %PixArray_val_V_5_1_out_load_1, i8 %PixArray_val_V_6_1_out_load_1, i8 %PixArray_val_V_7_1_out_load_1, i8 %PixArray_val_V_8_1_out_load_1, i8 %PixArray_val_V_9_1_out_load_1, i8 %PixArray_val_V_10_1_out_load_1, i8 %PixArray_val_V_11_1_out_load_1, i8 %PixArray_val_V_12_1_out_load_1, i8 %PixArray_val_V_13_1_out_load_1, i8 %PixArray_val_V_14_1_out_load_1, i8 %PixArray_val_V_15_1_out_load_1, i8 %PixArray_val_V_16_1_out_load_1, i8 %PixArray_val_V_17_1_out_load_1, i8 %PixArray_val_V_18_1_out_load_1, i8 %PixArray_val_V_19_1_out_load_1, i8 %PixArray_val_V_20_1_out_load_1, i8 %PixArray_val_V_3_out_load_1, i8 %PixArray_val_V_4_out_load_1, i8 %PixArray_val_V_5_out_load_1, i6 %PhaseH_0, i2 %ArrayLoc" [/home/user/Documents/kria-vitis-platforms/kv260/platforms/vivado/kv260_ispMipiRx_vcu_DP/project/kv260_ispMipiRx_vcu_DP.runs/bd_eab1_hsc_0_synth_1/prj/sol/.autopilot/db/v_hscaler.cpp:749]   --->   Operation 178 'call' 'call_ret' <Predicate = (!icmp_ln715)> <Delay = 1.85> <CoreType = "Generic">   --->   Core 0 '' <Latency = 0> <II = 1> <Delay = 1.00> <Generic> <Opcode : >

State 11 <SV = 10> <Delay = 1.85>
ST_11 : Operation 179 [4/10] (1.85ns)   --->   "%call_ret = call i24 @hscale_polyphase, i16 %FiltCoeff, i16 %FiltCoeff_1, i16 %FiltCoeff_2, i16 %FiltCoeff_3, i16 %FiltCoeff_4, i16 %FiltCoeff_5, i8 %PixArray_val_V_146_out_load, i8 %PixArray_val_V_1_1_out_load, i8 %PixArray_val_V_2_1_out_load, i8 %PixArray_val_V_3_1_out_load_1, i8 %PixArray_val_V_4_1_out_load_1, i8 %PixArray_val_V_5_1_out_load_1, i8 %PixArray_val_V_6_1_out_load_1, i8 %PixArray_val_V_7_1_out_load_1, i8 %PixArray_val_V_8_1_out_load_1, i8 %PixArray_val_V_9_1_out_load_1, i8 %PixArray_val_V_10_1_out_load_1, i8 %PixArray_val_V_11_1_out_load_1, i8 %PixArray_val_V_12_1_out_load_1, i8 %PixArray_val_V_13_1_out_load_1, i8 %PixArray_val_V_14_1_out_load_1, i8 %PixArray_val_V_15_1_out_load_1, i8 %PixArray_val_V_16_1_out_load_1, i8 %PixArray_val_V_17_1_out_load_1, i8 %PixArray_val_V_18_1_out_load_1, i8 %PixArray_val_V_19_1_out_load_1, i8 %PixArray_val_V_20_1_out_load_1, i8 %PixArray_val_V_3_out_load_1, i8 %PixArray_val_V_4_out_load_1, i8 %PixArray_val_V_5_out_load_1, i6 %PhaseH_0, i2 %ArrayLoc" [/home/user/Documents/kria-vitis-platforms/kv260/platforms/vivado/kv260_ispMipiRx_vcu_DP/project/kv260_ispMipiRx_vcu_DP.runs/bd_eab1_hsc_0_synth_1/prj/sol/.autopilot/db/v_hscaler.cpp:749]   --->   Operation 179 'call' 'call_ret' <Predicate = (!icmp_ln715)> <Delay = 1.85> <CoreType = "Generic">   --->   Core 0 '' <Latency = 0> <II = 1> <Delay = 1.00> <Generic> <Opcode : >

State 12 <SV = 11> <Delay = 1.85>
ST_12 : Operation 180 [3/10] (1.85ns)   --->   "%call_ret = call i24 @hscale_polyphase, i16 %FiltCoeff, i16 %FiltCoeff_1, i16 %FiltCoeff_2, i16 %FiltCoeff_3, i16 %FiltCoeff_4, i16 %FiltCoeff_5, i8 %PixArray_val_V_146_out_load, i8 %PixArray_val_V_1_1_out_load, i8 %PixArray_val_V_2_1_out_load, i8 %PixArray_val_V_3_1_out_load_1, i8 %PixArray_val_V_4_1_out_load_1, i8 %PixArray_val_V_5_1_out_load_1, i8 %PixArray_val_V_6_1_out_load_1, i8 %PixArray_val_V_7_1_out_load_1, i8 %PixArray_val_V_8_1_out_load_1, i8 %PixArray_val_V_9_1_out_load_1, i8 %PixArray_val_V_10_1_out_load_1, i8 %PixArray_val_V_11_1_out_load_1, i8 %PixArray_val_V_12_1_out_load_1, i8 %PixArray_val_V_13_1_out_load_1, i8 %PixArray_val_V_14_1_out_load_1, i8 %PixArray_val_V_15_1_out_load_1, i8 %PixArray_val_V_16_1_out_load_1, i8 %PixArray_val_V_17_1_out_load_1, i8 %PixArray_val_V_18_1_out_load_1, i8 %PixArray_val_V_19_1_out_load_1, i8 %PixArray_val_V_20_1_out_load_1, i8 %PixArray_val_V_3_out_load_1, i8 %PixArray_val_V_4_out_load_1, i8 %PixArray_val_V_5_out_load_1, i6 %PhaseH_0, i2 %ArrayLoc" [/home/user/Documents/kria-vitis-platforms/kv260/platforms/vivado/kv260_ispMipiRx_vcu_DP/project/kv260_ispMipiRx_vcu_DP.runs/bd_eab1_hsc_0_synth_1/prj/sol/.autopilot/db/v_hscaler.cpp:749]   --->   Operation 180 'call' 'call_ret' <Predicate = (!icmp_ln715)> <Delay = 1.85> <CoreType = "Generic">   --->   Core 0 '' <Latency = 0> <II = 1> <Delay = 1.00> <Generic> <Opcode : >

State 13 <SV = 12> <Delay = 1.85>
ST_13 : Operation 181 [2/10] (1.85ns)   --->   "%call_ret = call i24 @hscale_polyphase, i16 %FiltCoeff, i16 %FiltCoeff_1, i16 %FiltCoeff_2, i16 %FiltCoeff_3, i16 %FiltCoeff_4, i16 %FiltCoeff_5, i8 %PixArray_val_V_146_out_load, i8 %PixArray_val_V_1_1_out_load, i8 %PixArray_val_V_2_1_out_load, i8 %PixArray_val_V_3_1_out_load_1, i8 %PixArray_val_V_4_1_out_load_1, i8 %PixArray_val_V_5_1_out_load_1, i8 %PixArray_val_V_6_1_out_load_1, i8 %PixArray_val_V_7_1_out_load_1, i8 %PixArray_val_V_8_1_out_load_1, i8 %PixArray_val_V_9_1_out_load_1, i8 %PixArray_val_V_10_1_out_load_1, i8 %PixArray_val_V_11_1_out_load_1, i8 %PixArray_val_V_12_1_out_load_1, i8 %PixArray_val_V_13_1_out_load_1, i8 %PixArray_val_V_14_1_out_load_1, i8 %PixArray_val_V_15_1_out_load_1, i8 %PixArray_val_V_16_1_out_load_1, i8 %PixArray_val_V_17_1_out_load_1, i8 %PixArray_val_V_18_1_out_load_1, i8 %PixArray_val_V_19_1_out_load_1, i8 %PixArray_val_V_20_1_out_load_1, i8 %PixArray_val_V_3_out_load_1, i8 %PixArray_val_V_4_out_load_1, i8 %PixArray_val_V_5_out_load_1, i6 %PhaseH_0, i2 %ArrayLoc" [/home/user/Documents/kria-vitis-platforms/kv260/platforms/vivado/kv260_ispMipiRx_vcu_DP/project/kv260_ispMipiRx_vcu_DP.runs/bd_eab1_hsc_0_synth_1/prj/sol/.autopilot/db/v_hscaler.cpp:749]   --->   Operation 181 'call' 'call_ret' <Predicate = (!icmp_ln715)> <Delay = 1.85> <CoreType = "Generic">   --->   Core 0 '' <Latency = 0> <II = 1> <Delay = 1.00> <Generic> <Opcode : >

State 14 <SV = 13> <Delay = 1.85>
ST_14 : Operation 182 [1/10] (1.85ns)   --->   "%call_ret = call i24 @hscale_polyphase, i16 %FiltCoeff, i16 %FiltCoeff_1, i16 %FiltCoeff_2, i16 %FiltCoeff_3, i16 %FiltCoeff_4, i16 %FiltCoeff_5, i8 %PixArray_val_V_146_out_load, i8 %PixArray_val_V_1_1_out_load, i8 %PixArray_val_V_2_1_out_load, i8 %PixArray_val_V_3_1_out_load_1, i8 %PixArray_val_V_4_1_out_load_1, i8 %PixArray_val_V_5_1_out_load_1, i8 %PixArray_val_V_6_1_out_load_1, i8 %PixArray_val_V_7_1_out_load_1, i8 %PixArray_val_V_8_1_out_load_1, i8 %PixArray_val_V_9_1_out_load_1, i8 %PixArray_val_V_10_1_out_load_1, i8 %PixArray_val_V_11_1_out_load_1, i8 %PixArray_val_V_12_1_out_load_1, i8 %PixArray_val_V_13_1_out_load_1, i8 %PixArray_val_V_14_1_out_load_1, i8 %PixArray_val_V_15_1_out_load_1, i8 %PixArray_val_V_16_1_out_load_1, i8 %PixArray_val_V_17_1_out_load_1, i8 %PixArray_val_V_18_1_out_load_1, i8 %PixArray_val_V_19_1_out_load_1, i8 %PixArray_val_V_20_1_out_load_1, i8 %PixArray_val_V_3_out_load_1, i8 %PixArray_val_V_4_out_load_1, i8 %PixArray_val_V_5_out_load_1, i6 %PhaseH_0, i2 %ArrayLoc" [/home/user/Documents/kria-vitis-platforms/kv260/platforms/vivado/kv260_ispMipiRx_vcu_DP/project/kv260_ispMipiRx_vcu_DP.runs/bd_eab1_hsc_0_synth_1/prj/sol/.autopilot/db/v_hscaler.cpp:749]   --->   Operation 182 'call' 'call_ret' <Predicate = (!icmp_ln715)> <Delay = 1.85> <CoreType = "Generic">   --->   Core 0 '' <Latency = 0> <II = 1> <Delay = 1.00> <Generic> <Opcode : >
ST_14 : Operation 183 [1/1] (0.00ns)   --->   "%OutPix_val_V = extractvalue i24 %call_ret" [/home/user/Documents/kria-vitis-platforms/kv260/platforms/vivado/kv260_ispMipiRx_vcu_DP/project/kv260_ispMipiRx_vcu_DP.runs/bd_eab1_hsc_0_synth_1/prj/sol/.autopilot/db/v_hscaler.cpp:749]   --->   Operation 183 'extractvalue' 'OutPix_val_V' <Predicate = (!icmp_ln715)> <Delay = 0.00>
ST_14 : Operation 184 [1/1] (0.00ns)   --->   "%OutPix_val_V_1 = extractvalue i24 %call_ret" [/home/user/Documents/kria-vitis-platforms/kv260/platforms/vivado/kv260_ispMipiRx_vcu_DP/project/kv260_ispMipiRx_vcu_DP.runs/bd_eab1_hsc_0_synth_1/prj/sol/.autopilot/db/v_hscaler.cpp:749]   --->   Operation 184 'extractvalue' 'OutPix_val_V_1' <Predicate = (!icmp_ln715)> <Delay = 0.00>
ST_14 : Operation 185 [1/1] (0.00ns)   --->   "%OutPix_val_V_2 = extractvalue i24 %call_ret" [/home/user/Documents/kria-vitis-platforms/kv260/platforms/vivado/kv260_ispMipiRx_vcu_DP/project/kv260_ispMipiRx_vcu_DP.runs/bd_eab1_hsc_0_synth_1/prj/sol/.autopilot/db/v_hscaler.cpp:749]   --->   Operation 185 'extractvalue' 'OutPix_val_V_2' <Predicate = (!icmp_ln715)> <Delay = 0.00>
ST_14 : Operation 189 [1/1] (0.00ns)   --->   "%ret_ln0 = ret"   --->   Operation 189 'ret' 'ret_ln0' <Predicate = (icmp_ln653)> <Delay = 0.00>

State 15 <SV = 14> <Delay = 1.82>
ST_15 : Operation 186 [1/1] (0.00ns)   --->   "%p_0 = bitconcatenate i24 @_ssdm_op_BitConcatenate.i24.i8.i8.i8, i8 %OutPix_val_V_2, i8 %OutPix_val_V_1, i8 %OutPix_val_V" [/home/user/Documents/kria-vitis-platforms/kv260/platforms/vivado/kv260_ispMipiRx_vcu_DP/project/kv260_ispMipiRx_vcu_DP.runs/bd_eab1_hsc_0_synth_1/prj/sol/.autopilot/db/v_hscaler.cpp:759]   --->   Operation 186 'bitconcatenate' 'p_0' <Predicate = (!icmp_ln715 & and_ln757)> <Delay = 0.00>
ST_15 : Operation 187 [1/1] (1.82ns)   --->   "%write_ln759 = write void @_ssdm_op_Write.ap_fifo.volatile.i24P0A, i24 %stream_scaled, i24 %p_0" [/home/user/Documents/kria-vitis-platforms/kv260/platforms/vivado/kv260_ispMipiRx_vcu_DP/project/kv260_ispMipiRx_vcu_DP.runs/bd_eab1_hsc_0_synth_1/prj/sol/.autopilot/db/v_hscaler.cpp:759]   --->   Operation 187 'write' 'write_ln759' <Predicate = (!icmp_ln715 & and_ln757)> <Delay = 1.82> <CoreInst = "FIFO_SRL">   --->   Core 81 'FIFO_SRL' <Latency = 0> <II = 1> <Delay = 2.04> <Storage> <Opcode : 'read' 'write' 'nbread' 'nbwrite'> <Ports = 0> <Width = 24> <Depth = 16> <FIFO>
ST_15 : Operation 188 [1/1] (0.00ns)   --->   "%br_ln763 = br void %if.end179" [/home/user/Documents/kria-vitis-platforms/kv260/platforms/vivado/kv260_ispMipiRx_vcu_DP/project/kv260_ispMipiRx_vcu_DP.runs/bd_eab1_hsc_0_synth_1/prj/sol/.autopilot/db/v_hscaler.cpp:763]   --->   Operation 188 'br' 'br_ln763' <Predicate = (!icmp_ln715 & and_ln757)> <Delay = 0.00>


============================================================
+ Verbose Summary: Timing violations
============================================================
Target clock period: 5ns, clock uncertainty: 1.35ns.

 <State 1>: 2.04ns
The critical path consists of the following:
	'alloca' operation ('x') [37]  (0 ns)
	'load' operation ('x') on local variable 'x' [59]  (0 ns)
	'add' operation ('xbySamples', /home/user/Documents/kria-vitis-platforms/kv260/platforms/vivado/kv260_ispMipiRx_vcu_DP/project/kv260_ispMipiRx_vcu_DP.runs/bd_eab1_hsc_0_synth_1/prj/sol/.autopilot/db/v_hscaler.cpp:717) [176]  (0.798 ns)
	'getelementptr' operation ('phasesH_addr', /home/user/Documents/kria-vitis-platforms/kv260/platforms/vivado/kv260_ispMipiRx_vcu_DP/project/kv260_ispMipiRx_vcu_DP.runs/bd_eab1_hsc_0_synth_1/prj/sol/.autopilot/db/v_hscaler.cpp:722) [178]  (0 ns)
	'load' operation ('phasesH_load', /home/user/Documents/kria-vitis-platforms/kv260/platforms/vivado/kv260_ispMipiRx_vcu_DP/project/kv260_ispMipiRx_vcu_DP.runs/bd_eab1_hsc_0_synth_1/prj/sol/.autopilot/db/v_hscaler.cpp:722) on array 'phasesH' [179]  (1.24 ns)

 <State 2>: 1.24ns
The critical path consists of the following:
	'load' operation ('phasesH_load', /home/user/Documents/kria-vitis-platforms/kv260/platforms/vivado/kv260_ispMipiRx_vcu_DP/project/kv260_ispMipiRx_vcu_DP.runs/bd_eab1_hsc_0_synth_1/prj/sol/.autopilot/db/v_hscaler.cpp:722) on array 'phasesH' [179]  (1.24 ns)

 <State 3>: 1.95ns
The critical path consists of the following:
	'load' operation ('xReadPos', /home/user/Documents/kria-vitis-platforms/kv260/platforms/vivado/kv260_ispMipiRx_vcu_DP/project/kv260_ispMipiRx_vcu_DP.runs/bd_eab1_hsc_0_synth_1/prj/sol/.autopilot/db/v_hscaler.cpp:752) on local variable 'xReadPos' [60]  (0 ns)
	'add' operation ('add_ln676', /home/user/Documents/kria-vitis-platforms/kv260/platforms/vivado/kv260_ispMipiRx_vcu_DP/project/kv260_ispMipiRx_vcu_DP.runs/bd_eab1_hsc_0_synth_1/prj/sol/.autopilot/db/v_hscaler.cpp:676) [114]  (0.853 ns)
	'icmp' operation ('icmp_ln676', /home/user/Documents/kria-vitis-platforms/kv260/platforms/vivado/kv260_ispMipiRx_vcu_DP/project/kv260_ispMipiRx_vcu_DP.runs/bd_eab1_hsc_0_synth_1/prj/sol/.autopilot/db/v_hscaler.cpp:676) [115]  (1.1 ns)

 <State 4>: 1.83ns
The critical path consists of the following:
	fifo read operation ('stream_upsampled_read', /home/user/Documents/kria-vitis-platforms/kv260/platforms/vivado/kv260_ispMipiRx_vcu_DP/project/kv260_ispMipiRx_vcu_DP.runs/bd_eab1_hsc_0_synth_1/prj/sol/.autopilot/db/v_hscaler.cpp:682) on port 'stream_upsampled' (/home/user/Documents/kria-vitis-platforms/kv260/platforms/vivado/kv260_ispMipiRx_vcu_DP/project/kv260_ispMipiRx_vcu_DP.runs/bd_eab1_hsc_0_synth_1/prj/sol/.autopilot/db/v_hscaler.cpp:682) [139]  (1.83 ns)

 <State 5>: 1.27ns
The critical path consists of the following:
	'load' operation ('PixArray_val_V_3_out_load_1', /home/user/Documents/kria-vitis-platforms/kv260/platforms/vivado/kv260_ispMipiRx_vcu_DP/project/kv260_ispMipiRx_vcu_DP.runs/bd_eab1_hsc_0_synth_1/prj/sol/.autopilot/db/v_hscaler.cpp:749) on local variable 'PixArray_val_V_3_out' [152]  (0 ns)
	'call' operation ('call_ret', /home/user/Documents/kria-vitis-platforms/kv260/platforms/vivado/kv260_ispMipiRx_vcu_DP/project/kv260_ispMipiRx_vcu_DP.runs/bd_eab1_hsc_0_synth_1/prj/sol/.autopilot/db/v_hscaler.cpp:749) to 'hscale_polyphase' [186]  (1.27 ns)

 <State 6>: 1.85ns
The critical path consists of the following:
	'call' operation ('call_ret', /home/user/Documents/kria-vitis-platforms/kv260/platforms/vivado/kv260_ispMipiRx_vcu_DP/project/kv260_ispMipiRx_vcu_DP.runs/bd_eab1_hsc_0_synth_1/prj/sol/.autopilot/db/v_hscaler.cpp:749) to 'hscale_polyphase' [186]  (1.85 ns)

 <State 7>: 1.85ns
The critical path consists of the following:
	'call' operation ('call_ret', /home/user/Documents/kria-vitis-platforms/kv260/platforms/vivado/kv260_ispMipiRx_vcu_DP/project/kv260_ispMipiRx_vcu_DP.runs/bd_eab1_hsc_0_synth_1/prj/sol/.autopilot/db/v_hscaler.cpp:749) to 'hscale_polyphase' [186]  (1.85 ns)

 <State 8>: 1.85ns
The critical path consists of the following:
	'call' operation ('call_ret', /home/user/Documents/kria-vitis-platforms/kv260/platforms/vivado/kv260_ispMipiRx_vcu_DP/project/kv260_ispMipiRx_vcu_DP.runs/bd_eab1_hsc_0_synth_1/prj/sol/.autopilot/db/v_hscaler.cpp:749) to 'hscale_polyphase' [186]  (1.85 ns)

 <State 9>: 1.85ns
The critical path consists of the following:
	'call' operation ('call_ret', /home/user/Documents/kria-vitis-platforms/kv260/platforms/vivado/kv260_ispMipiRx_vcu_DP/project/kv260_ispMipiRx_vcu_DP.runs/bd_eab1_hsc_0_synth_1/prj/sol/.autopilot/db/v_hscaler.cpp:749) to 'hscale_polyphase' [186]  (1.85 ns)

 <State 10>: 1.85ns
The critical path consists of the following:
	'call' operation ('call_ret', /home/user/Documents/kria-vitis-platforms/kv260/platforms/vivado/kv260_ispMipiRx_vcu_DP/project/kv260_ispMipiRx_vcu_DP.runs/bd_eab1_hsc_0_synth_1/prj/sol/.autopilot/db/v_hscaler.cpp:749) to 'hscale_polyphase' [186]  (1.85 ns)

 <State 11>: 1.85ns
The critical path consists of the following:
	'call' operation ('call_ret', /home/user/Documents/kria-vitis-platforms/kv260/platforms/vivado/kv260_ispMipiRx_vcu_DP/project/kv260_ispMipiRx_vcu_DP.runs/bd_eab1_hsc_0_synth_1/prj/sol/.autopilot/db/v_hscaler.cpp:749) to 'hscale_polyphase' [186]  (1.85 ns)

 <State 12>: 1.85ns
The critical path consists of the following:
	'call' operation ('call_ret', /home/user/Documents/kria-vitis-platforms/kv260/platforms/vivado/kv260_ispMipiRx_vcu_DP/project/kv260_ispMipiRx_vcu_DP.runs/bd_eab1_hsc_0_synth_1/prj/sol/.autopilot/db/v_hscaler.cpp:749) to 'hscale_polyphase' [186]  (1.85 ns)

 <State 13>: 1.85ns
The critical path consists of the following:
	'call' operation ('call_ret', /home/user/Documents/kria-vitis-platforms/kv260/platforms/vivado/kv260_ispMipiRx_vcu_DP/project/kv260_ispMipiRx_vcu_DP.runs/bd_eab1_hsc_0_synth_1/prj/sol/.autopilot/db/v_hscaler.cpp:749) to 'hscale_polyphase' [186]  (1.85 ns)

 <State 14>: 1.85ns
The critical path consists of the following:
	'call' operation ('call_ret', /home/user/Documents/kria-vitis-platforms/kv260/platforms/vivado/kv260_ispMipiRx_vcu_DP/project/kv260_ispMipiRx_vcu_DP.runs/bd_eab1_hsc_0_synth_1/prj/sol/.autopilot/db/v_hscaler.cpp:749) to 'hscale_polyphase' [186]  (1.85 ns)

 <State 15>: 1.83ns
The critical path consists of the following:
	fifo write operation ('write_ln759', /home/user/Documents/kria-vitis-platforms/kv260/platforms/vivado/kv260_ispMipiRx_vcu_DP/project/kv260_ispMipiRx_vcu_DP.runs/bd_eab1_hsc_0_synth_1/prj/sol/.autopilot/db/v_hscaler.cpp:759) on port 'stream_scaled' (/home/user/Documents/kria-vitis-platforms/kv260/platforms/vivado/kv260_ispMipiRx_vcu_DP/project/kv260_ispMipiRx_vcu_DP.runs/bd_eab1_hsc_0_synth_1/prj/sol/.autopilot/db/v_hscaler.cpp:759) [197]  (1.83 ns)


============================================================
+ Verbose Summary: Binding
============================================================
N/A
* FSMD analyzer results:
  - Output states:
 - Input state : 
  - Chain level:
	State 1
	State 2
	State 3
	State 4
	State 5
	State 6
	State 7
	State 8
	State 9
	State 10
	State 11
	State 12
	State 13
	State 14
	State 15


============================================================
+ Verbose Summary: Datapath Resource usage 
============================================================
N/A
