

================================================================
== Vitis HLS Report for 'MultiPixStream2AXIvideo'
================================================================
* Date:           Fri Mar  6 02:17:07 2026

* Version:        2022.2 (Build 3670227 on Oct 13 2022)
* Project:        prj
* Solution:       sol (Vivado IP Flow Target)
* Product family: zynquplus
* Target device:  xck26-sfvc784-2LV-c


================================================================
== Performance Estimates
================================================================
+ Timing: 
    * Summary: 
    +--------+---------+----------+------------+
    |  Clock |  Target | Estimated| Uncertainty|
    +--------+---------+----------+------------+
    |ap_clk  |  5.00 ns|  2.622 ns|     1.35 ns|
    +--------+---------+----------+------------+

+ Latency: 
    * Summary: 
    +---------+---------+----------+-----------+-----+---------+---------+
    |  Latency (cycles) |  Latency (absolute)  |    Interval   | Pipeline|
    |   min   |   max   |    min   |    max    | min |   max   |   Type  |
    +---------+---------+----------+-----------+-----+---------+---------+
    |      347|  2079011|  1.735 us|  10.395 ms|  347|  2079011|       no|
    +---------+---------+----------+-----------+-----+---------+---------+

    + Detail: 
        * Instance: 
        +---------------------------------------------------------------+----------------------------------------------------+---------+---------+-----------+-----------+-----+------+---------+
        |                                                               |                                                    |  Latency (cycles) |   Latency (absolute)  |  Interval  | Pipeline|
        |                            Instance                           |                       Module                       |   min   |   max   |    min    |    max    | min |  max |   Type  |
        +---------------------------------------------------------------+----------------------------------------------------+---------+---------+-----------+-----------+-----+------+---------+
        |grp_MultiPixStream2AXIvideo_Pipeline_VITIS_LOOP_1536_1_fu_144  |MultiPixStream2AXIvideo_Pipeline_VITIS_LOOP_1536_1  |        6|        6|  30.000 ns|  30.000 ns|    6|     6|       no|
        |grp_MultiPixStream2AXIvideo_Pipeline_VITIS_LOOP_1544_3_fu_154  |MultiPixStream2AXIvideo_Pipeline_VITIS_LOOP_1544_3  |       19|     1923|  95.000 ns|   9.615 us|   19|  1923|       no|
        +---------------------------------------------------------------+----------------------------------------------------+---------+---------+-----------+-----------+-----+------+---------+

        * Loop: 
        +---------------------+---------+---------+-----------+-----------+-----------+-----------+----------+
        |                     |  Latency (cycles) | Iteration |  Initiation Interval  |    Trip   |          |
        |      Loop Name      |   min   |   max   |  Latency  |  achieved |   target  |   Count   | Pipelined|
        +---------------------+---------+---------+-----------+-----------+-----------+-----------+----------+
        |- VITIS_LOOP_1542_2  |      336|  2079000|  21 ~ 1925|          -|          -|  16 ~ 1080|        no|
        +---------------------+---------+---------+-----------+-----------+-----------+-----------+----------+



================================================================
== Utilization Estimates
================================================================
* Summary: 
+-----------------+---------+------+--------+--------+-----+
|       Name      | BRAM_18K|  DSP |   FF   |   LUT  | URAM|
+-----------------+---------+------+--------+--------+-----+
|DSP              |        -|     -|       -|       -|    -|
|Expression       |        -|     -|       0|      63|    -|
|FIFO             |        -|     -|       -|       -|    -|
|Instance         |        0|     -|      35|     225|    -|
|Memory           |        -|     -|       -|       -|    -|
|Multiplexer      |        -|     -|       -|      97|    -|
|Register         |        -|     -|      65|       -|    -|
+-----------------+---------+------+--------+--------+-----+
|Total            |        0|     0|     100|     385|    0|
+-----------------+---------+------+--------+--------+-----+
|Available        |      288|  1248|  234240|  117120|   64|
+-----------------+---------+------+--------+--------+-----+
|Utilization (%)  |        0|     0|      ~0|      ~0|    0|
+-----------------+---------+------+--------+--------+-----+

+ Detail: 
    * Instance: 
    +---------------------------------------------------------------+----------------------------------------------------+---------+----+----+-----+-----+
    |                            Instance                           |                       Module                       | BRAM_18K| DSP| FF | LUT | URAM|
    +---------------------------------------------------------------+----------------------------------------------------+---------+----+----+-----+-----+
    |grp_MultiPixStream2AXIvideo_Pipeline_VITIS_LOOP_1536_1_fu_144  |MultiPixStream2AXIvideo_Pipeline_VITIS_LOOP_1536_1  |        0|   0|  17|   68|    0|
    |grp_MultiPixStream2AXIvideo_Pipeline_VITIS_LOOP_1544_3_fu_154  |MultiPixStream2AXIvideo_Pipeline_VITIS_LOOP_1544_3  |        0|   0|  18|  157|    0|
    +---------------------------------------------------------------+----------------------------------------------------+---------+----+----+-----+-----+
    |Total                                                          |                                                    |        0|   0|  35|  225|    0|
    +---------------------------------------------------------------+----------------------------------------------------+---------+----+----+-----+-----+

    * DSP: 
    N/A

    * Memory: 
    N/A

    * FIFO: 
    N/A

    * Expression: 
    +-----------------------------------------------------------------------------------+----------+----+---+----+------------+------------+
    |                                   Variable Name                                   | Operation| DSP| FF| LUT| Bitwidth P0| Bitwidth P1|
    +-----------------------------------------------------------------------------------+----------+----+---+----+------------+------------+
    |i_2_fu_238_p2                                                                      |         +|   0|  0|  18|          11|           1|
    |sub_fu_225_p2                                                                      |         +|   0|  0|  18|          11|           2|
    |sub_ln1538_fu_197_p2                                                               |         -|   0|  0|  12|           4|           4|
    |grp_MultiPixStream2AXIvideo_Pipeline_VITIS_LOOP_1544_3_fu_154_m_axis_video_TREADY  |       and|   0|  0|   2|           1|           1|
    |icmp_ln1542_fu_233_p2                                                              |      icmp|   0|  0|  11|          11|          11|
    |ap_block_state1                                                                    |        or|   0|  0|   2|           1|           1|
    +-----------------------------------------------------------------------------------+----------+----+---+----+------------+------------+
    |Total                                                                              |          |   0|  0|  63|          39|          20|
    +-----------------------------------------------------------------------------------+----------+----+---+----+------------+------------+

    * Multiplexer: 
    +---------------------+----+-----------+-----+-----------+
    |         Name        | LUT| Input Size| Bits| Total Bits|
    +---------------------+----+-----------+-----+-----------+
    |ColorModeOut_blk_n   |   9|          2|    1|          2|
    |Height_blk_n         |   9|          2|    1|          2|
    |WidthOut_blk_n       |   9|          2|    1|          2|
    |ap_NS_fsm            |  43|          8|    1|          8|
    |ap_done              |   9|          2|    1|          2|
    |i_1_fu_96            |   9|          2|   11|         22|
    |stream_out_420_read  |   9|          2|    1|          2|
    +---------------------+----+-----------+-----+-----------+
    |Total                |  97|         20|   17|         40|
    +---------------------+----+-----------+-----+-----------+

    * Register: 
    +----------------------------------------------------------------------------+----+----+-----+-----------+
    |                                    Name                                    | FF | LUT| Bits| Const Bits|
    +----------------------------------------------------------------------------+----+----+-----+-----------+
    |ap_CS_fsm                                                                   |   7|   0|    7|          0|
    |ap_done_reg                                                                 |   1|   0|    1|          0|
    |empty_142_reg_284                                                           |  11|   0|   11|          0|
    |grp_MultiPixStream2AXIvideo_Pipeline_VITIS_LOOP_1536_1_fu_144_ap_start_reg  |   1|   0|    1|          0|
    |grp_MultiPixStream2AXIvideo_Pipeline_VITIS_LOOP_1544_3_fu_154_ap_start_reg  |   1|   0|    1|          0|
    |i_1_fu_96                                                                   |  11|   0|   11|          0|
    |map_V_1_loc_fu_104                                                          |   2|   0|    2|          0|
    |map_V_2_loc_fu_108                                                          |   2|   0|    2|          0|
    |map_V_loc_fu_100                                                            |   2|   0|    2|          0|
    |sof_reg_130                                                                 |   1|   0|    1|          0|
    |sub_ln1538_reg_274                                                          |   4|   0|    4|          0|
    |sub_reg_299                                                                 |  11|   0|   11|          0|
    |trunc_ln1486_reg_279                                                        |  11|   0|   11|          0|
    +----------------------------------------------------------------------------+----+----+-----+-----------+
    |Total                                                                       |  65|   0|   65|          0|
    +----------------------------------------------------------------------------+----+----+-----+-----------+



================================================================
== Interface
================================================================
* Summary: 
+-------------------------------+-----+-----+------------+-------------------------+--------------+
|           RTL Ports           | Dir | Bits|  Protocol  |      Source Object      |    C Type    |
+-------------------------------+-----+-----+------------+-------------------------+--------------+
|ap_clk                         |   in|    1|  ap_ctrl_hs|  MultiPixStream2AXIvideo|  return value|
|ap_rst                         |   in|    1|  ap_ctrl_hs|  MultiPixStream2AXIvideo|  return value|
|ap_start                       |   in|    1|  ap_ctrl_hs|  MultiPixStream2AXIvideo|  return value|
|ap_done                        |  out|    1|  ap_ctrl_hs|  MultiPixStream2AXIvideo|  return value|
|ap_continue                    |   in|    1|  ap_ctrl_hs|  MultiPixStream2AXIvideo|  return value|
|ap_idle                        |  out|    1|  ap_ctrl_hs|  MultiPixStream2AXIvideo|  return value|
|ap_ready                       |  out|    1|  ap_ctrl_hs|  MultiPixStream2AXIvideo|  return value|
|stream_out_420_dout            |   in|   24|     ap_fifo|           stream_out_420|       pointer|
|stream_out_420_num_data_valid  |   in|    5|     ap_fifo|           stream_out_420|       pointer|
|stream_out_420_fifo_cap        |   in|    5|     ap_fifo|           stream_out_420|       pointer|
|stream_out_420_empty_n         |   in|    1|     ap_fifo|           stream_out_420|       pointer|
|stream_out_420_read            |  out|    1|     ap_fifo|           stream_out_420|       pointer|
|m_axis_video_TDATA             |  out|   24|        axis|    m_axis_video_V_data_V|       pointer|
|m_axis_video_TVALID            |  out|    1|        axis|    m_axis_video_V_dest_V|       pointer|
|m_axis_video_TREADY            |   in|    1|        axis|    m_axis_video_V_dest_V|       pointer|
|m_axis_video_TDEST             |  out|    1|        axis|    m_axis_video_V_dest_V|       pointer|
|m_axis_video_TKEEP             |  out|    3|        axis|    m_axis_video_V_keep_V|       pointer|
|m_axis_video_TSTRB             |  out|    3|        axis|    m_axis_video_V_strb_V|       pointer|
|m_axis_video_TUSER             |  out|    1|        axis|    m_axis_video_V_user_V|       pointer|
|m_axis_video_TLAST             |  out|    1|        axis|    m_axis_video_V_last_V|       pointer|
|m_axis_video_TID               |  out|    1|        axis|      m_axis_video_V_id_V|       pointer|
|Height_dout                    |   in|   16|     ap_fifo|                   Height|       pointer|
|Height_num_data_valid          |   in|    2|     ap_fifo|                   Height|       pointer|
|Height_fifo_cap                |   in|    2|     ap_fifo|                   Height|       pointer|
|Height_empty_n                 |   in|    1|     ap_fifo|                   Height|       pointer|
|Height_read                    |  out|    1|     ap_fifo|                   Height|       pointer|
|WidthOut_dout                  |   in|   16|     ap_fifo|                 WidthOut|       pointer|
|WidthOut_num_data_valid        |   in|    2|     ap_fifo|                 WidthOut|       pointer|
|WidthOut_fifo_cap              |   in|    2|     ap_fifo|                 WidthOut|       pointer|
|WidthOut_empty_n               |   in|    1|     ap_fifo|                 WidthOut|       pointer|
|WidthOut_read                  |  out|    1|     ap_fifo|                 WidthOut|       pointer|
|ColorModeOut_dout              |   in|    8|     ap_fifo|             ColorModeOut|       pointer|
|ColorModeOut_num_data_valid    |   in|    4|     ap_fifo|             ColorModeOut|       pointer|
|ColorModeOut_fifo_cap          |   in|    4|     ap_fifo|             ColorModeOut|       pointer|
|ColorModeOut_empty_n           |   in|    1|     ap_fifo|             ColorModeOut|       pointer|
|ColorModeOut_read              |  out|    1|     ap_fifo|             ColorModeOut|       pointer|
+-------------------------------+-----+-----+------------+-------------------------+--------------+

============================================================
+ Verbose Summary: Synthesis Manager
============================================================
InlineROM: 1
ExposeGlobal: 0
============================================================
+ Verbose Summary: CDFG Model
============================================================
IsTopModel: 0
ResetActiveHigh: 1
IsCombinational: 2
IsDatapathOnly: 0
HasWiredReturn: 1
HasMFsm: 0
HasVarLatency: 1
IsPipeline: 0
IsRtlPipelined: 0
IsInstanceOverlapped: 0
IsDontTouch: 0
HasImplIP: 0
IsGatedGlobalClock: 0


============================================================
+ Verbose Summary: Schedule
============================================================
* Number of FSM states : 7
* Pipeline : 0
* Dataflow Pipeline: 0

* FSM state transitions: 
1 --> 2 
2 --> 3 
3 --> 4 
4 --> 5 
5 --> 6 7 
6 --> 5 
7 --> 

* FSM state operations: 

State 1 <SV = 0> <Delay = 2.62>
ST_1 : Operation 8 [1/1] (0.00ns)   --->   "%i_1 = alloca i32 1"   --->   Operation 8 'alloca' 'i_1' <Predicate = true> <Delay = 0.00>
ST_1 : Operation 9 [1/1] (0.00ns)   --->   "%map_V_loc = alloca i64 1"   --->   Operation 9 'alloca' 'map_V_loc' <Predicate = true> <Delay = 0.00>
ST_1 : Operation 10 [1/1] (0.00ns)   --->   "%map_V_1_loc = alloca i64 1"   --->   Operation 10 'alloca' 'map_V_1_loc' <Predicate = true> <Delay = 0.00>
ST_1 : Operation 11 [1/1] (0.00ns)   --->   "%map_V_2_loc = alloca i64 1"   --->   Operation 11 'alloca' 'map_V_2_loc' <Predicate = true> <Delay = 0.00>
ST_1 : Operation 12 [1/1] (1.82ns)   --->   "%ColorModeOut_read = read i8 @_ssdm_op_Read.ap_fifo.i8P0A, i8 %ColorModeOut"   --->   Operation 12 'read' 'ColorModeOut_read' <Predicate = true> <Delay = 1.82> <CoreInst = "FIFO_SRL">   --->   Core 81 'FIFO_SRL' <Latency = 0> <II = 1> <Delay = 1.90> <Storage> <Opcode : 'read' 'write' 'nbread' 'nbwrite'> <Ports = 0> <Width = 8> <Depth = 7> <FIFO>
ST_1 : Operation 13 [1/1] (0.00ns)   --->   "%empty = trunc i8 %ColorModeOut_read"   --->   Operation 13 'trunc' 'empty' <Predicate = true> <Delay = 0.00>
ST_1 : Operation 14 [1/1] (1.82ns)   --->   "%cols = read i16 @_ssdm_op_Read.ap_fifo.i16P0A, i16 %WidthOut"   --->   Operation 14 'read' 'cols' <Predicate = true> <Delay = 1.82> <CoreInst = "FIFO_SRL">   --->   Core 81 'FIFO_SRL' <Latency = 0> <II = 1> <Delay = 1.83> <Storage> <Opcode : 'read' 'write' 'nbread' 'nbwrite'> <Ports = 0> <Width = 16> <Depth = 2> <FIFO>
ST_1 : Operation 15 [1/1] (1.82ns)   --->   "%rows = read i16 @_ssdm_op_Read.ap_fifo.i16P0A, i16 %Height"   --->   Operation 15 'read' 'rows' <Predicate = true> <Delay = 1.82> <CoreInst = "FIFO_SRL">   --->   Core 81 'FIFO_SRL' <Latency = 0> <II = 1> <Delay = 1.83> <Storage> <Opcode : 'read' 'write' 'nbread' 'nbwrite'> <Ports = 0> <Width = 16> <Depth = 2> <FIFO>
ST_1 : Operation 16 [1/1] (0.00ns)   --->   "%trunc_ln1538 = trunc i8 %ColorModeOut_read" [/home/user/Documents/kria-vitis-platforms/kv260/platforms/vivado/kv260_ispMipiRx_vcu_DP/project/kv260_ispMipiRx_vcu_DP.runs/bd_eab1_hsc_0_synth_1/prj/sol/.autopilot/db/v_hscaler.cpp:1538]   --->   Operation 16 'trunc' 'trunc_ln1538' <Predicate = true> <Delay = 0.00>
ST_1 : Operation 17 [1/1] (0.00ns)   --->   "%tmp_4 = bitconcatenate i4 @_ssdm_op_BitConcatenate.i4.i2.i2, i2 %empty, i2 0" [/home/user/Documents/kria-vitis-platforms/kv260/platforms/vivado/kv260_ispMipiRx_vcu_DP/project/kv260_ispMipiRx_vcu_DP.runs/bd_eab1_hsc_0_synth_1/prj/sol/.autopilot/db/v_hscaler.cpp:1538]   --->   Operation 17 'bitconcatenate' 'tmp_4' <Predicate = true> <Delay = 0.00>
ST_1 : Operation 18 [1/1] (0.79ns)   --->   "%sub_ln1538 = sub i4 %tmp_4, i4 %trunc_ln1538" [/home/user/Documents/kria-vitis-platforms/kv260/platforms/vivado/kv260_ispMipiRx_vcu_DP/project/kv260_ispMipiRx_vcu_DP.runs/bd_eab1_hsc_0_synth_1/prj/sol/.autopilot/db/v_hscaler.cpp:1538]   --->   Operation 18 'sub' 'sub_ln1538' <Predicate = true> <Delay = 0.79> <CoreInst = "Adder">   --->   Core 1 'Adder' <Latency = 0> <II = 1> <Delay = 0.79> <FuncUnit> <Opcode : 'add' 'sub'> <InPorts = 2> <OutPorts = 1>
ST_1 : Operation 19 [1/1] (0.00ns)   --->   "%trunc_ln1486 = trunc i16 %rows" [/home/user/Documents/kria-vitis-platforms/kv260/platforms/vivado/kv260_ispMipiRx_vcu_DP/project/kv260_ispMipiRx_vcu_DP.runs/bd_eab1_hsc_0_synth_1/prj/sol/.autopilot/db/v_hscaler.cpp:1486]   --->   Operation 19 'trunc' 'trunc_ln1486' <Predicate = true> <Delay = 0.00>
ST_1 : Operation 20 [1/1] (0.00ns)   --->   "%empty_142 = trunc i16 %cols"   --->   Operation 20 'trunc' 'empty_142' <Predicate = true> <Delay = 0.00>
ST_1 : Operation 21 [1/1] (0.42ns)   --->   "%store_ln1542 = store i11 0, i11 %i_1" [/home/user/Documents/kria-vitis-platforms/kv260/platforms/vivado/kv260_ispMipiRx_vcu_DP/project/kv260_ispMipiRx_vcu_DP.runs/bd_eab1_hsc_0_synth_1/prj/sol/.autopilot/db/v_hscaler.cpp:1542]   --->   Operation 21 'store' 'store_ln1542' <Predicate = true> <Delay = 0.42>

State 2 <SV = 1> <Delay = 1.47>
ST_2 : Operation 22 [2/2] (1.47ns)   --->   "%call_ln1538 = call void @MultiPixStream2AXIvideo_Pipeline_VITIS_LOOP_1536_1, i4 %sub_ln1538, i2 %map_V_2_loc, i2 %map_V_1_loc, i2 %map_V_loc, i2 %mapComp" [/home/user/Documents/kria-vitis-platforms/kv260/platforms/vivado/kv260_ispMipiRx_vcu_DP/project/kv260_ispMipiRx_vcu_DP.runs/bd_eab1_hsc_0_synth_1/prj/sol/.autopilot/db/v_hscaler.cpp:1538]   --->   Operation 22 'call' 'call_ln1538' <Predicate = true> <Delay = 1.47> <CoreType = "Generic">   --->   Core 0 '' <Latency = 0> <II = 1> <Delay = 1.00> <Generic> <Opcode : >

State 3 <SV = 2> <Delay = 0.00>
ST_3 : Operation 23 [1/2] (0.00ns)   --->   "%call_ln1538 = call void @MultiPixStream2AXIvideo_Pipeline_VITIS_LOOP_1536_1, i4 %sub_ln1538, i2 %map_V_2_loc, i2 %map_V_1_loc, i2 %map_V_loc, i2 %mapComp" [/home/user/Documents/kria-vitis-platforms/kv260/platforms/vivado/kv260_ispMipiRx_vcu_DP/project/kv260_ispMipiRx_vcu_DP.runs/bd_eab1_hsc_0_synth_1/prj/sol/.autopilot/db/v_hscaler.cpp:1538]   --->   Operation 23 'call' 'call_ln1538' <Predicate = true> <Delay = 0.00> <CoreType = "Generic">   --->   Core 0 '' <Latency = 0> <II = 1> <Delay = 1.00> <Generic> <Opcode : >

State 4 <SV = 3> <Delay = 0.79>
ST_4 : Operation 24 [1/1] (0.00ns)   --->   "%specinterface_ln0 = specinterface void @_ssdm_op_SpecInterface, i8 %ColorModeOut, void @ap_fifo_str, i32 0, i32 0, void @p_str, i32 0, i32 0, void @p_str, void @p_str, void @p_str, i32 2, i32 2, i32 16, i32 16, void @p_str, void @ScalarProp_str, i32 4294967295, i32 0"   --->   Operation 24 'specinterface' 'specinterface_ln0' <Predicate = true> <Delay = 0.00>
ST_4 : Operation 25 [1/1] (0.00ns)   --->   "%specinterface_ln0 = specinterface void @_ssdm_op_SpecInterface, i16 %WidthOut, void @ap_fifo_str, i32 0, i32 0, void @p_str, i32 0, i32 0, void @p_str, void @p_str, void @p_str, i32 2, i32 2, i32 16, i32 16, void @p_str, void @ScalarProp_str, i32 4294967295, i32 0"   --->   Operation 25 'specinterface' 'specinterface_ln0' <Predicate = true> <Delay = 0.00>
ST_4 : Operation 26 [1/1] (0.00ns)   --->   "%specinterface_ln0 = specinterface void @_ssdm_op_SpecInterface, i16 %Height, void @ap_fifo_str, i32 0, i32 0, void @p_str, i32 0, i32 0, void @p_str, void @p_str, void @p_str, i32 2, i32 2, i32 16, i32 16, void @p_str, void @ScalarProp_str, i32 4294967295, i32 0"   --->   Operation 26 'specinterface' 'specinterface_ln0' <Predicate = true> <Delay = 0.00>
ST_4 : Operation 27 [1/1] (0.00ns)   --->   "%specaxissidechannel_ln0 = specaxissidechannel void @_ssdm_op_SpecAXISSideChannel, i24 %m_axis_video_V_data_V, i3 %m_axis_video_V_keep_V, i3 %m_axis_video_V_strb_V, i1 %m_axis_video_V_user_V, i1 %m_axis_video_V_last_V, i1 %m_axis_video_V_id_V, i1 %m_axis_video_V_dest_V, void @empty_3"   --->   Operation 27 'specaxissidechannel' 'specaxissidechannel_ln0' <Predicate = true> <Delay = 0.00>
ST_4 : Operation 28 [1/1] (0.00ns)   --->   "%specstablecontent_ln0 = specstablecontent void @_ssdm_op_SpecStableContent, i8 %ColorModeOut, void "   --->   Operation 28 'specstablecontent' 'specstablecontent_ln0' <Predicate = true> <Delay = 0.00>
ST_4 : Operation 29 [1/1] (0.00ns)   --->   "%specstablecontent_ln0 = specstablecontent void @_ssdm_op_SpecStableContent, i16 %WidthOut, void "   --->   Operation 29 'specstablecontent' 'specstablecontent_ln0' <Predicate = true> <Delay = 0.00>
ST_4 : Operation 30 [1/1] (0.00ns)   --->   "%specstablecontent_ln0 = specstablecontent void @_ssdm_op_SpecStableContent, i16 %Height, void "   --->   Operation 30 'specstablecontent' 'specstablecontent_ln0' <Predicate = true> <Delay = 0.00>
ST_4 : Operation 31 [1/1] (0.00ns)   --->   "%specinterface_ln0 = specinterface void @_ssdm_op_SpecInterface, i24 %stream_out_420, void @empty_14, i32 0, i32 0, void @empty_25, i32 0, i32 0, void @empty_25, void @empty_25, void @empty_25, i32 0, i32 0, i32 0, i32 0, void @empty_25, void @empty_25, i32 4294967295, i32 0"   --->   Operation 31 'specinterface' 'specinterface_ln0' <Predicate = true> <Delay = 0.00>
ST_4 : Operation 32 [1/1] (0.00ns)   --->   "%specinterface_ln0 = specinterface void @_ssdm_op_SpecInterface, i1 %m_axis_video_V_dest_V, i1 %m_axis_video_V_id_V, i1 %m_axis_video_V_last_V, i1 %m_axis_video_V_user_V, i3 %m_axis_video_V_strb_V, i3 %m_axis_video_V_keep_V, i24 %m_axis_video_V_data_V, void @empty_26, i32 1, i32 1, void @empty_27, i32 0, i32 0, void @empty_25, void @empty_25, void @empty_25, i32 0, i32 0, i32 0, i32 0, void @empty_25, void @empty_25, i32 4294967295, i32 0"   --->   Operation 32 'specinterface' 'specinterface_ln0' <Predicate = true> <Delay = 0.00>
ST_4 : Operation 33 [1/1] (0.00ns)   --->   "%map_V_2_loc_load = load i2 %map_V_2_loc"   --->   Operation 33 'load' 'map_V_2_loc_load' <Predicate = true> <Delay = 0.00>
ST_4 : Operation 34 [1/1] (0.00ns)   --->   "%map_V_1_loc_load = load i2 %map_V_1_loc"   --->   Operation 34 'load' 'map_V_1_loc_load' <Predicate = true> <Delay = 0.00>
ST_4 : Operation 35 [1/1] (0.00ns)   --->   "%map_V_loc_load = load i2 %map_V_loc"   --->   Operation 35 'load' 'map_V_loc_load' <Predicate = true> <Delay = 0.00>
ST_4 : Operation 36 [1/1] (0.79ns)   --->   "%sub = add i11 %empty_142, i11 2047"   --->   Operation 36 'add' 'sub' <Predicate = true> <Delay = 0.79> <CoreInst = "Adder">   --->   Core 1 'Adder' <Latency = 0> <II = 1> <Delay = 0.79> <FuncUnit> <Opcode : 'add' 'sub'> <InPorts = 2> <OutPorts = 1>
ST_4 : Operation 37 [1/1] (0.42ns)   --->   "%br_ln1542 = br void %VITIS_LOOP_1544_3" [/home/user/Documents/kria-vitis-platforms/kv260/platforms/vivado/kv260_ispMipiRx_vcu_DP/project/kv260_ispMipiRx_vcu_DP.runs/bd_eab1_hsc_0_synth_1/prj/sol/.autopilot/db/v_hscaler.cpp:1542]   --->   Operation 37 'br' 'br_ln1542' <Predicate = true> <Delay = 0.42>

State 5 <SV = 4> <Delay = 2.31>
ST_5 : Operation 38 [1/1] (0.00ns)   --->   "%sof = phi i1 1, void %entry, i1 0, void %VITIS_LOOP_1544_3.split"   --->   Operation 38 'phi' 'sof' <Predicate = true> <Delay = 0.00>
ST_5 : Operation 39 [1/1] (0.00ns)   --->   "%i = load i11 %i_1" [/home/user/Documents/kria-vitis-platforms/kv260/platforms/vivado/kv260_ispMipiRx_vcu_DP/project/kv260_ispMipiRx_vcu_DP.runs/bd_eab1_hsc_0_synth_1/prj/sol/.autopilot/db/v_hscaler.cpp:1542]   --->   Operation 39 'load' 'i' <Predicate = true> <Delay = 0.00>
ST_5 : Operation 40 [1/1] (0.94ns)   --->   "%icmp_ln1542 = icmp_eq  i11 %i, i11 %trunc_ln1486" [/home/user/Documents/kria-vitis-platforms/kv260/platforms/vivado/kv260_ispMipiRx_vcu_DP/project/kv260_ispMipiRx_vcu_DP.runs/bd_eab1_hsc_0_synth_1/prj/sol/.autopilot/db/v_hscaler.cpp:1542]   --->   Operation 40 'icmp' 'icmp_ln1542' <Predicate = true> <Delay = 0.94> <CoreInst = "Cmp">   --->   Core 9 'Cmp' <Latency = 0> <II = 1> <Delay = 0.94> <FuncUnit> <Opcode : 'icmp'> <InPorts = 2> <OutPorts = 1>
ST_5 : Operation 41 [1/1] (0.00ns)   --->   "%speclooptripcount_ln0 = speclooptripcount void @_ssdm_op_SpecLoopTripCount, i64 16, i64 1080, i64 0"   --->   Operation 41 'speclooptripcount' 'speclooptripcount_ln0' <Predicate = true> <Delay = 0.00>
ST_5 : Operation 42 [1/1] (0.79ns)   --->   "%i_2 = add i11 %i, i11 1" [/home/user/Documents/kria-vitis-platforms/kv260/platforms/vivado/kv260_ispMipiRx_vcu_DP/project/kv260_ispMipiRx_vcu_DP.runs/bd_eab1_hsc_0_synth_1/prj/sol/.autopilot/db/v_hscaler.cpp:1542]   --->   Operation 42 'add' 'i_2' <Predicate = true> <Delay = 0.79> <CoreInst = "Adder">   --->   Core 1 'Adder' <Latency = 0> <II = 1> <Delay = 0.79> <FuncUnit> <Opcode : 'add' 'sub'> <InPorts = 2> <OutPorts = 1>
ST_5 : Operation 43 [1/1] (0.00ns)   --->   "%br_ln1542 = br i1 %icmp_ln1542, void %VITIS_LOOP_1544_3.split, void %for.end77" [/home/user/Documents/kria-vitis-platforms/kv260/platforms/vivado/kv260_ispMipiRx_vcu_DP/project/kv260_ispMipiRx_vcu_DP.runs/bd_eab1_hsc_0_synth_1/prj/sol/.autopilot/db/v_hscaler.cpp:1542]   --->   Operation 43 'br' 'br_ln1542' <Predicate = true> <Delay = 0.00>
ST_5 : Operation 44 [1/1] (0.00ns)   --->   "%empty_143 = wait i32 @_ssdm_op_Wait"   --->   Operation 44 'wait' 'empty_143' <Predicate = (!icmp_ln1542)> <Delay = 0.00>
ST_5 : Operation 45 [2/2] (1.37ns)   --->   "%call_ln0 = call void @MultiPixStream2AXIvideo_Pipeline_VITIS_LOOP_1544_3, i1 %sof, i11 %empty_142, i11 %sub, i24 %stream_out_420, i2 %map_V_2_loc_load, i2 %map_V_1_loc_load, i2 %map_V_loc_load, i24 %m_axis_video_V_data_V, i3 %m_axis_video_V_keep_V, i3 %m_axis_video_V_strb_V, i1 %m_axis_video_V_user_V, i1 %m_axis_video_V_last_V, i1 %m_axis_video_V_id_V, i1 %m_axis_video_V_dest_V"   --->   Operation 45 'call' 'call_ln0' <Predicate = (!icmp_ln1542)> <Delay = 1.37> <CoreType = "Generic">   --->   Core 0 '' <Latency = 0> <II = 1> <Delay = 1.00> <Generic> <Opcode : >
ST_5 : Operation 46 [1/1] (0.42ns)   --->   "%store_ln1542 = store i11 %i_2, i11 %i_1" [/home/user/Documents/kria-vitis-platforms/kv260/platforms/vivado/kv260_ispMipiRx_vcu_DP/project/kv260_ispMipiRx_vcu_DP.runs/bd_eab1_hsc_0_synth_1/prj/sol/.autopilot/db/v_hscaler.cpp:1542]   --->   Operation 46 'store' 'store_ln1542' <Predicate = (!icmp_ln1542)> <Delay = 0.42>

State 6 <SV = 5> <Delay = 2.30>
ST_6 : Operation 47 [1/1] (0.00ns)   --->   "%specloopname_ln1541 = specloopname void @_ssdm_op_SpecLoopName, void @empty_21" [/home/user/Documents/kria-vitis-platforms/kv260/platforms/vivado/kv260_ispMipiRx_vcu_DP/project/kv260_ispMipiRx_vcu_DP.runs/bd_eab1_hsc_0_synth_1/prj/sol/.autopilot/db/v_hscaler.cpp:1541]   --->   Operation 47 'specloopname' 'specloopname_ln1541' <Predicate = true> <Delay = 0.00>
ST_6 : Operation 48 [1/2] (2.30ns)   --->   "%call_ln0 = call void @MultiPixStream2AXIvideo_Pipeline_VITIS_LOOP_1544_3, i1 %sof, i11 %empty_142, i11 %sub, i24 %stream_out_420, i2 %map_V_2_loc_load, i2 %map_V_1_loc_load, i2 %map_V_loc_load, i24 %m_axis_video_V_data_V, i3 %m_axis_video_V_keep_V, i3 %m_axis_video_V_strb_V, i1 %m_axis_video_V_user_V, i1 %m_axis_video_V_last_V, i1 %m_axis_video_V_id_V, i1 %m_axis_video_V_dest_V"   --->   Operation 48 'call' 'call_ln0' <Predicate = true> <Delay = 2.30> <CoreType = "Generic">   --->   Core 0 '' <Latency = 0> <II = 1> <Delay = 1.00> <Generic> <Opcode : >
ST_6 : Operation 49 [1/1] (0.00ns)   --->   "%br_ln1542 = br void %VITIS_LOOP_1544_3" [/home/user/Documents/kria-vitis-platforms/kv260/platforms/vivado/kv260_ispMipiRx_vcu_DP/project/kv260_ispMipiRx_vcu_DP.runs/bd_eab1_hsc_0_synth_1/prj/sol/.autopilot/db/v_hscaler.cpp:1542]   --->   Operation 49 'br' 'br_ln1542' <Predicate = true> <Delay = 0.00>

State 7 <SV = 6> <Delay = 0.00>
ST_7 : Operation 50 [1/1] (0.00ns)   --->   "%ret_ln0 = ret"   --->   Operation 50 'ret' 'ret_ln0' <Predicate = true> <Delay = 0.00>


============================================================
+ Verbose Summary: Binding
============================================================
STG Binding: 
---------------- STG Properties BEGIN ----------------
- Is combinational: 0
- Is one-state seq: 0
- Is datapath-only: 0
- Is pipelined: 0
- Is top level: 0
Port [ Return ] is wired: 1; IO mode=ap_ctrl_hs:ce=0
Port [ stream_out_420]:  wired=1; compound=1; hidden=0; nouse=0; global=0; static=0; extern=0; dir=0; type=3; pingpong=0; private_global=0; IO mode=ap_fifo:ce=0
Port [ m_axis_video_V_data_V]:  wired=1; compound=1; hidden=0; nouse=0; global=0; static=0; extern=0; dir=1; type=0; pingpong=0; private_global=0; IO mode=axis:ce=0
Port [ m_axis_video_V_keep_V]:  wired=1; compound=1; hidden=0; nouse=0; global=0; static=0; extern=0; dir=1; type=0; pingpong=0; private_global=0; IO mode=axis:ce=0
Port [ m_axis_video_V_strb_V]:  wired=1; compound=1; hidden=0; nouse=0; global=0; static=0; extern=0; dir=1; type=0; pingpong=0; private_global=0; IO mode=axis:ce=0
Port [ m_axis_video_V_user_V]:  wired=1; compound=1; hidden=0; nouse=0; global=0; static=0; extern=0; dir=1; type=0; pingpong=0; private_global=0; IO mode=axis:ce=0
Port [ m_axis_video_V_last_V]:  wired=1; compound=1; hidden=0; nouse=0; global=0; static=0; extern=0; dir=1; type=0; pingpong=0; private_global=0; IO mode=axis:ce=0
Port [ m_axis_video_V_id_V]:  wired=1; compound=1; hidden=0; nouse=0; global=0; static=0; extern=0; dir=1; type=0; pingpong=0; private_global=0; IO mode=axis:ce=0
Port [ m_axis_video_V_dest_V]:  wired=1; compound=1; hidden=0; nouse=0; global=0; static=0; extern=0; dir=1; type=0; pingpong=0; private_global=0; IO mode=axis:ce=0
Port [ Height]:  wired=1; compound=1; hidden=0; nouse=0; global=0; static=0; extern=0; dir=0; type=3; pingpong=0; private_global=0; IO mode=ap_fifo:ce=0
Port [ WidthOut]:  wired=1; compound=1; hidden=0; nouse=0; global=0; static=0; extern=0; dir=0; type=3; pingpong=0; private_global=0; IO mode=ap_fifo:ce=0
Port [ ColorModeOut]:  wired=1; compound=1; hidden=0; nouse=0; global=0; static=0; extern=0; dir=0; type=3; pingpong=0; private_global=0; IO mode=ap_fifo:ce=0
Port [ mapComp]:  wired=0; compound=1; hidden=1; nouse=1; global=1; static=1; extern=0; dir=0; type=1; pingpong=0; private_global=0; MemPort=[1]; IO mode=ap_memory:ce=0
---------------- STG Properties END ------------------

---------------- Datapath Model BEGIN ----------------

<LifeTime>
<method=bitvector/>
i_1                     (alloca             ) [ 01111110]
map_V_loc               (alloca             ) [ 00111000]
map_V_1_loc             (alloca             ) [ 00111000]
map_V_2_loc             (alloca             ) [ 00111000]
ColorModeOut_read       (read               ) [ 00000000]
empty                   (trunc              ) [ 00000000]
cols                    (read               ) [ 00000000]
rows                    (read               ) [ 00000000]
trunc_ln1538            (trunc              ) [ 00000000]
tmp_4                   (bitconcatenate     ) [ 00000000]
sub_ln1538              (sub                ) [ 00110000]
trunc_ln1486            (trunc              ) [ 00111110]
empty_142               (trunc              ) [ 00111110]
store_ln1542            (store              ) [ 00000000]
call_ln1538             (call               ) [ 00000000]
specinterface_ln0       (specinterface      ) [ 00000000]
specinterface_ln0       (specinterface      ) [ 00000000]
specinterface_ln0       (specinterface      ) [ 00000000]
specaxissidechannel_ln0 (specaxissidechannel) [ 00000000]
specstablecontent_ln0   (specstablecontent  ) [ 00000000]
specstablecontent_ln0   (specstablecontent  ) [ 00000000]
specstablecontent_ln0   (specstablecontent  ) [ 00000000]
specinterface_ln0       (specinterface      ) [ 00000000]
specinterface_ln0       (specinterface      ) [ 00000000]
map_V_2_loc_load        (load               ) [ 00000110]
map_V_1_loc_load        (load               ) [ 00000110]
map_V_loc_load          (load               ) [ 00000110]
sub                     (add                ) [ 00000110]
br_ln1542               (br                 ) [ 00001110]
sof                     (phi                ) [ 00000110]
i                       (load               ) [ 00000000]
icmp_ln1542             (icmp               ) [ 00000110]
speclooptripcount_ln0   (speclooptripcount  ) [ 00000000]
i_2                     (add                ) [ 00000000]
br_ln1542               (br                 ) [ 00000000]
empty_143               (wait               ) [ 00000000]
store_ln1542            (store              ) [ 00000000]
specloopname_ln1541     (specloopname       ) [ 00000000]
call_ln0                (call               ) [ 00000000]
br_ln1542               (br                 ) [ 00001110]
ret_ln0                 (ret                ) [ 00000000]
</LifeTime>

<model>

<comp_list>
<comp id="0" class="1000" name="stream_out_420">
<pin_list>
<pin id="1" dir="1" index="0" bw="1" slack="0"/>
</pin_list>
<bind>
<StgValue><ssdm name="stream_out_420"/></StgValue>
</bind>
</comp>

<comp id="2" class="1000" name="m_axis_video_V_data_V">
<pin_list>
<pin id="3" dir="1" index="0" bw="1" slack="0"/>
</pin_list>
<bind>
<StgValue><ssdm name="m_axis_video_V_data_V"/></StgValue>
</bind>
</comp>

<comp id="4" class="1000" name="m_axis_video_V_keep_V">
<pin_list>
<pin id="5" dir="1" index="0" bw="1" slack="0"/>
</pin_list>
<bind>
<StgValue><ssdm name="m_axis_video_V_keep_V"/></StgValue>
</bind>
</comp>

<comp id="6" class="1000" name="m_axis_video_V_strb_V">
<pin_list>
<pin id="7" dir="1" index="0" bw="1" slack="0"/>
</pin_list>
<bind>
<StgValue><ssdm name="m_axis_video_V_strb_V"/></StgValue>
</bind>
</comp>

<comp id="8" class="1000" name="m_axis_video_V_user_V">
<pin_list>
<pin id="9" dir="1" index="0" bw="1" slack="0"/>
</pin_list>
<bind>
<StgValue><ssdm name="m_axis_video_V_user_V"/></StgValue>
</bind>
</comp>

<comp id="10" class="1000" name="m_axis_video_V_last_V">
<pin_list>
<pin id="11" dir="1" index="0" bw="1" slack="0"/>
</pin_list>
<bind>
<StgValue><ssdm name="m_axis_video_V_last_V"/></StgValue>
</bind>
</comp>

<comp id="12" class="1000" name="m_axis_video_V_id_V">
<pin_list>
<pin id="13" dir="1" index="0" bw="1" slack="0"/>
</pin_list>
<bind>
<StgValue><ssdm name="m_axis_video_V_id_V"/></StgValue>
</bind>
</comp>

<comp id="14" class="1000" name="m_axis_video_V_dest_V">
<pin_list>
<pin id="15" dir="1" index="0" bw="1" slack="0"/>
</pin_list>
<bind>
<StgValue><ssdm name="m_axis_video_V_dest_V"/></StgValue>
</bind>
</comp>

<comp id="16" class="1000" name="Height">
<pin_list>
<pin id="17" dir="1" index="0" bw="1" slack="0"/>
</pin_list>
<bind>
<StgValue><ssdm name="Height"/></StgValue>
</bind>
</comp>

<comp id="18" class="1000" name="WidthOut">
<pin_list>
<pin id="19" dir="1" index="0" bw="1" slack="0"/>
</pin_list>
<bind>
<StgValue><ssdm name="WidthOut"/></StgValue>
</bind>
</comp>

<comp id="20" class="1000" name="ColorModeOut">
<pin_list>
<pin id="21" dir="1" index="0" bw="1" slack="0"/>
</pin_list>
<bind>
<StgValue><ssdm name="ColorModeOut"/></StgValue>
</bind>
</comp>

<comp id="22" class="1000" name="mapComp">
<pin_list>
<pin id="23" dir="1" index="0" bw="1" slack="0"/>
</pin_list>
<bind>
<StgValue><ssdm name="mapComp"/><MemPortTyVec>1 </MemPortTyVec>
</StgValue>
</bind>
</comp>

<comp id="24" class="1001" name="const_24">
<pin_list>
<pin id="25" dir="1" index="0" bw="1" slack="0"/>
</pin_list>
<bind>
<StgValue><ssdm name=""/></StgValue>
</bind>
</comp>

<comp id="26" class="1001" name="const_26">
<pin_list>
<pin id="27" dir="1" index="0" bw="1" slack="0"/>
</pin_list>
<bind>
<StgValue><ssdm name=""/></StgValue>
</bind>
</comp>

<comp id="28" class="1001" name="const_28">
<pin_list>
<pin id="29" dir="1" index="0" bw="1" slack="0"/>
</pin_list>
<bind>
<StgValue><ssdm name="_ssdm_op_Read.ap_fifo.i8P0A"/></StgValue>
</bind>
</comp>

<comp id="30" class="1001" name="const_30">
<pin_list>
<pin id="31" dir="1" index="0" bw="1" slack="0"/>
</pin_list>
<bind>
<StgValue><ssdm name="_ssdm_op_Read.ap_fifo.i16P0A"/></StgValue>
</bind>
</comp>

<comp id="32" class="1001" name="const_32">
<pin_list>
<pin id="33" dir="1" index="0" bw="1" slack="0"/>
</pin_list>
<bind>
<StgValue><ssdm name="_ssdm_op_BitConcatenate.i4.i2.i2"/></StgValue>
</bind>
</comp>

<comp id="34" class="1001" name="const_34">
<pin_list>
<pin id="35" dir="1" index="0" bw="1" slack="0"/>
</pin_list>
<bind>
<StgValue><ssdm name=""/></StgValue>
</bind>
</comp>

<comp id="36" class="1001" name="const_36">
<pin_list>
<pin id="37" dir="1" index="0" bw="1" slack="0"/>
</pin_list>
<bind>
<StgValue><ssdm name=""/></StgValue>
</bind>
</comp>

<comp id="38" class="1001" name="const_38">
<pin_list>
<pin id="39" dir="1" index="0" bw="1" slack="0"/>
</pin_list>
<bind>
<StgValue><ssdm name="MultiPixStream2AXIvideo_Pipeline_VITIS_LOOP_1536_1"/></StgValue>
</bind>
</comp>

<comp id="40" class="1001" name="const_40">
<pin_list>
<pin id="41" dir="1" index="0" bw="1" slack="2147483647"/>
</pin_list>
<bind>
<StgValue><ssdm name="_ssdm_op_SpecInterface"/></StgValue>
</bind>
</comp>

<comp id="42" class="1001" name="const_42">
<pin_list>
<pin id="43" dir="1" index="0" bw="1" slack="2147483647"/>
</pin_list>
<bind>
<StgValue><ssdm name="ap_fifo_str"/></StgValue>
</bind>
</comp>

<comp id="44" class="1001" name="const_44">
<pin_list>
<pin id="45" dir="1" index="0" bw="1" slack="2147483647"/>
</pin_list>
<bind>
<StgValue><ssdm name=""/></StgValue>
</bind>
</comp>

<comp id="46" class="1001" name="const_46">
<pin_list>
<pin id="47" dir="1" index="0" bw="1" slack="2147483647"/>
</pin_list>
<bind>
<StgValue><ssdm name="p_str"/></StgValue>
</bind>
</comp>

<comp id="48" class="1001" name="const_48">
<pin_list>
<pin id="49" dir="1" index="0" bw="1" slack="2147483647"/>
</pin_list>
<bind>
<StgValue><ssdm name=""/></StgValue>
</bind>
</comp>

<comp id="50" class="1001" name="const_50">
<pin_list>
<pin id="51" dir="1" index="0" bw="1" slack="2147483647"/>
</pin_list>
<bind>
<StgValue><ssdm name=""/></StgValue>
</bind>
</comp>

<comp id="52" class="1001" name="const_52">
<pin_list>
<pin id="53" dir="1" index="0" bw="1" slack="2147483647"/>
</pin_list>
<bind>
<StgValue><ssdm name="ScalarProp_str"/></StgValue>
</bind>
</comp>

<comp id="54" class="1001" name="const_54">
<pin_list>
<pin id="55" dir="1" index="0" bw="1" slack="2147483647"/>
</pin_list>
<bind>
<StgValue><ssdm name=""/></StgValue>
</bind>
</comp>

<comp id="56" class="1001" name="const_56">
<pin_list>
<pin id="57" dir="1" index="0" bw="1" slack="2147483647"/>
</pin_list>
<bind>
<StgValue><ssdm name="_ssdm_op_SpecAXISSideChannel"/></StgValue>
</bind>
</comp>

<comp id="58" class="1001" name="const_58">
<pin_list>
<pin id="59" dir="1" index="0" bw="1" slack="2147483647"/>
</pin_list>
<bind>
<StgValue><ssdm name="empty_3"/></StgValue>
</bind>
</comp>

<comp id="60" class="1001" name="const_60">
<pin_list>
<pin id="61" dir="1" index="0" bw="1" slack="2147483647"/>
</pin_list>
<bind>
<StgValue><ssdm name="_ssdm_op_SpecStableContent"/></StgValue>
</bind>
</comp>

<comp id="62" class="1001" name="const_62">
<pin_list>
<pin id="63" dir="1" index="0" bw="1" slack="2147483647"/>
</pin_list>
<bind>
<StgValue><ssdm name=""/></StgValue>
</bind>
</comp>

<comp id="64" class="1001" name="const_64">
<pin_list>
<pin id="65" dir="1" index="0" bw="1" slack="2147483647"/>
</pin_list>
<bind>
<StgValue><ssdm name="empty_14"/></StgValue>
</bind>
</comp>

<comp id="66" class="1001" name="const_66">
<pin_list>
<pin id="67" dir="1" index="0" bw="1" slack="2147483647"/>
</pin_list>
<bind>
<StgValue><ssdm name="empty_25"/></StgValue>
</bind>
</comp>

<comp id="68" class="1001" name="const_68">
<pin_list>
<pin id="69" dir="1" index="0" bw="1" slack="2147483647"/>
</pin_list>
<bind>
<StgValue><ssdm name="empty_26"/></StgValue>
</bind>
</comp>

<comp id="70" class="1001" name="const_70">
<pin_list>
<pin id="71" dir="1" index="0" bw="1" slack="2147483647"/>
</pin_list>
<bind>
<StgValue><ssdm name="empty_27"/></StgValue>
</bind>
</comp>

<comp id="72" class="1001" name="const_72">
<pin_list>
<pin id="73" dir="1" index="0" bw="1" slack="0"/>
</pin_list>
<bind>
<StgValue><ssdm name=""/></StgValue>
</bind>
</comp>

<comp id="74" class="1001" name="const_74">
<pin_list>
<pin id="75" dir="1" index="0" bw="1" slack="1"/>
</pin_list>
<bind>
<StgValue><ssdm name=""/></StgValue>
</bind>
</comp>

<comp id="76" class="1001" name="const_76">
<pin_list>
<pin id="77" dir="1" index="0" bw="1" slack="1"/>
</pin_list>
<bind>
<StgValue><ssdm name=""/></StgValue>
</bind>
</comp>

<comp id="78" class="1001" name="const_78">
<pin_list>
<pin id="79" dir="1" index="0" bw="1" slack="2147483647"/>
</pin_list>
<bind>
<StgValue><ssdm name="_ssdm_op_SpecLoopTripCount"/></StgValue>
</bind>
</comp>

<comp id="80" class="1001" name="const_80">
<pin_list>
<pin id="81" dir="1" index="0" bw="1" slack="2147483647"/>
</pin_list>
<bind>
<StgValue><ssdm name=""/></StgValue>
</bind>
</comp>

<comp id="82" class="1001" name="const_82">
<pin_list>
<pin id="83" dir="1" index="0" bw="1" slack="2147483647"/>
</pin_list>
<bind>
<StgValue><ssdm name=""/></StgValue>
</bind>
</comp>

<comp id="84" class="1001" name="const_84">
<pin_list>
<pin id="85" dir="1" index="0" bw="1" slack="2147483647"/>
</pin_list>
<bind>
<StgValue><ssdm name=""/></StgValue>
</bind>
</comp>

<comp id="86" class="1001" name="const_86">
<pin_list>
<pin id="87" dir="1" index="0" bw="1" slack="0"/>
</pin_list>
<bind>
<StgValue><ssdm name=""/></StgValue>
</bind>
</comp>

<comp id="88" class="1001" name="const_88">
<pin_list>
<pin id="89" dir="1" index="0" bw="1" slack="2147483647"/>
</pin_list>
<bind>
<StgValue><ssdm name="_ssdm_op_Wait"/></StgValue>
</bind>
</comp>

<comp id="90" class="1001" name="const_90">
<pin_list>
<pin id="91" dir="1" index="0" bw="1" slack="0"/>
</pin_list>
<bind>
<StgValue><ssdm name="MultiPixStream2AXIvideo_Pipeline_VITIS_LOOP_1544_3"/></StgValue>
</bind>
</comp>

<comp id="92" class="1001" name="const_92">
<pin_list>
<pin id="93" dir="1" index="0" bw="1" slack="2147483647"/>
</pin_list>
<bind>
<StgValue><ssdm name="_ssdm_op_SpecLoopName"/></StgValue>
</bind>
</comp>

<comp id="94" class="1001" name="const_94">
<pin_list>
<pin id="95" dir="1" index="0" bw="1" slack="2147483647"/>
</pin_list>
<bind>
<StgValue><ssdm name="empty_21"/></StgValue>
</bind>
</comp>

<comp id="96" class="1004" name="i_1_fu_96">
<pin_list>
<pin id="97" dir="0" index="0" bw="1" slack="0"/>
<pin id="98" dir="1" index="1" bw="11" slack="0"/>
</pin_list>
<bind>
<opcode="alloca(26) " fcode="alloca"/>
<opset="i_1/1 "/>
</bind>
</comp>

<comp id="100" class="1004" name="map_V_loc_fu_100">
<pin_list>
<pin id="101" dir="0" index="0" bw="1" slack="0"/>
<pin id="102" dir="1" index="1" bw="2" slack="1"/>
</pin_list>
<bind>
<opcode="alloca(26) " fcode="alloca"/>
<opset="map_V_loc/1 "/>
</bind>
</comp>

<comp id="104" class="1004" name="map_V_1_loc_fu_104">
<pin_list>
<pin id="105" dir="0" index="0" bw="1" slack="0"/>
<pin id="106" dir="1" index="1" bw="2" slack="1"/>
</pin_list>
<bind>
<opcode="alloca(26) " fcode="alloca"/>
<opset="map_V_1_loc/1 "/>
</bind>
</comp>

<comp id="108" class="1004" name="map_V_2_loc_fu_108">
<pin_list>
<pin id="109" dir="0" index="0" bw="1" slack="0"/>
<pin id="110" dir="1" index="1" bw="2" slack="1"/>
</pin_list>
<bind>
<opcode="alloca(26) " fcode="alloca"/>
<opset="map_V_2_loc/1 "/>
</bind>
</comp>

<comp id="112" class="1004" name="ColorModeOut_read_read_fu_112">
<pin_list>
<pin id="113" dir="0" index="0" bw="8" slack="0"/>
<pin id="114" dir="0" index="1" bw="8" slack="0"/>
<pin id="115" dir="1" index="2" bw="8" slack="0"/>
</pin_list>
<bind>
<opcode="read(1150) " fcode="read"/>
<opset="ColorModeOut_read/1 "/>
</bind>
</comp>

<comp id="118" class="1004" name="cols_read_fu_118">
<pin_list>
<pin id="119" dir="0" index="0" bw="16" slack="0"/>
<pin id="120" dir="0" index="1" bw="16" slack="0"/>
<pin id="121" dir="1" index="2" bw="16" slack="0"/>
</pin_list>
<bind>
<opcode="read(1150) " fcode="read"/>
<opset="cols/1 "/>
</bind>
</comp>

<comp id="124" class="1004" name="rows_read_fu_124">
<pin_list>
<pin id="125" dir="0" index="0" bw="16" slack="0"/>
<pin id="126" dir="0" index="1" bw="16" slack="0"/>
<pin id="127" dir="1" index="2" bw="16" slack="0"/>
</pin_list>
<bind>
<opcode="read(1150) " fcode="read"/>
<opset="rows/1 "/>
</bind>
</comp>

<comp id="130" class="1005" name="sof_reg_130">
<pin_list>
<pin id="131" dir="0" index="0" bw="1" slack="1"/>
<pin id="132" dir="1" index="1" bw="1" slack="1"/>
</pin_list>
<bind>
<opset="sof (phireg) "/>
</bind>
</comp>

<comp id="135" class="1004" name="sof_phi_fu_135">
<pin_list>
<pin id="136" dir="0" index="0" bw="1" slack="1"/>
<pin id="137" dir="0" index="1" bw="0" slack="2147483647"/>
<pin id="138" dir="0" index="2" bw="1" slack="1"/>
<pin id="139" dir="0" index="3" bw="0" slack="2147483647"/>
<pin id="140" dir="1" index="4" bw="1" slack="0"/>
</pin_list>
<bind>
<opcode="phi(47) " fcode="phi"/>
<opset="sof/5 "/>
</bind>
</comp>

<comp id="144" class="1004" name="grp_MultiPixStream2AXIvideo_Pipeline_VITIS_LOOP_1536_1_fu_144">
<pin_list>
<pin id="145" dir="0" index="0" bw="0" slack="0"/>
<pin id="146" dir="0" index="1" bw="4" slack="1"/>
<pin id="147" dir="0" index="2" bw="2" slack="1"/>
<pin id="148" dir="0" index="3" bw="2" slack="1"/>
<pin id="149" dir="0" index="4" bw="2" slack="1"/>
<pin id="150" dir="0" index="5" bw="2" slack="0"/>
<pin id="151" dir="1" index="6" bw="0" slack="2147483647"/>
</pin_list>
<bind>
<opcode="call(48) " fcode="call"/>
<opset="call_ln1538/2 "/>
</bind>
</comp>

<comp id="154" class="1004" name="grp_MultiPixStream2AXIvideo_Pipeline_VITIS_LOOP_1544_3_fu_154">
<pin_list>
<pin id="155" dir="0" index="0" bw="0" slack="0"/>
<pin id="156" dir="0" index="1" bw="1" slack="0"/>
<pin id="157" dir="0" index="2" bw="11" slack="4"/>
<pin id="158" dir="0" index="3" bw="11" slack="1"/>
<pin id="159" dir="0" index="4" bw="24" slack="0"/>
<pin id="160" dir="0" index="5" bw="2" slack="2147483647"/>
<pin id="161" dir="0" index="6" bw="2" slack="2147483647"/>
<pin id="162" dir="0" index="7" bw="2" slack="2147483647"/>
<pin id="163" dir="0" index="8" bw="24" slack="0"/>
<pin id="164" dir="0" index="9" bw="3" slack="0"/>
<pin id="165" dir="0" index="10" bw="3" slack="0"/>
<pin id="166" dir="0" index="11" bw="1" slack="0"/>
<pin id="167" dir="0" index="12" bw="1" slack="0"/>
<pin id="168" dir="0" index="13" bw="1" slack="0"/>
<pin id="169" dir="0" index="14" bw="1" slack="0"/>
<pin id="170" dir="1" index="15" bw="0" slack="2147483647"/>
</pin_list>
<bind>
<opcode="call(48) " fcode="call"/>
<opset="call_ln0/5 "/>
</bind>
</comp>

<comp id="181" class="1004" name="empty_fu_181">
<pin_list>
<pin id="182" dir="0" index="0" bw="8" slack="0"/>
<pin id="183" dir="1" index="1" bw="2" slack="0"/>
</pin_list>
<bind>
<opcode="trunc(33) " fcode="trunc"/>
<opset="empty/1 "/>
</bind>
</comp>

<comp id="185" class="1004" name="trunc_ln1538_fu_185">
<pin_list>
<pin id="186" dir="0" index="0" bw="8" slack="0"/>
<pin id="187" dir="1" index="1" bw="4" slack="0"/>
</pin_list>
<bind>
<opcode="trunc(33) " fcode="trunc"/>
<opset="trunc_ln1538/1 "/>
</bind>
</comp>

<comp id="189" class="1004" name="tmp_4_fu_189">
<pin_list>
<pin id="190" dir="0" index="0" bw="4" slack="0"/>
<pin id="191" dir="0" index="1" bw="2" slack="0"/>
<pin id="192" dir="0" index="2" bw="1" slack="0"/>
<pin id="193" dir="1" index="3" bw="4" slack="0"/>
</pin_list>
<bind>
<opcode="bitconcatenate(1004) " fcode="bitconcatenate"/>
<opset="tmp_4/1 "/>
</bind>
</comp>

<comp id="197" class="1004" name="sub_ln1538_fu_197">
<pin_list>
<pin id="198" dir="0" index="0" bw="4" slack="0"/>
<pin id="199" dir="0" index="1" bw="4" slack="0"/>
<pin id="200" dir="1" index="2" bw="4" slack="1"/>
</pin_list>
<bind>
<opcode="sub(10) " fcode="sub"/>
<opset="sub_ln1538/1 "/>
</bind>
</comp>

<comp id="203" class="1004" name="trunc_ln1486_fu_203">
<pin_list>
<pin id="204" dir="0" index="0" bw="16" slack="0"/>
<pin id="205" dir="1" index="1" bw="11" slack="4"/>
</pin_list>
<bind>
<opcode="trunc(33) " fcode="trunc"/>
<opset="trunc_ln1486/1 "/>
</bind>
</comp>

<comp id="207" class="1004" name="empty_142_fu_207">
<pin_list>
<pin id="208" dir="0" index="0" bw="16" slack="0"/>
<pin id="209" dir="1" index="1" bw="11" slack="3"/>
</pin_list>
<bind>
<opcode="trunc(33) " fcode="trunc"/>
<opset="empty_142/1 "/>
</bind>
</comp>

<comp id="211" class="1004" name="store_ln1542_store_fu_211">
<pin_list>
<pin id="212" dir="0" index="0" bw="1" slack="0"/>
<pin id="213" dir="0" index="1" bw="11" slack="0"/>
<pin id="214" dir="1" index="2" bw="0" slack="2147483647"/>
</pin_list>
<bind>
<opcode="store(28) " fcode="store"/>
<opset="store_ln1542/1 "/>
</bind>
</comp>

<comp id="216" class="1004" name="map_V_2_loc_load_load_fu_216">
<pin_list>
<pin id="217" dir="0" index="0" bw="2" slack="3"/>
<pin id="218" dir="1" index="1" bw="2" slack="2147483647"/>
</pin_list>
<bind>
<opcode="load(27) " fcode="load"/>
<opset="map_V_2_loc_load/4 "/>
</bind>
</comp>

<comp id="219" class="1004" name="map_V_1_loc_load_load_fu_219">
<pin_list>
<pin id="220" dir="0" index="0" bw="2" slack="3"/>
<pin id="221" dir="1" index="1" bw="2" slack="2147483647"/>
</pin_list>
<bind>
<opcode="load(27) " fcode="load"/>
<opset="map_V_1_loc_load/4 "/>
</bind>
</comp>

<comp id="222" class="1004" name="map_V_loc_load_load_fu_222">
<pin_list>
<pin id="223" dir="0" index="0" bw="2" slack="3"/>
<pin id="224" dir="1" index="1" bw="2" slack="2147483647"/>
</pin_list>
<bind>
<opcode="load(27) " fcode="load"/>
<opset="map_V_loc_load/4 "/>
</bind>
</comp>

<comp id="225" class="1004" name="sub_fu_225">
<pin_list>
<pin id="226" dir="0" index="0" bw="11" slack="3"/>
<pin id="227" dir="0" index="1" bw="1" slack="0"/>
<pin id="228" dir="1" index="2" bw="11" slack="1"/>
</pin_list>
<bind>
<opcode="add(8) " fcode="add"/>
<opset="sub/4 "/>
</bind>
</comp>

<comp id="230" class="1004" name="i_load_fu_230">
<pin_list>
<pin id="231" dir="0" index="0" bw="11" slack="4"/>
<pin id="232" dir="1" index="1" bw="11" slack="0"/>
</pin_list>
<bind>
<opcode="load(27) " fcode="load"/>
<opset="i/5 "/>
</bind>
</comp>

<comp id="233" class="1004" name="icmp_ln1542_fu_233">
<pin_list>
<pin id="234" dir="0" index="0" bw="11" slack="0"/>
<pin id="235" dir="0" index="1" bw="11" slack="4"/>
<pin id="236" dir="1" index="2" bw="1" slack="2147483647"/>
</pin_list>
<bind>
<opcode="icmp(45) " fcode="icmp"/>
<opset="icmp_ln1542/5 "/>
</bind>
</comp>

<comp id="238" class="1004" name="i_2_fu_238">
<pin_list>
<pin id="239" dir="0" index="0" bw="11" slack="0"/>
<pin id="240" dir="0" index="1" bw="1" slack="0"/>
<pin id="241" dir="1" index="2" bw="11" slack="0"/>
</pin_list>
<bind>
<opcode="add(8) " fcode="add"/>
<opset="i_2/5 "/>
</bind>
</comp>

<comp id="244" class="1004" name="store_ln1542_store_fu_244">
<pin_list>
<pin id="245" dir="0" index="0" bw="11" slack="0"/>
<pin id="246" dir="0" index="1" bw="11" slack="4"/>
<pin id="247" dir="1" index="2" bw="0" slack="2147483647"/>
</pin_list>
<bind>
<opcode="store(28) " fcode="store"/>
<opset="store_ln1542/5 "/>
</bind>
</comp>

<comp id="249" class="1005" name="i_1_reg_249">
<pin_list>
<pin id="250" dir="0" index="0" bw="11" slack="0"/>
<pin id="251" dir="1" index="1" bw="11" slack="0"/>
</pin_list>
<bind>
<opset="i_1 "/>
</bind>
</comp>

<comp id="256" class="1005" name="map_V_loc_reg_256">
<pin_list>
<pin id="257" dir="0" index="0" bw="2" slack="1"/>
<pin id="258" dir="1" index="1" bw="2" slack="1"/>
</pin_list>
<bind>
<opset="map_V_loc "/>
</bind>
</comp>

<comp id="262" class="1005" name="map_V_1_loc_reg_262">
<pin_list>
<pin id="263" dir="0" index="0" bw="2" slack="1"/>
<pin id="264" dir="1" index="1" bw="2" slack="1"/>
</pin_list>
<bind>
<opset="map_V_1_loc "/>
</bind>
</comp>

<comp id="268" class="1005" name="map_V_2_loc_reg_268">
<pin_list>
<pin id="269" dir="0" index="0" bw="2" slack="1"/>
<pin id="270" dir="1" index="1" bw="2" slack="1"/>
</pin_list>
<bind>
<opset="map_V_2_loc "/>
</bind>
</comp>

<comp id="274" class="1005" name="sub_ln1538_reg_274">
<pin_list>
<pin id="275" dir="0" index="0" bw="4" slack="1"/>
<pin id="276" dir="1" index="1" bw="4" slack="1"/>
</pin_list>
<bind>
<opset="sub_ln1538 "/>
</bind>
</comp>

<comp id="279" class="1005" name="trunc_ln1486_reg_279">
<pin_list>
<pin id="280" dir="0" index="0" bw="11" slack="4"/>
<pin id="281" dir="1" index="1" bw="11" slack="4"/>
</pin_list>
<bind>
<opset="trunc_ln1486 "/>
</bind>
</comp>

<comp id="284" class="1005" name="empty_142_reg_284">
<pin_list>
<pin id="285" dir="0" index="0" bw="11" slack="3"/>
<pin id="286" dir="1" index="1" bw="11" slack="3"/>
</pin_list>
<bind>
<opset="empty_142 "/>
</bind>
</comp>

<comp id="299" class="1005" name="sub_reg_299">
<pin_list>
<pin id="300" dir="0" index="0" bw="11" slack="1"/>
<pin id="301" dir="1" index="1" bw="11" slack="1"/>
</pin_list>
<bind>
<opset="sub "/>
</bind>
</comp>

</comp_list>

<net_list>
<net id="99"><net_src comp="24" pin="0"/><net_sink comp="96" pin=0"/></net>

<net id="103"><net_src comp="26" pin="0"/><net_sink comp="100" pin=0"/></net>

<net id="107"><net_src comp="26" pin="0"/><net_sink comp="104" pin=0"/></net>

<net id="111"><net_src comp="26" pin="0"/><net_sink comp="108" pin=0"/></net>

<net id="116"><net_src comp="28" pin="0"/><net_sink comp="112" pin=0"/></net>

<net id="117"><net_src comp="20" pin="0"/><net_sink comp="112" pin=1"/></net>

<net id="122"><net_src comp="30" pin="0"/><net_sink comp="118" pin=0"/></net>

<net id="123"><net_src comp="18" pin="0"/><net_sink comp="118" pin=1"/></net>

<net id="128"><net_src comp="30" pin="0"/><net_sink comp="124" pin=0"/></net>

<net id="129"><net_src comp="16" pin="0"/><net_sink comp="124" pin=1"/></net>

<net id="133"><net_src comp="74" pin="0"/><net_sink comp="130" pin=0"/></net>

<net id="134"><net_src comp="76" pin="0"/><net_sink comp="130" pin=0"/></net>

<net id="141"><net_src comp="130" pin="1"/><net_sink comp="135" pin=0"/></net>

<net id="142"><net_src comp="130" pin="1"/><net_sink comp="135" pin=2"/></net>

<net id="143"><net_src comp="135" pin="4"/><net_sink comp="130" pin=0"/></net>

<net id="152"><net_src comp="38" pin="0"/><net_sink comp="144" pin=0"/></net>

<net id="153"><net_src comp="22" pin="0"/><net_sink comp="144" pin=5"/></net>

<net id="171"><net_src comp="90" pin="0"/><net_sink comp="154" pin=0"/></net>

<net id="172"><net_src comp="135" pin="4"/><net_sink comp="154" pin=1"/></net>

<net id="173"><net_src comp="0" pin="0"/><net_sink comp="154" pin=4"/></net>

<net id="174"><net_src comp="2" pin="0"/><net_sink comp="154" pin=8"/></net>

<net id="175"><net_src comp="4" pin="0"/><net_sink comp="154" pin=9"/></net>

<net id="176"><net_src comp="6" pin="0"/><net_sink comp="154" pin=10"/></net>

<net id="177"><net_src comp="8" pin="0"/><net_sink comp="154" pin=11"/></net>

<net id="178"><net_src comp="10" pin="0"/><net_sink comp="154" pin=12"/></net>

<net id="179"><net_src comp="12" pin="0"/><net_sink comp="154" pin=13"/></net>

<net id="180"><net_src comp="14" pin="0"/><net_sink comp="154" pin=14"/></net>

<net id="184"><net_src comp="112" pin="2"/><net_sink comp="181" pin=0"/></net>

<net id="188"><net_src comp="112" pin="2"/><net_sink comp="185" pin=0"/></net>

<net id="194"><net_src comp="32" pin="0"/><net_sink comp="189" pin=0"/></net>

<net id="195"><net_src comp="181" pin="1"/><net_sink comp="189" pin=1"/></net>

<net id="196"><net_src comp="34" pin="0"/><net_sink comp="189" pin=2"/></net>

<net id="201"><net_src comp="189" pin="3"/><net_sink comp="197" pin=0"/></net>

<net id="202"><net_src comp="185" pin="1"/><net_sink comp="197" pin=1"/></net>

<net id="206"><net_src comp="124" pin="2"/><net_sink comp="203" pin=0"/></net>

<net id="210"><net_src comp="118" pin="2"/><net_sink comp="207" pin=0"/></net>

<net id="215"><net_src comp="36" pin="0"/><net_sink comp="211" pin=0"/></net>

<net id="229"><net_src comp="72" pin="0"/><net_sink comp="225" pin=1"/></net>

<net id="237"><net_src comp="230" pin="1"/><net_sink comp="233" pin=0"/></net>

<net id="242"><net_src comp="230" pin="1"/><net_sink comp="238" pin=0"/></net>

<net id="243"><net_src comp="86" pin="0"/><net_sink comp="238" pin=1"/></net>

<net id="248"><net_src comp="238" pin="2"/><net_sink comp="244" pin=0"/></net>

<net id="252"><net_src comp="96" pin="1"/><net_sink comp="249" pin=0"/></net>

<net id="253"><net_src comp="249" pin="1"/><net_sink comp="211" pin=1"/></net>

<net id="254"><net_src comp="249" pin="1"/><net_sink comp="230" pin=0"/></net>

<net id="255"><net_src comp="249" pin="1"/><net_sink comp="244" pin=1"/></net>

<net id="259"><net_src comp="100" pin="1"/><net_sink comp="256" pin=0"/></net>

<net id="260"><net_src comp="256" pin="1"/><net_sink comp="144" pin=4"/></net>

<net id="261"><net_src comp="256" pin="1"/><net_sink comp="222" pin=0"/></net>

<net id="265"><net_src comp="104" pin="1"/><net_sink comp="262" pin=0"/></net>

<net id="266"><net_src comp="262" pin="1"/><net_sink comp="144" pin=3"/></net>

<net id="267"><net_src comp="262" pin="1"/><net_sink comp="219" pin=0"/></net>

<net id="271"><net_src comp="108" pin="1"/><net_sink comp="268" pin=0"/></net>

<net id="272"><net_src comp="268" pin="1"/><net_sink comp="144" pin=2"/></net>

<net id="273"><net_src comp="268" pin="1"/><net_sink comp="216" pin=0"/></net>

<net id="277"><net_src comp="197" pin="2"/><net_sink comp="274" pin=0"/></net>

<net id="278"><net_src comp="274" pin="1"/><net_sink comp="144" pin=1"/></net>

<net id="282"><net_src comp="203" pin="1"/><net_sink comp="279" pin=0"/></net>

<net id="283"><net_src comp="279" pin="1"/><net_sink comp="233" pin=1"/></net>

<net id="287"><net_src comp="207" pin="1"/><net_sink comp="284" pin=0"/></net>

<net id="288"><net_src comp="284" pin="1"/><net_sink comp="225" pin=0"/></net>

<net id="289"><net_src comp="284" pin="1"/><net_sink comp="154" pin=2"/></net>

<net id="302"><net_src comp="225" pin="2"/><net_sink comp="299" pin=0"/></net>

<net id="303"><net_src comp="299" pin="1"/><net_sink comp="154" pin=3"/></net>

</net_list>

</model> 
---------------- Datapath Model END ------------------

* FSMD analyzer results:
  - Output states:
	Port: m_axis_video_V_data_V | {5 6 }
	Port: m_axis_video_V_keep_V | {5 6 }
	Port: m_axis_video_V_strb_V | {5 6 }
	Port: m_axis_video_V_user_V | {5 6 }
	Port: m_axis_video_V_last_V | {5 6 }
	Port: m_axis_video_V_id_V | {5 6 }
	Port: m_axis_video_V_dest_V | {5 6 }
	Port: mapComp | {}
 - Input state : 
	Port: MultiPixStream2AXIvideo : stream_out_420 | {5 6 }
	Port: MultiPixStream2AXIvideo : m_axis_video_V_data_V | {}
	Port: MultiPixStream2AXIvideo : m_axis_video_V_keep_V | {}
	Port: MultiPixStream2AXIvideo : m_axis_video_V_strb_V | {}
	Port: MultiPixStream2AXIvideo : m_axis_video_V_user_V | {}
	Port: MultiPixStream2AXIvideo : m_axis_video_V_last_V | {}
	Port: MultiPixStream2AXIvideo : m_axis_video_V_id_V | {}
	Port: MultiPixStream2AXIvideo : m_axis_video_V_dest_V | {}
	Port: MultiPixStream2AXIvideo : Height | {1 }
	Port: MultiPixStream2AXIvideo : WidthOut | {1 }
	Port: MultiPixStream2AXIvideo : ColorModeOut | {1 }
	Port: MultiPixStream2AXIvideo : mapComp | {2 3 }
  - Chain level:
	State 1
		tmp_4 : 1
		sub_ln1538 : 2
		store_ln1542 : 1
	State 2
	State 3
	State 4
	State 5
		icmp_ln1542 : 1
		i_2 : 1
		br_ln1542 : 2
		call_ln0 : 1
		store_ln1542 : 2
	State 6
	State 7


============================================================
+ Verbose Summary: Datapath Resource usage 
============================================================

* Functional unit list:
|----------|---------------------------------------------------------------|---------|---------|---------|
| Operation|                        Functional Unit                        |  Delay  |    FF   |   LUT   |
|----------|---------------------------------------------------------------|---------|---------|---------|
|   call   | grp_MultiPixStream2AXIvideo_Pipeline_VITIS_LOOP_1536_1_fu_144 |  0.427  |    24   |    38   |
|          | grp_MultiPixStream2AXIvideo_Pipeline_VITIS_LOOP_1544_3_fu_154 |    0    |    21   |    82   |
|----------|---------------------------------------------------------------|---------|---------|---------|
|    add   |                           sub_fu_225                          |    0    |    0    |    18   |
|          |                           i_2_fu_238                          |    0    |    0    |    18   |
|----------|---------------------------------------------------------------|---------|---------|---------|
|    sub   |                       sub_ln1538_fu_197                       |    0    |    0    |    12   |
|----------|---------------------------------------------------------------|---------|---------|---------|
|   icmp   |                       icmp_ln1542_fu_233                      |    0    |    0    |    11   |
|----------|---------------------------------------------------------------|---------|---------|---------|
|          |                 ColorModeOut_read_read_fu_112                 |    0    |    0    |    0    |
|   read   |                        cols_read_fu_118                       |    0    |    0    |    0    |
|          |                        rows_read_fu_124                       |    0    |    0    |    0    |
|----------|---------------------------------------------------------------|---------|---------|---------|
|          |                          empty_fu_181                         |    0    |    0    |    0    |
|   trunc  |                      trunc_ln1538_fu_185                      |    0    |    0    |    0    |
|          |                      trunc_ln1486_fu_203                      |    0    |    0    |    0    |
|          |                        empty_142_fu_207                       |    0    |    0    |    0    |
|----------|---------------------------------------------------------------|---------|---------|---------|
|bitconcatenate|                          tmp_4_fu_189                         |    0    |    0    |    0    |
|----------|---------------------------------------------------------------|---------|---------|---------|
|   Total  |                                                               |  0.427  |    45   |   179   |
|----------|---------------------------------------------------------------|---------|---------|---------|

Memories:
N/A

* Register list:
+--------------------+--------+
|                    |   FF   |
+--------------------+--------+
|  empty_142_reg_284 |   11   |
|     i_1_reg_249    |   11   |
| map_V_1_loc_reg_262|    2   |
| map_V_2_loc_reg_268|    2   |
|  map_V_loc_reg_256 |    2   |
|     sof_reg_130    |    1   |
| sub_ln1538_reg_274 |    4   |
|     sub_reg_299    |   11   |
|trunc_ln1486_reg_279|   11   |
+--------------------+--------+
|        Total       |   55   |
+--------------------+--------+

* Multiplexer (MUX) list: 
|-------------|------|------|------|--------||---------||---------|
|     Comp    |  Pin | Size |  BW  | S x BW ||  Delay  ||   LUT   |
|-------------|------|------|------|--------||---------||---------|
| sof_reg_130 |  p0  |   3  |   1  |    3   ||    9    |
|-------------|------|------|------|--------||---------||---------|
|    Total    |      |      |      |    3   ||  0.476  ||    9    |
|-------------|------|------|------|--------||---------||---------|



* Summary:
+-----------+--------+--------+--------+
|           |  Delay |   FF   |   LUT  |
+-----------+--------+--------+--------+
|  Function |    0   |   45   |   179  |
|   Memory  |    -   |    -   |    -   |
|Multiplexer|    0   |    -   |    9   |
|  Register |    -   |   55   |    -   |
+-----------+--------+--------+--------+
|   Total   |    0   |   100  |   188  |
+-----------+--------+--------+--------+
