

================================================================
== Vitis HLS Report for 'v_hcresampler_core'
================================================================
* Date:           Fri Mar  6 02:16:54 2026

* Version:        2022.2 (Build 3670227 on Oct 13 2022)
* Project:        prj
* Solution:       sol (Vivado IP Flow Target)
* Product family: zynquplus
* Target device:  xck26-sfvc784-2LV-c


================================================================
== Performance Estimates
================================================================
+ Timing: 
    * Summary: 
    +--------+---------+----------+------------+
    |  Clock |  Target | Estimated| Uncertainty|
    +--------+---------+----------+------------+
    |ap_clk  |  5.00 ns|  3.617 ns|     1.35 ns|
    +--------+---------+----------+------------+

+ Latency: 
    * Summary: 
    +---------+------------+-----------+-----------+-----+------------+---------+
    |   Latency (cycles)   |   Latency (absolute)  |     Interval     | Pipeline|
    |   min   |     max    |    min    |    max    | min |     max    |   Type  |
    +---------+------------+-----------+-----------+-----+------------+---------+
    |        2|  1073938427|  10.000 ns|  5.370 sec|    2|  1073938427|       no|
    +---------+------------+-----------+-----------+-----+------------+---------+

    + Detail: 
        * Instance: 
        N/A

        * Loop: 
        +---------------------+---------+------------+-----------+-----------+-----------+-----------+----------+
        |                     |   Latency (cycles)   | Iteration |  Initiation Interval  |    Trip   |          |
        |      Loop Name      |   min   |     max    |  Latency  |  achieved |   target  |   Count   | Pipelined|
        +---------------------+---------+------------+-----------+-----------+-----------+-----------+----------+
        |- VITIS_LOOP_1634_1  |        0|  1073938425|  2 ~ 32775|          -|          -|  0 ~ 32767|        no|
        +---------------------+---------+------------+-----------+-----------+-----------+-----------+----------+

============================================================
+ Verbose Summary: Synthesis Manager
============================================================
InlineROM: 1
ExposeGlobal: 0
============================================================
+ Verbose Summary: CDFG Model
============================================================
IsTopModel: 0
ResetActiveHigh: 1
IsCombinational: 2
IsDatapathOnly: 0
HasWiredReturn: 1
HasMFsm: 0
HasVarLatency: 1
IsPipeline: 0
IsRtlPipelined: 0
IsInstanceOverlapped: 0
IsDontTouch: 0
HasImplIP: 0
IsGatedGlobalClock: 0


============================================================
+ Verbose Summary: Schedule
============================================================
* Number of FSM states : 6
* Pipeline : 0
* Dataflow Pipeline: 0

* FSM state transitions: 
1 --> 2 
2 --> 3 
3 --> 4 6 
4 --> 5 
5 --> 6 
6 --> 3 

* FSM state operations: 

State 1 <SV = 0> <Delay = 1.82>
ST_1 : Operation 7 [1/1] (0.00ns)   --->   "%y = alloca i32 1"   --->   Operation 7 'alloca' 'y' <Predicate = true> <Delay = 0.00>
ST_1 : Operation 8 [1/1] (0.00ns)   --->   "%p_0_0_0_0_05321031_lcssa1053 = alloca i32 1"   --->   Operation 8 'alloca' 'p_0_0_0_0_05321031_lcssa1053' <Predicate = true> <Delay = 0.00>
ST_1 : Operation 9 [1/1] (0.00ns)   --->   "%p_0_1_0_0_01033_lcssa1056 = alloca i32 1"   --->   Operation 9 'alloca' 'p_0_1_0_0_01033_lcssa1056' <Predicate = true> <Delay = 0.00>
ST_1 : Operation 10 [1/1] (0.00ns)   --->   "%p_0_2_0_0_01035_lcssa1059 = alloca i32 1"   --->   Operation 10 'alloca' 'p_0_2_0_0_01035_lcssa1059' <Predicate = true> <Delay = 0.00>
ST_1 : Operation 11 [1/1] (0.00ns)   --->   "%p_0_0_0_0_05321037_lcssa1062 = alloca i32 1"   --->   Operation 11 'alloca' 'p_0_0_0_0_05321037_lcssa1062' <Predicate = true> <Delay = 0.00>
ST_1 : Operation 12 [1/1] (0.00ns)   --->   "%p_0_1_0_0_01039_lcssa1065 = alloca i32 1"   --->   Operation 12 'alloca' 'p_0_1_0_0_01039_lcssa1065' <Predicate = true> <Delay = 0.00>
ST_1 : Operation 13 [1/1] (0.00ns)   --->   "%p_0_1_0_0_01043_lcssa1068 = alloca i32 1"   --->   Operation 13 'alloca' 'p_0_1_0_0_01043_lcssa1068' <Predicate = true> <Delay = 0.00>
ST_1 : Operation 14 [1/1] (0.00ns)   --->   "%p_lcssa1089 = alloca i32 1"   --->   Operation 14 'alloca' 'p_lcssa1089' <Predicate = true> <Delay = 0.00>
ST_1 : Operation 15 [1/1] (0.00ns)   --->   "%p_lcssa10771095 = alloca i32 1"   --->   Operation 15 'alloca' 'p_lcssa10771095' <Predicate = true> <Delay = 0.00>
ST_1 : Operation 16 [1/1] (0.00ns)   --->   "%p_lcssa10791101 = alloca i32 1"   --->   Operation 16 'alloca' 'p_lcssa10791101' <Predicate = true> <Delay = 0.00>
ST_1 : Operation 17 [1/1] (0.00ns)   --->   "%p_lcssa10801104 = alloca i32 1"   --->   Operation 17 'alloca' 'p_lcssa10801104' <Predicate = true> <Delay = 0.00>
ST_1 : Operation 18 [1/1] (0.00ns)   --->   "%p_0_0_0_0_0524_21081_lcssa1107 = alloca i32 1"   --->   Operation 18 'alloca' 'p_0_0_0_0_0524_21081_lcssa1107' <Predicate = true> <Delay = 0.00>
ST_1 : Operation 19 [1/1] (0.00ns)   --->   "%p_0_0_0_0_0_21084_lcssa1110 = alloca i32 1"   --->   Operation 19 'alloca' 'p_0_0_0_0_0_21084_lcssa1110' <Predicate = true> <Delay = 0.00>
ST_1 : Operation 20 [1/1] (0.00ns)   --->   "%pixbuf_y_val_V = alloca i32 1"   --->   Operation 20 'alloca' 'pixbuf_y_val_V' <Predicate = true> <Delay = 0.00>
ST_1 : Operation 21 [1/1] (0.00ns)   --->   "%pixbuf_y_val_V_15 = alloca i32 1"   --->   Operation 21 'alloca' 'pixbuf_y_val_V_15' <Predicate = true> <Delay = 0.00>
ST_1 : Operation 22 [1/1] (0.00ns)   --->   "%pixbuf_y_val_V_16 = alloca i32 1"   --->   Operation 22 'alloca' 'pixbuf_y_val_V_16' <Predicate = true> <Delay = 0.00>
ST_1 : Operation 23 [1/1] (0.00ns)   --->   "%pixbuf_y_val_V_17 = alloca i32 1"   --->   Operation 23 'alloca' 'pixbuf_y_val_V_17' <Predicate = true> <Delay = 0.00>
ST_1 : Operation 24 [1/1] (0.00ns)   --->   "%pixbuf_y_val_V_18 = alloca i32 1"   --->   Operation 24 'alloca' 'pixbuf_y_val_V_18' <Predicate = true> <Delay = 0.00>
ST_1 : Operation 25 [1/1] (1.82ns)   --->   "%p_read_5 = read i1 @_ssdm_op_Read.ap_auto.i1, i1 %p_read"   --->   Operation 25 'read' 'p_read_5' <Predicate = true> <Delay = 1.82> <CoreInst = "FIFO_SRL">   --->   Core 81 'FIFO_SRL' <Latency = 0> <II = 1> <Delay = 1.83> <Storage> <Opcode : 'read' 'write' 'nbread' 'nbwrite'> <Ports = 0> <Width = -1> <Depth = -1> <FIFO>
ST_1 : Operation 26 [1/1] (0.00ns)   --->   "%pixbuf_y_val_V_20_loc = alloca i64 1"   --->   Operation 26 'alloca' 'pixbuf_y_val_V_20_loc' <Predicate = true> <Delay = 0.00>
ST_1 : Operation 27 [1/1] (1.82ns)   --->   "%WidthIn_read = read i16 @_ssdm_op_Read.ap_fifo.i16P0A, i16 %WidthIn"   --->   Operation 27 'read' 'WidthIn_read' <Predicate = true> <Delay = 1.82> <CoreInst = "FIFO_SRL">   --->   Core 81 'FIFO_SRL' <Latency = 0> <II = 1> <Delay = 1.83> <Storage> <Opcode : 'read' 'write' 'nbread' 'nbwrite'> <Ports = 0> <Width = 16> <Depth = 2> <FIFO>
ST_1 : Operation 28 [1/1] (1.82ns)   --->   "%loopHeight = read i16 @_ssdm_op_Read.ap_fifo.i16P0A, i16 %Height"   --->   Operation 28 'read' 'loopHeight' <Predicate = true> <Delay = 1.82> <CoreInst = "FIFO_SRL">   --->   Core 81 'FIFO_SRL' <Latency = 0> <II = 1> <Delay = 1.83> <Storage> <Opcode : 'read' 'write' 'nbread' 'nbwrite'> <Ports = 0> <Width = 16> <Depth = 2> <FIFO>
ST_1 : Operation 29 [1/1] (0.42ns)   --->   "%store_ln1634 = store i15 0, i15 %y" [/home/user/Documents/kria-vitis-platforms/kv260/platforms/vivado/kv260_ispMipiRx_vcu_DP/project/kv260_ispMipiRx_vcu_DP.runs/bd_eab1_hsc_0_synth_1/prj/sol/.autopilot/db/v_hscaler.cpp:1634]   --->   Operation 29 'store' 'store_ln1634' <Predicate = true> <Delay = 0.42>

State 2 <SV = 1> <Delay = 1.95>
ST_2 : Operation 30 [1/1] (0.00ns)   --->   "%specinterface_ln0 = specinterface void @_ssdm_op_SpecInterface, i16 %WidthIn, void @ap_fifo_str, i32 0, i32 0, void @p_str, i32 0, i32 0, void @p_str, void @p_str, void @p_str, i32 2, i32 2, i32 16, i32 16, void @p_str, void @ScalarProp_str, i32 4294967295, i32 0"   --->   Operation 30 'specinterface' 'specinterface_ln0' <Predicate = true> <Delay = 0.00>
ST_2 : Operation 31 [1/1] (0.00ns)   --->   "%specinterface_ln0 = specinterface void @_ssdm_op_SpecInterface, i16 %Height, void @ap_fifo_str, i32 0, i32 0, void @p_str, i32 0, i32 0, void @p_str, void @p_str, void @p_str, i32 2, i32 2, i32 16, i32 16, void @p_str, void @ScalarProp_str, i32 4294967295, i32 0"   --->   Operation 31 'specinterface' 'specinterface_ln0' <Predicate = true> <Delay = 0.00>
ST_2 : Operation 32 [1/1] (0.00ns)   --->   "%specstablecontent_ln0 = specstablecontent void @_ssdm_op_SpecStableContent, i16 %WidthIn, void "   --->   Operation 32 'specstablecontent' 'specstablecontent_ln0' <Predicate = true> <Delay = 0.00>
ST_2 : Operation 33 [1/1] (0.00ns)   --->   "%specstablecontent_ln0 = specstablecontent void @_ssdm_op_SpecStableContent, i16 %Height, void "   --->   Operation 33 'specstablecontent' 'specstablecontent_ln0' <Predicate = true> <Delay = 0.00>
ST_2 : Operation 34 [1/1] (0.00ns)   --->   "%specinterface_ln0 = specinterface void @_ssdm_op_SpecInterface, i24 %stream_upsampled, void @empty_14, i32 0, i32 0, void @empty_25, i32 0, i32 0, void @empty_25, void @empty_25, void @empty_25, i32 0, i32 0, i32 0, i32 0, void @empty_25, void @empty_25, i32 4294967295, i32 0"   --->   Operation 34 'specinterface' 'specinterface_ln0' <Predicate = true> <Delay = 0.00>
ST_2 : Operation 35 [1/1] (0.00ns)   --->   "%specinterface_ln0 = specinterface void @_ssdm_op_SpecInterface, i24 %stream_in, void @empty_14, i32 0, i32 0, void @empty_25, i32 0, i32 0, void @empty_25, void @empty_25, void @empty_25, i32 0, i32 0, i32 0, i32 0, void @empty_25, void @empty_25, i32 4294967295, i32 0"   --->   Operation 35 'specinterface' 'specinterface_ln0' <Predicate = true> <Delay = 0.00>
ST_2 : Operation 36 [1/1] (0.20ns)   --->   "%select_ln1632 = select i1 %p_read_5, i3 0, i3 5" [/home/user/Documents/kria-vitis-platforms/kv260/platforms/vivado/kv260_ispMipiRx_vcu_DP/project/kv260_ispMipiRx_vcu_DP.runs/bd_eab1_hsc_0_synth_1/prj/sol/.autopilot/db/v_hscaler.cpp:1632]   --->   Operation 36 'select' 'select_ln1632' <Predicate = true> <Delay = 0.20> <CoreInst = "Sel">   --->   Core 73 'Sel' <Latency = 0> <II = 1> <Delay = 0.20> <FuncUnit> <Opcode : 'select'> <InPorts = 3> <OutPorts = 1>
ST_2 : Operation 37 [1/1] (0.00ns) (grouped into LUT with out node loopWidth)   --->   "%select_ln1632_2 = select i1 %p_read_5, i16 0, i16 5" [/home/user/Documents/kria-vitis-platforms/kv260/platforms/vivado/kv260_ispMipiRx_vcu_DP/project/kv260_ispMipiRx_vcu_DP.runs/bd_eab1_hsc_0_synth_1/prj/sol/.autopilot/db/v_hscaler.cpp:1632]   --->   Operation 37 'select' 'select_ln1632_2' <Predicate = true> <Delay = 0.00> <CoreInst = "Sel">   --->   Core 73 'Sel' <Latency = 0> <II = 1> <Delay = 0.39> <FuncUnit> <Opcode : 'select'> <InPorts = 3> <OutPorts = 1>
ST_2 : Operation 38 [1/1] (0.85ns) (out node of the LUT)   --->   "%loopWidth = add i16 %WidthIn_read, i16 %select_ln1632_2" [/home/user/Documents/kria-vitis-platforms/kv260/platforms/vivado/kv260_ispMipiRx_vcu_DP/project/kv260_ispMipiRx_vcu_DP.runs/bd_eab1_hsc_0_synth_1/prj/sol/.autopilot/db/v_hscaler.cpp:1632]   --->   Operation 38 'add' 'loopWidth' <Predicate = true> <Delay = 0.85> <CoreInst = "Adder">   --->   Core 1 'Adder' <Latency = 0> <II = 1> <Delay = 0.85> <FuncUnit> <Opcode : 'add' 'sub'> <InPorts = 2> <OutPorts = 1>
ST_2 : Operation 39 [1/1] (0.00ns)   --->   "%trunc_ln1597 = trunc i16 %loopWidth" [/home/user/Documents/kria-vitis-platforms/kv260/platforms/vivado/kv260_ispMipiRx_vcu_DP/project/kv260_ispMipiRx_vcu_DP.runs/bd_eab1_hsc_0_synth_1/prj/sol/.autopilot/db/v_hscaler.cpp:1597]   --->   Operation 39 'trunc' 'trunc_ln1597' <Predicate = true> <Delay = 0.00>
ST_2 : Operation 40 [1/1] (1.10ns)   --->   "%cmp361022 = icmp_sgt  i16 %loopWidth, i16 0" [/home/user/Documents/kria-vitis-platforms/kv260/platforms/vivado/kv260_ispMipiRx_vcu_DP/project/kv260_ispMipiRx_vcu_DP.runs/bd_eab1_hsc_0_synth_1/prj/sol/.autopilot/db/v_hscaler.cpp:1632]   --->   Operation 40 'icmp' 'cmp361022' <Predicate = true> <Delay = 1.10> <CoreInst = "Cmp">   --->   Core 9 'Cmp' <Latency = 0> <II = 1> <Delay = 1.10> <FuncUnit> <Opcode : 'icmp'> <InPorts = 2> <OutPorts = 1>
ST_2 : Operation 41 [1/1] (0.00ns)   --->   "%br_ln1634 = br void %VITIS_LOOP_1636_2" [/home/user/Documents/kria-vitis-platforms/kv260/platforms/vivado/kv260_ispMipiRx_vcu_DP/project/kv260_ispMipiRx_vcu_DP.runs/bd_eab1_hsc_0_synth_1/prj/sol/.autopilot/db/v_hscaler.cpp:1634]   --->   Operation 41 'br' 'br_ln1634' <Predicate = true> <Delay = 0.00>

State 3 <SV = 2> <Delay = 1.10>
ST_3 : Operation 42 [1/1] (0.00ns)   --->   "%y_4 = load i15 %y" [/home/user/Documents/kria-vitis-platforms/kv260/platforms/vivado/kv260_ispMipiRx_vcu_DP/project/kv260_ispMipiRx_vcu_DP.runs/bd_eab1_hsc_0_synth_1/prj/sol/.autopilot/db/v_hscaler.cpp:1634]   --->   Operation 42 'load' 'y_4' <Predicate = true> <Delay = 0.00>
ST_3 : Operation 43 [1/1] (0.00ns)   --->   "%zext_ln1634 = zext i15 %y_4" [/home/user/Documents/kria-vitis-platforms/kv260/platforms/vivado/kv260_ispMipiRx_vcu_DP/project/kv260_ispMipiRx_vcu_DP.runs/bd_eab1_hsc_0_synth_1/prj/sol/.autopilot/db/v_hscaler.cpp:1634]   --->   Operation 43 'zext' 'zext_ln1634' <Predicate = true> <Delay = 0.00>
ST_3 : Operation 44 [1/1] (1.10ns)   --->   "%icmp_ln1634 = icmp_slt  i16 %zext_ln1634, i16 %loopHeight" [/home/user/Documents/kria-vitis-platforms/kv260/platforms/vivado/kv260_ispMipiRx_vcu_DP/project/kv260_ispMipiRx_vcu_DP.runs/bd_eab1_hsc_0_synth_1/prj/sol/.autopilot/db/v_hscaler.cpp:1634]   --->   Operation 44 'icmp' 'icmp_ln1634' <Predicate = true> <Delay = 1.10> <CoreInst = "Cmp">   --->   Core 9 'Cmp' <Latency = 0> <II = 1> <Delay = 1.10> <FuncUnit> <Opcode : 'icmp'> <InPorts = 2> <OutPorts = 1>
ST_3 : Operation 45 [1/1] (0.00ns)   --->   "%speclooptripcount_ln0 = speclooptripcount void @_ssdm_op_SpecLoopTripCount, i64 0, i64 32767, i64 0"   --->   Operation 45 'speclooptripcount' 'speclooptripcount_ln0' <Predicate = true> <Delay = 0.00>
ST_3 : Operation 46 [1/1] (0.84ns)   --->   "%y_5 = add i15 %y_4, i15 1" [/home/user/Documents/kria-vitis-platforms/kv260/platforms/vivado/kv260_ispMipiRx_vcu_DP/project/kv260_ispMipiRx_vcu_DP.runs/bd_eab1_hsc_0_synth_1/prj/sol/.autopilot/db/v_hscaler.cpp:1634]   --->   Operation 46 'add' 'y_5' <Predicate = true> <Delay = 0.84> <CoreInst = "Adder">   --->   Core 1 'Adder' <Latency = 0> <II = 1> <Delay = 0.84> <FuncUnit> <Opcode : 'add' 'sub'> <InPorts = 2> <OutPorts = 1>
ST_3 : Operation 47 [1/1] (0.00ns)   --->   "%br_ln1634 = br i1 %icmp_ln1634, void %for.end455.loopexit, void %VITIS_LOOP_1636_2.split" [/home/user/Documents/kria-vitis-platforms/kv260/platforms/vivado/kv260_ispMipiRx_vcu_DP/project/kv260_ispMipiRx_vcu_DP.runs/bd_eab1_hsc_0_synth_1/prj/sol/.autopilot/db/v_hscaler.cpp:1634]   --->   Operation 47 'br' 'br_ln1634' <Predicate = true> <Delay = 0.00>
ST_3 : Operation 48 [1/1] (0.00ns)   --->   "%specloopname_ln1610 = specloopname void @_ssdm_op_SpecLoopName, void @empty_23" [/home/user/Documents/kria-vitis-platforms/kv260/platforms/vivado/kv260_ispMipiRx_vcu_DP/project/kv260_ispMipiRx_vcu_DP.runs/bd_eab1_hsc_0_synth_1/prj/sol/.autopilot/db/v_hscaler.cpp:1610]   --->   Operation 48 'specloopname' 'specloopname_ln1610' <Predicate = (icmp_ln1634)> <Delay = 0.00>
ST_3 : Operation 49 [1/1] (0.00ns)   --->   "%br_ln1636 = br i1 %cmp361022, void %for.inc453, void %for.body37.preheader" [/home/user/Documents/kria-vitis-platforms/kv260/platforms/vivado/kv260_ispMipiRx_vcu_DP/project/kv260_ispMipiRx_vcu_DP.runs/bd_eab1_hsc_0_synth_1/prj/sol/.autopilot/db/v_hscaler.cpp:1636]   --->   Operation 49 'br' 'br_ln1636' <Predicate = (icmp_ln1634)> <Delay = 0.00>
ST_3 : Operation 50 [1/1] (0.00ns)   --->   "%pixbuf_y_val_V_16_load = load i8 %pixbuf_y_val_V_16"   --->   Operation 50 'load' 'pixbuf_y_val_V_16_load' <Predicate = (icmp_ln1634 & cmp361022)> <Delay = 0.00>
ST_3 : Operation 51 [1/1] (0.00ns)   --->   "%pixbuf_y_val_V_17_load = load i8 %pixbuf_y_val_V_17"   --->   Operation 51 'load' 'pixbuf_y_val_V_17_load' <Predicate = (icmp_ln1634 & cmp361022)> <Delay = 0.00>
ST_3 : Operation 52 [1/1] (0.00ns)   --->   "%pixbuf_y_val_V_18_load = load i8 %pixbuf_y_val_V_18"   --->   Operation 52 'load' 'pixbuf_y_val_V_18_load' <Predicate = (icmp_ln1634 & cmp361022)> <Delay = 0.00>
ST_3 : Operation 53 [1/1] (0.00ns)   --->   "%empty = wait i32 @_ssdm_op_Wait"   --->   Operation 53 'wait' 'empty' <Predicate = (icmp_ln1634 & cmp361022)> <Delay = 0.00>
ST_3 : Operation 54 [1/1] (0.00ns)   --->   "%ret_ln1792 = ret" [/home/user/Documents/kria-vitis-platforms/kv260/platforms/vivado/kv260_ispMipiRx_vcu_DP/project/kv260_ispMipiRx_vcu_DP.runs/bd_eab1_hsc_0_synth_1/prj/sol/.autopilot/db/v_hscaler.cpp:1792]   --->   Operation 54 'ret' 'ret_ln1792' <Predicate = (!icmp_ln1634)> <Delay = 0.00>

State 4 <SV = 3> <Delay = 1.49>
ST_4 : Operation 55 [1/1] (0.00ns)   --->   "%p_0_0_0_0_05321037_lcssa1062_load = load i8 %p_0_0_0_0_05321037_lcssa1062"   --->   Operation 55 'load' 'p_0_0_0_0_05321037_lcssa1062_load' <Predicate = true> <Delay = 0.00>
ST_4 : Operation 56 [1/1] (0.00ns)   --->   "%pixbuf_y_val_V_load = load i8 %pixbuf_y_val_V"   --->   Operation 56 'load' 'pixbuf_y_val_V_load' <Predicate = true> <Delay = 0.00>
ST_4 : Operation 57 [2/2] (1.49ns)   --->   "%call_ln1597 = call void @v_hcresampler_core_Pipeline_VITIS_LOOP_1636_2, i8 %pixbuf_y_val_V_18_load, i8 %pixbuf_y_val_V_17_load, i8 %pixbuf_y_val_V_16_load, i8 %pixbuf_y_val_V_load, i8 %p_0_0_0_0_05321037_lcssa1062_load, i15 %trunc_ln1597, i3 %select_ln1632, i16 %WidthIn_read, i24 %stream_in, i24 %stream_upsampled, i1 %p_read_5, i8 %pixbuf_y_val_V_18, i8 %pixbuf_y_val_V_17, i8 %pixbuf_y_val_V_16, i8 %pixbuf_y_val_V_15, i8 %pixbuf_y_val_V_20_loc, i8 %p_0_0_0_0_0_21084_lcssa1110, i8 %p_0_0_0_0_0524_21081_lcssa1107, i8 %p_lcssa10801104, i8 %p_lcssa10791101, i8 %p_lcssa10771095, i8 %p_lcssa1089, i8 %p_0_1_0_0_01043_lcssa1068, i8 %p_0_1_0_0_01039_lcssa1065, i8 %p_0_2_0_0_01035_lcssa1059, i8 %p_0_1_0_0_01033_lcssa1056, i8 %p_0_0_0_0_05321031_lcssa1053" [/home/user/Documents/kria-vitis-platforms/kv260/platforms/vivado/kv260_ispMipiRx_vcu_DP/project/kv260_ispMipiRx_vcu_DP.runs/bd_eab1_hsc_0_synth_1/prj/sol/.autopilot/db/v_hscaler.cpp:1597]   --->   Operation 57 'call' 'call_ln1597' <Predicate = true> <Delay = 1.49> <CoreType = "Generic">   --->   Core 0 '' <Latency = 0> <II = 1> <Delay = 1.00> <Generic> <Opcode : >

State 5 <SV = 4> <Delay = 0.00>
ST_5 : Operation 58 [1/2] (0.00ns)   --->   "%call_ln1597 = call void @v_hcresampler_core_Pipeline_VITIS_LOOP_1636_2, i8 %pixbuf_y_val_V_18_load, i8 %pixbuf_y_val_V_17_load, i8 %pixbuf_y_val_V_16_load, i8 %pixbuf_y_val_V_load, i8 %p_0_0_0_0_05321037_lcssa1062_load, i15 %trunc_ln1597, i3 %select_ln1632, i16 %WidthIn_read, i24 %stream_in, i24 %stream_upsampled, i1 %p_read_5, i8 %pixbuf_y_val_V_18, i8 %pixbuf_y_val_V_17, i8 %pixbuf_y_val_V_16, i8 %pixbuf_y_val_V_15, i8 %pixbuf_y_val_V_20_loc, i8 %p_0_0_0_0_0_21084_lcssa1110, i8 %p_0_0_0_0_0524_21081_lcssa1107, i8 %p_lcssa10801104, i8 %p_lcssa10791101, i8 %p_lcssa10771095, i8 %p_lcssa1089, i8 %p_0_1_0_0_01043_lcssa1068, i8 %p_0_1_0_0_01039_lcssa1065, i8 %p_0_2_0_0_01035_lcssa1059, i8 %p_0_1_0_0_01033_lcssa1056, i8 %p_0_0_0_0_05321031_lcssa1053" [/home/user/Documents/kria-vitis-platforms/kv260/platforms/vivado/kv260_ispMipiRx_vcu_DP/project/kv260_ispMipiRx_vcu_DP.runs/bd_eab1_hsc_0_synth_1/prj/sol/.autopilot/db/v_hscaler.cpp:1597]   --->   Operation 58 'call' 'call_ln1597' <Predicate = true> <Delay = 0.00> <CoreType = "Generic">   --->   Core 0 '' <Latency = 0> <II = 1> <Delay = 1.00> <Generic> <Opcode : >

State 6 <SV = 5> <Delay = 0.42>
ST_6 : Operation 59 [1/1] (0.00ns)   --->   "%pixbuf_y_val_V_20_loc_load = load i8 %pixbuf_y_val_V_20_loc"   --->   Operation 59 'load' 'pixbuf_y_val_V_20_loc_load' <Predicate = (cmp361022)> <Delay = 0.00>
ST_6 : Operation 60 [1/1] (0.00ns)   --->   "%store_ln0 = store i8 %pixbuf_y_val_V_20_loc_load, i8 %pixbuf_y_val_V"   --->   Operation 60 'store' 'store_ln0' <Predicate = (cmp361022)> <Delay = 0.00>
ST_6 : Operation 61 [1/1] (0.00ns)   --->   "%store_ln0 = store i8 %pixbuf_y_val_V_20_loc_load, i8 %p_0_0_0_0_05321037_lcssa1062"   --->   Operation 61 'store' 'store_ln0' <Predicate = (cmp361022)> <Delay = 0.00>
ST_6 : Operation 62 [1/1] (0.00ns)   --->   "%br_ln0 = br void %for.inc453"   --->   Operation 62 'br' 'br_ln0' <Predicate = (cmp361022)> <Delay = 0.00>
ST_6 : Operation 63 [1/1] (0.42ns)   --->   "%store_ln1634 = store i15 %y_5, i15 %y" [/home/user/Documents/kria-vitis-platforms/kv260/platforms/vivado/kv260_ispMipiRx_vcu_DP/project/kv260_ispMipiRx_vcu_DP.runs/bd_eab1_hsc_0_synth_1/prj/sol/.autopilot/db/v_hscaler.cpp:1634]   --->   Operation 63 'store' 'store_ln1634' <Predicate = true> <Delay = 0.42>
ST_6 : Operation 64 [1/1] (0.00ns)   --->   "%br_ln1634 = br void %VITIS_LOOP_1636_2" [/home/user/Documents/kria-vitis-platforms/kv260/platforms/vivado/kv260_ispMipiRx_vcu_DP/project/kv260_ispMipiRx_vcu_DP.runs/bd_eab1_hsc_0_synth_1/prj/sol/.autopilot/db/v_hscaler.cpp:1634]   --->   Operation 64 'br' 'br_ln1634' <Predicate = true> <Delay = 0.00>


============================================================
+ Verbose Summary: Timing violations
============================================================
Target clock period: 5ns, clock uncertainty: 1.35ns.

 <State 1>: 1.83ns
The critical path consists of the following:
	wire read operation ('p_read_5') on port 'p_read' [24]  (1.83 ns)

 <State 2>: 1.96ns
The critical path consists of the following:
	'select' operation ('select_ln1632_2', /home/user/Documents/kria-vitis-platforms/kv260/platforms/vivado/kv260_ispMipiRx_vcu_DP/project/kv260_ispMipiRx_vcu_DP.runs/bd_eab1_hsc_0_synth_1/prj/sol/.autopilot/db/v_hscaler.cpp:1632) [35]  (0 ns)
	'add' operation ('loopWidth', /home/user/Documents/kria-vitis-platforms/kv260/platforms/vivado/kv260_ispMipiRx_vcu_DP/project/kv260_ispMipiRx_vcu_DP.runs/bd_eab1_hsc_0_synth_1/prj/sol/.autopilot/db/v_hscaler.cpp:1632) [36]  (0.853 ns)
	'icmp' operation ('cmp361022', /home/user/Documents/kria-vitis-platforms/kv260/platforms/vivado/kv260_ispMipiRx_vcu_DP/project/kv260_ispMipiRx_vcu_DP.runs/bd_eab1_hsc_0_synth_1/prj/sol/.autopilot/db/v_hscaler.cpp:1632) [38]  (1.1 ns)

 <State 3>: 1.1ns
The critical path consists of the following:
	'load' operation ('y', /home/user/Documents/kria-vitis-platforms/kv260/platforms/vivado/kv260_ispMipiRx_vcu_DP/project/kv260_ispMipiRx_vcu_DP.runs/bd_eab1_hsc_0_synth_1/prj/sol/.autopilot/db/v_hscaler.cpp:1634) on local variable 'y' [42]  (0 ns)
	'icmp' operation ('icmp_ln1634', /home/user/Documents/kria-vitis-platforms/kv260/platforms/vivado/kv260_ispMipiRx_vcu_DP/project/kv260_ispMipiRx_vcu_DP.runs/bd_eab1_hsc_0_synth_1/prj/sol/.autopilot/db/v_hscaler.cpp:1634) [44]  (1.1 ns)

 <State 4>: 1.5ns
The critical path consists of the following:
	'load' operation ('p_0_0_0_0_05321037_lcssa1062_load') on local variable 'p_0_0_0_0_05321037_lcssa1062' [52]  (0 ns)
	'call' operation ('call_ln1597', /home/user/Documents/kria-vitis-platforms/kv260/platforms/vivado/kv260_ispMipiRx_vcu_DP/project/kv260_ispMipiRx_vcu_DP.runs/bd_eab1_hsc_0_synth_1/prj/sol/.autopilot/db/v_hscaler.cpp:1597) to 'v_hcresampler_core_Pipeline_VITIS_LOOP_1636_2' [58]  (1.5 ns)

 <State 5>: 0ns
The critical path consists of the following:

 <State 6>: 0.427ns
The critical path consists of the following:
	'store' operation ('store_ln1634', /home/user/Documents/kria-vitis-platforms/kv260/platforms/vivado/kv260_ispMipiRx_vcu_DP/project/kv260_ispMipiRx_vcu_DP.runs/bd_eab1_hsc_0_synth_1/prj/sol/.autopilot/db/v_hscaler.cpp:1634) of variable 'y', /home/user/Documents/kria-vitis-platforms/kv260/platforms/vivado/kv260_ispMipiRx_vcu_DP/project/kv260_ispMipiRx_vcu_DP.runs/bd_eab1_hsc_0_synth_1/prj/sol/.autopilot/db/v_hscaler.cpp:1634 on local variable 'y' [64]  (0.427 ns)


============================================================
+ Verbose Summary: Binding
============================================================
N/A
* FSMD analyzer results:
  - Output states:
 - Input state : 
  - Chain level:
	State 1
	State 2
	State 3
	State 4
	State 5
	State 6


============================================================
+ Verbose Summary: Datapath Resource usage 
============================================================
N/A
