

================================================================
== Vitis HLS Report for 'v_hcresampler_core'
================================================================
* Date:           Fri Mar  6 02:17:03 2026

* Version:        2022.2 (Build 3670227 on Oct 13 2022)
* Project:        prj
* Solution:       sol (Vivado IP Flow Target)
* Product family: zynquplus
* Target device:  xck26-sfvc784-2LV-c


================================================================
== Performance Estimates
================================================================
+ Timing: 
    * Summary: 
    +--------+---------+----------+------------+
    |  Clock |  Target | Estimated| Uncertainty|
    +--------+---------+----------+------------+
    |ap_clk  |  5.00 ns|  3.617 ns|     1.35 ns|
    +--------+---------+----------+------------+

+ Latency: 
    * Summary: 
    +---------+------------+-----------+-----------+-----+------------+---------+
    |   Latency (cycles)   |   Latency (absolute)  |     Interval     | Pipeline|
    |   min   |     max    |    min    |    max    | min |     max    |   Type  |
    +---------+------------+-----------+-----------+-----+------------+---------+
    |        2|  1073938427|  10.000 ns|  5.370 sec|    2|  1073938427|       no|
    +---------+------------+-----------+-----------+-----+------------+---------+

    + Detail: 
        * Instance: 
        +----------------------------------------------------------+-----------------------------------------------+---------+---------+-----------+----------+-----+-------+---------+
        |                                                          |                                               |  Latency (cycles) |  Latency (absolute)  |   Interval  | Pipeline|
        |                         Instance                         |                     Module                    |   min   |   max   |    min    |    max   | min |  max  |   Type  |
        +----------------------------------------------------------+-----------------------------------------------+---------+---------+-----------+----------+-----+-------+---------+
        |grp_v_hcresampler_core_Pipeline_VITIS_LOOP_1636_2_fu_162  |v_hcresampler_core_Pipeline_VITIS_LOOP_1636_2  |        5|    32771|  25.000 ns|  0.164 ms|    5|  32771|       no|
        +----------------------------------------------------------+-----------------------------------------------+---------+---------+-----------+----------+-----+-------+---------+

        * Loop: 
        +---------------------+---------+------------+-----------+-----------+-----------+-----------+----------+
        |                     |   Latency (cycles)   | Iteration |  Initiation Interval  |    Trip   |          |
        |      Loop Name      |   min   |     max    |  Latency  |  achieved |   target  |   Count   | Pipelined|
        +---------------------+---------+------------+-----------+-----------+-----------+-----------+----------+
        |- VITIS_LOOP_1634_1  |        0|  1073938425|  2 ~ 32775|          -|          -|  0 ~ 32767|        no|
        +---------------------+---------+------------+-----------+-----------+-----------+-----------+----------+



================================================================
== Utilization Estimates
================================================================
* Summary: 
+-----------------+---------+------+--------+--------+-----+
|       Name      | BRAM_18K|  DSP |   FF   |   LUT  | URAM|
+-----------------+---------+------+--------+--------+-----+
|DSP              |        -|     -|       -|       -|    -|
|Expression       |        -|     -|       0|      79|    -|
|FIFO             |        -|     -|       -|       -|    -|
|Instance         |        -|     -|      72|     519|    -|
|Memory           |        -|     -|       -|       -|    -|
|Multiplexer      |        -|     -|       -|      91|    -|
|Register         |        -|     -|     248|       -|    -|
+-----------------+---------+------+--------+--------+-----+
|Total            |        0|     0|     320|     689|    0|
+-----------------+---------+------+--------+--------+-----+
|Available        |      288|  1248|  234240|  117120|   64|
+-----------------+---------+------+--------+--------+-----+
|Utilization (%)  |        0|     0|      ~0|      ~0|    0|
+-----------------+---------+------+--------+--------+-----+

+ Detail: 
    * Instance: 
    +----------------------------------------------------------+-----------------------------------------------+---------+----+----+-----+-----+
    |                         Instance                         |                     Module                    | BRAM_18K| DSP| FF | LUT | URAM|
    +----------------------------------------------------------+-----------------------------------------------+---------+----+----+-----+-----+
    |grp_v_hcresampler_core_Pipeline_VITIS_LOOP_1636_2_fu_162  |v_hcresampler_core_Pipeline_VITIS_LOOP_1636_2  |        0|   0|  72|  519|    0|
    +----------------------------------------------------------+-----------------------------------------------+---------+----+----+-----+-----+
    |Total                                                     |                                               |        0|   0|  72|  519|    0|
    +----------------------------------------------------------+-----------------------------------------------+---------+----+----+-----+-----+

    * DSP: 
    N/A

    * Memory: 
    N/A

    * FIFO: 
    N/A

    * Expression: 
    +---------------------------+----------+----+---+----+------------+------------+
    |       Variable Name       | Operation| DSP| FF| LUT| Bitwidth P0| Bitwidth P1|
    +---------------------------+----------+----+---+----+------------+------------+
    |loopWidth_fu_214_p2        |         +|   0|  0|  23|          16|          16|
    |y_5_fu_241_p2              |         +|   0|  0|  22|          15|           1|
    |cmp361022_fu_223_p2        |      icmp|   0|  0|  13|          16|           1|
    |icmp_ln1634_fu_236_p2      |      icmp|   0|  0|  13|          16|          16|
    |ap_block_state1            |        or|   0|  0|   2|           1|           1|
    |select_ln1632_2_fu_207_p3  |    select|   0|  0|   3|           1|           1|
    |select_ln1632_fu_200_p3    |    select|   0|  0|   3|           1|           1|
    +---------------------------+----------+----+---+----+------------+------------+
    |Total                      |          |   0|  0|  79|          66|          37|
    +---------------------------+----------+----+---+----+------------+------------+

    * Multiplexer: 
    +------------------------+----+-----------+-----+-----------+
    |          Name          | LUT| Input Size| Bits| Total Bits|
    +------------------------+----+-----------+-----+-----------+
    |Height_blk_n            |   9|          2|    1|          2|
    |WidthIn_blk_n           |   9|          2|    1|          2|
    |ap_NS_fsm               |  37|          7|    1|          7|
    |ap_done                 |   9|          2|    1|          2|
    |stream_in_read          |   9|          2|    1|          2|
    |stream_upsampled_write  |   9|          2|    1|          2|
    |y_fu_68                 |   9|          2|   15|         30|
    +------------------------+----+-----------+-----+-----------+
    |Total                   |  91|         19|   21|         47|
    +------------------------+----+-----------+-----+-----------+

    * Register: 
    +-----------------------------------------------------------------------+----+----+-----+-----------+
    |                                  Name                                 | FF | LUT| Bits| Const Bits|
    +-----------------------------------------------------------------------+----+----+-----+-----------+
    |WidthIn_read_reg_391                                                   |  16|   0|   16|          0|
    |ap_CS_fsm                                                              |   6|   0|    6|          0|
    |ap_done_reg                                                            |   1|   0|    1|          0|
    |cmp361022_reg_412                                                      |   1|   0|    1|          0|
    |grp_v_hcresampler_core_Pipeline_VITIS_LOOP_1636_2_fu_162_ap_start_reg  |   1|   0|    1|          0|
    |loopHeight_reg_397                                                     |  16|   0|   16|          0|
    |p_0_0_0_0_0524_21081_lcssa1107_fu_112                                  |   8|   0|    8|          0|
    |p_0_0_0_0_05321031_lcssa1053_fu_72                                     |   8|   0|    8|          0|
    |p_0_0_0_0_05321037_lcssa1062_fu_84                                     |   8|   0|    8|          0|
    |p_0_0_0_0_0_21084_lcssa1110_fu_116                                     |   8|   0|    8|          0|
    |p_0_1_0_0_01033_lcssa1056_fu_76                                        |   8|   0|    8|          0|
    |p_0_1_0_0_01039_lcssa1065_fu_88                                        |   8|   0|    8|          0|
    |p_0_1_0_0_01043_lcssa1068_fu_92                                        |   8|   0|    8|          0|
    |p_0_2_0_0_01035_lcssa1059_fu_80                                        |   8|   0|    8|          0|
    |p_lcssa10771095_fu_100                                                 |   8|   0|    8|          0|
    |p_lcssa10791101_fu_104                                                 |   8|   0|    8|          0|
    |p_lcssa10801104_fu_108                                                 |   8|   0|    8|          0|
    |p_lcssa1089_fu_96                                                      |   8|   0|    8|          0|
    |pixbuf_y_val_V_15_fu_124                                               |   8|   0|    8|          0|
    |pixbuf_y_val_V_16_fu_128                                               |   8|   0|    8|          0|
    |pixbuf_y_val_V_16_load_reg_424                                         |   8|   0|    8|          0|
    |pixbuf_y_val_V_17_fu_132                                               |   8|   0|    8|          0|
    |pixbuf_y_val_V_17_load_reg_429                                         |   8|   0|    8|          0|
    |pixbuf_y_val_V_18_fu_136                                               |   8|   0|    8|          0|
    |pixbuf_y_val_V_18_load_reg_434                                         |   8|   0|    8|          0|
    |pixbuf_y_val_V_fu_120                                                  |   8|   0|    8|          0|
    |select_ln1632_reg_402                                                  |   2|   0|    3|          1|
    |trunc_ln1597_reg_407                                                   |  15|   0|   15|          0|
    |y_5_reg_419                                                            |  15|   0|   15|          0|
    |y_fu_68                                                                |  15|   0|   15|          0|
    +-----------------------------------------------------------------------+----+----+-----+-----------+
    |Total                                                                  | 248|   0|  249|          1|
    +-----------------------------------------------------------------------+----+----+-----+-----------+



================================================================
== Interface
================================================================
* Summary: 
+---------------------------------+-----+-----+------------+--------------------+--------------+
|            RTL Ports            | Dir | Bits|  Protocol  |    Source Object   |    C Type    |
+---------------------------------+-----+-----+------------+--------------------+--------------+
|ap_clk                           |   in|    1|  ap_ctrl_hs|  v_hcresampler_core|  return value|
|ap_rst                           |   in|    1|  ap_ctrl_hs|  v_hcresampler_core|  return value|
|ap_start                         |   in|    1|  ap_ctrl_hs|  v_hcresampler_core|  return value|
|ap_done                          |  out|    1|  ap_ctrl_hs|  v_hcresampler_core|  return value|
|ap_continue                      |   in|    1|  ap_ctrl_hs|  v_hcresampler_core|  return value|
|ap_idle                          |  out|    1|  ap_ctrl_hs|  v_hcresampler_core|  return value|
|ap_ready                         |  out|    1|  ap_ctrl_hs|  v_hcresampler_core|  return value|
|stream_in_dout                   |   in|   24|     ap_fifo|           stream_in|       pointer|
|stream_in_num_data_valid         |   in|    5|     ap_fifo|           stream_in|       pointer|
|stream_in_fifo_cap               |   in|    5|     ap_fifo|           stream_in|       pointer|
|stream_in_empty_n                |   in|    1|     ap_fifo|           stream_in|       pointer|
|stream_in_read                   |  out|    1|     ap_fifo|           stream_in|       pointer|
|Height_dout                      |   in|   16|     ap_fifo|              Height|       pointer|
|Height_num_data_valid            |   in|    2|     ap_fifo|              Height|       pointer|
|Height_fifo_cap                  |   in|    2|     ap_fifo|              Height|       pointer|
|Height_empty_n                   |   in|    1|     ap_fifo|              Height|       pointer|
|Height_read                      |  out|    1|     ap_fifo|              Height|       pointer|
|WidthIn_dout                     |   in|   16|     ap_fifo|             WidthIn|       pointer|
|WidthIn_num_data_valid           |   in|    2|     ap_fifo|             WidthIn|       pointer|
|WidthIn_fifo_cap                 |   in|    2|     ap_fifo|             WidthIn|       pointer|
|WidthIn_empty_n                  |   in|    1|     ap_fifo|             WidthIn|       pointer|
|WidthIn_read                     |  out|    1|     ap_fifo|             WidthIn|       pointer|
|p_read                           |   in|    1|     ap_none|              p_read|        scalar|
|stream_upsampled_din             |  out|   24|     ap_fifo|    stream_upsampled|       pointer|
|stream_upsampled_num_data_valid  |   in|    5|     ap_fifo|    stream_upsampled|       pointer|
|stream_upsampled_fifo_cap        |   in|    5|     ap_fifo|    stream_upsampled|       pointer|
|stream_upsampled_full_n          |   in|    1|     ap_fifo|    stream_upsampled|       pointer|
|stream_upsampled_write           |  out|    1|     ap_fifo|    stream_upsampled|       pointer|
+---------------------------------+-----+-----+------------+--------------------+--------------+

============================================================
+ Verbose Summary: Synthesis Manager
============================================================
InlineROM: 1
ExposeGlobal: 0
============================================================
+ Verbose Summary: CDFG Model
============================================================
IsTopModel: 0
ResetActiveHigh: 1
IsCombinational: 2
IsDatapathOnly: 0
HasWiredReturn: 1
HasMFsm: 0
HasVarLatency: 1
IsPipeline: 0
IsRtlPipelined: 0
IsInstanceOverlapped: 0
IsDontTouch: 0
HasImplIP: 0
IsGatedGlobalClock: 0


============================================================
+ Verbose Summary: Schedule
============================================================
* Number of FSM states : 6
* Pipeline : 0
* Dataflow Pipeline: 0

* FSM state transitions: 
1 --> 2 
2 --> 3 
3 --> 4 6 
4 --> 5 
5 --> 6 
6 --> 3 

* FSM state operations: 

State 1 <SV = 0> <Delay = 1.82>
ST_1 : Operation 7 [1/1] (0.00ns)   --->   "%y = alloca i32 1"   --->   Operation 7 'alloca' 'y' <Predicate = true> <Delay = 0.00>
ST_1 : Operation 8 [1/1] (0.00ns)   --->   "%p_0_0_0_0_05321031_lcssa1053 = alloca i32 1"   --->   Operation 8 'alloca' 'p_0_0_0_0_05321031_lcssa1053' <Predicate = true> <Delay = 0.00>
ST_1 : Operation 9 [1/1] (0.00ns)   --->   "%p_0_1_0_0_01033_lcssa1056 = alloca i32 1"   --->   Operation 9 'alloca' 'p_0_1_0_0_01033_lcssa1056' <Predicate = true> <Delay = 0.00>
ST_1 : Operation 10 [1/1] (0.00ns)   --->   "%p_0_2_0_0_01035_lcssa1059 = alloca i32 1"   --->   Operation 10 'alloca' 'p_0_2_0_0_01035_lcssa1059' <Predicate = true> <Delay = 0.00>
ST_1 : Operation 11 [1/1] (0.00ns)   --->   "%p_0_0_0_0_05321037_lcssa1062 = alloca i32 1"   --->   Operation 11 'alloca' 'p_0_0_0_0_05321037_lcssa1062' <Predicate = true> <Delay = 0.00>
ST_1 : Operation 12 [1/1] (0.00ns)   --->   "%p_0_1_0_0_01039_lcssa1065 = alloca i32 1"   --->   Operation 12 'alloca' 'p_0_1_0_0_01039_lcssa1065' <Predicate = true> <Delay = 0.00>
ST_1 : Operation 13 [1/1] (0.00ns)   --->   "%p_0_1_0_0_01043_lcssa1068 = alloca i32 1"   --->   Operation 13 'alloca' 'p_0_1_0_0_01043_lcssa1068' <Predicate = true> <Delay = 0.00>
ST_1 : Operation 14 [1/1] (0.00ns)   --->   "%p_lcssa1089 = alloca i32 1"   --->   Operation 14 'alloca' 'p_lcssa1089' <Predicate = true> <Delay = 0.00>
ST_1 : Operation 15 [1/1] (0.00ns)   --->   "%p_lcssa10771095 = alloca i32 1"   --->   Operation 15 'alloca' 'p_lcssa10771095' <Predicate = true> <Delay = 0.00>
ST_1 : Operation 16 [1/1] (0.00ns)   --->   "%p_lcssa10791101 = alloca i32 1"   --->   Operation 16 'alloca' 'p_lcssa10791101' <Predicate = true> <Delay = 0.00>
ST_1 : Operation 17 [1/1] (0.00ns)   --->   "%p_lcssa10801104 = alloca i32 1"   --->   Operation 17 'alloca' 'p_lcssa10801104' <Predicate = true> <Delay = 0.00>
ST_1 : Operation 18 [1/1] (0.00ns)   --->   "%p_0_0_0_0_0524_21081_lcssa1107 = alloca i32 1"   --->   Operation 18 'alloca' 'p_0_0_0_0_0524_21081_lcssa1107' <Predicate = true> <Delay = 0.00>
ST_1 : Operation 19 [1/1] (0.00ns)   --->   "%p_0_0_0_0_0_21084_lcssa1110 = alloca i32 1"   --->   Operation 19 'alloca' 'p_0_0_0_0_0_21084_lcssa1110' <Predicate = true> <Delay = 0.00>
ST_1 : Operation 20 [1/1] (0.00ns)   --->   "%pixbuf_y_val_V = alloca i32 1"   --->   Operation 20 'alloca' 'pixbuf_y_val_V' <Predicate = true> <Delay = 0.00>
ST_1 : Operation 21 [1/1] (0.00ns)   --->   "%pixbuf_y_val_V_15 = alloca i32 1"   --->   Operation 21 'alloca' 'pixbuf_y_val_V_15' <Predicate = true> <Delay = 0.00>
ST_1 : Operation 22 [1/1] (0.00ns)   --->   "%pixbuf_y_val_V_16 = alloca i32 1"   --->   Operation 22 'alloca' 'pixbuf_y_val_V_16' <Predicate = true> <Delay = 0.00>
ST_1 : Operation 23 [1/1] (0.00ns)   --->   "%pixbuf_y_val_V_17 = alloca i32 1"   --->   Operation 23 'alloca' 'pixbuf_y_val_V_17' <Predicate = true> <Delay = 0.00>
ST_1 : Operation 24 [1/1] (0.00ns)   --->   "%pixbuf_y_val_V_18 = alloca i32 1"   --->   Operation 24 'alloca' 'pixbuf_y_val_V_18' <Predicate = true> <Delay = 0.00>
ST_1 : Operation 25 [1/1] (1.82ns)   --->   "%p_read_5 = read i1 @_ssdm_op_Read.ap_auto.i1, i1 %p_read"   --->   Operation 25 'read' 'p_read_5' <Predicate = true> <Delay = 1.82> <CoreInst = "FIFO_SRL">   --->   Core 81 'FIFO_SRL' <Latency = 0> <II = 1> <Delay = 1.83> <Storage> <Opcode : 'read' 'write' 'nbread' 'nbwrite'> <Ports = 0> <Width = -1> <Depth = -1> <FIFO>
ST_1 : Operation 26 [1/1] (0.00ns)   --->   "%pixbuf_y_val_V_20_loc = alloca i64 1"   --->   Operation 26 'alloca' 'pixbuf_y_val_V_20_loc' <Predicate = true> <Delay = 0.00>
ST_1 : Operation 27 [1/1] (1.82ns)   --->   "%WidthIn_read = read i16 @_ssdm_op_Read.ap_fifo.i16P0A, i16 %WidthIn"   --->   Operation 27 'read' 'WidthIn_read' <Predicate = true> <Delay = 1.82> <CoreInst = "FIFO_SRL">   --->   Core 81 'FIFO_SRL' <Latency = 0> <II = 1> <Delay = 1.83> <Storage> <Opcode : 'read' 'write' 'nbread' 'nbwrite'> <Ports = 0> <Width = 16> <Depth = 2> <FIFO>
ST_1 : Operation 28 [1/1] (1.82ns)   --->   "%loopHeight = read i16 @_ssdm_op_Read.ap_fifo.i16P0A, i16 %Height"   --->   Operation 28 'read' 'loopHeight' <Predicate = true> <Delay = 1.82> <CoreInst = "FIFO_SRL">   --->   Core 81 'FIFO_SRL' <Latency = 0> <II = 1> <Delay = 1.83> <Storage> <Opcode : 'read' 'write' 'nbread' 'nbwrite'> <Ports = 0> <Width = 16> <Depth = 2> <FIFO>
ST_1 : Operation 29 [1/1] (0.42ns)   --->   "%store_ln1634 = store i15 0, i15 %y" [/home/user/Documents/kria-vitis-platforms/kv260/platforms/vivado/kv260_ispMipiRx_vcu_DP/project/kv260_ispMipiRx_vcu_DP.runs/bd_eab1_hsc_0_synth_1/prj/sol/.autopilot/db/v_hscaler.cpp:1634]   --->   Operation 29 'store' 'store_ln1634' <Predicate = true> <Delay = 0.42>

State 2 <SV = 1> <Delay = 1.95>
ST_2 : Operation 30 [1/1] (0.00ns)   --->   "%specinterface_ln0 = specinterface void @_ssdm_op_SpecInterface, i16 %WidthIn, void @ap_fifo_str, i32 0, i32 0, void @p_str, i32 0, i32 0, void @p_str, void @p_str, void @p_str, i32 2, i32 2, i32 16, i32 16, void @p_str, void @ScalarProp_str, i32 4294967295, i32 0"   --->   Operation 30 'specinterface' 'specinterface_ln0' <Predicate = true> <Delay = 0.00>
ST_2 : Operation 31 [1/1] (0.00ns)   --->   "%specinterface_ln0 = specinterface void @_ssdm_op_SpecInterface, i16 %Height, void @ap_fifo_str, i32 0, i32 0, void @p_str, i32 0, i32 0, void @p_str, void @p_str, void @p_str, i32 2, i32 2, i32 16, i32 16, void @p_str, void @ScalarProp_str, i32 4294967295, i32 0"   --->   Operation 31 'specinterface' 'specinterface_ln0' <Predicate = true> <Delay = 0.00>
ST_2 : Operation 32 [1/1] (0.00ns)   --->   "%specstablecontent_ln0 = specstablecontent void @_ssdm_op_SpecStableContent, i16 %WidthIn, void "   --->   Operation 32 'specstablecontent' 'specstablecontent_ln0' <Predicate = true> <Delay = 0.00>
ST_2 : Operation 33 [1/1] (0.00ns)   --->   "%specstablecontent_ln0 = specstablecontent void @_ssdm_op_SpecStableContent, i16 %Height, void "   --->   Operation 33 'specstablecontent' 'specstablecontent_ln0' <Predicate = true> <Delay = 0.00>
ST_2 : Operation 34 [1/1] (0.00ns)   --->   "%specinterface_ln0 = specinterface void @_ssdm_op_SpecInterface, i24 %stream_upsampled, void @empty_14, i32 0, i32 0, void @empty_25, i32 0, i32 0, void @empty_25, void @empty_25, void @empty_25, i32 0, i32 0, i32 0, i32 0, void @empty_25, void @empty_25, i32 4294967295, i32 0"   --->   Operation 34 'specinterface' 'specinterface_ln0' <Predicate = true> <Delay = 0.00>
ST_2 : Operation 35 [1/1] (0.00ns)   --->   "%specinterface_ln0 = specinterface void @_ssdm_op_SpecInterface, i24 %stream_in, void @empty_14, i32 0, i32 0, void @empty_25, i32 0, i32 0, void @empty_25, void @empty_25, void @empty_25, i32 0, i32 0, i32 0, i32 0, void @empty_25, void @empty_25, i32 4294967295, i32 0"   --->   Operation 35 'specinterface' 'specinterface_ln0' <Predicate = true> <Delay = 0.00>
ST_2 : Operation 36 [1/1] (0.20ns)   --->   "%select_ln1632 = select i1 %p_read_5, i3 0, i3 5" [/home/user/Documents/kria-vitis-platforms/kv260/platforms/vivado/kv260_ispMipiRx_vcu_DP/project/kv260_ispMipiRx_vcu_DP.runs/bd_eab1_hsc_0_synth_1/prj/sol/.autopilot/db/v_hscaler.cpp:1632]   --->   Operation 36 'select' 'select_ln1632' <Predicate = true> <Delay = 0.20> <CoreInst = "Sel">   --->   Core 73 'Sel' <Latency = 0> <II = 1> <Delay = 0.20> <FuncUnit> <Opcode : 'select'> <InPorts = 3> <OutPorts = 1>
ST_2 : Operation 37 [1/1] (0.00ns) (grouped into LUT with out node loopWidth)   --->   "%select_ln1632_2 = select i1 %p_read_5, i16 0, i16 5" [/home/user/Documents/kria-vitis-platforms/kv260/platforms/vivado/kv260_ispMipiRx_vcu_DP/project/kv260_ispMipiRx_vcu_DP.runs/bd_eab1_hsc_0_synth_1/prj/sol/.autopilot/db/v_hscaler.cpp:1632]   --->   Operation 37 'select' 'select_ln1632_2' <Predicate = true> <Delay = 0.00> <CoreInst = "Sel">   --->   Core 73 'Sel' <Latency = 0> <II = 1> <Delay = 0.20> <FuncUnit> <Opcode : 'select'> <InPorts = 3> <OutPorts = 1>
ST_2 : Operation 38 [1/1] (0.85ns) (out node of the LUT)   --->   "%loopWidth = add i16 %WidthIn_read, i16 %select_ln1632_2" [/home/user/Documents/kria-vitis-platforms/kv260/platforms/vivado/kv260_ispMipiRx_vcu_DP/project/kv260_ispMipiRx_vcu_DP.runs/bd_eab1_hsc_0_synth_1/prj/sol/.autopilot/db/v_hscaler.cpp:1632]   --->   Operation 38 'add' 'loopWidth' <Predicate = true> <Delay = 0.85> <CoreInst = "Adder">   --->   Core 1 'Adder' <Latency = 0> <II = 1> <Delay = 0.85> <FuncUnit> <Opcode : 'add' 'sub'> <InPorts = 2> <OutPorts = 1>
ST_2 : Operation 39 [1/1] (0.00ns)   --->   "%trunc_ln1597 = trunc i16 %loopWidth" [/home/user/Documents/kria-vitis-platforms/kv260/platforms/vivado/kv260_ispMipiRx_vcu_DP/project/kv260_ispMipiRx_vcu_DP.runs/bd_eab1_hsc_0_synth_1/prj/sol/.autopilot/db/v_hscaler.cpp:1597]   --->   Operation 39 'trunc' 'trunc_ln1597' <Predicate = true> <Delay = 0.00>
ST_2 : Operation 40 [1/1] (1.10ns)   --->   "%cmp361022 = icmp_sgt  i16 %loopWidth, i16 0" [/home/user/Documents/kria-vitis-platforms/kv260/platforms/vivado/kv260_ispMipiRx_vcu_DP/project/kv260_ispMipiRx_vcu_DP.runs/bd_eab1_hsc_0_synth_1/prj/sol/.autopilot/db/v_hscaler.cpp:1632]   --->   Operation 40 'icmp' 'cmp361022' <Predicate = true> <Delay = 1.10> <CoreInst = "Cmp">   --->   Core 9 'Cmp' <Latency = 0> <II = 1> <Delay = 1.10> <FuncUnit> <Opcode : 'icmp'> <InPorts = 2> <OutPorts = 1>
ST_2 : Operation 41 [1/1] (0.00ns)   --->   "%br_ln1634 = br void %VITIS_LOOP_1636_2" [/home/user/Documents/kria-vitis-platforms/kv260/platforms/vivado/kv260_ispMipiRx_vcu_DP/project/kv260_ispMipiRx_vcu_DP.runs/bd_eab1_hsc_0_synth_1/prj/sol/.autopilot/db/v_hscaler.cpp:1634]   --->   Operation 41 'br' 'br_ln1634' <Predicate = true> <Delay = 0.00>

State 3 <SV = 2> <Delay = 1.10>
ST_3 : Operation 42 [1/1] (0.00ns)   --->   "%y_4 = load i15 %y" [/home/user/Documents/kria-vitis-platforms/kv260/platforms/vivado/kv260_ispMipiRx_vcu_DP/project/kv260_ispMipiRx_vcu_DP.runs/bd_eab1_hsc_0_synth_1/prj/sol/.autopilot/db/v_hscaler.cpp:1634]   --->   Operation 42 'load' 'y_4' <Predicate = true> <Delay = 0.00>
ST_3 : Operation 43 [1/1] (0.00ns)   --->   "%zext_ln1634 = zext i15 %y_4" [/home/user/Documents/kria-vitis-platforms/kv260/platforms/vivado/kv260_ispMipiRx_vcu_DP/project/kv260_ispMipiRx_vcu_DP.runs/bd_eab1_hsc_0_synth_1/prj/sol/.autopilot/db/v_hscaler.cpp:1634]   --->   Operation 43 'zext' 'zext_ln1634' <Predicate = true> <Delay = 0.00>
ST_3 : Operation 44 [1/1] (1.10ns)   --->   "%icmp_ln1634 = icmp_slt  i16 %zext_ln1634, i16 %loopHeight" [/home/user/Documents/kria-vitis-platforms/kv260/platforms/vivado/kv260_ispMipiRx_vcu_DP/project/kv260_ispMipiRx_vcu_DP.runs/bd_eab1_hsc_0_synth_1/prj/sol/.autopilot/db/v_hscaler.cpp:1634]   --->   Operation 44 'icmp' 'icmp_ln1634' <Predicate = true> <Delay = 1.10> <CoreInst = "Cmp">   --->   Core 9 'Cmp' <Latency = 0> <II = 1> <Delay = 1.10> <FuncUnit> <Opcode : 'icmp'> <InPorts = 2> <OutPorts = 1>
ST_3 : Operation 45 [1/1] (0.00ns)   --->   "%speclooptripcount_ln0 = speclooptripcount void @_ssdm_op_SpecLoopTripCount, i64 0, i64 32767, i64 0"   --->   Operation 45 'speclooptripcount' 'speclooptripcount_ln0' <Predicate = true> <Delay = 0.00>
ST_3 : Operation 46 [1/1] (0.84ns)   --->   "%y_5 = add i15 %y_4, i15 1" [/home/user/Documents/kria-vitis-platforms/kv260/platforms/vivado/kv260_ispMipiRx_vcu_DP/project/kv260_ispMipiRx_vcu_DP.runs/bd_eab1_hsc_0_synth_1/prj/sol/.autopilot/db/v_hscaler.cpp:1634]   --->   Operation 46 'add' 'y_5' <Predicate = true> <Delay = 0.84> <CoreInst = "Adder">   --->   Core 1 'Adder' <Latency = 0> <II = 1> <Delay = 0.84> <FuncUnit> <Opcode : 'add' 'sub'> <InPorts = 2> <OutPorts = 1>
ST_3 : Operation 47 [1/1] (0.00ns)   --->   "%br_ln1634 = br i1 %icmp_ln1634, void %for.end455.loopexit, void %VITIS_LOOP_1636_2.split" [/home/user/Documents/kria-vitis-platforms/kv260/platforms/vivado/kv260_ispMipiRx_vcu_DP/project/kv260_ispMipiRx_vcu_DP.runs/bd_eab1_hsc_0_synth_1/prj/sol/.autopilot/db/v_hscaler.cpp:1634]   --->   Operation 47 'br' 'br_ln1634' <Predicate = true> <Delay = 0.00>
ST_3 : Operation 48 [1/1] (0.00ns)   --->   "%specloopname_ln1610 = specloopname void @_ssdm_op_SpecLoopName, void @empty_23" [/home/user/Documents/kria-vitis-platforms/kv260/platforms/vivado/kv260_ispMipiRx_vcu_DP/project/kv260_ispMipiRx_vcu_DP.runs/bd_eab1_hsc_0_synth_1/prj/sol/.autopilot/db/v_hscaler.cpp:1610]   --->   Operation 48 'specloopname' 'specloopname_ln1610' <Predicate = (icmp_ln1634)> <Delay = 0.00>
ST_3 : Operation 49 [1/1] (0.00ns)   --->   "%br_ln1636 = br i1 %cmp361022, void %for.inc453, void %for.body37.preheader" [/home/user/Documents/kria-vitis-platforms/kv260/platforms/vivado/kv260_ispMipiRx_vcu_DP/project/kv260_ispMipiRx_vcu_DP.runs/bd_eab1_hsc_0_synth_1/prj/sol/.autopilot/db/v_hscaler.cpp:1636]   --->   Operation 49 'br' 'br_ln1636' <Predicate = (icmp_ln1634)> <Delay = 0.00>
ST_3 : Operation 50 [1/1] (0.00ns)   --->   "%pixbuf_y_val_V_16_load = load i8 %pixbuf_y_val_V_16"   --->   Operation 50 'load' 'pixbuf_y_val_V_16_load' <Predicate = (icmp_ln1634 & cmp361022)> <Delay = 0.00>
ST_3 : Operation 51 [1/1] (0.00ns)   --->   "%pixbuf_y_val_V_17_load = load i8 %pixbuf_y_val_V_17"   --->   Operation 51 'load' 'pixbuf_y_val_V_17_load' <Predicate = (icmp_ln1634 & cmp361022)> <Delay = 0.00>
ST_3 : Operation 52 [1/1] (0.00ns)   --->   "%pixbuf_y_val_V_18_load = load i8 %pixbuf_y_val_V_18"   --->   Operation 52 'load' 'pixbuf_y_val_V_18_load' <Predicate = (icmp_ln1634 & cmp361022)> <Delay = 0.00>
ST_3 : Operation 53 [1/1] (0.00ns)   --->   "%empty = wait i32 @_ssdm_op_Wait"   --->   Operation 53 'wait' 'empty' <Predicate = (icmp_ln1634 & cmp361022)> <Delay = 0.00>
ST_3 : Operation 54 [1/1] (0.00ns)   --->   "%ret_ln1792 = ret" [/home/user/Documents/kria-vitis-platforms/kv260/platforms/vivado/kv260_ispMipiRx_vcu_DP/project/kv260_ispMipiRx_vcu_DP.runs/bd_eab1_hsc_0_synth_1/prj/sol/.autopilot/db/v_hscaler.cpp:1792]   --->   Operation 54 'ret' 'ret_ln1792' <Predicate = (!icmp_ln1634)> <Delay = 0.00>

State 4 <SV = 3> <Delay = 1.49>
ST_4 : Operation 55 [1/1] (0.00ns)   --->   "%p_0_0_0_0_05321037_lcssa1062_load = load i8 %p_0_0_0_0_05321037_lcssa1062"   --->   Operation 55 'load' 'p_0_0_0_0_05321037_lcssa1062_load' <Predicate = true> <Delay = 0.00>
ST_4 : Operation 56 [1/1] (0.00ns)   --->   "%pixbuf_y_val_V_load = load i8 %pixbuf_y_val_V"   --->   Operation 56 'load' 'pixbuf_y_val_V_load' <Predicate = true> <Delay = 0.00>
ST_4 : Operation 57 [2/2] (1.49ns)   --->   "%call_ln1597 = call void @v_hcresampler_core_Pipeline_VITIS_LOOP_1636_2, i8 %pixbuf_y_val_V_18_load, i8 %pixbuf_y_val_V_17_load, i8 %pixbuf_y_val_V_16_load, i8 %pixbuf_y_val_V_load, i8 %p_0_0_0_0_05321037_lcssa1062_load, i15 %trunc_ln1597, i3 %select_ln1632, i16 %WidthIn_read, i24 %stream_in, i24 %stream_upsampled, i1 %p_read_5, i8 %pixbuf_y_val_V_18, i8 %pixbuf_y_val_V_17, i8 %pixbuf_y_val_V_16, i8 %pixbuf_y_val_V_15, i8 %pixbuf_y_val_V_20_loc, i8 %p_0_0_0_0_0_21084_lcssa1110, i8 %p_0_0_0_0_0524_21081_lcssa1107, i8 %p_lcssa10801104, i8 %p_lcssa10791101, i8 %p_lcssa10771095, i8 %p_lcssa1089, i8 %p_0_1_0_0_01043_lcssa1068, i8 %p_0_1_0_0_01039_lcssa1065, i8 %p_0_2_0_0_01035_lcssa1059, i8 %p_0_1_0_0_01033_lcssa1056, i8 %p_0_0_0_0_05321031_lcssa1053" [/home/user/Documents/kria-vitis-platforms/kv260/platforms/vivado/kv260_ispMipiRx_vcu_DP/project/kv260_ispMipiRx_vcu_DP.runs/bd_eab1_hsc_0_synth_1/prj/sol/.autopilot/db/v_hscaler.cpp:1597]   --->   Operation 57 'call' 'call_ln1597' <Predicate = true> <Delay = 1.49> <CoreType = "Generic">   --->   Core 0 '' <Latency = 0> <II = 1> <Delay = 1.00> <Generic> <Opcode : >

State 5 <SV = 4> <Delay = 0.00>
ST_5 : Operation 58 [1/2] (0.00ns)   --->   "%call_ln1597 = call void @v_hcresampler_core_Pipeline_VITIS_LOOP_1636_2, i8 %pixbuf_y_val_V_18_load, i8 %pixbuf_y_val_V_17_load, i8 %pixbuf_y_val_V_16_load, i8 %pixbuf_y_val_V_load, i8 %p_0_0_0_0_05321037_lcssa1062_load, i15 %trunc_ln1597, i3 %select_ln1632, i16 %WidthIn_read, i24 %stream_in, i24 %stream_upsampled, i1 %p_read_5, i8 %pixbuf_y_val_V_18, i8 %pixbuf_y_val_V_17, i8 %pixbuf_y_val_V_16, i8 %pixbuf_y_val_V_15, i8 %pixbuf_y_val_V_20_loc, i8 %p_0_0_0_0_0_21084_lcssa1110, i8 %p_0_0_0_0_0524_21081_lcssa1107, i8 %p_lcssa10801104, i8 %p_lcssa10791101, i8 %p_lcssa10771095, i8 %p_lcssa1089, i8 %p_0_1_0_0_01043_lcssa1068, i8 %p_0_1_0_0_01039_lcssa1065, i8 %p_0_2_0_0_01035_lcssa1059, i8 %p_0_1_0_0_01033_lcssa1056, i8 %p_0_0_0_0_05321031_lcssa1053" [/home/user/Documents/kria-vitis-platforms/kv260/platforms/vivado/kv260_ispMipiRx_vcu_DP/project/kv260_ispMipiRx_vcu_DP.runs/bd_eab1_hsc_0_synth_1/prj/sol/.autopilot/db/v_hscaler.cpp:1597]   --->   Operation 58 'call' 'call_ln1597' <Predicate = true> <Delay = 0.00> <CoreType = "Generic">   --->   Core 0 '' <Latency = 0> <II = 1> <Delay = 1.00> <Generic> <Opcode : >

State 6 <SV = 5> <Delay = 0.42>
ST_6 : Operation 59 [1/1] (0.00ns)   --->   "%pixbuf_y_val_V_20_loc_load = load i8 %pixbuf_y_val_V_20_loc"   --->   Operation 59 'load' 'pixbuf_y_val_V_20_loc_load' <Predicate = (cmp361022)> <Delay = 0.00>
ST_6 : Operation 60 [1/1] (0.00ns)   --->   "%store_ln0 = store i8 %pixbuf_y_val_V_20_loc_load, i8 %pixbuf_y_val_V"   --->   Operation 60 'store' 'store_ln0' <Predicate = (cmp361022)> <Delay = 0.00>
ST_6 : Operation 61 [1/1] (0.00ns)   --->   "%store_ln0 = store i8 %pixbuf_y_val_V_20_loc_load, i8 %p_0_0_0_0_05321037_lcssa1062"   --->   Operation 61 'store' 'store_ln0' <Predicate = (cmp361022)> <Delay = 0.00>
ST_6 : Operation 62 [1/1] (0.00ns)   --->   "%br_ln0 = br void %for.inc453"   --->   Operation 62 'br' 'br_ln0' <Predicate = (cmp361022)> <Delay = 0.00>
ST_6 : Operation 63 [1/1] (0.42ns)   --->   "%store_ln1634 = store i15 %y_5, i15 %y" [/home/user/Documents/kria-vitis-platforms/kv260/platforms/vivado/kv260_ispMipiRx_vcu_DP/project/kv260_ispMipiRx_vcu_DP.runs/bd_eab1_hsc_0_synth_1/prj/sol/.autopilot/db/v_hscaler.cpp:1634]   --->   Operation 63 'store' 'store_ln1634' <Predicate = true> <Delay = 0.42>
ST_6 : Operation 64 [1/1] (0.00ns)   --->   "%br_ln1634 = br void %VITIS_LOOP_1636_2" [/home/user/Documents/kria-vitis-platforms/kv260/platforms/vivado/kv260_ispMipiRx_vcu_DP/project/kv260_ispMipiRx_vcu_DP.runs/bd_eab1_hsc_0_synth_1/prj/sol/.autopilot/db/v_hscaler.cpp:1634]   --->   Operation 64 'br' 'br_ln1634' <Predicate = true> <Delay = 0.00>


============================================================
+ Verbose Summary: Binding
============================================================
STG Binding: 
---------------- STG Properties BEGIN ----------------
- Is combinational: 0
- Is one-state seq: 0
- Is datapath-only: 0
- Is pipelined: 0
- Is top level: 0
Port [ Return ] is wired: 1; IO mode=ap_ctrl_hs:ce=0
Port [ stream_in]:  wired=1; compound=1; hidden=0; nouse=0; global=0; static=0; extern=0; dir=0; type=3; pingpong=0; private_global=0; IO mode=ap_fifo:ce=0
Port [ Height]:  wired=1; compound=1; hidden=0; nouse=0; global=0; static=0; extern=0; dir=0; type=3; pingpong=0; private_global=0; IO mode=ap_fifo:ce=0
Port [ WidthIn]:  wired=1; compound=1; hidden=0; nouse=0; global=0; static=0; extern=0; dir=0; type=3; pingpong=0; private_global=0; IO mode=ap_fifo:ce=0
Port [ p_read]:  wired=1; compound=0; hidden=0; nouse=0; global=0; static=0; extern=0; dir=0; type=0; pingpong=0; private_global=0; IO mode=ap_none:ce=0
Port [ stream_upsampled]:  wired=1; compound=1; hidden=0; nouse=0; global=0; static=0; extern=0; dir=1; type=3; pingpong=0; private_global=0; IO mode=ap_fifo:ce=0
---------------- STG Properties END ------------------

---------------- Datapath Model BEGIN ----------------

<LifeTime>
<method=bitvector/>
y                                 (alloca           ) [ 0111111]
p_0_0_0_0_05321031_lcssa1053      (alloca           ) [ 0011111]
p_0_1_0_0_01033_lcssa1056         (alloca           ) [ 0011111]
p_0_2_0_0_01035_lcssa1059         (alloca           ) [ 0011111]
p_0_0_0_0_05321037_lcssa1062      (alloca           ) [ 0011111]
p_0_1_0_0_01039_lcssa1065         (alloca           ) [ 0011111]
p_0_1_0_0_01043_lcssa1068         (alloca           ) [ 0011111]
p_lcssa1089                       (alloca           ) [ 0011111]
p_lcssa10771095                   (alloca           ) [ 0011111]
p_lcssa10791101                   (alloca           ) [ 0011111]
p_lcssa10801104                   (alloca           ) [ 0011111]
p_0_0_0_0_0524_21081_lcssa1107    (alloca           ) [ 0011111]
p_0_0_0_0_0_21084_lcssa1110       (alloca           ) [ 0011111]
pixbuf_y_val_V                    (alloca           ) [ 0011111]
pixbuf_y_val_V_15                 (alloca           ) [ 0011111]
pixbuf_y_val_V_16                 (alloca           ) [ 0011111]
pixbuf_y_val_V_17                 (alloca           ) [ 0011111]
pixbuf_y_val_V_18                 (alloca           ) [ 0011111]
p_read_5                          (read             ) [ 0011111]
pixbuf_y_val_V_20_loc             (alloca           ) [ 0011111]
WidthIn_read                      (read             ) [ 0011111]
loopHeight                        (read             ) [ 0011111]
store_ln1634                      (store            ) [ 0000000]
specinterface_ln0                 (specinterface    ) [ 0000000]
specinterface_ln0                 (specinterface    ) [ 0000000]
specstablecontent_ln0             (specstablecontent) [ 0000000]
specstablecontent_ln0             (specstablecontent) [ 0000000]
specinterface_ln0                 (specinterface    ) [ 0000000]
specinterface_ln0                 (specinterface    ) [ 0000000]
select_ln1632                     (select           ) [ 0001111]
select_ln1632_2                   (select           ) [ 0000000]
loopWidth                         (add              ) [ 0000000]
trunc_ln1597                      (trunc            ) [ 0001111]
cmp361022                         (icmp             ) [ 0001111]
br_ln1634                         (br               ) [ 0000000]
y_4                               (load             ) [ 0000000]
zext_ln1634                       (zext             ) [ 0000000]
icmp_ln1634                       (icmp             ) [ 0001111]
speclooptripcount_ln0             (speclooptripcount) [ 0000000]
y_5                               (add              ) [ 0000111]
br_ln1634                         (br               ) [ 0000000]
specloopname_ln1610               (specloopname     ) [ 0000000]
br_ln1636                         (br               ) [ 0000000]
pixbuf_y_val_V_16_load            (load             ) [ 0000110]
pixbuf_y_val_V_17_load            (load             ) [ 0000110]
pixbuf_y_val_V_18_load            (load             ) [ 0000110]
empty                             (wait             ) [ 0000000]
ret_ln1792                        (ret              ) [ 0000000]
p_0_0_0_0_05321037_lcssa1062_load (load             ) [ 0000010]
pixbuf_y_val_V_load               (load             ) [ 0000010]
call_ln1597                       (call             ) [ 0000000]
pixbuf_y_val_V_20_loc_load        (load             ) [ 0000000]
store_ln0                         (store            ) [ 0000000]
store_ln0                         (store            ) [ 0000000]
br_ln0                            (br               ) [ 0000000]
store_ln1634                      (store            ) [ 0000000]
br_ln1634                         (br               ) [ 0000000]
</LifeTime>

<model>

<comp_list>
<comp id="0" class="1000" name="stream_in">
<pin_list>
<pin id="1" dir="1" index="0" bw="1" slack="0"/>
</pin_list>
<bind>
<StgValue><ssdm name="stream_in"/></StgValue>
</bind>
</comp>

<comp id="2" class="1000" name="Height">
<pin_list>
<pin id="3" dir="1" index="0" bw="1" slack="0"/>
</pin_list>
<bind>
<StgValue><ssdm name="Height"/></StgValue>
</bind>
</comp>

<comp id="4" class="1000" name="WidthIn">
<pin_list>
<pin id="5" dir="1" index="0" bw="1" slack="0"/>
</pin_list>
<bind>
<StgValue><ssdm name="WidthIn"/></StgValue>
</bind>
</comp>

<comp id="6" class="1000" name="p_read">
<pin_list>
<pin id="7" dir="1" index="0" bw="1" slack="0"/>
</pin_list>
<bind>
<StgValue><ssdm name="p_read"/></StgValue>
</bind>
</comp>

<comp id="8" class="1000" name="stream_upsampled">
<pin_list>
<pin id="9" dir="1" index="0" bw="1" slack="0"/>
</pin_list>
<bind>
<StgValue><ssdm name="stream_upsampled"/></StgValue>
</bind>
</comp>

<comp id="10" class="1001" name="const_10">
<pin_list>
<pin id="11" dir="1" index="0" bw="1" slack="0"/>
</pin_list>
<bind>
<StgValue><ssdm name=""/></StgValue>
</bind>
</comp>

<comp id="12" class="1001" name="const_12">
<pin_list>
<pin id="13" dir="1" index="0" bw="1" slack="0"/>
</pin_list>
<bind>
<StgValue><ssdm name="_ssdm_op_Read.ap_auto.i1"/></StgValue>
</bind>
</comp>

<comp id="14" class="1001" name="const_14">
<pin_list>
<pin id="15" dir="1" index="0" bw="1" slack="0"/>
</pin_list>
<bind>
<StgValue><ssdm name=""/></StgValue>
</bind>
</comp>

<comp id="16" class="1001" name="const_16">
<pin_list>
<pin id="17" dir="1" index="0" bw="1" slack="0"/>
</pin_list>
<bind>
<StgValue><ssdm name="_ssdm_op_Read.ap_fifo.i16P0A"/></StgValue>
</bind>
</comp>

<comp id="18" class="1001" name="const_18">
<pin_list>
<pin id="19" dir="1" index="0" bw="1" slack="0"/>
</pin_list>
<bind>
<StgValue><ssdm name=""/></StgValue>
</bind>
</comp>

<comp id="20" class="1001" name="const_20">
<pin_list>
<pin id="21" dir="1" index="0" bw="1" slack="2147483647"/>
</pin_list>
<bind>
<StgValue><ssdm name="_ssdm_op_SpecInterface"/></StgValue>
</bind>
</comp>

<comp id="22" class="1001" name="const_22">
<pin_list>
<pin id="23" dir="1" index="0" bw="1" slack="2147483647"/>
</pin_list>
<bind>
<StgValue><ssdm name="ap_fifo_str"/></StgValue>
</bind>
</comp>

<comp id="24" class="1001" name="const_24">
<pin_list>
<pin id="25" dir="1" index="0" bw="1" slack="2147483647"/>
</pin_list>
<bind>
<StgValue><ssdm name=""/></StgValue>
</bind>
</comp>

<comp id="26" class="1001" name="const_26">
<pin_list>
<pin id="27" dir="1" index="0" bw="1" slack="2147483647"/>
</pin_list>
<bind>
<StgValue><ssdm name="p_str"/></StgValue>
</bind>
</comp>

<comp id="28" class="1001" name="const_28">
<pin_list>
<pin id="29" dir="1" index="0" bw="1" slack="2147483647"/>
</pin_list>
<bind>
<StgValue><ssdm name=""/></StgValue>
</bind>
</comp>

<comp id="30" class="1001" name="const_30">
<pin_list>
<pin id="31" dir="1" index="0" bw="1" slack="2147483647"/>
</pin_list>
<bind>
<StgValue><ssdm name=""/></StgValue>
</bind>
</comp>

<comp id="32" class="1001" name="const_32">
<pin_list>
<pin id="33" dir="1" index="0" bw="1" slack="2147483647"/>
</pin_list>
<bind>
<StgValue><ssdm name="ScalarProp_str"/></StgValue>
</bind>
</comp>

<comp id="34" class="1001" name="const_34">
<pin_list>
<pin id="35" dir="1" index="0" bw="1" slack="2147483647"/>
</pin_list>
<bind>
<StgValue><ssdm name=""/></StgValue>
</bind>
</comp>

<comp id="36" class="1001" name="const_36">
<pin_list>
<pin id="37" dir="1" index="0" bw="1" slack="2147483647"/>
</pin_list>
<bind>
<StgValue><ssdm name="_ssdm_op_SpecStableContent"/></StgValue>
</bind>
</comp>

<comp id="38" class="1001" name="const_38">
<pin_list>
<pin id="39" dir="1" index="0" bw="1" slack="2147483647"/>
</pin_list>
<bind>
<StgValue><ssdm name=""/></StgValue>
</bind>
</comp>

<comp id="40" class="1001" name="const_40">
<pin_list>
<pin id="41" dir="1" index="0" bw="1" slack="2147483647"/>
</pin_list>
<bind>
<StgValue><ssdm name="empty_14"/></StgValue>
</bind>
</comp>

<comp id="42" class="1001" name="const_42">
<pin_list>
<pin id="43" dir="1" index="0" bw="1" slack="2147483647"/>
</pin_list>
<bind>
<StgValue><ssdm name="empty_25"/></StgValue>
</bind>
</comp>

<comp id="44" class="1001" name="const_44">
<pin_list>
<pin id="45" dir="1" index="0" bw="1" slack="0"/>
</pin_list>
<bind>
<StgValue><ssdm name=""/></StgValue>
</bind>
</comp>

<comp id="46" class="1001" name="const_46">
<pin_list>
<pin id="47" dir="1" index="0" bw="1" slack="0"/>
</pin_list>
<bind>
<StgValue><ssdm name=""/></StgValue>
</bind>
</comp>

<comp id="48" class="1001" name="const_48">
<pin_list>
<pin id="49" dir="1" index="0" bw="1" slack="0"/>
</pin_list>
<bind>
<StgValue><ssdm name=""/></StgValue>
</bind>
</comp>

<comp id="50" class="1001" name="const_50">
<pin_list>
<pin id="51" dir="1" index="0" bw="1" slack="0"/>
</pin_list>
<bind>
<StgValue><ssdm name=""/></StgValue>
</bind>
</comp>

<comp id="52" class="1001" name="const_52">
<pin_list>
<pin id="53" dir="1" index="0" bw="1" slack="2147483647"/>
</pin_list>
<bind>
<StgValue><ssdm name="_ssdm_op_SpecLoopTripCount"/></StgValue>
</bind>
</comp>

<comp id="54" class="1001" name="const_54">
<pin_list>
<pin id="55" dir="1" index="0" bw="1" slack="2147483647"/>
</pin_list>
<bind>
<StgValue><ssdm name=""/></StgValue>
</bind>
</comp>

<comp id="56" class="1001" name="const_56">
<pin_list>
<pin id="57" dir="1" index="0" bw="1" slack="2147483647"/>
</pin_list>
<bind>
<StgValue><ssdm name=""/></StgValue>
</bind>
</comp>

<comp id="58" class="1001" name="const_58">
<pin_list>
<pin id="59" dir="1" index="0" bw="1" slack="0"/>
</pin_list>
<bind>
<StgValue><ssdm name=""/></StgValue>
</bind>
</comp>

<comp id="60" class="1001" name="const_60">
<pin_list>
<pin id="61" dir="1" index="0" bw="1" slack="2147483647"/>
</pin_list>
<bind>
<StgValue><ssdm name="_ssdm_op_SpecLoopName"/></StgValue>
</bind>
</comp>

<comp id="62" class="1001" name="const_62">
<pin_list>
<pin id="63" dir="1" index="0" bw="1" slack="2147483647"/>
</pin_list>
<bind>
<StgValue><ssdm name="empty_23"/></StgValue>
</bind>
</comp>

<comp id="64" class="1001" name="const_64">
<pin_list>
<pin id="65" dir="1" index="0" bw="1" slack="2147483647"/>
</pin_list>
<bind>
<StgValue><ssdm name="_ssdm_op_Wait"/></StgValue>
</bind>
</comp>

<comp id="66" class="1001" name="const_66">
<pin_list>
<pin id="67" dir="1" index="0" bw="1" slack="0"/>
</pin_list>
<bind>
<StgValue><ssdm name="v_hcresampler_core_Pipeline_VITIS_LOOP_1636_2"/></StgValue>
</bind>
</comp>

<comp id="68" class="1004" name="y_fu_68">
<pin_list>
<pin id="69" dir="0" index="0" bw="1" slack="0"/>
<pin id="70" dir="1" index="1" bw="15" slack="0"/>
</pin_list>
<bind>
<opcode="alloca(26) " fcode="alloca"/>
<opset="y/1 "/>
</bind>
</comp>

<comp id="72" class="1004" name="p_0_0_0_0_05321031_lcssa1053_fu_72">
<pin_list>
<pin id="73" dir="0" index="0" bw="1" slack="0"/>
<pin id="74" dir="1" index="1" bw="8" slack="3"/>
</pin_list>
<bind>
<opcode="alloca(26) " fcode="alloca"/>
<opset="p_0_0_0_0_05321031_lcssa1053/1 "/>
</bind>
</comp>

<comp id="76" class="1004" name="p_0_1_0_0_01033_lcssa1056_fu_76">
<pin_list>
<pin id="77" dir="0" index="0" bw="1" slack="0"/>
<pin id="78" dir="1" index="1" bw="8" slack="3"/>
</pin_list>
<bind>
<opcode="alloca(26) " fcode="alloca"/>
<opset="p_0_1_0_0_01033_lcssa1056/1 "/>
</bind>
</comp>

<comp id="80" class="1004" name="p_0_2_0_0_01035_lcssa1059_fu_80">
<pin_list>
<pin id="81" dir="0" index="0" bw="1" slack="0"/>
<pin id="82" dir="1" index="1" bw="8" slack="3"/>
</pin_list>
<bind>
<opcode="alloca(26) " fcode="alloca"/>
<opset="p_0_2_0_0_01035_lcssa1059/1 "/>
</bind>
</comp>

<comp id="84" class="1004" name="p_0_0_0_0_05321037_lcssa1062_fu_84">
<pin_list>
<pin id="85" dir="0" index="0" bw="1" slack="0"/>
<pin id="86" dir="1" index="1" bw="8" slack="3"/>
</pin_list>
<bind>
<opcode="alloca(26) " fcode="alloca"/>
<opset="p_0_0_0_0_05321037_lcssa1062/1 "/>
</bind>
</comp>

<comp id="88" class="1004" name="p_0_1_0_0_01039_lcssa1065_fu_88">
<pin_list>
<pin id="89" dir="0" index="0" bw="1" slack="0"/>
<pin id="90" dir="1" index="1" bw="8" slack="3"/>
</pin_list>
<bind>
<opcode="alloca(26) " fcode="alloca"/>
<opset="p_0_1_0_0_01039_lcssa1065/1 "/>
</bind>
</comp>

<comp id="92" class="1004" name="p_0_1_0_0_01043_lcssa1068_fu_92">
<pin_list>
<pin id="93" dir="0" index="0" bw="1" slack="0"/>
<pin id="94" dir="1" index="1" bw="8" slack="3"/>
</pin_list>
<bind>
<opcode="alloca(26) " fcode="alloca"/>
<opset="p_0_1_0_0_01043_lcssa1068/1 "/>
</bind>
</comp>

<comp id="96" class="1004" name="p_lcssa1089_fu_96">
<pin_list>
<pin id="97" dir="0" index="0" bw="1" slack="0"/>
<pin id="98" dir="1" index="1" bw="8" slack="3"/>
</pin_list>
<bind>
<opcode="alloca(26) " fcode="alloca"/>
<opset="p_lcssa1089/1 "/>
</bind>
</comp>

<comp id="100" class="1004" name="p_lcssa10771095_fu_100">
<pin_list>
<pin id="101" dir="0" index="0" bw="1" slack="0"/>
<pin id="102" dir="1" index="1" bw="8" slack="3"/>
</pin_list>
<bind>
<opcode="alloca(26) " fcode="alloca"/>
<opset="p_lcssa10771095/1 "/>
</bind>
</comp>

<comp id="104" class="1004" name="p_lcssa10791101_fu_104">
<pin_list>
<pin id="105" dir="0" index="0" bw="1" slack="0"/>
<pin id="106" dir="1" index="1" bw="8" slack="3"/>
</pin_list>
<bind>
<opcode="alloca(26) " fcode="alloca"/>
<opset="p_lcssa10791101/1 "/>
</bind>
</comp>

<comp id="108" class="1004" name="p_lcssa10801104_fu_108">
<pin_list>
<pin id="109" dir="0" index="0" bw="1" slack="0"/>
<pin id="110" dir="1" index="1" bw="8" slack="3"/>
</pin_list>
<bind>
<opcode="alloca(26) " fcode="alloca"/>
<opset="p_lcssa10801104/1 "/>
</bind>
</comp>

<comp id="112" class="1004" name="p_0_0_0_0_0524_21081_lcssa1107_fu_112">
<pin_list>
<pin id="113" dir="0" index="0" bw="1" slack="0"/>
<pin id="114" dir="1" index="1" bw="8" slack="3"/>
</pin_list>
<bind>
<opcode="alloca(26) " fcode="alloca"/>
<opset="p_0_0_0_0_0524_21081_lcssa1107/1 "/>
</bind>
</comp>

<comp id="116" class="1004" name="p_0_0_0_0_0_21084_lcssa1110_fu_116">
<pin_list>
<pin id="117" dir="0" index="0" bw="1" slack="0"/>
<pin id="118" dir="1" index="1" bw="8" slack="3"/>
</pin_list>
<bind>
<opcode="alloca(26) " fcode="alloca"/>
<opset="p_0_0_0_0_0_21084_lcssa1110/1 "/>
</bind>
</comp>

<comp id="120" class="1004" name="pixbuf_y_val_V_fu_120">
<pin_list>
<pin id="121" dir="0" index="0" bw="1" slack="0"/>
<pin id="122" dir="1" index="1" bw="8" slack="3"/>
</pin_list>
<bind>
<opcode="alloca(26) " fcode="alloca"/>
<opset="pixbuf_y_val_V/1 "/>
</bind>
</comp>

<comp id="124" class="1004" name="pixbuf_y_val_V_15_fu_124">
<pin_list>
<pin id="125" dir="0" index="0" bw="1" slack="0"/>
<pin id="126" dir="1" index="1" bw="8" slack="3"/>
</pin_list>
<bind>
<opcode="alloca(26) " fcode="alloca"/>
<opset="pixbuf_y_val_V_15/1 "/>
</bind>
</comp>

<comp id="128" class="1004" name="pixbuf_y_val_V_16_fu_128">
<pin_list>
<pin id="129" dir="0" index="0" bw="1" slack="0"/>
<pin id="130" dir="1" index="1" bw="8" slack="2"/>
</pin_list>
<bind>
<opcode="alloca(26) " fcode="alloca"/>
<opset="pixbuf_y_val_V_16/1 "/>
</bind>
</comp>

<comp id="132" class="1004" name="pixbuf_y_val_V_17_fu_132">
<pin_list>
<pin id="133" dir="0" index="0" bw="1" slack="0"/>
<pin id="134" dir="1" index="1" bw="8" slack="2"/>
</pin_list>
<bind>
<opcode="alloca(26) " fcode="alloca"/>
<opset="pixbuf_y_val_V_17/1 "/>
</bind>
</comp>

<comp id="136" class="1004" name="pixbuf_y_val_V_18_fu_136">
<pin_list>
<pin id="137" dir="0" index="0" bw="1" slack="0"/>
<pin id="138" dir="1" index="1" bw="8" slack="2"/>
</pin_list>
<bind>
<opcode="alloca(26) " fcode="alloca"/>
<opset="pixbuf_y_val_V_18/1 "/>
</bind>
</comp>

<comp id="140" class="1004" name="pixbuf_y_val_V_20_loc_fu_140">
<pin_list>
<pin id="141" dir="0" index="0" bw="1" slack="0"/>
<pin id="142" dir="1" index="1" bw="8" slack="3"/>
</pin_list>
<bind>
<opcode="alloca(26) " fcode="alloca"/>
<opset="pixbuf_y_val_V_20_loc/1 "/>
</bind>
</comp>

<comp id="144" class="1004" name="p_read_5_read_fu_144">
<pin_list>
<pin id="145" dir="0" index="0" bw="1" slack="0"/>
<pin id="146" dir="0" index="1" bw="1" slack="0"/>
<pin id="147" dir="1" index="2" bw="1" slack="1"/>
</pin_list>
<bind>
<opcode="read(1150) " fcode="read"/>
<opset="p_read_5/1 "/>
</bind>
</comp>

<comp id="150" class="1004" name="WidthIn_read_read_fu_150">
<pin_list>
<pin id="151" dir="0" index="0" bw="16" slack="0"/>
<pin id="152" dir="0" index="1" bw="16" slack="0"/>
<pin id="153" dir="1" index="2" bw="16" slack="1"/>
</pin_list>
<bind>
<opcode="read(1150) " fcode="read"/>
<opset="WidthIn_read/1 "/>
</bind>
</comp>

<comp id="156" class="1004" name="loopHeight_read_fu_156">
<pin_list>
<pin id="157" dir="0" index="0" bw="16" slack="0"/>
<pin id="158" dir="0" index="1" bw="16" slack="0"/>
<pin id="159" dir="1" index="2" bw="16" slack="2"/>
</pin_list>
<bind>
<opcode="read(1150) " fcode="read"/>
<opset="loopHeight/1 "/>
</bind>
</comp>

<comp id="162" class="1004" name="grp_v_hcresampler_core_Pipeline_VITIS_LOOP_1636_2_fu_162">
<pin_list>
<pin id="163" dir="0" index="0" bw="0" slack="0"/>
<pin id="164" dir="0" index="1" bw="8" slack="2"/>
<pin id="165" dir="0" index="2" bw="8" slack="2"/>
<pin id="166" dir="0" index="3" bw="8" slack="2"/>
<pin id="167" dir="0" index="4" bw="8" slack="0"/>
<pin id="168" dir="0" index="5" bw="8" slack="0"/>
<pin id="169" dir="0" index="6" bw="15" slack="2"/>
<pin id="170" dir="0" index="7" bw="3" slack="2"/>
<pin id="171" dir="0" index="8" bw="16" slack="3"/>
<pin id="172" dir="0" index="9" bw="24" slack="0"/>
<pin id="173" dir="0" index="10" bw="24" slack="0"/>
<pin id="174" dir="0" index="11" bw="1" slack="3"/>
<pin id="175" dir="0" index="12" bw="8" slack="3"/>
<pin id="176" dir="0" index="13" bw="8" slack="3"/>
<pin id="177" dir="0" index="14" bw="8" slack="3"/>
<pin id="178" dir="0" index="15" bw="8" slack="3"/>
<pin id="179" dir="0" index="16" bw="8" slack="3"/>
<pin id="180" dir="0" index="17" bw="8" slack="3"/>
<pin id="181" dir="0" index="18" bw="8" slack="3"/>
<pin id="182" dir="0" index="19" bw="8" slack="3"/>
<pin id="183" dir="0" index="20" bw="8" slack="3"/>
<pin id="184" dir="0" index="21" bw="8" slack="3"/>
<pin id="185" dir="0" index="22" bw="8" slack="3"/>
<pin id="186" dir="0" index="23" bw="8" slack="3"/>
<pin id="187" dir="0" index="24" bw="8" slack="3"/>
<pin id="188" dir="0" index="25" bw="8" slack="3"/>
<pin id="189" dir="0" index="26" bw="8" slack="3"/>
<pin id="190" dir="0" index="27" bw="8" slack="3"/>
<pin id="191" dir="1" index="28" bw="0" slack="2147483647"/>
</pin_list>
<bind>
<opcode="call(48) " fcode="call"/>
<opset="call_ln1597/4 "/>
</bind>
</comp>

<comp id="195" class="1004" name="store_ln1634_store_fu_195">
<pin_list>
<pin id="196" dir="0" index="0" bw="1" slack="0"/>
<pin id="197" dir="0" index="1" bw="15" slack="0"/>
<pin id="198" dir="1" index="2" bw="0" slack="2147483647"/>
</pin_list>
<bind>
<opcode="store(28) " fcode="store"/>
<opset="store_ln1634/1 "/>
</bind>
</comp>

<comp id="200" class="1004" name="select_ln1632_fu_200">
<pin_list>
<pin id="201" dir="0" index="0" bw="1" slack="1"/>
<pin id="202" dir="0" index="1" bw="3" slack="0"/>
<pin id="203" dir="0" index="2" bw="3" slack="0"/>
<pin id="204" dir="1" index="3" bw="3" slack="2"/>
</pin_list>
<bind>
<opcode="select(49) " fcode="select"/>
<opset="select_ln1632/2 "/>
</bind>
</comp>

<comp id="207" class="1004" name="select_ln1632_2_fu_207">
<pin_list>
<pin id="208" dir="0" index="0" bw="1" slack="1"/>
<pin id="209" dir="0" index="1" bw="16" slack="0"/>
<pin id="210" dir="0" index="2" bw="16" slack="0"/>
<pin id="211" dir="1" index="3" bw="16" slack="0"/>
</pin_list>
<bind>
<opcode="select(49) " fcode="select"/>
<opset="select_ln1632_2/2 "/>
</bind>
</comp>

<comp id="214" class="1004" name="loopWidth_fu_214">
<pin_list>
<pin id="215" dir="0" index="0" bw="16" slack="1"/>
<pin id="216" dir="0" index="1" bw="4" slack="0"/>
<pin id="217" dir="1" index="2" bw="16" slack="0"/>
</pin_list>
<bind>
<opcode="add(8) " fcode="add"/>
<opset="loopWidth/2 "/>
</bind>
</comp>

<comp id="219" class="1004" name="trunc_ln1597_fu_219">
<pin_list>
<pin id="220" dir="0" index="0" bw="16" slack="0"/>
<pin id="221" dir="1" index="1" bw="15" slack="2"/>
</pin_list>
<bind>
<opcode="trunc(33) " fcode="trunc"/>
<opset="trunc_ln1597/2 "/>
</bind>
</comp>

<comp id="223" class="1004" name="cmp361022_fu_223">
<pin_list>
<pin id="224" dir="0" index="0" bw="16" slack="0"/>
<pin id="225" dir="0" index="1" bw="16" slack="0"/>
<pin id="226" dir="1" index="2" bw="1" slack="1"/>
</pin_list>
<bind>
<opcode="icmp(45) " fcode="icmp"/>
<opset="cmp361022/2 "/>
</bind>
</comp>

<comp id="229" class="1004" name="y_4_load_fu_229">
<pin_list>
<pin id="230" dir="0" index="0" bw="15" slack="2"/>
<pin id="231" dir="1" index="1" bw="15" slack="0"/>
</pin_list>
<bind>
<opcode="load(27) " fcode="load"/>
<opset="y_4/3 "/>
</bind>
</comp>

<comp id="232" class="1004" name="zext_ln1634_fu_232">
<pin_list>
<pin id="233" dir="0" index="0" bw="15" slack="0"/>
<pin id="234" dir="1" index="1" bw="16" slack="0"/>
</pin_list>
<bind>
<opcode="zext(34) " fcode="zext"/>
<opset="zext_ln1634/3 "/>
</bind>
</comp>

<comp id="236" class="1004" name="icmp_ln1634_fu_236">
<pin_list>
<pin id="237" dir="0" index="0" bw="16" slack="0"/>
<pin id="238" dir="0" index="1" bw="16" slack="2"/>
<pin id="239" dir="1" index="2" bw="1" slack="2147483647"/>
</pin_list>
<bind>
<opcode="icmp(45) " fcode="icmp"/>
<opset="icmp_ln1634/3 "/>
</bind>
</comp>

<comp id="241" class="1004" name="y_5_fu_241">
<pin_list>
<pin id="242" dir="0" index="0" bw="15" slack="0"/>
<pin id="243" dir="0" index="1" bw="1" slack="0"/>
<pin id="244" dir="1" index="2" bw="15" slack="3"/>
</pin_list>
<bind>
<opcode="add(8) " fcode="add"/>
<opset="y_5/3 "/>
</bind>
</comp>

<comp id="247" class="1004" name="pixbuf_y_val_V_16_load_load_fu_247">
<pin_list>
<pin id="248" dir="0" index="0" bw="8" slack="2"/>
<pin id="249" dir="1" index="1" bw="8" slack="2"/>
</pin_list>
<bind>
<opcode="load(27) " fcode="load"/>
<opset="pixbuf_y_val_V_16_load/3 "/>
</bind>
</comp>

<comp id="250" class="1004" name="pixbuf_y_val_V_17_load_load_fu_250">
<pin_list>
<pin id="251" dir="0" index="0" bw="8" slack="2"/>
<pin id="252" dir="1" index="1" bw="8" slack="2"/>
</pin_list>
<bind>
<opcode="load(27) " fcode="load"/>
<opset="pixbuf_y_val_V_17_load/3 "/>
</bind>
</comp>

<comp id="253" class="1004" name="pixbuf_y_val_V_18_load_load_fu_253">
<pin_list>
<pin id="254" dir="0" index="0" bw="8" slack="2"/>
<pin id="255" dir="1" index="1" bw="8" slack="2"/>
</pin_list>
<bind>
<opcode="load(27) " fcode="load"/>
<opset="pixbuf_y_val_V_18_load/3 "/>
</bind>
</comp>

<comp id="256" class="1004" name="p_0_0_0_0_05321037_lcssa1062_load_load_fu_256">
<pin_list>
<pin id="257" dir="0" index="0" bw="8" slack="3"/>
<pin id="258" dir="1" index="1" bw="8" slack="0"/>
</pin_list>
<bind>
<opcode="load(27) " fcode="load"/>
<opset="p_0_0_0_0_05321037_lcssa1062_load/4 "/>
</bind>
</comp>

<comp id="260" class="1004" name="pixbuf_y_val_V_load_load_fu_260">
<pin_list>
<pin id="261" dir="0" index="0" bw="8" slack="3"/>
<pin id="262" dir="1" index="1" bw="8" slack="0"/>
</pin_list>
<bind>
<opcode="load(27) " fcode="load"/>
<opset="pixbuf_y_val_V_load/4 "/>
</bind>
</comp>

<comp id="264" class="1004" name="pixbuf_y_val_V_20_loc_load_load_fu_264">
<pin_list>
<pin id="265" dir="0" index="0" bw="8" slack="5"/>
<pin id="266" dir="1" index="1" bw="8" slack="0"/>
</pin_list>
<bind>
<opcode="load(27) " fcode="load"/>
<opset="pixbuf_y_val_V_20_loc_load/6 "/>
</bind>
</comp>

<comp id="267" class="1004" name="store_ln0_store_fu_267">
<pin_list>
<pin id="268" dir="0" index="0" bw="8" slack="0"/>
<pin id="269" dir="0" index="1" bw="8" slack="5"/>
<pin id="270" dir="1" index="2" bw="0" slack="2147483647"/>
</pin_list>
<bind>
<opcode="store(28) " fcode="store"/>
<opset="store_ln0/6 "/>
</bind>
</comp>

<comp id="272" class="1004" name="store_ln0_store_fu_272">
<pin_list>
<pin id="273" dir="0" index="0" bw="8" slack="0"/>
<pin id="274" dir="0" index="1" bw="8" slack="5"/>
<pin id="275" dir="1" index="2" bw="0" slack="2147483647"/>
</pin_list>
<bind>
<opcode="store(28) " fcode="store"/>
<opset="store_ln0/6 "/>
</bind>
</comp>

<comp id="277" class="1004" name="store_ln1634_store_fu_277">
<pin_list>
<pin id="278" dir="0" index="0" bw="15" slack="3"/>
<pin id="279" dir="0" index="1" bw="15" slack="5"/>
<pin id="280" dir="1" index="2" bw="0" slack="2147483647"/>
</pin_list>
<bind>
<opcode="store(28) " fcode="store"/>
<opset="store_ln1634/6 "/>
</bind>
</comp>

<comp id="281" class="1005" name="y_reg_281">
<pin_list>
<pin id="282" dir="0" index="0" bw="15" slack="0"/>
<pin id="283" dir="1" index="1" bw="15" slack="0"/>
</pin_list>
<bind>
<opset="y "/>
</bind>
</comp>

<comp id="288" class="1005" name="p_0_0_0_0_05321031_lcssa1053_reg_288">
<pin_list>
<pin id="289" dir="0" index="0" bw="8" slack="3"/>
<pin id="290" dir="1" index="1" bw="8" slack="3"/>
</pin_list>
<bind>
<opset="p_0_0_0_0_05321031_lcssa1053 "/>
</bind>
</comp>

<comp id="293" class="1005" name="p_0_1_0_0_01033_lcssa1056_reg_293">
<pin_list>
<pin id="294" dir="0" index="0" bw="8" slack="3"/>
<pin id="295" dir="1" index="1" bw="8" slack="3"/>
</pin_list>
<bind>
<opset="p_0_1_0_0_01033_lcssa1056 "/>
</bind>
</comp>

<comp id="298" class="1005" name="p_0_2_0_0_01035_lcssa1059_reg_298">
<pin_list>
<pin id="299" dir="0" index="0" bw="8" slack="3"/>
<pin id="300" dir="1" index="1" bw="8" slack="3"/>
</pin_list>
<bind>
<opset="p_0_2_0_0_01035_lcssa1059 "/>
</bind>
</comp>

<comp id="303" class="1005" name="p_0_0_0_0_05321037_lcssa1062_reg_303">
<pin_list>
<pin id="304" dir="0" index="0" bw="8" slack="3"/>
<pin id="305" dir="1" index="1" bw="8" slack="3"/>
</pin_list>
<bind>
<opset="p_0_0_0_0_05321037_lcssa1062 "/>
</bind>
</comp>

<comp id="309" class="1005" name="p_0_1_0_0_01039_lcssa1065_reg_309">
<pin_list>
<pin id="310" dir="0" index="0" bw="8" slack="3"/>
<pin id="311" dir="1" index="1" bw="8" slack="3"/>
</pin_list>
<bind>
<opset="p_0_1_0_0_01039_lcssa1065 "/>
</bind>
</comp>

<comp id="314" class="1005" name="p_0_1_0_0_01043_lcssa1068_reg_314">
<pin_list>
<pin id="315" dir="0" index="0" bw="8" slack="3"/>
<pin id="316" dir="1" index="1" bw="8" slack="3"/>
</pin_list>
<bind>
<opset="p_0_1_0_0_01043_lcssa1068 "/>
</bind>
</comp>

<comp id="319" class="1005" name="p_lcssa1089_reg_319">
<pin_list>
<pin id="320" dir="0" index="0" bw="8" slack="3"/>
<pin id="321" dir="1" index="1" bw="8" slack="3"/>
</pin_list>
<bind>
<opset="p_lcssa1089 "/>
</bind>
</comp>

<comp id="324" class="1005" name="p_lcssa10771095_reg_324">
<pin_list>
<pin id="325" dir="0" index="0" bw="8" slack="3"/>
<pin id="326" dir="1" index="1" bw="8" slack="3"/>
</pin_list>
<bind>
<opset="p_lcssa10771095 "/>
</bind>
</comp>

<comp id="329" class="1005" name="p_lcssa10791101_reg_329">
<pin_list>
<pin id="330" dir="0" index="0" bw="8" slack="3"/>
<pin id="331" dir="1" index="1" bw="8" slack="3"/>
</pin_list>
<bind>
<opset="p_lcssa10791101 "/>
</bind>
</comp>

<comp id="334" class="1005" name="p_lcssa10801104_reg_334">
<pin_list>
<pin id="335" dir="0" index="0" bw="8" slack="3"/>
<pin id="336" dir="1" index="1" bw="8" slack="3"/>
</pin_list>
<bind>
<opset="p_lcssa10801104 "/>
</bind>
</comp>

<comp id="339" class="1005" name="p_0_0_0_0_0524_21081_lcssa1107_reg_339">
<pin_list>
<pin id="340" dir="0" index="0" bw="8" slack="3"/>
<pin id="341" dir="1" index="1" bw="8" slack="3"/>
</pin_list>
<bind>
<opset="p_0_0_0_0_0524_21081_lcssa1107 "/>
</bind>
</comp>

<comp id="344" class="1005" name="p_0_0_0_0_0_21084_lcssa1110_reg_344">
<pin_list>
<pin id="345" dir="0" index="0" bw="8" slack="3"/>
<pin id="346" dir="1" index="1" bw="8" slack="3"/>
</pin_list>
<bind>
<opset="p_0_0_0_0_0_21084_lcssa1110 "/>
</bind>
</comp>

<comp id="349" class="1005" name="pixbuf_y_val_V_reg_349">
<pin_list>
<pin id="350" dir="0" index="0" bw="8" slack="3"/>
<pin id="351" dir="1" index="1" bw="8" slack="3"/>
</pin_list>
<bind>
<opset="pixbuf_y_val_V "/>
</bind>
</comp>

<comp id="355" class="1005" name="pixbuf_y_val_V_15_reg_355">
<pin_list>
<pin id="356" dir="0" index="0" bw="8" slack="3"/>
<pin id="357" dir="1" index="1" bw="8" slack="3"/>
</pin_list>
<bind>
<opset="pixbuf_y_val_V_15 "/>
</bind>
</comp>

<comp id="360" class="1005" name="pixbuf_y_val_V_16_reg_360">
<pin_list>
<pin id="361" dir="0" index="0" bw="8" slack="2"/>
<pin id="362" dir="1" index="1" bw="8" slack="2"/>
</pin_list>
<bind>
<opset="pixbuf_y_val_V_16 "/>
</bind>
</comp>

<comp id="366" class="1005" name="pixbuf_y_val_V_17_reg_366">
<pin_list>
<pin id="367" dir="0" index="0" bw="8" slack="2"/>
<pin id="368" dir="1" index="1" bw="8" slack="2"/>
</pin_list>
<bind>
<opset="pixbuf_y_val_V_17 "/>
</bind>
</comp>

<comp id="372" class="1005" name="pixbuf_y_val_V_18_reg_372">
<pin_list>
<pin id="373" dir="0" index="0" bw="8" slack="2"/>
<pin id="374" dir="1" index="1" bw="8" slack="2"/>
</pin_list>
<bind>
<opset="pixbuf_y_val_V_18 "/>
</bind>
</comp>

<comp id="378" class="1005" name="p_read_5_reg_378">
<pin_list>
<pin id="379" dir="0" index="0" bw="1" slack="1"/>
<pin id="380" dir="1" index="1" bw="1" slack="1"/>
</pin_list>
<bind>
<opset="p_read_5 "/>
</bind>
</comp>

<comp id="385" class="1005" name="pixbuf_y_val_V_20_loc_reg_385">
<pin_list>
<pin id="386" dir="0" index="0" bw="8" slack="3"/>
<pin id="387" dir="1" index="1" bw="8" slack="3"/>
</pin_list>
<bind>
<opset="pixbuf_y_val_V_20_loc "/>
</bind>
</comp>

<comp id="391" class="1005" name="WidthIn_read_reg_391">
<pin_list>
<pin id="392" dir="0" index="0" bw="16" slack="1"/>
<pin id="393" dir="1" index="1" bw="16" slack="1"/>
</pin_list>
<bind>
<opset="WidthIn_read "/>
</bind>
</comp>

<comp id="397" class="1005" name="loopHeight_reg_397">
<pin_list>
<pin id="398" dir="0" index="0" bw="16" slack="2"/>
<pin id="399" dir="1" index="1" bw="16" slack="2"/>
</pin_list>
<bind>
<opset="loopHeight "/>
</bind>
</comp>

<comp id="402" class="1005" name="select_ln1632_reg_402">
<pin_list>
<pin id="403" dir="0" index="0" bw="3" slack="2"/>
<pin id="404" dir="1" index="1" bw="3" slack="2"/>
</pin_list>
<bind>
<opset="select_ln1632 "/>
</bind>
</comp>

<comp id="407" class="1005" name="trunc_ln1597_reg_407">
<pin_list>
<pin id="408" dir="0" index="0" bw="15" slack="2"/>
<pin id="409" dir="1" index="1" bw="15" slack="2"/>
</pin_list>
<bind>
<opset="trunc_ln1597 "/>
</bind>
</comp>

<comp id="412" class="1005" name="cmp361022_reg_412">
<pin_list>
<pin id="413" dir="0" index="0" bw="1" slack="1"/>
<pin id="414" dir="1" index="1" bw="1" slack="2147483647"/>
</pin_list>
<bind>
<opset="cmp361022 "/>
</bind>
</comp>

<comp id="419" class="1005" name="y_5_reg_419">
<pin_list>
<pin id="420" dir="0" index="0" bw="15" slack="3"/>
<pin id="421" dir="1" index="1" bw="15" slack="3"/>
</pin_list>
<bind>
<opset="y_5 "/>
</bind>
</comp>

<comp id="424" class="1005" name="pixbuf_y_val_V_16_load_reg_424">
<pin_list>
<pin id="425" dir="0" index="0" bw="8" slack="2"/>
<pin id="426" dir="1" index="1" bw="8" slack="2"/>
</pin_list>
<bind>
<opset="pixbuf_y_val_V_16_load "/>
</bind>
</comp>

<comp id="429" class="1005" name="pixbuf_y_val_V_17_load_reg_429">
<pin_list>
<pin id="430" dir="0" index="0" bw="8" slack="2"/>
<pin id="431" dir="1" index="1" bw="8" slack="2"/>
</pin_list>
<bind>
<opset="pixbuf_y_val_V_17_load "/>
</bind>
</comp>

<comp id="434" class="1005" name="pixbuf_y_val_V_18_load_reg_434">
<pin_list>
<pin id="435" dir="0" index="0" bw="8" slack="2"/>
<pin id="436" dir="1" index="1" bw="8" slack="2"/>
</pin_list>
<bind>
<opset="pixbuf_y_val_V_18_load "/>
</bind>
</comp>

</comp_list>

<net_list>
<net id="71"><net_src comp="10" pin="0"/><net_sink comp="68" pin=0"/></net>

<net id="75"><net_src comp="10" pin="0"/><net_sink comp="72" pin=0"/></net>

<net id="79"><net_src comp="10" pin="0"/><net_sink comp="76" pin=0"/></net>

<net id="83"><net_src comp="10" pin="0"/><net_sink comp="80" pin=0"/></net>

<net id="87"><net_src comp="10" pin="0"/><net_sink comp="84" pin=0"/></net>

<net id="91"><net_src comp="10" pin="0"/><net_sink comp="88" pin=0"/></net>

<net id="95"><net_src comp="10" pin="0"/><net_sink comp="92" pin=0"/></net>

<net id="99"><net_src comp="10" pin="0"/><net_sink comp="96" pin=0"/></net>

<net id="103"><net_src comp="10" pin="0"/><net_sink comp="100" pin=0"/></net>

<net id="107"><net_src comp="10" pin="0"/><net_sink comp="104" pin=0"/></net>

<net id="111"><net_src comp="10" pin="0"/><net_sink comp="108" pin=0"/></net>

<net id="115"><net_src comp="10" pin="0"/><net_sink comp="112" pin=0"/></net>

<net id="119"><net_src comp="10" pin="0"/><net_sink comp="116" pin=0"/></net>

<net id="123"><net_src comp="10" pin="0"/><net_sink comp="120" pin=0"/></net>

<net id="127"><net_src comp="10" pin="0"/><net_sink comp="124" pin=0"/></net>

<net id="131"><net_src comp="10" pin="0"/><net_sink comp="128" pin=0"/></net>

<net id="135"><net_src comp="10" pin="0"/><net_sink comp="132" pin=0"/></net>

<net id="139"><net_src comp="10" pin="0"/><net_sink comp="136" pin=0"/></net>

<net id="143"><net_src comp="14" pin="0"/><net_sink comp="140" pin=0"/></net>

<net id="148"><net_src comp="12" pin="0"/><net_sink comp="144" pin=0"/></net>

<net id="149"><net_src comp="6" pin="0"/><net_sink comp="144" pin=1"/></net>

<net id="154"><net_src comp="16" pin="0"/><net_sink comp="150" pin=0"/></net>

<net id="155"><net_src comp="4" pin="0"/><net_sink comp="150" pin=1"/></net>

<net id="160"><net_src comp="16" pin="0"/><net_sink comp="156" pin=0"/></net>

<net id="161"><net_src comp="2" pin="0"/><net_sink comp="156" pin=1"/></net>

<net id="192"><net_src comp="66" pin="0"/><net_sink comp="162" pin=0"/></net>

<net id="193"><net_src comp="0" pin="0"/><net_sink comp="162" pin=9"/></net>

<net id="194"><net_src comp="8" pin="0"/><net_sink comp="162" pin=10"/></net>

<net id="199"><net_src comp="18" pin="0"/><net_sink comp="195" pin=0"/></net>

<net id="205"><net_src comp="44" pin="0"/><net_sink comp="200" pin=1"/></net>

<net id="206"><net_src comp="46" pin="0"/><net_sink comp="200" pin=2"/></net>

<net id="212"><net_src comp="48" pin="0"/><net_sink comp="207" pin=1"/></net>

<net id="213"><net_src comp="50" pin="0"/><net_sink comp="207" pin=2"/></net>

<net id="218"><net_src comp="207" pin="3"/><net_sink comp="214" pin=1"/></net>

<net id="222"><net_src comp="214" pin="2"/><net_sink comp="219" pin=0"/></net>

<net id="227"><net_src comp="214" pin="2"/><net_sink comp="223" pin=0"/></net>

<net id="228"><net_src comp="48" pin="0"/><net_sink comp="223" pin=1"/></net>

<net id="235"><net_src comp="229" pin="1"/><net_sink comp="232" pin=0"/></net>

<net id="240"><net_src comp="232" pin="1"/><net_sink comp="236" pin=0"/></net>

<net id="245"><net_src comp="229" pin="1"/><net_sink comp="241" pin=0"/></net>

<net id="246"><net_src comp="58" pin="0"/><net_sink comp="241" pin=1"/></net>

<net id="259"><net_src comp="256" pin="1"/><net_sink comp="162" pin=5"/></net>

<net id="263"><net_src comp="260" pin="1"/><net_sink comp="162" pin=4"/></net>

<net id="271"><net_src comp="264" pin="1"/><net_sink comp="267" pin=0"/></net>

<net id="276"><net_src comp="264" pin="1"/><net_sink comp="272" pin=0"/></net>

<net id="284"><net_src comp="68" pin="1"/><net_sink comp="281" pin=0"/></net>

<net id="285"><net_src comp="281" pin="1"/><net_sink comp="195" pin=1"/></net>

<net id="286"><net_src comp="281" pin="1"/><net_sink comp="229" pin=0"/></net>

<net id="287"><net_src comp="281" pin="1"/><net_sink comp="277" pin=1"/></net>

<net id="291"><net_src comp="72" pin="1"/><net_sink comp="288" pin=0"/></net>

<net id="292"><net_src comp="288" pin="1"/><net_sink comp="162" pin=27"/></net>

<net id="296"><net_src comp="76" pin="1"/><net_sink comp="293" pin=0"/></net>

<net id="297"><net_src comp="293" pin="1"/><net_sink comp="162" pin=26"/></net>

<net id="301"><net_src comp="80" pin="1"/><net_sink comp="298" pin=0"/></net>

<net id="302"><net_src comp="298" pin="1"/><net_sink comp="162" pin=25"/></net>

<net id="306"><net_src comp="84" pin="1"/><net_sink comp="303" pin=0"/></net>

<net id="307"><net_src comp="303" pin="1"/><net_sink comp="256" pin=0"/></net>

<net id="308"><net_src comp="303" pin="1"/><net_sink comp="272" pin=1"/></net>

<net id="312"><net_src comp="88" pin="1"/><net_sink comp="309" pin=0"/></net>

<net id="313"><net_src comp="309" pin="1"/><net_sink comp="162" pin=24"/></net>

<net id="317"><net_src comp="92" pin="1"/><net_sink comp="314" pin=0"/></net>

<net id="318"><net_src comp="314" pin="1"/><net_sink comp="162" pin=23"/></net>

<net id="322"><net_src comp="96" pin="1"/><net_sink comp="319" pin=0"/></net>

<net id="323"><net_src comp="319" pin="1"/><net_sink comp="162" pin=22"/></net>

<net id="327"><net_src comp="100" pin="1"/><net_sink comp="324" pin=0"/></net>

<net id="328"><net_src comp="324" pin="1"/><net_sink comp="162" pin=21"/></net>

<net id="332"><net_src comp="104" pin="1"/><net_sink comp="329" pin=0"/></net>

<net id="333"><net_src comp="329" pin="1"/><net_sink comp="162" pin=20"/></net>

<net id="337"><net_src comp="108" pin="1"/><net_sink comp="334" pin=0"/></net>

<net id="338"><net_src comp="334" pin="1"/><net_sink comp="162" pin=19"/></net>

<net id="342"><net_src comp="112" pin="1"/><net_sink comp="339" pin=0"/></net>

<net id="343"><net_src comp="339" pin="1"/><net_sink comp="162" pin=18"/></net>

<net id="347"><net_src comp="116" pin="1"/><net_sink comp="344" pin=0"/></net>

<net id="348"><net_src comp="344" pin="1"/><net_sink comp="162" pin=17"/></net>

<net id="352"><net_src comp="120" pin="1"/><net_sink comp="349" pin=0"/></net>

<net id="353"><net_src comp="349" pin="1"/><net_sink comp="260" pin=0"/></net>

<net id="354"><net_src comp="349" pin="1"/><net_sink comp="267" pin=1"/></net>

<net id="358"><net_src comp="124" pin="1"/><net_sink comp="355" pin=0"/></net>

<net id="359"><net_src comp="355" pin="1"/><net_sink comp="162" pin=15"/></net>

<net id="363"><net_src comp="128" pin="1"/><net_sink comp="360" pin=0"/></net>

<net id="364"><net_src comp="360" pin="1"/><net_sink comp="247" pin=0"/></net>

<net id="365"><net_src comp="360" pin="1"/><net_sink comp="162" pin=14"/></net>

<net id="369"><net_src comp="132" pin="1"/><net_sink comp="366" pin=0"/></net>

<net id="370"><net_src comp="366" pin="1"/><net_sink comp="250" pin=0"/></net>

<net id="371"><net_src comp="366" pin="1"/><net_sink comp="162" pin=13"/></net>

<net id="375"><net_src comp="136" pin="1"/><net_sink comp="372" pin=0"/></net>

<net id="376"><net_src comp="372" pin="1"/><net_sink comp="253" pin=0"/></net>

<net id="377"><net_src comp="372" pin="1"/><net_sink comp="162" pin=12"/></net>

<net id="381"><net_src comp="144" pin="2"/><net_sink comp="378" pin=0"/></net>

<net id="382"><net_src comp="378" pin="1"/><net_sink comp="200" pin=0"/></net>

<net id="383"><net_src comp="378" pin="1"/><net_sink comp="207" pin=0"/></net>

<net id="384"><net_src comp="378" pin="1"/><net_sink comp="162" pin=11"/></net>

<net id="388"><net_src comp="140" pin="1"/><net_sink comp="385" pin=0"/></net>

<net id="389"><net_src comp="385" pin="1"/><net_sink comp="162" pin=16"/></net>

<net id="390"><net_src comp="385" pin="1"/><net_sink comp="264" pin=0"/></net>

<net id="394"><net_src comp="150" pin="2"/><net_sink comp="391" pin=0"/></net>

<net id="395"><net_src comp="391" pin="1"/><net_sink comp="214" pin=0"/></net>

<net id="396"><net_src comp="391" pin="1"/><net_sink comp="162" pin=8"/></net>

<net id="400"><net_src comp="156" pin="2"/><net_sink comp="397" pin=0"/></net>

<net id="401"><net_src comp="397" pin="1"/><net_sink comp="236" pin=1"/></net>

<net id="405"><net_src comp="200" pin="3"/><net_sink comp="402" pin=0"/></net>

<net id="406"><net_src comp="402" pin="1"/><net_sink comp="162" pin=7"/></net>

<net id="410"><net_src comp="219" pin="1"/><net_sink comp="407" pin=0"/></net>

<net id="411"><net_src comp="407" pin="1"/><net_sink comp="162" pin=6"/></net>

<net id="415"><net_src comp="223" pin="2"/><net_sink comp="412" pin=0"/></net>

<net id="422"><net_src comp="241" pin="2"/><net_sink comp="419" pin=0"/></net>

<net id="423"><net_src comp="419" pin="1"/><net_sink comp="277" pin=0"/></net>

<net id="427"><net_src comp="247" pin="1"/><net_sink comp="424" pin=0"/></net>

<net id="428"><net_src comp="424" pin="1"/><net_sink comp="162" pin=3"/></net>

<net id="432"><net_src comp="250" pin="1"/><net_sink comp="429" pin=0"/></net>

<net id="433"><net_src comp="429" pin="1"/><net_sink comp="162" pin=2"/></net>

<net id="437"><net_src comp="253" pin="1"/><net_sink comp="434" pin=0"/></net>

<net id="438"><net_src comp="434" pin="1"/><net_sink comp="162" pin=1"/></net>

</net_list>

</model> 
---------------- Datapath Model END ------------------

* FSMD analyzer results:
  - Output states:
	Port: stream_upsampled | {4 5 }
 - Input state : 
	Port: v_hcresampler_core : stream_in | {4 5 }
	Port: v_hcresampler_core : Height | {1 }
	Port: v_hcresampler_core : WidthIn | {1 }
	Port: v_hcresampler_core : p_read | {1 }
  - Chain level:
	State 1
		store_ln1634 : 1
	State 2
		loopWidth : 1
		trunc_ln1597 : 2
		cmp361022 : 2
	State 3
		zext_ln1634 : 1
		icmp_ln1634 : 2
		y_5 : 1
		br_ln1634 : 3
	State 4
		call_ln1597 : 1
	State 5
	State 6
		store_ln0 : 1
		store_ln0 : 1


============================================================
+ Verbose Summary: Datapath Resource usage 
============================================================

* Functional unit list:
|----------|----------------------------------------------------------|---------|---------|---------|
| Operation|                      Functional Unit                     |  Delay  |    FF   |   LUT   |
|----------|----------------------------------------------------------|---------|---------|---------|
|   call   | grp_v_hcresampler_core_Pipeline_VITIS_LOOP_1636_2_fu_162 |  0.427  |    62   |   292   |
|----------|----------------------------------------------------------|---------|---------|---------|
|    add   |                     loopWidth_fu_214                     |    0    |    0    |    23   |
|          |                        y_5_fu_241                        |    0    |    0    |    22   |
|----------|----------------------------------------------------------|---------|---------|---------|
|   icmp   |                     cmp361022_fu_223                     |    0    |    0    |    13   |
|          |                    icmp_ln1634_fu_236                    |    0    |    0    |    13   |
|----------|----------------------------------------------------------|---------|---------|---------|
|  select  |                   select_ln1632_fu_200                   |    0    |    0    |    3    |
|          |                  select_ln1632_2_fu_207                  |    0    |    0    |    16   |
|----------|----------------------------------------------------------|---------|---------|---------|
|          |                   p_read_5_read_fu_144                   |    0    |    0    |    0    |
|   read   |                 WidthIn_read_read_fu_150                 |    0    |    0    |    0    |
|          |                  loopHeight_read_fu_156                  |    0    |    0    |    0    |
|----------|----------------------------------------------------------|---------|---------|---------|
|   trunc  |                    trunc_ln1597_fu_219                   |    0    |    0    |    0    |
|----------|----------------------------------------------------------|---------|---------|---------|
|   zext   |                    zext_ln1634_fu_232                    |    0    |    0    |    0    |
|----------|----------------------------------------------------------|---------|---------|---------|
|   Total  |                                                          |  0.427  |    62   |   382   |
|----------|----------------------------------------------------------|---------|---------|---------|

Memories:
N/A

* Register list:
+--------------------------------------+--------+
|                                      |   FF   |
+--------------------------------------+--------+
|         WidthIn_read_reg_391         |   16   |
|           cmp361022_reg_412          |    1   |
|          loopHeight_reg_397          |   16   |
|p_0_0_0_0_0524_21081_lcssa1107_reg_339|    8   |
| p_0_0_0_0_05321031_lcssa1053_reg_288 |    8   |
| p_0_0_0_0_05321037_lcssa1062_reg_303 |    8   |
|  p_0_0_0_0_0_21084_lcssa1110_reg_344 |    8   |
|   p_0_1_0_0_01033_lcssa1056_reg_293  |    8   |
|   p_0_1_0_0_01039_lcssa1065_reg_309  |    8   |
|   p_0_1_0_0_01043_lcssa1068_reg_314  |    8   |
|   p_0_2_0_0_01035_lcssa1059_reg_298  |    8   |
|        p_lcssa10771095_reg_324       |    8   |
|        p_lcssa10791101_reg_329       |    8   |
|        p_lcssa10801104_reg_334       |    8   |
|          p_lcssa1089_reg_319         |    8   |
|           p_read_5_reg_378           |    1   |
|       pixbuf_y_val_V_15_reg_355      |    8   |
|    pixbuf_y_val_V_16_load_reg_424    |    8   |
|       pixbuf_y_val_V_16_reg_360      |    8   |
|    pixbuf_y_val_V_17_load_reg_429    |    8   |
|       pixbuf_y_val_V_17_reg_366      |    8   |
|    pixbuf_y_val_V_18_load_reg_434    |    8   |
|       pixbuf_y_val_V_18_reg_372      |    8   |
|     pixbuf_y_val_V_20_loc_reg_385    |    8   |
|        pixbuf_y_val_V_reg_349        |    8   |
|         select_ln1632_reg_402        |    3   |
|         trunc_ln1597_reg_407         |   15   |
|              y_5_reg_419             |   15   |
|               y_reg_281              |   15   |
+--------------------------------------+--------+
|                 Total                |   250  |
+--------------------------------------+--------+

* Multiplexer (MUX) list: 
|--------|------|------|------|--------|
|  Comp  |  Pin | Size |  BW  | S x BW |
|--------|------|------|------|--------|
|  Total |      |      |      |    0   |
|--------|------|------|------|--------|



* Summary:
+-----------+--------+--------+--------+
|           |  Delay |   FF   |   LUT  |
+-----------+--------+--------+--------+
|  Function |    0   |   62   |   382  |
|   Memory  |    -   |    -   |    -   |
|Multiplexer|    -   |    -   |    -   |
|  Register |    -   |   250  |    -   |
+-----------+--------+--------+--------+
|   Total   |    0   |   312  |   382  |
+-----------+--------+--------+--------+
