

================================================================
== Vitis HLS Report for 'v_hcresampler_core_1'
================================================================
* Date:           Fri Mar  6 02:17:06 2026

* Version:        2022.2 (Build 3670227 on Oct 13 2022)
* Project:        prj
* Solution:       sol (Vivado IP Flow Target)
* Product family: zynquplus
* Target device:  xck26-sfvc784-2LV-c


================================================================
== Performance Estimates
================================================================
+ Timing: 
    * Summary: 
    +--------+---------+----------+------------+
    |  Clock |  Target | Estimated| Uncertainty|
    +--------+---------+----------+------------+
    |ap_clk  |  5.00 ns|  3.650 ns|     1.35 ns|
    +--------+---------+----------+------------+

+ Latency: 
    * Summary: 
    +---------+------------+-----------+-----------+-----+------------+---------+
    |   Latency (cycles)   |   Latency (absolute)  |     Interval     | Pipeline|
    |   min   |     max    |    min    |    max    | min |     max    |   Type  |
    +---------+------------+-----------+-----------+-----+------------+---------+
    |        2|  1073938427|  10.000 ns|  5.370 sec|    2|  1073938427|       no|
    +---------+------------+-----------+-----------+-----+------------+---------+

    + Detail: 
        * Instance: 
        +------------------------------------------------------------+-------------------------------------------------+---------+---------+-----------+----------+-----+-------+---------+
        |                                                            |                                                 |  Latency (cycles) |  Latency (absolute)  |   Interval  | Pipeline|
        |                          Instance                          |                      Module                     |   min   |   max   |    min    |    max   | min |  max  |   Type  |
        +------------------------------------------------------------+-------------------------------------------------+---------+---------+-----------+----------+-----+-------+---------+
        |grp_v_hcresampler_core_1_Pipeline_VITIS_LOOP_1636_2_fu_198  |v_hcresampler_core_1_Pipeline_VITIS_LOOP_1636_2  |        5|    32771|  25.000 ns|  0.164 ms|    5|  32771|       no|
        +------------------------------------------------------------+-------------------------------------------------+---------+---------+-----------+----------+-----+-------+---------+

        * Loop: 
        +---------------------+---------+------------+-----------+-----------+-----------+-----------+----------+
        |                     |   Latency (cycles)   | Iteration |  Initiation Interval  |    Trip   |          |
        |      Loop Name      |   min   |     max    |  Latency  |  achieved |   target  |   Count   | Pipelined|
        +---------------------+---------+------------+-----------+-----------+-----------+-----------+----------+
        |- VITIS_LOOP_1634_1  |        0|  1073938425|  2 ~ 32775|          -|          -|  0 ~ 32767|        no|
        +---------------------+---------+------------+-----------+-----------+-----------+-----------+----------+



================================================================
== Utilization Estimates
================================================================
* Summary: 
+-----------------+---------+------+--------+--------+-----+
|       Name      | BRAM_18K|  DSP |   FF   |   LUT  | URAM|
+-----------------+---------+------+--------+--------+-----+
|DSP              |        -|     -|       -|       -|    -|
|Expression       |        -|     -|       0|      80|    -|
|FIFO             |        -|     -|       -|       -|    -|
|Instance         |        -|     -|     200|     608|    -|
|Memory           |        -|     -|       -|       -|    -|
|Multiplexer      |        -|     -|       -|     109|    -|
|Register         |        -|     -|     312|       -|    -|
+-----------------+---------+------+--------+--------+-----+
|Total            |        0|     0|     512|     797|    0|
+-----------------+---------+------+--------+--------+-----+
|Available        |      288|  1248|  234240|  117120|   64|
+-----------------+---------+------+--------+--------+-----+
|Utilization (%)  |        0|     0|      ~0|      ~0|    0|
+-----------------+---------+------+--------+--------+-----+

+ Detail: 
    * Instance: 
    +------------------------------------------------------------+-------------------------------------------------+---------+----+-----+-----+-----+
    |                          Instance                          |                      Module                     | BRAM_18K| DSP|  FF | LUT | URAM|
    +------------------------------------------------------------+-------------------------------------------------+---------+----+-----+-----+-----+
    |grp_v_hcresampler_core_1_Pipeline_VITIS_LOOP_1636_2_fu_198  |v_hcresampler_core_1_Pipeline_VITIS_LOOP_1636_2  |        0|   0|  200|  608|    0|
    +------------------------------------------------------------+-------------------------------------------------+---------+----+-----+-----+-----+
    |Total                                                       |                                                 |        0|   0|  200|  608|    0|
    +------------------------------------------------------------+-------------------------------------------------+---------+----+-----+-----+-----+

    * DSP: 
    N/A

    * Memory: 
    N/A

    * FIFO: 
    N/A

    * Expression: 
    +---------------------------+----------+----+---+----+------------+------------+
    |       Variable Name       | Operation| DSP| FF| LUT| Bitwidth P0| Bitwidth P1|
    +---------------------------+----------+----+---+----+------------+------------+
    |loopWidth_fu_254_p2        |         +|   0|  0|  23|          16|          16|
    |y_3_fu_286_p2              |         +|   0|  0|  22|          15|           1|
    |cmp361022_fu_263_p2        |      icmp|   0|  0|  13|          16|           1|
    |icmp_ln1634_fu_281_p2      |      icmp|   0|  0|  13|          16|          16|
    |ap_block_state1            |        or|   0|  0|   2|           1|           1|
    |select_ln1632_1_fu_247_p3  |    select|   0|  0|   2|           1|           1|
    |select_ln1632_fu_240_p3    |    select|   0|  0|   3|           1|           1|
    |xor_ln1634_fu_269_p2       |       xor|   0|  0|   2|           1|           2|
    +---------------------------+----------+----+---+----+------------+------------+
    |Total                      |          |   0|  0|  80|          67|          39|
    +---------------------------+----------+----+---+----+------------+------------+

    * Multiplexer: 
    +------------------------+----+-----------+-----+-----------+
    |          Name          | LUT| Input Size| Bits| Total Bits|
    +------------------------+----+-----------+-----+-----------+
    |Height_blk_n            |   9|          2|    1|          2|
    |Height_c17_blk_n        |   9|          2|    1|          2|
    |WidthOut_blk_n          |   9|          2|    1|          2|
    |WidthOut_c21_blk_n      |   9|          2|    1|          2|
    |ap_NS_fsm               |  37|          7|    1|          7|
    |ap_done                 |   9|          2|    1|          2|
    |stream_out_422_write    |   9|          2|    1|          2|
    |stream_scaled_csc_read  |   9|          2|    1|          2|
    |y_fu_76                 |   9|          2|   15|         30|
    +------------------------+----+-----------+-----+-----------+
    |Total                   | 109|         23|   23|         51|
    +------------------------+----+-----------+-----+-----------+

    * Register: 
    +-------------------------------------------------------------------------+----+----+-----+-----------+
    |                                   Name                                  | FF | LUT| Bits| Const Bits|
    +-------------------------------------------------------------------------+----+----+-----+-----------+
    |WidthOut_read_reg_500                                                    |  16|   0|   16|          0|
    |ap_CS_fsm                                                                |   6|   0|    6|          0|
    |ap_done_reg                                                              |   1|   0|    1|          0|
    |cmp361022_reg_521                                                        |   1|   0|    1|          0|
    |filt_res1_fu_80                                                          |  64|   0|   64|          0|
    |grp_v_hcresampler_core_1_Pipeline_VITIS_LOOP_1636_2_fu_198_ap_start_reg  |   1|   0|    1|          0|
    |loopHeight_reg_506                                                       |  16|   0|   16|          0|
    |p_0_0_0_0_0524_21081_lcssa1107_fu_124                                    |   8|   0|    8|          0|
    |p_0_0_0_0_05321031_lcssa1053_fu_84                                       |   8|   0|    8|          0|
    |p_0_0_0_0_05321037_lcssa1062_fu_96                                       |   8|   0|    8|          0|
    |p_0_0_0_0_0_21084_lcssa1110_fu_128                                       |   8|   0|    8|          0|
    |p_0_1_0_0_01033_lcssa1056_fu_88                                          |   8|   0|    8|          0|
    |p_0_1_0_0_01039_lcssa1065_fu_100                                         |   8|   0|    8|          0|
    |p_0_1_0_0_01043_lcssa1068_fu_104                                         |   8|   0|    8|          0|
    |p_0_2_0_0_01035_lcssa1059_fu_92                                          |   8|   0|    8|          0|
    |p_lcssa10771095_fu_112                                                   |   8|   0|    8|          0|
    |p_lcssa10791101_fu_116                                                   |   8|   0|    8|          0|
    |p_lcssa10801104_fu_120                                                   |   8|   0|    8|          0|
    |p_lcssa1089_fu_108                                                       |   8|   0|    8|          0|
    |pixbuf_y_val_V_1_fu_136                                                  |   8|   0|    8|          0|
    |pixbuf_y_val_V_2_fu_140                                                  |   8|   0|    8|          0|
    |pixbuf_y_val_V_2_load_reg_538                                            |   8|   0|    8|          0|
    |pixbuf_y_val_V_3_fu_144                                                  |   8|   0|    8|          0|
    |pixbuf_y_val_V_3_load_reg_543                                            |   8|   0|    8|          0|
    |pixbuf_y_val_V_4_fu_148                                                  |   8|   0|    8|          0|
    |pixbuf_y_val_V_4_load_reg_548                                            |   8|   0|    8|          0|
    |pixbuf_y_val_V_fu_132                                                    |   8|   0|    8|          0|
    |select_ln1632_reg_511                                                    |   1|   0|    2|          1|
    |trunc_ln1597_reg_516                                                     |  15|   0|   15|          0|
    |xor_ln1634_reg_525                                                       |   1|   0|    1|          0|
    |y_3_reg_533                                                              |  15|   0|   15|          0|
    |y_fu_76                                                                  |  15|   0|   15|          0|
    +-------------------------------------------------------------------------+----+----+-----+-----------+
    |Total                                                                    | 312|   0|  313|          1|
    +-------------------------------------------------------------------------+----+----+-----+-----------+



================================================================
== Interface
================================================================
* Summary: 
+----------------------------------+-----+-----+------------+----------------------+--------------+
|             RTL Ports            | Dir | Bits|  Protocol  |     Source Object    |    C Type    |
+----------------------------------+-----+-----+------------+----------------------+--------------+
|ap_clk                            |   in|    1|  ap_ctrl_hs|  v_hcresampler_core.1|  return value|
|ap_rst                            |   in|    1|  ap_ctrl_hs|  v_hcresampler_core.1|  return value|
|ap_start                          |   in|    1|  ap_ctrl_hs|  v_hcresampler_core.1|  return value|
|ap_done                           |  out|    1|  ap_ctrl_hs|  v_hcresampler_core.1|  return value|
|ap_continue                       |   in|    1|  ap_ctrl_hs|  v_hcresampler_core.1|  return value|
|ap_idle                           |  out|    1|  ap_ctrl_hs|  v_hcresampler_core.1|  return value|
|ap_ready                          |  out|    1|  ap_ctrl_hs|  v_hcresampler_core.1|  return value|
|stream_scaled_csc_dout            |   in|   24|     ap_fifo|     stream_scaled_csc|       pointer|
|stream_scaled_csc_num_data_valid  |   in|    5|     ap_fifo|     stream_scaled_csc|       pointer|
|stream_scaled_csc_fifo_cap        |   in|    5|     ap_fifo|     stream_scaled_csc|       pointer|
|stream_scaled_csc_empty_n         |   in|    1|     ap_fifo|     stream_scaled_csc|       pointer|
|stream_scaled_csc_read            |  out|    1|     ap_fifo|     stream_scaled_csc|       pointer|
|Height_dout                       |   in|   16|     ap_fifo|                Height|       pointer|
|Height_num_data_valid             |   in|    2|     ap_fifo|                Height|       pointer|
|Height_fifo_cap                   |   in|    2|     ap_fifo|                Height|       pointer|
|Height_empty_n                    |   in|    1|     ap_fifo|                Height|       pointer|
|Height_read                       |  out|    1|     ap_fifo|                Height|       pointer|
|WidthOut_dout                     |   in|   16|     ap_fifo|              WidthOut|       pointer|
|WidthOut_num_data_valid           |   in|    2|     ap_fifo|              WidthOut|       pointer|
|WidthOut_fifo_cap                 |   in|    2|     ap_fifo|              WidthOut|       pointer|
|WidthOut_empty_n                  |   in|    1|     ap_fifo|              WidthOut|       pointer|
|WidthOut_read                     |  out|    1|     ap_fifo|              WidthOut|       pointer|
|p_read                            |   in|    1|     ap_none|                p_read|        scalar|
|stream_out_422_din                |  out|   24|     ap_fifo|        stream_out_422|       pointer|
|stream_out_422_num_data_valid     |   in|    5|     ap_fifo|        stream_out_422|       pointer|
|stream_out_422_fifo_cap           |   in|    5|     ap_fifo|        stream_out_422|       pointer|
|stream_out_422_full_n             |   in|    1|     ap_fifo|        stream_out_422|       pointer|
|stream_out_422_write              |  out|    1|     ap_fifo|        stream_out_422|       pointer|
|Height_c17_din                    |  out|   16|     ap_fifo|            Height_c17|       pointer|
|Height_c17_num_data_valid         |   in|    2|     ap_fifo|            Height_c17|       pointer|
|Height_c17_fifo_cap               |   in|    2|     ap_fifo|            Height_c17|       pointer|
|Height_c17_full_n                 |   in|    1|     ap_fifo|            Height_c17|       pointer|
|Height_c17_write                  |  out|    1|     ap_fifo|            Height_c17|       pointer|
|WidthOut_c21_din                  |  out|   16|     ap_fifo|          WidthOut_c21|       pointer|
|WidthOut_c21_num_data_valid       |   in|    2|     ap_fifo|          WidthOut_c21|       pointer|
|WidthOut_c21_fifo_cap             |   in|    2|     ap_fifo|          WidthOut_c21|       pointer|
|WidthOut_c21_full_n               |   in|    1|     ap_fifo|          WidthOut_c21|       pointer|
|WidthOut_c21_write                |  out|    1|     ap_fifo|          WidthOut_c21|       pointer|
+----------------------------------+-----+-----+------------+----------------------+--------------+

============================================================
+ Verbose Summary: Synthesis Manager
============================================================
InlineROM: 1
ExposeGlobal: 0
============================================================
+ Verbose Summary: CDFG Model
============================================================
IsTopModel: 0
ResetActiveHigh: 1
IsCombinational: 2
IsDatapathOnly: 0
HasWiredReturn: 1
HasMFsm: 0
HasVarLatency: 1
IsPipeline: 0
IsRtlPipelined: 0
IsInstanceOverlapped: 0
IsDontTouch: 0
HasImplIP: 0
IsGatedGlobalClock: 0


============================================================
+ Verbose Summary: Schedule
============================================================
* Number of FSM states : 6
* Pipeline : 0
* Dataflow Pipeline: 0

* FSM state transitions: 
1 --> 2 
2 --> 3 
3 --> 4 6 
4 --> 5 
5 --> 6 
6 --> 3 

* FSM state operations: 

State 1 <SV = 0> <Delay = 3.65>
ST_1 : Operation 7 [1/1] (0.00ns)   --->   "%y = alloca i32 1"   --->   Operation 7 'alloca' 'y' <Predicate = true> <Delay = 0.00>
ST_1 : Operation 8 [1/1] (0.00ns)   --->   "%filt_res1 = alloca i32 1"   --->   Operation 8 'alloca' 'filt_res1' <Predicate = true> <Delay = 0.00>
ST_1 : Operation 9 [1/1] (0.00ns)   --->   "%p_0_0_0_0_05321031_lcssa1053 = alloca i32 1"   --->   Operation 9 'alloca' 'p_0_0_0_0_05321031_lcssa1053' <Predicate = true> <Delay = 0.00>
ST_1 : Operation 10 [1/1] (0.00ns)   --->   "%p_0_1_0_0_01033_lcssa1056 = alloca i32 1"   --->   Operation 10 'alloca' 'p_0_1_0_0_01033_lcssa1056' <Predicate = true> <Delay = 0.00>
ST_1 : Operation 11 [1/1] (0.00ns)   --->   "%p_0_2_0_0_01035_lcssa1059 = alloca i32 1"   --->   Operation 11 'alloca' 'p_0_2_0_0_01035_lcssa1059' <Predicate = true> <Delay = 0.00>
ST_1 : Operation 12 [1/1] (0.00ns)   --->   "%p_0_0_0_0_05321037_lcssa1062 = alloca i32 1"   --->   Operation 12 'alloca' 'p_0_0_0_0_05321037_lcssa1062' <Predicate = true> <Delay = 0.00>
ST_1 : Operation 13 [1/1] (0.00ns)   --->   "%p_0_1_0_0_01039_lcssa1065 = alloca i32 1"   --->   Operation 13 'alloca' 'p_0_1_0_0_01039_lcssa1065' <Predicate = true> <Delay = 0.00>
ST_1 : Operation 14 [1/1] (0.00ns)   --->   "%p_0_1_0_0_01043_lcssa1068 = alloca i32 1"   --->   Operation 14 'alloca' 'p_0_1_0_0_01043_lcssa1068' <Predicate = true> <Delay = 0.00>
ST_1 : Operation 15 [1/1] (0.00ns)   --->   "%p_lcssa1089 = alloca i32 1"   --->   Operation 15 'alloca' 'p_lcssa1089' <Predicate = true> <Delay = 0.00>
ST_1 : Operation 16 [1/1] (0.00ns)   --->   "%p_lcssa10771095 = alloca i32 1"   --->   Operation 16 'alloca' 'p_lcssa10771095' <Predicate = true> <Delay = 0.00>
ST_1 : Operation 17 [1/1] (0.00ns)   --->   "%p_lcssa10791101 = alloca i32 1"   --->   Operation 17 'alloca' 'p_lcssa10791101' <Predicate = true> <Delay = 0.00>
ST_1 : Operation 18 [1/1] (0.00ns)   --->   "%p_lcssa10801104 = alloca i32 1"   --->   Operation 18 'alloca' 'p_lcssa10801104' <Predicate = true> <Delay = 0.00>
ST_1 : Operation 19 [1/1] (0.00ns)   --->   "%p_0_0_0_0_0524_21081_lcssa1107 = alloca i32 1"   --->   Operation 19 'alloca' 'p_0_0_0_0_0524_21081_lcssa1107' <Predicate = true> <Delay = 0.00>
ST_1 : Operation 20 [1/1] (0.00ns)   --->   "%p_0_0_0_0_0_21084_lcssa1110 = alloca i32 1"   --->   Operation 20 'alloca' 'p_0_0_0_0_0_21084_lcssa1110' <Predicate = true> <Delay = 0.00>
ST_1 : Operation 21 [1/1] (0.00ns)   --->   "%pixbuf_y_val_V = alloca i32 1"   --->   Operation 21 'alloca' 'pixbuf_y_val_V' <Predicate = true> <Delay = 0.00>
ST_1 : Operation 22 [1/1] (0.00ns)   --->   "%pixbuf_y_val_V_1 = alloca i32 1"   --->   Operation 22 'alloca' 'pixbuf_y_val_V_1' <Predicate = true> <Delay = 0.00>
ST_1 : Operation 23 [1/1] (0.00ns)   --->   "%pixbuf_y_val_V_2 = alloca i32 1"   --->   Operation 23 'alloca' 'pixbuf_y_val_V_2' <Predicate = true> <Delay = 0.00>
ST_1 : Operation 24 [1/1] (0.00ns)   --->   "%pixbuf_y_val_V_3 = alloca i32 1"   --->   Operation 24 'alloca' 'pixbuf_y_val_V_3' <Predicate = true> <Delay = 0.00>
ST_1 : Operation 25 [1/1] (0.00ns)   --->   "%pixbuf_y_val_V_4 = alloca i32 1"   --->   Operation 25 'alloca' 'pixbuf_y_val_V_4' <Predicate = true> <Delay = 0.00>
ST_1 : Operation 26 [1/1] (1.82ns)   --->   "%p_read_4 = read i1 @_ssdm_op_Read.ap_auto.i1, i1 %p_read"   --->   Operation 26 'read' 'p_read_4' <Predicate = true> <Delay = 1.82> <CoreInst = "FIFO_SRL">   --->   Core 81 'FIFO_SRL' <Latency = 0> <II = 1> <Delay = 1.83> <Storage> <Opcode : 'read' 'write' 'nbread' 'nbwrite'> <Ports = 0> <Width = -1> <Depth = -1> <FIFO>
ST_1 : Operation 27 [1/1] (0.00ns)   --->   "%p_0_0_0_0_0524_21083_loc = alloca i64 1"   --->   Operation 27 'alloca' 'p_0_0_0_0_0524_21083_loc' <Predicate = true> <Delay = 0.00>
ST_1 : Operation 28 [1/1] (0.00ns)   --->   "%p_0_0_0_0_0_21086_loc = alloca i64 1"   --->   Operation 28 'alloca' 'p_0_0_0_0_0_21086_loc' <Predicate = true> <Delay = 0.00>
ST_1 : Operation 29 [1/1] (0.00ns)   --->   "%pixbuf_y_val_V_5_loc = alloca i64 1"   --->   Operation 29 'alloca' 'pixbuf_y_val_V_5_loc' <Predicate = true> <Delay = 0.00>
ST_1 : Operation 30 [1/1] (1.82ns)   --->   "%WidthOut_read = read i16 @_ssdm_op_Read.ap_fifo.i16P0A, i16 %WidthOut"   --->   Operation 30 'read' 'WidthOut_read' <Predicate = true> <Delay = 1.82> <CoreInst = "FIFO_SRL">   --->   Core 81 'FIFO_SRL' <Latency = 0> <II = 1> <Delay = 1.83> <Storage> <Opcode : 'read' 'write' 'nbread' 'nbwrite'> <Ports = 0> <Width = 16> <Depth = 2> <FIFO>
ST_1 : Operation 31 [1/1] (1.82ns)   --->   "%write_ln0 = write void @_ssdm_op_Write.ap_fifo.i16P0A, i16 %WidthOut_c21, i16 %WidthOut_read"   --->   Operation 31 'write' 'write_ln0' <Predicate = true> <Delay = 1.82> <CoreInst = "FIFO_SRL">   --->   Core 81 'FIFO_SRL' <Latency = 0> <II = 1> <Delay = 1.83> <Storage> <Opcode : 'read' 'write' 'nbread' 'nbwrite'> <Ports = 0> <Width = 16> <Depth = 2> <FIFO>
ST_1 : Operation 32 [1/1] (1.82ns)   --->   "%loopHeight = read i16 @_ssdm_op_Read.ap_fifo.i16P0A, i16 %Height"   --->   Operation 32 'read' 'loopHeight' <Predicate = true> <Delay = 1.82> <CoreInst = "FIFO_SRL">   --->   Core 81 'FIFO_SRL' <Latency = 0> <II = 1> <Delay = 1.83> <Storage> <Opcode : 'read' 'write' 'nbread' 'nbwrite'> <Ports = 0> <Width = 16> <Depth = 2> <FIFO>
ST_1 : Operation 33 [1/1] (1.82ns)   --->   "%write_ln0 = write void @_ssdm_op_Write.ap_fifo.i16P0A, i16 %Height_c17, i16 %loopHeight"   --->   Operation 33 'write' 'write_ln0' <Predicate = true> <Delay = 1.82> <CoreInst = "FIFO_SRL">   --->   Core 81 'FIFO_SRL' <Latency = 0> <II = 1> <Delay = 1.83> <Storage> <Opcode : 'read' 'write' 'nbread' 'nbwrite'> <Ports = 0> <Width = 16> <Depth = 2> <FIFO>
ST_1 : Operation 34 [1/1] (0.42ns)   --->   "%store_ln1634 = store i15 0, i15 %y" [/home/user/Documents/kria-vitis-platforms/kv260/platforms/vivado/kv260_ispMipiRx_vcu_DP/project/kv260_ispMipiRx_vcu_DP.runs/bd_eab1_hsc_0_synth_1/prj/sol/.autopilot/db/v_hscaler.cpp:1634]   --->   Operation 34 'store' 'store_ln1634' <Predicate = true> <Delay = 0.42>

State 2 <SV = 1> <Delay = 1.95>
ST_2 : Operation 35 [1/1] (0.00ns)   --->   "%specinterface_ln0 = specinterface void @_ssdm_op_SpecInterface, i16 %WidthOut, void @ap_fifo_str, i32 0, i32 0, void @p_str, i32 0, i32 0, void @p_str, void @p_str, void @p_str, i32 2, i32 2, i32 16, i32 16, void @p_str, void @ScalarProp_str, i32 4294967295, i32 0"   --->   Operation 35 'specinterface' 'specinterface_ln0' <Predicate = true> <Delay = 0.00>
ST_2 : Operation 36 [1/1] (0.00ns)   --->   "%specinterface_ln0 = specinterface void @_ssdm_op_SpecInterface, i16 %WidthOut_c21, void @ap_fifo_str, i32 0, i32 0, void @p_str, i32 0, i32 0, void @p_str, void @p_str, void @p_str, i32 2, i32 2, i32 16, i32 16, void @p_str, void @ScalarProp_str, i32 4294967295, i32 0"   --->   Operation 36 'specinterface' 'specinterface_ln0' <Predicate = true> <Delay = 0.00>
ST_2 : Operation 37 [1/1] (0.00ns)   --->   "%specinterface_ln0 = specinterface void @_ssdm_op_SpecInterface, i16 %Height, void @ap_fifo_str, i32 0, i32 0, void @p_str, i32 0, i32 0, void @p_str, void @p_str, void @p_str, i32 2, i32 2, i32 16, i32 16, void @p_str, void @ScalarProp_str, i32 4294967295, i32 0"   --->   Operation 37 'specinterface' 'specinterface_ln0' <Predicate = true> <Delay = 0.00>
ST_2 : Operation 38 [1/1] (0.00ns)   --->   "%specinterface_ln0 = specinterface void @_ssdm_op_SpecInterface, i16 %Height_c17, void @ap_fifo_str, i32 0, i32 0, void @p_str, i32 0, i32 0, void @p_str, void @p_str, void @p_str, i32 2, i32 2, i32 16, i32 16, void @p_str, void @ScalarProp_str, i32 4294967295, i32 0"   --->   Operation 38 'specinterface' 'specinterface_ln0' <Predicate = true> <Delay = 0.00>
ST_2 : Operation 39 [1/1] (0.00ns)   --->   "%specstablecontent_ln0 = specstablecontent void @_ssdm_op_SpecStableContent, i16 %WidthOut, void "   --->   Operation 39 'specstablecontent' 'specstablecontent_ln0' <Predicate = true> <Delay = 0.00>
ST_2 : Operation 40 [1/1] (0.00ns)   --->   "%specstablecontent_ln0 = specstablecontent void @_ssdm_op_SpecStableContent, i16 %Height, void "   --->   Operation 40 'specstablecontent' 'specstablecontent_ln0' <Predicate = true> <Delay = 0.00>
ST_2 : Operation 41 [1/1] (0.00ns)   --->   "%specinterface_ln0 = specinterface void @_ssdm_op_SpecInterface, i24 %stream_out_422, void @empty_14, i32 0, i32 0, void @empty_25, i32 0, i32 0, void @empty_25, void @empty_25, void @empty_25, i32 0, i32 0, i32 0, i32 0, void @empty_25, void @empty_25, i32 4294967295, i32 0"   --->   Operation 41 'specinterface' 'specinterface_ln0' <Predicate = true> <Delay = 0.00>
ST_2 : Operation 42 [1/1] (0.00ns)   --->   "%specinterface_ln0 = specinterface void @_ssdm_op_SpecInterface, i24 %stream_scaled_csc, void @empty_14, i32 0, i32 0, void @empty_25, i32 0, i32 0, void @empty_25, void @empty_25, void @empty_25, i32 0, i32 0, i32 0, i32 0, void @empty_25, void @empty_25, i32 4294967295, i32 0"   --->   Operation 42 'specinterface' 'specinterface_ln0' <Predicate = true> <Delay = 0.00>
ST_2 : Operation 43 [1/1] (0.17ns)   --->   "%select_ln1632 = select i1 %p_read_4, i2 0, i2 2" [/home/user/Documents/kria-vitis-platforms/kv260/platforms/vivado/kv260_ispMipiRx_vcu_DP/project/kv260_ispMipiRx_vcu_DP.runs/bd_eab1_hsc_0_synth_1/prj/sol/.autopilot/db/v_hscaler.cpp:1632]   --->   Operation 43 'select' 'select_ln1632' <Predicate = true> <Delay = 0.17> <CoreInst = "Sel">   --->   Core 73 'Sel' <Latency = 0> <II = 1> <Delay = 0.20> <FuncUnit> <Opcode : 'select'> <InPorts = 3> <OutPorts = 1>
ST_2 : Operation 44 [1/1] (0.00ns) (grouped into LUT with out node loopWidth)   --->   "%select_ln1632_1 = select i1 %p_read_4, i16 0, i16 2" [/home/user/Documents/kria-vitis-platforms/kv260/platforms/vivado/kv260_ispMipiRx_vcu_DP/project/kv260_ispMipiRx_vcu_DP.runs/bd_eab1_hsc_0_synth_1/prj/sol/.autopilot/db/v_hscaler.cpp:1632]   --->   Operation 44 'select' 'select_ln1632_1' <Predicate = true> <Delay = 0.00> <CoreInst = "Sel">   --->   Core 73 'Sel' <Latency = 0> <II = 1> <Delay = 0.17> <FuncUnit> <Opcode : 'select'> <InPorts = 3> <OutPorts = 1>
ST_2 : Operation 45 [1/1] (0.85ns) (out node of the LUT)   --->   "%loopWidth = add i16 %WidthOut_read, i16 %select_ln1632_1" [/home/user/Documents/kria-vitis-platforms/kv260/platforms/vivado/kv260_ispMipiRx_vcu_DP/project/kv260_ispMipiRx_vcu_DP.runs/bd_eab1_hsc_0_synth_1/prj/sol/.autopilot/db/v_hscaler.cpp:1632]   --->   Operation 45 'add' 'loopWidth' <Predicate = true> <Delay = 0.85> <CoreInst = "Adder">   --->   Core 1 'Adder' <Latency = 0> <II = 1> <Delay = 0.85> <FuncUnit> <Opcode : 'add' 'sub'> <InPorts = 2> <OutPorts = 1>
ST_2 : Operation 46 [1/1] (0.00ns)   --->   "%trunc_ln1597 = trunc i16 %loopWidth" [/home/user/Documents/kria-vitis-platforms/kv260/platforms/vivado/kv260_ispMipiRx_vcu_DP/project/kv260_ispMipiRx_vcu_DP.runs/bd_eab1_hsc_0_synth_1/prj/sol/.autopilot/db/v_hscaler.cpp:1597]   --->   Operation 46 'trunc' 'trunc_ln1597' <Predicate = true> <Delay = 0.00>
ST_2 : Operation 47 [1/1] (1.10ns)   --->   "%cmp361022 = icmp_sgt  i16 %loopWidth, i16 0" [/home/user/Documents/kria-vitis-platforms/kv260/platforms/vivado/kv260_ispMipiRx_vcu_DP/project/kv260_ispMipiRx_vcu_DP.runs/bd_eab1_hsc_0_synth_1/prj/sol/.autopilot/db/v_hscaler.cpp:1632]   --->   Operation 47 'icmp' 'cmp361022' <Predicate = true> <Delay = 1.10> <CoreInst = "Cmp">   --->   Core 9 'Cmp' <Latency = 0> <II = 1> <Delay = 1.10> <FuncUnit> <Opcode : 'icmp'> <InPorts = 2> <OutPorts = 1>
ST_2 : Operation 48 [1/1] (0.28ns)   --->   "%xor_ln1634 = xor i1 %p_read_4, i1 1" [/home/user/Documents/kria-vitis-platforms/kv260/platforms/vivado/kv260_ispMipiRx_vcu_DP/project/kv260_ispMipiRx_vcu_DP.runs/bd_eab1_hsc_0_synth_1/prj/sol/.autopilot/db/v_hscaler.cpp:1634]   --->   Operation 48 'xor' 'xor_ln1634' <Predicate = true> <Delay = 0.28> <CoreInst = "LogicGate">   --->   Core 74 'LogicGate' <Latency = 0> <II = 1> <Delay = 0.28> <FuncUnit> <Opcode : 'and' 'or' 'xor'> <InPorts = 2> <OutPorts = 1>
ST_2 : Operation 49 [1/1] (0.00ns)   --->   "%br_ln1634 = br void %VITIS_LOOP_1636_2" [/home/user/Documents/kria-vitis-platforms/kv260/platforms/vivado/kv260_ispMipiRx_vcu_DP/project/kv260_ispMipiRx_vcu_DP.runs/bd_eab1_hsc_0_synth_1/prj/sol/.autopilot/db/v_hscaler.cpp:1634]   --->   Operation 49 'br' 'br_ln1634' <Predicate = true> <Delay = 0.00>

State 3 <SV = 2> <Delay = 1.10>
ST_3 : Operation 50 [1/1] (0.00ns)   --->   "%y_2 = load i15 %y" [/home/user/Documents/kria-vitis-platforms/kv260/platforms/vivado/kv260_ispMipiRx_vcu_DP/project/kv260_ispMipiRx_vcu_DP.runs/bd_eab1_hsc_0_synth_1/prj/sol/.autopilot/db/v_hscaler.cpp:1634]   --->   Operation 50 'load' 'y_2' <Predicate = true> <Delay = 0.00>
ST_3 : Operation 51 [1/1] (0.00ns)   --->   "%zext_ln1634 = zext i15 %y_2" [/home/user/Documents/kria-vitis-platforms/kv260/platforms/vivado/kv260_ispMipiRx_vcu_DP/project/kv260_ispMipiRx_vcu_DP.runs/bd_eab1_hsc_0_synth_1/prj/sol/.autopilot/db/v_hscaler.cpp:1634]   --->   Operation 51 'zext' 'zext_ln1634' <Predicate = true> <Delay = 0.00>
ST_3 : Operation 52 [1/1] (1.10ns)   --->   "%icmp_ln1634 = icmp_slt  i16 %zext_ln1634, i16 %loopHeight" [/home/user/Documents/kria-vitis-platforms/kv260/platforms/vivado/kv260_ispMipiRx_vcu_DP/project/kv260_ispMipiRx_vcu_DP.runs/bd_eab1_hsc_0_synth_1/prj/sol/.autopilot/db/v_hscaler.cpp:1634]   --->   Operation 52 'icmp' 'icmp_ln1634' <Predicate = true> <Delay = 1.10> <CoreInst = "Cmp">   --->   Core 9 'Cmp' <Latency = 0> <II = 1> <Delay = 1.10> <FuncUnit> <Opcode : 'icmp'> <InPorts = 2> <OutPorts = 1>
ST_3 : Operation 53 [1/1] (0.00ns)   --->   "%speclooptripcount_ln0 = speclooptripcount void @_ssdm_op_SpecLoopTripCount, i64 0, i64 32767, i64 0"   --->   Operation 53 'speclooptripcount' 'speclooptripcount_ln0' <Predicate = true> <Delay = 0.00>
ST_3 : Operation 54 [1/1] (0.84ns)   --->   "%y_3 = add i15 %y_2, i15 1" [/home/user/Documents/kria-vitis-platforms/kv260/platforms/vivado/kv260_ispMipiRx_vcu_DP/project/kv260_ispMipiRx_vcu_DP.runs/bd_eab1_hsc_0_synth_1/prj/sol/.autopilot/db/v_hscaler.cpp:1634]   --->   Operation 54 'add' 'y_3' <Predicate = true> <Delay = 0.84> <CoreInst = "Adder">   --->   Core 1 'Adder' <Latency = 0> <II = 1> <Delay = 0.84> <FuncUnit> <Opcode : 'add' 'sub'> <InPorts = 2> <OutPorts = 1>
ST_3 : Operation 55 [1/1] (0.00ns)   --->   "%br_ln1634 = br i1 %icmp_ln1634, void %for.end455.loopexit, void %VITIS_LOOP_1636_2.split" [/home/user/Documents/kria-vitis-platforms/kv260/platforms/vivado/kv260_ispMipiRx_vcu_DP/project/kv260_ispMipiRx_vcu_DP.runs/bd_eab1_hsc_0_synth_1/prj/sol/.autopilot/db/v_hscaler.cpp:1634]   --->   Operation 55 'br' 'br_ln1634' <Predicate = true> <Delay = 0.00>
ST_3 : Operation 56 [1/1] (0.00ns)   --->   "%specloopname_ln1610 = specloopname void @_ssdm_op_SpecLoopName, void @empty_23" [/home/user/Documents/kria-vitis-platforms/kv260/platforms/vivado/kv260_ispMipiRx_vcu_DP/project/kv260_ispMipiRx_vcu_DP.runs/bd_eab1_hsc_0_synth_1/prj/sol/.autopilot/db/v_hscaler.cpp:1610]   --->   Operation 56 'specloopname' 'specloopname_ln1610' <Predicate = (icmp_ln1634)> <Delay = 0.00>
ST_3 : Operation 57 [1/1] (0.00ns)   --->   "%br_ln1636 = br i1 %cmp361022, void %for.inc453, void %for.body37.preheader" [/home/user/Documents/kria-vitis-platforms/kv260/platforms/vivado/kv260_ispMipiRx_vcu_DP/project/kv260_ispMipiRx_vcu_DP.runs/bd_eab1_hsc_0_synth_1/prj/sol/.autopilot/db/v_hscaler.cpp:1636]   --->   Operation 57 'br' 'br_ln1636' <Predicate = (icmp_ln1634)> <Delay = 0.00>
ST_3 : Operation 58 [1/1] (0.00ns)   --->   "%pixbuf_y_val_V_2_load = load i8 %pixbuf_y_val_V_2"   --->   Operation 58 'load' 'pixbuf_y_val_V_2_load' <Predicate = (icmp_ln1634 & cmp361022)> <Delay = 0.00>
ST_3 : Operation 59 [1/1] (0.00ns)   --->   "%pixbuf_y_val_V_3_load = load i8 %pixbuf_y_val_V_3"   --->   Operation 59 'load' 'pixbuf_y_val_V_3_load' <Predicate = (icmp_ln1634 & cmp361022)> <Delay = 0.00>
ST_3 : Operation 60 [1/1] (0.00ns)   --->   "%pixbuf_y_val_V_4_load = load i8 %pixbuf_y_val_V_4"   --->   Operation 60 'load' 'pixbuf_y_val_V_4_load' <Predicate = (icmp_ln1634 & cmp361022)> <Delay = 0.00>
ST_3 : Operation 61 [1/1] (0.00ns)   --->   "%empty = wait i32 @_ssdm_op_Wait"   --->   Operation 61 'wait' 'empty' <Predicate = (icmp_ln1634 & cmp361022)> <Delay = 0.00>
ST_3 : Operation 62 [1/1] (0.00ns)   --->   "%ret_ln1792 = ret" [/home/user/Documents/kria-vitis-platforms/kv260/platforms/vivado/kv260_ispMipiRx_vcu_DP/project/kv260_ispMipiRx_vcu_DP.runs/bd_eab1_hsc_0_synth_1/prj/sol/.autopilot/db/v_hscaler.cpp:1792]   --->   Operation 62 'ret' 'ret_ln1792' <Predicate = (!icmp_ln1634)> <Delay = 0.00>

State 4 <SV = 3> <Delay = 1.49>
ST_4 : Operation 63 [1/1] (0.00ns)   --->   "%p_0_0_0_0_05321037_lcssa1062_load = load i8 %p_0_0_0_0_05321037_lcssa1062"   --->   Operation 63 'load' 'p_0_0_0_0_05321037_lcssa1062_load' <Predicate = true> <Delay = 0.00>
ST_4 : Operation 64 [1/1] (0.00ns)   --->   "%p_0_1_0_0_01039_lcssa1065_load = load i8 %p_0_1_0_0_01039_lcssa1065"   --->   Operation 64 'load' 'p_0_1_0_0_01039_lcssa1065_load' <Predicate = true> <Delay = 0.00>
ST_4 : Operation 65 [1/1] (0.00ns)   --->   "%p_0_1_0_0_01043_lcssa1068_load = load i8 %p_0_1_0_0_01043_lcssa1068"   --->   Operation 65 'load' 'p_0_1_0_0_01043_lcssa1068_load' <Predicate = true> <Delay = 0.00>
ST_4 : Operation 66 [1/1] (0.00ns)   --->   "%p_0_0_0_0_0524_21081_lcssa1107_load = load i8 %p_0_0_0_0_0524_21081_lcssa1107"   --->   Operation 66 'load' 'p_0_0_0_0_0524_21081_lcssa1107_load' <Predicate = true> <Delay = 0.00>
ST_4 : Operation 67 [1/1] (0.00ns)   --->   "%p_0_0_0_0_0_21084_lcssa1110_load = load i8 %p_0_0_0_0_0_21084_lcssa1110"   --->   Operation 67 'load' 'p_0_0_0_0_0_21084_lcssa1110_load' <Predicate = true> <Delay = 0.00>
ST_4 : Operation 68 [1/1] (0.00ns)   --->   "%pixbuf_y_val_V_load = load i8 %pixbuf_y_val_V"   --->   Operation 68 'load' 'pixbuf_y_val_V_load' <Predicate = true> <Delay = 0.00>
ST_4 : Operation 69 [2/2] (1.49ns)   --->   "%call_ln1597 = call void @v_hcresampler_core.1_Pipeline_VITIS_LOOP_1636_2, i8 %pixbuf_y_val_V_4_load, i8 %pixbuf_y_val_V_3_load, i8 %pixbuf_y_val_V_2_load, i8 %pixbuf_y_val_V_load, i8 %p_0_0_0_0_0_21084_lcssa1110_load, i8 %p_0_0_0_0_0524_21081_lcssa1107_load, i8 %p_0_1_0_0_01043_lcssa1068_load, i8 %p_0_1_0_0_01039_lcssa1065_load, i8 %p_0_0_0_0_05321037_lcssa1062_load, i15 %trunc_ln1597, i1 %xor_ln1634, i2 %select_ln1632, i16 %WidthOut_read, i24 %stream_scaled_csc, i24 %stream_out_422, i1 %p_read_4, i8 %pixbuf_y_val_V_4, i8 %pixbuf_y_val_V_3, i8 %pixbuf_y_val_V_2, i8 %pixbuf_y_val_V_1, i8 %pixbuf_y_val_V_5_loc, i8 %p_0_0_0_0_0_21086_loc, i8 %p_0_0_0_0_0524_21083_loc, i8 %p_lcssa10801104, i8 %p_lcssa10791101, i8 %p_lcssa10771095, i8 %p_lcssa1089, i8 %p_0_2_0_0_01035_lcssa1059, i8 %p_0_1_0_0_01033_lcssa1056, i8 %p_0_0_0_0_05321031_lcssa1053, i64 %filt_res1" [/home/user/Documents/kria-vitis-platforms/kv260/platforms/vivado/kv260_ispMipiRx_vcu_DP/project/kv260_ispMipiRx_vcu_DP.runs/bd_eab1_hsc_0_synth_1/prj/sol/.autopilot/db/v_hscaler.cpp:1597]   --->   Operation 69 'call' 'call_ln1597' <Predicate = true> <Delay = 1.49> <CoreType = "Generic">   --->   Core 0 '' <Latency = 0> <II = 1> <Delay = 1.00> <Generic> <Opcode : >

State 5 <SV = 4> <Delay = 0.00>
ST_5 : Operation 70 [1/2] (0.00ns)   --->   "%call_ln1597 = call void @v_hcresampler_core.1_Pipeline_VITIS_LOOP_1636_2, i8 %pixbuf_y_val_V_4_load, i8 %pixbuf_y_val_V_3_load, i8 %pixbuf_y_val_V_2_load, i8 %pixbuf_y_val_V_load, i8 %p_0_0_0_0_0_21084_lcssa1110_load, i8 %p_0_0_0_0_0524_21081_lcssa1107_load, i8 %p_0_1_0_0_01043_lcssa1068_load, i8 %p_0_1_0_0_01039_lcssa1065_load, i8 %p_0_0_0_0_05321037_lcssa1062_load, i15 %trunc_ln1597, i1 %xor_ln1634, i2 %select_ln1632, i16 %WidthOut_read, i24 %stream_scaled_csc, i24 %stream_out_422, i1 %p_read_4, i8 %pixbuf_y_val_V_4, i8 %pixbuf_y_val_V_3, i8 %pixbuf_y_val_V_2, i8 %pixbuf_y_val_V_1, i8 %pixbuf_y_val_V_5_loc, i8 %p_0_0_0_0_0_21086_loc, i8 %p_0_0_0_0_0524_21083_loc, i8 %p_lcssa10801104, i8 %p_lcssa10791101, i8 %p_lcssa10771095, i8 %p_lcssa1089, i8 %p_0_2_0_0_01035_lcssa1059, i8 %p_0_1_0_0_01033_lcssa1056, i8 %p_0_0_0_0_05321031_lcssa1053, i64 %filt_res1" [/home/user/Documents/kria-vitis-platforms/kv260/platforms/vivado/kv260_ispMipiRx_vcu_DP/project/kv260_ispMipiRx_vcu_DP.runs/bd_eab1_hsc_0_synth_1/prj/sol/.autopilot/db/v_hscaler.cpp:1597]   --->   Operation 70 'call' 'call_ln1597' <Predicate = true> <Delay = 0.00> <CoreType = "Generic">   --->   Core 0 '' <Latency = 0> <II = 1> <Delay = 1.00> <Generic> <Opcode : >

State 6 <SV = 5> <Delay = 0.42>
ST_6 : Operation 71 [1/1] (0.00ns)   --->   "%pixbuf_y_val_V_5_loc_load = load i8 %pixbuf_y_val_V_5_loc"   --->   Operation 71 'load' 'pixbuf_y_val_V_5_loc_load' <Predicate = (cmp361022)> <Delay = 0.00>
ST_6 : Operation 72 [1/1] (0.00ns)   --->   "%p_0_0_0_0_0_21086_loc_load = load i8 %p_0_0_0_0_0_21086_loc"   --->   Operation 72 'load' 'p_0_0_0_0_0_21086_loc_load' <Predicate = (cmp361022)> <Delay = 0.00>
ST_6 : Operation 73 [1/1] (0.00ns)   --->   "%p_0_0_0_0_0524_21083_loc_load = load i8 %p_0_0_0_0_0524_21083_loc"   --->   Operation 73 'load' 'p_0_0_0_0_0524_21083_loc_load' <Predicate = (cmp361022)> <Delay = 0.00>
ST_6 : Operation 74 [1/1] (0.00ns)   --->   "%store_ln0 = store i8 %pixbuf_y_val_V_5_loc_load, i8 %pixbuf_y_val_V"   --->   Operation 74 'store' 'store_ln0' <Predicate = (cmp361022)> <Delay = 0.00>
ST_6 : Operation 75 [1/1] (0.00ns)   --->   "%store_ln0 = store i8 %p_0_0_0_0_0_21086_loc_load, i8 %p_0_0_0_0_0_21084_lcssa1110"   --->   Operation 75 'store' 'store_ln0' <Predicate = (cmp361022)> <Delay = 0.00>
ST_6 : Operation 76 [1/1] (0.00ns)   --->   "%store_ln0 = store i8 %p_0_0_0_0_0524_21083_loc_load, i8 %p_0_0_0_0_0524_21081_lcssa1107"   --->   Operation 76 'store' 'store_ln0' <Predicate = (cmp361022)> <Delay = 0.00>
ST_6 : Operation 77 [1/1] (0.00ns)   --->   "%store_ln0 = store i8 %p_0_0_0_0_0_21086_loc_load, i8 %p_0_1_0_0_01043_lcssa1068"   --->   Operation 77 'store' 'store_ln0' <Predicate = (cmp361022)> <Delay = 0.00>
ST_6 : Operation 78 [1/1] (0.00ns)   --->   "%store_ln0 = store i8 %p_0_0_0_0_0524_21083_loc_load, i8 %p_0_1_0_0_01039_lcssa1065"   --->   Operation 78 'store' 'store_ln0' <Predicate = (cmp361022)> <Delay = 0.00>
ST_6 : Operation 79 [1/1] (0.00ns)   --->   "%store_ln0 = store i8 %pixbuf_y_val_V_5_loc_load, i8 %p_0_0_0_0_05321037_lcssa1062"   --->   Operation 79 'store' 'store_ln0' <Predicate = (cmp361022)> <Delay = 0.00>
ST_6 : Operation 80 [1/1] (0.00ns)   --->   "%br_ln0 = br void %for.inc453"   --->   Operation 80 'br' 'br_ln0' <Predicate = (cmp361022)> <Delay = 0.00>
ST_6 : Operation 81 [1/1] (0.42ns)   --->   "%store_ln1634 = store i15 %y_3, i15 %y" [/home/user/Documents/kria-vitis-platforms/kv260/platforms/vivado/kv260_ispMipiRx_vcu_DP/project/kv260_ispMipiRx_vcu_DP.runs/bd_eab1_hsc_0_synth_1/prj/sol/.autopilot/db/v_hscaler.cpp:1634]   --->   Operation 81 'store' 'store_ln1634' <Predicate = true> <Delay = 0.42>
ST_6 : Operation 82 [1/1] (0.00ns)   --->   "%br_ln1634 = br void %VITIS_LOOP_1636_2" [/home/user/Documents/kria-vitis-platforms/kv260/platforms/vivado/kv260_ispMipiRx_vcu_DP/project/kv260_ispMipiRx_vcu_DP.runs/bd_eab1_hsc_0_synth_1/prj/sol/.autopilot/db/v_hscaler.cpp:1634]   --->   Operation 82 'br' 'br_ln1634' <Predicate = true> <Delay = 0.00>


============================================================
+ Verbose Summary: Binding
============================================================
STG Binding: 
---------------- STG Properties BEGIN ----------------
- Is combinational: 0
- Is one-state seq: 0
- Is datapath-only: 0
- Is pipelined: 0
- Is top level: 0
Port [ Return ] is wired: 1; IO mode=ap_ctrl_hs:ce=0
Port [ stream_scaled_csc]:  wired=1; compound=1; hidden=0; nouse=0; global=0; static=0; extern=0; dir=0; type=3; pingpong=0; private_global=0; IO mode=ap_fifo:ce=0
Port [ Height]:  wired=1; compound=1; hidden=0; nouse=0; global=0; static=0; extern=0; dir=0; type=3; pingpong=0; private_global=0; IO mode=ap_fifo:ce=0
Port [ WidthOut]:  wired=1; compound=1; hidden=0; nouse=0; global=0; static=0; extern=0; dir=0; type=3; pingpong=0; private_global=0; IO mode=ap_fifo:ce=0
Port [ p_read]:  wired=1; compound=0; hidden=0; nouse=0; global=0; static=0; extern=0; dir=0; type=0; pingpong=0; private_global=0; IO mode=ap_none:ce=0
Port [ stream_out_422]:  wired=1; compound=1; hidden=0; nouse=0; global=0; static=0; extern=0; dir=1; type=3; pingpong=0; private_global=0; IO mode=ap_fifo:ce=0
Port [ Height_c17]:  wired=1; compound=1; hidden=0; nouse=0; global=0; static=0; extern=0; dir=1; type=3; pingpong=0; private_global=0; IO mode=ap_fifo:ce=0
Port [ WidthOut_c21]:  wired=1; compound=1; hidden=0; nouse=0; global=0; static=0; extern=0; dir=1; type=3; pingpong=0; private_global=0; IO mode=ap_fifo:ce=0
---------------- STG Properties END ------------------

---------------- Datapath Model BEGIN ----------------

<LifeTime>
<method=bitvector/>
y                                   (alloca           ) [ 0111111]
filt_res1                           (alloca           ) [ 0011111]
p_0_0_0_0_05321031_lcssa1053        (alloca           ) [ 0011111]
p_0_1_0_0_01033_lcssa1056           (alloca           ) [ 0011111]
p_0_2_0_0_01035_lcssa1059           (alloca           ) [ 0011111]
p_0_0_0_0_05321037_lcssa1062        (alloca           ) [ 0011111]
p_0_1_0_0_01039_lcssa1065           (alloca           ) [ 0011111]
p_0_1_0_0_01043_lcssa1068           (alloca           ) [ 0011111]
p_lcssa1089                         (alloca           ) [ 0011111]
p_lcssa10771095                     (alloca           ) [ 0011111]
p_lcssa10791101                     (alloca           ) [ 0011111]
p_lcssa10801104                     (alloca           ) [ 0011111]
p_0_0_0_0_0524_21081_lcssa1107      (alloca           ) [ 0011111]
p_0_0_0_0_0_21084_lcssa1110         (alloca           ) [ 0011111]
pixbuf_y_val_V                      (alloca           ) [ 0011111]
pixbuf_y_val_V_1                    (alloca           ) [ 0011111]
pixbuf_y_val_V_2                    (alloca           ) [ 0011111]
pixbuf_y_val_V_3                    (alloca           ) [ 0011111]
pixbuf_y_val_V_4                    (alloca           ) [ 0011111]
p_read_4                            (read             ) [ 0011111]
p_0_0_0_0_0524_21083_loc            (alloca           ) [ 0011111]
p_0_0_0_0_0_21086_loc               (alloca           ) [ 0011111]
pixbuf_y_val_V_5_loc                (alloca           ) [ 0011111]
WidthOut_read                       (read             ) [ 0011111]
write_ln0                           (write            ) [ 0000000]
loopHeight                          (read             ) [ 0011111]
write_ln0                           (write            ) [ 0000000]
store_ln1634                        (store            ) [ 0000000]
specinterface_ln0                   (specinterface    ) [ 0000000]
specinterface_ln0                   (specinterface    ) [ 0000000]
specinterface_ln0                   (specinterface    ) [ 0000000]
specinterface_ln0                   (specinterface    ) [ 0000000]
specstablecontent_ln0               (specstablecontent) [ 0000000]
specstablecontent_ln0               (specstablecontent) [ 0000000]
specinterface_ln0                   (specinterface    ) [ 0000000]
specinterface_ln0                   (specinterface    ) [ 0000000]
select_ln1632                       (select           ) [ 0001111]
select_ln1632_1                     (select           ) [ 0000000]
loopWidth                           (add              ) [ 0000000]
trunc_ln1597                        (trunc            ) [ 0001111]
cmp361022                           (icmp             ) [ 0001111]
xor_ln1634                          (xor              ) [ 0001111]
br_ln1634                           (br               ) [ 0000000]
y_2                                 (load             ) [ 0000000]
zext_ln1634                         (zext             ) [ 0000000]
icmp_ln1634                         (icmp             ) [ 0001111]
speclooptripcount_ln0               (speclooptripcount) [ 0000000]
y_3                                 (add              ) [ 0000111]
br_ln1634                           (br               ) [ 0000000]
specloopname_ln1610                 (specloopname     ) [ 0000000]
br_ln1636                           (br               ) [ 0000000]
pixbuf_y_val_V_2_load               (load             ) [ 0000110]
pixbuf_y_val_V_3_load               (load             ) [ 0000110]
pixbuf_y_val_V_4_load               (load             ) [ 0000110]
empty                               (wait             ) [ 0000000]
ret_ln1792                          (ret              ) [ 0000000]
p_0_0_0_0_05321037_lcssa1062_load   (load             ) [ 0000010]
p_0_1_0_0_01039_lcssa1065_load      (load             ) [ 0000010]
p_0_1_0_0_01043_lcssa1068_load      (load             ) [ 0000010]
p_0_0_0_0_0524_21081_lcssa1107_load (load             ) [ 0000010]
p_0_0_0_0_0_21084_lcssa1110_load    (load             ) [ 0000010]
pixbuf_y_val_V_load                 (load             ) [ 0000010]
call_ln1597                         (call             ) [ 0000000]
pixbuf_y_val_V_5_loc_load           (load             ) [ 0000000]
p_0_0_0_0_0_21086_loc_load          (load             ) [ 0000000]
p_0_0_0_0_0524_21083_loc_load       (load             ) [ 0000000]
store_ln0                           (store            ) [ 0000000]
store_ln0                           (store            ) [ 0000000]
store_ln0                           (store            ) [ 0000000]
store_ln0                           (store            ) [ 0000000]
store_ln0                           (store            ) [ 0000000]
store_ln0                           (store            ) [ 0000000]
br_ln0                              (br               ) [ 0000000]
store_ln1634                        (store            ) [ 0000000]
br_ln1634                           (br               ) [ 0000000]
</LifeTime>

<model>

<comp_list>
<comp id="0" class="1000" name="stream_scaled_csc">
<pin_list>
<pin id="1" dir="1" index="0" bw="1" slack="0"/>
</pin_list>
<bind>
<StgValue><ssdm name="stream_scaled_csc"/></StgValue>
</bind>
</comp>

<comp id="2" class="1000" name="Height">
<pin_list>
<pin id="3" dir="1" index="0" bw="1" slack="0"/>
</pin_list>
<bind>
<StgValue><ssdm name="Height"/></StgValue>
</bind>
</comp>

<comp id="4" class="1000" name="WidthOut">
<pin_list>
<pin id="5" dir="1" index="0" bw="1" slack="0"/>
</pin_list>
<bind>
<StgValue><ssdm name="WidthOut"/></StgValue>
</bind>
</comp>

<comp id="6" class="1000" name="p_read">
<pin_list>
<pin id="7" dir="1" index="0" bw="1" slack="0"/>
</pin_list>
<bind>
<StgValue><ssdm name="p_read"/></StgValue>
</bind>
</comp>

<comp id="8" class="1000" name="stream_out_422">
<pin_list>
<pin id="9" dir="1" index="0" bw="1" slack="0"/>
</pin_list>
<bind>
<StgValue><ssdm name="stream_out_422"/></StgValue>
</bind>
</comp>

<comp id="10" class="1000" name="Height_c17">
<pin_list>
<pin id="11" dir="1" index="0" bw="1" slack="0"/>
</pin_list>
<bind>
<StgValue><ssdm name="Height_c17"/></StgValue>
</bind>
</comp>

<comp id="12" class="1000" name="WidthOut_c21">
<pin_list>
<pin id="13" dir="1" index="0" bw="1" slack="0"/>
</pin_list>
<bind>
<StgValue><ssdm name="WidthOut_c21"/></StgValue>
</bind>
</comp>

<comp id="14" class="1001" name="const_14">
<pin_list>
<pin id="15" dir="1" index="0" bw="1" slack="0"/>
</pin_list>
<bind>
<StgValue><ssdm name=""/></StgValue>
</bind>
</comp>

<comp id="16" class="1001" name="const_16">
<pin_list>
<pin id="17" dir="1" index="0" bw="1" slack="0"/>
</pin_list>
<bind>
<StgValue><ssdm name="_ssdm_op_Read.ap_auto.i1"/></StgValue>
</bind>
</comp>

<comp id="18" class="1001" name="const_18">
<pin_list>
<pin id="19" dir="1" index="0" bw="1" slack="0"/>
</pin_list>
<bind>
<StgValue><ssdm name=""/></StgValue>
</bind>
</comp>

<comp id="20" class="1001" name="const_20">
<pin_list>
<pin id="21" dir="1" index="0" bw="1" slack="0"/>
</pin_list>
<bind>
<StgValue><ssdm name="_ssdm_op_Read.ap_fifo.i16P0A"/></StgValue>
</bind>
</comp>

<comp id="22" class="1001" name="const_22">
<pin_list>
<pin id="23" dir="1" index="0" bw="1" slack="0"/>
</pin_list>
<bind>
<StgValue><ssdm name="_ssdm_op_Write.ap_fifo.i16P0A"/></StgValue>
</bind>
</comp>

<comp id="24" class="1001" name="const_24">
<pin_list>
<pin id="25" dir="1" index="0" bw="1" slack="0"/>
</pin_list>
<bind>
<StgValue><ssdm name=""/></StgValue>
</bind>
</comp>

<comp id="26" class="1001" name="const_26">
<pin_list>
<pin id="27" dir="1" index="0" bw="1" slack="2147483647"/>
</pin_list>
<bind>
<StgValue><ssdm name="_ssdm_op_SpecInterface"/></StgValue>
</bind>
</comp>

<comp id="28" class="1001" name="const_28">
<pin_list>
<pin id="29" dir="1" index="0" bw="1" slack="2147483647"/>
</pin_list>
<bind>
<StgValue><ssdm name="ap_fifo_str"/></StgValue>
</bind>
</comp>

<comp id="30" class="1001" name="const_30">
<pin_list>
<pin id="31" dir="1" index="0" bw="1" slack="2147483647"/>
</pin_list>
<bind>
<StgValue><ssdm name=""/></StgValue>
</bind>
</comp>

<comp id="32" class="1001" name="const_32">
<pin_list>
<pin id="33" dir="1" index="0" bw="1" slack="2147483647"/>
</pin_list>
<bind>
<StgValue><ssdm name="p_str"/></StgValue>
</bind>
</comp>

<comp id="34" class="1001" name="const_34">
<pin_list>
<pin id="35" dir="1" index="0" bw="1" slack="2147483647"/>
</pin_list>
<bind>
<StgValue><ssdm name=""/></StgValue>
</bind>
</comp>

<comp id="36" class="1001" name="const_36">
<pin_list>
<pin id="37" dir="1" index="0" bw="1" slack="2147483647"/>
</pin_list>
<bind>
<StgValue><ssdm name=""/></StgValue>
</bind>
</comp>

<comp id="38" class="1001" name="const_38">
<pin_list>
<pin id="39" dir="1" index="0" bw="1" slack="2147483647"/>
</pin_list>
<bind>
<StgValue><ssdm name="ScalarProp_str"/></StgValue>
</bind>
</comp>

<comp id="40" class="1001" name="const_40">
<pin_list>
<pin id="41" dir="1" index="0" bw="1" slack="2147483647"/>
</pin_list>
<bind>
<StgValue><ssdm name=""/></StgValue>
</bind>
</comp>

<comp id="42" class="1001" name="const_42">
<pin_list>
<pin id="43" dir="1" index="0" bw="1" slack="2147483647"/>
</pin_list>
<bind>
<StgValue><ssdm name="_ssdm_op_SpecStableContent"/></StgValue>
</bind>
</comp>

<comp id="44" class="1001" name="const_44">
<pin_list>
<pin id="45" dir="1" index="0" bw="1" slack="2147483647"/>
</pin_list>
<bind>
<StgValue><ssdm name=""/></StgValue>
</bind>
</comp>

<comp id="46" class="1001" name="const_46">
<pin_list>
<pin id="47" dir="1" index="0" bw="1" slack="2147483647"/>
</pin_list>
<bind>
<StgValue><ssdm name="empty_14"/></StgValue>
</bind>
</comp>

<comp id="48" class="1001" name="const_48">
<pin_list>
<pin id="49" dir="1" index="0" bw="1" slack="2147483647"/>
</pin_list>
<bind>
<StgValue><ssdm name="empty_25"/></StgValue>
</bind>
</comp>

<comp id="50" class="1001" name="const_50">
<pin_list>
<pin id="51" dir="1" index="0" bw="1" slack="0"/>
</pin_list>
<bind>
<StgValue><ssdm name=""/></StgValue>
</bind>
</comp>

<comp id="52" class="1001" name="const_52">
<pin_list>
<pin id="53" dir="1" index="0" bw="1" slack="0"/>
</pin_list>
<bind>
<StgValue><ssdm name=""/></StgValue>
</bind>
</comp>

<comp id="54" class="1001" name="const_54">
<pin_list>
<pin id="55" dir="1" index="0" bw="1" slack="0"/>
</pin_list>
<bind>
<StgValue><ssdm name=""/></StgValue>
</bind>
</comp>

<comp id="56" class="1001" name="const_56">
<pin_list>
<pin id="57" dir="1" index="0" bw="1" slack="0"/>
</pin_list>
<bind>
<StgValue><ssdm name=""/></StgValue>
</bind>
</comp>

<comp id="58" class="1001" name="const_58">
<pin_list>
<pin id="59" dir="1" index="0" bw="1" slack="0"/>
</pin_list>
<bind>
<StgValue><ssdm name=""/></StgValue>
</bind>
</comp>

<comp id="60" class="1001" name="const_60">
<pin_list>
<pin id="61" dir="1" index="0" bw="1" slack="2147483647"/>
</pin_list>
<bind>
<StgValue><ssdm name="_ssdm_op_SpecLoopTripCount"/></StgValue>
</bind>
</comp>

<comp id="62" class="1001" name="const_62">
<pin_list>
<pin id="63" dir="1" index="0" bw="1" slack="2147483647"/>
</pin_list>
<bind>
<StgValue><ssdm name=""/></StgValue>
</bind>
</comp>

<comp id="64" class="1001" name="const_64">
<pin_list>
<pin id="65" dir="1" index="0" bw="1" slack="2147483647"/>
</pin_list>
<bind>
<StgValue><ssdm name=""/></StgValue>
</bind>
</comp>

<comp id="66" class="1001" name="const_66">
<pin_list>
<pin id="67" dir="1" index="0" bw="1" slack="0"/>
</pin_list>
<bind>
<StgValue><ssdm name=""/></StgValue>
</bind>
</comp>

<comp id="68" class="1001" name="const_68">
<pin_list>
<pin id="69" dir="1" index="0" bw="1" slack="2147483647"/>
</pin_list>
<bind>
<StgValue><ssdm name="_ssdm_op_SpecLoopName"/></StgValue>
</bind>
</comp>

<comp id="70" class="1001" name="const_70">
<pin_list>
<pin id="71" dir="1" index="0" bw="1" slack="2147483647"/>
</pin_list>
<bind>
<StgValue><ssdm name="empty_23"/></StgValue>
</bind>
</comp>

<comp id="72" class="1001" name="const_72">
<pin_list>
<pin id="73" dir="1" index="0" bw="1" slack="2147483647"/>
</pin_list>
<bind>
<StgValue><ssdm name="_ssdm_op_Wait"/></StgValue>
</bind>
</comp>

<comp id="74" class="1001" name="const_74">
<pin_list>
<pin id="75" dir="1" index="0" bw="1" slack="0"/>
</pin_list>
<bind>
<StgValue><ssdm name="v_hcresampler_core.1_Pipeline_VITIS_LOOP_1636_2"/></StgValue>
</bind>
</comp>

<comp id="76" class="1004" name="y_fu_76">
<pin_list>
<pin id="77" dir="0" index="0" bw="1" slack="0"/>
<pin id="78" dir="1" index="1" bw="15" slack="0"/>
</pin_list>
<bind>
<opcode="alloca(26) " fcode="alloca"/>
<opset="y/1 "/>
</bind>
</comp>

<comp id="80" class="1004" name="filt_res1_fu_80">
<pin_list>
<pin id="81" dir="0" index="0" bw="1" slack="0"/>
<pin id="82" dir="1" index="1" bw="64" slack="3"/>
</pin_list>
<bind>
<opcode="alloca(26) " fcode="alloca"/>
<opset="filt_res1/1 "/>
</bind>
</comp>

<comp id="84" class="1004" name="p_0_0_0_0_05321031_lcssa1053_fu_84">
<pin_list>
<pin id="85" dir="0" index="0" bw="1" slack="0"/>
<pin id="86" dir="1" index="1" bw="8" slack="3"/>
</pin_list>
<bind>
<opcode="alloca(26) " fcode="alloca"/>
<opset="p_0_0_0_0_05321031_lcssa1053/1 "/>
</bind>
</comp>

<comp id="88" class="1004" name="p_0_1_0_0_01033_lcssa1056_fu_88">
<pin_list>
<pin id="89" dir="0" index="0" bw="1" slack="0"/>
<pin id="90" dir="1" index="1" bw="8" slack="3"/>
</pin_list>
<bind>
<opcode="alloca(26) " fcode="alloca"/>
<opset="p_0_1_0_0_01033_lcssa1056/1 "/>
</bind>
</comp>

<comp id="92" class="1004" name="p_0_2_0_0_01035_lcssa1059_fu_92">
<pin_list>
<pin id="93" dir="0" index="0" bw="1" slack="0"/>
<pin id="94" dir="1" index="1" bw="8" slack="3"/>
</pin_list>
<bind>
<opcode="alloca(26) " fcode="alloca"/>
<opset="p_0_2_0_0_01035_lcssa1059/1 "/>
</bind>
</comp>

<comp id="96" class="1004" name="p_0_0_0_0_05321037_lcssa1062_fu_96">
<pin_list>
<pin id="97" dir="0" index="0" bw="1" slack="0"/>
<pin id="98" dir="1" index="1" bw="8" slack="3"/>
</pin_list>
<bind>
<opcode="alloca(26) " fcode="alloca"/>
<opset="p_0_0_0_0_05321037_lcssa1062/1 "/>
</bind>
</comp>

<comp id="100" class="1004" name="p_0_1_0_0_01039_lcssa1065_fu_100">
<pin_list>
<pin id="101" dir="0" index="0" bw="1" slack="0"/>
<pin id="102" dir="1" index="1" bw="8" slack="3"/>
</pin_list>
<bind>
<opcode="alloca(26) " fcode="alloca"/>
<opset="p_0_1_0_0_01039_lcssa1065/1 "/>
</bind>
</comp>

<comp id="104" class="1004" name="p_0_1_0_0_01043_lcssa1068_fu_104">
<pin_list>
<pin id="105" dir="0" index="0" bw="1" slack="0"/>
<pin id="106" dir="1" index="1" bw="8" slack="3"/>
</pin_list>
<bind>
<opcode="alloca(26) " fcode="alloca"/>
<opset="p_0_1_0_0_01043_lcssa1068/1 "/>
</bind>
</comp>

<comp id="108" class="1004" name="p_lcssa1089_fu_108">
<pin_list>
<pin id="109" dir="0" index="0" bw="1" slack="0"/>
<pin id="110" dir="1" index="1" bw="8" slack="3"/>
</pin_list>
<bind>
<opcode="alloca(26) " fcode="alloca"/>
<opset="p_lcssa1089/1 "/>
</bind>
</comp>

<comp id="112" class="1004" name="p_lcssa10771095_fu_112">
<pin_list>
<pin id="113" dir="0" index="0" bw="1" slack="0"/>
<pin id="114" dir="1" index="1" bw="8" slack="3"/>
</pin_list>
<bind>
<opcode="alloca(26) " fcode="alloca"/>
<opset="p_lcssa10771095/1 "/>
</bind>
</comp>

<comp id="116" class="1004" name="p_lcssa10791101_fu_116">
<pin_list>
<pin id="117" dir="0" index="0" bw="1" slack="0"/>
<pin id="118" dir="1" index="1" bw="8" slack="3"/>
</pin_list>
<bind>
<opcode="alloca(26) " fcode="alloca"/>
<opset="p_lcssa10791101/1 "/>
</bind>
</comp>

<comp id="120" class="1004" name="p_lcssa10801104_fu_120">
<pin_list>
<pin id="121" dir="0" index="0" bw="1" slack="0"/>
<pin id="122" dir="1" index="1" bw="8" slack="3"/>
</pin_list>
<bind>
<opcode="alloca(26) " fcode="alloca"/>
<opset="p_lcssa10801104/1 "/>
</bind>
</comp>

<comp id="124" class="1004" name="p_0_0_0_0_0524_21081_lcssa1107_fu_124">
<pin_list>
<pin id="125" dir="0" index="0" bw="1" slack="0"/>
<pin id="126" dir="1" index="1" bw="8" slack="3"/>
</pin_list>
<bind>
<opcode="alloca(26) " fcode="alloca"/>
<opset="p_0_0_0_0_0524_21081_lcssa1107/1 "/>
</bind>
</comp>

<comp id="128" class="1004" name="p_0_0_0_0_0_21084_lcssa1110_fu_128">
<pin_list>
<pin id="129" dir="0" index="0" bw="1" slack="0"/>
<pin id="130" dir="1" index="1" bw="8" slack="3"/>
</pin_list>
<bind>
<opcode="alloca(26) " fcode="alloca"/>
<opset="p_0_0_0_0_0_21084_lcssa1110/1 "/>
</bind>
</comp>

<comp id="132" class="1004" name="pixbuf_y_val_V_fu_132">
<pin_list>
<pin id="133" dir="0" index="0" bw="1" slack="0"/>
<pin id="134" dir="1" index="1" bw="8" slack="3"/>
</pin_list>
<bind>
<opcode="alloca(26) " fcode="alloca"/>
<opset="pixbuf_y_val_V/1 "/>
</bind>
</comp>

<comp id="136" class="1004" name="pixbuf_y_val_V_1_fu_136">
<pin_list>
<pin id="137" dir="0" index="0" bw="1" slack="0"/>
<pin id="138" dir="1" index="1" bw="8" slack="3"/>
</pin_list>
<bind>
<opcode="alloca(26) " fcode="alloca"/>
<opset="pixbuf_y_val_V_1/1 "/>
</bind>
</comp>

<comp id="140" class="1004" name="pixbuf_y_val_V_2_fu_140">
<pin_list>
<pin id="141" dir="0" index="0" bw="1" slack="0"/>
<pin id="142" dir="1" index="1" bw="8" slack="2"/>
</pin_list>
<bind>
<opcode="alloca(26) " fcode="alloca"/>
<opset="pixbuf_y_val_V_2/1 "/>
</bind>
</comp>

<comp id="144" class="1004" name="pixbuf_y_val_V_3_fu_144">
<pin_list>
<pin id="145" dir="0" index="0" bw="1" slack="0"/>
<pin id="146" dir="1" index="1" bw="8" slack="2"/>
</pin_list>
<bind>
<opcode="alloca(26) " fcode="alloca"/>
<opset="pixbuf_y_val_V_3/1 "/>
</bind>
</comp>

<comp id="148" class="1004" name="pixbuf_y_val_V_4_fu_148">
<pin_list>
<pin id="149" dir="0" index="0" bw="1" slack="0"/>
<pin id="150" dir="1" index="1" bw="8" slack="2"/>
</pin_list>
<bind>
<opcode="alloca(26) " fcode="alloca"/>
<opset="pixbuf_y_val_V_4/1 "/>
</bind>
</comp>

<comp id="152" class="1004" name="p_0_0_0_0_0524_21083_loc_fu_152">
<pin_list>
<pin id="153" dir="0" index="0" bw="1" slack="0"/>
<pin id="154" dir="1" index="1" bw="8" slack="3"/>
</pin_list>
<bind>
<opcode="alloca(26) " fcode="alloca"/>
<opset="p_0_0_0_0_0524_21083_loc/1 "/>
</bind>
</comp>

<comp id="156" class="1004" name="p_0_0_0_0_0_21086_loc_fu_156">
<pin_list>
<pin id="157" dir="0" index="0" bw="1" slack="0"/>
<pin id="158" dir="1" index="1" bw="8" slack="3"/>
</pin_list>
<bind>
<opcode="alloca(26) " fcode="alloca"/>
<opset="p_0_0_0_0_0_21086_loc/1 "/>
</bind>
</comp>

<comp id="160" class="1004" name="pixbuf_y_val_V_5_loc_fu_160">
<pin_list>
<pin id="161" dir="0" index="0" bw="1" slack="0"/>
<pin id="162" dir="1" index="1" bw="8" slack="3"/>
</pin_list>
<bind>
<opcode="alloca(26) " fcode="alloca"/>
<opset="pixbuf_y_val_V_5_loc/1 "/>
</bind>
</comp>

<comp id="164" class="1004" name="p_read_4_read_fu_164">
<pin_list>
<pin id="165" dir="0" index="0" bw="1" slack="0"/>
<pin id="166" dir="0" index="1" bw="1" slack="0"/>
<pin id="167" dir="1" index="2" bw="1" slack="1"/>
</pin_list>
<bind>
<opcode="read(1150) " fcode="read"/>
<opset="p_read_4/1 "/>
</bind>
</comp>

<comp id="170" class="1004" name="WidthOut_read_read_fu_170">
<pin_list>
<pin id="171" dir="0" index="0" bw="16" slack="0"/>
<pin id="172" dir="0" index="1" bw="16" slack="0"/>
<pin id="173" dir="1" index="2" bw="16" slack="0"/>
</pin_list>
<bind>
<opcode="read(1150) " fcode="read"/>
<opset="WidthOut_read/1 "/>
</bind>
</comp>

<comp id="176" class="1004" name="write_ln0_write_fu_176">
<pin_list>
<pin id="177" dir="0" index="0" bw="0" slack="0"/>
<pin id="178" dir="0" index="1" bw="16" slack="0"/>
<pin id="179" dir="0" index="2" bw="16" slack="0"/>
<pin id="180" dir="1" index="3" bw="0" slack="2147483647"/>
</pin_list>
<bind>
<opcode="write(1151) " fcode="write"/>
<opset="write_ln0/1 "/>
</bind>
</comp>

<comp id="184" class="1004" name="loopHeight_read_fu_184">
<pin_list>
<pin id="185" dir="0" index="0" bw="16" slack="0"/>
<pin id="186" dir="0" index="1" bw="16" slack="0"/>
<pin id="187" dir="1" index="2" bw="16" slack="0"/>
</pin_list>
<bind>
<opcode="read(1150) " fcode="read"/>
<opset="loopHeight/1 "/>
</bind>
</comp>

<comp id="190" class="1004" name="write_ln0_write_fu_190">
<pin_list>
<pin id="191" dir="0" index="0" bw="0" slack="0"/>
<pin id="192" dir="0" index="1" bw="16" slack="0"/>
<pin id="193" dir="0" index="2" bw="16" slack="0"/>
<pin id="194" dir="1" index="3" bw="0" slack="2147483647"/>
</pin_list>
<bind>
<opcode="write(1151) " fcode="write"/>
<opset="write_ln0/1 "/>
</bind>
</comp>

<comp id="198" class="1004" name="grp_v_hcresampler_core_1_Pipeline_VITIS_LOOP_1636_2_fu_198">
<pin_list>
<pin id="199" dir="0" index="0" bw="0" slack="0"/>
<pin id="200" dir="0" index="1" bw="8" slack="2"/>
<pin id="201" dir="0" index="2" bw="8" slack="2"/>
<pin id="202" dir="0" index="3" bw="8" slack="2"/>
<pin id="203" dir="0" index="4" bw="8" slack="0"/>
<pin id="204" dir="0" index="5" bw="8" slack="0"/>
<pin id="205" dir="0" index="6" bw="8" slack="0"/>
<pin id="206" dir="0" index="7" bw="8" slack="0"/>
<pin id="207" dir="0" index="8" bw="8" slack="0"/>
<pin id="208" dir="0" index="9" bw="8" slack="0"/>
<pin id="209" dir="0" index="10" bw="15" slack="2"/>
<pin id="210" dir="0" index="11" bw="1" slack="2"/>
<pin id="211" dir="0" index="12" bw="2" slack="2"/>
<pin id="212" dir="0" index="13" bw="16" slack="3"/>
<pin id="213" dir="0" index="14" bw="24" slack="0"/>
<pin id="214" dir="0" index="15" bw="24" slack="0"/>
<pin id="215" dir="0" index="16" bw="1" slack="3"/>
<pin id="216" dir="0" index="17" bw="8" slack="3"/>
<pin id="217" dir="0" index="18" bw="8" slack="3"/>
<pin id="218" dir="0" index="19" bw="8" slack="3"/>
<pin id="219" dir="0" index="20" bw="8" slack="3"/>
<pin id="220" dir="0" index="21" bw="8" slack="3"/>
<pin id="221" dir="0" index="22" bw="8" slack="3"/>
<pin id="222" dir="0" index="23" bw="8" slack="3"/>
<pin id="223" dir="0" index="24" bw="8" slack="3"/>
<pin id="224" dir="0" index="25" bw="8" slack="3"/>
<pin id="225" dir="0" index="26" bw="8" slack="3"/>
<pin id="226" dir="0" index="27" bw="8" slack="3"/>
<pin id="227" dir="0" index="28" bw="8" slack="3"/>
<pin id="228" dir="0" index="29" bw="8" slack="3"/>
<pin id="229" dir="0" index="30" bw="8" slack="3"/>
<pin id="230" dir="0" index="31" bw="64" slack="3"/>
<pin id="231" dir="1" index="32" bw="0" slack="2147483647"/>
</pin_list>
<bind>
<opcode="call(48) " fcode="call"/>
<opset="call_ln1597/4 "/>
</bind>
</comp>

<comp id="235" class="1004" name="store_ln1634_store_fu_235">
<pin_list>
<pin id="236" dir="0" index="0" bw="1" slack="0"/>
<pin id="237" dir="0" index="1" bw="15" slack="0"/>
<pin id="238" dir="1" index="2" bw="0" slack="2147483647"/>
</pin_list>
<bind>
<opcode="store(28) " fcode="store"/>
<opset="store_ln1634/1 "/>
</bind>
</comp>

<comp id="240" class="1004" name="select_ln1632_fu_240">
<pin_list>
<pin id="241" dir="0" index="0" bw="1" slack="1"/>
<pin id="242" dir="0" index="1" bw="2" slack="0"/>
<pin id="243" dir="0" index="2" bw="2" slack="0"/>
<pin id="244" dir="1" index="3" bw="2" slack="2"/>
</pin_list>
<bind>
<opcode="select(49) " fcode="select"/>
<opset="select_ln1632/2 "/>
</bind>
</comp>

<comp id="247" class="1004" name="select_ln1632_1_fu_247">
<pin_list>
<pin id="248" dir="0" index="0" bw="1" slack="1"/>
<pin id="249" dir="0" index="1" bw="16" slack="0"/>
<pin id="250" dir="0" index="2" bw="16" slack="0"/>
<pin id="251" dir="1" index="3" bw="16" slack="0"/>
</pin_list>
<bind>
<opcode="select(49) " fcode="select"/>
<opset="select_ln1632_1/2 "/>
</bind>
</comp>

<comp id="254" class="1004" name="loopWidth_fu_254">
<pin_list>
<pin id="255" dir="0" index="0" bw="16" slack="1"/>
<pin id="256" dir="0" index="1" bw="3" slack="0"/>
<pin id="257" dir="1" index="2" bw="16" slack="0"/>
</pin_list>
<bind>
<opcode="add(8) " fcode="add"/>
<opset="loopWidth/2 "/>
</bind>
</comp>

<comp id="259" class="1004" name="trunc_ln1597_fu_259">
<pin_list>
<pin id="260" dir="0" index="0" bw="16" slack="0"/>
<pin id="261" dir="1" index="1" bw="15" slack="2"/>
</pin_list>
<bind>
<opcode="trunc(33) " fcode="trunc"/>
<opset="trunc_ln1597/2 "/>
</bind>
</comp>

<comp id="263" class="1004" name="cmp361022_fu_263">
<pin_list>
<pin id="264" dir="0" index="0" bw="16" slack="0"/>
<pin id="265" dir="0" index="1" bw="16" slack="0"/>
<pin id="266" dir="1" index="2" bw="1" slack="1"/>
</pin_list>
<bind>
<opcode="icmp(45) " fcode="icmp"/>
<opset="cmp361022/2 "/>
</bind>
</comp>

<comp id="269" class="1004" name="xor_ln1634_fu_269">
<pin_list>
<pin id="270" dir="0" index="0" bw="1" slack="1"/>
<pin id="271" dir="0" index="1" bw="1" slack="0"/>
<pin id="272" dir="1" index="2" bw="1" slack="2"/>
</pin_list>
<bind>
<opcode="xor(25) " fcode="xor"/>
<opset="xor_ln1634/2 "/>
</bind>
</comp>

<comp id="274" class="1004" name="y_2_load_fu_274">
<pin_list>
<pin id="275" dir="0" index="0" bw="15" slack="2"/>
<pin id="276" dir="1" index="1" bw="15" slack="0"/>
</pin_list>
<bind>
<opcode="load(27) " fcode="load"/>
<opset="y_2/3 "/>
</bind>
</comp>

<comp id="277" class="1004" name="zext_ln1634_fu_277">
<pin_list>
<pin id="278" dir="0" index="0" bw="15" slack="0"/>
<pin id="279" dir="1" index="1" bw="16" slack="0"/>
</pin_list>
<bind>
<opcode="zext(34) " fcode="zext"/>
<opset="zext_ln1634/3 "/>
</bind>
</comp>

<comp id="281" class="1004" name="icmp_ln1634_fu_281">
<pin_list>
<pin id="282" dir="0" index="0" bw="16" slack="0"/>
<pin id="283" dir="0" index="1" bw="16" slack="2"/>
<pin id="284" dir="1" index="2" bw="1" slack="2147483647"/>
</pin_list>
<bind>
<opcode="icmp(45) " fcode="icmp"/>
<opset="icmp_ln1634/3 "/>
</bind>
</comp>

<comp id="286" class="1004" name="y_3_fu_286">
<pin_list>
<pin id="287" dir="0" index="0" bw="15" slack="0"/>
<pin id="288" dir="0" index="1" bw="1" slack="0"/>
<pin id="289" dir="1" index="2" bw="15" slack="3"/>
</pin_list>
<bind>
<opcode="add(8) " fcode="add"/>
<opset="y_3/3 "/>
</bind>
</comp>

<comp id="292" class="1004" name="pixbuf_y_val_V_2_load_load_fu_292">
<pin_list>
<pin id="293" dir="0" index="0" bw="8" slack="2"/>
<pin id="294" dir="1" index="1" bw="8" slack="2"/>
</pin_list>
<bind>
<opcode="load(27) " fcode="load"/>
<opset="pixbuf_y_val_V_2_load/3 "/>
</bind>
</comp>

<comp id="295" class="1004" name="pixbuf_y_val_V_3_load_load_fu_295">
<pin_list>
<pin id="296" dir="0" index="0" bw="8" slack="2"/>
<pin id="297" dir="1" index="1" bw="8" slack="2"/>
</pin_list>
<bind>
<opcode="load(27) " fcode="load"/>
<opset="pixbuf_y_val_V_3_load/3 "/>
</bind>
</comp>

<comp id="298" class="1004" name="pixbuf_y_val_V_4_load_load_fu_298">
<pin_list>
<pin id="299" dir="0" index="0" bw="8" slack="2"/>
<pin id="300" dir="1" index="1" bw="8" slack="2"/>
</pin_list>
<bind>
<opcode="load(27) " fcode="load"/>
<opset="pixbuf_y_val_V_4_load/3 "/>
</bind>
</comp>

<comp id="301" class="1004" name="p_0_0_0_0_05321037_lcssa1062_load_load_fu_301">
<pin_list>
<pin id="302" dir="0" index="0" bw="8" slack="3"/>
<pin id="303" dir="1" index="1" bw="8" slack="0"/>
</pin_list>
<bind>
<opcode="load(27) " fcode="load"/>
<opset="p_0_0_0_0_05321037_lcssa1062_load/4 "/>
</bind>
</comp>

<comp id="305" class="1004" name="p_0_1_0_0_01039_lcssa1065_load_load_fu_305">
<pin_list>
<pin id="306" dir="0" index="0" bw="8" slack="3"/>
<pin id="307" dir="1" index="1" bw="8" slack="0"/>
</pin_list>
<bind>
<opcode="load(27) " fcode="load"/>
<opset="p_0_1_0_0_01039_lcssa1065_load/4 "/>
</bind>
</comp>

<comp id="309" class="1004" name="p_0_1_0_0_01043_lcssa1068_load_load_fu_309">
<pin_list>
<pin id="310" dir="0" index="0" bw="8" slack="3"/>
<pin id="311" dir="1" index="1" bw="8" slack="0"/>
</pin_list>
<bind>
<opcode="load(27) " fcode="load"/>
<opset="p_0_1_0_0_01043_lcssa1068_load/4 "/>
</bind>
</comp>

<comp id="313" class="1004" name="p_0_0_0_0_0524_21081_lcssa1107_load_load_fu_313">
<pin_list>
<pin id="314" dir="0" index="0" bw="8" slack="3"/>
<pin id="315" dir="1" index="1" bw="8" slack="0"/>
</pin_list>
<bind>
<opcode="load(27) " fcode="load"/>
<opset="p_0_0_0_0_0524_21081_lcssa1107_load/4 "/>
</bind>
</comp>

<comp id="317" class="1004" name="p_0_0_0_0_0_21084_lcssa1110_load_load_fu_317">
<pin_list>
<pin id="318" dir="0" index="0" bw="8" slack="3"/>
<pin id="319" dir="1" index="1" bw="8" slack="0"/>
</pin_list>
<bind>
<opcode="load(27) " fcode="load"/>
<opset="p_0_0_0_0_0_21084_lcssa1110_load/4 "/>
</bind>
</comp>

<comp id="321" class="1004" name="pixbuf_y_val_V_load_load_fu_321">
<pin_list>
<pin id="322" dir="0" index="0" bw="8" slack="3"/>
<pin id="323" dir="1" index="1" bw="8" slack="0"/>
</pin_list>
<bind>
<opcode="load(27) " fcode="load"/>
<opset="pixbuf_y_val_V_load/4 "/>
</bind>
</comp>

<comp id="325" class="1004" name="pixbuf_y_val_V_5_loc_load_load_fu_325">
<pin_list>
<pin id="326" dir="0" index="0" bw="8" slack="5"/>
<pin id="327" dir="1" index="1" bw="8" slack="0"/>
</pin_list>
<bind>
<opcode="load(27) " fcode="load"/>
<opset="pixbuf_y_val_V_5_loc_load/6 "/>
</bind>
</comp>

<comp id="328" class="1004" name="p_0_0_0_0_0_21086_loc_load_load_fu_328">
<pin_list>
<pin id="329" dir="0" index="0" bw="8" slack="5"/>
<pin id="330" dir="1" index="1" bw="8" slack="0"/>
</pin_list>
<bind>
<opcode="load(27) " fcode="load"/>
<opset="p_0_0_0_0_0_21086_loc_load/6 "/>
</bind>
</comp>

<comp id="331" class="1004" name="p_0_0_0_0_0524_21083_loc_load_load_fu_331">
<pin_list>
<pin id="332" dir="0" index="0" bw="8" slack="5"/>
<pin id="333" dir="1" index="1" bw="8" slack="0"/>
</pin_list>
<bind>
<opcode="load(27) " fcode="load"/>
<opset="p_0_0_0_0_0524_21083_loc_load/6 "/>
</bind>
</comp>

<comp id="334" class="1004" name="store_ln0_store_fu_334">
<pin_list>
<pin id="335" dir="0" index="0" bw="8" slack="0"/>
<pin id="336" dir="0" index="1" bw="8" slack="5"/>
<pin id="337" dir="1" index="2" bw="0" slack="2147483647"/>
</pin_list>
<bind>
<opcode="store(28) " fcode="store"/>
<opset="store_ln0/6 "/>
</bind>
</comp>

<comp id="339" class="1004" name="store_ln0_store_fu_339">
<pin_list>
<pin id="340" dir="0" index="0" bw="8" slack="0"/>
<pin id="341" dir="0" index="1" bw="8" slack="5"/>
<pin id="342" dir="1" index="2" bw="0" slack="2147483647"/>
</pin_list>
<bind>
<opcode="store(28) " fcode="store"/>
<opset="store_ln0/6 "/>
</bind>
</comp>

<comp id="344" class="1004" name="store_ln0_store_fu_344">
<pin_list>
<pin id="345" dir="0" index="0" bw="8" slack="0"/>
<pin id="346" dir="0" index="1" bw="8" slack="5"/>
<pin id="347" dir="1" index="2" bw="0" slack="2147483647"/>
</pin_list>
<bind>
<opcode="store(28) " fcode="store"/>
<opset="store_ln0/6 "/>
</bind>
</comp>

<comp id="349" class="1004" name="store_ln0_store_fu_349">
<pin_list>
<pin id="350" dir="0" index="0" bw="8" slack="0"/>
<pin id="351" dir="0" index="1" bw="8" slack="5"/>
<pin id="352" dir="1" index="2" bw="0" slack="2147483647"/>
</pin_list>
<bind>
<opcode="store(28) " fcode="store"/>
<opset="store_ln0/6 "/>
</bind>
</comp>

<comp id="354" class="1004" name="store_ln0_store_fu_354">
<pin_list>
<pin id="355" dir="0" index="0" bw="8" slack="0"/>
<pin id="356" dir="0" index="1" bw="8" slack="5"/>
<pin id="357" dir="1" index="2" bw="0" slack="2147483647"/>
</pin_list>
<bind>
<opcode="store(28) " fcode="store"/>
<opset="store_ln0/6 "/>
</bind>
</comp>

<comp id="359" class="1004" name="store_ln0_store_fu_359">
<pin_list>
<pin id="360" dir="0" index="0" bw="8" slack="0"/>
<pin id="361" dir="0" index="1" bw="8" slack="5"/>
<pin id="362" dir="1" index="2" bw="0" slack="2147483647"/>
</pin_list>
<bind>
<opcode="store(28) " fcode="store"/>
<opset="store_ln0/6 "/>
</bind>
</comp>

<comp id="364" class="1004" name="store_ln1634_store_fu_364">
<pin_list>
<pin id="365" dir="0" index="0" bw="15" slack="3"/>
<pin id="366" dir="0" index="1" bw="15" slack="5"/>
<pin id="367" dir="1" index="2" bw="0" slack="2147483647"/>
</pin_list>
<bind>
<opcode="store(28) " fcode="store"/>
<opset="store_ln1634/6 "/>
</bind>
</comp>

<comp id="368" class="1005" name="y_reg_368">
<pin_list>
<pin id="369" dir="0" index="0" bw="15" slack="0"/>
<pin id="370" dir="1" index="1" bw="15" slack="0"/>
</pin_list>
<bind>
<opset="y "/>
</bind>
</comp>

<comp id="375" class="1005" name="filt_res1_reg_375">
<pin_list>
<pin id="376" dir="0" index="0" bw="64" slack="3"/>
<pin id="377" dir="1" index="1" bw="64" slack="3"/>
</pin_list>
<bind>
<opset="filt_res1 "/>
</bind>
</comp>

<comp id="380" class="1005" name="p_0_0_0_0_05321031_lcssa1053_reg_380">
<pin_list>
<pin id="381" dir="0" index="0" bw="8" slack="3"/>
<pin id="382" dir="1" index="1" bw="8" slack="3"/>
</pin_list>
<bind>
<opset="p_0_0_0_0_05321031_lcssa1053 "/>
</bind>
</comp>

<comp id="385" class="1005" name="p_0_1_0_0_01033_lcssa1056_reg_385">
<pin_list>
<pin id="386" dir="0" index="0" bw="8" slack="3"/>
<pin id="387" dir="1" index="1" bw="8" slack="3"/>
</pin_list>
<bind>
<opset="p_0_1_0_0_01033_lcssa1056 "/>
</bind>
</comp>

<comp id="390" class="1005" name="p_0_2_0_0_01035_lcssa1059_reg_390">
<pin_list>
<pin id="391" dir="0" index="0" bw="8" slack="3"/>
<pin id="392" dir="1" index="1" bw="8" slack="3"/>
</pin_list>
<bind>
<opset="p_0_2_0_0_01035_lcssa1059 "/>
</bind>
</comp>

<comp id="395" class="1005" name="p_0_0_0_0_05321037_lcssa1062_reg_395">
<pin_list>
<pin id="396" dir="0" index="0" bw="8" slack="3"/>
<pin id="397" dir="1" index="1" bw="8" slack="3"/>
</pin_list>
<bind>
<opset="p_0_0_0_0_05321037_lcssa1062 "/>
</bind>
</comp>

<comp id="401" class="1005" name="p_0_1_0_0_01039_lcssa1065_reg_401">
<pin_list>
<pin id="402" dir="0" index="0" bw="8" slack="3"/>
<pin id="403" dir="1" index="1" bw="8" slack="3"/>
</pin_list>
<bind>
<opset="p_0_1_0_0_01039_lcssa1065 "/>
</bind>
</comp>

<comp id="407" class="1005" name="p_0_1_0_0_01043_lcssa1068_reg_407">
<pin_list>
<pin id="408" dir="0" index="0" bw="8" slack="3"/>
<pin id="409" dir="1" index="1" bw="8" slack="3"/>
</pin_list>
<bind>
<opset="p_0_1_0_0_01043_lcssa1068 "/>
</bind>
</comp>

<comp id="413" class="1005" name="p_lcssa1089_reg_413">
<pin_list>
<pin id="414" dir="0" index="0" bw="8" slack="3"/>
<pin id="415" dir="1" index="1" bw="8" slack="3"/>
</pin_list>
<bind>
<opset="p_lcssa1089 "/>
</bind>
</comp>

<comp id="418" class="1005" name="p_lcssa10771095_reg_418">
<pin_list>
<pin id="419" dir="0" index="0" bw="8" slack="3"/>
<pin id="420" dir="1" index="1" bw="8" slack="3"/>
</pin_list>
<bind>
<opset="p_lcssa10771095 "/>
</bind>
</comp>

<comp id="423" class="1005" name="p_lcssa10791101_reg_423">
<pin_list>
<pin id="424" dir="0" index="0" bw="8" slack="3"/>
<pin id="425" dir="1" index="1" bw="8" slack="3"/>
</pin_list>
<bind>
<opset="p_lcssa10791101 "/>
</bind>
</comp>

<comp id="428" class="1005" name="p_lcssa10801104_reg_428">
<pin_list>
<pin id="429" dir="0" index="0" bw="8" slack="3"/>
<pin id="430" dir="1" index="1" bw="8" slack="3"/>
</pin_list>
<bind>
<opset="p_lcssa10801104 "/>
</bind>
</comp>

<comp id="433" class="1005" name="p_0_0_0_0_0524_21081_lcssa1107_reg_433">
<pin_list>
<pin id="434" dir="0" index="0" bw="8" slack="3"/>
<pin id="435" dir="1" index="1" bw="8" slack="3"/>
</pin_list>
<bind>
<opset="p_0_0_0_0_0524_21081_lcssa1107 "/>
</bind>
</comp>

<comp id="439" class="1005" name="p_0_0_0_0_0_21084_lcssa1110_reg_439">
<pin_list>
<pin id="440" dir="0" index="0" bw="8" slack="3"/>
<pin id="441" dir="1" index="1" bw="8" slack="3"/>
</pin_list>
<bind>
<opset="p_0_0_0_0_0_21084_lcssa1110 "/>
</bind>
</comp>

<comp id="445" class="1005" name="pixbuf_y_val_V_reg_445">
<pin_list>
<pin id="446" dir="0" index="0" bw="8" slack="3"/>
<pin id="447" dir="1" index="1" bw="8" slack="3"/>
</pin_list>
<bind>
<opset="pixbuf_y_val_V "/>
</bind>
</comp>

<comp id="451" class="1005" name="pixbuf_y_val_V_1_reg_451">
<pin_list>
<pin id="452" dir="0" index="0" bw="8" slack="3"/>
<pin id="453" dir="1" index="1" bw="8" slack="3"/>
</pin_list>
<bind>
<opset="pixbuf_y_val_V_1 "/>
</bind>
</comp>

<comp id="456" class="1005" name="pixbuf_y_val_V_2_reg_456">
<pin_list>
<pin id="457" dir="0" index="0" bw="8" slack="2"/>
<pin id="458" dir="1" index="1" bw="8" slack="2"/>
</pin_list>
<bind>
<opset="pixbuf_y_val_V_2 "/>
</bind>
</comp>

<comp id="462" class="1005" name="pixbuf_y_val_V_3_reg_462">
<pin_list>
<pin id="463" dir="0" index="0" bw="8" slack="2"/>
<pin id="464" dir="1" index="1" bw="8" slack="2"/>
</pin_list>
<bind>
<opset="pixbuf_y_val_V_3 "/>
</bind>
</comp>

<comp id="468" class="1005" name="pixbuf_y_val_V_4_reg_468">
<pin_list>
<pin id="469" dir="0" index="0" bw="8" slack="2"/>
<pin id="470" dir="1" index="1" bw="8" slack="2"/>
</pin_list>
<bind>
<opset="pixbuf_y_val_V_4 "/>
</bind>
</comp>

<comp id="474" class="1005" name="p_read_4_reg_474">
<pin_list>
<pin id="475" dir="0" index="0" bw="1" slack="1"/>
<pin id="476" dir="1" index="1" bw="1" slack="1"/>
</pin_list>
<bind>
<opset="p_read_4 "/>
</bind>
</comp>

<comp id="482" class="1005" name="p_0_0_0_0_0524_21083_loc_reg_482">
<pin_list>
<pin id="483" dir="0" index="0" bw="8" slack="3"/>
<pin id="484" dir="1" index="1" bw="8" slack="3"/>
</pin_list>
<bind>
<opset="p_0_0_0_0_0524_21083_loc "/>
</bind>
</comp>

<comp id="488" class="1005" name="p_0_0_0_0_0_21086_loc_reg_488">
<pin_list>
<pin id="489" dir="0" index="0" bw="8" slack="3"/>
<pin id="490" dir="1" index="1" bw="8" slack="3"/>
</pin_list>
<bind>
<opset="p_0_0_0_0_0_21086_loc "/>
</bind>
</comp>

<comp id="494" class="1005" name="pixbuf_y_val_V_5_loc_reg_494">
<pin_list>
<pin id="495" dir="0" index="0" bw="8" slack="3"/>
<pin id="496" dir="1" index="1" bw="8" slack="3"/>
</pin_list>
<bind>
<opset="pixbuf_y_val_V_5_loc "/>
</bind>
</comp>

<comp id="500" class="1005" name="WidthOut_read_reg_500">
<pin_list>
<pin id="501" dir="0" index="0" bw="16" slack="1"/>
<pin id="502" dir="1" index="1" bw="16" slack="1"/>
</pin_list>
<bind>
<opset="WidthOut_read "/>
</bind>
</comp>

<comp id="506" class="1005" name="loopHeight_reg_506">
<pin_list>
<pin id="507" dir="0" index="0" bw="16" slack="2"/>
<pin id="508" dir="1" index="1" bw="16" slack="2"/>
</pin_list>
<bind>
<opset="loopHeight "/>
</bind>
</comp>

<comp id="511" class="1005" name="select_ln1632_reg_511">
<pin_list>
<pin id="512" dir="0" index="0" bw="2" slack="2"/>
<pin id="513" dir="1" index="1" bw="2" slack="2"/>
</pin_list>
<bind>
<opset="select_ln1632 "/>
</bind>
</comp>

<comp id="516" class="1005" name="trunc_ln1597_reg_516">
<pin_list>
<pin id="517" dir="0" index="0" bw="15" slack="2"/>
<pin id="518" dir="1" index="1" bw="15" slack="2"/>
</pin_list>
<bind>
<opset="trunc_ln1597 "/>
</bind>
</comp>

<comp id="521" class="1005" name="cmp361022_reg_521">
<pin_list>
<pin id="522" dir="0" index="0" bw="1" slack="1"/>
<pin id="523" dir="1" index="1" bw="1" slack="2147483647"/>
</pin_list>
<bind>
<opset="cmp361022 "/>
</bind>
</comp>

<comp id="525" class="1005" name="xor_ln1634_reg_525">
<pin_list>
<pin id="526" dir="0" index="0" bw="1" slack="2"/>
<pin id="527" dir="1" index="1" bw="1" slack="2"/>
</pin_list>
<bind>
<opset="xor_ln1634 "/>
</bind>
</comp>

<comp id="533" class="1005" name="y_3_reg_533">
<pin_list>
<pin id="534" dir="0" index="0" bw="15" slack="3"/>
<pin id="535" dir="1" index="1" bw="15" slack="3"/>
</pin_list>
<bind>
<opset="y_3 "/>
</bind>
</comp>

<comp id="538" class="1005" name="pixbuf_y_val_V_2_load_reg_538">
<pin_list>
<pin id="539" dir="0" index="0" bw="8" slack="2"/>
<pin id="540" dir="1" index="1" bw="8" slack="2"/>
</pin_list>
<bind>
<opset="pixbuf_y_val_V_2_load "/>
</bind>
</comp>

<comp id="543" class="1005" name="pixbuf_y_val_V_3_load_reg_543">
<pin_list>
<pin id="544" dir="0" index="0" bw="8" slack="2"/>
<pin id="545" dir="1" index="1" bw="8" slack="2"/>
</pin_list>
<bind>
<opset="pixbuf_y_val_V_3_load "/>
</bind>
</comp>

<comp id="548" class="1005" name="pixbuf_y_val_V_4_load_reg_548">
<pin_list>
<pin id="549" dir="0" index="0" bw="8" slack="2"/>
<pin id="550" dir="1" index="1" bw="8" slack="2"/>
</pin_list>
<bind>
<opset="pixbuf_y_val_V_4_load "/>
</bind>
</comp>

</comp_list>

<net_list>
<net id="79"><net_src comp="14" pin="0"/><net_sink comp="76" pin=0"/></net>

<net id="83"><net_src comp="14" pin="0"/><net_sink comp="80" pin=0"/></net>

<net id="87"><net_src comp="14" pin="0"/><net_sink comp="84" pin=0"/></net>

<net id="91"><net_src comp="14" pin="0"/><net_sink comp="88" pin=0"/></net>

<net id="95"><net_src comp="14" pin="0"/><net_sink comp="92" pin=0"/></net>

<net id="99"><net_src comp="14" pin="0"/><net_sink comp="96" pin=0"/></net>

<net id="103"><net_src comp="14" pin="0"/><net_sink comp="100" pin=0"/></net>

<net id="107"><net_src comp="14" pin="0"/><net_sink comp="104" pin=0"/></net>

<net id="111"><net_src comp="14" pin="0"/><net_sink comp="108" pin=0"/></net>

<net id="115"><net_src comp="14" pin="0"/><net_sink comp="112" pin=0"/></net>

<net id="119"><net_src comp="14" pin="0"/><net_sink comp="116" pin=0"/></net>

<net id="123"><net_src comp="14" pin="0"/><net_sink comp="120" pin=0"/></net>

<net id="127"><net_src comp="14" pin="0"/><net_sink comp="124" pin=0"/></net>

<net id="131"><net_src comp="14" pin="0"/><net_sink comp="128" pin=0"/></net>

<net id="135"><net_src comp="14" pin="0"/><net_sink comp="132" pin=0"/></net>

<net id="139"><net_src comp="14" pin="0"/><net_sink comp="136" pin=0"/></net>

<net id="143"><net_src comp="14" pin="0"/><net_sink comp="140" pin=0"/></net>

<net id="147"><net_src comp="14" pin="0"/><net_sink comp="144" pin=0"/></net>

<net id="151"><net_src comp="14" pin="0"/><net_sink comp="148" pin=0"/></net>

<net id="155"><net_src comp="18" pin="0"/><net_sink comp="152" pin=0"/></net>

<net id="159"><net_src comp="18" pin="0"/><net_sink comp="156" pin=0"/></net>

<net id="163"><net_src comp="18" pin="0"/><net_sink comp="160" pin=0"/></net>

<net id="168"><net_src comp="16" pin="0"/><net_sink comp="164" pin=0"/></net>

<net id="169"><net_src comp="6" pin="0"/><net_sink comp="164" pin=1"/></net>

<net id="174"><net_src comp="20" pin="0"/><net_sink comp="170" pin=0"/></net>

<net id="175"><net_src comp="4" pin="0"/><net_sink comp="170" pin=1"/></net>

<net id="181"><net_src comp="22" pin="0"/><net_sink comp="176" pin=0"/></net>

<net id="182"><net_src comp="12" pin="0"/><net_sink comp="176" pin=1"/></net>

<net id="183"><net_src comp="170" pin="2"/><net_sink comp="176" pin=2"/></net>

<net id="188"><net_src comp="20" pin="0"/><net_sink comp="184" pin=0"/></net>

<net id="189"><net_src comp="2" pin="0"/><net_sink comp="184" pin=1"/></net>

<net id="195"><net_src comp="22" pin="0"/><net_sink comp="190" pin=0"/></net>

<net id="196"><net_src comp="10" pin="0"/><net_sink comp="190" pin=1"/></net>

<net id="197"><net_src comp="184" pin="2"/><net_sink comp="190" pin=2"/></net>

<net id="232"><net_src comp="74" pin="0"/><net_sink comp="198" pin=0"/></net>

<net id="233"><net_src comp="0" pin="0"/><net_sink comp="198" pin=14"/></net>

<net id="234"><net_src comp="8" pin="0"/><net_sink comp="198" pin=15"/></net>

<net id="239"><net_src comp="24" pin="0"/><net_sink comp="235" pin=0"/></net>

<net id="245"><net_src comp="50" pin="0"/><net_sink comp="240" pin=1"/></net>

<net id="246"><net_src comp="52" pin="0"/><net_sink comp="240" pin=2"/></net>

<net id="252"><net_src comp="54" pin="0"/><net_sink comp="247" pin=1"/></net>

<net id="253"><net_src comp="56" pin="0"/><net_sink comp="247" pin=2"/></net>

<net id="258"><net_src comp="247" pin="3"/><net_sink comp="254" pin=1"/></net>

<net id="262"><net_src comp="254" pin="2"/><net_sink comp="259" pin=0"/></net>

<net id="267"><net_src comp="254" pin="2"/><net_sink comp="263" pin=0"/></net>

<net id="268"><net_src comp="54" pin="0"/><net_sink comp="263" pin=1"/></net>

<net id="273"><net_src comp="58" pin="0"/><net_sink comp="269" pin=1"/></net>

<net id="280"><net_src comp="274" pin="1"/><net_sink comp="277" pin=0"/></net>

<net id="285"><net_src comp="277" pin="1"/><net_sink comp="281" pin=0"/></net>

<net id="290"><net_src comp="274" pin="1"/><net_sink comp="286" pin=0"/></net>

<net id="291"><net_src comp="66" pin="0"/><net_sink comp="286" pin=1"/></net>

<net id="304"><net_src comp="301" pin="1"/><net_sink comp="198" pin=9"/></net>

<net id="308"><net_src comp="305" pin="1"/><net_sink comp="198" pin=8"/></net>

<net id="312"><net_src comp="309" pin="1"/><net_sink comp="198" pin=7"/></net>

<net id="316"><net_src comp="313" pin="1"/><net_sink comp="198" pin=6"/></net>

<net id="320"><net_src comp="317" pin="1"/><net_sink comp="198" pin=5"/></net>

<net id="324"><net_src comp="321" pin="1"/><net_sink comp="198" pin=4"/></net>

<net id="338"><net_src comp="325" pin="1"/><net_sink comp="334" pin=0"/></net>

<net id="343"><net_src comp="328" pin="1"/><net_sink comp="339" pin=0"/></net>

<net id="348"><net_src comp="331" pin="1"/><net_sink comp="344" pin=0"/></net>

<net id="353"><net_src comp="328" pin="1"/><net_sink comp="349" pin=0"/></net>

<net id="358"><net_src comp="331" pin="1"/><net_sink comp="354" pin=0"/></net>

<net id="363"><net_src comp="325" pin="1"/><net_sink comp="359" pin=0"/></net>

<net id="371"><net_src comp="76" pin="1"/><net_sink comp="368" pin=0"/></net>

<net id="372"><net_src comp="368" pin="1"/><net_sink comp="235" pin=1"/></net>

<net id="373"><net_src comp="368" pin="1"/><net_sink comp="274" pin=0"/></net>

<net id="374"><net_src comp="368" pin="1"/><net_sink comp="364" pin=1"/></net>

<net id="378"><net_src comp="80" pin="1"/><net_sink comp="375" pin=0"/></net>

<net id="379"><net_src comp="375" pin="1"/><net_sink comp="198" pin=31"/></net>

<net id="383"><net_src comp="84" pin="1"/><net_sink comp="380" pin=0"/></net>

<net id="384"><net_src comp="380" pin="1"/><net_sink comp="198" pin=30"/></net>

<net id="388"><net_src comp="88" pin="1"/><net_sink comp="385" pin=0"/></net>

<net id="389"><net_src comp="385" pin="1"/><net_sink comp="198" pin=29"/></net>

<net id="393"><net_src comp="92" pin="1"/><net_sink comp="390" pin=0"/></net>

<net id="394"><net_src comp="390" pin="1"/><net_sink comp="198" pin=28"/></net>

<net id="398"><net_src comp="96" pin="1"/><net_sink comp="395" pin=0"/></net>

<net id="399"><net_src comp="395" pin="1"/><net_sink comp="301" pin=0"/></net>

<net id="400"><net_src comp="395" pin="1"/><net_sink comp="359" pin=1"/></net>

<net id="404"><net_src comp="100" pin="1"/><net_sink comp="401" pin=0"/></net>

<net id="405"><net_src comp="401" pin="1"/><net_sink comp="305" pin=0"/></net>

<net id="406"><net_src comp="401" pin="1"/><net_sink comp="354" pin=1"/></net>

<net id="410"><net_src comp="104" pin="1"/><net_sink comp="407" pin=0"/></net>

<net id="411"><net_src comp="407" pin="1"/><net_sink comp="309" pin=0"/></net>

<net id="412"><net_src comp="407" pin="1"/><net_sink comp="349" pin=1"/></net>

<net id="416"><net_src comp="108" pin="1"/><net_sink comp="413" pin=0"/></net>

<net id="417"><net_src comp="413" pin="1"/><net_sink comp="198" pin=27"/></net>

<net id="421"><net_src comp="112" pin="1"/><net_sink comp="418" pin=0"/></net>

<net id="422"><net_src comp="418" pin="1"/><net_sink comp="198" pin=26"/></net>

<net id="426"><net_src comp="116" pin="1"/><net_sink comp="423" pin=0"/></net>

<net id="427"><net_src comp="423" pin="1"/><net_sink comp="198" pin=25"/></net>

<net id="431"><net_src comp="120" pin="1"/><net_sink comp="428" pin=0"/></net>

<net id="432"><net_src comp="428" pin="1"/><net_sink comp="198" pin=24"/></net>

<net id="436"><net_src comp="124" pin="1"/><net_sink comp="433" pin=0"/></net>

<net id="437"><net_src comp="433" pin="1"/><net_sink comp="313" pin=0"/></net>

<net id="438"><net_src comp="433" pin="1"/><net_sink comp="344" pin=1"/></net>

<net id="442"><net_src comp="128" pin="1"/><net_sink comp="439" pin=0"/></net>

<net id="443"><net_src comp="439" pin="1"/><net_sink comp="317" pin=0"/></net>

<net id="444"><net_src comp="439" pin="1"/><net_sink comp="339" pin=1"/></net>

<net id="448"><net_src comp="132" pin="1"/><net_sink comp="445" pin=0"/></net>

<net id="449"><net_src comp="445" pin="1"/><net_sink comp="321" pin=0"/></net>

<net id="450"><net_src comp="445" pin="1"/><net_sink comp="334" pin=1"/></net>

<net id="454"><net_src comp="136" pin="1"/><net_sink comp="451" pin=0"/></net>

<net id="455"><net_src comp="451" pin="1"/><net_sink comp="198" pin=20"/></net>

<net id="459"><net_src comp="140" pin="1"/><net_sink comp="456" pin=0"/></net>

<net id="460"><net_src comp="456" pin="1"/><net_sink comp="292" pin=0"/></net>

<net id="461"><net_src comp="456" pin="1"/><net_sink comp="198" pin=19"/></net>

<net id="465"><net_src comp="144" pin="1"/><net_sink comp="462" pin=0"/></net>

<net id="466"><net_src comp="462" pin="1"/><net_sink comp="295" pin=0"/></net>

<net id="467"><net_src comp="462" pin="1"/><net_sink comp="198" pin=18"/></net>

<net id="471"><net_src comp="148" pin="1"/><net_sink comp="468" pin=0"/></net>

<net id="472"><net_src comp="468" pin="1"/><net_sink comp="298" pin=0"/></net>

<net id="473"><net_src comp="468" pin="1"/><net_sink comp="198" pin=17"/></net>

<net id="477"><net_src comp="164" pin="2"/><net_sink comp="474" pin=0"/></net>

<net id="478"><net_src comp="474" pin="1"/><net_sink comp="240" pin=0"/></net>

<net id="479"><net_src comp="474" pin="1"/><net_sink comp="247" pin=0"/></net>

<net id="480"><net_src comp="474" pin="1"/><net_sink comp="269" pin=0"/></net>

<net id="481"><net_src comp="474" pin="1"/><net_sink comp="198" pin=16"/></net>

<net id="485"><net_src comp="152" pin="1"/><net_sink comp="482" pin=0"/></net>

<net id="486"><net_src comp="482" pin="1"/><net_sink comp="198" pin=23"/></net>

<net id="487"><net_src comp="482" pin="1"/><net_sink comp="331" pin=0"/></net>

<net id="491"><net_src comp="156" pin="1"/><net_sink comp="488" pin=0"/></net>

<net id="492"><net_src comp="488" pin="1"/><net_sink comp="198" pin=22"/></net>

<net id="493"><net_src comp="488" pin="1"/><net_sink comp="328" pin=0"/></net>

<net id="497"><net_src comp="160" pin="1"/><net_sink comp="494" pin=0"/></net>

<net id="498"><net_src comp="494" pin="1"/><net_sink comp="198" pin=21"/></net>

<net id="499"><net_src comp="494" pin="1"/><net_sink comp="325" pin=0"/></net>

<net id="503"><net_src comp="170" pin="2"/><net_sink comp="500" pin=0"/></net>

<net id="504"><net_src comp="500" pin="1"/><net_sink comp="254" pin=0"/></net>

<net id="505"><net_src comp="500" pin="1"/><net_sink comp="198" pin=13"/></net>

<net id="509"><net_src comp="184" pin="2"/><net_sink comp="506" pin=0"/></net>

<net id="510"><net_src comp="506" pin="1"/><net_sink comp="281" pin=1"/></net>

<net id="514"><net_src comp="240" pin="3"/><net_sink comp="511" pin=0"/></net>

<net id="515"><net_src comp="511" pin="1"/><net_sink comp="198" pin=12"/></net>

<net id="519"><net_src comp="259" pin="1"/><net_sink comp="516" pin=0"/></net>

<net id="520"><net_src comp="516" pin="1"/><net_sink comp="198" pin=10"/></net>

<net id="524"><net_src comp="263" pin="2"/><net_sink comp="521" pin=0"/></net>

<net id="528"><net_src comp="269" pin="2"/><net_sink comp="525" pin=0"/></net>

<net id="529"><net_src comp="525" pin="1"/><net_sink comp="198" pin=11"/></net>

<net id="536"><net_src comp="286" pin="2"/><net_sink comp="533" pin=0"/></net>

<net id="537"><net_src comp="533" pin="1"/><net_sink comp="364" pin=0"/></net>

<net id="541"><net_src comp="292" pin="1"/><net_sink comp="538" pin=0"/></net>

<net id="542"><net_src comp="538" pin="1"/><net_sink comp="198" pin=3"/></net>

<net id="546"><net_src comp="295" pin="1"/><net_sink comp="543" pin=0"/></net>

<net id="547"><net_src comp="543" pin="1"/><net_sink comp="198" pin=2"/></net>

<net id="551"><net_src comp="298" pin="1"/><net_sink comp="548" pin=0"/></net>

<net id="552"><net_src comp="548" pin="1"/><net_sink comp="198" pin=1"/></net>

</net_list>

</model> 
---------------- Datapath Model END ------------------

* FSMD analyzer results:
  - Output states:
	Port: stream_out_422 | {4 5 }
	Port: Height_c17 | {1 }
	Port: WidthOut_c21 | {1 }
 - Input state : 
	Port: v_hcresampler_core.1 : stream_scaled_csc | {4 5 }
	Port: v_hcresampler_core.1 : Height | {1 }
	Port: v_hcresampler_core.1 : WidthOut | {1 }
	Port: v_hcresampler_core.1 : p_read | {1 }
  - Chain level:
	State 1
		store_ln1634 : 1
	State 2
		loopWidth : 1
		trunc_ln1597 : 2
		cmp361022 : 2
	State 3
		zext_ln1634 : 1
		icmp_ln1634 : 2
		y_3 : 1
		br_ln1634 : 3
	State 4
		call_ln1597 : 1
	State 5
	State 6
		store_ln0 : 1
		store_ln0 : 1
		store_ln0 : 1
		store_ln0 : 1
		store_ln0 : 1
		store_ln0 : 1


============================================================
+ Verbose Summary: Datapath Resource usage 
============================================================

* Functional unit list:
|----------|------------------------------------------------------------|---------|---------|---------|
| Operation|                       Functional Unit                      |  Delay  |    FF   |   LUT   |
|----------|------------------------------------------------------------|---------|---------|---------|
|   call   | grp_v_hcresampler_core_1_Pipeline_VITIS_LOOP_1636_2_fu_198 |  0.427  |   128   |   335   |
|----------|------------------------------------------------------------|---------|---------|---------|
|    add   |                      loopWidth_fu_254                      |    0    |    0    |    23   |
|          |                         y_3_fu_286                         |    0    |    0    |    22   |
|----------|------------------------------------------------------------|---------|---------|---------|
|   icmp   |                      cmp361022_fu_263                      |    0    |    0    |    13   |
|          |                     icmp_ln1634_fu_281                     |    0    |    0    |    13   |
|----------|------------------------------------------------------------|---------|---------|---------|
|  select  |                    select_ln1632_fu_240                    |    0    |    0    |    2    |
|          |                   select_ln1632_1_fu_247                   |    0    |    0    |    16   |
|----------|------------------------------------------------------------|---------|---------|---------|
|    xor   |                      xor_ln1634_fu_269                     |    0    |    0    |    2    |
|----------|------------------------------------------------------------|---------|---------|---------|
|          |                    p_read_4_read_fu_164                    |    0    |    0    |    0    |
|   read   |                  WidthOut_read_read_fu_170                 |    0    |    0    |    0    |
|          |                   loopHeight_read_fu_184                   |    0    |    0    |    0    |
|----------|------------------------------------------------------------|---------|---------|---------|
|   write  |                   write_ln0_write_fu_176                   |    0    |    0    |    0    |
|          |                   write_ln0_write_fu_190                   |    0    |    0    |    0    |
|----------|------------------------------------------------------------|---------|---------|---------|
|   trunc  |                     trunc_ln1597_fu_259                    |    0    |    0    |    0    |
|----------|------------------------------------------------------------|---------|---------|---------|
|   zext   |                     zext_ln1634_fu_277                     |    0    |    0    |    0    |
|----------|------------------------------------------------------------|---------|---------|---------|
|   Total  |                                                            |  0.427  |   128   |   426   |
|----------|------------------------------------------------------------|---------|---------|---------|

Memories:
N/A

* Register list:
+--------------------------------------+--------+
|                                      |   FF   |
+--------------------------------------+--------+
|         WidthOut_read_reg_500        |   16   |
|           cmp361022_reg_521          |    1   |
|           filt_res1_reg_375          |   64   |
|          loopHeight_reg_506          |   16   |
|p_0_0_0_0_0524_21081_lcssa1107_reg_433|    8   |
|   p_0_0_0_0_0524_21083_loc_reg_482   |    8   |
| p_0_0_0_0_05321031_lcssa1053_reg_380 |    8   |
| p_0_0_0_0_05321037_lcssa1062_reg_395 |    8   |
|  p_0_0_0_0_0_21084_lcssa1110_reg_439 |    8   |
|     p_0_0_0_0_0_21086_loc_reg_488    |    8   |
|   p_0_1_0_0_01033_lcssa1056_reg_385  |    8   |
|   p_0_1_0_0_01039_lcssa1065_reg_401  |    8   |
|   p_0_1_0_0_01043_lcssa1068_reg_407  |    8   |
|   p_0_2_0_0_01035_lcssa1059_reg_390  |    8   |
|        p_lcssa10771095_reg_418       |    8   |
|        p_lcssa10791101_reg_423       |    8   |
|        p_lcssa10801104_reg_428       |    8   |
|          p_lcssa1089_reg_413         |    8   |
|           p_read_4_reg_474           |    1   |
|       pixbuf_y_val_V_1_reg_451       |    8   |
|     pixbuf_y_val_V_2_load_reg_538    |    8   |
|       pixbuf_y_val_V_2_reg_456       |    8   |
|     pixbuf_y_val_V_3_load_reg_543    |    8   |
|       pixbuf_y_val_V_3_reg_462       |    8   |
|     pixbuf_y_val_V_4_load_reg_548    |    8   |
|       pixbuf_y_val_V_4_reg_468       |    8   |
|     pixbuf_y_val_V_5_loc_reg_494     |    8   |
|        pixbuf_y_val_V_reg_445        |    8   |
|         select_ln1632_reg_511        |    2   |
|         trunc_ln1597_reg_516         |   15   |
|          xor_ln1634_reg_525          |    1   |
|              y_3_reg_533             |   15   |
|               y_reg_368              |   15   |
+--------------------------------------+--------+
|                 Total                |   330  |
+--------------------------------------+--------+

* Multiplexer (MUX) list: 
|--------|------|------|------|--------|
|  Comp  |  Pin | Size |  BW  | S x BW |
|--------|------|------|------|--------|
|  Total |      |      |      |    0   |
|--------|------|------|------|--------|



* Summary:
+-----------+--------+--------+--------+
|           |  Delay |   FF   |   LUT  |
+-----------+--------+--------+--------+
|  Function |    0   |   128  |   426  |
|   Memory  |    -   |    -   |    -   |
|Multiplexer|    -   |    -   |    -   |
|  Register |    -   |   330  |    -   |
+-----------+--------+--------+--------+
|   Total   |    0   |   458  |   426  |
+-----------+--------+--------+--------+
