

================================================================
== Vitis HLS Report for 'v_hcresampler_core_Pipeline_VITIS_LOOP_1636_2'
================================================================
* Date:           Fri Mar  6 02:16:54 2026

* Version:        2022.2 (Build 3670227 on Oct 13 2022)
* Project:        prj
* Solution:       sol (Vivado IP Flow Target)
* Product family: zynquplus
* Target device:  xck26-sfvc784-2LV-c


================================================================
== Performance Estimates
================================================================
+ Timing: 
    * Summary: 
    +--------+---------+----------+------------+
    |  Clock |  Target | Estimated| Uncertainty|
    +--------+---------+----------+------------+
    |ap_clk  |  5.00 ns|  3.617 ns|     1.35 ns|
    +--------+---------+----------+------------+

+ Latency: 
    * Summary: 
    +---------+---------+-----------+----------+-----+-------+---------+
    |  Latency (cycles) |  Latency (absolute)  |   Interval  | Pipeline|
    |   min   |   max   |    min    |    max   | min |  max  |   Type  |
    +---------+---------+-----------+----------+-----+-------+---------+
    |        5|    32771|  25.000 ns|  0.164 ms|    5|  32771|       no|
    +---------+---------+-----------+----------+-----+-------+---------+

    + Detail: 
        * Instance: 
        N/A

        * Loop: 
        +---------------------+---------+---------+----------+-----------+-----------+-----------+----------+
        |                     |  Latency (cycles) | Iteration|  Initiation Interval  |    Trip   |          |
        |      Loop Name      |   min   |   max   |  Latency |  achieved |   target  |   Count   | Pipelined|
        +---------------------+---------+---------+----------+-----------+-----------+-----------+----------+
        |- VITIS_LOOP_1636_2  |        3|    32769|         3|          1|          1|  1 ~ 32767|       yes|
        +---------------------+---------+---------+----------+-----------+-----------+-----------+----------+

============================================================
+ Verbose Summary: Synthesis Manager
============================================================
InlineROM: 1
ExposeGlobal: 0
============================================================
+ Verbose Summary: CDFG Model
============================================================
IsTopModel: 0
ResetActiveHigh: 1
IsCombinational: 0
IsDatapathOnly: 0
HasWiredReturn: 1
HasMFsm: 2
HasVarLatency: 1
IsPipeline: 0
IsRtlPipelined: 0
IsInstanceOverlapped: 0
IsDontTouch: 0
HasImplIP: 0
IsGatedGlobalClock: 0

+ Individual pipeline summary: 
  * Pipeline-0: initiation interval (II) = 1, depth = 3


============================================================
+ Verbose Summary: Schedule
============================================================
* Number of FSM states : 3
* Pipeline : 1
  Pipeline-0 : II = 1, D = 3, States = { 1 2 3 }
* Dataflow Pipeline: 0

* FSM state transitions: 
1 --> 2 
2 --> 3 
3 --> 

* FSM state operations: 

State 1 <SV = 0> <Delay = 1.49>
ST_1 : Operation 6 [1/1] (0.00ns)   --->   "%x = alloca i32 1"   --->   Operation 6 'alloca' 'x' <Predicate = true> <Delay = 0.00>
ST_1 : Operation 7 [1/1] (0.00ns)   --->   "%pixbuf_y_val_V_1 = alloca i32 1"   --->   Operation 7 'alloca' 'pixbuf_y_val_V_1' <Predicate = true> <Delay = 0.00>
ST_1 : Operation 8 [1/1] (0.00ns)   --->   "%pixbuf_y_val_V_2 = alloca i32 1"   --->   Operation 8 'alloca' 'pixbuf_y_val_V_2' <Predicate = true> <Delay = 0.00>
ST_1 : Operation 9 [1/1] (0.00ns)   --->   "%pixbuf_y_val_V_3 = alloca i32 1"   --->   Operation 9 'alloca' 'pixbuf_y_val_V_3' <Predicate = true> <Delay = 0.00>
ST_1 : Operation 10 [1/1] (0.00ns)   --->   "%pixbuf_y_val_V_4 = alloca i32 1"   --->   Operation 10 'alloca' 'pixbuf_y_val_V_4' <Predicate = true> <Delay = 0.00>
ST_1 : Operation 11 [1/1] (0.00ns)   --->   "%pixbuf_y_val_V_5 = alloca i32 1"   --->   Operation 11 'alloca' 'pixbuf_y_val_V_5' <Predicate = true> <Delay = 0.00>
ST_1 : Operation 12 [1/1] (0.00ns)   --->   "%p_read_2 = read i1 @_ssdm_op_Read.ap_auto.i1, i1 %p_read"   --->   Operation 12 'read' 'p_read_2' <Predicate = true> <Delay = 0.00>
ST_1 : Operation 13 [1/1] (0.00ns)   --->   "%WidthIn_load_read = read i16 @_ssdm_op_Read.ap_auto.i16, i16 %WidthIn_load"   --->   Operation 13 'read' 'WidthIn_load_read' <Predicate = true> <Delay = 0.00>
ST_1 : Operation 14 [1/1] (0.00ns)   --->   "%select_ln1632_read = read i3 @_ssdm_op_Read.ap_auto.i3, i3 %select_ln1632"   --->   Operation 14 'read' 'select_ln1632_read' <Predicate = true> <Delay = 0.00>
ST_1 : Operation 15 [1/1] (0.00ns)   --->   "%loopWidth_read = read i15 @_ssdm_op_Read.ap_auto.i15, i15 %loopWidth"   --->   Operation 15 'read' 'loopWidth_read' <Predicate = true> <Delay = 0.00>
ST_1 : Operation 16 [1/1] (0.00ns)   --->   "%p_0_0_0_0_05321037_lcssa1062_read = read i8 @_ssdm_op_Read.ap_auto.i8, i8 %p_0_0_0_0_05321037_lcssa1062"   --->   Operation 16 'read' 'p_0_0_0_0_05321037_lcssa1062_read' <Predicate = true> <Delay = 0.00>
ST_1 : Operation 17 [1/1] (0.00ns)   --->   "%pixbuf_y_val_V_read = read i8 @_ssdm_op_Read.ap_auto.i8, i8 %pixbuf_y_val_V"   --->   Operation 17 'read' 'pixbuf_y_val_V_read' <Predicate = true> <Delay = 0.00>
ST_1 : Operation 18 [1/1] (0.00ns)   --->   "%pixbuf_y_val_V_17_read = read i8 @_ssdm_op_Read.ap_auto.i8, i8 %pixbuf_y_val_V_17"   --->   Operation 18 'read' 'pixbuf_y_val_V_17_read' <Predicate = true> <Delay = 0.00>
ST_1 : Operation 19 [1/1] (0.00ns)   --->   "%pixbuf_y_val_V_18_read = read i8 @_ssdm_op_Read.ap_auto.i8, i8 %pixbuf_y_val_V_18"   --->   Operation 19 'read' 'pixbuf_y_val_V_18_read' <Predicate = true> <Delay = 0.00>
ST_1 : Operation 20 [1/1] (0.00ns)   --->   "%pixbuf_y_val_V_19_read = read i8 @_ssdm_op_Read.ap_auto.i8, i8 %pixbuf_y_val_V_19"   --->   Operation 20 'read' 'pixbuf_y_val_V_19_read' <Predicate = true> <Delay = 0.00>
ST_1 : Operation 21 [1/1] (0.00ns)   --->   "%select_ln1632_cast = zext i3 %select_ln1632_read"   --->   Operation 21 'zext' 'select_ln1632_cast' <Predicate = true> <Delay = 0.00>
ST_1 : Operation 22 [1/1] (0.00ns)   --->   "%specinterface_ln0 = specinterface void @_ssdm_op_SpecInterface, i24 %stream_in, void @empty_14, i32 0, i32 0, void @empty_25, i32 0, i32 0, void @empty_25, void @empty_25, void @empty_25, i32 0, i32 0, i32 0, i32 0, void @empty_25, void @empty_25, i32 4294967295, i32 0"   --->   Operation 22 'specinterface' 'specinterface_ln0' <Predicate = true> <Delay = 0.00>
ST_1 : Operation 23 [1/1] (0.00ns)   --->   "%specinterface_ln0 = specinterface void @_ssdm_op_SpecInterface, i24 %stream_upsampled, void @empty_14, i32 0, i32 0, void @empty_25, i32 0, i32 0, void @empty_25, void @empty_25, void @empty_25, i32 0, i32 0, i32 0, i32 0, void @empty_25, void @empty_25, i32 4294967295, i32 0"   --->   Operation 23 'specinterface' 'specinterface_ln0' <Predicate = true> <Delay = 0.00>
ST_1 : Operation 24 [1/1] (0.42ns)   --->   "%store_ln0 = store i8 %pixbuf_y_val_V_19_read, i8 %pixbuf_y_val_V_5"   --->   Operation 24 'store' 'store_ln0' <Predicate = true> <Delay = 0.42>
ST_1 : Operation 25 [1/1] (0.42ns)   --->   "%store_ln0 = store i8 %pixbuf_y_val_V_18_read, i8 %pixbuf_y_val_V_4"   --->   Operation 25 'store' 'store_ln0' <Predicate = true> <Delay = 0.42>
ST_1 : Operation 26 [1/1] (0.42ns)   --->   "%store_ln0 = store i8 %pixbuf_y_val_V_17_read, i8 %pixbuf_y_val_V_3"   --->   Operation 26 'store' 'store_ln0' <Predicate = true> <Delay = 0.42>
ST_1 : Operation 27 [1/1] (0.42ns)   --->   "%store_ln0 = store i8 %p_0_0_0_0_05321037_lcssa1062_read, i8 %pixbuf_y_val_V_2"   --->   Operation 27 'store' 'store_ln0' <Predicate = true> <Delay = 0.42>
ST_1 : Operation 28 [1/1] (0.42ns)   --->   "%store_ln0 = store i8 %pixbuf_y_val_V_read, i8 %pixbuf_y_val_V_1"   --->   Operation 28 'store' 'store_ln0' <Predicate = true> <Delay = 0.42>
ST_1 : Operation 29 [1/1] (0.42ns)   --->   "%store_ln0 = store i15 0, i15 %x"   --->   Operation 29 'store' 'store_ln0' <Predicate = true> <Delay = 0.42>
ST_1 : Operation 30 [1/1] (0.00ns)   --->   "%br_ln0 = br void %for.body37"   --->   Operation 30 'br' 'br_ln0' <Predicate = true> <Delay = 0.00>
ST_1 : Operation 31 [1/1] (0.00ns)   --->   "%x_1 = load i15 %x" [/home/user/Documents/kria-vitis-platforms/kv260/platforms/vivado/kv260_ispMipiRx_vcu_DP/project/kv260_ispMipiRx_vcu_DP.runs/bd_eab1_hsc_0_synth_1/prj/sol/.autopilot/db/v_hscaler.cpp:1641]   --->   Operation 31 'load' 'x_1' <Predicate = true> <Delay = 0.00>
ST_1 : Operation 32 [1/1] (0.00ns)   --->   "%zext_ln1636 = zext i15 %x_1" [/home/user/Documents/kria-vitis-platforms/kv260/platforms/vivado/kv260_ispMipiRx_vcu_DP/project/kv260_ispMipiRx_vcu_DP.runs/bd_eab1_hsc_0_synth_1/prj/sol/.autopilot/db/v_hscaler.cpp:1636]   --->   Operation 32 'zext' 'zext_ln1636' <Predicate = true> <Delay = 0.00>
ST_1 : Operation 33 [1/1] (1.07ns)   --->   "%icmp_ln1636 = icmp_eq  i15 %x_1, i15 %loopWidth_read" [/home/user/Documents/kria-vitis-platforms/kv260/platforms/vivado/kv260_ispMipiRx_vcu_DP/project/kv260_ispMipiRx_vcu_DP.runs/bd_eab1_hsc_0_synth_1/prj/sol/.autopilot/db/v_hscaler.cpp:1636]   --->   Operation 33 'icmp' 'icmp_ln1636' <Predicate = true> <Delay = 1.07> <CoreInst = "Cmp">   --->   Core 9 'Cmp' <Latency = 0> <II = 1> <Delay = 1.07> <FuncUnit> <Opcode : 'icmp'> <InPorts = 2> <OutPorts = 1>
ST_1 : Operation 34 [1/1] (0.84ns)   --->   "%add_ln1636 = add i15 %x_1, i15 1" [/home/user/Documents/kria-vitis-platforms/kv260/platforms/vivado/kv260_ispMipiRx_vcu_DP/project/kv260_ispMipiRx_vcu_DP.runs/bd_eab1_hsc_0_synth_1/prj/sol/.autopilot/db/v_hscaler.cpp:1636]   --->   Operation 34 'add' 'add_ln1636' <Predicate = true> <Delay = 0.84> <CoreInst = "Adder">   --->   Core 1 'Adder' <Latency = 0> <II = 1> <Delay = 0.84> <FuncUnit> <Opcode : 'add' 'sub'> <InPorts = 2> <OutPorts = 1>
ST_1 : Operation 35 [1/1] (0.00ns)   --->   "%br_ln1636 = br i1 %icmp_ln1636, void %for.body37.split, void %for.inc453.loopexit.exitStub" [/home/user/Documents/kria-vitis-platforms/kv260/platforms/vivado/kv260_ispMipiRx_vcu_DP/project/kv260_ispMipiRx_vcu_DP.runs/bd_eab1_hsc_0_synth_1/prj/sol/.autopilot/db/v_hscaler.cpp:1636]   --->   Operation 35 'br' 'br_ln1636' <Predicate = true> <Delay = 0.00>
ST_1 : Operation 36 [1/1] (0.00ns)   --->   "%specpipeline_ln1639 = specpipeline void @_ssdm_op_SpecPipeline, i32 1, i32 0, i32 0, i32 0, void @empty_25" [/home/user/Documents/kria-vitis-platforms/kv260/platforms/vivado/kv260_ispMipiRx_vcu_DP/project/kv260_ispMipiRx_vcu_DP.runs/bd_eab1_hsc_0_synth_1/prj/sol/.autopilot/db/v_hscaler.cpp:1639]   --->   Operation 36 'specpipeline' 'specpipeline_ln1639' <Predicate = (!icmp_ln1636)> <Delay = 0.00>
ST_1 : Operation 37 [1/1] (0.00ns)   --->   "%specloopname_ln1610 = specloopname void @_ssdm_op_SpecLoopName, void @empty_13" [/home/user/Documents/kria-vitis-platforms/kv260/platforms/vivado/kv260_ispMipiRx_vcu_DP/project/kv260_ispMipiRx_vcu_DP.runs/bd_eab1_hsc_0_synth_1/prj/sol/.autopilot/db/v_hscaler.cpp:1610]   --->   Operation 37 'specloopname' 'specloopname_ln1610' <Predicate = (!icmp_ln1636)> <Delay = 0.00>
ST_1 : Operation 38 [1/1] (0.00ns)   --->   "%CRpix = trunc i15 %x_1" [/home/user/Documents/kria-vitis-platforms/kv260/platforms/vivado/kv260_ispMipiRx_vcu_DP/project/kv260_ispMipiRx_vcu_DP.runs/bd_eab1_hsc_0_synth_1/prj/sol/.autopilot/db/v_hscaler.cpp:1641]   --->   Operation 38 'trunc' 'CRpix' <Predicate = (!icmp_ln1636)> <Delay = 0.00>
ST_1 : Operation 39 [1/1] (0.84ns)   --->   "%out_x = sub i16 %zext_ln1636, i16 %select_ln1632_cast" [/home/user/Documents/kria-vitis-platforms/kv260/platforms/vivado/kv260_ispMipiRx_vcu_DP/project/kv260_ispMipiRx_vcu_DP.runs/bd_eab1_hsc_0_synth_1/prj/sol/.autopilot/db/v_hscaler.cpp:1641]   --->   Operation 39 'sub' 'out_x' <Predicate = (!icmp_ln1636)> <Delay = 0.84> <CoreInst = "Adder">   --->   Core 1 'Adder' <Latency = 0> <II = 1> <Delay = 0.84> <FuncUnit> <Opcode : 'add' 'sub'> <InPorts = 2> <OutPorts = 1>
ST_1 : Operation 40 [1/1] (0.00ns)   --->   "%odd_col = trunc i16 %out_x" [/home/user/Documents/kria-vitis-platforms/kv260/platforms/vivado/kv260_ispMipiRx_vcu_DP/project/kv260_ispMipiRx_vcu_DP.runs/bd_eab1_hsc_0_synth_1/prj/sol/.autopilot/db/v_hscaler.cpp:1598]   --->   Operation 40 'trunc' 'odd_col' <Predicate = (!icmp_ln1636)> <Delay = 0.00>
ST_1 : Operation 41 [1/1] (1.10ns)   --->   "%icmp_ln1643 = icmp_ult  i16 %zext_ln1636, i16 %WidthIn_load_read" [/home/user/Documents/kria-vitis-platforms/kv260/platforms/vivado/kv260_ispMipiRx_vcu_DP/project/kv260_ispMipiRx_vcu_DP.runs/bd_eab1_hsc_0_synth_1/prj/sol/.autopilot/db/v_hscaler.cpp:1643]   --->   Operation 41 'icmp' 'icmp_ln1643' <Predicate = (!icmp_ln1636)> <Delay = 1.10> <CoreInst = "Cmp">   --->   Core 9 'Cmp' <Latency = 0> <II = 1> <Delay = 1.10> <FuncUnit> <Opcode : 'icmp'> <InPorts = 2> <OutPorts = 1>
ST_1 : Operation 42 [1/1] (0.00ns)   --->   "%br_ln1643 = br i1 %icmp_ln1643, void %for.body144_ifconv, void %for.body50" [/home/user/Documents/kria-vitis-platforms/kv260/platforms/vivado/kv260_ispMipiRx_vcu_DP/project/kv260_ispMipiRx_vcu_DP.runs/bd_eab1_hsc_0_synth_1/prj/sol/.autopilot/db/v_hscaler.cpp:1643]   --->   Operation 42 'br' 'br_ln1643' <Predicate = (!icmp_ln1636)> <Delay = 0.00>
ST_1 : Operation 43 [1/1] (1.07ns)   --->   "%cmp150 = icmp_eq  i15 %x_1, i15 1" [/home/user/Documents/kria-vitis-platforms/kv260/platforms/vivado/kv260_ispMipiRx_vcu_DP/project/kv260_ispMipiRx_vcu_DP.runs/bd_eab1_hsc_0_synth_1/prj/sol/.autopilot/db/v_hscaler.cpp:1641]   --->   Operation 43 'icmp' 'cmp150' <Predicate = (!icmp_ln1636)> <Delay = 1.07> <CoreInst = "Cmp">   --->   Core 9 'Cmp' <Latency = 0> <II = 1> <Delay = 1.07> <FuncUnit> <Opcode : 'icmp'> <InPorts = 2> <OutPorts = 1>
ST_1 : Operation 44 [1/1] (0.00ns)   --->   "%tmp = bitselect i1 @_ssdm_op_BitSelect.i1.i16.i32, i16 %out_x, i32 15" [/home/user/Documents/kria-vitis-platforms/kv260/platforms/vivado/kv260_ispMipiRx_vcu_DP/project/kv260_ispMipiRx_vcu_DP.runs/bd_eab1_hsc_0_synth_1/prj/sol/.autopilot/db/v_hscaler.cpp:1783]   --->   Operation 44 'bitselect' 'tmp' <Predicate = (!icmp_ln1636)> <Delay = 0.00>
ST_1 : Operation 45 [1/1] (0.00ns)   --->   "%br_ln1783 = br i1 %tmp, void %if.then445, void %for.inc450" [/home/user/Documents/kria-vitis-platforms/kv260/platforms/vivado/kv260_ispMipiRx_vcu_DP/project/kv260_ispMipiRx_vcu_DP.runs/bd_eab1_hsc_0_synth_1/prj/sol/.autopilot/db/v_hscaler.cpp:1783]   --->   Operation 45 'br' 'br_ln1783' <Predicate = (!icmp_ln1636)> <Delay = 0.00>
ST_1 : Operation 46 [1/1] (0.00ns)   --->   "%br_ln1785 = br i1 %p_read_2, void %if.else447, void %if.then446" [/home/user/Documents/kria-vitis-platforms/kv260/platforms/vivado/kv260_ispMipiRx_vcu_DP/project/kv260_ispMipiRx_vcu_DP.runs/bd_eab1_hsc_0_synth_1/prj/sol/.autopilot/db/v_hscaler.cpp:1785]   --->   Operation 46 'br' 'br_ln1785' <Predicate = (!icmp_ln1636 & !tmp)> <Delay = 0.00>
ST_1 : Operation 47 [1/1] (0.00ns)   --->   "%br_ln1789 = br void %for.inc450" [/home/user/Documents/kria-vitis-platforms/kv260/platforms/vivado/kv260_ispMipiRx_vcu_DP/project/kv260_ispMipiRx_vcu_DP.runs/bd_eab1_hsc_0_synth_1/prj/sol/.autopilot/db/v_hscaler.cpp:1789]   --->   Operation 47 'br' 'br_ln1789' <Predicate = (!icmp_ln1636 & !tmp)> <Delay = 0.00>
ST_1 : Operation 48 [1/1] (0.42ns)   --->   "%store_ln1636 = store i15 %add_ln1636, i15 %x" [/home/user/Documents/kria-vitis-platforms/kv260/platforms/vivado/kv260_ispMipiRx_vcu_DP/project/kv260_ispMipiRx_vcu_DP.runs/bd_eab1_hsc_0_synth_1/prj/sol/.autopilot/db/v_hscaler.cpp:1636]   --->   Operation 48 'store' 'store_ln1636' <Predicate = (!icmp_ln1636)> <Delay = 0.42>

State 2 <SV = 1> <Delay = 2.25>
ST_2 : Operation 49 [1/1] (0.00ns)   --->   "%p_0_1_0_0_01042_out_load = load i8 %p_0_1_0_0_01042_out" [/home/user/Documents/kria-vitis-platforms/kv260/platforms/vivado/kv260_ispMipiRx_vcu_DP/project/kv260_ispMipiRx_vcu_DP.runs/bd_eab1_hsc_0_synth_1/prj/sol/.autopilot/db/v_hscaler.cpp:1658]   --->   Operation 49 'load' 'p_0_1_0_0_01042_out_load' <Predicate = (!icmp_ln1636 & icmp_ln1643 & CRpix)> <Delay = 0.00>
ST_2 : Operation 50 [1/1] (0.00ns)   --->   "%p_0_1_0_0_01046_out_load = load i8 %p_0_1_0_0_01046_out" [/home/user/Documents/kria-vitis-platforms/kv260/platforms/vivado/kv260_ispMipiRx_vcu_DP/project/kv260_ispMipiRx_vcu_DP.runs/bd_eab1_hsc_0_synth_1/prj/sol/.autopilot/db/v_hscaler.cpp:1658]   --->   Operation 50 'load' 'p_0_1_0_0_01046_out_load' <Predicate = (!icmp_ln1636 & icmp_ln1643 & !CRpix)> <Delay = 0.00>
ST_2 : Operation 51 [1/1] (1.82ns)   --->   "%stream_in_read = read i24 @_ssdm_op_Read.ap_fifo.volatile.i24P0A, i24 %stream_in" [/home/user/Documents/kria-vitis-platforms/kv260/platforms/vivado/kv260_ispMipiRx_vcu_DP/project/kv260_ispMipiRx_vcu_DP.runs/bd_eab1_hsc_0_synth_1/prj/sol/.autopilot/db/v_hscaler.cpp:1645]   --->   Operation 51 'read' 'stream_in_read' <Predicate = (!icmp_ln1636 & icmp_ln1643)> <Delay = 1.82> <CoreInst = "FIFO_SRL">   --->   Core 81 'FIFO_SRL' <Latency = 0> <II = 1> <Delay = 2.04> <Storage> <Opcode : 'read' 'write' 'nbread' 'nbwrite'> <Ports = 0> <Width = 24> <Depth = 16> <FIFO>
ST_2 : Operation 52 [1/1] (0.00ns)   --->   "%trunc_ln1645 = trunc i24 %stream_in_read" [/home/user/Documents/kria-vitis-platforms/kv260/platforms/vivado/kv260_ispMipiRx_vcu_DP/project/kv260_ispMipiRx_vcu_DP.runs/bd_eab1_hsc_0_synth_1/prj/sol/.autopilot/db/v_hscaler.cpp:1645]   --->   Operation 52 'trunc' 'trunc_ln1645' <Predicate = (!icmp_ln1636 & icmp_ln1643)> <Delay = 0.00>
ST_2 : Operation 53 [1/1] (0.00ns)   --->   "%trunc_ln1645_3 = partselect i8 @_ssdm_op_PartSelect.i8.i24.i32.i32, i24 %stream_in_read, i32 8, i32 15" [/home/user/Documents/kria-vitis-platforms/kv260/platforms/vivado/kv260_ispMipiRx_vcu_DP/project/kv260_ispMipiRx_vcu_DP.runs/bd_eab1_hsc_0_synth_1/prj/sol/.autopilot/db/v_hscaler.cpp:1645]   --->   Operation 53 'partselect' 'trunc_ln1645_3' <Predicate = (!icmp_ln1636 & icmp_ln1643)> <Delay = 0.00>
ST_2 : Operation 54 [1/1] (0.00ns)   --->   "%trunc_ln1645_4 = partselect i8 @_ssdm_op_PartSelect.i8.i24.i32.i32, i24 %stream_in_read, i32 16, i32 23" [/home/user/Documents/kria-vitis-platforms/kv260/platforms/vivado/kv260_ispMipiRx_vcu_DP/project/kv260_ispMipiRx_vcu_DP.runs/bd_eab1_hsc_0_synth_1/prj/sol/.autopilot/db/v_hscaler.cpp:1645]   --->   Operation 54 'partselect' 'trunc_ln1645_4' <Predicate = (!icmp_ln1636 & icmp_ln1643)> <Delay = 0.00>
ST_2 : Operation 55 [1/1] (0.39ns)   --->   "%select_ln1658 = select i1 %CRpix, i8 %trunc_ln1645_3, i8 %p_0_1_0_0_01046_out_load" [/home/user/Documents/kria-vitis-platforms/kv260/platforms/vivado/kv260_ispMipiRx_vcu_DP/project/kv260_ispMipiRx_vcu_DP.runs/bd_eab1_hsc_0_synth_1/prj/sol/.autopilot/db/v_hscaler.cpp:1658]   --->   Operation 55 'select' 'select_ln1658' <Predicate = (!icmp_ln1636 & icmp_ln1643)> <Delay = 0.39> <CoreInst = "Sel">   --->   Core 73 'Sel' <Latency = 0> <II = 1> <Delay = 0.39> <FuncUnit> <Opcode : 'select'> <InPorts = 3> <OutPorts = 1>
ST_2 : Operation 56 [1/1] (0.39ns)   --->   "%select_ln1658_1 = select i1 %CRpix, i8 %p_0_1_0_0_01042_out_load, i8 %trunc_ln1645_3" [/home/user/Documents/kria-vitis-platforms/kv260/platforms/vivado/kv260_ispMipiRx_vcu_DP/project/kv260_ispMipiRx_vcu_DP.runs/bd_eab1_hsc_0_synth_1/prj/sol/.autopilot/db/v_hscaler.cpp:1658]   --->   Operation 56 'select' 'select_ln1658_1' <Predicate = (!icmp_ln1636 & icmp_ln1643)> <Delay = 0.39> <CoreInst = "Sel">   --->   Core 73 'Sel' <Latency = 0> <II = 1> <Delay = 0.39> <FuncUnit> <Opcode : 'select'> <InPorts = 3> <OutPorts = 1>
ST_2 : Operation 57 [1/1] (0.00ns)   --->   "%store_ln1658 = store i8 %select_ln1658, i8 %p_0_1_0_0_01046_out" [/home/user/Documents/kria-vitis-platforms/kv260/platforms/vivado/kv260_ispMipiRx_vcu_DP/project/kv260_ispMipiRx_vcu_DP.runs/bd_eab1_hsc_0_synth_1/prj/sol/.autopilot/db/v_hscaler.cpp:1658]   --->   Operation 57 'store' 'store_ln1658' <Predicate = (!icmp_ln1636 & icmp_ln1643)> <Delay = 0.00>
ST_2 : Operation 58 [1/1] (0.00ns)   --->   "%store_ln1658 = store i8 %select_ln1658_1, i8 %p_0_1_0_0_01042_out" [/home/user/Documents/kria-vitis-platforms/kv260/platforms/vivado/kv260_ispMipiRx_vcu_DP/project/kv260_ispMipiRx_vcu_DP.runs/bd_eab1_hsc_0_synth_1/prj/sol/.autopilot/db/v_hscaler.cpp:1658]   --->   Operation 58 'store' 'store_ln1658' <Predicate = (!icmp_ln1636 & icmp_ln1643)> <Delay = 0.00>
ST_2 : Operation 59 [1/1] (0.42ns)   --->   "%store_ln1645 = store i8 %trunc_ln1645, i8 %pixbuf_y_val_V_2" [/home/user/Documents/kria-vitis-platforms/kv260/platforms/vivado/kv260_ispMipiRx_vcu_DP/project/kv260_ispMipiRx_vcu_DP.runs/bd_eab1_hsc_0_synth_1/prj/sol/.autopilot/db/v_hscaler.cpp:1645]   --->   Operation 59 'store' 'store_ln1645' <Predicate = (!icmp_ln1636 & icmp_ln1643)> <Delay = 0.42>
ST_2 : Operation 60 [1/1] (0.00ns)   --->   "%store_ln1645 = store i8 %trunc_ln1645_4, i8 %p_0_2_0_0_01036_out" [/home/user/Documents/kria-vitis-platforms/kv260/platforms/vivado/kv260_ispMipiRx_vcu_DP/project/kv260_ispMipiRx_vcu_DP.runs/bd_eab1_hsc_0_synth_1/prj/sol/.autopilot/db/v_hscaler.cpp:1645]   --->   Operation 60 'store' 'store_ln1645' <Predicate = (!icmp_ln1636 & icmp_ln1643)> <Delay = 0.00>
ST_2 : Operation 61 [1/1] (0.00ns)   --->   "%store_ln1645 = store i8 %trunc_ln1645_3, i8 %p_0_1_0_0_01034_out" [/home/user/Documents/kria-vitis-platforms/kv260/platforms/vivado/kv260_ispMipiRx_vcu_DP/project/kv260_ispMipiRx_vcu_DP.runs/bd_eab1_hsc_0_synth_1/prj/sol/.autopilot/db/v_hscaler.cpp:1645]   --->   Operation 61 'store' 'store_ln1645' <Predicate = (!icmp_ln1636 & icmp_ln1643)> <Delay = 0.00>
ST_2 : Operation 62 [1/1] (0.00ns)   --->   "%store_ln1645 = store i8 %trunc_ln1645, i8 %p_0_0_0_0_05321032_out" [/home/user/Documents/kria-vitis-platforms/kv260/platforms/vivado/kv260_ispMipiRx_vcu_DP/project/kv260_ispMipiRx_vcu_DP.runs/bd_eab1_hsc_0_synth_1/prj/sol/.autopilot/db/v_hscaler.cpp:1645]   --->   Operation 62 'store' 'store_ln1645' <Predicate = (!icmp_ln1636 & icmp_ln1643)> <Delay = 0.00>
ST_2 : Operation 63 [1/1] (0.00ns)   --->   "%br_ln0 = br void %for.body144_ifconv"   --->   Operation 63 'br' 'br_ln0' <Predicate = (!icmp_ln1636 & icmp_ln1643)> <Delay = 0.00>

State 3 <SV = 2> <Delay = 3.61>
ST_3 : Operation 64 [1/1] (0.00ns)   --->   "%pixbuf_y_val_V_6 = load i8 %pixbuf_y_val_V_3"   --->   Operation 64 'load' 'pixbuf_y_val_V_6' <Predicate = true> <Delay = 0.00>
ST_3 : Operation 65 [1/1] (0.00ns)   --->   "%pixbuf_y_val_V_7 = load i8 %pixbuf_y_val_V_4"   --->   Operation 65 'load' 'pixbuf_y_val_V_7' <Predicate = true> <Delay = 0.00>
ST_3 : Operation 66 [1/1] (0.00ns)   --->   "%pixbuf_y_val_V_8 = load i8 %pixbuf_y_val_V_5"   --->   Operation 66 'load' 'pixbuf_y_val_V_8' <Predicate = true> <Delay = 0.00>
ST_3 : Operation 67 [1/1] (0.00ns)   --->   "%speclooptripcount_ln0 = speclooptripcount void @_ssdm_op_SpecLoopTripCount, i64 1, i64 32767, i64 0"   --->   Operation 67 'speclooptripcount' 'speclooptripcount_ln0' <Predicate = true> <Delay = 0.00>
ST_3 : Operation 68 [1/1] (0.00ns)   --->   "%p_out3_load = load i8 %p_out3" [/home/user/Documents/kria-vitis-platforms/kv260/platforms/vivado/kv260_ispMipiRx_vcu_DP/project/kv260_ispMipiRx_vcu_DP.runs/bd_eab1_hsc_0_synth_1/prj/sol/.autopilot/db/v_hscaler.cpp:1700]   --->   Operation 68 'load' 'p_out3_load' <Predicate = (!icmp_ln1636 & !CRpix & !cmp150)> <Delay = 0.00>
ST_3 : Operation 69 [1/1] (0.00ns)   --->   "%p_out2_load = load i8 %p_out2" [/home/user/Documents/kria-vitis-platforms/kv260/platforms/vivado/kv260_ispMipiRx_vcu_DP/project/kv260_ispMipiRx_vcu_DP.runs/bd_eab1_hsc_0_synth_1/prj/sol/.autopilot/db/v_hscaler.cpp:1700]   --->   Operation 69 'load' 'p_out2_load' <Predicate = (!icmp_ln1636 & !CRpix & !cmp150)> <Delay = 0.00>
ST_3 : Operation 70 [1/1] (0.00ns)   --->   "%p_out1_load = load i8 %p_out1" [/home/user/Documents/kria-vitis-platforms/kv260/platforms/vivado/kv260_ispMipiRx_vcu_DP/project/kv260_ispMipiRx_vcu_DP.runs/bd_eab1_hsc_0_synth_1/prj/sol/.autopilot/db/v_hscaler.cpp:1700]   --->   Operation 70 'load' 'p_out1_load' <Predicate = (!icmp_ln1636)> <Delay = 0.00>
ST_3 : Operation 71 [1/1] (0.00ns)   --->   "%p_out_load = load i8 %p_out" [/home/user/Documents/kria-vitis-platforms/kv260/platforms/vivado/kv260_ispMipiRx_vcu_DP/project/kv260_ispMipiRx_vcu_DP.runs/bd_eab1_hsc_0_synth_1/prj/sol/.autopilot/db/v_hscaler.cpp:1700]   --->   Operation 71 'load' 'p_out_load' <Predicate = (!icmp_ln1636)> <Delay = 0.00>
ST_3 : Operation 72 [1/1] (0.00ns)   --->   "%p_0_0_0_0_0524_21083_out_load = load i8 %p_0_0_0_0_0524_21083_out" [/home/user/Documents/kria-vitis-platforms/kv260/platforms/vivado/kv260_ispMipiRx_vcu_DP/project/kv260_ispMipiRx_vcu_DP.runs/bd_eab1_hsc_0_synth_1/prj/sol/.autopilot/db/v_hscaler.cpp:1700]   --->   Operation 72 'load' 'p_0_0_0_0_0524_21083_out_load' <Predicate = (!icmp_ln1636)> <Delay = 0.00>
ST_3 : Operation 73 [1/1] (0.00ns)   --->   "%p_0_0_0_0_0_21086_out_load = load i8 %p_0_0_0_0_0_21086_out" [/home/user/Documents/kria-vitis-platforms/kv260/platforms/vivado/kv260_ispMipiRx_vcu_DP/project/kv260_ispMipiRx_vcu_DP.runs/bd_eab1_hsc_0_synth_1/prj/sol/.autopilot/db/v_hscaler.cpp:1700]   --->   Operation 73 'load' 'p_0_0_0_0_0_21086_out_load' <Predicate = (!icmp_ln1636)> <Delay = 0.00>
ST_3 : Operation 74 [1/1] (0.00ns)   --->   "%pixbuf_y_val_V_9 = load i8 %pixbuf_y_val_V_2"   --->   Operation 74 'load' 'pixbuf_y_val_V_9' <Predicate = (!icmp_ln1636)> <Delay = 0.00>
ST_3 : Operation 75 [1/1] (0.00ns)   --->   "%p_0_1_0_0_01042_out_load_1 = load i8 %p_0_1_0_0_01042_out" [/home/user/Documents/kria-vitis-platforms/kv260/platforms/vivado/kv260_ispMipiRx_vcu_DP/project/kv260_ispMipiRx_vcu_DP.runs/bd_eab1_hsc_0_synth_1/prj/sol/.autopilot/db/v_hscaler.cpp:1722]   --->   Operation 75 'load' 'p_0_1_0_0_01042_out_load_1' <Predicate = (!icmp_ln1636)> <Delay = 0.00>
ST_3 : Operation 76 [1/1] (0.00ns)   --->   "%p_0_1_0_0_01046_out_load_1 = load i8 %p_0_1_0_0_01046_out" [/home/user/Documents/kria-vitis-platforms/kv260/platforms/vivado/kv260_ispMipiRx_vcu_DP/project/kv260_ispMipiRx_vcu_DP.runs/bd_eab1_hsc_0_synth_1/prj/sol/.autopilot/db/v_hscaler.cpp:1722]   --->   Operation 76 'load' 'p_0_1_0_0_01046_out_load_1' <Predicate = (!icmp_ln1636)> <Delay = 0.00>
ST_3 : Operation 77 [1/1] (0.00ns) (grouped into LUT with out node select_ln1722)   --->   "%select_ln1700 = select i1 %CRpix, i8 %p_0_1_0_0_01046_out_load_1, i8 %p_0_0_0_0_0_21086_out_load" [/home/user/Documents/kria-vitis-platforms/kv260/platforms/vivado/kv260_ispMipiRx_vcu_DP/project/kv260_ispMipiRx_vcu_DP.runs/bd_eab1_hsc_0_synth_1/prj/sol/.autopilot/db/v_hscaler.cpp:1700]   --->   Operation 77 'select' 'select_ln1700' <Predicate = (!icmp_ln1636 & !cmp150)> <Delay = 0.00> <CoreInst = "Sel">   --->   Core 73 'Sel' <Latency = 0> <II = 1> <Delay = 0.39> <FuncUnit> <Opcode : 'select'> <InPorts = 3> <OutPorts = 1>
ST_3 : Operation 78 [1/1] (0.00ns) (grouped into LUT with out node select_ln1722_1)   --->   "%select_ln1700_1 = select i1 %CRpix, i8 %p_0_1_0_0_01042_out_load_1, i8 %p_0_0_0_0_0524_21083_out_load" [/home/user/Documents/kria-vitis-platforms/kv260/platforms/vivado/kv260_ispMipiRx_vcu_DP/project/kv260_ispMipiRx_vcu_DP.runs/bd_eab1_hsc_0_synth_1/prj/sol/.autopilot/db/v_hscaler.cpp:1700]   --->   Operation 78 'select' 'select_ln1700_1' <Predicate = (!icmp_ln1636 & !cmp150)> <Delay = 0.00> <CoreInst = "Sel">   --->   Core 73 'Sel' <Latency = 0> <II = 1> <Delay = 0.39> <FuncUnit> <Opcode : 'select'> <InPorts = 3> <OutPorts = 1>
ST_3 : Operation 79 [1/1] (0.00ns) (grouped into LUT with out node lhs_1)   --->   "%select_ln1700_2 = select i1 %CRpix, i8 %p_0_0_0_0_0_21086_out_load, i8 %p_out_load" [/home/user/Documents/kria-vitis-platforms/kv260/platforms/vivado/kv260_ispMipiRx_vcu_DP/project/kv260_ispMipiRx_vcu_DP.runs/bd_eab1_hsc_0_synth_1/prj/sol/.autopilot/db/v_hscaler.cpp:1700]   --->   Operation 79 'select' 'select_ln1700_2' <Predicate = (!icmp_ln1636 & !cmp150)> <Delay = 0.00> <CoreInst = "Sel">   --->   Core 73 'Sel' <Latency = 0> <II = 1> <Delay = 0.39> <FuncUnit> <Opcode : 'select'> <InPorts = 3> <OutPorts = 1>
ST_3 : Operation 80 [1/1] (0.00ns) (grouped into LUT with out node lhs)   --->   "%select_ln1700_3 = select i1 %CRpix, i8 %p_0_0_0_0_0524_21083_out_load, i8 %p_out1_load" [/home/user/Documents/kria-vitis-platforms/kv260/platforms/vivado/kv260_ispMipiRx_vcu_DP/project/kv260_ispMipiRx_vcu_DP.runs/bd_eab1_hsc_0_synth_1/prj/sol/.autopilot/db/v_hscaler.cpp:1700]   --->   Operation 80 'select' 'select_ln1700_3' <Predicate = (!icmp_ln1636 & !cmp150)> <Delay = 0.00> <CoreInst = "Sel">   --->   Core 73 'Sel' <Latency = 0> <II = 1> <Delay = 0.39> <FuncUnit> <Opcode : 'select'> <InPorts = 3> <OutPorts = 1>
ST_3 : Operation 81 [1/1] (0.00ns) (grouped into LUT with out node rhs_3)   --->   "%select_ln1700_4 = select i1 %CRpix, i8 %p_out_load, i8 %p_out2_load" [/home/user/Documents/kria-vitis-platforms/kv260/platforms/vivado/kv260_ispMipiRx_vcu_DP/project/kv260_ispMipiRx_vcu_DP.runs/bd_eab1_hsc_0_synth_1/prj/sol/.autopilot/db/v_hscaler.cpp:1700]   --->   Operation 81 'select' 'select_ln1700_4' <Predicate = (!icmp_ln1636 & !cmp150)> <Delay = 0.00> <CoreInst = "Sel">   --->   Core 73 'Sel' <Latency = 0> <II = 1> <Delay = 0.39> <FuncUnit> <Opcode : 'select'> <InPorts = 3> <OutPorts = 1>
ST_3 : Operation 82 [1/1] (0.00ns) (grouped into LUT with out node rhs)   --->   "%select_ln1700_5 = select i1 %CRpix, i8 %p_out1_load, i8 %p_out3_load" [/home/user/Documents/kria-vitis-platforms/kv260/platforms/vivado/kv260_ispMipiRx_vcu_DP/project/kv260_ispMipiRx_vcu_DP.runs/bd_eab1_hsc_0_synth_1/prj/sol/.autopilot/db/v_hscaler.cpp:1700]   --->   Operation 82 'select' 'select_ln1700_5' <Predicate = (!icmp_ln1636 & !cmp150)> <Delay = 0.00> <CoreInst = "Sel">   --->   Core 73 'Sel' <Latency = 0> <II = 1> <Delay = 0.39> <FuncUnit> <Opcode : 'select'> <InPorts = 3> <OutPorts = 1>
ST_3 : Operation 83 [1/1] (0.39ns) (out node of the LUT)   --->   "%select_ln1722 = select i1 %cmp150, i8 %p_0_1_0_0_01046_out_load_1, i8 %select_ln1700" [/home/user/Documents/kria-vitis-platforms/kv260/platforms/vivado/kv260_ispMipiRx_vcu_DP/project/kv260_ispMipiRx_vcu_DP.runs/bd_eab1_hsc_0_synth_1/prj/sol/.autopilot/db/v_hscaler.cpp:1722]   --->   Operation 83 'select' 'select_ln1722' <Predicate = (!icmp_ln1636)> <Delay = 0.39> <CoreInst = "Sel">   --->   Core 73 'Sel' <Latency = 0> <II = 1> <Delay = 0.39> <FuncUnit> <Opcode : 'select'> <InPorts = 3> <OutPorts = 1>
ST_3 : Operation 84 [1/1] (0.39ns) (out node of the LUT)   --->   "%select_ln1722_1 = select i1 %cmp150, i8 %p_0_1_0_0_01042_out_load_1, i8 %select_ln1700_1" [/home/user/Documents/kria-vitis-platforms/kv260/platforms/vivado/kv260_ispMipiRx_vcu_DP/project/kv260_ispMipiRx_vcu_DP.runs/bd_eab1_hsc_0_synth_1/prj/sol/.autopilot/db/v_hscaler.cpp:1722]   --->   Operation 84 'select' 'select_ln1722_1' <Predicate = (!icmp_ln1636)> <Delay = 0.39> <CoreInst = "Sel">   --->   Core 73 'Sel' <Latency = 0> <II = 1> <Delay = 0.39> <FuncUnit> <Opcode : 'select'> <InPorts = 3> <OutPorts = 1>
ST_3 : Operation 85 [1/1] (0.39ns) (out node of the LUT)   --->   "%lhs_1 = select i1 %cmp150, i8 %p_0_1_0_0_01046_out_load_1, i8 %select_ln1700_2" [/home/user/Documents/kria-vitis-platforms/kv260/platforms/vivado/kv260_ispMipiRx_vcu_DP/project/kv260_ispMipiRx_vcu_DP.runs/bd_eab1_hsc_0_synth_1/prj/sol/.autopilot/db/v_hscaler.cpp:1722]   --->   Operation 85 'select' 'lhs_1' <Predicate = (!icmp_ln1636)> <Delay = 0.39> <CoreInst = "Sel">   --->   Core 73 'Sel' <Latency = 0> <II = 1> <Delay = 0.39> <FuncUnit> <Opcode : 'select'> <InPorts = 3> <OutPorts = 1>
ST_3 : Operation 86 [1/1] (0.39ns) (out node of the LUT)   --->   "%lhs = select i1 %cmp150, i8 %p_0_1_0_0_01042_out_load_1, i8 %select_ln1700_3" [/home/user/Documents/kria-vitis-platforms/kv260/platforms/vivado/kv260_ispMipiRx_vcu_DP/project/kv260_ispMipiRx_vcu_DP.runs/bd_eab1_hsc_0_synth_1/prj/sol/.autopilot/db/v_hscaler.cpp:1722]   --->   Operation 86 'select' 'lhs' <Predicate = (!icmp_ln1636)> <Delay = 0.39> <CoreInst = "Sel">   --->   Core 73 'Sel' <Latency = 0> <II = 1> <Delay = 0.39> <FuncUnit> <Opcode : 'select'> <InPorts = 3> <OutPorts = 1>
ST_3 : Operation 87 [1/1] (0.39ns) (out node of the LUT)   --->   "%rhs_3 = select i1 %cmp150, i8 %p_0_1_0_0_01046_out_load_1, i8 %select_ln1700_4" [/home/user/Documents/kria-vitis-platforms/kv260/platforms/vivado/kv260_ispMipiRx_vcu_DP/project/kv260_ispMipiRx_vcu_DP.runs/bd_eab1_hsc_0_synth_1/prj/sol/.autopilot/db/v_hscaler.cpp:1722]   --->   Operation 87 'select' 'rhs_3' <Predicate = (!icmp_ln1636)> <Delay = 0.39> <CoreInst = "Sel">   --->   Core 73 'Sel' <Latency = 0> <II = 1> <Delay = 0.39> <FuncUnit> <Opcode : 'select'> <InPorts = 3> <OutPorts = 1>
ST_3 : Operation 88 [1/1] (0.39ns) (out node of the LUT)   --->   "%rhs = select i1 %cmp150, i8 %p_0_1_0_0_01042_out_load_1, i8 %select_ln1700_5" [/home/user/Documents/kria-vitis-platforms/kv260/platforms/vivado/kv260_ispMipiRx_vcu_DP/project/kv260_ispMipiRx_vcu_DP.runs/bd_eab1_hsc_0_synth_1/prj/sol/.autopilot/db/v_hscaler.cpp:1722]   --->   Operation 88 'select' 'rhs' <Predicate = (!icmp_ln1636)> <Delay = 0.39> <CoreInst = "Sel">   --->   Core 73 'Sel' <Latency = 0> <II = 1> <Delay = 0.39> <FuncUnit> <Opcode : 'select'> <InPorts = 3> <OutPorts = 1>
ST_3 : Operation 89 [1/1] (0.00ns)   --->   "%zext_ln186 = zext i8 %lhs"   --->   Operation 89 'zext' 'zext_ln186' <Predicate = (!icmp_ln1636 & odd_col)> <Delay = 0.00>
ST_3 : Operation 90 [1/1] (0.00ns)   --->   "%zext_ln186_1 = zext i8 %rhs"   --->   Operation 90 'zext' 'zext_ln186_1' <Predicate = (!icmp_ln1636 & odd_col)> <Delay = 0.00>
ST_3 : Operation 91 [1/1] (0.00ns) (grouped into TernaryAdder)   --->   "%add_ln1495 = add i9 %zext_ln186_1, i9 1"   --->   Operation 91 'add' 'add_ln1495' <Predicate = (!icmp_ln1636 & odd_col)> <Delay = 0.00> <CoreInst = "TAddSub">   --->   Core 10 'TAddSub' <Latency = 0> <II = 1> <Delay = 0.50> <IPBlock> <Opcode : 'add' 'sub'> <InPorts = 3> <OutPorts = 1> <Sync> <CReg>
ST_3 : Operation 92 [1/1] (1.00ns) (root node of TernaryAdder)   --->   "%ret_V = add i9 %add_ln1495, i9 %zext_ln186"   --->   Operation 92 'add' 'ret_V' <Predicate = (!icmp_ln1636 & odd_col)> <Delay = 1.00> <CoreInst = "TAddSub">   --->   Core 10 'TAddSub' <Latency = 0> <II = 1> <Delay = 0.50> <IPBlock> <Opcode : 'add' 'sub'> <InPorts = 3> <OutPorts = 1> <Sync> <CReg>
ST_3 : Operation 93 [1/1] (0.00ns)   --->   "%trunc_ln4 = partselect i8 @_ssdm_op_PartSelect.i8.i9.i32.i32, i9 %ret_V, i32 1, i32 8"   --->   Operation 93 'partselect' 'trunc_ln4' <Predicate = (!icmp_ln1636 & odd_col)> <Delay = 0.00>
ST_3 : Operation 94 [1/1] (0.00ns)   --->   "%zext_ln186_2 = zext i8 %lhs_1"   --->   Operation 94 'zext' 'zext_ln186_2' <Predicate = (!icmp_ln1636 & odd_col)> <Delay = 0.00>
ST_3 : Operation 95 [1/1] (0.00ns)   --->   "%zext_ln186_3 = zext i8 %rhs_3"   --->   Operation 95 'zext' 'zext_ln186_3' <Predicate = (!icmp_ln1636 & odd_col)> <Delay = 0.00>
ST_3 : Operation 96 [1/1] (0.00ns) (grouped into TernaryAdder)   --->   "%add_ln1495_4 = add i9 %zext_ln186_3, i9 1"   --->   Operation 96 'add' 'add_ln1495_4' <Predicate = (!icmp_ln1636 & odd_col)> <Delay = 0.00> <CoreInst = "TAddSub">   --->   Core 10 'TAddSub' <Latency = 0> <II = 1> <Delay = 0.50> <IPBlock> <Opcode : 'add' 'sub'> <InPorts = 3> <OutPorts = 1> <Sync> <CReg>
ST_3 : Operation 97 [1/1] (1.00ns) (root node of TernaryAdder)   --->   "%ret_V_1 = add i9 %add_ln1495_4, i9 %zext_ln186_2"   --->   Operation 97 'add' 'ret_V_1' <Predicate = (!icmp_ln1636 & odd_col)> <Delay = 1.00> <CoreInst = "TAddSub">   --->   Core 10 'TAddSub' <Latency = 0> <II = 1> <Delay = 0.50> <IPBlock> <Opcode : 'add' 'sub'> <InPorts = 3> <OutPorts = 1> <Sync> <CReg>
ST_3 : Operation 98 [1/1] (0.00ns)   --->   "%trunc_ln186_1 = partselect i8 @_ssdm_op_PartSelect.i8.i9.i32.i32, i9 %ret_V_1, i32 1, i32 8"   --->   Operation 98 'partselect' 'trunc_ln186_1' <Predicate = (!icmp_ln1636 & odd_col)> <Delay = 0.00>
ST_3 : Operation 99 [1/1] (0.39ns)   --->   "%select_ln1598 = select i1 %odd_col, i8 %trunc_ln186_1, i8 %rhs_3" [/home/user/Documents/kria-vitis-platforms/kv260/platforms/vivado/kv260_ispMipiRx_vcu_DP/project/kv260_ispMipiRx_vcu_DP.runs/bd_eab1_hsc_0_synth_1/prj/sol/.autopilot/db/v_hscaler.cpp:1598]   --->   Operation 99 'select' 'select_ln1598' <Predicate = (!icmp_ln1636)> <Delay = 0.39> <CoreInst = "Sel">   --->   Core 73 'Sel' <Latency = 0> <II = 1> <Delay = 0.39> <FuncUnit> <Opcode : 'select'> <InPorts = 3> <OutPorts = 1>
ST_3 : Operation 100 [1/1] (0.39ns)   --->   "%select_ln1598_1 = select i1 %odd_col, i8 %trunc_ln4, i8 %rhs" [/home/user/Documents/kria-vitis-platforms/kv260/platforms/vivado/kv260_ispMipiRx_vcu_DP/project/kv260_ispMipiRx_vcu_DP.runs/bd_eab1_hsc_0_synth_1/prj/sol/.autopilot/db/v_hscaler.cpp:1598]   --->   Operation 100 'select' 'select_ln1598_1' <Predicate = (!icmp_ln1636)> <Delay = 0.39> <CoreInst = "Sel">   --->   Core 73 'Sel' <Latency = 0> <II = 1> <Delay = 0.39> <FuncUnit> <Opcode : 'select'> <InPorts = 3> <OutPorts = 1>
ST_3 : Operation 101 [1/1] (0.00ns)   --->   "%pixbuf_y_val_V_21_out_load = load i8 %pixbuf_y_val_V_21_out" [/home/user/Documents/kria-vitis-platforms/kv260/platforms/vivado/kv260_ispMipiRx_vcu_DP/project/kv260_ispMipiRx_vcu_DP.runs/bd_eab1_hsc_0_synth_1/prj/sol/.autopilot/db/v_hscaler.cpp:1788]   --->   Operation 101 'load' 'pixbuf_y_val_V_21_out_load' <Predicate = (!icmp_ln1636 & !tmp & !p_read_2)> <Delay = 0.00>
ST_3 : Operation 102 [1/1] (0.00ns)   --->   "%p_s = bitconcatenate i24 @_ssdm_op_BitConcatenate.i24.i8.i8.i8, i8 %select_ln1598, i8 %select_ln1598_1, i8 %pixbuf_y_val_V_21_out_load" [/home/user/Documents/kria-vitis-platforms/kv260/platforms/vivado/kv260_ispMipiRx_vcu_DP/project/kv260_ispMipiRx_vcu_DP.runs/bd_eab1_hsc_0_synth_1/prj/sol/.autopilot/db/v_hscaler.cpp:1788]   --->   Operation 102 'bitconcatenate' 'p_s' <Predicate = (!icmp_ln1636 & !tmp & !p_read_2)> <Delay = 0.00>
ST_3 : Operation 103 [1/1] (1.82ns)   --->   "%write_ln1788 = write void @_ssdm_op_Write.ap_fifo.volatile.i24P0A, i24 %stream_upsampled, i24 %p_s" [/home/user/Documents/kria-vitis-platforms/kv260/platforms/vivado/kv260_ispMipiRx_vcu_DP/project/kv260_ispMipiRx_vcu_DP.runs/bd_eab1_hsc_0_synth_1/prj/sol/.autopilot/db/v_hscaler.cpp:1788]   --->   Operation 103 'write' 'write_ln1788' <Predicate = (!icmp_ln1636 & !tmp & !p_read_2)> <Delay = 1.82> <CoreInst = "FIFO_SRL">   --->   Core 81 'FIFO_SRL' <Latency = 0> <II = 1> <Delay = 2.04> <Storage> <Opcode : 'read' 'write' 'nbread' 'nbwrite'> <Ports = 0> <Width = 24> <Depth = 16> <FIFO>
ST_3 : Operation 104 [1/1] (0.00ns)   --->   "%br_ln0 = br void %if.end448"   --->   Operation 104 'br' 'br_ln0' <Predicate = (!icmp_ln1636 & !tmp & !p_read_2)> <Delay = 0.00>
ST_3 : Operation 105 [1/1] (0.00ns)   --->   "%p_0_0_0_0_05321032_out_load = load i8 %p_0_0_0_0_05321032_out" [/home/user/Documents/kria-vitis-platforms/kv260/platforms/vivado/kv260_ispMipiRx_vcu_DP/project/kv260_ispMipiRx_vcu_DP.runs/bd_eab1_hsc_0_synth_1/prj/sol/.autopilot/db/v_hscaler.cpp:1786]   --->   Operation 105 'load' 'p_0_0_0_0_05321032_out_load' <Predicate = (!icmp_ln1636 & !tmp & p_read_2)> <Delay = 0.00>
ST_3 : Operation 106 [1/1] (0.00ns)   --->   "%p_0_1_0_0_01034_out_load = load i8 %p_0_1_0_0_01034_out" [/home/user/Documents/kria-vitis-platforms/kv260/platforms/vivado/kv260_ispMipiRx_vcu_DP/project/kv260_ispMipiRx_vcu_DP.runs/bd_eab1_hsc_0_synth_1/prj/sol/.autopilot/db/v_hscaler.cpp:1786]   --->   Operation 106 'load' 'p_0_1_0_0_01034_out_load' <Predicate = (!icmp_ln1636 & !tmp & p_read_2)> <Delay = 0.00>
ST_3 : Operation 107 [1/1] (0.00ns)   --->   "%p_0_2_0_0_01036_out_load = load i8 %p_0_2_0_0_01036_out" [/home/user/Documents/kria-vitis-platforms/kv260/platforms/vivado/kv260_ispMipiRx_vcu_DP/project/kv260_ispMipiRx_vcu_DP.runs/bd_eab1_hsc_0_synth_1/prj/sol/.autopilot/db/v_hscaler.cpp:1786]   --->   Operation 107 'load' 'p_0_2_0_0_01036_out_load' <Predicate = (!icmp_ln1636 & !tmp & p_read_2)> <Delay = 0.00>
ST_3 : Operation 108 [1/1] (0.00ns)   --->   "%p_0 = bitconcatenate i24 @_ssdm_op_BitConcatenate.i24.i8.i8.i8, i8 %p_0_2_0_0_01036_out_load, i8 %p_0_1_0_0_01034_out_load, i8 %p_0_0_0_0_05321032_out_load" [/home/user/Documents/kria-vitis-platforms/kv260/platforms/vivado/kv260_ispMipiRx_vcu_DP/project/kv260_ispMipiRx_vcu_DP.runs/bd_eab1_hsc_0_synth_1/prj/sol/.autopilot/db/v_hscaler.cpp:1786]   --->   Operation 108 'bitconcatenate' 'p_0' <Predicate = (!icmp_ln1636 & !tmp & p_read_2)> <Delay = 0.00>
ST_3 : Operation 109 [1/1] (1.82ns)   --->   "%write_ln1786 = write void @_ssdm_op_Write.ap_fifo.volatile.i24P0A, i24 %stream_upsampled, i24 %p_0" [/home/user/Documents/kria-vitis-platforms/kv260/platforms/vivado/kv260_ispMipiRx_vcu_DP/project/kv260_ispMipiRx_vcu_DP.runs/bd_eab1_hsc_0_synth_1/prj/sol/.autopilot/db/v_hscaler.cpp:1786]   --->   Operation 109 'write' 'write_ln1786' <Predicate = (!icmp_ln1636 & !tmp & p_read_2)> <Delay = 1.82> <CoreInst = "FIFO_SRL">   --->   Core 81 'FIFO_SRL' <Latency = 0> <II = 1> <Delay = 2.04> <Storage> <Opcode : 'read' 'write' 'nbread' 'nbwrite'> <Ports = 0> <Width = 24> <Depth = 16> <FIFO>
ST_3 : Operation 110 [1/1] (0.00ns)   --->   "%br_ln1786 = br void %if.end448" [/home/user/Documents/kria-vitis-platforms/kv260/platforms/vivado/kv260_ispMipiRx_vcu_DP/project/kv260_ispMipiRx_vcu_DP.runs/bd_eab1_hsc_0_synth_1/prj/sol/.autopilot/db/v_hscaler.cpp:1786]   --->   Operation 110 'br' 'br_ln1786' <Predicate = (!icmp_ln1636 & !tmp & p_read_2)> <Delay = 0.00>
ST_3 : Operation 111 [1/1] (0.00ns)   --->   "%pixbuf_y_val_V_1_load_1 = load i8 %pixbuf_y_val_V_1" [/home/user/Documents/kria-vitis-platforms/kv260/platforms/vivado/kv260_ispMipiRx_vcu_DP/project/kv260_ispMipiRx_vcu_DP.runs/bd_eab1_hsc_0_synth_1/prj/sol/.autopilot/db/v_hscaler.cpp:1636]   --->   Operation 111 'load' 'pixbuf_y_val_V_1_load_1' <Predicate = (!icmp_ln1636)> <Delay = 0.00>
ST_3 : Operation 112 [1/1] (0.42ns)   --->   "%store_ln1636 = store i8 %pixbuf_y_val_V_1_load_1, i8 %pixbuf_y_val_V_5" [/home/user/Documents/kria-vitis-platforms/kv260/platforms/vivado/kv260_ispMipiRx_vcu_DP/project/kv260_ispMipiRx_vcu_DP.runs/bd_eab1_hsc_0_synth_1/prj/sol/.autopilot/db/v_hscaler.cpp:1636]   --->   Operation 112 'store' 'store_ln1636' <Predicate = (!icmp_ln1636)> <Delay = 0.42>
ST_3 : Operation 113 [1/1] (0.42ns)   --->   "%store_ln1636 = store i8 %pixbuf_y_val_V_8, i8 %pixbuf_y_val_V_4" [/home/user/Documents/kria-vitis-platforms/kv260/platforms/vivado/kv260_ispMipiRx_vcu_DP/project/kv260_ispMipiRx_vcu_DP.runs/bd_eab1_hsc_0_synth_1/prj/sol/.autopilot/db/v_hscaler.cpp:1636]   --->   Operation 113 'store' 'store_ln1636' <Predicate = (!icmp_ln1636)> <Delay = 0.42>
ST_3 : Operation 114 [1/1] (0.42ns)   --->   "%store_ln1636 = store i8 %pixbuf_y_val_V_7, i8 %pixbuf_y_val_V_3" [/home/user/Documents/kria-vitis-platforms/kv260/platforms/vivado/kv260_ispMipiRx_vcu_DP/project/kv260_ispMipiRx_vcu_DP.runs/bd_eab1_hsc_0_synth_1/prj/sol/.autopilot/db/v_hscaler.cpp:1636]   --->   Operation 114 'store' 'store_ln1636' <Predicate = (!icmp_ln1636)> <Delay = 0.42>
ST_3 : Operation 115 [1/1] (0.00ns)   --->   "%store_ln1636 = store i8 %pixbuf_y_val_V_6, i8 %pixbuf_y_val_V_21_out" [/home/user/Documents/kria-vitis-platforms/kv260/platforms/vivado/kv260_ispMipiRx_vcu_DP/project/kv260_ispMipiRx_vcu_DP.runs/bd_eab1_hsc_0_synth_1/prj/sol/.autopilot/db/v_hscaler.cpp:1636]   --->   Operation 115 'store' 'store_ln1636' <Predicate = (!icmp_ln1636)> <Delay = 0.00>
ST_3 : Operation 116 [1/1] (0.42ns)   --->   "%store_ln1636 = store i8 %pixbuf_y_val_V_9, i8 %pixbuf_y_val_V_1" [/home/user/Documents/kria-vitis-platforms/kv260/platforms/vivado/kv260_ispMipiRx_vcu_DP/project/kv260_ispMipiRx_vcu_DP.runs/bd_eab1_hsc_0_synth_1/prj/sol/.autopilot/db/v_hscaler.cpp:1636]   --->   Operation 116 'store' 'store_ln1636' <Predicate = (!icmp_ln1636)> <Delay = 0.42>
ST_3 : Operation 117 [1/1] (0.00ns)   --->   "%store_ln1636 = store i8 %select_ln1722, i8 %p_0_0_0_0_0_21086_out" [/home/user/Documents/kria-vitis-platforms/kv260/platforms/vivado/kv260_ispMipiRx_vcu_DP/project/kv260_ispMipiRx_vcu_DP.runs/bd_eab1_hsc_0_synth_1/prj/sol/.autopilot/db/v_hscaler.cpp:1636]   --->   Operation 117 'store' 'store_ln1636' <Predicate = (!icmp_ln1636)> <Delay = 0.00>
ST_3 : Operation 118 [1/1] (0.00ns)   --->   "%store_ln1636 = store i8 %select_ln1722_1, i8 %p_0_0_0_0_0524_21083_out" [/home/user/Documents/kria-vitis-platforms/kv260/platforms/vivado/kv260_ispMipiRx_vcu_DP/project/kv260_ispMipiRx_vcu_DP.runs/bd_eab1_hsc_0_synth_1/prj/sol/.autopilot/db/v_hscaler.cpp:1636]   --->   Operation 118 'store' 'store_ln1636' <Predicate = (!icmp_ln1636)> <Delay = 0.00>
ST_3 : Operation 119 [1/1] (0.00ns)   --->   "%store_ln1636 = store i8 %lhs_1, i8 %p_out" [/home/user/Documents/kria-vitis-platforms/kv260/platforms/vivado/kv260_ispMipiRx_vcu_DP/project/kv260_ispMipiRx_vcu_DP.runs/bd_eab1_hsc_0_synth_1/prj/sol/.autopilot/db/v_hscaler.cpp:1636]   --->   Operation 119 'store' 'store_ln1636' <Predicate = (!icmp_ln1636)> <Delay = 0.00>
ST_3 : Operation 120 [1/1] (0.00ns)   --->   "%store_ln1636 = store i8 %lhs, i8 %p_out1" [/home/user/Documents/kria-vitis-platforms/kv260/platforms/vivado/kv260_ispMipiRx_vcu_DP/project/kv260_ispMipiRx_vcu_DP.runs/bd_eab1_hsc_0_synth_1/prj/sol/.autopilot/db/v_hscaler.cpp:1636]   --->   Operation 120 'store' 'store_ln1636' <Predicate = (!icmp_ln1636)> <Delay = 0.00>
ST_3 : Operation 121 [1/1] (0.00ns)   --->   "%store_ln1636 = store i8 %rhs_3, i8 %p_out2" [/home/user/Documents/kria-vitis-platforms/kv260/platforms/vivado/kv260_ispMipiRx_vcu_DP/project/kv260_ispMipiRx_vcu_DP.runs/bd_eab1_hsc_0_synth_1/prj/sol/.autopilot/db/v_hscaler.cpp:1636]   --->   Operation 121 'store' 'store_ln1636' <Predicate = (!icmp_ln1636)> <Delay = 0.00>
ST_3 : Operation 122 [1/1] (0.00ns)   --->   "%store_ln1636 = store i8 %rhs, i8 %p_out3" [/home/user/Documents/kria-vitis-platforms/kv260/platforms/vivado/kv260_ispMipiRx_vcu_DP/project/kv260_ispMipiRx_vcu_DP.runs/bd_eab1_hsc_0_synth_1/prj/sol/.autopilot/db/v_hscaler.cpp:1636]   --->   Operation 122 'store' 'store_ln1636' <Predicate = (!icmp_ln1636)> <Delay = 0.00>
ST_3 : Operation 123 [1/1] (0.00ns)   --->   "%br_ln1636 = br void %for.body37" [/home/user/Documents/kria-vitis-platforms/kv260/platforms/vivado/kv260_ispMipiRx_vcu_DP/project/kv260_ispMipiRx_vcu_DP.runs/bd_eab1_hsc_0_synth_1/prj/sol/.autopilot/db/v_hscaler.cpp:1636]   --->   Operation 123 'br' 'br_ln1636' <Predicate = (!icmp_ln1636)> <Delay = 0.00>
ST_3 : Operation 124 [1/1] (0.00ns)   --->   "%pixbuf_y_val_V_1_load = load i8 %pixbuf_y_val_V_1"   --->   Operation 124 'load' 'pixbuf_y_val_V_1_load' <Predicate = (icmp_ln1636)> <Delay = 0.00>
ST_3 : Operation 125 [1/1] (0.00ns)   --->   "%store_ln0 = store i8 %pixbuf_y_val_V_8, i8 %pixbuf_y_val_V_24_out"   --->   Operation 125 'store' 'store_ln0' <Predicate = (icmp_ln1636)> <Delay = 0.00>
ST_3 : Operation 126 [1/1] (0.00ns)   --->   "%store_ln0 = store i8 %pixbuf_y_val_V_7, i8 %pixbuf_y_val_V_23_out"   --->   Operation 126 'store' 'store_ln0' <Predicate = (icmp_ln1636)> <Delay = 0.00>
ST_3 : Operation 127 [1/1] (0.00ns)   --->   "%store_ln0 = store i8 %pixbuf_y_val_V_6, i8 %pixbuf_y_val_V_22_out"   --->   Operation 127 'store' 'store_ln0' <Predicate = (icmp_ln1636)> <Delay = 0.00>
ST_3 : Operation 128 [1/1] (0.00ns)   --->   "%write_ln0 = write void @_ssdm_op_Write.ap_auto.i8P0A, i8 %pixbuf_y_val_V_20_out, i8 %pixbuf_y_val_V_1_load"   --->   Operation 128 'write' 'write_ln0' <Predicate = (icmp_ln1636)> <Delay = 0.00>
ST_3 : Operation 129 [1/1] (0.00ns)   --->   "%ret_ln0 = ret"   --->   Operation 129 'ret' 'ret_ln0' <Predicate = (icmp_ln1636)> <Delay = 0.00>


============================================================
+ Verbose Summary: Timing violations
============================================================
Target clock period: 5ns, clock uncertainty: 1.35ns.

 <State 1>: 1.5ns
The critical path consists of the following:
	'alloca' operation ('x') [28]  (0 ns)
	'load' operation ('x', /home/user/Documents/kria-vitis-platforms/kv260/platforms/vivado/kv260_ispMipiRx_vcu_DP/project/kv260_ispMipiRx_vcu_DP.runs/bd_eab1_hsc_0_synth_1/prj/sol/.autopilot/db/v_hscaler.cpp:1641) on local variable 'x' [54]  (0 ns)
	'add' operation ('add_ln1636', /home/user/Documents/kria-vitis-platforms/kv260/platforms/vivado/kv260_ispMipiRx_vcu_DP/project/kv260_ispMipiRx_vcu_DP.runs/bd_eab1_hsc_0_synth_1/prj/sol/.autopilot/db/v_hscaler.cpp:1636) [61]  (0.842 ns)
	'store' operation ('store_ln1636', /home/user/Documents/kria-vitis-platforms/kv260/platforms/vivado/kv260_ispMipiRx_vcu_DP/project/kv260_ispMipiRx_vcu_DP.runs/bd_eab1_hsc_0_synth_1/prj/sol/.autopilot/db/v_hscaler.cpp:1636) of variable 'add_ln1636', /home/user/Documents/kria-vitis-platforms/kv260/platforms/vivado/kv260_ispMipiRx_vcu_DP/project/kv260_ispMipiRx_vcu_DP.runs/bd_eab1_hsc_0_synth_1/prj/sol/.autopilot/db/v_hscaler.cpp:1636 on local variable 'x' [147]  (0.427 ns)
	blocking operation 0.228 ns on control path)

 <State 2>: 2.25ns
The critical path consists of the following:
	fifo read operation ('stream_in_read', /home/user/Documents/kria-vitis-platforms/kv260/platforms/vivado/kv260_ispMipiRx_vcu_DP/project/kv260_ispMipiRx_vcu_DP.runs/bd_eab1_hsc_0_synth_1/prj/sol/.autopilot/db/v_hscaler.cpp:1645) on port 'stream_in' (/home/user/Documents/kria-vitis-platforms/kv260/platforms/vivado/kv260_ispMipiRx_vcu_DP/project/kv260_ispMipiRx_vcu_DP.runs/bd_eab1_hsc_0_synth_1/prj/sol/.autopilot/db/v_hscaler.cpp:1645) [74]  (1.83 ns)
	'store' operation ('store_ln1645', /home/user/Documents/kria-vitis-platforms/kv260/platforms/vivado/kv260_ispMipiRx_vcu_DP/project/kv260_ispMipiRx_vcu_DP.runs/bd_eab1_hsc_0_synth_1/prj/sol/.autopilot/db/v_hscaler.cpp:1645) of variable 'trunc_ln1645', /home/user/Documents/kria-vitis-platforms/kv260/platforms/vivado/kv260_ispMipiRx_vcu_DP/project/kv260_ispMipiRx_vcu_DP.runs/bd_eab1_hsc_0_synth_1/prj/sol/.autopilot/db/v_hscaler.cpp:1645 on local variable 'pixbuf_y.val.V' [82]  (0.427 ns)

 <State 3>: 3.62ns
The critical path consists of the following:
	'load' operation ('p_out3_load', /home/user/Documents/kria-vitis-platforms/kv260/platforms/vivado/kv260_ispMipiRx_vcu_DP/project/kv260_ispMipiRx_vcu_DP.runs/bd_eab1_hsc_0_synth_1/prj/sol/.autopilot/db/v_hscaler.cpp:1700) on local variable 'p_out3' [88]  (0 ns)
	'select' operation ('select_ln1700_5', /home/user/Documents/kria-vitis-platforms/kv260/platforms/vivado/kv260_ispMipiRx_vcu_DP/project/kv260_ispMipiRx_vcu_DP.runs/bd_eab1_hsc_0_synth_1/prj/sol/.autopilot/db/v_hscaler.cpp:1700) [103]  (0 ns)
	'select' operation ('rhs', /home/user/Documents/kria-vitis-platforms/kv260/platforms/vivado/kv260_ispMipiRx_vcu_DP/project/kv260_ispMipiRx_vcu_DP.runs/bd_eab1_hsc_0_synth_1/prj/sol/.autopilot/db/v_hscaler.cpp:1722) [109]  (0.393 ns)
	'add' operation ('add_ln1495') [112]  (0 ns)
	'add' operation ('ret.V') [113]  (1.01 ns)
	'select' operation ('select_ln1598_1', /home/user/Documents/kria-vitis-platforms/kv260/platforms/vivado/kv260_ispMipiRx_vcu_DP/project/kv260_ispMipiRx_vcu_DP.runs/bd_eab1_hsc_0_synth_1/prj/sol/.autopilot/db/v_hscaler.cpp:1598) [121]  (0.393 ns)
	fifo write operation ('write_ln1788', /home/user/Documents/kria-vitis-platforms/kv260/platforms/vivado/kv260_ispMipiRx_vcu_DP/project/kv260_ispMipiRx_vcu_DP.runs/bd_eab1_hsc_0_synth_1/prj/sol/.autopilot/db/v_hscaler.cpp:1788) on port 'stream_upsampled' (/home/user/Documents/kria-vitis-platforms/kv260/platforms/vivado/kv260_ispMipiRx_vcu_DP/project/kv260_ispMipiRx_vcu_DP.runs/bd_eab1_hsc_0_synth_1/prj/sol/.autopilot/db/v_hscaler.cpp:1788) [129]  (1.83 ns)


============================================================
+ Verbose Summary: Binding
============================================================
N/A
* FSMD analyzer results:
  - Output states:
 - Input state : 
  - Chain level:
	State 1
	State 2
	State 3


============================================================
+ Verbose Summary: Datapath Resource usage 
============================================================
N/A
