

================================================================
== Vitis HLS Report for 'v_hcresampler_core_1'
================================================================
* Date:           Fri Mar  6 02:16:58 2026

* Version:        2022.2 (Build 3670227 on Oct 13 2022)
* Project:        prj
* Solution:       sol (Vivado IP Flow Target)
* Product family: zynquplus
* Target device:  xck26-sfvc784-2LV-c


================================================================
== Performance Estimates
================================================================
+ Timing: 
    * Summary: 
    +--------+---------+----------+------------+
    |  Clock |  Target | Estimated| Uncertainty|
    +--------+---------+----------+------------+
    |ap_clk  |  5.00 ns|  3.650 ns|     1.35 ns|
    +--------+---------+----------+------------+

+ Latency: 
    * Summary: 
    +---------+------------+-----------+-----------+-----+------------+---------+
    |   Latency (cycles)   |   Latency (absolute)  |     Interval     | Pipeline|
    |   min   |     max    |    min    |    max    | min |     max    |   Type  |
    +---------+------------+-----------+-----------+-----+------------+---------+
    |        2|  1073938427|  10.000 ns|  5.370 sec|    2|  1073938427|       no|
    +---------+------------+-----------+-----------+-----+------------+---------+

    + Detail: 
        * Instance: 
        N/A

        * Loop: 
        +---------------------+---------+------------+-----------+-----------+-----------+-----------+----------+
        |                     |   Latency (cycles)   | Iteration |  Initiation Interval  |    Trip   |          |
        |      Loop Name      |   min   |     max    |  Latency  |  achieved |   target  |   Count   | Pipelined|
        +---------------------+---------+------------+-----------+-----------+-----------+-----------+----------+
        |- VITIS_LOOP_1634_1  |        0|  1073938425|  2 ~ 32775|          -|          -|  0 ~ 32767|        no|
        +---------------------+---------+------------+-----------+-----------+-----------+-----------+----------+

============================================================
+ Verbose Summary: Synthesis Manager
============================================================
InlineROM: 1
ExposeGlobal: 0
============================================================
+ Verbose Summary: CDFG Model
============================================================
IsTopModel: 0
ResetActiveHigh: 1
IsCombinational: 2
IsDatapathOnly: 0
HasWiredReturn: 1
HasMFsm: 0
HasVarLatency: 1
IsPipeline: 0
IsRtlPipelined: 0
IsInstanceOverlapped: 0
IsDontTouch: 0
HasImplIP: 0
IsGatedGlobalClock: 0


============================================================
+ Verbose Summary: Schedule
============================================================
* Number of FSM states : 6
* Pipeline : 0
* Dataflow Pipeline: 0

* FSM state transitions: 
1 --> 2 
2 --> 3 
3 --> 4 6 
4 --> 5 
5 --> 6 
6 --> 3 

* FSM state operations: 

State 1 <SV = 0> <Delay = 3.65>
ST_1 : Operation 7 [1/1] (0.00ns)   --->   "%y = alloca i32 1"   --->   Operation 7 'alloca' 'y' <Predicate = true> <Delay = 0.00>
ST_1 : Operation 8 [1/1] (0.00ns)   --->   "%filt_res1 = alloca i32 1"   --->   Operation 8 'alloca' 'filt_res1' <Predicate = true> <Delay = 0.00>
ST_1 : Operation 9 [1/1] (0.00ns)   --->   "%p_0_0_0_0_05321031_lcssa1053 = alloca i32 1"   --->   Operation 9 'alloca' 'p_0_0_0_0_05321031_lcssa1053' <Predicate = true> <Delay = 0.00>
ST_1 : Operation 10 [1/1] (0.00ns)   --->   "%p_0_1_0_0_01033_lcssa1056 = alloca i32 1"   --->   Operation 10 'alloca' 'p_0_1_0_0_01033_lcssa1056' <Predicate = true> <Delay = 0.00>
ST_1 : Operation 11 [1/1] (0.00ns)   --->   "%p_0_2_0_0_01035_lcssa1059 = alloca i32 1"   --->   Operation 11 'alloca' 'p_0_2_0_0_01035_lcssa1059' <Predicate = true> <Delay = 0.00>
ST_1 : Operation 12 [1/1] (0.00ns)   --->   "%p_0_0_0_0_05321037_lcssa1062 = alloca i32 1"   --->   Operation 12 'alloca' 'p_0_0_0_0_05321037_lcssa1062' <Predicate = true> <Delay = 0.00>
ST_1 : Operation 13 [1/1] (0.00ns)   --->   "%p_0_1_0_0_01039_lcssa1065 = alloca i32 1"   --->   Operation 13 'alloca' 'p_0_1_0_0_01039_lcssa1065' <Predicate = true> <Delay = 0.00>
ST_1 : Operation 14 [1/1] (0.00ns)   --->   "%p_0_1_0_0_01043_lcssa1068 = alloca i32 1"   --->   Operation 14 'alloca' 'p_0_1_0_0_01043_lcssa1068' <Predicate = true> <Delay = 0.00>
ST_1 : Operation 15 [1/1] (0.00ns)   --->   "%p_lcssa1089 = alloca i32 1"   --->   Operation 15 'alloca' 'p_lcssa1089' <Predicate = true> <Delay = 0.00>
ST_1 : Operation 16 [1/1] (0.00ns)   --->   "%p_lcssa10771095 = alloca i32 1"   --->   Operation 16 'alloca' 'p_lcssa10771095' <Predicate = true> <Delay = 0.00>
ST_1 : Operation 17 [1/1] (0.00ns)   --->   "%p_lcssa10791101 = alloca i32 1"   --->   Operation 17 'alloca' 'p_lcssa10791101' <Predicate = true> <Delay = 0.00>
ST_1 : Operation 18 [1/1] (0.00ns)   --->   "%p_lcssa10801104 = alloca i32 1"   --->   Operation 18 'alloca' 'p_lcssa10801104' <Predicate = true> <Delay = 0.00>
ST_1 : Operation 19 [1/1] (0.00ns)   --->   "%p_0_0_0_0_0524_21081_lcssa1107 = alloca i32 1"   --->   Operation 19 'alloca' 'p_0_0_0_0_0524_21081_lcssa1107' <Predicate = true> <Delay = 0.00>
ST_1 : Operation 20 [1/1] (0.00ns)   --->   "%p_0_0_0_0_0_21084_lcssa1110 = alloca i32 1"   --->   Operation 20 'alloca' 'p_0_0_0_0_0_21084_lcssa1110' <Predicate = true> <Delay = 0.00>
ST_1 : Operation 21 [1/1] (0.00ns)   --->   "%pixbuf_y_val_V = alloca i32 1"   --->   Operation 21 'alloca' 'pixbuf_y_val_V' <Predicate = true> <Delay = 0.00>
ST_1 : Operation 22 [1/1] (0.00ns)   --->   "%pixbuf_y_val_V_1 = alloca i32 1"   --->   Operation 22 'alloca' 'pixbuf_y_val_V_1' <Predicate = true> <Delay = 0.00>
ST_1 : Operation 23 [1/1] (0.00ns)   --->   "%pixbuf_y_val_V_2 = alloca i32 1"   --->   Operation 23 'alloca' 'pixbuf_y_val_V_2' <Predicate = true> <Delay = 0.00>
ST_1 : Operation 24 [1/1] (0.00ns)   --->   "%pixbuf_y_val_V_3 = alloca i32 1"   --->   Operation 24 'alloca' 'pixbuf_y_val_V_3' <Predicate = true> <Delay = 0.00>
ST_1 : Operation 25 [1/1] (0.00ns)   --->   "%pixbuf_y_val_V_4 = alloca i32 1"   --->   Operation 25 'alloca' 'pixbuf_y_val_V_4' <Predicate = true> <Delay = 0.00>
ST_1 : Operation 26 [1/1] (1.82ns)   --->   "%p_read_4 = read i1 @_ssdm_op_Read.ap_auto.i1, i1 %p_read"   --->   Operation 26 'read' 'p_read_4' <Predicate = true> <Delay = 1.82> <CoreInst = "FIFO_SRL">   --->   Core 81 'FIFO_SRL' <Latency = 0> <II = 1> <Delay = 1.83> <Storage> <Opcode : 'read' 'write' 'nbread' 'nbwrite'> <Ports = 0> <Width = -1> <Depth = -1> <FIFO>
ST_1 : Operation 27 [1/1] (0.00ns)   --->   "%p_0_0_0_0_0524_21083_loc = alloca i64 1"   --->   Operation 27 'alloca' 'p_0_0_0_0_0524_21083_loc' <Predicate = true> <Delay = 0.00>
ST_1 : Operation 28 [1/1] (0.00ns)   --->   "%p_0_0_0_0_0_21086_loc = alloca i64 1"   --->   Operation 28 'alloca' 'p_0_0_0_0_0_21086_loc' <Predicate = true> <Delay = 0.00>
ST_1 : Operation 29 [1/1] (0.00ns)   --->   "%pixbuf_y_val_V_5_loc = alloca i64 1"   --->   Operation 29 'alloca' 'pixbuf_y_val_V_5_loc' <Predicate = true> <Delay = 0.00>
ST_1 : Operation 30 [1/1] (1.82ns)   --->   "%WidthOut_read = read i16 @_ssdm_op_Read.ap_fifo.i16P0A, i16 %WidthOut"   --->   Operation 30 'read' 'WidthOut_read' <Predicate = true> <Delay = 1.82> <CoreInst = "FIFO_SRL">   --->   Core 81 'FIFO_SRL' <Latency = 0> <II = 1> <Delay = 1.83> <Storage> <Opcode : 'read' 'write' 'nbread' 'nbwrite'> <Ports = 0> <Width = 16> <Depth = 2> <FIFO>
ST_1 : Operation 31 [1/1] (1.82ns)   --->   "%write_ln0 = write void @_ssdm_op_Write.ap_fifo.i16P0A, i16 %WidthOut_c21, i16 %WidthOut_read"   --->   Operation 31 'write' 'write_ln0' <Predicate = true> <Delay = 1.82> <CoreInst = "FIFO_SRL">   --->   Core 81 'FIFO_SRL' <Latency = 0> <II = 1> <Delay = 1.83> <Storage> <Opcode : 'read' 'write' 'nbread' 'nbwrite'> <Ports = 0> <Width = 16> <Depth = 2> <FIFO>
ST_1 : Operation 32 [1/1] (1.82ns)   --->   "%loopHeight = read i16 @_ssdm_op_Read.ap_fifo.i16P0A, i16 %Height"   --->   Operation 32 'read' 'loopHeight' <Predicate = true> <Delay = 1.82> <CoreInst = "FIFO_SRL">   --->   Core 81 'FIFO_SRL' <Latency = 0> <II = 1> <Delay = 1.83> <Storage> <Opcode : 'read' 'write' 'nbread' 'nbwrite'> <Ports = 0> <Width = 16> <Depth = 2> <FIFO>
ST_1 : Operation 33 [1/1] (1.82ns)   --->   "%write_ln0 = write void @_ssdm_op_Write.ap_fifo.i16P0A, i16 %Height_c17, i16 %loopHeight"   --->   Operation 33 'write' 'write_ln0' <Predicate = true> <Delay = 1.82> <CoreInst = "FIFO_SRL">   --->   Core 81 'FIFO_SRL' <Latency = 0> <II = 1> <Delay = 1.83> <Storage> <Opcode : 'read' 'write' 'nbread' 'nbwrite'> <Ports = 0> <Width = 16> <Depth = 2> <FIFO>
ST_1 : Operation 34 [1/1] (0.42ns)   --->   "%store_ln1634 = store i15 0, i15 %y" [/home/user/Documents/kria-vitis-platforms/kv260/platforms/vivado/kv260_ispMipiRx_vcu_DP/project/kv260_ispMipiRx_vcu_DP.runs/bd_eab1_hsc_0_synth_1/prj/sol/.autopilot/db/v_hscaler.cpp:1634]   --->   Operation 34 'store' 'store_ln1634' <Predicate = true> <Delay = 0.42>

State 2 <SV = 1> <Delay = 1.95>
ST_2 : Operation 35 [1/1] (0.00ns)   --->   "%specinterface_ln0 = specinterface void @_ssdm_op_SpecInterface, i16 %WidthOut, void @ap_fifo_str, i32 0, i32 0, void @p_str, i32 0, i32 0, void @p_str, void @p_str, void @p_str, i32 2, i32 2, i32 16, i32 16, void @p_str, void @ScalarProp_str, i32 4294967295, i32 0"   --->   Operation 35 'specinterface' 'specinterface_ln0' <Predicate = true> <Delay = 0.00>
ST_2 : Operation 36 [1/1] (0.00ns)   --->   "%specinterface_ln0 = specinterface void @_ssdm_op_SpecInterface, i16 %WidthOut_c21, void @ap_fifo_str, i32 0, i32 0, void @p_str, i32 0, i32 0, void @p_str, void @p_str, void @p_str, i32 2, i32 2, i32 16, i32 16, void @p_str, void @ScalarProp_str, i32 4294967295, i32 0"   --->   Operation 36 'specinterface' 'specinterface_ln0' <Predicate = true> <Delay = 0.00>
ST_2 : Operation 37 [1/1] (0.00ns)   --->   "%specinterface_ln0 = specinterface void @_ssdm_op_SpecInterface, i16 %Height, void @ap_fifo_str, i32 0, i32 0, void @p_str, i32 0, i32 0, void @p_str, void @p_str, void @p_str, i32 2, i32 2, i32 16, i32 16, void @p_str, void @ScalarProp_str, i32 4294967295, i32 0"   --->   Operation 37 'specinterface' 'specinterface_ln0' <Predicate = true> <Delay = 0.00>
ST_2 : Operation 38 [1/1] (0.00ns)   --->   "%specinterface_ln0 = specinterface void @_ssdm_op_SpecInterface, i16 %Height_c17, void @ap_fifo_str, i32 0, i32 0, void @p_str, i32 0, i32 0, void @p_str, void @p_str, void @p_str, i32 2, i32 2, i32 16, i32 16, void @p_str, void @ScalarProp_str, i32 4294967295, i32 0"   --->   Operation 38 'specinterface' 'specinterface_ln0' <Predicate = true> <Delay = 0.00>
ST_2 : Operation 39 [1/1] (0.00ns)   --->   "%specstablecontent_ln0 = specstablecontent void @_ssdm_op_SpecStableContent, i16 %WidthOut, void "   --->   Operation 39 'specstablecontent' 'specstablecontent_ln0' <Predicate = true> <Delay = 0.00>
ST_2 : Operation 40 [1/1] (0.00ns)   --->   "%specstablecontent_ln0 = specstablecontent void @_ssdm_op_SpecStableContent, i16 %Height, void "   --->   Operation 40 'specstablecontent' 'specstablecontent_ln0' <Predicate = true> <Delay = 0.00>
ST_2 : Operation 41 [1/1] (0.00ns)   --->   "%specinterface_ln0 = specinterface void @_ssdm_op_SpecInterface, i24 %stream_out_422, void @empty_14, i32 0, i32 0, void @empty_25, i32 0, i32 0, void @empty_25, void @empty_25, void @empty_25, i32 0, i32 0, i32 0, i32 0, void @empty_25, void @empty_25, i32 4294967295, i32 0"   --->   Operation 41 'specinterface' 'specinterface_ln0' <Predicate = true> <Delay = 0.00>
ST_2 : Operation 42 [1/1] (0.00ns)   --->   "%specinterface_ln0 = specinterface void @_ssdm_op_SpecInterface, i24 %stream_scaled_csc, void @empty_14, i32 0, i32 0, void @empty_25, i32 0, i32 0, void @empty_25, void @empty_25, void @empty_25, i32 0, i32 0, i32 0, i32 0, void @empty_25, void @empty_25, i32 4294967295, i32 0"   --->   Operation 42 'specinterface' 'specinterface_ln0' <Predicate = true> <Delay = 0.00>
ST_2 : Operation 43 [1/1] (0.17ns)   --->   "%select_ln1632 = select i1 %p_read_4, i2 0, i2 2" [/home/user/Documents/kria-vitis-platforms/kv260/platforms/vivado/kv260_ispMipiRx_vcu_DP/project/kv260_ispMipiRx_vcu_DP.runs/bd_eab1_hsc_0_synth_1/prj/sol/.autopilot/db/v_hscaler.cpp:1632]   --->   Operation 43 'select' 'select_ln1632' <Predicate = true> <Delay = 0.17> <CoreInst = "Sel">   --->   Core 73 'Sel' <Latency = 0> <II = 1> <Delay = 0.17> <FuncUnit> <Opcode : 'select'> <InPorts = 3> <OutPorts = 1>
ST_2 : Operation 44 [1/1] (0.00ns) (grouped into LUT with out node loopWidth)   --->   "%select_ln1632_1 = select i1 %p_read_4, i16 0, i16 2" [/home/user/Documents/kria-vitis-platforms/kv260/platforms/vivado/kv260_ispMipiRx_vcu_DP/project/kv260_ispMipiRx_vcu_DP.runs/bd_eab1_hsc_0_synth_1/prj/sol/.autopilot/db/v_hscaler.cpp:1632]   --->   Operation 44 'select' 'select_ln1632_1' <Predicate = true> <Delay = 0.00> <CoreInst = "Sel">   --->   Core 73 'Sel' <Latency = 0> <II = 1> <Delay = 0.20> <FuncUnit> <Opcode : 'select'> <InPorts = 3> <OutPorts = 1>
ST_2 : Operation 45 [1/1] (0.85ns) (out node of the LUT)   --->   "%loopWidth = add i16 %WidthOut_read, i16 %select_ln1632_1" [/home/user/Documents/kria-vitis-platforms/kv260/platforms/vivado/kv260_ispMipiRx_vcu_DP/project/kv260_ispMipiRx_vcu_DP.runs/bd_eab1_hsc_0_synth_1/prj/sol/.autopilot/db/v_hscaler.cpp:1632]   --->   Operation 45 'add' 'loopWidth' <Predicate = true> <Delay = 0.85> <CoreInst = "Adder">   --->   Core 1 'Adder' <Latency = 0> <II = 1> <Delay = 0.85> <FuncUnit> <Opcode : 'add' 'sub'> <InPorts = 2> <OutPorts = 1>
ST_2 : Operation 46 [1/1] (0.00ns)   --->   "%trunc_ln1597 = trunc i16 %loopWidth" [/home/user/Documents/kria-vitis-platforms/kv260/platforms/vivado/kv260_ispMipiRx_vcu_DP/project/kv260_ispMipiRx_vcu_DP.runs/bd_eab1_hsc_0_synth_1/prj/sol/.autopilot/db/v_hscaler.cpp:1597]   --->   Operation 46 'trunc' 'trunc_ln1597' <Predicate = true> <Delay = 0.00>
ST_2 : Operation 47 [1/1] (1.10ns)   --->   "%cmp361022 = icmp_sgt  i16 %loopWidth, i16 0" [/home/user/Documents/kria-vitis-platforms/kv260/platforms/vivado/kv260_ispMipiRx_vcu_DP/project/kv260_ispMipiRx_vcu_DP.runs/bd_eab1_hsc_0_synth_1/prj/sol/.autopilot/db/v_hscaler.cpp:1632]   --->   Operation 47 'icmp' 'cmp361022' <Predicate = true> <Delay = 1.10> <CoreInst = "Cmp">   --->   Core 9 'Cmp' <Latency = 0> <II = 1> <Delay = 1.10> <FuncUnit> <Opcode : 'icmp'> <InPorts = 2> <OutPorts = 1>
ST_2 : Operation 48 [1/1] (0.28ns)   --->   "%xor_ln1634 = xor i1 %p_read_4, i1 1" [/home/user/Documents/kria-vitis-platforms/kv260/platforms/vivado/kv260_ispMipiRx_vcu_DP/project/kv260_ispMipiRx_vcu_DP.runs/bd_eab1_hsc_0_synth_1/prj/sol/.autopilot/db/v_hscaler.cpp:1634]   --->   Operation 48 'xor' 'xor_ln1634' <Predicate = true> <Delay = 0.28> <CoreInst = "LogicGate">   --->   Core 74 'LogicGate' <Latency = 0> <II = 1> <Delay = 0.28> <FuncUnit> <Opcode : 'and' 'or' 'xor'> <InPorts = 2> <OutPorts = 1>
ST_2 : Operation 49 [1/1] (0.00ns)   --->   "%br_ln1634 = br void %VITIS_LOOP_1636_2" [/home/user/Documents/kria-vitis-platforms/kv260/platforms/vivado/kv260_ispMipiRx_vcu_DP/project/kv260_ispMipiRx_vcu_DP.runs/bd_eab1_hsc_0_synth_1/prj/sol/.autopilot/db/v_hscaler.cpp:1634]   --->   Operation 49 'br' 'br_ln1634' <Predicate = true> <Delay = 0.00>

State 3 <SV = 2> <Delay = 1.10>
ST_3 : Operation 50 [1/1] (0.00ns)   --->   "%y_2 = load i15 %y" [/home/user/Documents/kria-vitis-platforms/kv260/platforms/vivado/kv260_ispMipiRx_vcu_DP/project/kv260_ispMipiRx_vcu_DP.runs/bd_eab1_hsc_0_synth_1/prj/sol/.autopilot/db/v_hscaler.cpp:1634]   --->   Operation 50 'load' 'y_2' <Predicate = true> <Delay = 0.00>
ST_3 : Operation 51 [1/1] (0.00ns)   --->   "%zext_ln1634 = zext i15 %y_2" [/home/user/Documents/kria-vitis-platforms/kv260/platforms/vivado/kv260_ispMipiRx_vcu_DP/project/kv260_ispMipiRx_vcu_DP.runs/bd_eab1_hsc_0_synth_1/prj/sol/.autopilot/db/v_hscaler.cpp:1634]   --->   Operation 51 'zext' 'zext_ln1634' <Predicate = true> <Delay = 0.00>
ST_3 : Operation 52 [1/1] (1.10ns)   --->   "%icmp_ln1634 = icmp_slt  i16 %zext_ln1634, i16 %loopHeight" [/home/user/Documents/kria-vitis-platforms/kv260/platforms/vivado/kv260_ispMipiRx_vcu_DP/project/kv260_ispMipiRx_vcu_DP.runs/bd_eab1_hsc_0_synth_1/prj/sol/.autopilot/db/v_hscaler.cpp:1634]   --->   Operation 52 'icmp' 'icmp_ln1634' <Predicate = true> <Delay = 1.10> <CoreInst = "Cmp">   --->   Core 9 'Cmp' <Latency = 0> <II = 1> <Delay = 1.10> <FuncUnit> <Opcode : 'icmp'> <InPorts = 2> <OutPorts = 1>
ST_3 : Operation 53 [1/1] (0.00ns)   --->   "%speclooptripcount_ln0 = speclooptripcount void @_ssdm_op_SpecLoopTripCount, i64 0, i64 32767, i64 0"   --->   Operation 53 'speclooptripcount' 'speclooptripcount_ln0' <Predicate = true> <Delay = 0.00>
ST_3 : Operation 54 [1/1] (0.84ns)   --->   "%y_3 = add i15 %y_2, i15 1" [/home/user/Documents/kria-vitis-platforms/kv260/platforms/vivado/kv260_ispMipiRx_vcu_DP/project/kv260_ispMipiRx_vcu_DP.runs/bd_eab1_hsc_0_synth_1/prj/sol/.autopilot/db/v_hscaler.cpp:1634]   --->   Operation 54 'add' 'y_3' <Predicate = true> <Delay = 0.84> <CoreInst = "Adder">   --->   Core 1 'Adder' <Latency = 0> <II = 1> <Delay = 0.84> <FuncUnit> <Opcode : 'add' 'sub'> <InPorts = 2> <OutPorts = 1>
ST_3 : Operation 55 [1/1] (0.00ns)   --->   "%br_ln1634 = br i1 %icmp_ln1634, void %for.end455.loopexit, void %VITIS_LOOP_1636_2.split" [/home/user/Documents/kria-vitis-platforms/kv260/platforms/vivado/kv260_ispMipiRx_vcu_DP/project/kv260_ispMipiRx_vcu_DP.runs/bd_eab1_hsc_0_synth_1/prj/sol/.autopilot/db/v_hscaler.cpp:1634]   --->   Operation 55 'br' 'br_ln1634' <Predicate = true> <Delay = 0.00>
ST_3 : Operation 56 [1/1] (0.00ns)   --->   "%specloopname_ln1610 = specloopname void @_ssdm_op_SpecLoopName, void @empty_23" [/home/user/Documents/kria-vitis-platforms/kv260/platforms/vivado/kv260_ispMipiRx_vcu_DP/project/kv260_ispMipiRx_vcu_DP.runs/bd_eab1_hsc_0_synth_1/prj/sol/.autopilot/db/v_hscaler.cpp:1610]   --->   Operation 56 'specloopname' 'specloopname_ln1610' <Predicate = (icmp_ln1634)> <Delay = 0.00>
ST_3 : Operation 57 [1/1] (0.00ns)   --->   "%br_ln1636 = br i1 %cmp361022, void %for.inc453, void %for.body37.preheader" [/home/user/Documents/kria-vitis-platforms/kv260/platforms/vivado/kv260_ispMipiRx_vcu_DP/project/kv260_ispMipiRx_vcu_DP.runs/bd_eab1_hsc_0_synth_1/prj/sol/.autopilot/db/v_hscaler.cpp:1636]   --->   Operation 57 'br' 'br_ln1636' <Predicate = (icmp_ln1634)> <Delay = 0.00>
ST_3 : Operation 58 [1/1] (0.00ns)   --->   "%pixbuf_y_val_V_2_load = load i8 %pixbuf_y_val_V_2"   --->   Operation 58 'load' 'pixbuf_y_val_V_2_load' <Predicate = (icmp_ln1634 & cmp361022)> <Delay = 0.00>
ST_3 : Operation 59 [1/1] (0.00ns)   --->   "%pixbuf_y_val_V_3_load = load i8 %pixbuf_y_val_V_3"   --->   Operation 59 'load' 'pixbuf_y_val_V_3_load' <Predicate = (icmp_ln1634 & cmp361022)> <Delay = 0.00>
ST_3 : Operation 60 [1/1] (0.00ns)   --->   "%pixbuf_y_val_V_4_load = load i8 %pixbuf_y_val_V_4"   --->   Operation 60 'load' 'pixbuf_y_val_V_4_load' <Predicate = (icmp_ln1634 & cmp361022)> <Delay = 0.00>
ST_3 : Operation 61 [1/1] (0.00ns)   --->   "%empty = wait i32 @_ssdm_op_Wait"   --->   Operation 61 'wait' 'empty' <Predicate = (icmp_ln1634 & cmp361022)> <Delay = 0.00>
ST_3 : Operation 62 [1/1] (0.00ns)   --->   "%ret_ln1792 = ret" [/home/user/Documents/kria-vitis-platforms/kv260/platforms/vivado/kv260_ispMipiRx_vcu_DP/project/kv260_ispMipiRx_vcu_DP.runs/bd_eab1_hsc_0_synth_1/prj/sol/.autopilot/db/v_hscaler.cpp:1792]   --->   Operation 62 'ret' 'ret_ln1792' <Predicate = (!icmp_ln1634)> <Delay = 0.00>

State 4 <SV = 3> <Delay = 1.49>
ST_4 : Operation 63 [1/1] (0.00ns)   --->   "%p_0_0_0_0_05321037_lcssa1062_load = load i8 %p_0_0_0_0_05321037_lcssa1062"   --->   Operation 63 'load' 'p_0_0_0_0_05321037_lcssa1062_load' <Predicate = true> <Delay = 0.00>
ST_4 : Operation 64 [1/1] (0.00ns)   --->   "%p_0_1_0_0_01039_lcssa1065_load = load i8 %p_0_1_0_0_01039_lcssa1065"   --->   Operation 64 'load' 'p_0_1_0_0_01039_lcssa1065_load' <Predicate = true> <Delay = 0.00>
ST_4 : Operation 65 [1/1] (0.00ns)   --->   "%p_0_1_0_0_01043_lcssa1068_load = load i8 %p_0_1_0_0_01043_lcssa1068"   --->   Operation 65 'load' 'p_0_1_0_0_01043_lcssa1068_load' <Predicate = true> <Delay = 0.00>
ST_4 : Operation 66 [1/1] (0.00ns)   --->   "%p_0_0_0_0_0524_21081_lcssa1107_load = load i8 %p_0_0_0_0_0524_21081_lcssa1107"   --->   Operation 66 'load' 'p_0_0_0_0_0524_21081_lcssa1107_load' <Predicate = true> <Delay = 0.00>
ST_4 : Operation 67 [1/1] (0.00ns)   --->   "%p_0_0_0_0_0_21084_lcssa1110_load = load i8 %p_0_0_0_0_0_21084_lcssa1110"   --->   Operation 67 'load' 'p_0_0_0_0_0_21084_lcssa1110_load' <Predicate = true> <Delay = 0.00>
ST_4 : Operation 68 [1/1] (0.00ns)   --->   "%pixbuf_y_val_V_load = load i8 %pixbuf_y_val_V"   --->   Operation 68 'load' 'pixbuf_y_val_V_load' <Predicate = true> <Delay = 0.00>
ST_4 : Operation 69 [2/2] (1.49ns)   --->   "%call_ln1597 = call void @v_hcresampler_core.1_Pipeline_VITIS_LOOP_1636_2, i8 %pixbuf_y_val_V_4_load, i8 %pixbuf_y_val_V_3_load, i8 %pixbuf_y_val_V_2_load, i8 %pixbuf_y_val_V_load, i8 %p_0_0_0_0_0_21084_lcssa1110_load, i8 %p_0_0_0_0_0524_21081_lcssa1107_load, i8 %p_0_1_0_0_01043_lcssa1068_load, i8 %p_0_1_0_0_01039_lcssa1065_load, i8 %p_0_0_0_0_05321037_lcssa1062_load, i15 %trunc_ln1597, i1 %xor_ln1634, i2 %select_ln1632, i16 %WidthOut_read, i24 %stream_scaled_csc, i24 %stream_out_422, i1 %p_read_4, i8 %pixbuf_y_val_V_4, i8 %pixbuf_y_val_V_3, i8 %pixbuf_y_val_V_2, i8 %pixbuf_y_val_V_1, i8 %pixbuf_y_val_V_5_loc, i8 %p_0_0_0_0_0_21086_loc, i8 %p_0_0_0_0_0524_21083_loc, i8 %p_lcssa10801104, i8 %p_lcssa10791101, i8 %p_lcssa10771095, i8 %p_lcssa1089, i8 %p_0_2_0_0_01035_lcssa1059, i8 %p_0_1_0_0_01033_lcssa1056, i8 %p_0_0_0_0_05321031_lcssa1053, i64 %filt_res1" [/home/user/Documents/kria-vitis-platforms/kv260/platforms/vivado/kv260_ispMipiRx_vcu_DP/project/kv260_ispMipiRx_vcu_DP.runs/bd_eab1_hsc_0_synth_1/prj/sol/.autopilot/db/v_hscaler.cpp:1597]   --->   Operation 69 'call' 'call_ln1597' <Predicate = true> <Delay = 1.49> <CoreType = "Generic">   --->   Core 0 '' <Latency = 0> <II = 1> <Delay = 1.00> <Generic> <Opcode : >

State 5 <SV = 4> <Delay = 0.00>
ST_5 : Operation 70 [1/2] (0.00ns)   --->   "%call_ln1597 = call void @v_hcresampler_core.1_Pipeline_VITIS_LOOP_1636_2, i8 %pixbuf_y_val_V_4_load, i8 %pixbuf_y_val_V_3_load, i8 %pixbuf_y_val_V_2_load, i8 %pixbuf_y_val_V_load, i8 %p_0_0_0_0_0_21084_lcssa1110_load, i8 %p_0_0_0_0_0524_21081_lcssa1107_load, i8 %p_0_1_0_0_01043_lcssa1068_load, i8 %p_0_1_0_0_01039_lcssa1065_load, i8 %p_0_0_0_0_05321037_lcssa1062_load, i15 %trunc_ln1597, i1 %xor_ln1634, i2 %select_ln1632, i16 %WidthOut_read, i24 %stream_scaled_csc, i24 %stream_out_422, i1 %p_read_4, i8 %pixbuf_y_val_V_4, i8 %pixbuf_y_val_V_3, i8 %pixbuf_y_val_V_2, i8 %pixbuf_y_val_V_1, i8 %pixbuf_y_val_V_5_loc, i8 %p_0_0_0_0_0_21086_loc, i8 %p_0_0_0_0_0524_21083_loc, i8 %p_lcssa10801104, i8 %p_lcssa10791101, i8 %p_lcssa10771095, i8 %p_lcssa1089, i8 %p_0_2_0_0_01035_lcssa1059, i8 %p_0_1_0_0_01033_lcssa1056, i8 %p_0_0_0_0_05321031_lcssa1053, i64 %filt_res1" [/home/user/Documents/kria-vitis-platforms/kv260/platforms/vivado/kv260_ispMipiRx_vcu_DP/project/kv260_ispMipiRx_vcu_DP.runs/bd_eab1_hsc_0_synth_1/prj/sol/.autopilot/db/v_hscaler.cpp:1597]   --->   Operation 70 'call' 'call_ln1597' <Predicate = true> <Delay = 0.00> <CoreType = "Generic">   --->   Core 0 '' <Latency = 0> <II = 1> <Delay = 1.00> <Generic> <Opcode : >

State 6 <SV = 5> <Delay = 0.42>
ST_6 : Operation 71 [1/1] (0.00ns)   --->   "%pixbuf_y_val_V_5_loc_load = load i8 %pixbuf_y_val_V_5_loc"   --->   Operation 71 'load' 'pixbuf_y_val_V_5_loc_load' <Predicate = (cmp361022)> <Delay = 0.00>
ST_6 : Operation 72 [1/1] (0.00ns)   --->   "%p_0_0_0_0_0_21086_loc_load = load i8 %p_0_0_0_0_0_21086_loc"   --->   Operation 72 'load' 'p_0_0_0_0_0_21086_loc_load' <Predicate = (cmp361022)> <Delay = 0.00>
ST_6 : Operation 73 [1/1] (0.00ns)   --->   "%p_0_0_0_0_0524_21083_loc_load = load i8 %p_0_0_0_0_0524_21083_loc"   --->   Operation 73 'load' 'p_0_0_0_0_0524_21083_loc_load' <Predicate = (cmp361022)> <Delay = 0.00>
ST_6 : Operation 74 [1/1] (0.00ns)   --->   "%store_ln0 = store i8 %pixbuf_y_val_V_5_loc_load, i8 %pixbuf_y_val_V"   --->   Operation 74 'store' 'store_ln0' <Predicate = (cmp361022)> <Delay = 0.00>
ST_6 : Operation 75 [1/1] (0.00ns)   --->   "%store_ln0 = store i8 %p_0_0_0_0_0_21086_loc_load, i8 %p_0_0_0_0_0_21084_lcssa1110"   --->   Operation 75 'store' 'store_ln0' <Predicate = (cmp361022)> <Delay = 0.00>
ST_6 : Operation 76 [1/1] (0.00ns)   --->   "%store_ln0 = store i8 %p_0_0_0_0_0524_21083_loc_load, i8 %p_0_0_0_0_0524_21081_lcssa1107"   --->   Operation 76 'store' 'store_ln0' <Predicate = (cmp361022)> <Delay = 0.00>
ST_6 : Operation 77 [1/1] (0.00ns)   --->   "%store_ln0 = store i8 %p_0_0_0_0_0_21086_loc_load, i8 %p_0_1_0_0_01043_lcssa1068"   --->   Operation 77 'store' 'store_ln0' <Predicate = (cmp361022)> <Delay = 0.00>
ST_6 : Operation 78 [1/1] (0.00ns)   --->   "%store_ln0 = store i8 %p_0_0_0_0_0524_21083_loc_load, i8 %p_0_1_0_0_01039_lcssa1065"   --->   Operation 78 'store' 'store_ln0' <Predicate = (cmp361022)> <Delay = 0.00>
ST_6 : Operation 79 [1/1] (0.00ns)   --->   "%store_ln0 = store i8 %pixbuf_y_val_V_5_loc_load, i8 %p_0_0_0_0_05321037_lcssa1062"   --->   Operation 79 'store' 'store_ln0' <Predicate = (cmp361022)> <Delay = 0.00>
ST_6 : Operation 80 [1/1] (0.00ns)   --->   "%br_ln0 = br void %for.inc453"   --->   Operation 80 'br' 'br_ln0' <Predicate = (cmp361022)> <Delay = 0.00>
ST_6 : Operation 81 [1/1] (0.42ns)   --->   "%store_ln1634 = store i15 %y_3, i15 %y" [/home/user/Documents/kria-vitis-platforms/kv260/platforms/vivado/kv260_ispMipiRx_vcu_DP/project/kv260_ispMipiRx_vcu_DP.runs/bd_eab1_hsc_0_synth_1/prj/sol/.autopilot/db/v_hscaler.cpp:1634]   --->   Operation 81 'store' 'store_ln1634' <Predicate = true> <Delay = 0.42>
ST_6 : Operation 82 [1/1] (0.00ns)   --->   "%br_ln1634 = br void %VITIS_LOOP_1636_2" [/home/user/Documents/kria-vitis-platforms/kv260/platforms/vivado/kv260_ispMipiRx_vcu_DP/project/kv260_ispMipiRx_vcu_DP.runs/bd_eab1_hsc_0_synth_1/prj/sol/.autopilot/db/v_hscaler.cpp:1634]   --->   Operation 82 'br' 'br_ln1634' <Predicate = true> <Delay = 0.00>


============================================================
+ Verbose Summary: Timing violations
============================================================
Target clock period: 5ns, clock uncertainty: 1.35ns.

 <State 1>: 3.65ns
The critical path consists of the following:
	fifo read operation ('WidthOut_read') on port 'WidthOut' [32]  (1.83 ns)
	fifo write operation ('write_ln0') on port 'WidthOut_c21' [34]  (1.83 ns)

 <State 2>: 1.96ns
The critical path consists of the following:
	'select' operation ('select_ln1632_1', /home/user/Documents/kria-vitis-platforms/kv260/platforms/vivado/kv260_ispMipiRx_vcu_DP/project/kv260_ispMipiRx_vcu_DP.runs/bd_eab1_hsc_0_synth_1/prj/sol/.autopilot/db/v_hscaler.cpp:1632) [44]  (0 ns)
	'add' operation ('loopWidth', /home/user/Documents/kria-vitis-platforms/kv260/platforms/vivado/kv260_ispMipiRx_vcu_DP/project/kv260_ispMipiRx_vcu_DP.runs/bd_eab1_hsc_0_synth_1/prj/sol/.autopilot/db/v_hscaler.cpp:1632) [45]  (0.853 ns)
	'icmp' operation ('cmp361022', /home/user/Documents/kria-vitis-platforms/kv260/platforms/vivado/kv260_ispMipiRx_vcu_DP/project/kv260_ispMipiRx_vcu_DP.runs/bd_eab1_hsc_0_synth_1/prj/sol/.autopilot/db/v_hscaler.cpp:1632) [47]  (1.1 ns)

 <State 3>: 1.1ns
The critical path consists of the following:
	'load' operation ('y', /home/user/Documents/kria-vitis-platforms/kv260/platforms/vivado/kv260_ispMipiRx_vcu_DP/project/kv260_ispMipiRx_vcu_DP.runs/bd_eab1_hsc_0_synth_1/prj/sol/.autopilot/db/v_hscaler.cpp:1634) on local variable 'y' [52]  (0 ns)
	'icmp' operation ('icmp_ln1634', /home/user/Documents/kria-vitis-platforms/kv260/platforms/vivado/kv260_ispMipiRx_vcu_DP/project/kv260_ispMipiRx_vcu_DP.runs/bd_eab1_hsc_0_synth_1/prj/sol/.autopilot/db/v_hscaler.cpp:1634) [54]  (1.1 ns)

 <State 4>: 1.5ns
The critical path consists of the following:
	'load' operation ('p_0_0_0_0_05321037_lcssa1062_load') on local variable 'p_0_0_0_0_05321037_lcssa1062' [62]  (0 ns)
	'call' operation ('call_ln1597', /home/user/Documents/kria-vitis-platforms/kv260/platforms/vivado/kv260_ispMipiRx_vcu_DP/project/kv260_ispMipiRx_vcu_DP.runs/bd_eab1_hsc_0_synth_1/prj/sol/.autopilot/db/v_hscaler.cpp:1597) to 'v_hcresampler_core.1_Pipeline_VITIS_LOOP_1636_2' [72]  (1.5 ns)

 <State 5>: 0ns
The critical path consists of the following:

 <State 6>: 0.427ns
The critical path consists of the following:
	'store' operation ('store_ln1634', /home/user/Documents/kria-vitis-platforms/kv260/platforms/vivado/kv260_ispMipiRx_vcu_DP/project/kv260_ispMipiRx_vcu_DP.runs/bd_eab1_hsc_0_synth_1/prj/sol/.autopilot/db/v_hscaler.cpp:1634) of variable 'y', /home/user/Documents/kria-vitis-platforms/kv260/platforms/vivado/kv260_ispMipiRx_vcu_DP/project/kv260_ispMipiRx_vcu_DP.runs/bd_eab1_hsc_0_synth_1/prj/sol/.autopilot/db/v_hscaler.cpp:1634 on local variable 'y' [84]  (0.427 ns)


============================================================
+ Verbose Summary: Binding
============================================================
N/A
* FSMD analyzer results:
  - Output states:
 - Input state : 
  - Chain level:
	State 1
	State 2
	State 3
	State 4
	State 5
	State 6


============================================================
+ Verbose Summary: Datapath Resource usage 
============================================================
N/A
