

================================================================
== Vitis HLS Report for 'v_vcresampler_core_Pipeline_VITIS_LOOP_1853_2'
================================================================
* Date:           Fri Mar  6 02:16:58 2026

* Version:        2022.2 (Build 3670227 on Oct 13 2022)
* Project:        prj
* Solution:       sol (Vivado IP Flow Target)
* Product family: zynquplus
* Target device:  xck26-sfvc784-2LV-c


================================================================
== Performance Estimates
================================================================
+ Timing: 
    * Summary: 
    +--------+---------+----------+------------+
    |  Clock |  Target | Estimated| Uncertainty|
    +--------+---------+----------+------------+
    |ap_clk  |  5.00 ns|  3.389 ns|     1.35 ns|
    +--------+---------+----------+------------+

+ Latency: 
    * Summary: 
    +---------+---------+-----------+----------+-----+-------+---------+
    |  Latency (cycles) |  Latency (absolute)  |   Interval  | Pipeline|
    |   min   |   max   |    min    |    max   | min |  max  |   Type  |
    +---------+---------+-----------+----------+-----+-------+---------+
    |        4|    32771|  20.000 ns|  0.164 ms|    4|  32771|       no|
    +---------+---------+-----------+----------+-----+-------+---------+

    + Detail: 
        * Instance: 
        N/A

        * Loop: 
        +---------------------+---------+---------+----------+-----------+-----------+-----------+----------+
        |                     |  Latency (cycles) | Iteration|  Initiation Interval  |    Trip   |          |
        |      Loop Name      |   min   |   max   |  Latency |  achieved |   target  |   Count   | Pipelined|
        +---------------------+---------+---------+----------+-----------+-----------+-----------+----------+
        |- VITIS_LOOP_1853_2  |        2|    32769|         4|          1|          1|  0 ~ 32767|       yes|
        +---------------------+---------+---------+----------+-----------+-----------+-----------+----------+

============================================================
+ Verbose Summary: Synthesis Manager
============================================================
InlineROM: 1
ExposeGlobal: 0
============================================================
+ Verbose Summary: CDFG Model
============================================================
IsTopModel: 0
ResetActiveHigh: 1
IsCombinational: 0
IsDatapathOnly: 0
HasWiredReturn: 1
HasMFsm: 2
HasVarLatency: 1
IsPipeline: 0
IsRtlPipelined: 0
IsInstanceOverlapped: 0
IsDontTouch: 0
HasImplIP: 0
IsGatedGlobalClock: 0

+ Individual pipeline summary: 
  * Pipeline-0: initiation interval (II) = 1, depth = 4


============================================================
+ Verbose Summary: Schedule
============================================================
* Number of FSM states : 4
* Pipeline : 1
  Pipeline-0 : II = 1, D = 4, States = { 1 2 3 4 }
* Dataflow Pipeline: 0

* FSM state transitions: 
1 --> 2 
2 --> 3 
3 --> 4 
4 --> 

* FSM state operations: 

State 1 <SV = 0> <Delay = 1.52>
ST_1 : Operation 7 [1/1] (0.00ns)   --->   "%out_x = alloca i32 1"   --->   Operation 7 'alloca' 'out_x' <Predicate = true> <Delay = 0.00>
ST_1 : Operation 8 [1/1] (0.00ns)   --->   "%specinterface_ln0 = specinterface void @_ssdm_op_SpecInterface, i24 %stream_out_422, void @empty_14, i32 0, i32 0, void @empty_25, i32 0, i32 0, void @empty_25, void @empty_25, void @empty_25, i32 0, i32 0, i32 0, i32 0, void @empty_25, void @empty_25, i32 4294967295, i32 0"   --->   Operation 8 'specinterface' 'specinterface_ln0' <Predicate = true> <Delay = 0.00>
ST_1 : Operation 9 [1/1] (0.00ns)   --->   "%specinterface_ln0 = specinterface void @_ssdm_op_SpecInterface, i24 %stream_out_420, void @empty_14, i32 0, i32 0, void @empty_25, i32 0, i32 0, void @empty_25, void @empty_25, void @empty_25, i32 0, i32 0, i32 0, i32 0, void @empty_25, void @empty_25, i32 4294967295, i32 0"   --->   Operation 9 'specinterface' 'specinterface_ln0' <Predicate = true> <Delay = 0.00>
ST_1 : Operation 10 [1/1] (0.00ns)   --->   "%p_read_1 = read i1 @_ssdm_op_Read.ap_auto.i1, i1 %p_read"   --->   Operation 10 'read' 'p_read_1' <Predicate = true> <Delay = 0.00>
ST_1 : Operation 11 [1/1] (0.00ns)   --->   "%cmp33_read = read i1 @_ssdm_op_Read.ap_auto.i1, i1 %cmp33"   --->   Operation 11 'read' 'cmp33_read' <Predicate = true> <Delay = 0.00>
ST_1 : Operation 12 [1/1] (0.00ns)   --->   "%cmp384_read = read i1 @_ssdm_op_Read.ap_auto.i1, i1 %cmp384"   --->   Operation 12 'read' 'cmp384_read' <Predicate = true> <Delay = 0.00>
ST_1 : Operation 13 [1/1] (0.00ns)   --->   "%out_y_cast_read = read i1 @_ssdm_op_Read.ap_auto.i1, i1 %out_y_cast"   --->   Operation 13 'read' 'out_y_cast_read' <Predicate = true> <Delay = 0.00>
ST_1 : Operation 14 [1/1] (0.00ns)   --->   "%cmp100_read = read i1 @_ssdm_op_Read.ap_auto.i1, i1 %cmp100"   --->   Operation 14 'read' 'cmp100_read' <Predicate = true> <Delay = 0.00>
ST_1 : Operation 15 [1/1] (0.00ns)   --->   "%loopWidth_read = read i16 @_ssdm_op_Read.ap_auto.i16, i16 %loopWidth"   --->   Operation 15 'read' 'loopWidth_read' <Predicate = true> <Delay = 0.00>
ST_1 : Operation 16 [1/1] (0.42ns)   --->   "%store_ln0 = store i15 0, i15 %out_x"   --->   Operation 16 'store' 'store_ln0' <Predicate = true> <Delay = 0.42>
ST_1 : Operation 17 [1/1] (0.00ns)   --->   "%br_ln0 = br void %for.body27"   --->   Operation 17 'br' 'br_ln0' <Predicate = true> <Delay = 0.00>
ST_1 : Operation 18 [1/1] (0.00ns)   --->   "%x = load i15 %out_x"   --->   Operation 18 'load' 'x' <Predicate = true> <Delay = 0.00>
ST_1 : Operation 19 [1/1] (0.00ns)   --->   "%zext_ln1853_1 = zext i15 %x" [/home/user/Documents/kria-vitis-platforms/kv260/platforms/vivado/kv260_ispMipiRx_vcu_DP/project/kv260_ispMipiRx_vcu_DP.runs/bd_eab1_hsc_0_synth_1/prj/sol/.autopilot/db/v_hscaler.cpp:1853]   --->   Operation 19 'zext' 'zext_ln1853_1' <Predicate = true> <Delay = 0.00>
ST_1 : Operation 20 [1/1] (1.10ns)   --->   "%icmp_ln1853 = icmp_slt  i16 %zext_ln1853_1, i16 %loopWidth_read" [/home/user/Documents/kria-vitis-platforms/kv260/platforms/vivado/kv260_ispMipiRx_vcu_DP/project/kv260_ispMipiRx_vcu_DP.runs/bd_eab1_hsc_0_synth_1/prj/sol/.autopilot/db/v_hscaler.cpp:1853]   --->   Operation 20 'icmp' 'icmp_ln1853' <Predicate = true> <Delay = 1.10> <CoreInst = "Cmp">   --->   Core 9 'Cmp' <Latency = 0> <II = 1> <Delay = 1.10> <FuncUnit> <Opcode : 'icmp'> <InPorts = 2> <OutPorts = 1>
ST_1 : Operation 21 [1/1] (0.84ns)   --->   "%add_ln1853 = add i15 %x, i15 1" [/home/user/Documents/kria-vitis-platforms/kv260/platforms/vivado/kv260_ispMipiRx_vcu_DP/project/kv260_ispMipiRx_vcu_DP.runs/bd_eab1_hsc_0_synth_1/prj/sol/.autopilot/db/v_hscaler.cpp:1853]   --->   Operation 21 'add' 'add_ln1853' <Predicate = true> <Delay = 0.84> <CoreInst = "Adder">   --->   Core 1 'Adder' <Latency = 0> <II = 1> <Delay = 0.84> <FuncUnit> <Opcode : 'add' 'sub'> <InPorts = 2> <OutPorts = 1>
ST_1 : Operation 22 [1/1] (0.00ns)   --->   "%br_ln1853 = br i1 %icmp_ln1853, void %for.inc395.loopexit.exitStub, void %for.body27.split" [/home/user/Documents/kria-vitis-platforms/kv260/platforms/vivado/kv260_ispMipiRx_vcu_DP/project/kv260_ispMipiRx_vcu_DP.runs/bd_eab1_hsc_0_synth_1/prj/sol/.autopilot/db/v_hscaler.cpp:1853]   --->   Operation 22 'br' 'br_ln1853' <Predicate = true> <Delay = 0.00>
ST_1 : Operation 23 [1/1] (0.00ns)   --->   "%specpipeline_ln1856 = specpipeline void @_ssdm_op_SpecPipeline, i32 1, i32 0, i32 0, i32 0, void @empty_25" [/home/user/Documents/kria-vitis-platforms/kv260/platforms/vivado/kv260_ispMipiRx_vcu_DP/project/kv260_ispMipiRx_vcu_DP.runs/bd_eab1_hsc_0_synth_1/prj/sol/.autopilot/db/v_hscaler.cpp:1856]   --->   Operation 23 'specpipeline' 'specpipeline_ln1856' <Predicate = (icmp_ln1853)> <Delay = 0.00>
ST_1 : Operation 24 [1/1] (0.00ns)   --->   "%specloopname_ln1813 = specloopname void @_ssdm_op_SpecLoopName, void @empty_2" [/home/user/Documents/kria-vitis-platforms/kv260/platforms/vivado/kv260_ispMipiRx_vcu_DP/project/kv260_ispMipiRx_vcu_DP.runs/bd_eab1_hsc_0_synth_1/prj/sol/.autopilot/db/v_hscaler.cpp:1813]   --->   Operation 24 'specloopname' 'specloopname_ln1813' <Predicate = (icmp_ln1853)> <Delay = 0.00>
ST_1 : Operation 25 [1/1] (0.00ns)   --->   "%br_ln1861 = br i1 %cmp33_read, void %for.body57, void %for.inc" [/home/user/Documents/kria-vitis-platforms/kv260/platforms/vivado/kv260_ispMipiRx_vcu_DP/project/kv260_ispMipiRx_vcu_DP.runs/bd_eab1_hsc_0_synth_1/prj/sol/.autopilot/db/v_hscaler.cpp:1861]   --->   Operation 25 'br' 'br_ln1861' <Predicate = (icmp_ln1853)> <Delay = 0.00>
ST_1 : Operation 26 [1/1] (0.00ns)   --->   "%br_ln2010 = br i1 %cmp384_read, void %for.inc392, void %if.then387" [/home/user/Documents/kria-vitis-platforms/kv260/platforms/vivado/kv260_ispMipiRx_vcu_DP/project/kv260_ispMipiRx_vcu_DP.runs/bd_eab1_hsc_0_synth_1/prj/sol/.autopilot/db/v_hscaler.cpp:2010]   --->   Operation 26 'br' 'br_ln2010' <Predicate = (icmp_ln1853)> <Delay = 0.00>
ST_1 : Operation 27 [1/1] (0.00ns)   --->   "%br_ln2012 = br i1 %p_read_1, void %if.else389, void %if.then388" [/home/user/Documents/kria-vitis-platforms/kv260/platforms/vivado/kv260_ispMipiRx_vcu_DP/project/kv260_ispMipiRx_vcu_DP.runs/bd_eab1_hsc_0_synth_1/prj/sol/.autopilot/db/v_hscaler.cpp:2012]   --->   Operation 27 'br' 'br_ln2012' <Predicate = (icmp_ln1853 & cmp384_read)> <Delay = 0.00>
ST_1 : Operation 28 [1/1] (0.00ns)   --->   "%br_ln2016 = br void %for.inc392" [/home/user/Documents/kria-vitis-platforms/kv260/platforms/vivado/kv260_ispMipiRx_vcu_DP/project/kv260_ispMipiRx_vcu_DP.runs/bd_eab1_hsc_0_synth_1/prj/sol/.autopilot/db/v_hscaler.cpp:2016]   --->   Operation 28 'br' 'br_ln2016' <Predicate = (icmp_ln1853 & cmp384_read)> <Delay = 0.00>
ST_1 : Operation 29 [1/1] (0.42ns)   --->   "%store_ln1853 = store i15 %add_ln1853, i15 %out_x" [/home/user/Documents/kria-vitis-platforms/kv260/platforms/vivado/kv260_ispMipiRx_vcu_DP/project/kv260_ispMipiRx_vcu_DP.runs/bd_eab1_hsc_0_synth_1/prj/sol/.autopilot/db/v_hscaler.cpp:1853]   --->   Operation 29 'store' 'store_ln1853' <Predicate = (icmp_ln1853)> <Delay = 0.42>
ST_1 : Operation 30 [1/1] (0.00ns)   --->   "%br_ln1853 = br void %for.body27" [/home/user/Documents/kria-vitis-platforms/kv260/platforms/vivado/kv260_ispMipiRx_vcu_DP/project/kv260_ispMipiRx_vcu_DP.runs/bd_eab1_hsc_0_synth_1/prj/sol/.autopilot/db/v_hscaler.cpp:1853]   --->   Operation 30 'br' 'br_ln1853' <Predicate = (icmp_ln1853)> <Delay = 0.00>

State 2 <SV = 1> <Delay = 1.82>
ST_2 : Operation 31 [1/1] (1.82ns)   --->   "%stream_out_422_read = read i24 @_ssdm_op_Read.ap_fifo.volatile.i24P0A, i24 %stream_out_422" [/home/user/Documents/kria-vitis-platforms/kv260/platforms/vivado/kv260_ispMipiRx_vcu_DP/project/kv260_ispMipiRx_vcu_DP.runs/bd_eab1_hsc_0_synth_1/prj/sol/.autopilot/db/v_hscaler.cpp:1863]   --->   Operation 31 'read' 'stream_out_422_read' <Predicate = (icmp_ln1853 & cmp33_read)> <Delay = 1.82> <CoreInst = "FIFO_SRL">   --->   Core 81 'FIFO_SRL' <Latency = 0> <II = 1> <Delay = 2.04> <Storage> <Opcode : 'read' 'write' 'nbread' 'nbwrite'> <Ports = 0> <Width = 24> <Depth = 16> <FIFO>
ST_2 : Operation 32 [1/1] (0.00ns)   --->   "%trunc_ln1863 = trunc i24 %stream_out_422_read" [/home/user/Documents/kria-vitis-platforms/kv260/platforms/vivado/kv260_ispMipiRx_vcu_DP/project/kv260_ispMipiRx_vcu_DP.runs/bd_eab1_hsc_0_synth_1/prj/sol/.autopilot/db/v_hscaler.cpp:1863]   --->   Operation 32 'trunc' 'trunc_ln1863' <Predicate = (icmp_ln1853 & cmp33_read)> <Delay = 0.00>
ST_2 : Operation 33 [1/1] (0.00ns)   --->   "%trunc_ln1863_1 = partselect i8 @_ssdm_op_PartSelect.i8.i24.i32.i32, i24 %stream_out_422_read, i32 8, i32 15" [/home/user/Documents/kria-vitis-platforms/kv260/platforms/vivado/kv260_ispMipiRx_vcu_DP/project/kv260_ispMipiRx_vcu_DP.runs/bd_eab1_hsc_0_synth_1/prj/sol/.autopilot/db/v_hscaler.cpp:1863]   --->   Operation 33 'partselect' 'trunc_ln1863_1' <Predicate = (icmp_ln1853 & cmp33_read)> <Delay = 0.00>
ST_2 : Operation 34 [1/1] (0.00ns)   --->   "%trunc_ln1863_2 = partselect i8 @_ssdm_op_PartSelect.i8.i24.i32.i32, i24 %stream_out_422_read, i32 16, i32 23" [/home/user/Documents/kria-vitis-platforms/kv260/platforms/vivado/kv260_ispMipiRx_vcu_DP/project/kv260_ispMipiRx_vcu_DP.runs/bd_eab1_hsc_0_synth_1/prj/sol/.autopilot/db/v_hscaler.cpp:1863]   --->   Operation 34 'partselect' 'trunc_ln1863_2' <Predicate = (icmp_ln1853 & cmp33_read)> <Delay = 0.00>
ST_2 : Operation 35 [1/1] (0.00ns)   --->   "%store_ln1870 = store i8 %trunc_ln1863_1, i8 %p_0_1_0_0_0723_out" [/home/user/Documents/kria-vitis-platforms/kv260/platforms/vivado/kv260_ispMipiRx_vcu_DP/project/kv260_ispMipiRx_vcu_DP.runs/bd_eab1_hsc_0_synth_1/prj/sol/.autopilot/db/v_hscaler.cpp:1870]   --->   Operation 35 'store' 'store_ln1870' <Predicate = (icmp_ln1853 & cmp33_read)> <Delay = 0.00>
ST_2 : Operation 36 [1/1] (0.00ns)   --->   "%store_ln1870 = store i8 %trunc_ln1863, i8 %p_0_0_0_0_0393721_out" [/home/user/Documents/kria-vitis-platforms/kv260/platforms/vivado/kv260_ispMipiRx_vcu_DP/project/kv260_ispMipiRx_vcu_DP.runs/bd_eab1_hsc_0_synth_1/prj/sol/.autopilot/db/v_hscaler.cpp:1870]   --->   Operation 36 'store' 'store_ln1870' <Predicate = (icmp_ln1853 & cmp33_read)> <Delay = 0.00>
ST_2 : Operation 37 [1/1] (0.00ns)   --->   "%store_ln1870 = store i8 %trunc_ln1863_2, i8 %p_0_2_0_0_0719_out" [/home/user/Documents/kria-vitis-platforms/kv260/platforms/vivado/kv260_ispMipiRx_vcu_DP/project/kv260_ispMipiRx_vcu_DP.runs/bd_eab1_hsc_0_synth_1/prj/sol/.autopilot/db/v_hscaler.cpp:1870]   --->   Operation 37 'store' 'store_ln1870' <Predicate = (icmp_ln1853 & cmp33_read)> <Delay = 0.00>
ST_2 : Operation 38 [1/1] (0.00ns)   --->   "%store_ln1870 = store i8 %trunc_ln1863_1, i8 %p_0_1_0_0_0717_out" [/home/user/Documents/kria-vitis-platforms/kv260/platforms/vivado/kv260_ispMipiRx_vcu_DP/project/kv260_ispMipiRx_vcu_DP.runs/bd_eab1_hsc_0_synth_1/prj/sol/.autopilot/db/v_hscaler.cpp:1870]   --->   Operation 38 'store' 'store_ln1870' <Predicate = (icmp_ln1853 & cmp33_read)> <Delay = 0.00>
ST_2 : Operation 39 [1/1] (0.00ns)   --->   "%store_ln1870 = store i8 %trunc_ln1863, i8 %p_0_0_0_0_0393715_out" [/home/user/Documents/kria-vitis-platforms/kv260/platforms/vivado/kv260_ispMipiRx_vcu_DP/project/kv260_ispMipiRx_vcu_DP.runs/bd_eab1_hsc_0_synth_1/prj/sol/.autopilot/db/v_hscaler.cpp:1870]   --->   Operation 39 'store' 'store_ln1870' <Predicate = (icmp_ln1853 & cmp33_read)> <Delay = 0.00>
ST_2 : Operation 40 [1/1] (0.00ns)   --->   "%br_ln1870 = br void %for.body57" [/home/user/Documents/kria-vitis-platforms/kv260/platforms/vivado/kv260_ispMipiRx_vcu_DP/project/kv260_ispMipiRx_vcu_DP.runs/bd_eab1_hsc_0_synth_1/prj/sol/.autopilot/db/v_hscaler.cpp:1870]   --->   Operation 40 'br' 'br_ln1870' <Predicate = (icmp_ln1853 & cmp33_read)> <Delay = 0.00>
ST_2 : Operation 41 [1/1] (0.00ns)   --->   "%empty = trunc i15 %x"   --->   Operation 41 'trunc' 'empty' <Predicate = (icmp_ln1853)> <Delay = 0.00>
ST_2 : Operation 42 [1/1] (0.00ns)   --->   "%idxprom6_i259 = zext i11 %empty"   --->   Operation 42 'zext' 'idxprom6_i259' <Predicate = (icmp_ln1853)> <Delay = 0.00>
ST_2 : Operation 43 [1/1] (0.00ns)   --->   "%linebuf_y_val_V_addr = getelementptr i8 %linebuf_y_val_V, i64 0, i64 %idxprom6_i259" [/home/user/Documents/kria-vitis-platforms/kv260/platforms/vivado/kv260_ispMipiRx_vcu_DP/project/kv260_ispMipiRx_vcu_DP.gen/sources_1/bd/kv260_ispMipiRx_vcu_DP/ip/kv260_ispMipiRx_vcu_DP_v_proc_ss_0_0/bd_0/ip/ip_2/src/hls/hls_video_mem.h:836]   --->   Operation 43 'getelementptr' 'linebuf_y_val_V_addr' <Predicate = (icmp_ln1853)> <Delay = 0.00>
ST_2 : Operation 44 [1/1] (0.00ns)   --->   "%linebuf_c_val_V_addr = getelementptr i8 %linebuf_c_val_V, i64 0, i64 %idxprom6_i259" [/home/user/Documents/kria-vitis-platforms/kv260/platforms/vivado/kv260_ispMipiRx_vcu_DP/project/kv260_ispMipiRx_vcu_DP.gen/sources_1/bd/kv260_ispMipiRx_vcu_DP/ip/kv260_ispMipiRx_vcu_DP_v_proc_ss_0_0/bd_0/ip/ip_2/src/hls/hls_video_mem.h:836]   --->   Operation 44 'getelementptr' 'linebuf_c_val_V_addr' <Predicate = (icmp_ln1853)> <Delay = 0.00>
ST_2 : Operation 45 [2/2] (1.23ns)   --->   "%rhs = load i11 %linebuf_c_val_V_addr" [/home/user/Documents/kria-vitis-platforms/kv260/platforms/vivado/kv260_ispMipiRx_vcu_DP/project/kv260_ispMipiRx_vcu_DP.runs/bd_eab1_hsc_0_synth_1/prj/sol/.autopilot/db/v_hscaler.cpp:1911]   --->   Operation 45 'load' 'rhs' <Predicate = (icmp_ln1853)> <Delay = 1.23> <CoreInst = "RAM">   --->   Core 83 'RAM' <Latency = 1> <II = 1> <Delay = 1.23> <Storage> <Opcode : 'load' 'store'> <Ports = 2> <Width = 8> <Depth = 1920> <RAM>
ST_2 : Operation 46 [1/1] (0.00ns)   --->   "%linebuf_c_val_V_1_addr = getelementptr i8 %linebuf_c_val_V_1, i64 0, i64 %idxprom6_i259" [/home/user/Documents/kria-vitis-platforms/kv260/platforms/vivado/kv260_ispMipiRx_vcu_DP/project/kv260_ispMipiRx_vcu_DP.gen/sources_1/bd/kv260_ispMipiRx_vcu_DP/ip/kv260_ispMipiRx_vcu_DP_v_proc_ss_0_0/bd_0/ip/ip_2/src/hls/hls_video_mem.h:836]   --->   Operation 46 'getelementptr' 'linebuf_c_val_V_1_addr' <Predicate = (icmp_ln1853 & !out_y_cast_read)> <Delay = 0.00>
ST_2 : Operation 47 [2/2] (1.23ns)   --->   "%LineBufVal_V_4 = load i11 %linebuf_c_val_V_1_addr" [/home/user/Documents/kria-vitis-platforms/kv260/platforms/vivado/kv260_ispMipiRx_vcu_DP/project/kv260_ispMipiRx_vcu_DP.runs/bd_eab1_hsc_0_synth_1/prj/sol/.autopilot/db/v_hscaler.cpp:1911]   --->   Operation 47 'load' 'LineBufVal_V_4' <Predicate = (icmp_ln1853 & !out_y_cast_read)> <Delay = 1.23> <CoreInst = "RAM">   --->   Core 83 'RAM' <Latency = 1> <II = 1> <Delay = 1.23> <Storage> <Opcode : 'load' 'store'> <Ports = 2> <Width = 8> <Depth = 1920> <RAM>

State 3 <SV = 2> <Delay = 3.38>
ST_3 : Operation 48 [1/1] (0.00ns)   --->   "%zext_ln1853 = zext i15 %x" [/home/user/Documents/kria-vitis-platforms/kv260/platforms/vivado/kv260_ispMipiRx_vcu_DP/project/kv260_ispMipiRx_vcu_DP.runs/bd_eab1_hsc_0_synth_1/prj/sol/.autopilot/db/v_hscaler.cpp:1853]   --->   Operation 48 'zext' 'zext_ln1853' <Predicate = true> <Delay = 0.00>
ST_3 : Operation 49 [1/1] (0.00ns)   --->   "%speclooptripcount_ln0 = speclooptripcount void @_ssdm_op_SpecLoopTripCount, i64 0, i64 32767, i64 0"   --->   Operation 49 'speclooptripcount' 'speclooptripcount_ln0' <Predicate = true> <Delay = 0.00>
ST_3 : Operation 50 [1/1] (0.00ns)   --->   "%InYPix_V = load i8 %p_0_0_0_0_0393721_out" [/home/user/Documents/kria-vitis-platforms/kv260/platforms/vivado/kv260_ispMipiRx_vcu_DP/project/kv260_ispMipiRx_vcu_DP.gen/sources_1/bd/kv260_ispMipiRx_vcu_DP/ip/kv260_ispMipiRx_vcu_DP_v_proc_ss_0_0/bd_0/ip/ip_2/src/hls/hls_video_mem.h:798]   --->   Operation 50 'load' 'InYPix_V' <Predicate = (icmp_ln1853)> <Delay = 0.00>
ST_3 : Operation 51 [1/1] (0.00ns)   --->   "%InCPix_V = load i8 %p_0_1_0_0_0723_out"   --->   Operation 51 'load' 'InCPix_V' <Predicate = (icmp_ln1853)> <Delay = 0.00>
ST_3 : Operation 52 [2/2] (1.23ns)   --->   "%p_Val2_s = load i11 %linebuf_y_val_V_addr" [/home/user/Documents/kria-vitis-platforms/kv260/platforms/vivado/kv260_ispMipiRx_vcu_DP/project/kv260_ispMipiRx_vcu_DP.runs/bd_eab1_hsc_0_synth_1/prj/sol/.autopilot/db/v_hscaler.cpp:1876]   --->   Operation 52 'load' 'p_Val2_s' <Predicate = (icmp_ln1853)> <Delay = 1.23> <CoreInst = "RAM">   --->   Core 83 'RAM' <Latency = 1> <II = 1> <Delay = 1.23> <Storage> <Opcode : 'load' 'store'> <Ports = 2> <Width = 8> <Depth = 1920> <RAM>
ST_3 : Operation 53 [1/1] (1.23ns)   --->   "%store_ln798 = store i8 %InYPix_V, i11 %linebuf_y_val_V_addr" [/home/user/Documents/kria-vitis-platforms/kv260/platforms/vivado/kv260_ispMipiRx_vcu_DP/project/kv260_ispMipiRx_vcu_DP.gen/sources_1/bd/kv260_ispMipiRx_vcu_DP/ip/kv260_ispMipiRx_vcu_DP_v_proc_ss_0_0/bd_0/ip/ip_2/src/hls/hls_video_mem.h:798]   --->   Operation 53 'store' 'store_ln798' <Predicate = (icmp_ln1853)> <Delay = 1.23> <CoreInst = "RAM">   --->   Core 83 'RAM' <Latency = 1> <II = 1> <Delay = 1.23> <Storage> <Opcode : 'load' 'store'> <Ports = 2> <Width = 8> <Depth = 1920> <RAM>
ST_3 : Operation 54 [1/2] (1.23ns)   --->   "%rhs = load i11 %linebuf_c_val_V_addr" [/home/user/Documents/kria-vitis-platforms/kv260/platforms/vivado/kv260_ispMipiRx_vcu_DP/project/kv260_ispMipiRx_vcu_DP.runs/bd_eab1_hsc_0_synth_1/prj/sol/.autopilot/db/v_hscaler.cpp:1911]   --->   Operation 54 'load' 'rhs' <Predicate = (icmp_ln1853)> <Delay = 1.23> <CoreInst = "RAM">   --->   Core 83 'RAM' <Latency = 1> <II = 1> <Delay = 1.23> <Storage> <Opcode : 'load' 'store'> <Ports = 2> <Width = 8> <Depth = 1920> <RAM>
ST_3 : Operation 55 [1/2] (1.23ns)   --->   "%LineBufVal_V_4 = load i11 %linebuf_c_val_V_1_addr" [/home/user/Documents/kria-vitis-platforms/kv260/platforms/vivado/kv260_ispMipiRx_vcu_DP/project/kv260_ispMipiRx_vcu_DP.runs/bd_eab1_hsc_0_synth_1/prj/sol/.autopilot/db/v_hscaler.cpp:1911]   --->   Operation 55 'load' 'LineBufVal_V_4' <Predicate = (icmp_ln1853 & !out_y_cast_read)> <Delay = 1.23> <CoreInst = "RAM">   --->   Core 83 'RAM' <Latency = 1> <II = 1> <Delay = 1.23> <Storage> <Opcode : 'load' 'store'> <Ports = 2> <Width = 8> <Depth = 1920> <RAM>
ST_3 : Operation 56 [1/1] (0.42ns)   --->   "%br_ln1929 = br i1 %cmp33_read, void %for.body216_ifconv, void %for.inc202" [/home/user/Documents/kria-vitis-platforms/kv260/platforms/vivado/kv260_ispMipiRx_vcu_DP/project/kv260_ispMipiRx_vcu_DP.runs/bd_eab1_hsc_0_synth_1/prj/sol/.autopilot/db/v_hscaler.cpp:1929]   --->   Operation 56 'br' 'br_ln1929' <Predicate = (icmp_ln1853)> <Delay = 0.42>
ST_3 : Operation 57 [1/1] (1.23ns)   --->   "%store_ln798 = store i8 %InCPix_V, i11 %linebuf_c_val_V_addr" [/home/user/Documents/kria-vitis-platforms/kv260/platforms/vivado/kv260_ispMipiRx_vcu_DP/project/kv260_ispMipiRx_vcu_DP.gen/sources_1/bd/kv260_ispMipiRx_vcu_DP/ip/kv260_ispMipiRx_vcu_DP_v_proc_ss_0_0/bd_0/ip/ip_2/src/hls/hls_video_mem.h:798]   --->   Operation 57 'store' 'store_ln798' <Predicate = (icmp_ln1853 & cmp33_read)> <Delay = 1.23> <CoreInst = "RAM">   --->   Core 83 'RAM' <Latency = 1> <II = 1> <Delay = 1.23> <Storage> <Opcode : 'load' 'store'> <Ports = 2> <Width = 8> <Depth = 1920> <RAM>
ST_3 : Operation 58 [1/1] (0.42ns)   --->   "%br_ln1938 = br void %for.body216_ifconv" [/home/user/Documents/kria-vitis-platforms/kv260/platforms/vivado/kv260_ispMipiRx_vcu_DP/project/kv260_ispMipiRx_vcu_DP.runs/bd_eab1_hsc_0_synth_1/prj/sol/.autopilot/db/v_hscaler.cpp:1938]   --->   Operation 58 'br' 'br_ln1938' <Predicate = (icmp_ln1853 & cmp33_read)> <Delay = 0.42>
ST_3 : Operation 59 [1/1] (0.00ns)   --->   "%rhs_2 = phi i8 %InCPix_V, void %for.inc202, i8 %rhs, void %for.body57"   --->   Operation 59 'phi' 'rhs_2' <Predicate = (icmp_ln1853)> <Delay = 0.00>
ST_3 : Operation 60 [1/1] (0.39ns)   --->   "%LineBufVal_V_3 = select i1 %cmp100_read, i8 %rhs, i8 %rhs_2" [/home/user/Documents/kria-vitis-platforms/kv260/platforms/vivado/kv260_ispMipiRx_vcu_DP/project/kv260_ispMipiRx_vcu_DP.runs/bd_eab1_hsc_0_synth_1/prj/sol/.autopilot/db/v_hscaler.cpp:1946]   --->   Operation 60 'select' 'LineBufVal_V_3' <Predicate = (icmp_ln1853)> <Delay = 0.39> <CoreInst = "Sel">   --->   Core 73 'Sel' <Latency = 0> <II = 1> <Delay = 0.39> <FuncUnit> <Opcode : 'select'> <InPorts = 3> <OutPorts = 1>
ST_3 : Operation 61 [1/1] (0.00ns)   --->   "%linebuf_c_val_V_1_addr_1 = getelementptr i8 %linebuf_c_val_V_1, i64 0, i64 %zext_ln1853" [/home/user/Documents/kria-vitis-platforms/kv260/platforms/vivado/kv260_ispMipiRx_vcu_DP/project/kv260_ispMipiRx_vcu_DP.runs/bd_eab1_hsc_0_synth_1/prj/sol/.autopilot/db/v_hscaler.cpp:1955]   --->   Operation 61 'getelementptr' 'linebuf_c_val_V_1_addr_1' <Predicate = (icmp_ln1853)> <Delay = 0.00>
ST_3 : Operation 62 [1/1] (1.23ns)   --->   "%store_ln1955 = store i8 %LineBufVal_V_3, i11 %linebuf_c_val_V_1_addr_1" [/home/user/Documents/kria-vitis-platforms/kv260/platforms/vivado/kv260_ispMipiRx_vcu_DP/project/kv260_ispMipiRx_vcu_DP.runs/bd_eab1_hsc_0_synth_1/prj/sol/.autopilot/db/v_hscaler.cpp:1955]   --->   Operation 62 'store' 'store_ln1955' <Predicate = (icmp_ln1853)> <Delay = 1.23> <CoreInst = "RAM">   --->   Core 83 'RAM' <Latency = 1> <II = 1> <Delay = 1.23> <Storage> <Opcode : 'load' 'store'> <Ports = 2> <Width = 8> <Depth = 1920> <RAM>
ST_3 : Operation 63 [1/1] (0.00ns)   --->   "%ret_V = bitconcatenate i9 @_ssdm_op_BitConcatenate.i9.i8.i1, i8 %rhs, i1 0"   --->   Operation 63 'bitconcatenate' 'ret_V' <Predicate = (icmp_ln1853 & !out_y_cast_read)> <Delay = 0.00>
ST_3 : Operation 64 [1/1] (0.00ns)   --->   "%zext_ln1495 = zext i8 %LineBufVal_V_4"   --->   Operation 64 'zext' 'zext_ln1495' <Predicate = (icmp_ln1853 & !out_y_cast_read)> <Delay = 0.00>
ST_3 : Operation 65 [1/1] (0.00ns)   --->   "%zext_ln1495_1 = zext i9 %ret_V"   --->   Operation 65 'zext' 'zext_ln1495_1' <Predicate = (icmp_ln1853 & !out_y_cast_read)> <Delay = 0.00>
ST_3 : Operation 66 [1/1] (0.00ns)   --->   "%zext_ln1495_2 = zext i8 %rhs_2"   --->   Operation 66 'zext' 'zext_ln1495_2' <Predicate = (icmp_ln1853 & !out_y_cast_read)> <Delay = 0.00>
ST_3 : Operation 67 [1/1] (0.00ns) (grouped into TernaryAdder)   --->   "%add_ln1495 = add i10 %zext_ln1495_1, i10 %zext_ln1495"   --->   Operation 67 'add' 'add_ln1495' <Predicate = (icmp_ln1853 & !out_y_cast_read)> <Delay = 0.00> <CoreInst = "TAddSub">   --->   Core 10 'TAddSub' <Latency = 0> <II = 1> <Delay = 0.48> <IPBlock> <Opcode : 'add' 'sub'> <InPorts = 3> <OutPorts = 1> <Sync> <CReg>
ST_3 : Operation 68 [1/1] (0.76ns)   --->   "%add_ln1495_2 = add i9 %zext_ln1495_2, i9 2"   --->   Operation 68 'add' 'add_ln1495_2' <Predicate = (icmp_ln1853 & !out_y_cast_read)> <Delay = 0.76> <CoreInst = "Adder">   --->   Core 1 'Adder' <Latency = 0> <II = 1> <Delay = 0.76> <FuncUnit> <Opcode : 'add' 'sub'> <InPorts = 2> <OutPorts = 1>
ST_3 : Operation 69 [1/1] (0.00ns)   --->   "%zext_ln1495_3 = zext i9 %add_ln1495_2"   --->   Operation 69 'zext' 'zext_ln1495_3' <Predicate = (icmp_ln1853 & !out_y_cast_read)> <Delay = 0.00>
ST_3 : Operation 70 [1/1] (0.96ns) (root node of TernaryAdder)   --->   "%add_ln1495_1 = add i10 %zext_ln1495_3, i10 %add_ln1495"   --->   Operation 70 'add' 'add_ln1495_1' <Predicate = (icmp_ln1853 & !out_y_cast_read)> <Delay = 0.96> <CoreInst = "TAddSub">   --->   Core 10 'TAddSub' <Latency = 0> <II = 1> <Delay = 0.48> <IPBlock> <Opcode : 'add' 'sub'> <InPorts = 3> <OutPorts = 1> <Sync> <CReg>
ST_3 : Operation 71 [1/1] (0.00ns)   --->   "%trunc_ln1 = partselect i8 @_ssdm_op_PartSelect.i8.i10.i32.i32, i10 %add_ln1495_1, i32 2, i32 9"   --->   Operation 71 'partselect' 'trunc_ln1' <Predicate = (icmp_ln1853 & !out_y_cast_read)> <Delay = 0.00>
ST_3 : Operation 72 [1/1] (0.00ns)   --->   "%p_0_0_0_0_0393715_out_load = load i8 %p_0_0_0_0_0393715_out" [/home/user/Documents/kria-vitis-platforms/kv260/platforms/vivado/kv260_ispMipiRx_vcu_DP/project/kv260_ispMipiRx_vcu_DP.runs/bd_eab1_hsc_0_synth_1/prj/sol/.autopilot/db/v_hscaler.cpp:2013]   --->   Operation 72 'load' 'p_0_0_0_0_0393715_out_load' <Predicate = (icmp_ln1853 & cmp384_read & p_read_1)> <Delay = 0.00>
ST_3 : Operation 73 [1/1] (0.00ns)   --->   "%p_0_1_0_0_0717_out_load = load i8 %p_0_1_0_0_0717_out" [/home/user/Documents/kria-vitis-platforms/kv260/platforms/vivado/kv260_ispMipiRx_vcu_DP/project/kv260_ispMipiRx_vcu_DP.runs/bd_eab1_hsc_0_synth_1/prj/sol/.autopilot/db/v_hscaler.cpp:2013]   --->   Operation 73 'load' 'p_0_1_0_0_0717_out_load' <Predicate = (icmp_ln1853 & cmp384_read & p_read_1)> <Delay = 0.00>
ST_3 : Operation 74 [1/1] (0.00ns)   --->   "%p_0_2_0_0_0719_out_load = load i8 %p_0_2_0_0_0719_out" [/home/user/Documents/kria-vitis-platforms/kv260/platforms/vivado/kv260_ispMipiRx_vcu_DP/project/kv260_ispMipiRx_vcu_DP.runs/bd_eab1_hsc_0_synth_1/prj/sol/.autopilot/db/v_hscaler.cpp:2013]   --->   Operation 74 'load' 'p_0_2_0_0_0719_out_load' <Predicate = (icmp_ln1853 & cmp384_read & p_read_1)> <Delay = 0.00>
ST_3 : Operation 75 [1/1] (0.00ns)   --->   "%p_0 = bitconcatenate i24 @_ssdm_op_BitConcatenate.i24.i8.i8.i8, i8 %p_0_2_0_0_0719_out_load, i8 %p_0_1_0_0_0717_out_load, i8 %p_0_0_0_0_0393715_out_load" [/home/user/Documents/kria-vitis-platforms/kv260/platforms/vivado/kv260_ispMipiRx_vcu_DP/project/kv260_ispMipiRx_vcu_DP.runs/bd_eab1_hsc_0_synth_1/prj/sol/.autopilot/db/v_hscaler.cpp:2013]   --->   Operation 75 'bitconcatenate' 'p_0' <Predicate = (icmp_ln1853 & cmp384_read & p_read_1)> <Delay = 0.00>
ST_3 : Operation 76 [1/1] (1.82ns)   --->   "%write_ln2013 = write void @_ssdm_op_Write.ap_fifo.volatile.i24P0A, i24 %stream_out_420, i24 %p_0" [/home/user/Documents/kria-vitis-platforms/kv260/platforms/vivado/kv260_ispMipiRx_vcu_DP/project/kv260_ispMipiRx_vcu_DP.runs/bd_eab1_hsc_0_synth_1/prj/sol/.autopilot/db/v_hscaler.cpp:2013]   --->   Operation 76 'write' 'write_ln2013' <Predicate = (icmp_ln1853 & cmp384_read & p_read_1)> <Delay = 1.82> <CoreInst = "FIFO_SRL">   --->   Core 81 'FIFO_SRL' <Latency = 0> <II = 1> <Delay = 2.04> <Storage> <Opcode : 'read' 'write' 'nbread' 'nbwrite'> <Ports = 0> <Width = 24> <Depth = 16> <FIFO>
ST_3 : Operation 77 [1/1] (0.00ns)   --->   "%br_ln2013 = br void %if.end390" [/home/user/Documents/kria-vitis-platforms/kv260/platforms/vivado/kv260_ispMipiRx_vcu_DP/project/kv260_ispMipiRx_vcu_DP.runs/bd_eab1_hsc_0_synth_1/prj/sol/.autopilot/db/v_hscaler.cpp:2013]   --->   Operation 77 'br' 'br_ln2013' <Predicate = (icmp_ln1853 & cmp384_read & p_read_1)> <Delay = 0.00>
ST_3 : Operation 84 [1/1] (0.00ns)   --->   "%ret_ln0 = ret"   --->   Operation 84 'ret' 'ret_ln0' <Predicate = (!icmp_ln1853)> <Delay = 0.00>

State 4 <SV = 3> <Delay = 3.06>
ST_4 : Operation 78 [1/2] (1.23ns)   --->   "%p_Val2_s = load i11 %linebuf_y_val_V_addr" [/home/user/Documents/kria-vitis-platforms/kv260/platforms/vivado/kv260_ispMipiRx_vcu_DP/project/kv260_ispMipiRx_vcu_DP.runs/bd_eab1_hsc_0_synth_1/prj/sol/.autopilot/db/v_hscaler.cpp:1876]   --->   Operation 78 'load' 'p_Val2_s' <Predicate = (icmp_ln1853)> <Delay = 1.23> <CoreInst = "RAM">   --->   Core 83 'RAM' <Latency = 1> <II = 1> <Delay = 1.23> <Storage> <Opcode : 'load' 'store'> <Ports = 2> <Width = 8> <Depth = 1920> <RAM>
ST_4 : Operation 79 [1/1] (0.39ns)   --->   "%conv3_i_i71735 = select i1 %out_y_cast_read, i8 0, i8 %trunc_ln1"   --->   Operation 79 'select' 'conv3_i_i71735' <Predicate = true> <Delay = 0.39> <CoreInst = "Sel">   --->   Core 73 'Sel' <Latency = 0> <II = 1> <Delay = 0.39> <FuncUnit> <Opcode : 'select'> <InPorts = 3> <OutPorts = 1>
ST_4 : Operation 80 [1/1] (0.00ns)   --->   "%tmp_1 = bitconcatenate i16 @_ssdm_op_BitConcatenate.i16.i8.i8, i8 %conv3_i_i71735, i8 %p_Val2_s" [/home/user/Documents/kria-vitis-platforms/kv260/platforms/vivado/kv260_ispMipiRx_vcu_DP/project/kv260_ispMipiRx_vcu_DP.runs/bd_eab1_hsc_0_synth_1/prj/sol/.autopilot/db/v_hscaler.cpp:2015]   --->   Operation 80 'bitconcatenate' 'tmp_1' <Predicate = (cmp384_read & !p_read_1)> <Delay = 0.00>
ST_4 : Operation 81 [1/1] (0.00ns)   --->   "%zext_ln2015 = zext i16 %tmp_1" [/home/user/Documents/kria-vitis-platforms/kv260/platforms/vivado/kv260_ispMipiRx_vcu_DP/project/kv260_ispMipiRx_vcu_DP.runs/bd_eab1_hsc_0_synth_1/prj/sol/.autopilot/db/v_hscaler.cpp:2015]   --->   Operation 81 'zext' 'zext_ln2015' <Predicate = (cmp384_read & !p_read_1)> <Delay = 0.00>
ST_4 : Operation 82 [1/1] (1.82ns)   --->   "%write_ln2015 = write void @_ssdm_op_Write.ap_fifo.volatile.i24P0A, i24 %stream_out_420, i24 %zext_ln2015" [/home/user/Documents/kria-vitis-platforms/kv260/platforms/vivado/kv260_ispMipiRx_vcu_DP/project/kv260_ispMipiRx_vcu_DP.runs/bd_eab1_hsc_0_synth_1/prj/sol/.autopilot/db/v_hscaler.cpp:2015]   --->   Operation 82 'write' 'write_ln2015' <Predicate = (cmp384_read & !p_read_1)> <Delay = 1.82> <CoreInst = "FIFO_SRL">   --->   Core 81 'FIFO_SRL' <Latency = 0> <II = 1> <Delay = 2.04> <Storage> <Opcode : 'read' 'write' 'nbread' 'nbwrite'> <Ports = 0> <Width = 24> <Depth = 16> <FIFO>
ST_4 : Operation 83 [1/1] (0.00ns)   --->   "%br_ln0 = br void %if.end390"   --->   Operation 83 'br' 'br_ln0' <Predicate = (cmp384_read & !p_read_1)> <Delay = 0.00>


============================================================
+ Verbose Summary: Timing violations
============================================================
Target clock period: 5ns, clock uncertainty: 1.35ns.

 <State 1>: 1.53ns
The critical path consists of the following:
	'alloca' operation ('out_x') [17]  (0 ns)
	'load' operation ('x') on local variable 'out_x' [29]  (0 ns)
	'add' operation ('add_ln1853', /home/user/Documents/kria-vitis-platforms/kv260/platforms/vivado/kv260_ispMipiRx_vcu_DP/project/kv260_ispMipiRx_vcu_DP.runs/bd_eab1_hsc_0_synth_1/prj/sol/.autopilot/db/v_hscaler.cpp:1853) [34]  (0.842 ns)
	'store' operation ('store_ln1853', /home/user/Documents/kria-vitis-platforms/kv260/platforms/vivado/kv260_ispMipiRx_vcu_DP/project/kv260_ispMipiRx_vcu_DP.runs/bd_eab1_hsc_0_synth_1/prj/sol/.autopilot/db/v_hscaler.cpp:1853) of variable 'add_ln1853', /home/user/Documents/kria-vitis-platforms/kv260/platforms/vivado/kv260_ispMipiRx_vcu_DP/project/kv260_ispMipiRx_vcu_DP.runs/bd_eab1_hsc_0_synth_1/prj/sol/.autopilot/db/v_hscaler.cpp:1853 on local variable 'out_x' [100]  (0.427 ns)
	blocking operation 0.26 ns on control path)

 <State 2>: 1.83ns
The critical path consists of the following:
	fifo read operation ('stream_out_422_read', /home/user/Documents/kria-vitis-platforms/kv260/platforms/vivado/kv260_ispMipiRx_vcu_DP/project/kv260_ispMipiRx_vcu_DP.runs/bd_eab1_hsc_0_synth_1/prj/sol/.autopilot/db/v_hscaler.cpp:1863) on port 'stream_out_422' (/home/user/Documents/kria-vitis-platforms/kv260/platforms/vivado/kv260_ispMipiRx_vcu_DP/project/kv260_ispMipiRx_vcu_DP.runs/bd_eab1_hsc_0_synth_1/prj/sol/.autopilot/db/v_hscaler.cpp:1863) [41]  (1.83 ns)

 <State 3>: 3.39ns
The critical path consists of the following:
	'load' operation ('__Val2__', /home/user/Documents/kria-vitis-platforms/kv260/platforms/vivado/kv260_ispMipiRx_vcu_DP/project/kv260_ispMipiRx_vcu_DP.runs/bd_eab1_hsc_0_synth_1/prj/sol/.autopilot/db/v_hscaler.cpp:1911) on array 'linebuf_c_val_V' [60]  (1.24 ns)
	multiplexor before 'phi' operation ('__Val2__') with incoming values : ('InCPix.V') ('__Val2__', /home/user/Documents/kria-vitis-platforms/kv260/platforms/vivado/kv260_ispMipiRx_vcu_DP/project/kv260_ispMipiRx_vcu_DP.runs/bd_eab1_hsc_0_synth_1/prj/sol/.autopilot/db/v_hscaler.cpp:1911) [68]  (0.427 ns)
	'phi' operation ('__Val2__') with incoming values : ('InCPix.V') ('__Val2__', /home/user/Documents/kria-vitis-platforms/kv260/platforms/vivado/kv260_ispMipiRx_vcu_DP/project/kv260_ispMipiRx_vcu_DP.runs/bd_eab1_hsc_0_synth_1/prj/sol/.autopilot/db/v_hscaler.cpp:1911) [68]  (0 ns)
	'add' operation ('add_ln1495_2') [77]  (0.765 ns)
	'add' operation ('add_ln1495_1') [79]  (0.96 ns)

 <State 4>: 3.06ns
The critical path consists of the following:
	'load' operation ('__Val2__', /home/user/Documents/kria-vitis-platforms/kv260/platforms/vivado/kv260_ispMipiRx_vcu_DP/project/kv260_ispMipiRx_vcu_DP.runs/bd_eab1_hsc_0_synth_1/prj/sol/.autopilot/db/v_hscaler.cpp:1876) on array 'linebuf_y_val_V' [57]  (1.24 ns)
	fifo write operation ('write_ln2015', /home/user/Documents/kria-vitis-platforms/kv260/platforms/vivado/kv260_ispMipiRx_vcu_DP/project/kv260_ispMipiRx_vcu_DP.runs/bd_eab1_hsc_0_synth_1/prj/sol/.autopilot/db/v_hscaler.cpp:2015) on port 'stream_out_420' (/home/user/Documents/kria-vitis-platforms/kv260/platforms/vivado/kv260_ispMipiRx_vcu_DP/project/kv260_ispMipiRx_vcu_DP.runs/bd_eab1_hsc_0_synth_1/prj/sol/.autopilot/db/v_hscaler.cpp:2015) [88]  (1.83 ns)


============================================================
+ Verbose Summary: Binding
============================================================
N/A
* FSMD analyzer results:
  - Output states:
 - Input state : 
  - Chain level:
	State 1
	State 2
	State 3
	State 4


============================================================
+ Verbose Summary: Datapath Resource usage 
============================================================
N/A
