

================================================================
== Vitis HLS Report for 'v_vcresampler_core'
================================================================
* Date:           Fri Mar  6 02:16:59 2026

* Version:        2022.2 (Build 3670227 on Oct 13 2022)
* Project:        prj
* Solution:       sol (Vivado IP Flow Target)
* Product family: zynquplus
* Target device:  xck26-sfvc784-2LV-c


================================================================
== Performance Estimates
================================================================
+ Timing: 
    * Summary: 
    +--------+---------+----------+------------+
    |  Clock |  Target | Estimated| Uncertainty|
    +--------+---------+----------+------------+
    |ap_clk  |  5.00 ns|  3.650 ns|     1.35 ns|
    +--------+---------+----------+------------+

+ Latency: 
    * Summary: 
    +---------+------------+----------+-----------+-----+------------+---------+
    |   Latency (cycles)   |  Latency (absolute)  |     Interval     | Pipeline|
    |   min   |     max    |    min   |    max    | min |     max    |   Type  |
    +---------+------------+----------+-----------+-----+------------+---------+
    |        1|  1073872892|  5.000 ns|  5.369 sec|    1|  1073872892|       no|
    +---------+------------+----------+-----------+-----+------------+---------+

    + Detail: 
        * Instance: 
        +----------------------------------------------------------+-----------------------------------------------+---------+---------+-----------+----------+-----+-------+---------+
        |                                                          |                                               |  Latency (cycles) |  Latency (absolute)  |   Interval  | Pipeline|
        |                         Instance                         |                     Module                    |   min   |   max   |    min    |    max   | min |  max  |   Type  |
        +----------------------------------------------------------+-----------------------------------------------+---------+---------+-----------+----------+-----+-------+---------+
        |grp_v_vcresampler_core_Pipeline_VITIS_LOOP_1853_2_fu_142  |v_vcresampler_core_Pipeline_VITIS_LOOP_1853_2  |        4|    32771|  20.000 ns|  0.164 ms|    4|  32771|       no|
        +----------------------------------------------------------+-----------------------------------------------+---------+---------+-----------+----------+-----+-------+---------+

        * Loop: 
        +---------------------+---------+------------+-----------+-----------+-----------+-----------+----------+
        |                     |   Latency (cycles)   | Iteration |  Initiation Interval  |    Trip   |          |
        |      Loop Name      |   min   |     max    |  Latency  |  achieved |   target  |   Count   | Pipelined|
        +---------------------+---------+------------+-----------+-----------+-----------+-----------+----------+
        |- VITIS_LOOP_1851_1  |        0|  1073872891|  6 ~ 32773|          -|          -|  0 ~ 32767|        no|
        +---------------------+---------+------------+-----------+-----------+-----------+-----------+----------+

============================================================
+ Verbose Summary: Synthesis Manager
============================================================
InlineROM: 1
ExposeGlobal: 0
============================================================
+ Verbose Summary: CDFG Model
============================================================
IsTopModel: 0
ResetActiveHigh: 1
IsCombinational: 2
IsDatapathOnly: 0
HasWiredReturn: 1
HasMFsm: 0
HasVarLatency: 1
IsPipeline: 0
IsRtlPipelined: 0
IsInstanceOverlapped: 0
IsDontTouch: 0
HasImplIP: 0
IsGatedGlobalClock: 0


============================================================
+ Verbose Summary: Schedule
============================================================
* Number of FSM states : 3
* Pipeline : 0
* Dataflow Pipeline: 0

* FSM state transitions: 
1 --> 2 
2 --> 3 
3 --> 2 

* FSM state operations: 

State 1 <SV = 0> <Delay = 3.65>
ST_1 : Operation 4 [1/1] (0.00ns)   --->   "%p_0_0_0_0_0393716_lcssa738 = alloca i32 1"   --->   Operation 4 'alloca' 'p_0_0_0_0_0393716_lcssa738' <Predicate = true> <Delay = 0.00>
ST_1 : Operation 5 [1/1] (0.00ns)   --->   "%p_0_1_0_0_0718_lcssa741 = alloca i32 1"   --->   Operation 5 'alloca' 'p_0_1_0_0_0718_lcssa741' <Predicate = true> <Delay = 0.00>
ST_1 : Operation 6 [1/1] (0.00ns)   --->   "%p_0_2_0_0_0720_lcssa744 = alloca i32 1"   --->   Operation 6 'alloca' 'p_0_2_0_0_0720_lcssa744' <Predicate = true> <Delay = 0.00>
ST_1 : Operation 7 [1/1] (0.00ns)   --->   "%p_0_0_0_0_0393722_lcssa747 = alloca i32 1"   --->   Operation 7 'alloca' 'p_0_0_0_0_0393722_lcssa747' <Predicate = true> <Delay = 0.00>
ST_1 : Operation 8 [1/1] (0.00ns)   --->   "%p_0_1_0_0_0724_lcssa750 = alloca i32 1"   --->   Operation 8 'alloca' 'p_0_1_0_0_0724_lcssa750' <Predicate = true> <Delay = 0.00>
ST_1 : Operation 9 [1/1] (0.00ns)   --->   "%y = alloca i32 1"   --->   Operation 9 'alloca' 'y' <Predicate = true> <Delay = 0.00>
ST_1 : Operation 10 [1/1] (1.82ns)   --->   "%p_read21 = read i1 @_ssdm_op_Read.ap_auto.i1, i1 %p_read"   --->   Operation 10 'read' 'p_read21' <Predicate = true> <Delay = 1.82> <CoreInst = "FIFO_SRL">   --->   Core 81 'FIFO_SRL' <Latency = 0> <II = 1> <Delay = 1.83> <Storage> <Opcode : 'read' 'write' 'nbread' 'nbwrite'> <Ports = 0> <Width = -1> <Depth = -1> <FIFO>
ST_1 : Operation 11 [1/1] (0.00ns)   --->   "%specinterface_ln0 = specinterface void @_ssdm_op_SpecInterface, i16 %WidthOut, void @ap_fifo_str, i32 0, i32 0, void @p_str, i32 0, i32 0, void @p_str, void @p_str, void @p_str, i32 2, i32 2, i32 16, i32 16, void @p_str, void @ScalarProp_str, i32 4294967295, i32 0"   --->   Operation 11 'specinterface' 'specinterface_ln0' <Predicate = true> <Delay = 0.00>
ST_1 : Operation 12 [1/1] (1.82ns)   --->   "%loopWidth = read i16 @_ssdm_op_Read.ap_fifo.i16P0A, i16 %WidthOut"   --->   Operation 12 'read' 'loopWidth' <Predicate = true> <Delay = 1.82> <CoreInst = "FIFO_SRL">   --->   Core 81 'FIFO_SRL' <Latency = 0> <II = 1> <Delay = 1.83> <Storage> <Opcode : 'read' 'write' 'nbread' 'nbwrite'> <Ports = 0> <Width = 16> <Depth = 2> <FIFO>
ST_1 : Operation 13 [1/1] (0.00ns)   --->   "%specinterface_ln0 = specinterface void @_ssdm_op_SpecInterface, i16 %WidthOut_c, void @ap_fifo_str, i32 0, i32 0, void @p_str, i32 0, i32 0, void @p_str, void @p_str, void @p_str, i32 2, i32 2, i32 16, i32 16, void @p_str, void @ScalarProp_str, i32 4294967295, i32 0"   --->   Operation 13 'specinterface' 'specinterface_ln0' <Predicate = true> <Delay = 0.00>
ST_1 : Operation 14 [1/1] (1.82ns)   --->   "%write_ln0 = write void @_ssdm_op_Write.ap_fifo.i16P0A, i16 %WidthOut_c, i16 %loopWidth"   --->   Operation 14 'write' 'write_ln0' <Predicate = true> <Delay = 1.82> <CoreInst = "FIFO_SRL">   --->   Core 81 'FIFO_SRL' <Latency = 0> <II = 1> <Delay = 1.83> <Storage> <Opcode : 'read' 'write' 'nbread' 'nbwrite'> <Ports = 0> <Width = 16> <Depth = 2> <FIFO>
ST_1 : Operation 15 [1/1] (0.00ns)   --->   "%specinterface_ln0 = specinterface void @_ssdm_op_SpecInterface, i16 %Height, void @ap_fifo_str, i32 0, i32 0, void @p_str, i32 0, i32 0, void @p_str, void @p_str, void @p_str, i32 2, i32 2, i32 16, i32 16, void @p_str, void @ScalarProp_str, i32 4294967295, i32 0"   --->   Operation 15 'specinterface' 'specinterface_ln0' <Predicate = true> <Delay = 0.00>
ST_1 : Operation 16 [1/1] (1.82ns)   --->   "%Height_read = read i16 @_ssdm_op_Read.ap_fifo.i16P0A, i16 %Height"   --->   Operation 16 'read' 'Height_read' <Predicate = true> <Delay = 1.82> <CoreInst = "FIFO_SRL">   --->   Core 81 'FIFO_SRL' <Latency = 0> <II = 1> <Delay = 1.83> <Storage> <Opcode : 'read' 'write' 'nbread' 'nbwrite'> <Ports = 0> <Width = 16> <Depth = 2> <FIFO>
ST_1 : Operation 17 [1/1] (0.00ns)   --->   "%specinterface_ln0 = specinterface void @_ssdm_op_SpecInterface, i16 %Height_c, void @ap_fifo_str, i32 0, i32 0, void @p_str, i32 0, i32 0, void @p_str, void @p_str, void @p_str, i32 2, i32 2, i32 16, i32 16, void @p_str, void @ScalarProp_str, i32 4294967295, i32 0"   --->   Operation 17 'specinterface' 'specinterface_ln0' <Predicate = true> <Delay = 0.00>
ST_1 : Operation 18 [1/1] (1.82ns)   --->   "%write_ln0 = write void @_ssdm_op_Write.ap_fifo.i16P0A, i16 %Height_c, i16 %Height_read"   --->   Operation 18 'write' 'write_ln0' <Predicate = true> <Delay = 1.82> <CoreInst = "FIFO_SRL">   --->   Core 81 'FIFO_SRL' <Latency = 0> <II = 1> <Delay = 1.83> <Storage> <Opcode : 'read' 'write' 'nbread' 'nbwrite'> <Ports = 0> <Width = 16> <Depth = 2> <FIFO>
ST_1 : Operation 19 [1/1] (0.00ns)   --->   "%specstablecontent_ln0 = specstablecontent void @_ssdm_op_SpecStableContent, i16 %WidthOut, void "   --->   Operation 19 'specstablecontent' 'specstablecontent_ln0' <Predicate = true> <Delay = 0.00>
ST_1 : Operation 20 [1/1] (0.00ns)   --->   "%specstablecontent_ln0 = specstablecontent void @_ssdm_op_SpecStableContent, i16 %Height, void "   --->   Operation 20 'specstablecontent' 'specstablecontent_ln0' <Predicate = true> <Delay = 0.00>
ST_1 : Operation 21 [1/1] (0.00ns)   --->   "%specinterface_ln0 = specinterface void @_ssdm_op_SpecInterface, i24 %stream_out_420, void @empty_14, i32 0, i32 0, void @empty_25, i32 0, i32 0, void @empty_25, void @empty_25, void @empty_25, i32 0, i32 0, i32 0, i32 0, void @empty_25, void @empty_25, i32 4294967295, i32 0"   --->   Operation 21 'specinterface' 'specinterface_ln0' <Predicate = true> <Delay = 0.00>
ST_1 : Operation 22 [1/1] (0.00ns)   --->   "%specinterface_ln0 = specinterface void @_ssdm_op_SpecInterface, i24 %stream_out_422, void @empty_14, i32 0, i32 0, void @empty_25, i32 0, i32 0, void @empty_25, void @empty_25, void @empty_25, i32 0, i32 0, i32 0, i32 0, void @empty_25, void @empty_25, i32 4294967295, i32 0"   --->   Operation 22 'specinterface' 'specinterface_ln0' <Predicate = true> <Delay = 0.00>
ST_1 : Operation 23 [1/1] (1.23ns)   --->   "%linebuf_y_val_V = alloca i64 1" [/home/user/Documents/kria-vitis-platforms/kv260/platforms/vivado/kv260_ispMipiRx_vcu_DP/project/kv260_ispMipiRx_vcu_DP.runs/bd_eab1_hsc_0_synth_1/prj/sol/.autopilot/db/v_hscaler.cpp:1821]   --->   Operation 23 'alloca' 'linebuf_y_val_V' <Predicate = true> <Delay = 1.23>
ST_1 : Operation 24 [1/1] (1.23ns)   --->   "%linebuf_c_val_V = alloca i64 1" [/home/user/Documents/kria-vitis-platforms/kv260/platforms/vivado/kv260_ispMipiRx_vcu_DP/project/kv260_ispMipiRx_vcu_DP.runs/bd_eab1_hsc_0_synth_1/prj/sol/.autopilot/db/v_hscaler.cpp:1822]   --->   Operation 24 'alloca' 'linebuf_c_val_V' <Predicate = true> <Delay = 1.23>
ST_1 : Operation 25 [1/1] (1.23ns)   --->   "%linebuf_c_val_V_1 = alloca i64 1" [/home/user/Documents/kria-vitis-platforms/kv260/platforms/vivado/kv260_ispMipiRx_vcu_DP/project/kv260_ispMipiRx_vcu_DP.runs/bd_eab1_hsc_0_synth_1/prj/sol/.autopilot/db/v_hscaler.cpp:1822]   --->   Operation 25 'alloca' 'linebuf_c_val_V_1' <Predicate = true> <Delay = 1.23>
ST_1 : Operation 26 [1/1] (0.28ns)   --->   "%yOffset = xor i1 %p_read21, i1 1" [/home/user/Documents/kria-vitis-platforms/kv260/platforms/vivado/kv260_ispMipiRx_vcu_DP/project/kv260_ispMipiRx_vcu_DP.runs/bd_eab1_hsc_0_synth_1/prj/sol/.autopilot/db/v_hscaler.cpp:1836]   --->   Operation 26 'xor' 'yOffset' <Predicate = true> <Delay = 0.28> <CoreInst = "LogicGate">   --->   Core 74 'LogicGate' <Latency = 0> <II = 1> <Delay = 0.28> <FuncUnit> <Opcode : 'and' 'or' 'xor'> <InPorts = 2> <OutPorts = 1>
ST_1 : Operation 27 [1/1] (0.00ns)   --->   "%zext_ln1814 = zext i1 %yOffset" [/home/user/Documents/kria-vitis-platforms/kv260/platforms/vivado/kv260_ispMipiRx_vcu_DP/project/kv260_ispMipiRx_vcu_DP.runs/bd_eab1_hsc_0_synth_1/prj/sol/.autopilot/db/v_hscaler.cpp:1814]   --->   Operation 27 'zext' 'zext_ln1814' <Predicate = true> <Delay = 0.00>
ST_1 : Operation 28 [1/1] (0.85ns)   --->   "%loopHeight = add i16 %Height_read, i16 %zext_ln1814" [/home/user/Documents/kria-vitis-platforms/kv260/platforms/vivado/kv260_ispMipiRx_vcu_DP/project/kv260_ispMipiRx_vcu_DP.runs/bd_eab1_hsc_0_synth_1/prj/sol/.autopilot/db/v_hscaler.cpp:1849]   --->   Operation 28 'add' 'loopHeight' <Predicate = true> <Delay = 0.85> <CoreInst = "Adder">   --->   Core 1 'Adder' <Latency = 0> <II = 1> <Delay = 0.85> <FuncUnit> <Opcode : 'add' 'sub'> <InPorts = 2> <OutPorts = 1>
ST_1 : Operation 29 [1/1] (0.42ns)   --->   "%store_ln1851 = store i15 0, i15 %y" [/home/user/Documents/kria-vitis-platforms/kv260/platforms/vivado/kv260_ispMipiRx_vcu_DP/project/kv260_ispMipiRx_vcu_DP.runs/bd_eab1_hsc_0_synth_1/prj/sol/.autopilot/db/v_hscaler.cpp:1851]   --->   Operation 29 'store' 'store_ln1851' <Predicate = true> <Delay = 0.42>
ST_1 : Operation 30 [1/1] (0.00ns)   --->   "%br_ln1851 = br void %VITIS_LOOP_1853_2" [/home/user/Documents/kria-vitis-platforms/kv260/platforms/vivado/kv260_ispMipiRx_vcu_DP/project/kv260_ispMipiRx_vcu_DP.runs/bd_eab1_hsc_0_synth_1/prj/sol/.autopilot/db/v_hscaler.cpp:1851]   --->   Operation 30 'br' 'br_ln1851' <Predicate = true> <Delay = 0.00>

State 2 <SV = 1> <Delay = 2.65>
ST_2 : Operation 31 [1/1] (0.00ns)   --->   "%y_1 = load i15 %y" [/home/user/Documents/kria-vitis-platforms/kv260/platforms/vivado/kv260_ispMipiRx_vcu_DP/project/kv260_ispMipiRx_vcu_DP.runs/bd_eab1_hsc_0_synth_1/prj/sol/.autopilot/db/v_hscaler.cpp:1851]   --->   Operation 31 'load' 'y_1' <Predicate = true> <Delay = 0.00>
ST_2 : Operation 32 [1/1] (0.00ns)   --->   "%zext_ln1851 = zext i15 %y_1" [/home/user/Documents/kria-vitis-platforms/kv260/platforms/vivado/kv260_ispMipiRx_vcu_DP/project/kv260_ispMipiRx_vcu_DP.runs/bd_eab1_hsc_0_synth_1/prj/sol/.autopilot/db/v_hscaler.cpp:1851]   --->   Operation 32 'zext' 'zext_ln1851' <Predicate = true> <Delay = 0.00>
ST_2 : Operation 33 [1/1] (1.10ns)   --->   "%icmp_ln1851 = icmp_slt  i16 %zext_ln1851, i16 %loopHeight" [/home/user/Documents/kria-vitis-platforms/kv260/platforms/vivado/kv260_ispMipiRx_vcu_DP/project/kv260_ispMipiRx_vcu_DP.runs/bd_eab1_hsc_0_synth_1/prj/sol/.autopilot/db/v_hscaler.cpp:1851]   --->   Operation 33 'icmp' 'icmp_ln1851' <Predicate = true> <Delay = 1.10> <CoreInst = "Cmp">   --->   Core 9 'Cmp' <Latency = 0> <II = 1> <Delay = 1.10> <FuncUnit> <Opcode : 'icmp'> <InPorts = 2> <OutPorts = 1>
ST_2 : Operation 34 [1/1] (0.00ns)   --->   "%speclooptripcount_ln0 = speclooptripcount void @_ssdm_op_SpecLoopTripCount, i64 0, i64 32767, i64 0"   --->   Operation 34 'speclooptripcount' 'speclooptripcount_ln0' <Predicate = true> <Delay = 0.00>
ST_2 : Operation 35 [1/1] (0.84ns)   --->   "%add_ln1851 = add i15 %y_1, i15 1" [/home/user/Documents/kria-vitis-platforms/kv260/platforms/vivado/kv260_ispMipiRx_vcu_DP/project/kv260_ispMipiRx_vcu_DP.runs/bd_eab1_hsc_0_synth_1/prj/sol/.autopilot/db/v_hscaler.cpp:1851]   --->   Operation 35 'add' 'add_ln1851' <Predicate = true> <Delay = 0.84> <CoreInst = "Adder">   --->   Core 1 'Adder' <Latency = 0> <II = 1> <Delay = 0.84> <FuncUnit> <Opcode : 'add' 'sub'> <InPorts = 2> <OutPorts = 1>
ST_2 : Operation 36 [1/1] (0.00ns)   --->   "%br_ln1851 = br i1 %icmp_ln1851, void %for.end397.loopexit, void %VITIS_LOOP_1853_2.split" [/home/user/Documents/kria-vitis-platforms/kv260/platforms/vivado/kv260_ispMipiRx_vcu_DP/project/kv260_ispMipiRx_vcu_DP.runs/bd_eab1_hsc_0_synth_1/prj/sol/.autopilot/db/v_hscaler.cpp:1851]   --->   Operation 36 'br' 'br_ln1851' <Predicate = true> <Delay = 0.00>
ST_2 : Operation 37 [1/1] (0.84ns)   --->   "%out_y = sub i16 %zext_ln1851, i16 %zext_ln1814" [/home/user/Documents/kria-vitis-platforms/kv260/platforms/vivado/kv260_ispMipiRx_vcu_DP/project/kv260_ispMipiRx_vcu_DP.runs/bd_eab1_hsc_0_synth_1/prj/sol/.autopilot/db/v_hscaler.cpp:1851]   --->   Operation 37 'sub' 'out_y' <Predicate = (icmp_ln1851)> <Delay = 0.84> <CoreInst = "Adder">   --->   Core 1 'Adder' <Latency = 0> <II = 1> <Delay = 0.84> <FuncUnit> <Opcode : 'add' 'sub'> <InPorts = 2> <OutPorts = 1>
ST_2 : Operation 38 [1/1] (0.00ns)   --->   "%empty = trunc i16 %out_y" [/home/user/Documents/kria-vitis-platforms/kv260/platforms/vivado/kv260_ispMipiRx_vcu_DP/project/kv260_ispMipiRx_vcu_DP.runs/bd_eab1_hsc_0_synth_1/prj/sol/.autopilot/db/v_hscaler.cpp:1851]   --->   Operation 38 'trunc' 'empty' <Predicate = (icmp_ln1851)> <Delay = 0.00>
ST_2 : Operation 39 [1/1] (1.10ns)   --->   "%cmp33 = icmp_ult  i16 %zext_ln1851, i16 %Height_read" [/home/user/Documents/kria-vitis-platforms/kv260/platforms/vivado/kv260_ispMipiRx_vcu_DP/project/kv260_ispMipiRx_vcu_DP.runs/bd_eab1_hsc_0_synth_1/prj/sol/.autopilot/db/v_hscaler.cpp:1851]   --->   Operation 39 'icmp' 'cmp33' <Predicate = (icmp_ln1851)> <Delay = 1.10> <CoreInst = "Cmp">   --->   Core 9 'Cmp' <Latency = 0> <II = 1> <Delay = 1.10> <FuncUnit> <Opcode : 'icmp'> <InPorts = 2> <OutPorts = 1>
ST_2 : Operation 40 [1/1] (1.07ns)   --->   "%cmp100 = icmp_ne  i15 %y_1, i15 0" [/home/user/Documents/kria-vitis-platforms/kv260/platforms/vivado/kv260_ispMipiRx_vcu_DP/project/kv260_ispMipiRx_vcu_DP.runs/bd_eab1_hsc_0_synth_1/prj/sol/.autopilot/db/v_hscaler.cpp:1851]   --->   Operation 40 'icmp' 'cmp100' <Predicate = (icmp_ln1851)> <Delay = 1.07> <CoreInst = "Cmp">   --->   Core 9 'Cmp' <Latency = 0> <II = 1> <Delay = 1.07> <FuncUnit> <Opcode : 'icmp'> <InPorts = 2> <OutPorts = 1>
ST_2 : Operation 41 [1/1] (0.00ns)   --->   "%tmp = bitselect i1 @_ssdm_op_BitSelect.i1.i16.i32, i16 %out_y, i32 15" [/home/user/Documents/kria-vitis-platforms/kv260/platforms/vivado/kv260_ispMipiRx_vcu_DP/project/kv260_ispMipiRx_vcu_DP.runs/bd_eab1_hsc_0_synth_1/prj/sol/.autopilot/db/v_hscaler.cpp:1851]   --->   Operation 41 'bitselect' 'tmp' <Predicate = (icmp_ln1851)> <Delay = 0.00>
ST_2 : Operation 42 [1/1] (0.28ns)   --->   "%rev = xor i1 %tmp, i1 1" [/home/user/Documents/kria-vitis-platforms/kv260/platforms/vivado/kv260_ispMipiRx_vcu_DP/project/kv260_ispMipiRx_vcu_DP.runs/bd_eab1_hsc_0_synth_1/prj/sol/.autopilot/db/v_hscaler.cpp:1851]   --->   Operation 42 'xor' 'rev' <Predicate = (icmp_ln1851)> <Delay = 0.28> <CoreInst = "LogicGate">   --->   Core 74 'LogicGate' <Latency = 0> <II = 1> <Delay = 0.28> <FuncUnit> <Opcode : 'and' 'or' 'xor'> <InPorts = 2> <OutPorts = 1>
ST_2 : Operation 43 [1/1] (0.00ns)   --->   "%empty_58 = wait i32 @_ssdm_op_Wait"   --->   Operation 43 'wait' 'empty_58' <Predicate = (icmp_ln1851)> <Delay = 0.00>
ST_2 : Operation 44 [2/2] (1.52ns)   --->   "%call_ln1851 = call void @v_vcresampler_core_Pipeline_VITIS_LOOP_1853_2, i16 %loopWidth, i1 %cmp100, i8 %linebuf_c_val_V_1, i1 %empty, i1 %rev, i8 %linebuf_y_val_V, i8 %linebuf_c_val_V, i1 %cmp33, i24 %stream_out_422, i24 %stream_out_420, i1 %p_read21, i8 %p_0_1_0_0_0724_lcssa750, i8 %p_0_0_0_0_0393722_lcssa747, i8 %p_0_2_0_0_0720_lcssa744, i8 %p_0_1_0_0_0718_lcssa741, i8 %p_0_0_0_0_0393716_lcssa738" [/home/user/Documents/kria-vitis-platforms/kv260/platforms/vivado/kv260_ispMipiRx_vcu_DP/project/kv260_ispMipiRx_vcu_DP.runs/bd_eab1_hsc_0_synth_1/prj/sol/.autopilot/db/v_hscaler.cpp:1851]   --->   Operation 44 'call' 'call_ln1851' <Predicate = (icmp_ln1851)> <Delay = 1.52> <CoreType = "Generic">   --->   Core 0 '' <Latency = 0> <II = 1> <Delay = 1.00> <Generic> <Opcode : >
ST_2 : Operation 45 [1/1] (0.42ns)   --->   "%store_ln1851 = store i15 %add_ln1851, i15 %y" [/home/user/Documents/kria-vitis-platforms/kv260/platforms/vivado/kv260_ispMipiRx_vcu_DP/project/kv260_ispMipiRx_vcu_DP.runs/bd_eab1_hsc_0_synth_1/prj/sol/.autopilot/db/v_hscaler.cpp:1851]   --->   Operation 45 'store' 'store_ln1851' <Predicate = (icmp_ln1851)> <Delay = 0.42>
ST_2 : Operation 46 [1/1] (0.00ns)   --->   "%ret_ln2019 = ret" [/home/user/Documents/kria-vitis-platforms/kv260/platforms/vivado/kv260_ispMipiRx_vcu_DP/project/kv260_ispMipiRx_vcu_DP.runs/bd_eab1_hsc_0_synth_1/prj/sol/.autopilot/db/v_hscaler.cpp:2019]   --->   Operation 46 'ret' 'ret_ln2019' <Predicate = (!icmp_ln1851)> <Delay = 0.00>

State 3 <SV = 2> <Delay = 0.00>
ST_3 : Operation 47 [1/1] (0.00ns)   --->   "%specloopname_ln1813 = specloopname void @_ssdm_op_SpecLoopName, void @empty_6" [/home/user/Documents/kria-vitis-platforms/kv260/platforms/vivado/kv260_ispMipiRx_vcu_DP/project/kv260_ispMipiRx_vcu_DP.runs/bd_eab1_hsc_0_synth_1/prj/sol/.autopilot/db/v_hscaler.cpp:1813]   --->   Operation 47 'specloopname' 'specloopname_ln1813' <Predicate = true> <Delay = 0.00>
ST_3 : Operation 48 [1/2] (0.00ns)   --->   "%call_ln1851 = call void @v_vcresampler_core_Pipeline_VITIS_LOOP_1853_2, i16 %loopWidth, i1 %cmp100, i8 %linebuf_c_val_V_1, i1 %empty, i1 %rev, i8 %linebuf_y_val_V, i8 %linebuf_c_val_V, i1 %cmp33, i24 %stream_out_422, i24 %stream_out_420, i1 %p_read21, i8 %p_0_1_0_0_0724_lcssa750, i8 %p_0_0_0_0_0393722_lcssa747, i8 %p_0_2_0_0_0720_lcssa744, i8 %p_0_1_0_0_0718_lcssa741, i8 %p_0_0_0_0_0393716_lcssa738" [/home/user/Documents/kria-vitis-platforms/kv260/platforms/vivado/kv260_ispMipiRx_vcu_DP/project/kv260_ispMipiRx_vcu_DP.runs/bd_eab1_hsc_0_synth_1/prj/sol/.autopilot/db/v_hscaler.cpp:1851]   --->   Operation 48 'call' 'call_ln1851' <Predicate = true> <Delay = 0.00> <CoreType = "Generic">   --->   Core 0 '' <Latency = 0> <II = 1> <Delay = 1.00> <Generic> <Opcode : >
ST_3 : Operation 49 [1/1] (0.00ns)   --->   "%br_ln1851 = br void %VITIS_LOOP_1853_2" [/home/user/Documents/kria-vitis-platforms/kv260/platforms/vivado/kv260_ispMipiRx_vcu_DP/project/kv260_ispMipiRx_vcu_DP.runs/bd_eab1_hsc_0_synth_1/prj/sol/.autopilot/db/v_hscaler.cpp:1851]   --->   Operation 49 'br' 'br_ln1851' <Predicate = true> <Delay = 0.00>


============================================================
+ Verbose Summary: Binding
============================================================
STG Binding: 
---------------- STG Properties BEGIN ----------------
- Is combinational: 0
- Is one-state seq: 0
- Is datapath-only: 0
- Is pipelined: 0
- Is top level: 0
Port [ Return ] is wired: 1; IO mode=ap_ctrl_hs:ce=0
Port [ stream_out_422]:  wired=1; compound=1; hidden=0; nouse=0; global=0; static=0; extern=0; dir=0; type=3; pingpong=0; private_global=0; IO mode=ap_fifo:ce=0
Port [ Height]:  wired=1; compound=1; hidden=0; nouse=0; global=0; static=0; extern=0; dir=0; type=3; pingpong=0; private_global=0; IO mode=ap_fifo:ce=0
Port [ WidthOut]:  wired=1; compound=1; hidden=0; nouse=0; global=0; static=0; extern=0; dir=0; type=3; pingpong=0; private_global=0; IO mode=ap_fifo:ce=0
Port [ p_read]:  wired=1; compound=0; hidden=0; nouse=0; global=0; static=0; extern=0; dir=0; type=0; pingpong=0; private_global=0; IO mode=ap_none:ce=0
Port [ stream_out_420]:  wired=1; compound=1; hidden=0; nouse=0; global=0; static=0; extern=0; dir=1; type=3; pingpong=0; private_global=0; IO mode=ap_fifo:ce=0
Port [ Height_c]:  wired=1; compound=1; hidden=0; nouse=0; global=0; static=0; extern=0; dir=1; type=3; pingpong=0; private_global=0; IO mode=ap_fifo:ce=0
Port [ WidthOut_c]:  wired=1; compound=1; hidden=0; nouse=0; global=0; static=0; extern=0; dir=1; type=3; pingpong=0; private_global=0; IO mode=ap_fifo:ce=0
---------------- STG Properties END ------------------

---------------- Datapath Model BEGIN ----------------

<LifeTime>
<method=bitvector/>
p_0_0_0_0_0393716_lcssa738 (alloca           ) [ 0011]
p_0_1_0_0_0718_lcssa741    (alloca           ) [ 0011]
p_0_2_0_0_0720_lcssa744    (alloca           ) [ 0011]
p_0_0_0_0_0393722_lcssa747 (alloca           ) [ 0011]
p_0_1_0_0_0724_lcssa750    (alloca           ) [ 0011]
y                          (alloca           ) [ 0111]
p_read21                   (read             ) [ 0011]
specinterface_ln0          (specinterface    ) [ 0000]
loopWidth                  (read             ) [ 0011]
specinterface_ln0          (specinterface    ) [ 0000]
write_ln0                  (write            ) [ 0000]
specinterface_ln0          (specinterface    ) [ 0000]
Height_read                (read             ) [ 0011]
specinterface_ln0          (specinterface    ) [ 0000]
write_ln0                  (write            ) [ 0000]
specstablecontent_ln0      (specstablecontent) [ 0000]
specstablecontent_ln0      (specstablecontent) [ 0000]
specinterface_ln0          (specinterface    ) [ 0000]
specinterface_ln0          (specinterface    ) [ 0000]
linebuf_y_val_V            (alloca           ) [ 0011]
linebuf_c_val_V            (alloca           ) [ 0011]
linebuf_c_val_V_1          (alloca           ) [ 0011]
yOffset                    (xor              ) [ 0000]
zext_ln1814                (zext             ) [ 0011]
loopHeight                 (add              ) [ 0011]
store_ln1851               (store            ) [ 0000]
br_ln1851                  (br               ) [ 0000]
y_1                        (load             ) [ 0000]
zext_ln1851                (zext             ) [ 0000]
icmp_ln1851                (icmp             ) [ 0011]
speclooptripcount_ln0      (speclooptripcount) [ 0000]
add_ln1851                 (add              ) [ 0000]
br_ln1851                  (br               ) [ 0000]
out_y                      (sub              ) [ 0000]
empty                      (trunc            ) [ 0001]
cmp33                      (icmp             ) [ 0001]
cmp100                     (icmp             ) [ 0001]
tmp                        (bitselect        ) [ 0000]
rev                        (xor              ) [ 0001]
empty_58                   (wait             ) [ 0000]
store_ln1851               (store            ) [ 0000]
ret_ln2019                 (ret              ) [ 0000]
specloopname_ln1813        (specloopname     ) [ 0000]
call_ln1851                (call             ) [ 0000]
br_ln1851                  (br               ) [ 0000]
</LifeTime>

<model>

<comp_list>
<comp id="0" class="1000" name="stream_out_422">
<pin_list>
<pin id="1" dir="1" index="0" bw="1" slack="0"/>
</pin_list>
<bind>
<StgValue><ssdm name="stream_out_422"/></StgValue>
</bind>
</comp>

<comp id="2" class="1000" name="Height">
<pin_list>
<pin id="3" dir="1" index="0" bw="1" slack="0"/>
</pin_list>
<bind>
<StgValue><ssdm name="Height"/></StgValue>
</bind>
</comp>

<comp id="4" class="1000" name="WidthOut">
<pin_list>
<pin id="5" dir="1" index="0" bw="1" slack="0"/>
</pin_list>
<bind>
<StgValue><ssdm name="WidthOut"/></StgValue>
</bind>
</comp>

<comp id="6" class="1000" name="p_read">
<pin_list>
<pin id="7" dir="1" index="0" bw="1" slack="0"/>
</pin_list>
<bind>
<StgValue><ssdm name="p_read"/></StgValue>
</bind>
</comp>

<comp id="8" class="1000" name="stream_out_420">
<pin_list>
<pin id="9" dir="1" index="0" bw="1" slack="0"/>
</pin_list>
<bind>
<StgValue><ssdm name="stream_out_420"/></StgValue>
</bind>
</comp>

<comp id="10" class="1000" name="Height_c">
<pin_list>
<pin id="11" dir="1" index="0" bw="1" slack="0"/>
</pin_list>
<bind>
<StgValue><ssdm name="Height_c"/></StgValue>
</bind>
</comp>

<comp id="12" class="1000" name="WidthOut_c">
<pin_list>
<pin id="13" dir="1" index="0" bw="1" slack="0"/>
</pin_list>
<bind>
<StgValue><ssdm name="WidthOut_c"/></StgValue>
</bind>
</comp>

<comp id="14" class="1001" name="const_14">
<pin_list>
<pin id="15" dir="1" index="0" bw="1" slack="0"/>
</pin_list>
<bind>
<StgValue><ssdm name=""/></StgValue>
</bind>
</comp>

<comp id="16" class="1001" name="const_16">
<pin_list>
<pin id="17" dir="1" index="0" bw="1" slack="0"/>
</pin_list>
<bind>
<StgValue><ssdm name="_ssdm_op_Read.ap_auto.i1"/></StgValue>
</bind>
</comp>

<comp id="18" class="1001" name="const_18">
<pin_list>
<pin id="19" dir="1" index="0" bw="1" slack="2147483647"/>
</pin_list>
<bind>
<StgValue><ssdm name="_ssdm_op_SpecInterface"/></StgValue>
</bind>
</comp>

<comp id="20" class="1001" name="const_20">
<pin_list>
<pin id="21" dir="1" index="0" bw="1" slack="2147483647"/>
</pin_list>
<bind>
<StgValue><ssdm name="ap_fifo_str"/></StgValue>
</bind>
</comp>

<comp id="22" class="1001" name="const_22">
<pin_list>
<pin id="23" dir="1" index="0" bw="1" slack="2147483647"/>
</pin_list>
<bind>
<StgValue><ssdm name=""/></StgValue>
</bind>
</comp>

<comp id="24" class="1001" name="const_24">
<pin_list>
<pin id="25" dir="1" index="0" bw="1" slack="2147483647"/>
</pin_list>
<bind>
<StgValue><ssdm name="p_str"/></StgValue>
</bind>
</comp>

<comp id="26" class="1001" name="const_26">
<pin_list>
<pin id="27" dir="1" index="0" bw="1" slack="2147483647"/>
</pin_list>
<bind>
<StgValue><ssdm name=""/></StgValue>
</bind>
</comp>

<comp id="28" class="1001" name="const_28">
<pin_list>
<pin id="29" dir="1" index="0" bw="1" slack="2147483647"/>
</pin_list>
<bind>
<StgValue><ssdm name=""/></StgValue>
</bind>
</comp>

<comp id="30" class="1001" name="const_30">
<pin_list>
<pin id="31" dir="1" index="0" bw="1" slack="2147483647"/>
</pin_list>
<bind>
<StgValue><ssdm name="ScalarProp_str"/></StgValue>
</bind>
</comp>

<comp id="32" class="1001" name="const_32">
<pin_list>
<pin id="33" dir="1" index="0" bw="1" slack="2147483647"/>
</pin_list>
<bind>
<StgValue><ssdm name=""/></StgValue>
</bind>
</comp>

<comp id="34" class="1001" name="const_34">
<pin_list>
<pin id="35" dir="1" index="0" bw="1" slack="0"/>
</pin_list>
<bind>
<StgValue><ssdm name="_ssdm_op_Read.ap_fifo.i16P0A"/></StgValue>
</bind>
</comp>

<comp id="36" class="1001" name="const_36">
<pin_list>
<pin id="37" dir="1" index="0" bw="1" slack="0"/>
</pin_list>
<bind>
<StgValue><ssdm name="_ssdm_op_Write.ap_fifo.i16P0A"/></StgValue>
</bind>
</comp>

<comp id="38" class="1001" name="const_38">
<pin_list>
<pin id="39" dir="1" index="0" bw="1" slack="2147483647"/>
</pin_list>
<bind>
<StgValue><ssdm name="_ssdm_op_SpecStableContent"/></StgValue>
</bind>
</comp>

<comp id="40" class="1001" name="const_40">
<pin_list>
<pin id="41" dir="1" index="0" bw="1" slack="2147483647"/>
</pin_list>
<bind>
<StgValue><ssdm name=""/></StgValue>
</bind>
</comp>

<comp id="42" class="1001" name="const_42">
<pin_list>
<pin id="43" dir="1" index="0" bw="1" slack="2147483647"/>
</pin_list>
<bind>
<StgValue><ssdm name="empty_14"/></StgValue>
</bind>
</comp>

<comp id="44" class="1001" name="const_44">
<pin_list>
<pin id="45" dir="1" index="0" bw="1" slack="2147483647"/>
</pin_list>
<bind>
<StgValue><ssdm name="empty_25"/></StgValue>
</bind>
</comp>

<comp id="46" class="1001" name="const_46">
<pin_list>
<pin id="47" dir="1" index="0" bw="1" slack="0"/>
</pin_list>
<bind>
<StgValue><ssdm name=""/></StgValue>
</bind>
</comp>

<comp id="48" class="1001" name="const_48">
<pin_list>
<pin id="49" dir="1" index="0" bw="1" slack="0"/>
</pin_list>
<bind>
<StgValue><ssdm name=""/></StgValue>
</bind>
</comp>

<comp id="50" class="1001" name="const_50">
<pin_list>
<pin id="51" dir="1" index="0" bw="1" slack="0"/>
</pin_list>
<bind>
<StgValue><ssdm name=""/></StgValue>
</bind>
</comp>

<comp id="52" class="1001" name="const_52">
<pin_list>
<pin id="53" dir="1" index="0" bw="1" slack="2147483647"/>
</pin_list>
<bind>
<StgValue><ssdm name="_ssdm_op_SpecLoopTripCount"/></StgValue>
</bind>
</comp>

<comp id="54" class="1001" name="const_54">
<pin_list>
<pin id="55" dir="1" index="0" bw="1" slack="2147483647"/>
</pin_list>
<bind>
<StgValue><ssdm name=""/></StgValue>
</bind>
</comp>

<comp id="56" class="1001" name="const_56">
<pin_list>
<pin id="57" dir="1" index="0" bw="1" slack="2147483647"/>
</pin_list>
<bind>
<StgValue><ssdm name=""/></StgValue>
</bind>
</comp>

<comp id="58" class="1001" name="const_58">
<pin_list>
<pin id="59" dir="1" index="0" bw="1" slack="0"/>
</pin_list>
<bind>
<StgValue><ssdm name=""/></StgValue>
</bind>
</comp>

<comp id="60" class="1001" name="const_60">
<pin_list>
<pin id="61" dir="1" index="0" bw="1" slack="0"/>
</pin_list>
<bind>
<StgValue><ssdm name="_ssdm_op_BitSelect.i1.i16.i32"/></StgValue>
</bind>
</comp>

<comp id="62" class="1001" name="const_62">
<pin_list>
<pin id="63" dir="1" index="0" bw="1" slack="0"/>
</pin_list>
<bind>
<StgValue><ssdm name=""/></StgValue>
</bind>
</comp>

<comp id="64" class="1001" name="const_64">
<pin_list>
<pin id="65" dir="1" index="0" bw="1" slack="2147483647"/>
</pin_list>
<bind>
<StgValue><ssdm name="_ssdm_op_Wait"/></StgValue>
</bind>
</comp>

<comp id="66" class="1001" name="const_66">
<pin_list>
<pin id="67" dir="1" index="0" bw="1" slack="0"/>
</pin_list>
<bind>
<StgValue><ssdm name="v_vcresampler_core_Pipeline_VITIS_LOOP_1853_2"/></StgValue>
</bind>
</comp>

<comp id="68" class="1001" name="const_68">
<pin_list>
<pin id="69" dir="1" index="0" bw="1" slack="2147483647"/>
</pin_list>
<bind>
<StgValue><ssdm name="_ssdm_op_SpecLoopName"/></StgValue>
</bind>
</comp>

<comp id="70" class="1001" name="const_70">
<pin_list>
<pin id="71" dir="1" index="0" bw="1" slack="2147483647"/>
</pin_list>
<bind>
<StgValue><ssdm name="empty_6"/></StgValue>
</bind>
</comp>

<comp id="72" class="1004" name="p_0_0_0_0_0393716_lcssa738_fu_72">
<pin_list>
<pin id="73" dir="0" index="0" bw="1" slack="0"/>
<pin id="74" dir="1" index="1" bw="8" slack="1"/>
</pin_list>
<bind>
<opcode="alloca(26) " fcode="alloca"/>
<opset="p_0_0_0_0_0393716_lcssa738/1 "/>
</bind>
</comp>

<comp id="76" class="1004" name="p_0_1_0_0_0718_lcssa741_fu_76">
<pin_list>
<pin id="77" dir="0" index="0" bw="1" slack="0"/>
<pin id="78" dir="1" index="1" bw="8" slack="1"/>
</pin_list>
<bind>
<opcode="alloca(26) " fcode="alloca"/>
<opset="p_0_1_0_0_0718_lcssa741/1 "/>
</bind>
</comp>

<comp id="80" class="1004" name="p_0_2_0_0_0720_lcssa744_fu_80">
<pin_list>
<pin id="81" dir="0" index="0" bw="1" slack="0"/>
<pin id="82" dir="1" index="1" bw="8" slack="1"/>
</pin_list>
<bind>
<opcode="alloca(26) " fcode="alloca"/>
<opset="p_0_2_0_0_0720_lcssa744/1 "/>
</bind>
</comp>

<comp id="84" class="1004" name="p_0_0_0_0_0393722_lcssa747_fu_84">
<pin_list>
<pin id="85" dir="0" index="0" bw="1" slack="0"/>
<pin id="86" dir="1" index="1" bw="8" slack="1"/>
</pin_list>
<bind>
<opcode="alloca(26) " fcode="alloca"/>
<opset="p_0_0_0_0_0393722_lcssa747/1 "/>
</bind>
</comp>

<comp id="88" class="1004" name="p_0_1_0_0_0724_lcssa750_fu_88">
<pin_list>
<pin id="89" dir="0" index="0" bw="1" slack="0"/>
<pin id="90" dir="1" index="1" bw="8" slack="1"/>
</pin_list>
<bind>
<opcode="alloca(26) " fcode="alloca"/>
<opset="p_0_1_0_0_0724_lcssa750/1 "/>
</bind>
</comp>

<comp id="92" class="1004" name="y_fu_92">
<pin_list>
<pin id="93" dir="0" index="0" bw="1" slack="0"/>
<pin id="94" dir="1" index="1" bw="15" slack="0"/>
</pin_list>
<bind>
<opcode="alloca(26) " fcode="alloca"/>
<opset="y/1 "/>
</bind>
</comp>

<comp id="96" class="1004" name="linebuf_y_val_V_alloca_fu_96">
<pin_list>
<pin id="97" dir="0" index="0" bw="1" slack="0"/>
<pin id="98" dir="1" index="1" bw="8" slack="2147483647"/>
</pin_list>
<bind>
<opcode="alloca(26) " fcode="alloca"/>
<opset="linebuf_y_val_V/1 "/>
</bind>
</comp>

<comp id="100" class="1004" name="linebuf_c_val_V_alloca_fu_100">
<pin_list>
<pin id="101" dir="0" index="0" bw="1" slack="0"/>
<pin id="102" dir="1" index="1" bw="8" slack="2147483647"/>
</pin_list>
<bind>
<opcode="alloca(26) " fcode="alloca"/>
<opset="linebuf_c_val_V/1 "/>
</bind>
</comp>

<comp id="104" class="1004" name="linebuf_c_val_V_1_alloca_fu_104">
<pin_list>
<pin id="105" dir="0" index="0" bw="1" slack="0"/>
<pin id="106" dir="1" index="1" bw="8" slack="2147483647"/>
</pin_list>
<bind>
<opcode="alloca(26) " fcode="alloca"/>
<opset="linebuf_c_val_V_1/1 "/>
</bind>
</comp>

<comp id="108" class="1004" name="p_read21_read_fu_108">
<pin_list>
<pin id="109" dir="0" index="0" bw="1" slack="0"/>
<pin id="110" dir="0" index="1" bw="1" slack="0"/>
<pin id="111" dir="1" index="2" bw="1" slack="0"/>
</pin_list>
<bind>
<opcode="read(1150) " fcode="read"/>
<opset="p_read21/1 "/>
</bind>
</comp>

<comp id="114" class="1004" name="loopWidth_read_fu_114">
<pin_list>
<pin id="115" dir="0" index="0" bw="16" slack="0"/>
<pin id="116" dir="0" index="1" bw="16" slack="0"/>
<pin id="117" dir="1" index="2" bw="16" slack="0"/>
</pin_list>
<bind>
<opcode="read(1150) " fcode="read"/>
<opset="loopWidth/1 "/>
</bind>
</comp>

<comp id="120" class="1004" name="write_ln0_write_fu_120">
<pin_list>
<pin id="121" dir="0" index="0" bw="0" slack="0"/>
<pin id="122" dir="0" index="1" bw="16" slack="0"/>
<pin id="123" dir="0" index="2" bw="16" slack="0"/>
<pin id="124" dir="1" index="3" bw="0" slack="2147483647"/>
</pin_list>
<bind>
<opcode="write(1151) " fcode="write"/>
<opset="write_ln0/1 "/>
</bind>
</comp>

<comp id="128" class="1004" name="Height_read_read_fu_128">
<pin_list>
<pin id="129" dir="0" index="0" bw="16" slack="0"/>
<pin id="130" dir="0" index="1" bw="16" slack="0"/>
<pin id="131" dir="1" index="2" bw="16" slack="0"/>
</pin_list>
<bind>
<opcode="read(1150) " fcode="read"/>
<opset="Height_read/1 "/>
</bind>
</comp>

<comp id="134" class="1004" name="write_ln0_write_fu_134">
<pin_list>
<pin id="135" dir="0" index="0" bw="0" slack="0"/>
<pin id="136" dir="0" index="1" bw="16" slack="0"/>
<pin id="137" dir="0" index="2" bw="16" slack="0"/>
<pin id="138" dir="1" index="3" bw="0" slack="2147483647"/>
</pin_list>
<bind>
<opcode="write(1151) " fcode="write"/>
<opset="write_ln0/1 "/>
</bind>
</comp>

<comp id="142" class="1004" name="grp_v_vcresampler_core_Pipeline_VITIS_LOOP_1853_2_fu_142">
<pin_list>
<pin id="143" dir="0" index="0" bw="0" slack="0"/>
<pin id="144" dir="0" index="1" bw="16" slack="1"/>
<pin id="145" dir="0" index="2" bw="1" slack="0"/>
<pin id="146" dir="0" index="3" bw="8" slack="2147483647"/>
<pin id="147" dir="0" index="4" bw="1" slack="0"/>
<pin id="148" dir="0" index="5" bw="1" slack="0"/>
<pin id="149" dir="0" index="6" bw="8" slack="2147483647"/>
<pin id="150" dir="0" index="7" bw="8" slack="2147483647"/>
<pin id="151" dir="0" index="8" bw="1" slack="0"/>
<pin id="152" dir="0" index="9" bw="24" slack="0"/>
<pin id="153" dir="0" index="10" bw="24" slack="0"/>
<pin id="154" dir="0" index="11" bw="1" slack="1"/>
<pin id="155" dir="0" index="12" bw="8" slack="1"/>
<pin id="156" dir="0" index="13" bw="8" slack="1"/>
<pin id="157" dir="0" index="14" bw="8" slack="1"/>
<pin id="158" dir="0" index="15" bw="8" slack="1"/>
<pin id="159" dir="0" index="16" bw="8" slack="1"/>
<pin id="160" dir="1" index="17" bw="0" slack="2147483647"/>
</pin_list>
<bind>
<opcode="call(48) " fcode="call"/>
<opset="call_ln1851/2 "/>
</bind>
</comp>

<comp id="164" class="1004" name="yOffset_fu_164">
<pin_list>
<pin id="165" dir="0" index="0" bw="1" slack="0"/>
<pin id="166" dir="0" index="1" bw="1" slack="0"/>
<pin id="167" dir="1" index="2" bw="1" slack="0"/>
</pin_list>
<bind>
<opcode="xor(25) " fcode="xor"/>
<opset="yOffset/1 "/>
</bind>
</comp>

<comp id="170" class="1004" name="zext_ln1814_fu_170">
<pin_list>
<pin id="171" dir="0" index="0" bw="1" slack="0"/>
<pin id="172" dir="1" index="1" bw="16" slack="0"/>
</pin_list>
<bind>
<opcode="zext(34) " fcode="zext"/>
<opset="zext_ln1814/1 "/>
</bind>
</comp>

<comp id="174" class="1004" name="loopHeight_fu_174">
<pin_list>
<pin id="175" dir="0" index="0" bw="16" slack="0"/>
<pin id="176" dir="0" index="1" bw="1" slack="0"/>
<pin id="177" dir="1" index="2" bw="16" slack="1"/>
</pin_list>
<bind>
<opcode="add(8) " fcode="add"/>
<opset="loopHeight/1 "/>
</bind>
</comp>

<comp id="180" class="1004" name="store_ln1851_store_fu_180">
<pin_list>
<pin id="181" dir="0" index="0" bw="1" slack="0"/>
<pin id="182" dir="0" index="1" bw="15" slack="0"/>
<pin id="183" dir="1" index="2" bw="0" slack="2147483647"/>
</pin_list>
<bind>
<opcode="store(28) " fcode="store"/>
<opset="store_ln1851/1 "/>
</bind>
</comp>

<comp id="185" class="1004" name="y_1_load_fu_185">
<pin_list>
<pin id="186" dir="0" index="0" bw="15" slack="1"/>
<pin id="187" dir="1" index="1" bw="15" slack="0"/>
</pin_list>
<bind>
<opcode="load(27) " fcode="load"/>
<opset="y_1/2 "/>
</bind>
</comp>

<comp id="188" class="1004" name="zext_ln1851_fu_188">
<pin_list>
<pin id="189" dir="0" index="0" bw="15" slack="0"/>
<pin id="190" dir="1" index="1" bw="16" slack="0"/>
</pin_list>
<bind>
<opcode="zext(34) " fcode="zext"/>
<opset="zext_ln1851/2 "/>
</bind>
</comp>

<comp id="192" class="1004" name="icmp_ln1851_fu_192">
<pin_list>
<pin id="193" dir="0" index="0" bw="15" slack="0"/>
<pin id="194" dir="0" index="1" bw="16" slack="1"/>
<pin id="195" dir="1" index="2" bw="1" slack="2147483647"/>
</pin_list>
<bind>
<opcode="icmp(45) " fcode="icmp"/>
<opset="icmp_ln1851/2 "/>
</bind>
</comp>

<comp id="197" class="1004" name="add_ln1851_fu_197">
<pin_list>
<pin id="198" dir="0" index="0" bw="15" slack="0"/>
<pin id="199" dir="0" index="1" bw="1" slack="0"/>
<pin id="200" dir="1" index="2" bw="15" slack="0"/>
</pin_list>
<bind>
<opcode="add(8) " fcode="add"/>
<opset="add_ln1851/2 "/>
</bind>
</comp>

<comp id="203" class="1004" name="out_y_fu_203">
<pin_list>
<pin id="204" dir="0" index="0" bw="15" slack="0"/>
<pin id="205" dir="0" index="1" bw="1" slack="1"/>
<pin id="206" dir="1" index="2" bw="16" slack="0"/>
</pin_list>
<bind>
<opcode="sub(10) " fcode="sub"/>
<opset="out_y/2 "/>
</bind>
</comp>

<comp id="208" class="1004" name="empty_fu_208">
<pin_list>
<pin id="209" dir="0" index="0" bw="16" slack="0"/>
<pin id="210" dir="1" index="1" bw="1" slack="0"/>
</pin_list>
<bind>
<opcode="trunc(33) " fcode="trunc"/>
<opset="empty/2 "/>
</bind>
</comp>

<comp id="213" class="1004" name="cmp33_fu_213">
<pin_list>
<pin id="214" dir="0" index="0" bw="15" slack="0"/>
<pin id="215" dir="0" index="1" bw="16" slack="1"/>
<pin id="216" dir="1" index="2" bw="1" slack="0"/>
</pin_list>
<bind>
<opcode="icmp(45) " fcode="icmp"/>
<opset="cmp33/2 "/>
</bind>
</comp>

<comp id="219" class="1004" name="cmp100_fu_219">
<pin_list>
<pin id="220" dir="0" index="0" bw="15" slack="0"/>
<pin id="221" dir="0" index="1" bw="1" slack="0"/>
<pin id="222" dir="1" index="2" bw="1" slack="0"/>
</pin_list>
<bind>
<opcode="icmp(45) " fcode="icmp"/>
<opset="cmp100/2 "/>
</bind>
</comp>

<comp id="226" class="1004" name="tmp_fu_226">
<pin_list>
<pin id="227" dir="0" index="0" bw="1" slack="0"/>
<pin id="228" dir="0" index="1" bw="16" slack="0"/>
<pin id="229" dir="0" index="2" bw="5" slack="0"/>
<pin id="230" dir="1" index="3" bw="1" slack="0"/>
</pin_list>
<bind>
<opcode="bitselect(1000) " fcode="bitselect"/>
<opset="tmp/2 "/>
</bind>
</comp>

<comp id="234" class="1004" name="rev_fu_234">
<pin_list>
<pin id="235" dir="0" index="0" bw="1" slack="0"/>
<pin id="236" dir="0" index="1" bw="1" slack="0"/>
<pin id="237" dir="1" index="2" bw="1" slack="0"/>
</pin_list>
<bind>
<opcode="xor(25) " fcode="xor"/>
<opset="rev/2 "/>
</bind>
</comp>

<comp id="241" class="1004" name="store_ln1851_store_fu_241">
<pin_list>
<pin id="242" dir="0" index="0" bw="15" slack="0"/>
<pin id="243" dir="0" index="1" bw="15" slack="1"/>
<pin id="244" dir="1" index="2" bw="0" slack="2147483647"/>
</pin_list>
<bind>
<opcode="store(28) " fcode="store"/>
<opset="store_ln1851/2 "/>
</bind>
</comp>

<comp id="246" class="1005" name="p_0_0_0_0_0393716_lcssa738_reg_246">
<pin_list>
<pin id="247" dir="0" index="0" bw="8" slack="1"/>
<pin id="248" dir="1" index="1" bw="8" slack="1"/>
</pin_list>
<bind>
<opset="p_0_0_0_0_0393716_lcssa738 "/>
</bind>
</comp>

<comp id="251" class="1005" name="p_0_1_0_0_0718_lcssa741_reg_251">
<pin_list>
<pin id="252" dir="0" index="0" bw="8" slack="1"/>
<pin id="253" dir="1" index="1" bw="8" slack="1"/>
</pin_list>
<bind>
<opset="p_0_1_0_0_0718_lcssa741 "/>
</bind>
</comp>

<comp id="256" class="1005" name="p_0_2_0_0_0720_lcssa744_reg_256">
<pin_list>
<pin id="257" dir="0" index="0" bw="8" slack="1"/>
<pin id="258" dir="1" index="1" bw="8" slack="1"/>
</pin_list>
<bind>
<opset="p_0_2_0_0_0720_lcssa744 "/>
</bind>
</comp>

<comp id="261" class="1005" name="p_0_0_0_0_0393722_lcssa747_reg_261">
<pin_list>
<pin id="262" dir="0" index="0" bw="8" slack="1"/>
<pin id="263" dir="1" index="1" bw="8" slack="1"/>
</pin_list>
<bind>
<opset="p_0_0_0_0_0393722_lcssa747 "/>
</bind>
</comp>

<comp id="266" class="1005" name="p_0_1_0_0_0724_lcssa750_reg_266">
<pin_list>
<pin id="267" dir="0" index="0" bw="8" slack="1"/>
<pin id="268" dir="1" index="1" bw="8" slack="1"/>
</pin_list>
<bind>
<opset="p_0_1_0_0_0724_lcssa750 "/>
</bind>
</comp>

<comp id="271" class="1005" name="y_reg_271">
<pin_list>
<pin id="272" dir="0" index="0" bw="15" slack="0"/>
<pin id="273" dir="1" index="1" bw="15" slack="0"/>
</pin_list>
<bind>
<opset="y "/>
</bind>
</comp>

<comp id="278" class="1005" name="p_read21_reg_278">
<pin_list>
<pin id="279" dir="0" index="0" bw="1" slack="1"/>
<pin id="280" dir="1" index="1" bw="1" slack="1"/>
</pin_list>
<bind>
<opset="p_read21 "/>
</bind>
</comp>

<comp id="283" class="1005" name="loopWidth_reg_283">
<pin_list>
<pin id="284" dir="0" index="0" bw="16" slack="1"/>
<pin id="285" dir="1" index="1" bw="16" slack="1"/>
</pin_list>
<bind>
<opset="loopWidth "/>
</bind>
</comp>

<comp id="288" class="1005" name="Height_read_reg_288">
<pin_list>
<pin id="289" dir="0" index="0" bw="16" slack="1"/>
<pin id="290" dir="1" index="1" bw="16" slack="1"/>
</pin_list>
<bind>
<opset="Height_read "/>
</bind>
</comp>

<comp id="293" class="1005" name="zext_ln1814_reg_293">
<pin_list>
<pin id="294" dir="0" index="0" bw="16" slack="1"/>
<pin id="295" dir="1" index="1" bw="16" slack="1"/>
</pin_list>
<bind>
<opset="zext_ln1814 "/>
</bind>
</comp>

<comp id="298" class="1005" name="loopHeight_reg_298">
<pin_list>
<pin id="299" dir="0" index="0" bw="16" slack="1"/>
<pin id="300" dir="1" index="1" bw="16" slack="1"/>
</pin_list>
<bind>
<opset="loopHeight "/>
</bind>
</comp>

<comp id="306" class="1005" name="empty_reg_306">
<pin_list>
<pin id="307" dir="0" index="0" bw="1" slack="1"/>
<pin id="308" dir="1" index="1" bw="1" slack="1"/>
</pin_list>
<bind>
<opset="empty "/>
</bind>
</comp>

<comp id="311" class="1005" name="cmp33_reg_311">
<pin_list>
<pin id="312" dir="0" index="0" bw="1" slack="1"/>
<pin id="313" dir="1" index="1" bw="1" slack="1"/>
</pin_list>
<bind>
<opset="cmp33 "/>
</bind>
</comp>

<comp id="316" class="1005" name="cmp100_reg_316">
<pin_list>
<pin id="317" dir="0" index="0" bw="1" slack="1"/>
<pin id="318" dir="1" index="1" bw="1" slack="1"/>
</pin_list>
<bind>
<opset="cmp100 "/>
</bind>
</comp>

<comp id="321" class="1005" name="rev_reg_321">
<pin_list>
<pin id="322" dir="0" index="0" bw="1" slack="1"/>
<pin id="323" dir="1" index="1" bw="1" slack="1"/>
</pin_list>
<bind>
<opset="rev "/>
</bind>
</comp>

</comp_list>

<net_list>
<net id="75"><net_src comp="14" pin="0"/><net_sink comp="72" pin=0"/></net>

<net id="79"><net_src comp="14" pin="0"/><net_sink comp="76" pin=0"/></net>

<net id="83"><net_src comp="14" pin="0"/><net_sink comp="80" pin=0"/></net>

<net id="87"><net_src comp="14" pin="0"/><net_sink comp="84" pin=0"/></net>

<net id="91"><net_src comp="14" pin="0"/><net_sink comp="88" pin=0"/></net>

<net id="95"><net_src comp="14" pin="0"/><net_sink comp="92" pin=0"/></net>

<net id="99"><net_src comp="46" pin="0"/><net_sink comp="96" pin=0"/></net>

<net id="103"><net_src comp="46" pin="0"/><net_sink comp="100" pin=0"/></net>

<net id="107"><net_src comp="46" pin="0"/><net_sink comp="104" pin=0"/></net>

<net id="112"><net_src comp="16" pin="0"/><net_sink comp="108" pin=0"/></net>

<net id="113"><net_src comp="6" pin="0"/><net_sink comp="108" pin=1"/></net>

<net id="118"><net_src comp="34" pin="0"/><net_sink comp="114" pin=0"/></net>

<net id="119"><net_src comp="4" pin="0"/><net_sink comp="114" pin=1"/></net>

<net id="125"><net_src comp="36" pin="0"/><net_sink comp="120" pin=0"/></net>

<net id="126"><net_src comp="12" pin="0"/><net_sink comp="120" pin=1"/></net>

<net id="127"><net_src comp="114" pin="2"/><net_sink comp="120" pin=2"/></net>

<net id="132"><net_src comp="34" pin="0"/><net_sink comp="128" pin=0"/></net>

<net id="133"><net_src comp="2" pin="0"/><net_sink comp="128" pin=1"/></net>

<net id="139"><net_src comp="36" pin="0"/><net_sink comp="134" pin=0"/></net>

<net id="140"><net_src comp="10" pin="0"/><net_sink comp="134" pin=1"/></net>

<net id="141"><net_src comp="128" pin="2"/><net_sink comp="134" pin=2"/></net>

<net id="161"><net_src comp="66" pin="0"/><net_sink comp="142" pin=0"/></net>

<net id="162"><net_src comp="0" pin="0"/><net_sink comp="142" pin=9"/></net>

<net id="163"><net_src comp="8" pin="0"/><net_sink comp="142" pin=10"/></net>

<net id="168"><net_src comp="108" pin="2"/><net_sink comp="164" pin=0"/></net>

<net id="169"><net_src comp="48" pin="0"/><net_sink comp="164" pin=1"/></net>

<net id="173"><net_src comp="164" pin="2"/><net_sink comp="170" pin=0"/></net>

<net id="178"><net_src comp="128" pin="2"/><net_sink comp="174" pin=0"/></net>

<net id="179"><net_src comp="170" pin="1"/><net_sink comp="174" pin=1"/></net>

<net id="184"><net_src comp="50" pin="0"/><net_sink comp="180" pin=0"/></net>

<net id="191"><net_src comp="185" pin="1"/><net_sink comp="188" pin=0"/></net>

<net id="196"><net_src comp="188" pin="1"/><net_sink comp="192" pin=0"/></net>

<net id="201"><net_src comp="185" pin="1"/><net_sink comp="197" pin=0"/></net>

<net id="202"><net_src comp="58" pin="0"/><net_sink comp="197" pin=1"/></net>

<net id="207"><net_src comp="188" pin="1"/><net_sink comp="203" pin=0"/></net>

<net id="211"><net_src comp="203" pin="2"/><net_sink comp="208" pin=0"/></net>

<net id="212"><net_src comp="208" pin="1"/><net_sink comp="142" pin=4"/></net>

<net id="217"><net_src comp="188" pin="1"/><net_sink comp="213" pin=0"/></net>

<net id="218"><net_src comp="213" pin="2"/><net_sink comp="142" pin=8"/></net>

<net id="223"><net_src comp="185" pin="1"/><net_sink comp="219" pin=0"/></net>

<net id="224"><net_src comp="50" pin="0"/><net_sink comp="219" pin=1"/></net>

<net id="225"><net_src comp="219" pin="2"/><net_sink comp="142" pin=2"/></net>

<net id="231"><net_src comp="60" pin="0"/><net_sink comp="226" pin=0"/></net>

<net id="232"><net_src comp="203" pin="2"/><net_sink comp="226" pin=1"/></net>

<net id="233"><net_src comp="62" pin="0"/><net_sink comp="226" pin=2"/></net>

<net id="238"><net_src comp="226" pin="3"/><net_sink comp="234" pin=0"/></net>

<net id="239"><net_src comp="48" pin="0"/><net_sink comp="234" pin=1"/></net>

<net id="240"><net_src comp="234" pin="2"/><net_sink comp="142" pin=5"/></net>

<net id="245"><net_src comp="197" pin="2"/><net_sink comp="241" pin=0"/></net>

<net id="249"><net_src comp="72" pin="1"/><net_sink comp="246" pin=0"/></net>

<net id="250"><net_src comp="246" pin="1"/><net_sink comp="142" pin=16"/></net>

<net id="254"><net_src comp="76" pin="1"/><net_sink comp="251" pin=0"/></net>

<net id="255"><net_src comp="251" pin="1"/><net_sink comp="142" pin=15"/></net>

<net id="259"><net_src comp="80" pin="1"/><net_sink comp="256" pin=0"/></net>

<net id="260"><net_src comp="256" pin="1"/><net_sink comp="142" pin=14"/></net>

<net id="264"><net_src comp="84" pin="1"/><net_sink comp="261" pin=0"/></net>

<net id="265"><net_src comp="261" pin="1"/><net_sink comp="142" pin=13"/></net>

<net id="269"><net_src comp="88" pin="1"/><net_sink comp="266" pin=0"/></net>

<net id="270"><net_src comp="266" pin="1"/><net_sink comp="142" pin=12"/></net>

<net id="274"><net_src comp="92" pin="1"/><net_sink comp="271" pin=0"/></net>

<net id="275"><net_src comp="271" pin="1"/><net_sink comp="180" pin=1"/></net>

<net id="276"><net_src comp="271" pin="1"/><net_sink comp="185" pin=0"/></net>

<net id="277"><net_src comp="271" pin="1"/><net_sink comp="241" pin=1"/></net>

<net id="281"><net_src comp="108" pin="2"/><net_sink comp="278" pin=0"/></net>

<net id="282"><net_src comp="278" pin="1"/><net_sink comp="142" pin=11"/></net>

<net id="286"><net_src comp="114" pin="2"/><net_sink comp="283" pin=0"/></net>

<net id="287"><net_src comp="283" pin="1"/><net_sink comp="142" pin=1"/></net>

<net id="291"><net_src comp="128" pin="2"/><net_sink comp="288" pin=0"/></net>

<net id="292"><net_src comp="288" pin="1"/><net_sink comp="213" pin=1"/></net>

<net id="296"><net_src comp="170" pin="1"/><net_sink comp="293" pin=0"/></net>

<net id="297"><net_src comp="293" pin="1"/><net_sink comp="203" pin=1"/></net>

<net id="301"><net_src comp="174" pin="2"/><net_sink comp="298" pin=0"/></net>

<net id="302"><net_src comp="298" pin="1"/><net_sink comp="192" pin=1"/></net>

<net id="309"><net_src comp="208" pin="1"/><net_sink comp="306" pin=0"/></net>

<net id="310"><net_src comp="306" pin="1"/><net_sink comp="142" pin=4"/></net>

<net id="314"><net_src comp="213" pin="2"/><net_sink comp="311" pin=0"/></net>

<net id="315"><net_src comp="311" pin="1"/><net_sink comp="142" pin=8"/></net>

<net id="319"><net_src comp="219" pin="2"/><net_sink comp="316" pin=0"/></net>

<net id="320"><net_src comp="316" pin="1"/><net_sink comp="142" pin=2"/></net>

<net id="324"><net_src comp="234" pin="2"/><net_sink comp="321" pin=0"/></net>

<net id="325"><net_src comp="321" pin="1"/><net_sink comp="142" pin=5"/></net>

</net_list>

</model> 
---------------- Datapath Model END ------------------

* FSMD analyzer results:
  - Output states:
	Port: stream_out_420 | {2 3 }
	Port: Height_c | {1 }
	Port: WidthOut_c | {1 }
 - Input state : 
	Port: v_vcresampler_core : stream_out_422 | {2 3 }
	Port: v_vcresampler_core : Height | {1 }
	Port: v_vcresampler_core : WidthOut | {1 }
	Port: v_vcresampler_core : p_read | {1 }
  - Chain level:
	State 1
		loopHeight : 1
		store_ln1851 : 1
	State 2
		zext_ln1851 : 1
		icmp_ln1851 : 2
		add_ln1851 : 1
		br_ln1851 : 3
		out_y : 2
		empty : 3
		cmp33 : 2
		cmp100 : 1
		tmp : 3
		rev : 4
		call_ln1851 : 4
		store_ln1851 : 2
	State 3


============================================================
+ Verbose Summary: Datapath Resource usage 
============================================================

* Functional unit list:
|----------|----------------------------------------------------------|---------|---------|---------|
| Operation|                      Functional Unit                     |  Delay  |    FF   |   LUT   |
|----------|----------------------------------------------------------|---------|---------|---------|
|   call   | grp_v_vcresampler_core_Pipeline_VITIS_LOOP_1853_2_fu_142 |  1.281  |    85   |   129   |
|----------|----------------------------------------------------------|---------|---------|---------|
|    add   |                     loopHeight_fu_174                    |    0    |    0    |    23   |
|          |                     add_ln1851_fu_197                    |    0    |    0    |    22   |
|----------|----------------------------------------------------------|---------|---------|---------|
|          |                    icmp_ln1851_fu_192                    |    0    |    0    |    13   |
|   icmp   |                       cmp33_fu_213                       |    0    |    0    |    13   |
|          |                       cmp100_fu_219                      |    0    |    0    |    12   |
|----------|----------------------------------------------------------|---------|---------|---------|
|    sub   |                       out_y_fu_203                       |    0    |    0    |    22   |
|----------|----------------------------------------------------------|---------|---------|---------|
|    xor   |                      yOffset_fu_164                      |    0    |    0    |    2    |
|          |                        rev_fu_234                        |    0    |    0    |    2    |
|----------|----------------------------------------------------------|---------|---------|---------|
|          |                   p_read21_read_fu_108                   |    0    |    0    |    0    |
|   read   |                   loopWidth_read_fu_114                  |    0    |    0    |    0    |
|          |                  Height_read_read_fu_128                 |    0    |    0    |    0    |
|----------|----------------------------------------------------------|---------|---------|---------|
|   write  |                  write_ln0_write_fu_120                  |    0    |    0    |    0    |
|          |                  write_ln0_write_fu_134                  |    0    |    0    |    0    |
|----------|----------------------------------------------------------|---------|---------|---------|
|   zext   |                    zext_ln1814_fu_170                    |    0    |    0    |    0    |
|          |                    zext_ln1851_fu_188                    |    0    |    0    |    0    |
|----------|----------------------------------------------------------|---------|---------|---------|
|   trunc  |                       empty_fu_208                       |    0    |    0    |    0    |
|----------|----------------------------------------------------------|---------|---------|---------|
| bitselect|                        tmp_fu_226                        |    0    |    0    |    0    |
|----------|----------------------------------------------------------|---------|---------|---------|
|   Total  |                                                          |  1.281  |    85   |   238   |
|----------|----------------------------------------------------------|---------|---------|---------|

Memories:
+-----------------+--------+--------+--------+--------+
|                 |  BRAM  |   FF   |   LUT  |  URAM  |
+-----------------+--------+--------+--------+--------+
| linebuf_c_val_V |    1   |    0   |    0   |    0   |
|linebuf_c_val_V_1|    1   |    0   |    0   |    0   |
| linebuf_y_val_V |    1   |    0   |    0   |    0   |
+-----------------+--------+--------+--------+--------+
|      Total      |    3   |    0   |    0   |    0   |
+-----------------+--------+--------+--------+--------+

* Register list:
+----------------------------------+--------+
|                                  |   FF   |
+----------------------------------+--------+
|        Height_read_reg_288       |   16   |
|          cmp100_reg_316          |    1   |
|           cmp33_reg_311          |    1   |
|           empty_reg_306          |    1   |
|        loopHeight_reg_298        |   16   |
|         loopWidth_reg_283        |   16   |
|p_0_0_0_0_0393716_lcssa738_reg_246|    8   |
|p_0_0_0_0_0393722_lcssa747_reg_261|    8   |
|  p_0_1_0_0_0718_lcssa741_reg_251 |    8   |
|  p_0_1_0_0_0724_lcssa750_reg_266 |    8   |
|  p_0_2_0_0_0720_lcssa744_reg_256 |    8   |
|         p_read21_reg_278         |    1   |
|            rev_reg_321           |    1   |
|             y_reg_271            |   15   |
|        zext_ln1814_reg_293       |   16   |
+----------------------------------+--------+
|               Total              |   124  |
+----------------------------------+--------+

* Multiplexer (MUX) list: 
|----------------------------------------------------------|------|------|------|--------||---------||---------|
|                           Comp                           |  Pin | Size |  BW  | S x BW ||  Delay  ||   LUT   |
|----------------------------------------------------------|------|------|------|--------||---------||---------|
| grp_v_vcresampler_core_Pipeline_VITIS_LOOP_1853_2_fu_142 |  p2  |   2  |   1  |    2   ||    9    |
| grp_v_vcresampler_core_Pipeline_VITIS_LOOP_1853_2_fu_142 |  p4  |   2  |   1  |    2   ||    9    |
| grp_v_vcresampler_core_Pipeline_VITIS_LOOP_1853_2_fu_142 |  p5  |   2  |   1  |    2   ||    9    |
| grp_v_vcresampler_core_Pipeline_VITIS_LOOP_1853_2_fu_142 |  p8  |   2  |   1  |    2   ||    9    |
|----------------------------------------------------------|------|------|------|--------||---------||---------|
|                           Total                          |      |      |      |    8   ||  1.708  ||    36   |
|----------------------------------------------------------|------|------|------|--------||---------||---------|



* Summary:
+-----------+--------+--------+--------+--------+--------+
|           |  BRAM  |  Delay |   FF   |   LUT  |  URAM  |
+-----------+--------+--------+--------+--------+--------+
|  Function |    -   |    1   |   85   |   238  |    -   |
|   Memory  |    3   |    -   |    0   |    0   |    0   |
|Multiplexer|    -   |    1   |    -   |   36   |    -   |
|  Register |    -   |    -   |   124  |    -   |    -   |
+-----------+--------+--------+--------+--------+--------+
|   Total   |    3   |    2   |   209  |   274  |    0   |
+-----------+--------+--------+--------+--------+--------+
