

================================================================
== Vitis HLS Report for 'v_vcresampler_core'
================================================================
* Date:           Fri Mar  6 02:16:59 2026

* Version:        2022.2 (Build 3670227 on Oct 13 2022)
* Project:        prj
* Solution:       sol (Vivado IP Flow Target)
* Product family: zynquplus
* Target device:  xck26-sfvc784-2LV-c


================================================================
== Performance Estimates
================================================================
+ Timing: 
    * Summary: 
    +--------+---------+----------+------------+
    |  Clock |  Target | Estimated| Uncertainty|
    +--------+---------+----------+------------+
    |ap_clk  |  5.00 ns|  3.650 ns|     1.35 ns|
    +--------+---------+----------+------------+

+ Latency: 
    * Summary: 
    +---------+------------+----------+-----------+-----+------------+---------+
    |   Latency (cycles)   |  Latency (absolute)  |     Interval     | Pipeline|
    |   min   |     max    |    min   |    max    | min |     max    |   Type  |
    +---------+------------+----------+-----------+-----+------------+---------+
    |        1|  1073872892|  5.000 ns|  5.369 sec|    1|  1073872892|       no|
    +---------+------------+----------+-----------+-----+------------+---------+

    + Detail: 
        * Instance: 
        N/A

        * Loop: 
        +---------------------+---------+------------+-----------+-----------+-----------+-----------+----------+
        |                     |   Latency (cycles)   | Iteration |  Initiation Interval  |    Trip   |          |
        |      Loop Name      |   min   |     max    |  Latency  |  achieved |   target  |   Count   | Pipelined|
        +---------------------+---------+------------+-----------+-----------+-----------+-----------+----------+
        |- VITIS_LOOP_1851_1  |        0|  1073872891|  6 ~ 32773|          -|          -|  0 ~ 32767|        no|
        +---------------------+---------+------------+-----------+-----------+-----------+-----------+----------+

============================================================
+ Verbose Summary: Synthesis Manager
============================================================
InlineROM: 1
ExposeGlobal: 0
============================================================
+ Verbose Summary: CDFG Model
============================================================
IsTopModel: 0
ResetActiveHigh: 1
IsCombinational: 2
IsDatapathOnly: 0
HasWiredReturn: 1
HasMFsm: 0
HasVarLatency: 1
IsPipeline: 0
IsRtlPipelined: 0
IsInstanceOverlapped: 0
IsDontTouch: 0
HasImplIP: 0
IsGatedGlobalClock: 0


============================================================
+ Verbose Summary: Schedule
============================================================
* Number of FSM states : 3
* Pipeline : 0
* Dataflow Pipeline: 0

* FSM state transitions: 
1 --> 2 
2 --> 3 
3 --> 2 

* FSM state operations: 

State 1 <SV = 0> <Delay = 3.65>
ST_1 : Operation 4 [1/1] (0.00ns)   --->   "%p_0_0_0_0_0393716_lcssa738 = alloca i32 1"   --->   Operation 4 'alloca' 'p_0_0_0_0_0393716_lcssa738' <Predicate = true> <Delay = 0.00>
ST_1 : Operation 5 [1/1] (0.00ns)   --->   "%p_0_1_0_0_0718_lcssa741 = alloca i32 1"   --->   Operation 5 'alloca' 'p_0_1_0_0_0718_lcssa741' <Predicate = true> <Delay = 0.00>
ST_1 : Operation 6 [1/1] (0.00ns)   --->   "%p_0_2_0_0_0720_lcssa744 = alloca i32 1"   --->   Operation 6 'alloca' 'p_0_2_0_0_0720_lcssa744' <Predicate = true> <Delay = 0.00>
ST_1 : Operation 7 [1/1] (0.00ns)   --->   "%p_0_0_0_0_0393722_lcssa747 = alloca i32 1"   --->   Operation 7 'alloca' 'p_0_0_0_0_0393722_lcssa747' <Predicate = true> <Delay = 0.00>
ST_1 : Operation 8 [1/1] (0.00ns)   --->   "%p_0_1_0_0_0724_lcssa750 = alloca i32 1"   --->   Operation 8 'alloca' 'p_0_1_0_0_0724_lcssa750' <Predicate = true> <Delay = 0.00>
ST_1 : Operation 9 [1/1] (0.00ns)   --->   "%y = alloca i32 1"   --->   Operation 9 'alloca' 'y' <Predicate = true> <Delay = 0.00>
ST_1 : Operation 10 [1/1] (1.82ns)   --->   "%p_read21 = read i1 @_ssdm_op_Read.ap_auto.i1, i1 %p_read"   --->   Operation 10 'read' 'p_read21' <Predicate = true> <Delay = 1.82> <CoreInst = "FIFO_SRL">   --->   Core 81 'FIFO_SRL' <Latency = 0> <II = 1> <Delay = 1.83> <Storage> <Opcode : 'read' 'write' 'nbread' 'nbwrite'> <Ports = 0> <Width = -1> <Depth = -1> <FIFO>
ST_1 : Operation 11 [1/1] (0.00ns)   --->   "%specinterface_ln0 = specinterface void @_ssdm_op_SpecInterface, i16 %WidthOut, void @ap_fifo_str, i32 0, i32 0, void @p_str, i32 0, i32 0, void @p_str, void @p_str, void @p_str, i32 2, i32 2, i32 16, i32 16, void @p_str, void @ScalarProp_str, i32 4294967295, i32 0"   --->   Operation 11 'specinterface' 'specinterface_ln0' <Predicate = true> <Delay = 0.00>
ST_1 : Operation 12 [1/1] (1.82ns)   --->   "%loopWidth = read i16 @_ssdm_op_Read.ap_fifo.i16P0A, i16 %WidthOut"   --->   Operation 12 'read' 'loopWidth' <Predicate = true> <Delay = 1.82> <CoreInst = "FIFO_SRL">   --->   Core 81 'FIFO_SRL' <Latency = 0> <II = 1> <Delay = 1.83> <Storage> <Opcode : 'read' 'write' 'nbread' 'nbwrite'> <Ports = 0> <Width = 16> <Depth = 2> <FIFO>
ST_1 : Operation 13 [1/1] (0.00ns)   --->   "%specinterface_ln0 = specinterface void @_ssdm_op_SpecInterface, i16 %WidthOut_c, void @ap_fifo_str, i32 0, i32 0, void @p_str, i32 0, i32 0, void @p_str, void @p_str, void @p_str, i32 2, i32 2, i32 16, i32 16, void @p_str, void @ScalarProp_str, i32 4294967295, i32 0"   --->   Operation 13 'specinterface' 'specinterface_ln0' <Predicate = true> <Delay = 0.00>
ST_1 : Operation 14 [1/1] (1.82ns)   --->   "%write_ln0 = write void @_ssdm_op_Write.ap_fifo.i16P0A, i16 %WidthOut_c, i16 %loopWidth"   --->   Operation 14 'write' 'write_ln0' <Predicate = true> <Delay = 1.82> <CoreInst = "FIFO_SRL">   --->   Core 81 'FIFO_SRL' <Latency = 0> <II = 1> <Delay = 1.83> <Storage> <Opcode : 'read' 'write' 'nbread' 'nbwrite'> <Ports = 0> <Width = 16> <Depth = 2> <FIFO>
ST_1 : Operation 15 [1/1] (0.00ns)   --->   "%specinterface_ln0 = specinterface void @_ssdm_op_SpecInterface, i16 %Height, void @ap_fifo_str, i32 0, i32 0, void @p_str, i32 0, i32 0, void @p_str, void @p_str, void @p_str, i32 2, i32 2, i32 16, i32 16, void @p_str, void @ScalarProp_str, i32 4294967295, i32 0"   --->   Operation 15 'specinterface' 'specinterface_ln0' <Predicate = true> <Delay = 0.00>
ST_1 : Operation 16 [1/1] (1.82ns)   --->   "%Height_read = read i16 @_ssdm_op_Read.ap_fifo.i16P0A, i16 %Height"   --->   Operation 16 'read' 'Height_read' <Predicate = true> <Delay = 1.82> <CoreInst = "FIFO_SRL">   --->   Core 81 'FIFO_SRL' <Latency = 0> <II = 1> <Delay = 1.83> <Storage> <Opcode : 'read' 'write' 'nbread' 'nbwrite'> <Ports = 0> <Width = 16> <Depth = 2> <FIFO>
ST_1 : Operation 17 [1/1] (0.00ns)   --->   "%specinterface_ln0 = specinterface void @_ssdm_op_SpecInterface, i16 %Height_c, void @ap_fifo_str, i32 0, i32 0, void @p_str, i32 0, i32 0, void @p_str, void @p_str, void @p_str, i32 2, i32 2, i32 16, i32 16, void @p_str, void @ScalarProp_str, i32 4294967295, i32 0"   --->   Operation 17 'specinterface' 'specinterface_ln0' <Predicate = true> <Delay = 0.00>
ST_1 : Operation 18 [1/1] (1.82ns)   --->   "%write_ln0 = write void @_ssdm_op_Write.ap_fifo.i16P0A, i16 %Height_c, i16 %Height_read"   --->   Operation 18 'write' 'write_ln0' <Predicate = true> <Delay = 1.82> <CoreInst = "FIFO_SRL">   --->   Core 81 'FIFO_SRL' <Latency = 0> <II = 1> <Delay = 1.83> <Storage> <Opcode : 'read' 'write' 'nbread' 'nbwrite'> <Ports = 0> <Width = 16> <Depth = 2> <FIFO>
ST_1 : Operation 19 [1/1] (0.00ns)   --->   "%specstablecontent_ln0 = specstablecontent void @_ssdm_op_SpecStableContent, i16 %WidthOut, void "   --->   Operation 19 'specstablecontent' 'specstablecontent_ln0' <Predicate = true> <Delay = 0.00>
ST_1 : Operation 20 [1/1] (0.00ns)   --->   "%specstablecontent_ln0 = specstablecontent void @_ssdm_op_SpecStableContent, i16 %Height, void "   --->   Operation 20 'specstablecontent' 'specstablecontent_ln0' <Predicate = true> <Delay = 0.00>
ST_1 : Operation 21 [1/1] (0.00ns)   --->   "%specinterface_ln0 = specinterface void @_ssdm_op_SpecInterface, i24 %stream_out_420, void @empty_14, i32 0, i32 0, void @empty_25, i32 0, i32 0, void @empty_25, void @empty_25, void @empty_25, i32 0, i32 0, i32 0, i32 0, void @empty_25, void @empty_25, i32 4294967295, i32 0"   --->   Operation 21 'specinterface' 'specinterface_ln0' <Predicate = true> <Delay = 0.00>
ST_1 : Operation 22 [1/1] (0.00ns)   --->   "%specinterface_ln0 = specinterface void @_ssdm_op_SpecInterface, i24 %stream_out_422, void @empty_14, i32 0, i32 0, void @empty_25, i32 0, i32 0, void @empty_25, void @empty_25, void @empty_25, i32 0, i32 0, i32 0, i32 0, void @empty_25, void @empty_25, i32 4294967295, i32 0"   --->   Operation 22 'specinterface' 'specinterface_ln0' <Predicate = true> <Delay = 0.00>
ST_1 : Operation 23 [1/1] (0.00ns)   --->   "%linebuf_y_val_V = alloca i64 1" [/home/user/Documents/kria-vitis-platforms/kv260/platforms/vivado/kv260_ispMipiRx_vcu_DP/project/kv260_ispMipiRx_vcu_DP.runs/bd_eab1_hsc_0_synth_1/prj/sol/.autopilot/db/v_hscaler.cpp:1821]   --->   Operation 23 'alloca' 'linebuf_y_val_V' <Predicate = true> <Delay = 0.00>
ST_1 : Operation 24 [1/1] (0.00ns)   --->   "%linebuf_c_val_V = alloca i64 1" [/home/user/Documents/kria-vitis-platforms/kv260/platforms/vivado/kv260_ispMipiRx_vcu_DP/project/kv260_ispMipiRx_vcu_DP.runs/bd_eab1_hsc_0_synth_1/prj/sol/.autopilot/db/v_hscaler.cpp:1822]   --->   Operation 24 'alloca' 'linebuf_c_val_V' <Predicate = true> <Delay = 0.00>
ST_1 : Operation 25 [1/1] (0.00ns)   --->   "%linebuf_c_val_V_1 = alloca i64 1" [/home/user/Documents/kria-vitis-platforms/kv260/platforms/vivado/kv260_ispMipiRx_vcu_DP/project/kv260_ispMipiRx_vcu_DP.runs/bd_eab1_hsc_0_synth_1/prj/sol/.autopilot/db/v_hscaler.cpp:1822]   --->   Operation 25 'alloca' 'linebuf_c_val_V_1' <Predicate = true> <Delay = 0.00>
ST_1 : Operation 26 [1/1] (0.28ns)   --->   "%yOffset = xor i1 %p_read21, i1 1" [/home/user/Documents/kria-vitis-platforms/kv260/platforms/vivado/kv260_ispMipiRx_vcu_DP/project/kv260_ispMipiRx_vcu_DP.runs/bd_eab1_hsc_0_synth_1/prj/sol/.autopilot/db/v_hscaler.cpp:1836]   --->   Operation 26 'xor' 'yOffset' <Predicate = true> <Delay = 0.28> <CoreInst = "LogicGate">   --->   Core 74 'LogicGate' <Latency = 0> <II = 1> <Delay = 0.28> <FuncUnit> <Opcode : 'and' 'or' 'xor'> <InPorts = 2> <OutPorts = 1>
ST_1 : Operation 27 [1/1] (0.00ns)   --->   "%zext_ln1814 = zext i1 %yOffset" [/home/user/Documents/kria-vitis-platforms/kv260/platforms/vivado/kv260_ispMipiRx_vcu_DP/project/kv260_ispMipiRx_vcu_DP.runs/bd_eab1_hsc_0_synth_1/prj/sol/.autopilot/db/v_hscaler.cpp:1814]   --->   Operation 27 'zext' 'zext_ln1814' <Predicate = true> <Delay = 0.00>
ST_1 : Operation 28 [1/1] (0.85ns)   --->   "%loopHeight = add i16 %Height_read, i16 %zext_ln1814" [/home/user/Documents/kria-vitis-platforms/kv260/platforms/vivado/kv260_ispMipiRx_vcu_DP/project/kv260_ispMipiRx_vcu_DP.runs/bd_eab1_hsc_0_synth_1/prj/sol/.autopilot/db/v_hscaler.cpp:1849]   --->   Operation 28 'add' 'loopHeight' <Predicate = true> <Delay = 0.85> <CoreInst = "Adder">   --->   Core 1 'Adder' <Latency = 0> <II = 1> <Delay = 0.85> <FuncUnit> <Opcode : 'add' 'sub'> <InPorts = 2> <OutPorts = 1>
ST_1 : Operation 29 [1/1] (0.42ns)   --->   "%store_ln1851 = store i15 0, i15 %y" [/home/user/Documents/kria-vitis-platforms/kv260/platforms/vivado/kv260_ispMipiRx_vcu_DP/project/kv260_ispMipiRx_vcu_DP.runs/bd_eab1_hsc_0_synth_1/prj/sol/.autopilot/db/v_hscaler.cpp:1851]   --->   Operation 29 'store' 'store_ln1851' <Predicate = true> <Delay = 0.42>
ST_1 : Operation 30 [1/1] (0.00ns)   --->   "%br_ln1851 = br void %VITIS_LOOP_1853_2" [/home/user/Documents/kria-vitis-platforms/kv260/platforms/vivado/kv260_ispMipiRx_vcu_DP/project/kv260_ispMipiRx_vcu_DP.runs/bd_eab1_hsc_0_synth_1/prj/sol/.autopilot/db/v_hscaler.cpp:1851]   --->   Operation 30 'br' 'br_ln1851' <Predicate = true> <Delay = 0.00>

State 2 <SV = 1> <Delay = 2.65>
ST_2 : Operation 31 [1/1] (0.00ns)   --->   "%y_1 = load i15 %y" [/home/user/Documents/kria-vitis-platforms/kv260/platforms/vivado/kv260_ispMipiRx_vcu_DP/project/kv260_ispMipiRx_vcu_DP.runs/bd_eab1_hsc_0_synth_1/prj/sol/.autopilot/db/v_hscaler.cpp:1851]   --->   Operation 31 'load' 'y_1' <Predicate = true> <Delay = 0.00>
ST_2 : Operation 32 [1/1] (0.00ns)   --->   "%zext_ln1851 = zext i15 %y_1" [/home/user/Documents/kria-vitis-platforms/kv260/platforms/vivado/kv260_ispMipiRx_vcu_DP/project/kv260_ispMipiRx_vcu_DP.runs/bd_eab1_hsc_0_synth_1/prj/sol/.autopilot/db/v_hscaler.cpp:1851]   --->   Operation 32 'zext' 'zext_ln1851' <Predicate = true> <Delay = 0.00>
ST_2 : Operation 33 [1/1] (1.10ns)   --->   "%icmp_ln1851 = icmp_slt  i16 %zext_ln1851, i16 %loopHeight" [/home/user/Documents/kria-vitis-platforms/kv260/platforms/vivado/kv260_ispMipiRx_vcu_DP/project/kv260_ispMipiRx_vcu_DP.runs/bd_eab1_hsc_0_synth_1/prj/sol/.autopilot/db/v_hscaler.cpp:1851]   --->   Operation 33 'icmp' 'icmp_ln1851' <Predicate = true> <Delay = 1.10> <CoreInst = "Cmp">   --->   Core 9 'Cmp' <Latency = 0> <II = 1> <Delay = 1.10> <FuncUnit> <Opcode : 'icmp'> <InPorts = 2> <OutPorts = 1>
ST_2 : Operation 34 [1/1] (0.00ns)   --->   "%speclooptripcount_ln0 = speclooptripcount void @_ssdm_op_SpecLoopTripCount, i64 0, i64 32767, i64 0"   --->   Operation 34 'speclooptripcount' 'speclooptripcount_ln0' <Predicate = true> <Delay = 0.00>
ST_2 : Operation 35 [1/1] (0.84ns)   --->   "%add_ln1851 = add i15 %y_1, i15 1" [/home/user/Documents/kria-vitis-platforms/kv260/platforms/vivado/kv260_ispMipiRx_vcu_DP/project/kv260_ispMipiRx_vcu_DP.runs/bd_eab1_hsc_0_synth_1/prj/sol/.autopilot/db/v_hscaler.cpp:1851]   --->   Operation 35 'add' 'add_ln1851' <Predicate = true> <Delay = 0.84> <CoreInst = "Adder">   --->   Core 1 'Adder' <Latency = 0> <II = 1> <Delay = 0.84> <FuncUnit> <Opcode : 'add' 'sub'> <InPorts = 2> <OutPorts = 1>
ST_2 : Operation 36 [1/1] (0.00ns)   --->   "%br_ln1851 = br i1 %icmp_ln1851, void %for.end397.loopexit, void %VITIS_LOOP_1853_2.split" [/home/user/Documents/kria-vitis-platforms/kv260/platforms/vivado/kv260_ispMipiRx_vcu_DP/project/kv260_ispMipiRx_vcu_DP.runs/bd_eab1_hsc_0_synth_1/prj/sol/.autopilot/db/v_hscaler.cpp:1851]   --->   Operation 36 'br' 'br_ln1851' <Predicate = true> <Delay = 0.00>
ST_2 : Operation 37 [1/1] (0.84ns)   --->   "%out_y = sub i16 %zext_ln1851, i16 %zext_ln1814" [/home/user/Documents/kria-vitis-platforms/kv260/platforms/vivado/kv260_ispMipiRx_vcu_DP/project/kv260_ispMipiRx_vcu_DP.runs/bd_eab1_hsc_0_synth_1/prj/sol/.autopilot/db/v_hscaler.cpp:1851]   --->   Operation 37 'sub' 'out_y' <Predicate = (icmp_ln1851)> <Delay = 0.84> <CoreInst = "Adder">   --->   Core 1 'Adder' <Latency = 0> <II = 1> <Delay = 0.84> <FuncUnit> <Opcode : 'add' 'sub'> <InPorts = 2> <OutPorts = 1>
ST_2 : Operation 38 [1/1] (0.00ns)   --->   "%empty = trunc i16 %out_y" [/home/user/Documents/kria-vitis-platforms/kv260/platforms/vivado/kv260_ispMipiRx_vcu_DP/project/kv260_ispMipiRx_vcu_DP.runs/bd_eab1_hsc_0_synth_1/prj/sol/.autopilot/db/v_hscaler.cpp:1851]   --->   Operation 38 'trunc' 'empty' <Predicate = (icmp_ln1851)> <Delay = 0.00>
ST_2 : Operation 39 [1/1] (1.10ns)   --->   "%cmp33 = icmp_ult  i16 %zext_ln1851, i16 %Height_read" [/home/user/Documents/kria-vitis-platforms/kv260/platforms/vivado/kv260_ispMipiRx_vcu_DP/project/kv260_ispMipiRx_vcu_DP.runs/bd_eab1_hsc_0_synth_1/prj/sol/.autopilot/db/v_hscaler.cpp:1851]   --->   Operation 39 'icmp' 'cmp33' <Predicate = (icmp_ln1851)> <Delay = 1.10> <CoreInst = "Cmp">   --->   Core 9 'Cmp' <Latency = 0> <II = 1> <Delay = 1.10> <FuncUnit> <Opcode : 'icmp'> <InPorts = 2> <OutPorts = 1>
ST_2 : Operation 40 [1/1] (1.07ns)   --->   "%cmp100 = icmp_ne  i15 %y_1, i15 0" [/home/user/Documents/kria-vitis-platforms/kv260/platforms/vivado/kv260_ispMipiRx_vcu_DP/project/kv260_ispMipiRx_vcu_DP.runs/bd_eab1_hsc_0_synth_1/prj/sol/.autopilot/db/v_hscaler.cpp:1851]   --->   Operation 40 'icmp' 'cmp100' <Predicate = (icmp_ln1851)> <Delay = 1.07> <CoreInst = "Cmp">   --->   Core 9 'Cmp' <Latency = 0> <II = 1> <Delay = 1.07> <FuncUnit> <Opcode : 'icmp'> <InPorts = 2> <OutPorts = 1>
ST_2 : Operation 41 [1/1] (0.00ns)   --->   "%tmp = bitselect i1 @_ssdm_op_BitSelect.i1.i16.i32, i16 %out_y, i32 15" [/home/user/Documents/kria-vitis-platforms/kv260/platforms/vivado/kv260_ispMipiRx_vcu_DP/project/kv260_ispMipiRx_vcu_DP.runs/bd_eab1_hsc_0_synth_1/prj/sol/.autopilot/db/v_hscaler.cpp:1851]   --->   Operation 41 'bitselect' 'tmp' <Predicate = (icmp_ln1851)> <Delay = 0.00>
ST_2 : Operation 42 [1/1] (0.28ns)   --->   "%rev = xor i1 %tmp, i1 1" [/home/user/Documents/kria-vitis-platforms/kv260/platforms/vivado/kv260_ispMipiRx_vcu_DP/project/kv260_ispMipiRx_vcu_DP.runs/bd_eab1_hsc_0_synth_1/prj/sol/.autopilot/db/v_hscaler.cpp:1851]   --->   Operation 42 'xor' 'rev' <Predicate = (icmp_ln1851)> <Delay = 0.28> <CoreInst = "LogicGate">   --->   Core 74 'LogicGate' <Latency = 0> <II = 1> <Delay = 0.28> <FuncUnit> <Opcode : 'and' 'or' 'xor'> <InPorts = 2> <OutPorts = 1>
ST_2 : Operation 43 [1/1] (0.00ns)   --->   "%empty_58 = wait i32 @_ssdm_op_Wait"   --->   Operation 43 'wait' 'empty_58' <Predicate = (icmp_ln1851)> <Delay = 0.00>
ST_2 : Operation 44 [2/2] (1.52ns)   --->   "%call_ln1851 = call void @v_vcresampler_core_Pipeline_VITIS_LOOP_1853_2, i16 %loopWidth, i1 %cmp100, i8 %linebuf_c_val_V_1, i1 %empty, i1 %rev, i8 %linebuf_y_val_V, i8 %linebuf_c_val_V, i1 %cmp33, i24 %stream_out_422, i24 %stream_out_420, i1 %p_read21, i8 %p_0_1_0_0_0724_lcssa750, i8 %p_0_0_0_0_0393722_lcssa747, i8 %p_0_2_0_0_0720_lcssa744, i8 %p_0_1_0_0_0718_lcssa741, i8 %p_0_0_0_0_0393716_lcssa738" [/home/user/Documents/kria-vitis-platforms/kv260/platforms/vivado/kv260_ispMipiRx_vcu_DP/project/kv260_ispMipiRx_vcu_DP.runs/bd_eab1_hsc_0_synth_1/prj/sol/.autopilot/db/v_hscaler.cpp:1851]   --->   Operation 44 'call' 'call_ln1851' <Predicate = (icmp_ln1851)> <Delay = 1.52> <CoreType = "Generic">   --->   Core 0 '' <Latency = 0> <II = 1> <Delay = 1.00> <Generic> <Opcode : >
ST_2 : Operation 45 [1/1] (0.42ns)   --->   "%store_ln1851 = store i15 %add_ln1851, i15 %y" [/home/user/Documents/kria-vitis-platforms/kv260/platforms/vivado/kv260_ispMipiRx_vcu_DP/project/kv260_ispMipiRx_vcu_DP.runs/bd_eab1_hsc_0_synth_1/prj/sol/.autopilot/db/v_hscaler.cpp:1851]   --->   Operation 45 'store' 'store_ln1851' <Predicate = (icmp_ln1851)> <Delay = 0.42>
ST_2 : Operation 46 [1/1] (0.00ns)   --->   "%ret_ln2019 = ret" [/home/user/Documents/kria-vitis-platforms/kv260/platforms/vivado/kv260_ispMipiRx_vcu_DP/project/kv260_ispMipiRx_vcu_DP.runs/bd_eab1_hsc_0_synth_1/prj/sol/.autopilot/db/v_hscaler.cpp:2019]   --->   Operation 46 'ret' 'ret_ln2019' <Predicate = (!icmp_ln1851)> <Delay = 0.00>

State 3 <SV = 2> <Delay = 0.00>
ST_3 : Operation 47 [1/1] (0.00ns)   --->   "%specloopname_ln1813 = specloopname void @_ssdm_op_SpecLoopName, void @empty_6" [/home/user/Documents/kria-vitis-platforms/kv260/platforms/vivado/kv260_ispMipiRx_vcu_DP/project/kv260_ispMipiRx_vcu_DP.runs/bd_eab1_hsc_0_synth_1/prj/sol/.autopilot/db/v_hscaler.cpp:1813]   --->   Operation 47 'specloopname' 'specloopname_ln1813' <Predicate = true> <Delay = 0.00>
ST_3 : Operation 48 [1/2] (0.00ns)   --->   "%call_ln1851 = call void @v_vcresampler_core_Pipeline_VITIS_LOOP_1853_2, i16 %loopWidth, i1 %cmp100, i8 %linebuf_c_val_V_1, i1 %empty, i1 %rev, i8 %linebuf_y_val_V, i8 %linebuf_c_val_V, i1 %cmp33, i24 %stream_out_422, i24 %stream_out_420, i1 %p_read21, i8 %p_0_1_0_0_0724_lcssa750, i8 %p_0_0_0_0_0393722_lcssa747, i8 %p_0_2_0_0_0720_lcssa744, i8 %p_0_1_0_0_0718_lcssa741, i8 %p_0_0_0_0_0393716_lcssa738" [/home/user/Documents/kria-vitis-platforms/kv260/platforms/vivado/kv260_ispMipiRx_vcu_DP/project/kv260_ispMipiRx_vcu_DP.runs/bd_eab1_hsc_0_synth_1/prj/sol/.autopilot/db/v_hscaler.cpp:1851]   --->   Operation 48 'call' 'call_ln1851' <Predicate = true> <Delay = 0.00> <CoreType = "Generic">   --->   Core 0 '' <Latency = 0> <II = 1> <Delay = 1.00> <Generic> <Opcode : >
ST_3 : Operation 49 [1/1] (0.00ns)   --->   "%br_ln1851 = br void %VITIS_LOOP_1853_2" [/home/user/Documents/kria-vitis-platforms/kv260/platforms/vivado/kv260_ispMipiRx_vcu_DP/project/kv260_ispMipiRx_vcu_DP.runs/bd_eab1_hsc_0_synth_1/prj/sol/.autopilot/db/v_hscaler.cpp:1851]   --->   Operation 49 'br' 'br_ln1851' <Predicate = true> <Delay = 0.00>


============================================================
+ Verbose Summary: Timing violations
============================================================
Target clock period: 5ns, clock uncertainty: 1.35ns.

 <State 1>: 3.65ns
The critical path consists of the following:
	fifo read operation ('loopWidth') on port 'WidthOut' [16]  (1.83 ns)
	fifo write operation ('write_ln0') on port 'WidthOut_c' [18]  (1.83 ns)

 <State 2>: 2.66ns
The critical path consists of the following:
	'load' operation ('y', /home/user/Documents/kria-vitis-platforms/kv260/platforms/vivado/kv260_ispMipiRx_vcu_DP/project/kv260_ispMipiRx_vcu_DP.runs/bd_eab1_hsc_0_synth_1/prj/sol/.autopilot/db/v_hscaler.cpp:1851) on local variable 'y' [36]  (0 ns)
	'sub' operation ('out_y', /home/user/Documents/kria-vitis-platforms/kv260/platforms/vivado/kv260_ispMipiRx_vcu_DP/project/kv260_ispMipiRx_vcu_DP.runs/bd_eab1_hsc_0_synth_1/prj/sol/.autopilot/db/v_hscaler.cpp:1851) [44]  (0.842 ns)
	'xor' operation ('rev', /home/user/Documents/kria-vitis-platforms/kv260/platforms/vivado/kv260_ispMipiRx_vcu_DP/project/kv260_ispMipiRx_vcu_DP.runs/bd_eab1_hsc_0_synth_1/prj/sol/.autopilot/db/v_hscaler.cpp:1851) [49]  (0.287 ns)
	'call' operation ('call_ln1851', /home/user/Documents/kria-vitis-platforms/kv260/platforms/vivado/kv260_ispMipiRx_vcu_DP/project/kv260_ispMipiRx_vcu_DP.runs/bd_eab1_hsc_0_synth_1/prj/sol/.autopilot/db/v_hscaler.cpp:1851) to 'v_vcresampler_core_Pipeline_VITIS_LOOP_1853_2' [51]  (1.53 ns)

 <State 3>: 0ns
The critical path consists of the following:


============================================================
+ Verbose Summary: Binding
============================================================
N/A
* FSMD analyzer results:
  - Output states:
 - Input state : 
  - Chain level:
	State 1
	State 2
	State 3


============================================================
+ Verbose Summary: Datapath Resource usage 
============================================================
N/A
