

================================================================
== Vitis HLS Report for 'MultiPixStream2AXIvideo_Pipeline_VITIS_LOOP_895_2'
================================================================
* Date:           Fri Mar  6 02:15:17 2026

* Version:        2022.2 (Build 3670227 on Oct 13 2022)
* Project:        prj
* Solution:       sol (Vivado IP Flow Target)
* Product family: zynquplus
* Target device:  xck26-sfvc784-2LV-c


================================================================
== Performance Estimates
================================================================
+ Timing: 
    * Summary: 
    +--------+---------+----------+------------+
    |  Clock |  Target | Estimated| Uncertainty|
    +--------+---------+----------+------------+
    |ap_clk  |  5.00 ns|  3.253 ns|     1.35 ns|
    +--------+---------+----------+------------+

+ Latency: 
    * Summary: 
    +---------+---------+-----------+----------+-----+------+---------+
    |  Latency (cycles) |  Latency (absolute)  |  Interval  | Pipeline|
    |   min   |   max   |    min    |    max   | min |  max |   Type  |
    +---------+---------+-----------+----------+-----+------+---------+
    |        4|     1923|  20.000 ns|  9.615 us|    4|  1923|       no|
    +---------+---------+-----------+----------+-----+------+---------+

    + Detail: 
        * Instance: 
        N/A

        * Loop: 
        +--------------------+---------+---------+----------+-----------+-----------+----------+----------+
        |                    |  Latency (cycles) | Iteration|  Initiation Interval  |   Trip   |          |
        |      Loop Name     |   min   |   max   |  Latency |  achieved |   target  |   Count  | Pipelined|
        +--------------------+---------+---------+----------+-----------+-----------+----------+----------+
        |- VITIS_LOOP_895_2  |        2|     1921|         2|          1|          1|  1 ~ 1920|       yes|
        +--------------------+---------+---------+----------+-----------+-----------+----------+----------+

============================================================
+ Verbose Summary: Synthesis Manager
============================================================
InlineROM: 1
ExposeGlobal: 0
============================================================
+ Verbose Summary: CDFG Model
============================================================
IsTopModel: 0
ResetActiveHigh: 1
IsCombinational: 0
IsDatapathOnly: 0
HasWiredReturn: 1
HasMFsm: 2
HasVarLatency: 1
IsPipeline: 0
IsRtlPipelined: 0
IsInstanceOverlapped: 0
IsDontTouch: 0
HasImplIP: 0
IsGatedGlobalClock: 0

+ Individual pipeline summary: 
  * Pipeline-0: initiation interval (II) = 1, depth = 2


============================================================
+ Verbose Summary: Schedule
============================================================
* Number of FSM states : 2
* Pipeline : 1
  Pipeline-0 : II = 1, D = 2, States = { 1 2 }
* Dataflow Pipeline: 0

* FSM state transitions: 
1 --> 2 
2 --> 

* FSM state operations: 

State 1 <SV = 0> <Delay = 1.37>
ST_1 : Operation 5 [1/1] (0.00ns)   --->   "%j = alloca i32 1"   --->   Operation 5 'alloca' 'j' <Predicate = true> <Delay = 0.00>
ST_1 : Operation 6 [1/1] (0.00ns)   --->   "%specaxissidechannel_ln0 = specaxissidechannel void @_ssdm_op_SpecAXISSideChannel, i24 %m_axis_video_V_data_V, i3 %m_axis_video_V_keep_V, i3 %m_axis_video_V_strb_V, i1 %m_axis_video_V_user_V, i1 %m_axis_video_V_last_V, i1 %m_axis_video_V_id_V, i1 %m_axis_video_V_dest_V, void @empty_6"   --->   Operation 6 'specaxissidechannel' 'specaxissidechannel_ln0' <Predicate = true> <Delay = 0.00>
ST_1 : Operation 7 [1/1] (0.00ns)   --->   "%specinterface_ln0 = specinterface void @_ssdm_op_SpecInterface, i24 %m_axis_video_V_data_V, i3 %m_axis_video_V_keep_V, i3 %m_axis_video_V_strb_V, i1 %m_axis_video_V_user_V, i1 %m_axis_video_V_last_V, i1 %m_axis_video_V_id_V, i1 %m_axis_video_V_dest_V, void @empty_2, i32 0, i32 0, void @empty_4, i32 0, i32 0, void @empty_0, void @empty_0, void @empty_0, i32 0, i32 0, i32 0, i32 0, void @empty_0, void @empty_0, i32 4294967295, i32 0"   --->   Operation 7 'specinterface' 'specinterface_ln0' <Predicate = true> <Delay = 0.00>
ST_1 : Operation 8 [1/1] (0.00ns)   --->   "%specinterface_ln0 = specinterface void @_ssdm_op_SpecInterface, i24 %OutYUV, void @empty_7, i32 0, i32 0, void @empty_0, i32 0, i32 0, void @empty_0, void @empty_0, void @empty_0, i32 0, i32 0, i32 0, i32 0, void @empty_0, void @empty_0, i32 4294967295, i32 0"   --->   Operation 8 'specinterface' 'specinterface_ln0' <Predicate = true> <Delay = 0.00>
ST_1 : Operation 9 [1/1] (0.00ns)   --->   "%sub_read = read i12 @_ssdm_op_Read.ap_auto.i12, i12 %sub"   --->   Operation 9 'read' 'sub_read' <Predicate = true> <Delay = 0.00>
ST_1 : Operation 10 [1/1] (0.00ns)   --->   "%ColorMode_load_read = read i8 @_ssdm_op_Read.ap_auto.i8, i8 %ColorMode_load"   --->   Operation 10 'read' 'ColorMode_load_read' <Predicate = true> <Delay = 0.00>
ST_1 : Operation 11 [1/1] (0.00ns)   --->   "%cols_read = read i11 @_ssdm_op_Read.ap_auto.i11, i11 %cols"   --->   Operation 11 'read' 'cols_read' <Predicate = true> <Delay = 0.00>
ST_1 : Operation 12 [1/1] (0.00ns)   --->   "%sof_read = read i1 @_ssdm_op_Read.ap_auto.i1, i1 %sof"   --->   Operation 12 'read' 'sof_read' <Predicate = true> <Delay = 0.00>
ST_1 : Operation 13 [1/1] (0.42ns)   --->   "%store_ln0 = store i11 0, i11 %j"   --->   Operation 13 'store' 'store_ln0' <Predicate = true> <Delay = 0.42>
ST_1 : Operation 14 [1/1] (0.42ns)   --->   "%br_ln0 = br void %for.body22"   --->   Operation 14 'br' 'br_ln0' <Predicate = true> <Delay = 0.42>
ST_1 : Operation 15 [1/1] (0.00ns)   --->   "%j_1 = load i11 %j" [/home/user/Documents/kria-vitis-platforms/kv260/platforms/vivado/kv260_ispMipiRx_vcu_DP/project/kv260_ispMipiRx_vcu_DP.runs/bd_eab1_vsc_0_synth_1/prj/sol/.autopilot/db/v_vscaler.cpp:895]   --->   Operation 15 'load' 'j_1' <Predicate = true> <Delay = 0.00>
ST_1 : Operation 16 [1/1] (0.00ns)   --->   "%zext_ln895 = zext i11 %j_1" [/home/user/Documents/kria-vitis-platforms/kv260/platforms/vivado/kv260_ispMipiRx_vcu_DP/project/kv260_ispMipiRx_vcu_DP.runs/bd_eab1_vsc_0_synth_1/prj/sol/.autopilot/db/v_vscaler.cpp:895]   --->   Operation 16 'zext' 'zext_ln895' <Predicate = true> <Delay = 0.00>
ST_1 : Operation 17 [1/1] (0.94ns)   --->   "%icmp_ln895 = icmp_eq  i11 %j_1, i11 %cols_read" [/home/user/Documents/kria-vitis-platforms/kv260/platforms/vivado/kv260_ispMipiRx_vcu_DP/project/kv260_ispMipiRx_vcu_DP.runs/bd_eab1_vsc_0_synth_1/prj/sol/.autopilot/db/v_vscaler.cpp:895]   --->   Operation 17 'icmp' 'icmp_ln895' <Predicate = true> <Delay = 0.94> <CoreInst = "Cmp">   --->   Core 9 'Cmp' <Latency = 0> <II = 1> <Delay = 0.94> <FuncUnit> <Opcode : 'icmp'> <InPorts = 2> <OutPorts = 1>
ST_1 : Operation 18 [1/1] (0.79ns)   --->   "%j_2 = add i11 %j_1, i11 1" [/home/user/Documents/kria-vitis-platforms/kv260/platforms/vivado/kv260_ispMipiRx_vcu_DP/project/kv260_ispMipiRx_vcu_DP.runs/bd_eab1_vsc_0_synth_1/prj/sol/.autopilot/db/v_vscaler.cpp:895]   --->   Operation 18 'add' 'j_2' <Predicate = true> <Delay = 0.79> <CoreInst = "Adder">   --->   Core 1 'Adder' <Latency = 0> <II = 1> <Delay = 0.79> <FuncUnit> <Opcode : 'add' 'sub'> <InPorts = 2> <OutPorts = 1>
ST_1 : Operation 19 [1/1] (0.00ns)   --->   "%br_ln895 = br i1 %icmp_ln895, void %for.body22.split, void %for.inc87.loopexit.exitStub" [/home/user/Documents/kria-vitis-platforms/kv260/platforms/vivado/kv260_ispMipiRx_vcu_DP/project/kv260_ispMipiRx_vcu_DP.runs/bd_eab1_vsc_0_synth_1/prj/sol/.autopilot/db/v_vscaler.cpp:895]   --->   Operation 19 'br' 'br_ln895' <Predicate = true> <Delay = 0.00>
ST_1 : Operation 20 [1/1] (0.97ns)   --->   "%tmp_last_V = icmp_eq  i12 %zext_ln895, i12 %sub_read" [/home/user/Documents/kria-vitis-platforms/kv260/platforms/vivado/kv260_ispMipiRx_vcu_DP/project/kv260_ispMipiRx_vcu_DP.runs/bd_eab1_vsc_0_synth_1/prj/sol/.autopilot/db/v_vscaler.cpp:908]   --->   Operation 20 'icmp' 'tmp_last_V' <Predicate = (!icmp_ln895)> <Delay = 0.97> <CoreInst = "Cmp">   --->   Core 9 'Cmp' <Latency = 0> <II = 1> <Delay = 0.97> <FuncUnit> <Opcode : 'icmp'> <InPorts = 2> <OutPorts = 1>
ST_1 : Operation 21 [1/1] (0.44ns)   --->   "%switch_ln928 = switch i8 %ColorMode_load_read, void %sw.default, i8 0, void %sw.bb, i8 1, void %sw.bb69" [/home/user/Documents/kria-vitis-platforms/kv260/platforms/vivado/kv260_ispMipiRx_vcu_DP/project/kv260_ispMipiRx_vcu_DP.runs/bd_eab1_vsc_0_synth_1/prj/sol/.autopilot/db/v_vscaler.cpp:928]   --->   Operation 21 'switch' 'switch_ln928' <Predicate = (!icmp_ln895)> <Delay = 0.44>
ST_1 : Operation 22 [1/1] (0.44ns)   --->   "%switch_ln928 = switch i8 %ColorMode_load_read, void %sw.default.1, i8 0, void %sw.bb.1, i8 1, void %sw.bb69.1" [/home/user/Documents/kria-vitis-platforms/kv260/platforms/vivado/kv260_ispMipiRx_vcu_DP/project/kv260_ispMipiRx_vcu_DP.runs/bd_eab1_vsc_0_synth_1/prj/sol/.autopilot/db/v_vscaler.cpp:928]   --->   Operation 22 'switch' 'switch_ln928' <Predicate = (!icmp_ln895)> <Delay = 0.44>
ST_1 : Operation 23 [1/1] (0.44ns)   --->   "%switch_ln928 = switch i8 %ColorMode_load_read, void %sw.default.2, i8 0, void %sw.bb.2, i8 1, void %sw.bb69.2" [/home/user/Documents/kria-vitis-platforms/kv260/platforms/vivado/kv260_ispMipiRx_vcu_DP/project/kv260_ispMipiRx_vcu_DP.runs/bd_eab1_vsc_0_synth_1/prj/sol/.autopilot/db/v_vscaler.cpp:928]   --->   Operation 23 'switch' 'switch_ln928' <Predicate = (!icmp_ln895)> <Delay = 0.44>
ST_1 : Operation 24 [1/1] (0.42ns)   --->   "%store_ln895 = store i11 %j_2, i11 %j" [/home/user/Documents/kria-vitis-platforms/kv260/platforms/vivado/kv260_ispMipiRx_vcu_DP/project/kv260_ispMipiRx_vcu_DP.runs/bd_eab1_vsc_0_synth_1/prj/sol/.autopilot/db/v_vscaler.cpp:895]   --->   Operation 24 'store' 'store_ln895' <Predicate = (!icmp_ln895)> <Delay = 0.42>
ST_1 : Operation 25 [1/1] (0.00ns)   --->   "%br_ln895 = br void %for.body22" [/home/user/Documents/kria-vitis-platforms/kv260/platforms/vivado/kv260_ispMipiRx_vcu_DP/project/kv260_ispMipiRx_vcu_DP.runs/bd_eab1_vsc_0_synth_1/prj/sol/.autopilot/db/v_vscaler.cpp:895]   --->   Operation 25 'br' 'br_ln895' <Predicate = (!icmp_ln895)> <Delay = 0.00>

State 2 <SV = 1> <Delay = 3.25>
ST_2 : Operation 26 [1/1] (0.00ns)   --->   "%tmp_user_V = phi i1 0, void %for.inc.2, i1 %sof_read, void %newFuncRoot"   --->   Operation 26 'phi' 'tmp_user_V' <Predicate = true> <Delay = 0.00>
ST_2 : Operation 27 [1/1] (0.00ns)   --->   "%speclooptripcount_ln0 = speclooptripcount void @_ssdm_op_SpecLoopTripCount, i64 1, i64 1920, i64 0"   --->   Operation 27 'speclooptripcount' 'speclooptripcount_ln0' <Predicate = true> <Delay = 0.00>
ST_2 : Operation 28 [1/1] (0.00ns)   --->   "%specpipeline_ln898 = specpipeline void @_ssdm_op_SpecPipeline, i32 1, i32 0, i32 0, i32 0, void @empty_0" [/home/user/Documents/kria-vitis-platforms/kv260/platforms/vivado/kv260_ispMipiRx_vcu_DP/project/kv260_ispMipiRx_vcu_DP.runs/bd_eab1_vsc_0_synth_1/prj/sol/.autopilot/db/v_vscaler.cpp:898]   --->   Operation 28 'specpipeline' 'specpipeline_ln898' <Predicate = (!icmp_ln895)> <Delay = 0.00>
ST_2 : Operation 29 [1/1] (0.00ns)   --->   "%specloopname_ln892 = specloopname void @_ssdm_op_SpecLoopName, void @empty_9" [/home/user/Documents/kria-vitis-platforms/kv260/platforms/vivado/kv260_ispMipiRx_vcu_DP/project/kv260_ispMipiRx_vcu_DP.runs/bd_eab1_vsc_0_synth_1/prj/sol/.autopilot/db/v_vscaler.cpp:892]   --->   Operation 29 'specloopname' 'specloopname_ln892' <Predicate = (!icmp_ln895)> <Delay = 0.00>
ST_2 : Operation 30 [1/1] (1.82ns)   --->   "%OutYUV_read = read i24 @_ssdm_op_Read.ap_fifo.volatile.i24P0A, i24 %OutYUV" [/home/user/Documents/kria-vitis-platforms/kv260/platforms/vivado/kv260_ispMipiRx_vcu_DP/project/kv260_ispMipiRx_vcu_DP.runs/bd_eab1_vsc_0_synth_1/prj/sol/.autopilot/db/v_vscaler.cpp:916]   --->   Operation 30 'read' 'OutYUV_read' <Predicate = (!icmp_ln895)> <Delay = 1.82> <CoreInst = "FIFO_SRL">   --->   Core 81 'FIFO_SRL' <Latency = 0> <II = 1> <Delay = 2.04> <Storage> <Opcode : 'read' 'write' 'nbread' 'nbwrite'> <Ports = 0> <Width = 24> <Depth = 16> <FIFO>
ST_2 : Operation 31 [1/1] (0.00ns)   --->   "%pix_rgb_V = trunc i24 %OutYUV_read" [/home/user/Documents/kria-vitis-platforms/kv260/platforms/vivado/kv260_ispMipiRx_vcu_DP/project/kv260_ispMipiRx_vcu_DP.runs/bd_eab1_vsc_0_synth_1/prj/sol/.autopilot/db/v_vscaler.cpp:916]   --->   Operation 31 'trunc' 'pix_rgb_V' <Predicate = (!icmp_ln895)> <Delay = 0.00>
ST_2 : Operation 32 [1/1] (0.00ns)   --->   "%pix_444_V_1 = partselect i8 @_ssdm_op_PartSelect.i8.i24.i32.i32, i24 %OutYUV_read, i32 8, i32 15" [/home/user/Documents/kria-vitis-platforms/kv260/platforms/vivado/kv260_ispMipiRx_vcu_DP/project/kv260_ispMipiRx_vcu_DP.runs/bd_eab1_vsc_0_synth_1/prj/sol/.autopilot/db/v_vscaler.cpp:916]   --->   Operation 32 'partselect' 'pix_444_V_1' <Predicate = (!icmp_ln895)> <Delay = 0.00>
ST_2 : Operation 33 [1/1] (0.00ns)   --->   "%pix_444_V = partselect i8 @_ssdm_op_PartSelect.i8.i24.i32.i32, i24 %OutYUV_read, i32 16, i32 23" [/home/user/Documents/kria-vitis-platforms/kv260/platforms/vivado/kv260_ispMipiRx_vcu_DP/project/kv260_ispMipiRx_vcu_DP.runs/bd_eab1_vsc_0_synth_1/prj/sol/.autopilot/db/v_vscaler.cpp:916]   --->   Operation 33 'partselect' 'pix_444_V' <Predicate = (!icmp_ln895)> <Delay = 0.00>
ST_2 : Operation 34 [1/1] (0.00ns)   --->   "%p_Result_9 = bitconcatenate i9 @_ssdm_op_BitConcatenate.i9.i1.i8, i1 1, i8 %pix_rgb_V"   --->   Operation 34 'bitconcatenate' 'p_Result_9' <Predicate = (!icmp_ln895 & ColorMode_load_read == 1)> <Delay = 0.00>
ST_2 : Operation 35 [1/1] (0.47ns)   --->   "%br_ln935 = br void %for.inc" [/home/user/Documents/kria-vitis-platforms/kv260/platforms/vivado/kv260_ispMipiRx_vcu_DP/project/kv260_ispMipiRx_vcu_DP.runs/bd_eab1_vsc_0_synth_1/prj/sol/.autopilot/db/v_vscaler.cpp:935]   --->   Operation 35 'br' 'br_ln935' <Predicate = (!icmp_ln895 & ColorMode_load_read == 1)> <Delay = 0.47>
ST_2 : Operation 36 [1/1] (0.00ns)   --->   "%p_Result_8 = bitconcatenate i9 @_ssdm_op_BitConcatenate.i9.i1.i8, i1 1, i8 %pix_444_V_1"   --->   Operation 36 'bitconcatenate' 'p_Result_8' <Predicate = (!icmp_ln895 & ColorMode_load_read == 0)> <Delay = 0.00>
ST_2 : Operation 37 [1/1] (0.47ns)   --->   "%br_ln932 = br void %for.inc" [/home/user/Documents/kria-vitis-platforms/kv260/platforms/vivado/kv260_ispMipiRx_vcu_DP/project/kv260_ispMipiRx_vcu_DP.runs/bd_eab1_vsc_0_synth_1/prj/sol/.autopilot/db/v_vscaler.cpp:932]   --->   Operation 37 'br' 'br_ln932' <Predicate = (!icmp_ln895 & ColorMode_load_read == 0)> <Delay = 0.47>
ST_2 : Operation 38 [1/1] (0.00ns)   --->   "%p_Result_10 = bitconcatenate i9 @_ssdm_op_BitConcatenate.i9.i1.i8, i1 1, i8 %pix_rgb_V"   --->   Operation 38 'bitconcatenate' 'p_Result_10' <Predicate = (!icmp_ln895 & ColorMode_load_read != 0 & ColorMode_load_read != 1)> <Delay = 0.00>
ST_2 : Operation 39 [1/1] (0.47ns)   --->   "%br_ln938 = br void %for.inc" [/home/user/Documents/kria-vitis-platforms/kv260/platforms/vivado/kv260_ispMipiRx_vcu_DP/project/kv260_ispMipiRx_vcu_DP.runs/bd_eab1_vsc_0_synth_1/prj/sol/.autopilot/db/v_vscaler.cpp:938]   --->   Operation 39 'br' 'br_ln938' <Predicate = (!icmp_ln895 & ColorMode_load_read != 0 & ColorMode_load_read != 1)> <Delay = 0.47>
ST_2 : Operation 40 [1/1] (0.00ns)   --->   "%p_Val2_s = phi i9 %p_Result_10, void %sw.default, i9 %p_Result_9, void %sw.bb69, i9 %p_Result_8, void %sw.bb"   --->   Operation 40 'phi' 'p_Val2_s' <Predicate = (!icmp_ln895)> <Delay = 0.00>
ST_2 : Operation 41 [1/1] (0.00ns)   --->   "%sext_ln844 = sext i9 %p_Val2_s" [/home/user/Documents/kria-vitis-platforms/kv260/platforms/vivado/kv260_ispMipiRx_vcu_DP/project/kv260_ispMipiRx_vcu_DP.runs/bd_eab1_vsc_0_synth_1/prj/sol/.autopilot/db/v_vscaler.cpp:844]   --->   Operation 41 'sext' 'sext_ln844' <Predicate = (!icmp_ln895)> <Delay = 0.00>
ST_2 : Operation 42 [1/1] (0.00ns)   --->   "%p_Result_7 = partset i24 @_ssdm_op_PartSet.i24.i24.i8.i32.i32, i24 %sext_ln844, i8 %pix_444_V_1, i32 8, i32 15"   --->   Operation 42 'partset' 'p_Result_7' <Predicate = (!icmp_ln895 & ColorMode_load_read == 1)> <Delay = 0.00>
ST_2 : Operation 43 [1/1] (0.47ns)   --->   "%br_ln935 = br void %for.inc.1" [/home/user/Documents/kria-vitis-platforms/kv260/platforms/vivado/kv260_ispMipiRx_vcu_DP/project/kv260_ispMipiRx_vcu_DP.runs/bd_eab1_vsc_0_synth_1/prj/sol/.autopilot/db/v_vscaler.cpp:935]   --->   Operation 43 'br' 'br_ln935' <Predicate = (!icmp_ln895 & ColorMode_load_read == 1)> <Delay = 0.47>
ST_2 : Operation 44 [1/1] (0.00ns)   --->   "%p_Result_11 = partset i24 @_ssdm_op_PartSet.i24.i24.i8.i32.i32, i24 %sext_ln844, i8 %pix_444_V, i32 8, i32 15"   --->   Operation 44 'partset' 'p_Result_11' <Predicate = (!icmp_ln895 & ColorMode_load_read == 0)> <Delay = 0.00>
ST_2 : Operation 45 [1/1] (0.47ns)   --->   "%br_ln932 = br void %for.inc.1" [/home/user/Documents/kria-vitis-platforms/kv260/platforms/vivado/kv260_ispMipiRx_vcu_DP/project/kv260_ispMipiRx_vcu_DP.runs/bd_eab1_vsc_0_synth_1/prj/sol/.autopilot/db/v_vscaler.cpp:932]   --->   Operation 45 'br' 'br_ln932' <Predicate = (!icmp_ln895 & ColorMode_load_read == 0)> <Delay = 0.47>
ST_2 : Operation 46 [1/1] (0.00ns)   --->   "%p_Result_12 = partset i24 @_ssdm_op_PartSet.i24.i24.i8.i32.i32, i24 %sext_ln844, i8 %pix_444_V_1, i32 8, i32 15"   --->   Operation 46 'partset' 'p_Result_12' <Predicate = (!icmp_ln895 & ColorMode_load_read != 0 & ColorMode_load_read != 1)> <Delay = 0.00>
ST_2 : Operation 47 [1/1] (0.47ns)   --->   "%br_ln938 = br void %for.inc.1" [/home/user/Documents/kria-vitis-platforms/kv260/platforms/vivado/kv260_ispMipiRx_vcu_DP/project/kv260_ispMipiRx_vcu_DP.runs/bd_eab1_vsc_0_synth_1/prj/sol/.autopilot/db/v_vscaler.cpp:938]   --->   Operation 47 'br' 'br_ln938' <Predicate = (!icmp_ln895 & ColorMode_load_read != 0 & ColorMode_load_read != 1)> <Delay = 0.47>
ST_2 : Operation 48 [1/1] (0.00ns)   --->   "%p_Val2_6 = phi i24 %p_Result_12, void %sw.default.1, i24 %p_Result_7, void %sw.bb69.1, i24 %p_Result_11, void %sw.bb.1"   --->   Operation 48 'phi' 'p_Val2_6' <Predicate = (!icmp_ln895)> <Delay = 0.00>
ST_2 : Operation 49 [1/1] (0.00ns)   --->   "%p_Result_s = partset i24 @_ssdm_op_PartSet.i24.i24.i8.i32.i32, i24 %p_Val2_6, i8 %pix_444_V, i32 16, i32 23"   --->   Operation 49 'partset' 'p_Result_s' <Predicate = (!icmp_ln895 & ColorMode_load_read == 1)> <Delay = 0.00>
ST_2 : Operation 50 [1/1] (0.47ns)   --->   "%br_ln935 = br void %for.inc.2" [/home/user/Documents/kria-vitis-platforms/kv260/platforms/vivado/kv260_ispMipiRx_vcu_DP/project/kv260_ispMipiRx_vcu_DP.runs/bd_eab1_vsc_0_synth_1/prj/sol/.autopilot/db/v_vscaler.cpp:935]   --->   Operation 50 'br' 'br_ln935' <Predicate = (!icmp_ln895 & ColorMode_load_read == 1)> <Delay = 0.47>
ST_2 : Operation 51 [1/1] (0.00ns)   --->   "%p_Result_13 = partset i24 @_ssdm_op_PartSet.i24.i24.i8.i32.i32, i24 %p_Val2_6, i8 %pix_rgb_V, i32 16, i32 23"   --->   Operation 51 'partset' 'p_Result_13' <Predicate = (!icmp_ln895 & ColorMode_load_read == 0)> <Delay = 0.00>
ST_2 : Operation 52 [1/1] (0.47ns)   --->   "%br_ln932 = br void %for.inc.2" [/home/user/Documents/kria-vitis-platforms/kv260/platforms/vivado/kv260_ispMipiRx_vcu_DP/project/kv260_ispMipiRx_vcu_DP.runs/bd_eab1_vsc_0_synth_1/prj/sol/.autopilot/db/v_vscaler.cpp:932]   --->   Operation 52 'br' 'br_ln932' <Predicate = (!icmp_ln895 & ColorMode_load_read == 0)> <Delay = 0.47>
ST_2 : Operation 53 [1/1] (0.00ns)   --->   "%p_Result_14 = partset i24 @_ssdm_op_PartSet.i24.i24.i8.i32.i32, i24 %p_Val2_6, i8 %pix_444_V, i32 16, i32 23"   --->   Operation 53 'partset' 'p_Result_14' <Predicate = (!icmp_ln895 & ColorMode_load_read != 0 & ColorMode_load_read != 1)> <Delay = 0.00>
ST_2 : Operation 54 [1/1] (0.47ns)   --->   "%br_ln938 = br void %for.inc.2" [/home/user/Documents/kria-vitis-platforms/kv260/platforms/vivado/kv260_ispMipiRx_vcu_DP/project/kv260_ispMipiRx_vcu_DP.runs/bd_eab1_vsc_0_synth_1/prj/sol/.autopilot/db/v_vscaler.cpp:938]   --->   Operation 54 'br' 'br_ln938' <Predicate = (!icmp_ln895 & ColorMode_load_read != 0 & ColorMode_load_read != 1)> <Delay = 0.47>
ST_2 : Operation 55 [1/1] (0.00ns)   --->   "%axi_data_V_12 = phi i24 %p_Result_14, void %sw.default.2, i24 %p_Result_s, void %sw.bb69.2, i24 %p_Result_13, void %sw.bb.2"   --->   Operation 55 'phi' 'axi_data_V_12' <Predicate = (!icmp_ln895)> <Delay = 0.00>
ST_2 : Operation 56 [1/1] (0.00ns)   --->   "%write_ln258 = write void @_ssdm_op_Write.axis.volatile.i24P0A.i3P0A.i3P0A.i1P0A.i1P0A.i1P0A.i1P0A, i24 %m_axis_video_V_data_V, i3 %m_axis_video_V_keep_V, i3 %m_axis_video_V_strb_V, i1 %m_axis_video_V_user_V, i1 %m_axis_video_V_last_V, i1 %m_axis_video_V_id_V, i1 %m_axis_video_V_dest_V, i24 %axi_data_V_12, i3 7, i3 0, i1 %tmp_user_V, i1 %tmp_last_V, i1 0, i1 0"   --->   Operation 56 'write' 'write_ln258' <Predicate = (!icmp_ln895)> <Delay = 0.00> <CoreInst = "axis">   --->   Core 123 'axis' <Latency = 0> <II = 1> <Delay = 1.00> <Adapter> <Opcode : >
ST_2 : Operation 57 [1/1] (0.00ns)   --->   "%ret_ln0 = ret"   --->   Operation 57 'ret' 'ret_ln0' <Predicate = (icmp_ln895)> <Delay = 0.00>


============================================================
+ Verbose Summary: Timing violations
============================================================
Target clock period: 5ns, clock uncertainty: 1.35ns.

 <State 1>: 1.37ns
The critical path consists of the following:
	'alloca' operation ('j') [13]  (0 ns)
	'load' operation ('j', /home/user/Documents/kria-vitis-platforms/kv260/platforms/vivado/kv260_ispMipiRx_vcu_DP/project/kv260_ispMipiRx_vcu_DP.runs/bd_eab1_vsc_0_synth_1/prj/sol/.autopilot/db/v_vscaler.cpp:895) on local variable 'j' [25]  (0 ns)
	'add' operation ('j', /home/user/Documents/kria-vitis-platforms/kv260/platforms/vivado/kv260_ispMipiRx_vcu_DP/project/kv260_ispMipiRx_vcu_DP.runs/bd_eab1_vsc_0_synth_1/prj/sol/.autopilot/db/v_vscaler.cpp:895) [29]  (0.798 ns)
	'store' operation ('store_ln895', /home/user/Documents/kria-vitis-platforms/kv260/platforms/vivado/kv260_ispMipiRx_vcu_DP/project/kv260_ispMipiRx_vcu_DP.runs/bd_eab1_vsc_0_synth_1/prj/sol/.autopilot/db/v_vscaler.cpp:895) of variable 'j', /home/user/Documents/kria-vitis-platforms/kv260/platforms/vivado/kv260_ispMipiRx_vcu_DP/project/kv260_ispMipiRx_vcu_DP.runs/bd_eab1_vsc_0_synth_1/prj/sol/.autopilot/db/v_vscaler.cpp:895 on local variable 'j' [77]  (0.427 ns)
	blocking operation 0.146 ns on control path)

 <State 2>: 3.25ns
The critical path consists of the following:
	fifo read operation ('OutYUV_read', /home/user/Documents/kria-vitis-platforms/kv260/platforms/vivado/kv260_ispMipiRx_vcu_DP/project/kv260_ispMipiRx_vcu_DP.runs/bd_eab1_vsc_0_synth_1/prj/sol/.autopilot/db/v_vscaler.cpp:916) on port 'OutYUV' (/home/user/Documents/kria-vitis-platforms/kv260/platforms/vivado/kv260_ispMipiRx_vcu_DP/project/kv260_ispMipiRx_vcu_DP.runs/bd_eab1_vsc_0_synth_1/prj/sol/.autopilot/db/v_vscaler.cpp:916) [35]  (1.83 ns)
	multiplexor before 'phi' operation ('__Result__') with incoming values : ('__Result__') [50]  (0.476 ns)
	'phi' operation ('__Result__') with incoming values : ('__Result__') [50]  (0 ns)
	multiplexor before 'phi' operation ('__Result__') with incoming values : ('__Result__') [63]  (0.476 ns)
	'phi' operation ('__Result__') with incoming values : ('__Result__') [63]  (0 ns)
	multiplexor before 'phi' operation ('__Result__') with incoming values : ('__Result__') [75]  (0.476 ns)
	'phi' operation ('__Result__') with incoming values : ('__Result__') [75]  (0 ns)


============================================================
+ Verbose Summary: Binding
============================================================
N/A
* FSMD analyzer results:
  - Output states:
 - Input state : 
  - Chain level:
	State 1
	State 2


============================================================
+ Verbose Summary: Datapath Resource usage 
============================================================
N/A
