

================================================================
== Vitis HLS Report for 'v_vcresampler_core_Pipeline_VITIS_LOOP_1012_2'
================================================================
* Date:           Fri Mar  6 02:15:15 2026

* Version:        2022.2 (Build 3670227 on Oct 13 2022)
* Project:        prj
* Solution:       sol (Vivado IP Flow Target)
* Product family: zynquplus
* Target device:  xck26-sfvc784-2LV-c


================================================================
== Performance Estimates
================================================================
+ Timing: 
    * Summary: 
    +--------+---------+----------+------------+
    |  Clock |  Target | Estimated| Uncertainty|
    +--------+---------+----------+------------+
    |ap_clk  |  5.00 ns|  3.455 ns|     1.35 ns|
    +--------+---------+----------+------------+

+ Latency: 
    * Summary: 
    +---------+---------+-----------+----------+-----+-------+---------+
    |  Latency (cycles) |  Latency (absolute)  |   Interval  | Pipeline|
    |   min   |   max   |    min    |    max   | min |  max  |   Type  |
    +---------+---------+-----------+----------+-----+-------+---------+
    |        3|    32771|  15.000 ns|  0.164 ms|    3|  32771|       no|
    +---------+---------+-----------+----------+-----+-------+---------+

    + Detail: 
        * Instance: 
        N/A

        * Loop: 
        +---------------------+---------+---------+----------+-----------+-----------+-----------+----------+
        |                     |  Latency (cycles) | Iteration|  Initiation Interval  |    Trip   |          |
        |      Loop Name      |   min   |   max   |  Latency |  achieved |   target  |   Count   | Pipelined|
        +---------------------+---------+---------+----------+-----------+-----------+-----------+----------+
        |- VITIS_LOOP_1012_2  |        1|    32769|         4|          1|          1|  0 ~ 32767|       yes|
        +---------------------+---------+---------+----------+-----------+-----------+-----------+----------+

============================================================
+ Verbose Summary: Synthesis Manager
============================================================
InlineROM: 1
ExposeGlobal: 0
============================================================
+ Verbose Summary: CDFG Model
============================================================
IsTopModel: 0
ResetActiveHigh: 1
IsCombinational: 0
IsDatapathOnly: 0
HasWiredReturn: 1
HasMFsm: 2
HasVarLatency: 1
IsPipeline: 0
IsRtlPipelined: 0
IsInstanceOverlapped: 0
IsDontTouch: 0
HasImplIP: 0
IsGatedGlobalClock: 0

+ Individual pipeline summary: 
  * Pipeline-0: initiation interval (II) = 1, depth = 4


============================================================
+ Verbose Summary: Schedule
============================================================
* Number of FSM states : 4
* Pipeline : 1
  Pipeline-0 : II = 1, D = 4, States = { 1 2 3 4 }
* Dataflow Pipeline: 0

* FSM state transitions: 
1 --> 2 
2 --> 3 
3 --> 4 
4 --> 

* FSM state operations: 

State 1 <SV = 0> <Delay = 1.37>
ST_1 : Operation 7 [1/1] (0.00ns)   --->   "%x = alloca i32 1"   --->   Operation 7 'alloca' 'x' <Predicate = true> <Delay = 0.00>
ST_1 : Operation 8 [1/1] (0.00ns)   --->   "%specinterface_ln0 = specinterface void @_ssdm_op_SpecInterface, i24 %SrcYUV, void @empty_7, i32 0, i32 0, void @empty_0, i32 0, i32 0, void @empty_0, void @empty_0, void @empty_0, i32 0, i32 0, i32 0, i32 0, void @empty_0, void @empty_0, i32 4294967295, i32 0"   --->   Operation 8 'specinterface' 'specinterface_ln0' <Predicate = true> <Delay = 0.00>
ST_1 : Operation 9 [1/1] (0.00ns)   --->   "%specinterface_ln0 = specinterface void @_ssdm_op_SpecInterface, i24 %SrcYUV422, void @empty_7, i32 0, i32 0, void @empty_0, i32 0, i32 0, void @empty_0, void @empty_0, void @empty_0, i32 0, i32 0, i32 0, i32 0, void @empty_0, void @empty_0, i32 4294967295, i32 0"   --->   Operation 9 'specinterface' 'specinterface_ln0' <Predicate = true> <Delay = 0.00>
ST_1 : Operation 10 [1/1] (0.00ns)   --->   "%icmp_ln995_read = read i1 @_ssdm_op_Read.ap_auto.i1, i1 %icmp_ln995"   --->   Operation 10 'read' 'icmp_ln995_read' <Predicate = true> <Delay = 0.00>
ST_1 : Operation 11 [1/1] (0.00ns)   --->   "%spec_select_read = read i1 @_ssdm_op_Read.ap_auto.i1, i1 %spec_select"   --->   Operation 11 'read' 'spec_select_read' <Predicate = true> <Delay = 0.00>
ST_1 : Operation 12 [1/1] (0.00ns)   --->   "%cmp36_read = read i1 @_ssdm_op_Read.ap_auto.i1, i1 %cmp36"   --->   Operation 12 'read' 'cmp36_read' <Predicate = true> <Delay = 0.00>
ST_1 : Operation 13 [1/1] (0.00ns)   --->   "%cmp104_read = read i1 @_ssdm_op_Read.ap_auto.i1, i1 %cmp104"   --->   Operation 13 'read' 'cmp104_read' <Predicate = true> <Delay = 0.00>
ST_1 : Operation 14 [1/1] (0.00ns)   --->   "%cmp391_read = read i1 @_ssdm_op_Read.ap_auto.i1, i1 %cmp391"   --->   Operation 14 'read' 'cmp391_read' <Predicate = true> <Delay = 0.00>
ST_1 : Operation 15 [1/1] (0.00ns)   --->   "%cmp287_read = read i1 @_ssdm_op_Read.ap_auto.i1, i1 %cmp287"   --->   Operation 15 'read' 'cmp287_read' <Predicate = true> <Delay = 0.00>
ST_1 : Operation 16 [1/1] (0.00ns)   --->   "%sel_tmp6_read = read i1 @_ssdm_op_Read.ap_auto.i1, i1 %sel_tmp6"   --->   Operation 16 'read' 'sel_tmp6_read' <Predicate = true> <Delay = 0.00>
ST_1 : Operation 17 [1/1] (0.00ns)   --->   "%sel_tmp4_read = read i1 @_ssdm_op_Read.ap_auto.i1, i1 %sel_tmp4"   --->   Operation 17 'read' 'sel_tmp4_read' <Predicate = true> <Delay = 0.00>
ST_1 : Operation 18 [1/1] (0.00ns)   --->   "%sel_tmp1_read = read i1 @_ssdm_op_Read.ap_auto.i1, i1 %sel_tmp1"   --->   Operation 18 'read' 'sel_tmp1_read' <Predicate = true> <Delay = 0.00>
ST_1 : Operation 19 [1/1] (0.00ns)   --->   "%loopWidth_read = read i11 @_ssdm_op_Read.ap_auto.i11, i11 %loopWidth"   --->   Operation 19 'read' 'loopWidth_read' <Predicate = true> <Delay = 0.00>
ST_1 : Operation 20 [1/1] (0.42ns)   --->   "%store_ln0 = store i11 0, i11 %x"   --->   Operation 20 'store' 'store_ln0' <Predicate = true> <Delay = 0.42>
ST_1 : Operation 21 [1/1] (0.00ns)   --->   "%br_ln0 = br void %for.body30"   --->   Operation 21 'br' 'br_ln0' <Predicate = true> <Delay = 0.00>
ST_1 : Operation 22 [1/1] (0.00ns)   --->   "%out_x = load i11 %x" [/home/user/Documents/kria-vitis-platforms/kv260/platforms/vivado/kv260_ispMipiRx_vcu_DP/project/kv260_ispMipiRx_vcu_DP.runs/bd_eab1_vsc_0_synth_1/prj/sol/.autopilot/db/v_vscaler.cpp:1012]   --->   Operation 22 'load' 'out_x' <Predicate = true> <Delay = 0.00>
ST_1 : Operation 23 [1/1] (0.94ns)   --->   "%icmp_ln1012 = icmp_eq  i11 %out_x, i11 %loopWidth_read" [/home/user/Documents/kria-vitis-platforms/kv260/platforms/vivado/kv260_ispMipiRx_vcu_DP/project/kv260_ispMipiRx_vcu_DP.runs/bd_eab1_vsc_0_synth_1/prj/sol/.autopilot/db/v_vscaler.cpp:1012]   --->   Operation 23 'icmp' 'icmp_ln1012' <Predicate = true> <Delay = 0.94> <CoreInst = "Cmp">   --->   Core 9 'Cmp' <Latency = 0> <II = 1> <Delay = 0.94> <FuncUnit> <Opcode : 'icmp'> <InPorts = 2> <OutPorts = 1>
ST_1 : Operation 24 [1/1] (0.79ns)   --->   "%add_ln1012 = add i11 %out_x, i11 1" [/home/user/Documents/kria-vitis-platforms/kv260/platforms/vivado/kv260_ispMipiRx_vcu_DP/project/kv260_ispMipiRx_vcu_DP.runs/bd_eab1_vsc_0_synth_1/prj/sol/.autopilot/db/v_vscaler.cpp:1012]   --->   Operation 24 'add' 'add_ln1012' <Predicate = true> <Delay = 0.79> <CoreInst = "Adder">   --->   Core 1 'Adder' <Latency = 0> <II = 1> <Delay = 0.79> <FuncUnit> <Opcode : 'add' 'sub'> <InPorts = 2> <OutPorts = 1>
ST_1 : Operation 25 [1/1] (0.00ns)   --->   "%br_ln1012 = br i1 %icmp_ln1012, void %for.body30.split, void %for.inc405.loopexit.exitStub" [/home/user/Documents/kria-vitis-platforms/kv260/platforms/vivado/kv260_ispMipiRx_vcu_DP/project/kv260_ispMipiRx_vcu_DP.runs/bd_eab1_vsc_0_synth_1/prj/sol/.autopilot/db/v_vscaler.cpp:1012]   --->   Operation 25 'br' 'br_ln1012' <Predicate = true> <Delay = 0.00>
ST_1 : Operation 26 [1/1] (0.00ns)   --->   "%specpipeline_ln1015 = specpipeline void @_ssdm_op_SpecPipeline, i32 1, i32 0, i32 0, i32 0, void @empty_0" [/home/user/Documents/kria-vitis-platforms/kv260/platforms/vivado/kv260_ispMipiRx_vcu_DP/project/kv260_ispMipiRx_vcu_DP.runs/bd_eab1_vsc_0_synth_1/prj/sol/.autopilot/db/v_vscaler.cpp:1015]   --->   Operation 26 'specpipeline' 'specpipeline_ln1015' <Predicate = (!icmp_ln1012)> <Delay = 0.00>
ST_1 : Operation 27 [1/1] (0.00ns)   --->   "%specloopname_ln970 = specloopname void @_ssdm_op_SpecLoopName, void @empty_1" [/home/user/Documents/kria-vitis-platforms/kv260/platforms/vivado/kv260_ispMipiRx_vcu_DP/project/kv260_ispMipiRx_vcu_DP.runs/bd_eab1_vsc_0_synth_1/prj/sol/.autopilot/db/v_vscaler.cpp:970]   --->   Operation 27 'specloopname' 'specloopname_ln970' <Predicate = (!icmp_ln1012)> <Delay = 0.00>
ST_1 : Operation 28 [1/1] (0.00ns)   --->   "%br_ln1020 = br i1 %cmp36_read, void %for.body60, void %for.inc" [/home/user/Documents/kria-vitis-platforms/kv260/platforms/vivado/kv260_ispMipiRx_vcu_DP/project/kv260_ispMipiRx_vcu_DP.runs/bd_eab1_vsc_0_synth_1/prj/sol/.autopilot/db/v_vscaler.cpp:1020]   --->   Operation 28 'br' 'br_ln1020' <Predicate = (!icmp_ln1012)> <Delay = 0.00>
ST_1 : Operation 29 [1/1] (0.00ns)   --->   "%br_ln1179 = br i1 %cmp391_read, void %for.inc402, void %if.then394" [/home/user/Documents/kria-vitis-platforms/kv260/platforms/vivado/kv260_ispMipiRx_vcu_DP/project/kv260_ispMipiRx_vcu_DP.runs/bd_eab1_vsc_0_synth_1/prj/sol/.autopilot/db/v_vscaler.cpp:1179]   --->   Operation 29 'br' 'br_ln1179' <Predicate = (!icmp_ln1012)> <Delay = 0.00>
ST_1 : Operation 30 [1/1] (0.00ns)   --->   "%br_ln1181 = br i1 %icmp_ln995_read, void %if.else399, void %if.then398" [/home/user/Documents/kria-vitis-platforms/kv260/platforms/vivado/kv260_ispMipiRx_vcu_DP/project/kv260_ispMipiRx_vcu_DP.runs/bd_eab1_vsc_0_synth_1/prj/sol/.autopilot/db/v_vscaler.cpp:1181]   --->   Operation 30 'br' 'br_ln1181' <Predicate = (!icmp_ln1012 & cmp391_read)> <Delay = 0.00>
ST_1 : Operation 31 [1/1] (0.00ns)   --->   "%br_ln1185 = br void %for.inc402" [/home/user/Documents/kria-vitis-platforms/kv260/platforms/vivado/kv260_ispMipiRx_vcu_DP/project/kv260_ispMipiRx_vcu_DP.runs/bd_eab1_vsc_0_synth_1/prj/sol/.autopilot/db/v_vscaler.cpp:1185]   --->   Operation 31 'br' 'br_ln1185' <Predicate = (!icmp_ln1012 & cmp391_read)> <Delay = 0.00>
ST_1 : Operation 32 [1/1] (0.42ns)   --->   "%store_ln1012 = store i11 %add_ln1012, i11 %x" [/home/user/Documents/kria-vitis-platforms/kv260/platforms/vivado/kv260_ispMipiRx_vcu_DP/project/kv260_ispMipiRx_vcu_DP.runs/bd_eab1_vsc_0_synth_1/prj/sol/.autopilot/db/v_vscaler.cpp:1012]   --->   Operation 32 'store' 'store_ln1012' <Predicate = (!icmp_ln1012)> <Delay = 0.42>
ST_1 : Operation 33 [1/1] (0.00ns)   --->   "%br_ln1012 = br void %for.body30" [/home/user/Documents/kria-vitis-platforms/kv260/platforms/vivado/kv260_ispMipiRx_vcu_DP/project/kv260_ispMipiRx_vcu_DP.runs/bd_eab1_vsc_0_synth_1/prj/sol/.autopilot/db/v_vscaler.cpp:1012]   --->   Operation 33 'br' 'br_ln1012' <Predicate = (!icmp_ln1012)> <Delay = 0.00>

State 2 <SV = 1> <Delay = 1.82>
ST_2 : Operation 34 [1/1] (0.00ns)   --->   "%zext_ln1012 = zext i11 %out_x" [/home/user/Documents/kria-vitis-platforms/kv260/platforms/vivado/kv260_ispMipiRx_vcu_DP/project/kv260_ispMipiRx_vcu_DP.runs/bd_eab1_vsc_0_synth_1/prj/sol/.autopilot/db/v_vscaler.cpp:1012]   --->   Operation 34 'zext' 'zext_ln1012' <Predicate = true> <Delay = 0.00>
ST_2 : Operation 35 [1/1] (0.00ns)   --->   "%speclooptripcount_ln0 = speclooptripcount void @_ssdm_op_SpecLoopTripCount, i64 0, i64 32767, i64 0"   --->   Operation 35 'speclooptripcount' 'speclooptripcount_ln0' <Predicate = true> <Delay = 0.00>
ST_2 : Operation 36 [1/1] (1.82ns)   --->   "%SrcYUV_read = read i24 @_ssdm_op_Read.ap_fifo.volatile.i24P0A, i24 %SrcYUV" [/home/user/Documents/kria-vitis-platforms/kv260/platforms/vivado/kv260_ispMipiRx_vcu_DP/project/kv260_ispMipiRx_vcu_DP.runs/bd_eab1_vsc_0_synth_1/prj/sol/.autopilot/db/v_vscaler.cpp:1022]   --->   Operation 36 'read' 'SrcYUV_read' <Predicate = (!icmp_ln1012 & cmp36_read)> <Delay = 1.82> <CoreInst = "FIFO_SRL">   --->   Core 81 'FIFO_SRL' <Latency = 0> <II = 1> <Delay = 2.04> <Storage> <Opcode : 'read' 'write' 'nbread' 'nbwrite'> <Ports = 0> <Width = 24> <Depth = 16> <FIFO>
ST_2 : Operation 37 [1/1] (0.00ns)   --->   "%trunc_ln1022 = trunc i24 %SrcYUV_read" [/home/user/Documents/kria-vitis-platforms/kv260/platforms/vivado/kv260_ispMipiRx_vcu_DP/project/kv260_ispMipiRx_vcu_DP.runs/bd_eab1_vsc_0_synth_1/prj/sol/.autopilot/db/v_vscaler.cpp:1022]   --->   Operation 37 'trunc' 'trunc_ln1022' <Predicate = (!icmp_ln1012 & cmp36_read)> <Delay = 0.00>
ST_2 : Operation 38 [1/1] (0.00ns)   --->   "%trunc_ln1022_1 = partselect i8 @_ssdm_op_PartSelect.i8.i24.i32.i32, i24 %SrcYUV_read, i32 8, i32 15" [/home/user/Documents/kria-vitis-platforms/kv260/platforms/vivado/kv260_ispMipiRx_vcu_DP/project/kv260_ispMipiRx_vcu_DP.runs/bd_eab1_vsc_0_synth_1/prj/sol/.autopilot/db/v_vscaler.cpp:1022]   --->   Operation 38 'partselect' 'trunc_ln1022_1' <Predicate = (!icmp_ln1012 & cmp36_read)> <Delay = 0.00>
ST_2 : Operation 39 [1/1] (0.00ns)   --->   "%trunc_ln1022_2 = partselect i8 @_ssdm_op_PartSelect.i8.i24.i32.i32, i24 %SrcYUV_read, i32 16, i32 23" [/home/user/Documents/kria-vitis-platforms/kv260/platforms/vivado/kv260_ispMipiRx_vcu_DP/project/kv260_ispMipiRx_vcu_DP.runs/bd_eab1_vsc_0_synth_1/prj/sol/.autopilot/db/v_vscaler.cpp:1022]   --->   Operation 39 'partselect' 'trunc_ln1022_2' <Predicate = (!icmp_ln1012 & cmp36_read)> <Delay = 0.00>
ST_2 : Operation 40 [1/1] (0.00ns)   --->   "%store_ln1029 = store i8 %trunc_ln1022_1, i8 %p_0_1_0_0_0878_out" [/home/user/Documents/kria-vitis-platforms/kv260/platforms/vivado/kv260_ispMipiRx_vcu_DP/project/kv260_ispMipiRx_vcu_DP.runs/bd_eab1_vsc_0_synth_1/prj/sol/.autopilot/db/v_vscaler.cpp:1029]   --->   Operation 40 'store' 'store_ln1029' <Predicate = (!icmp_ln1012 & cmp36_read)> <Delay = 0.00>
ST_2 : Operation 41 [1/1] (0.00ns)   --->   "%store_ln1029 = store i8 %trunc_ln1022, i8 %p_0_0_0_0_0423876_out" [/home/user/Documents/kria-vitis-platforms/kv260/platforms/vivado/kv260_ispMipiRx_vcu_DP/project/kv260_ispMipiRx_vcu_DP.runs/bd_eab1_vsc_0_synth_1/prj/sol/.autopilot/db/v_vscaler.cpp:1029]   --->   Operation 41 'store' 'store_ln1029' <Predicate = (!icmp_ln1012 & cmp36_read)> <Delay = 0.00>
ST_2 : Operation 42 [1/1] (0.00ns)   --->   "%store_ln1029 = store i8 %trunc_ln1022_2, i8 %p_0_2_0_0_0874_out" [/home/user/Documents/kria-vitis-platforms/kv260/platforms/vivado/kv260_ispMipiRx_vcu_DP/project/kv260_ispMipiRx_vcu_DP.runs/bd_eab1_vsc_0_synth_1/prj/sol/.autopilot/db/v_vscaler.cpp:1029]   --->   Operation 42 'store' 'store_ln1029' <Predicate = (!icmp_ln1012 & cmp36_read)> <Delay = 0.00>
ST_2 : Operation 43 [1/1] (0.00ns)   --->   "%store_ln1029 = store i8 %trunc_ln1022_1, i8 %p_0_1_0_0_0872_out" [/home/user/Documents/kria-vitis-platforms/kv260/platforms/vivado/kv260_ispMipiRx_vcu_DP/project/kv260_ispMipiRx_vcu_DP.runs/bd_eab1_vsc_0_synth_1/prj/sol/.autopilot/db/v_vscaler.cpp:1029]   --->   Operation 43 'store' 'store_ln1029' <Predicate = (!icmp_ln1012 & cmp36_read)> <Delay = 0.00>
ST_2 : Operation 44 [1/1] (0.00ns)   --->   "%store_ln1029 = store i8 %trunc_ln1022, i8 %p_0_0_0_0_0423870_out" [/home/user/Documents/kria-vitis-platforms/kv260/platforms/vivado/kv260_ispMipiRx_vcu_DP/project/kv260_ispMipiRx_vcu_DP.runs/bd_eab1_vsc_0_synth_1/prj/sol/.autopilot/db/v_vscaler.cpp:1029]   --->   Operation 44 'store' 'store_ln1029' <Predicate = (!icmp_ln1012 & cmp36_read)> <Delay = 0.00>
ST_2 : Operation 45 [1/1] (0.00ns)   --->   "%br_ln1029 = br void %for.body60" [/home/user/Documents/kria-vitis-platforms/kv260/platforms/vivado/kv260_ispMipiRx_vcu_DP/project/kv260_ispMipiRx_vcu_DP.runs/bd_eab1_vsc_0_synth_1/prj/sol/.autopilot/db/v_vscaler.cpp:1029]   --->   Operation 45 'br' 'br_ln1029' <Predicate = (!icmp_ln1012 & cmp36_read)> <Delay = 0.00>
ST_2 : Operation 46 [1/1] (0.00ns)   --->   "%linebuf_y_val_V_addr = getelementptr i8 %linebuf_y_val_V, i64 0, i64 %zext_ln1012" [/home/user/Documents/kria-vitis-platforms/kv260/platforms/vivado/kv260_ispMipiRx_vcu_DP/project/kv260_ispMipiRx_vcu_DP.gen/sources_1/bd/kv260_ispMipiRx_vcu_DP/ip/kv260_ispMipiRx_vcu_DP_v_proc_ss_0_0/bd_0/ip/ip_1/src/hls/hls_video_mem.h:836]   --->   Operation 46 'getelementptr' 'linebuf_y_val_V_addr' <Predicate = (!icmp_ln1012)> <Delay = 0.00>
ST_2 : Operation 47 [2/2] (1.23ns)   --->   "%LineBufVal_V_14 = load i11 %linebuf_y_val_V_addr" [/home/user/Documents/kria-vitis-platforms/kv260/platforms/vivado/kv260_ispMipiRx_vcu_DP/project/kv260_ispMipiRx_vcu_DP.runs/bd_eab1_vsc_0_synth_1/prj/sol/.autopilot/db/v_vscaler.cpp:1036]   --->   Operation 47 'load' 'LineBufVal_V_14' <Predicate = (!icmp_ln1012)> <Delay = 1.23> <CoreInst = "RAM">   --->   Core 83 'RAM' <Latency = 1> <II = 1> <Delay = 1.23> <Storage> <Opcode : 'load' 'store'> <Ports = 2> <Width = 8> <Depth = 1920> <RAM>
ST_2 : Operation 48 [1/1] (0.00ns)   --->   "%linebuf_y_val_V_1_addr = getelementptr i8 %linebuf_y_val_V_1, i64 0, i64 %zext_ln1012" [/home/user/Documents/kria-vitis-platforms/kv260/platforms/vivado/kv260_ispMipiRx_vcu_DP/project/kv260_ispMipiRx_vcu_DP.gen/sources_1/bd/kv260_ispMipiRx_vcu_DP/ip/kv260_ispMipiRx_vcu_DP_v_proc_ss_0_0/bd_0/ip/ip_1/src/hls/hls_video_mem.h:836]   --->   Operation 48 'getelementptr' 'linebuf_y_val_V_1_addr' <Predicate = (!icmp_ln1012)> <Delay = 0.00>
ST_2 : Operation 49 [1/1] (0.00ns)   --->   "%linebuf_c_val_V_addr = getelementptr i8 %linebuf_c_val_V, i64 0, i64 %zext_ln1012" [/home/user/Documents/kria-vitis-platforms/kv260/platforms/vivado/kv260_ispMipiRx_vcu_DP/project/kv260_ispMipiRx_vcu_DP.gen/sources_1/bd/kv260_ispMipiRx_vcu_DP/ip/kv260_ispMipiRx_vcu_DP_v_proc_ss_0_0/bd_0/ip/ip_1/src/hls/hls_video_mem.h:836]   --->   Operation 49 'getelementptr' 'linebuf_c_val_V_addr' <Predicate = (!icmp_ln1012)> <Delay = 0.00>
ST_2 : Operation 50 [2/2] (1.23ns)   --->   "%LineBufVal_V = load i11 %linebuf_c_val_V_addr" [/home/user/Documents/kria-vitis-platforms/kv260/platforms/vivado/kv260_ispMipiRx_vcu_DP/project/kv260_ispMipiRx_vcu_DP.runs/bd_eab1_vsc_0_synth_1/prj/sol/.autopilot/db/v_vscaler.cpp:1074]   --->   Operation 50 'load' 'LineBufVal_V' <Predicate = (!icmp_ln1012)> <Delay = 1.23> <CoreInst = "RAM">   --->   Core 83 'RAM' <Latency = 1> <II = 1> <Delay = 1.23> <Storage> <Opcode : 'load' 'store'> <Ports = 2> <Width = 8> <Depth = 1920> <RAM>
ST_2 : Operation 51 [1/1] (0.00ns)   --->   "%linebuf_c_val_V_1_addr = getelementptr i8 %linebuf_c_val_V_1, i64 0, i64 %zext_ln1012" [/home/user/Documents/kria-vitis-platforms/kv260/platforms/vivado/kv260_ispMipiRx_vcu_DP/project/kv260_ispMipiRx_vcu_DP.gen/sources_1/bd/kv260_ispMipiRx_vcu_DP/ip/kv260_ispMipiRx_vcu_DP_v_proc_ss_0_0/bd_0/ip/ip_1/src/hls/hls_video_mem.h:836]   --->   Operation 51 'getelementptr' 'linebuf_c_val_V_1_addr' <Predicate = (!icmp_ln1012)> <Delay = 0.00>
ST_2 : Operation 52 [2/2] (1.23ns)   --->   "%LineBufVal_V_16 = load i11 %linebuf_c_val_V_1_addr" [/home/user/Documents/kria-vitis-platforms/kv260/platforms/vivado/kv260_ispMipiRx_vcu_DP/project/kv260_ispMipiRx_vcu_DP.runs/bd_eab1_vsc_0_synth_1/prj/sol/.autopilot/db/v_vscaler.cpp:1074]   --->   Operation 52 'load' 'LineBufVal_V_16' <Predicate = (!icmp_ln1012)> <Delay = 1.23> <CoreInst = "RAM">   --->   Core 83 'RAM' <Latency = 1> <II = 1> <Delay = 1.23> <Storage> <Opcode : 'load' 'store'> <Ports = 2> <Width = 8> <Depth = 1920> <RAM>
ST_2 : Operation 53 [1/1] (0.00ns)   --->   "%br_ln1090 = br i1 %spec_select_read, void %if.then187, void %if.else260" [/home/user/Documents/kria-vitis-platforms/kv260/platforms/vivado/kv260_ispMipiRx_vcu_DP/project/kv260_ispMipiRx_vcu_DP.runs/bd_eab1_vsc_0_synth_1/prj/sol/.autopilot/db/v_vscaler.cpp:1090]   --->   Operation 53 'br' 'br_ln1090' <Predicate = (!icmp_ln1012)> <Delay = 0.00>
ST_2 : Operation 54 [1/1] (0.00ns)   --->   "%linebuf_c_val_V_2_addr = getelementptr i8 %linebuf_c_val_V_2, i64 0, i64 %zext_ln1012" [/home/user/Documents/kria-vitis-platforms/kv260/platforms/vivado/kv260_ispMipiRx_vcu_DP/project/kv260_ispMipiRx_vcu_DP.gen/sources_1/bd/kv260_ispMipiRx_vcu_DP/ip/kv260_ispMipiRx_vcu_DP_v_proc_ss_0_0/bd_0/ip/ip_1/src/hls/hls_video_mem.h:836]   --->   Operation 54 'getelementptr' 'linebuf_c_val_V_2_addr' <Predicate = (!icmp_ln1012 & spec_select_read & !sel_tmp6_read & sel_tmp4_read)> <Delay = 0.00>
ST_2 : Operation 55 [2/2] (1.23ns)   --->   "%LineBufCVal_V = load i11 %linebuf_c_val_V_2_addr" [/home/user/Documents/kria-vitis-platforms/kv260/platforms/vivado/kv260_ispMipiRx_vcu_DP/project/kv260_ispMipiRx_vcu_DP.runs/bd_eab1_vsc_0_synth_1/prj/sol/.autopilot/db/v_vscaler.cpp:1126]   --->   Operation 55 'load' 'LineBufCVal_V' <Predicate = (!icmp_ln1012 & spec_select_read & !sel_tmp6_read & sel_tmp4_read)> <Delay = 1.23> <CoreInst = "RAM">   --->   Core 83 'RAM' <Latency = 1> <II = 1> <Delay = 1.23> <Storage> <Opcode : 'load' 'store'> <Ports = 2> <Width = 8> <Depth = 1920> <RAM>

State 3 <SV = 2> <Delay = 3.29>
ST_3 : Operation 56 [1/1] (0.00ns)   --->   "%InYPix_V = load i8 %p_0_0_0_0_0423876_out" [/home/user/Documents/kria-vitis-platforms/kv260/platforms/vivado/kv260_ispMipiRx_vcu_DP/project/kv260_ispMipiRx_vcu_DP.runs/bd_eab1_vsc_0_synth_1/prj/sol/.autopilot/db/v_vscaler.cpp:1055]   --->   Operation 56 'load' 'InYPix_V' <Predicate = (!icmp_ln1012)> <Delay = 0.00>
ST_3 : Operation 57 [1/1] (0.00ns)   --->   "%InCPix_V = load i8 %p_0_1_0_0_0878_out"   --->   Operation 57 'load' 'InCPix_V' <Predicate = (!icmp_ln1012)> <Delay = 0.00>
ST_3 : Operation 58 [1/2] (1.23ns)   --->   "%LineBufVal_V_14 = load i11 %linebuf_y_val_V_addr" [/home/user/Documents/kria-vitis-platforms/kv260/platforms/vivado/kv260_ispMipiRx_vcu_DP/project/kv260_ispMipiRx_vcu_DP.runs/bd_eab1_vsc_0_synth_1/prj/sol/.autopilot/db/v_vscaler.cpp:1036]   --->   Operation 58 'load' 'LineBufVal_V_14' <Predicate = (!icmp_ln1012)> <Delay = 1.23> <CoreInst = "RAM">   --->   Core 83 'RAM' <Latency = 1> <II = 1> <Delay = 1.23> <Storage> <Opcode : 'load' 'store'> <Ports = 2> <Width = 8> <Depth = 1920> <RAM>
ST_3 : Operation 59 [2/2] (1.23ns)   --->   "%LineBufVal_V_15 = load i11 %linebuf_y_val_V_1_addr" [/home/user/Documents/kria-vitis-platforms/kv260/platforms/vivado/kv260_ispMipiRx_vcu_DP/project/kv260_ispMipiRx_vcu_DP.runs/bd_eab1_vsc_0_synth_1/prj/sol/.autopilot/db/v_vscaler.cpp:1036]   --->   Operation 59 'load' 'LineBufVal_V_15' <Predicate = (!icmp_ln1012 & !cmp287_read)> <Delay = 1.23> <CoreInst = "RAM">   --->   Core 83 'RAM' <Latency = 1> <II = 1> <Delay = 1.23> <Storage> <Opcode : 'load' 'store'> <Ports = 2> <Width = 8> <Depth = 1920> <RAM>
ST_3 : Operation 60 [1/1] (1.23ns)   --->   "%store_ln798 = store i8 %InYPix_V, i11 %linebuf_y_val_V_addr" [/home/user/Documents/kria-vitis-platforms/kv260/platforms/vivado/kv260_ispMipiRx_vcu_DP/project/kv260_ispMipiRx_vcu_DP.gen/sources_1/bd/kv260_ispMipiRx_vcu_DP/ip/kv260_ispMipiRx_vcu_DP_v_proc_ss_0_0/bd_0/ip/ip_1/src/hls/hls_video_mem.h:798]   --->   Operation 60 'store' 'store_ln798' <Predicate = (!icmp_ln1012)> <Delay = 1.23> <CoreInst = "RAM">   --->   Core 83 'RAM' <Latency = 1> <II = 1> <Delay = 1.23> <Storage> <Opcode : 'load' 'store'> <Ports = 2> <Width = 8> <Depth = 1920> <RAM>
ST_3 : Operation 61 [1/1] (0.39ns)   --->   "%PixBufVal_val_V_3 = select i1 %cmp104_read, i8 %LineBufVal_V_14, i8 %InYPix_V" [/home/user/Documents/kria-vitis-platforms/kv260/platforms/vivado/kv260_ispMipiRx_vcu_DP/project/kv260_ispMipiRx_vcu_DP.runs/bd_eab1_vsc_0_synth_1/prj/sol/.autopilot/db/v_vscaler.cpp:1055]   --->   Operation 61 'select' 'PixBufVal_val_V_3' <Predicate = (!icmp_ln1012)> <Delay = 0.39> <CoreInst = "Sel">   --->   Core 73 'Sel' <Latency = 0> <II = 1> <Delay = 0.39> <FuncUnit> <Opcode : 'select'> <InPorts = 3> <OutPorts = 1>
ST_3 : Operation 62 [1/1] (1.23ns)   --->   "%store_ln1064 = store i8 %PixBufVal_val_V_3, i11 %linebuf_y_val_V_1_addr" [/home/user/Documents/kria-vitis-platforms/kv260/platforms/vivado/kv260_ispMipiRx_vcu_DP/project/kv260_ispMipiRx_vcu_DP.runs/bd_eab1_vsc_0_synth_1/prj/sol/.autopilot/db/v_vscaler.cpp:1064]   --->   Operation 62 'store' 'store_ln1064' <Predicate = (!icmp_ln1012)> <Delay = 1.23> <CoreInst = "RAM">   --->   Core 83 'RAM' <Latency = 1> <II = 1> <Delay = 1.23> <Storage> <Opcode : 'load' 'store'> <Ports = 2> <Width = 8> <Depth = 1920> <RAM>
ST_3 : Operation 63 [1/2] (1.23ns)   --->   "%LineBufVal_V = load i11 %linebuf_c_val_V_addr" [/home/user/Documents/kria-vitis-platforms/kv260/platforms/vivado/kv260_ispMipiRx_vcu_DP/project/kv260_ispMipiRx_vcu_DP.runs/bd_eab1_vsc_0_synth_1/prj/sol/.autopilot/db/v_vscaler.cpp:1074]   --->   Operation 63 'load' 'LineBufVal_V' <Predicate = (!icmp_ln1012)> <Delay = 1.23> <CoreInst = "RAM">   --->   Core 83 'RAM' <Latency = 1> <II = 1> <Delay = 1.23> <Storage> <Opcode : 'load' 'store'> <Ports = 2> <Width = 8> <Depth = 1920> <RAM>
ST_3 : Operation 64 [1/2] (1.23ns)   --->   "%LineBufVal_V_16 = load i11 %linebuf_c_val_V_1_addr" [/home/user/Documents/kria-vitis-platforms/kv260/platforms/vivado/kv260_ispMipiRx_vcu_DP/project/kv260_ispMipiRx_vcu_DP.runs/bd_eab1_vsc_0_synth_1/prj/sol/.autopilot/db/v_vscaler.cpp:1074]   --->   Operation 64 'load' 'LineBufVal_V_16' <Predicate = (!icmp_ln1012)> <Delay = 1.23> <CoreInst = "RAM">   --->   Core 83 'RAM' <Latency = 1> <II = 1> <Delay = 1.23> <Storage> <Opcode : 'load' 'store'> <Ports = 2> <Width = 8> <Depth = 1920> <RAM>
ST_3 : Operation 65 [1/1] (0.39ns)   --->   "%rhs = select i1 %spec_select_read, i8 %LineBufVal_V_16, i8 %LineBufVal_V" [/home/user/Documents/kria-vitis-platforms/kv260/platforms/vivado/kv260_ispMipiRx_vcu_DP/project/kv260_ispMipiRx_vcu_DP.runs/bd_eab1_vsc_0_synth_1/prj/sol/.autopilot/db/v_vscaler.cpp:1080]   --->   Operation 65 'select' 'rhs' <Predicate = (!icmp_ln1012)> <Delay = 0.39> <CoreInst = "Sel">   --->   Core 73 'Sel' <Latency = 0> <II = 1> <Delay = 0.39> <FuncUnit> <Opcode : 'select'> <InPorts = 3> <OutPorts = 1>
ST_3 : Operation 66 [1/1] (0.42ns)   --->   "%br_ln1092 = br i1 %cmp36_read, void %arrayctor.loop.i178, void %for.inc207" [/home/user/Documents/kria-vitis-platforms/kv260/platforms/vivado/kv260_ispMipiRx_vcu_DP/project/kv260_ispMipiRx_vcu_DP.runs/bd_eab1_vsc_0_synth_1/prj/sol/.autopilot/db/v_vscaler.cpp:1092]   --->   Operation 66 'br' 'br_ln1092' <Predicate = (!icmp_ln1012 & !spec_select_read)> <Delay = 0.42>
ST_3 : Operation 67 [1/1] (1.23ns)   --->   "%store_ln798 = store i8 %InCPix_V, i11 %linebuf_c_val_V_addr" [/home/user/Documents/kria-vitis-platforms/kv260/platforms/vivado/kv260_ispMipiRx_vcu_DP/project/kv260_ispMipiRx_vcu_DP.gen/sources_1/bd/kv260_ispMipiRx_vcu_DP/ip/kv260_ispMipiRx_vcu_DP_v_proc_ss_0_0/bd_0/ip/ip_1/src/hls/hls_video_mem.h:798]   --->   Operation 67 'store' 'store_ln798' <Predicate = (!icmp_ln1012 & cmp36_read & !spec_select_read)> <Delay = 1.23> <CoreInst = "RAM">   --->   Core 83 'RAM' <Latency = 1> <II = 1> <Delay = 1.23> <Storage> <Opcode : 'load' 'store'> <Ports = 2> <Width = 8> <Depth = 1920> <RAM>
ST_3 : Operation 68 [1/1] (0.42ns)   --->   "%br_ln1101 = br void %arrayctor.loop.i178" [/home/user/Documents/kria-vitis-platforms/kv260/platforms/vivado/kv260_ispMipiRx_vcu_DP/project/kv260_ispMipiRx_vcu_DP.runs/bd_eab1_vsc_0_synth_1/prj/sol/.autopilot/db/v_vscaler.cpp:1101]   --->   Operation 68 'br' 'br_ln1101' <Predicate = (!icmp_ln1012 & cmp36_read & !spec_select_read)> <Delay = 0.42>
ST_3 : Operation 69 [1/1] (0.00ns)   --->   "%p_0_0_0_0_0404883 = phi i8 %InCPix_V, void %for.inc207, i8 %LineBufVal_V, void %if.then187"   --->   Operation 69 'phi' 'p_0_0_0_0_0404883' <Predicate = (!icmp_ln1012 & !spec_select_read)> <Delay = 0.00>
ST_3 : Operation 70 [1/1] (0.39ns)   --->   "%PixBufVal_val_V = select i1 %cmp104_read, i8 %rhs, i8 %p_0_0_0_0_0404883" [/home/user/Documents/kria-vitis-platforms/kv260/platforms/vivado/kv260_ispMipiRx_vcu_DP/project/kv260_ispMipiRx_vcu_DP.runs/bd_eab1_vsc_0_synth_1/prj/sol/.autopilot/db/v_vscaler.cpp:1112]   --->   Operation 70 'select' 'PixBufVal_val_V' <Predicate = (!icmp_ln1012 & !spec_select_read)> <Delay = 0.39> <CoreInst = "Sel">   --->   Core 73 'Sel' <Latency = 0> <II = 1> <Delay = 0.39> <FuncUnit> <Opcode : 'select'> <InPorts = 3> <OutPorts = 1>
ST_3 : Operation 71 [1/1] (1.23ns)   --->   "%store_ln1121 = store i8 %PixBufVal_val_V, i11 %linebuf_c_val_V_1_addr" [/home/user/Documents/kria-vitis-platforms/kv260/platforms/vivado/kv260_ispMipiRx_vcu_DP/project/kv260_ispMipiRx_vcu_DP.runs/bd_eab1_vsc_0_synth_1/prj/sol/.autopilot/db/v_vscaler.cpp:1121]   --->   Operation 71 'store' 'store_ln1121' <Predicate = (!icmp_ln1012 & !spec_select_read)> <Delay = 1.23> <CoreInst = "RAM">   --->   Core 83 'RAM' <Latency = 1> <II = 1> <Delay = 1.23> <Storage> <Opcode : 'load' 'store'> <Ports = 2> <Width = 8> <Depth = 1920> <RAM>
ST_3 : Operation 72 [1/1] (0.42ns)   --->   "%br_ln1123 = br void %for.body285_ifconv" [/home/user/Documents/kria-vitis-platforms/kv260/platforms/vivado/kv260_ispMipiRx_vcu_DP/project/kv260_ispMipiRx_vcu_DP.runs/bd_eab1_vsc_0_synth_1/prj/sol/.autopilot/db/v_vscaler.cpp:1123]   --->   Operation 72 'br' 'br_ln1123' <Predicate = (!icmp_ln1012 & !spec_select_read)> <Delay = 0.42>
ST_3 : Operation 73 [1/2] (1.23ns)   --->   "%LineBufCVal_V = load i11 %linebuf_c_val_V_2_addr" [/home/user/Documents/kria-vitis-platforms/kv260/platforms/vivado/kv260_ispMipiRx_vcu_DP/project/kv260_ispMipiRx_vcu_DP.runs/bd_eab1_vsc_0_synth_1/prj/sol/.autopilot/db/v_vscaler.cpp:1126]   --->   Operation 73 'load' 'LineBufCVal_V' <Predicate = (!icmp_ln1012 & spec_select_read & !sel_tmp6_read & sel_tmp4_read)> <Delay = 1.23> <CoreInst = "RAM">   --->   Core 83 'RAM' <Latency = 1> <II = 1> <Delay = 1.23> <Storage> <Opcode : 'load' 'store'> <Ports = 2> <Width = 8> <Depth = 1920> <RAM>
ST_3 : Operation 74 [1/1] (0.42ns)   --->   "%br_ln0 = br void %for.body285_ifconv"   --->   Operation 74 'br' 'br_ln0' <Predicate = (!icmp_ln1012 & spec_select_read)> <Delay = 0.42>
ST_3 : Operation 75 [1/1] (0.00ns)   --->   "%rhs_2 = phi i8 %p_0_0_0_0_0404883, void %arrayctor.loop.i178, i8 %LineBufVal_V, void %if.else260"   --->   Operation 75 'phi' 'rhs_2' <Predicate = (!sel_tmp6_read)> <Delay = 0.00>
ST_3 : Operation 76 [1/1] (0.00ns)   --->   "%zext_ln1495_2 = zext i8 %rhs_2"   --->   Operation 76 'zext' 'zext_ln1495_2' <Predicate = (!sel_tmp6_read)> <Delay = 0.00>
ST_3 : Operation 77 [1/1] (0.76ns)   --->   "%ret_V_21 = add i9 %zext_ln1495_2, i9 2"   --->   Operation 77 'add' 'ret_V_21' <Predicate = (!sel_tmp6_read & sel_tmp4_read)> <Delay = 0.76> <CoreInst = "Adder">   --->   Core 1 'Adder' <Latency = 0> <II = 1> <Delay = 0.76> <FuncUnit> <Opcode : 'add' 'sub'> <InPorts = 2> <OutPorts = 1>
ST_3 : Operation 78 [1/1] (0.00ns)   --->   "%p_0_0_0_0_0423870_out_load = load i8 %p_0_0_0_0_0423870_out" [/home/user/Documents/kria-vitis-platforms/kv260/platforms/vivado/kv260_ispMipiRx_vcu_DP/project/kv260_ispMipiRx_vcu_DP.runs/bd_eab1_vsc_0_synth_1/prj/sol/.autopilot/db/v_vscaler.cpp:1182]   --->   Operation 78 'load' 'p_0_0_0_0_0423870_out_load' <Predicate = (cmp391_read & icmp_ln995_read)> <Delay = 0.00>
ST_3 : Operation 79 [1/1] (0.00ns)   --->   "%p_0_1_0_0_0872_out_load = load i8 %p_0_1_0_0_0872_out" [/home/user/Documents/kria-vitis-platforms/kv260/platforms/vivado/kv260_ispMipiRx_vcu_DP/project/kv260_ispMipiRx_vcu_DP.runs/bd_eab1_vsc_0_synth_1/prj/sol/.autopilot/db/v_vscaler.cpp:1182]   --->   Operation 79 'load' 'p_0_1_0_0_0872_out_load' <Predicate = (cmp391_read & icmp_ln995_read)> <Delay = 0.00>
ST_3 : Operation 80 [1/1] (0.00ns)   --->   "%p_0_2_0_0_0874_out_load = load i8 %p_0_2_0_0_0874_out" [/home/user/Documents/kria-vitis-platforms/kv260/platforms/vivado/kv260_ispMipiRx_vcu_DP/project/kv260_ispMipiRx_vcu_DP.runs/bd_eab1_vsc_0_synth_1/prj/sol/.autopilot/db/v_vscaler.cpp:1182]   --->   Operation 80 'load' 'p_0_2_0_0_0874_out_load' <Predicate = (cmp391_read & icmp_ln995_read)> <Delay = 0.00>
ST_3 : Operation 81 [1/1] (0.00ns)   --->   "%p_0 = bitconcatenate i24 @_ssdm_op_BitConcatenate.i24.i8.i8.i8, i8 %p_0_2_0_0_0874_out_load, i8 %p_0_1_0_0_0872_out_load, i8 %p_0_0_0_0_0423870_out_load" [/home/user/Documents/kria-vitis-platforms/kv260/platforms/vivado/kv260_ispMipiRx_vcu_DP/project/kv260_ispMipiRx_vcu_DP.runs/bd_eab1_vsc_0_synth_1/prj/sol/.autopilot/db/v_vscaler.cpp:1182]   --->   Operation 81 'bitconcatenate' 'p_0' <Predicate = (cmp391_read & icmp_ln995_read)> <Delay = 0.00>
ST_3 : Operation 82 [1/1] (1.82ns)   --->   "%write_ln1182 = write void @_ssdm_op_Write.ap_fifo.volatile.i24P0A, i24 %SrcYUV422, i24 %p_0" [/home/user/Documents/kria-vitis-platforms/kv260/platforms/vivado/kv260_ispMipiRx_vcu_DP/project/kv260_ispMipiRx_vcu_DP.runs/bd_eab1_vsc_0_synth_1/prj/sol/.autopilot/db/v_vscaler.cpp:1182]   --->   Operation 82 'write' 'write_ln1182' <Predicate = (cmp391_read & icmp_ln995_read)> <Delay = 1.82> <CoreInst = "FIFO_SRL">   --->   Core 81 'FIFO_SRL' <Latency = 0> <II = 1> <Delay = 2.04> <Storage> <Opcode : 'read' 'write' 'nbread' 'nbwrite'> <Ports = 0> <Width = 24> <Depth = 16> <FIFO>
ST_3 : Operation 83 [1/1] (0.00ns)   --->   "%br_ln1182 = br void %if.end400" [/home/user/Documents/kria-vitis-platforms/kv260/platforms/vivado/kv260_ispMipiRx_vcu_DP/project/kv260_ispMipiRx_vcu_DP.runs/bd_eab1_vsc_0_synth_1/prj/sol/.autopilot/db/v_vscaler.cpp:1182]   --->   Operation 83 'br' 'br_ln1182' <Predicate = (cmp391_read & icmp_ln995_read)> <Delay = 0.00>
ST_3 : Operation 105 [1/1] (0.00ns)   --->   "%ret_ln0 = ret"   --->   Operation 105 'ret' 'ret_ln0' <Predicate = (icmp_ln1012)> <Delay = 0.00>

State 4 <SV = 3> <Delay = 3.45>
ST_4 : Operation 84 [1/2] (1.23ns)   --->   "%LineBufVal_V_15 = load i11 %linebuf_y_val_V_1_addr" [/home/user/Documents/kria-vitis-platforms/kv260/platforms/vivado/kv260_ispMipiRx_vcu_DP/project/kv260_ispMipiRx_vcu_DP.runs/bd_eab1_vsc_0_synth_1/prj/sol/.autopilot/db/v_vscaler.cpp:1036]   --->   Operation 84 'load' 'LineBufVal_V_15' <Predicate = (!icmp_ln1012 & !cmp287_read)> <Delay = 1.23> <CoreInst = "RAM">   --->   Core 83 'RAM' <Latency = 1> <II = 1> <Delay = 1.23> <Storage> <Opcode : 'load' 'store'> <Ports = 2> <Width = 8> <Depth = 1920> <RAM>
ST_4 : Operation 85 [1/1] (0.00ns)   --->   "%lhs = phi i8 %LineBufVal_V_16, void %arrayctor.loop.i178, i8 %LineBufCVal_V, void %if.else260"   --->   Operation 85 'phi' 'lhs' <Predicate = (!sel_tmp6_read & sel_tmp4_read)> <Delay = 0.00>
ST_4 : Operation 86 [1/1] (0.00ns)   --->   "%zext_ln1494 = zext i8 %rhs"   --->   Operation 86 'zext' 'zext_ln1494' <Predicate = (!sel_tmp6_read & !sel_tmp4_read & sel_tmp1_read)> <Delay = 0.00>
ST_4 : Operation 87 [1/1] (0.00ns)   --->   "%ret_V_20 = bitconcatenate i9 @_ssdm_op_BitConcatenate.i9.i8.i1, i8 %rhs, i1 0"   --->   Operation 87 'bitconcatenate' 'ret_V_20' <Predicate = (!sel_tmp6_read & sel_tmp4_read)> <Delay = 0.00>
ST_4 : Operation 88 [1/1] (0.00ns)   --->   "%zext_ln1495 = zext i8 %lhs"   --->   Operation 88 'zext' 'zext_ln1495' <Predicate = (!sel_tmp6_read & sel_tmp4_read)> <Delay = 0.00>
ST_4 : Operation 89 [1/1] (0.00ns)   --->   "%zext_ln1495_1 = zext i9 %ret_V_20"   --->   Operation 89 'zext' 'zext_ln1495_1' <Predicate = (!sel_tmp6_read & sel_tmp4_read)> <Delay = 0.00>
ST_4 : Operation 90 [1/1] (0.00ns)   --->   "%zext_ln1495_3 = zext i9 %ret_V_21"   --->   Operation 90 'zext' 'zext_ln1495_3' <Predicate = (!sel_tmp6_read & sel_tmp4_read)> <Delay = 0.00>
ST_4 : Operation 91 [1/1] (0.00ns) (grouped into TernaryAdder)   --->   "%add_ln1495_2 = add i10 %zext_ln1495_3, i10 %zext_ln1495"   --->   Operation 91 'add' 'add_ln1495_2' <Predicate = (!sel_tmp6_read & sel_tmp4_read)> <Delay = 0.00> <CoreInst = "TAddSub">   --->   Core 10 'TAddSub' <Latency = 0> <II = 1> <Delay = 0.50> <IPBlock> <Opcode : 'add' 'sub'> <InPorts = 3> <OutPorts = 1> <Sync> <CReg>
ST_4 : Operation 92 [1/1] (0.96ns) (root node of TernaryAdder)   --->   "%add_ln1495_1 = add i10 %add_ln1495_2, i10 %zext_ln1495_1"   --->   Operation 92 'add' 'add_ln1495_1' <Predicate = (!sel_tmp6_read & sel_tmp4_read)> <Delay = 0.96> <CoreInst = "TAddSub">   --->   Core 10 'TAddSub' <Latency = 0> <II = 1> <Delay = 0.50> <IPBlock> <Opcode : 'add' 'sub'> <InPorts = 3> <OutPorts = 1> <Sync> <CReg>
ST_4 : Operation 93 [1/1] (0.00ns) (grouped into LUT with out node p_0_0_0_0_0406889894)   --->   "%trunc_ln3 = partselect i8 @_ssdm_op_PartSelect.i8.i10.i32.i32, i10 %add_ln1495_1, i32 2, i32 9"   --->   Operation 93 'partselect' 'trunc_ln3' <Predicate = (!sel_tmp6_read & sel_tmp4_read)> <Delay = 0.00>
ST_4 : Operation 94 [1/1] (0.00ns) (grouped into TernaryAdder)   --->   "%add_ln1495_3 = add i9 %zext_ln1494, i9 1"   --->   Operation 94 'add' 'add_ln1495_3' <Predicate = (!sel_tmp6_read & !sel_tmp4_read & sel_tmp1_read)> <Delay = 0.00> <CoreInst = "TAddSub">   --->   Core 10 'TAddSub' <Latency = 0> <II = 1> <Delay = 0.50> <IPBlock> <Opcode : 'add' 'sub'> <InPorts = 3> <OutPorts = 1> <Sync> <CReg>
ST_4 : Operation 95 [1/1] (1.00ns) (root node of TernaryAdder)   --->   "%ret_V = add i9 %add_ln1495_3, i9 %zext_ln1495_2"   --->   Operation 95 'add' 'ret_V' <Predicate = (!sel_tmp6_read & !sel_tmp4_read & sel_tmp1_read)> <Delay = 1.00> <CoreInst = "TAddSub">   --->   Core 10 'TAddSub' <Latency = 0> <II = 1> <Delay = 0.50> <IPBlock> <Opcode : 'add' 'sub'> <InPorts = 3> <OutPorts = 1> <Sync> <CReg>
ST_4 : Operation 96 [1/1] (0.00ns) (grouped into LUT with out node p_0_0_0_0_0406889894)   --->   "%trunc_ln186_1 = partselect i8 @_ssdm_op_PartSelect.i8.i9.i32.i32, i9 %ret_V, i32 1, i32 8"   --->   Operation 96 'partselect' 'trunc_ln186_1' <Predicate = (!sel_tmp6_read & !sel_tmp4_read & sel_tmp1_read)> <Delay = 0.00>
ST_4 : Operation 97 [1/1] (0.00ns) (grouped into LUT with out node p_0_0_0_0_0406889894)   --->   "%sel_tmp2 = select i1 %sel_tmp1_read, i8 %trunc_ln186_1, i8 %rhs"   --->   Operation 97 'select' 'sel_tmp2' <Predicate = (!sel_tmp6_read & !sel_tmp4_read)> <Delay = 0.00> <CoreInst = "Sel">   --->   Core 73 'Sel' <Latency = 0> <II = 1> <Delay = 0.39> <FuncUnit> <Opcode : 'select'> <InPorts = 3> <OutPorts = 1>
ST_4 : Operation 98 [1/1] (0.00ns) (grouped into LUT with out node p_0_0_0_0_0406889894)   --->   "%sel_tmp5 = select i1 %sel_tmp4_read, i8 %trunc_ln3, i8 %sel_tmp2"   --->   Operation 98 'select' 'sel_tmp5' <Predicate = (!sel_tmp6_read)> <Delay = 0.00> <CoreInst = "Sel">   --->   Core 73 'Sel' <Latency = 0> <II = 1> <Delay = 0.39> <FuncUnit> <Opcode : 'select'> <InPorts = 3> <OutPorts = 1>
ST_4 : Operation 99 [1/1] (0.39ns) (out node of the LUT)   --->   "%p_0_0_0_0_0406889894 = select i1 %sel_tmp6_read, i8 0, i8 %sel_tmp5"   --->   Operation 99 'select' 'p_0_0_0_0_0406889894' <Predicate = true> <Delay = 0.39> <CoreInst = "Sel">   --->   Core 73 'Sel' <Latency = 0> <II = 1> <Delay = 0.39> <FuncUnit> <Opcode : 'select'> <InPorts = 3> <OutPorts = 1>
ST_4 : Operation 100 [1/1] (0.39ns)   --->   "%ret_4 = select i1 %cmp287_read, i8 %LineBufVal_V_14, i8 %LineBufVal_V_15" [/home/user/Documents/kria-vitis-platforms/kv260/platforms/vivado/kv260_ispMipiRx_vcu_DP/project/kv260_ispMipiRx_vcu_DP.runs/bd_eab1_vsc_0_synth_1/prj/sol/.autopilot/db/v_vscaler.cpp:1036]   --->   Operation 100 'select' 'ret_4' <Predicate = true> <Delay = 0.39> <CoreInst = "Sel">   --->   Core 73 'Sel' <Latency = 0> <II = 1> <Delay = 0.39> <FuncUnit> <Opcode : 'select'> <InPorts = 3> <OutPorts = 1>
ST_4 : Operation 101 [1/1] (0.00ns)   --->   "%tmp_1 = bitconcatenate i16 @_ssdm_op_BitConcatenate.i16.i8.i8, i8 %p_0_0_0_0_0406889894, i8 %ret_4" [/home/user/Documents/kria-vitis-platforms/kv260/platforms/vivado/kv260_ispMipiRx_vcu_DP/project/kv260_ispMipiRx_vcu_DP.runs/bd_eab1_vsc_0_synth_1/prj/sol/.autopilot/db/v_vscaler.cpp:1184]   --->   Operation 101 'bitconcatenate' 'tmp_1' <Predicate = (cmp391_read & !icmp_ln995_read)> <Delay = 0.00>
ST_4 : Operation 102 [1/1] (0.00ns)   --->   "%zext_ln1184 = zext i16 %tmp_1" [/home/user/Documents/kria-vitis-platforms/kv260/platforms/vivado/kv260_ispMipiRx_vcu_DP/project/kv260_ispMipiRx_vcu_DP.runs/bd_eab1_vsc_0_synth_1/prj/sol/.autopilot/db/v_vscaler.cpp:1184]   --->   Operation 102 'zext' 'zext_ln1184' <Predicate = (cmp391_read & !icmp_ln995_read)> <Delay = 0.00>
ST_4 : Operation 103 [1/1] (1.82ns)   --->   "%write_ln1184 = write void @_ssdm_op_Write.ap_fifo.volatile.i24P0A, i24 %SrcYUV422, i24 %zext_ln1184" [/home/user/Documents/kria-vitis-platforms/kv260/platforms/vivado/kv260_ispMipiRx_vcu_DP/project/kv260_ispMipiRx_vcu_DP.runs/bd_eab1_vsc_0_synth_1/prj/sol/.autopilot/db/v_vscaler.cpp:1184]   --->   Operation 103 'write' 'write_ln1184' <Predicate = (cmp391_read & !icmp_ln995_read)> <Delay = 1.82> <CoreInst = "FIFO_SRL">   --->   Core 81 'FIFO_SRL' <Latency = 0> <II = 1> <Delay = 2.04> <Storage> <Opcode : 'read' 'write' 'nbread' 'nbwrite'> <Ports = 0> <Width = 24> <Depth = 16> <FIFO>
ST_4 : Operation 104 [1/1] (0.00ns)   --->   "%br_ln0 = br void %if.end400"   --->   Operation 104 'br' 'br_ln0' <Predicate = (cmp391_read & !icmp_ln995_read)> <Delay = 0.00>


============================================================
+ Verbose Summary: Timing violations
============================================================
Target clock period: 5ns, clock uncertainty: 1.35ns.

 <State 1>: 1.37ns
The critical path consists of the following:
	'alloca' operation ('col') [23]  (0 ns)
	'load' operation ('x', /home/user/Documents/kria-vitis-platforms/kv260/platforms/vivado/kv260_ispMipiRx_vcu_DP/project/kv260_ispMipiRx_vcu_DP.runs/bd_eab1_vsc_0_synth_1/prj/sol/.autopilot/db/v_vscaler.cpp:1012) on local variable 'col' [39]  (0 ns)
	'add' operation ('add_ln1012', /home/user/Documents/kria-vitis-platforms/kv260/platforms/vivado/kv260_ispMipiRx_vcu_DP/project/kv260_ispMipiRx_vcu_DP.runs/bd_eab1_vsc_0_synth_1/prj/sol/.autopilot/db/v_vscaler.cpp:1012) [43]  (0.798 ns)
	'store' operation ('store_ln1012', /home/user/Documents/kria-vitis-platforms/kv260/platforms/vivado/kv260_ispMipiRx_vcu_DP/project/kv260_ispMipiRx_vcu_DP.runs/bd_eab1_vsc_0_synth_1/prj/sol/.autopilot/db/v_vscaler.cpp:1012) of variable 'add_ln1012', /home/user/Documents/kria-vitis-platforms/kv260/platforms/vivado/kv260_ispMipiRx_vcu_DP/project/kv260_ispMipiRx_vcu_DP.runs/bd_eab1_vsc_0_synth_1/prj/sol/.autopilot/db/v_vscaler.cpp:1012 on local variable 'col' [128]  (0.427 ns)
	blocking operation 0.146 ns on control path)

 <State 2>: 1.83ns
The critical path consists of the following:
	fifo read operation ('SrcYUV_read', /home/user/Documents/kria-vitis-platforms/kv260/platforms/vivado/kv260_ispMipiRx_vcu_DP/project/kv260_ispMipiRx_vcu_DP.runs/bd_eab1_vsc_0_synth_1/prj/sol/.autopilot/db/v_vscaler.cpp:1022) on port 'SrcYUV' (/home/user/Documents/kria-vitis-platforms/kv260/platforms/vivado/kv260_ispMipiRx_vcu_DP/project/kv260_ispMipiRx_vcu_DP.runs/bd_eab1_vsc_0_synth_1/prj/sol/.autopilot/db/v_vscaler.cpp:1022) [50]  (1.83 ns)

 <State 3>: 3.29ns
The critical path consists of the following:
	'load' operation ('LineBufVal.V', /home/user/Documents/kria-vitis-platforms/kv260/platforms/vivado/kv260_ispMipiRx_vcu_DP/project/kv260_ispMipiRx_vcu_DP.runs/bd_eab1_vsc_0_synth_1/prj/sol/.autopilot/db/v_vscaler.cpp:1074) on array 'linebuf_c_val_V' [71]  (1.24 ns)
	multiplexor before 'phi' operation ('InCPix.V') with incoming values : ('InCPix.V') ('LineBufVal.V', /home/user/Documents/kria-vitis-platforms/kv260/platforms/vivado/kv260_ispMipiRx_vcu_DP/project/kv260_ispMipiRx_vcu_DP.runs/bd_eab1_vsc_0_synth_1/prj/sol/.autopilot/db/v_vscaler.cpp:1074) [82]  (0.427 ns)
	'phi' operation ('InCPix.V') with incoming values : ('InCPix.V') ('LineBufVal.V', /home/user/Documents/kria-vitis-platforms/kv260/platforms/vivado/kv260_ispMipiRx_vcu_DP/project/kv260_ispMipiRx_vcu_DP.runs/bd_eab1_vsc_0_synth_1/prj/sol/.autopilot/db/v_vscaler.cpp:1074) [82]  (0 ns)
	'select' operation ('PixBufVal.val.V', /home/user/Documents/kria-vitis-platforms/kv260/platforms/vivado/kv260_ispMipiRx_vcu_DP/project/kv260_ispMipiRx_vcu_DP.runs/bd_eab1_vsc_0_synth_1/prj/sol/.autopilot/db/v_vscaler.cpp:1112) [83]  (0.393 ns)
	'store' operation ('store_ln1121', /home/user/Documents/kria-vitis-platforms/kv260/platforms/vivado/kv260_ispMipiRx_vcu_DP/project/kv260_ispMipiRx_vcu_DP.runs/bd_eab1_vsc_0_synth_1/prj/sol/.autopilot/db/v_vscaler.cpp:1121) of variable 'PixBufVal.val.V', /home/user/Documents/kria-vitis-platforms/kv260/platforms/vivado/kv260_ispMipiRx_vcu_DP/project/kv260_ispMipiRx_vcu_DP.runs/bd_eab1_vsc_0_synth_1/prj/sol/.autopilot/db/v_vscaler.cpp:1112 on array 'linebuf_c_val_V_1' [84]  (1.24 ns)

 <State 4>: 3.46ns
The critical path consists of the following:
	'load' operation ('LineBufVal.V', /home/user/Documents/kria-vitis-platforms/kv260/platforms/vivado/kv260_ispMipiRx_vcu_DP/project/kv260_ispMipiRx_vcu_DP.runs/bd_eab1_vsc_0_synth_1/prj/sol/.autopilot/db/v_vscaler.cpp:1036) on array 'linebuf_y_val_V_1' [66]  (1.24 ns)
	'select' operation ('ret', /home/user/Documents/kria-vitis-platforms/kv260/platforms/vivado/kv260_ispMipiRx_vcu_DP/project/kv260_ispMipiRx_vcu_DP.runs/bd_eab1_vsc_0_synth_1/prj/sol/.autopilot/db/v_vscaler.cpp:1036) [109]  (0.393 ns)
	fifo write operation ('write_ln1184', /home/user/Documents/kria-vitis-platforms/kv260/platforms/vivado/kv260_ispMipiRx_vcu_DP/project/kv260_ispMipiRx_vcu_DP.runs/bd_eab1_vsc_0_synth_1/prj/sol/.autopilot/db/v_vscaler.cpp:1184) on port 'SrcYUV422' (/home/user/Documents/kria-vitis-platforms/kv260/platforms/vivado/kv260_ispMipiRx_vcu_DP/project/kv260_ispMipiRx_vcu_DP.runs/bd_eab1_vsc_0_synth_1/prj/sol/.autopilot/db/v_vscaler.cpp:1184) [116]  (1.83 ns)


============================================================
+ Verbose Summary: Binding
============================================================
N/A
* FSMD analyzer results:
  - Output states:
 - Input state : 
  - Chain level:
	State 1
	State 2
	State 3
	State 4


============================================================
+ Verbose Summary: Datapath Resource usage 
============================================================
N/A
