Copyright 1986-2022 Xilinx, Inc. All Rights Reserved.
-------------------------------------------------------------------------------------------------------------
| Tool Version : Vivado v.2022.2 (win64) Build 3671981 Fri Oct 14 05:00:03 MDT 2022
| Date         : Fri Dec  5 18:14:54 2025
| Host         : DESKTOP-S4UD1KI running 64-bit major release  (build 9200)
| Command      : report_utilization -file top_level_utilization_synth.rpt -pb top_level_utilization_synth.pb
| Design       : top_level
| Device       : xck26-sfvc784-2LV-c
| Speed File   : -2LV
| Design State : Synthesized
-------------------------------------------------------------------------------------------------------------

Utilization Design Information

Table of Contents
-----------------
1. CLB Logic
1.1 Summary of Registers by Type
2. BLOCKRAM
3. ARITHMETIC
4. I/O
5. CLOCK
6. ADVANCED
7. CONFIGURATION
8. Primitives
9. Black Boxes
10. Instantiated Netlists

1. CLB Logic
------------

+----------------------------+--------+-------+------------+-----------+-------+
|          Site Type         |  Used  | Fixed | Prohibited | Available | Util% |
+----------------------------+--------+-------+------------+-----------+-------+
| CLB LUTs*                  |  51649 |     0 |          0 |    117120 | 44.10 |
|   LUT as Logic             |  44003 |     0 |          0 |    117120 | 37.57 |
|   LUT as Memory            |   7646 |     0 |          0 |     57600 | 13.27 |
|     LUT as Distributed RAM |   3260 |     0 |            |           |       |
|     LUT as Shift Register  |   4386 |     0 |            |           |       |
| CLB Registers              | 100888 |     0 |          0 |    234240 | 43.07 |
|   Register as Flip Flop    | 100888 |     0 |          0 |    234240 | 43.07 |
|   Register as Latch        |      0 |     0 |          0 |    234240 |  0.00 |
| CARRY8                     |   1268 |     0 |          0 |     14640 |  8.66 |
| F7 Muxes                   |   2316 |     0 |          0 |     58560 |  3.95 |
| F8 Muxes                   |     13 |     0 |          0 |     29280 |  0.04 |
| F9 Muxes                   |      0 |     0 |          0 |     14640 |  0.00 |
+----------------------------+--------+-------+------------+-----------+-------+
* Warning! The Final LUT count, after physical optimizations and full implementation, is typically lower. Run opt_design after synthesis, if not already completed, for a more realistic count.
Warning! LUT value is adjusted to account for LUT combining.


1.1 Summary of Registers by Type
--------------------------------

+-------+--------------+-------------+--------------+
| Total | Clock Enable | Synchronous | Asynchronous |
+-------+--------------+-------------+--------------+
| 0     |            _ |           - |            - |
| 0     |            _ |           - |          Set |
| 0     |            _ |           - |        Reset |
| 0     |            _ |         Set |            - |
| 0     |            _ |       Reset |            - |
| 0     |          Yes |           - |            - |
| 341   |          Yes |           - |          Set |
| 370   |          Yes |           - |        Reset |
| 633   |          Yes |         Set |            - |
| 99544 |          Yes |       Reset |            - |
+-------+--------------+-------------+--------------+


2. BLOCKRAM
-----------

+-------------------+-------+-------+------------+-----------+-------+
|     Site Type     |  Used | Fixed | Prohibited | Available | Util% |
+-------------------+-------+-------+------------+-----------+-------+
| Block RAM Tile    | 137.5 |     0 |          0 |       144 | 95.49 |
|   RAMB36/FIFO*    |   128 |     0 |          0 |       144 | 88.89 |
|     RAMB36E2 only |   128 |       |            |           |       |
|   RAMB18          |    19 |     0 |          0 |       288 |  6.60 |
|     RAMB18E2 only |    19 |       |            |           |       |
| URAM              |    32 |     0 |          0 |        64 | 50.00 |
+-------------------+-------+-------+------------+-----------+-------+
* Note: Each Block RAM Tile only has one FIFO logic available and therefore can accommodate only one FIFO36E2 or one FIFO18E2. However, if a FIFO18E2 occupies a Block RAM Tile, that tile can still accommodate a RAMB18E2


3. ARITHMETIC
-------------

+----------------+------+-------+------------+-----------+-------+
|    Site Type   | Used | Fixed | Prohibited | Available | Util% |
+----------------+------+-------+------------+-----------+-------+
| DSPs           |  678 |     0 |          0 |      1248 | 54.33 |
|   DSP48E2 only |  678 |       |            |           |       |
+----------------+------+-------+------------+-----------+-------+


4. I/O
------

+------------+------+-------+------------+-----------+-------+
|  Site Type | Used | Fixed | Prohibited | Available | Util% |
+------------+------+-------+------------+-----------+-------+
| Bonded IOB |    0 |     0 |          0 |       189 |  0.00 |
+------------+------+-------+------------+-----------+-------+


5. CLOCK
--------

+----------------------+------+-------+------------+-----------+-------+
|       Site Type      | Used | Fixed | Prohibited | Available | Util% |
+----------------------+------+-------+------------+-----------+-------+
| GLOBAL CLOCK BUFFERs |    4 |     0 |          0 |       352 |  1.14 |
|   BUFGCE             |    0 |     0 |          0 |       112 |  0.00 |
|   BUFGCE_DIV         |    2 |     0 |          0 |        16 | 12.50 |
|   BUFG_GT            |    0 |     0 |          0 |        96 |  0.00 |
|   BUFG_PS            |    2 |     0 |          0 |        96 |  2.08 |
|   BUFGCTRL*          |    0 |     0 |          0 |        32 |  0.00 |
| PLL                  |    1 |     0 |          0 |         8 | 12.50 |
| MMCM                 |    0 |     0 |          0 |         4 |  0.00 |
+----------------------+------+-------+------------+-----------+-------+
* Note: Each used BUFGCTRL counts as two GLOBAL CLOCK BUFFERs. This table does not include global clocking resources, only buffer cell usage. See the Clock Utilization Report (report_clock_utilization) for detailed accounting of global clocking resource availability.


6. ADVANCED
-----------

+-----------------+------+-------+------------+-----------+--------+
|    Site Type    | Used | Fixed | Prohibited | Available |  Util% |
+-----------------+------+-------+------------+-----------+--------+
| GTHE4_CHANNEL   |    0 |     0 |          0 |         4 |   0.00 |
| GTHE4_COMMON    |    0 |     0 |          0 |         1 |   0.00 |
| OBUFDS_GTE4     |    0 |     0 |          0 |         2 |   0.00 |
| OBUFDS_GTE4_ADV |    0 |     0 |          0 |         2 |   0.00 |
| PCIE40E4        |    0 |     0 |          0 |         2 |   0.00 |
| PS8             |    1 |     0 |          0 |         1 | 100.00 |
| SYSMONE4        |    0 |     0 |          0 |         1 |   0.00 |
| VCU             |    0 |     0 |          0 |         1 |   0.00 |
+-----------------+------+-------+------------+-----------+--------+


7. CONFIGURATION
----------------

+-------------+------+-------+------------+-----------+-------+
|  Site Type  | Used | Fixed | Prohibited | Available | Util% |
+-------------+------+-------+------------+-----------+-------+
| BSCANE2     |    0 |     0 |          0 |         4 |  0.00 |
| DNA_PORTE2  |    0 |     0 |          0 |         1 |  0.00 |
| EFUSE_USR   |    0 |     0 |          0 |         1 |  0.00 |
| FRAME_ECCE4 |    0 |     0 |          0 |         1 |  0.00 |
| ICAPE3      |    0 |     0 |          0 |         2 |  0.00 |
| MASTER_JTAG |    0 |     0 |          0 |         1 |  0.00 |
| STARTUPE3   |    0 |     0 |          0 |         1 |  0.00 |
+-------------+------+-------+------------+-----------+-------+


8. Primitives
-------------

+------------+-------+---------------------+
|  Ref Name  |  Used | Functional Category |
+------------+-------+---------------------+
| FDRE       | 99544 |            Register |
| LUT3       | 19890 |                 CLB |
| LUT6       | 19799 |                 CLB |
| SRL16E     |  8036 |                 CLB |
| LUT4       |  7771 |                 CLB |
| LUT5       |  4282 |                 CLB |
| LUT2       |  4175 |                 CLB |
| MUXF7      |  2316 |                 CLB |
| RAMD32     |  2284 |                 CLB |
| RAMD64E    |  1944 |                 CLB |
| LUT1       |  1293 |                 CLB |
| CARRY8     |  1268 |                 CLB |
| DSP48E2    |   678 |          Arithmetic |
| FDSE       |   633 |            Register |
| FDCE       |   370 |            Register |
| FDPE       |   341 |            Register |
| RAMS32     |   336 |                 CLB |
| RAMB36E2   |   128 |            BLOCKRAM |
| SRLC32E    |   102 |                 CLB |
| URAM288    |    32 |            BLOCKRAM |
| RAMB18E2   |    19 |            BLOCKRAM |
| MUXF8      |    13 |                 CLB |
| BUFG_PS    |     2 |               Clock |
| BUFGCE_DIV |     2 |               Clock |
| PS8        |     1 |            Advanced |
| PLLE4_ADV  |     1 |               Clock |
+------------+-------+---------------------+


9. Black Boxes
--------------

+----------+------+
| Ref Name | Used |
+----------+------+


10. Instantiated Netlists
-------------------------

+----------+------+
| Ref Name | Used |
+----------+------+


