
*** Running vivado
    with args -log axi_lite_led_simu_wrapper.vds -m64 -product Vivado -mode batch -messageDb vivado.pb -notrace -source axi_lite_led_simu_wrapper.tcl


****** Vivado v2022.2 (64-bit)
  **** SW Build 3671981 on Fri Oct 14 04:59:54 MDT 2022
  **** IP Build 3669848 on Fri Oct 14 08:30:02 MDT 2022
    ** Copyright 1986-2022 Xilinx, Inc. All Rights Reserved.

source axi_lite_led_simu_wrapper.tcl -notrace
INFO: [IP_Flow 19-234] Refreshing IP repositories
INFO: [IP_Flow 19-1700] Loaded user IP repository '/home/aspera/Projet_led'.
WARNING: [IP_Flow 19-3656] If you move the project, the path for repository '/home/aspera/Projet_led' may become invalid. A better location for the repository would be in a path adjacent to the project. (Current project location is '/home/aspera/Projet_led/Projet_led.runs/synth_1'.)
INFO: [IP_Flow 19-1700] Loaded user IP repository '/home/aspera/ip_repo/axi_lite_led_1_0'.
INFO: [IP_Flow 19-2313] Loaded Vivado IP repository '/tools/Xilinx/Vivado/2022.2/data/ip'.
Command: read_checkpoint -auto_incremental -incremental /home/aspera/Projet_led/Projet_led.srcs/utils_1/imports/synth_1/axi_lite_led_simu_wrapper.dcp
INFO: [Vivado 12-5825] Read reference checkpoint from /home/aspera/Projet_led/Projet_led.srcs/utils_1/imports/synth_1/axi_lite_led_simu_wrapper.dcp for incremental synthesis
INFO: [Vivado 12-7989] Please ensure there are no constraint changes
Command: synth_design -top axi_lite_led_simu_wrapper -part xck26-sfvc784-2LV-c
Starting synth_design
Attempting to get a license for feature 'Synthesis' and/or device 'xck26'
INFO: [Common 17-349] Got license for feature 'Synthesis' and/or device 'xck26'
INFO: [Device 21-403] Loading part xck26-sfvc784-2LV-c
WARNING: [Device 21-9] Clock region file  is not available
INFO: [Designutils 20-5440] No compile time benefit to using incremental synthesis; A full resynthesis will be run
INFO: [Designutils 20-4379] Flow is switching to default flow due to incremental criteria not met. If you would like to alter this behaviour and have the flow terminate instead, please set the following parameter config_implementation {autoIncr.Synth.RejectBehavior Terminate}
INFO: [Synth 8-7079] Multithreading enabled for synth_design using a maximum of 4 processes.
INFO: [Synth 8-7078] Launching helper process for spawning children vivado processes
INFO: [Synth 8-7075] Helper process launched with PID 13132
INFO: [Synth 8-11241] undeclared symbol 'REGCCE', assumed default net type 'wire' [/tools/Xilinx/Vivado/2022.2/data/verilog/src/unimacro/BRAM_SINGLE_MACRO.v:2170]
---------------------------------------------------------------------------------
Starting RTL Elaboration : Time (s): cpu = 00:00:02 ; elapsed = 00:00:03 . Memory (MB): peak = 2426.949 ; gain = 233.832 ; free physical = 7437 ; free virtual = 12467
Synthesis current peak Physical Memory [PSS] (MB): peak = 1863.369; parent = 1655.006; children = 208.363
Synthesis current peak Virtual Memory [VSS] (MB): peak = 3427.691; parent = 2426.953; children = 1000.738
---------------------------------------------------------------------------------
INFO: [Synth 8-638] synthesizing module 'axi_lite_led_simu_wrapper' [/home/aspera/Projet_led/Projet_led.gen/sources_1/bd/axi_lite_led_simu/hdl/axi_lite_led_simu_wrapper.vhd:41]
INFO: [Synth 8-3491] module 'axi_lite_led_simu' declared at '/home/aspera/Projet_led/Projet_led.gen/sources_1/bd/axi_lite_led_simu/synth/axi_lite_led_simu.vhd:14' bound to instance 'axi_lite_led_simu_i' of component 'axi_lite_led_simu' [/home/aspera/Projet_led/Projet_led.gen/sources_1/bd/axi_lite_led_simu/hdl/axi_lite_led_simu_wrapper.vhd:87]
INFO: [Synth 8-638] synthesizing module 'axi_lite_led_simu' [/home/aspera/Projet_led/Projet_led.gen/sources_1/bd/axi_lite_led_simu/synth/axi_lite_led_simu.vhd:46]
INFO: [Synth 8-3491] module 'axi_lite_led_simu_axi_lite_led_0_0' declared at '/home/aspera/Projet_led/Projet_led.runs/synth_1/.Xil/Vivado-13099-Petalinux/realtime/axi_lite_led_simu_axi_lite_led_0_0_stub.vhdl:5' bound to instance 'axi_lite_led_0' of component 'axi_lite_led_simu_axi_lite_led_0_0' [/home/aspera/Projet_led/Projet_led.gen/sources_1/bd/axi_lite_led_simu/synth/axi_lite_led_simu.vhd:147]
INFO: [Synth 8-638] synthesizing module 'axi_lite_led_simu_axi_lite_led_0_0' [/home/aspera/Projet_led/Projet_led.runs/synth_1/.Xil/Vivado-13099-Petalinux/realtime/axi_lite_led_simu_axi_lite_led_0_0_stub.vhdl:34]
INFO: [Synth 8-256] done synthesizing module 'axi_lite_led_simu' (0#1) [/home/aspera/Projet_led/Projet_led.gen/sources_1/bd/axi_lite_led_simu/synth/axi_lite_led_simu.vhd:46]
	Parameter CLK_FREQ bound to: 100000000 - type: integer 
INFO: [Synth 8-3491] module 'bloc_led' declared at '/home/aspera/Projet_led/Projet_led.srcs/sources_1/bloc_led.vhd:6' bound to instance 'led' of component 'bloc_led' [/home/aspera/Projet_led/Projet_led.gen/sources_1/bd/axi_lite_led_simu/hdl/axi_lite_led_simu_wrapper.vhd:114]
INFO: [Synth 8-638] synthesizing module 'bloc_led' [/home/aspera/Projet_led/Projet_led.srcs/sources_1/bloc_led.vhd:16]
	Parameter CLK_FREQ bound to: 100000000 - type: integer 
INFO: [Synth 8-256] done synthesizing module 'bloc_led' (0#1) [/home/aspera/Projet_led/Projet_led.srcs/sources_1/bloc_led.vhd:16]
INFO: [Synth 8-256] done synthesizing module 'axi_lite_led_simu_wrapper' (0#1) [/home/aspera/Projet_led/Projet_led.gen/sources_1/bd/axi_lite_led_simu/hdl/axi_lite_led_simu_wrapper.vhd:41]
---------------------------------------------------------------------------------
Finished RTL Elaboration : Time (s): cpu = 00:00:03 ; elapsed = 00:00:05 . Memory (MB): peak = 2494.918 ; gain = 301.801 ; free physical = 7514 ; free virtual = 12544
Synthesis current peak Physical Memory [PSS] (MB): peak = 1863.369; parent = 1655.006; children = 208.363
Synthesis current peak Virtual Memory [VSS] (MB): peak = 3495.660; parent = 2494.922; children = 1000.738
---------------------------------------------------------------------------------
---------------------------------------------------------------------------------
Start Handling Custom Attributes
---------------------------------------------------------------------------------
---------------------------------------------------------------------------------
Finished Handling Custom Attributes : Time (s): cpu = 00:00:03 ; elapsed = 00:00:05 . Memory (MB): peak = 2512.730 ; gain = 319.613 ; free physical = 7514 ; free virtual = 12545
Synthesis current peak Physical Memory [PSS] (MB): peak = 1863.369; parent = 1655.006; children = 208.363
Synthesis current peak Virtual Memory [VSS] (MB): peak = 3513.473; parent = 2512.734; children = 1000.738
---------------------------------------------------------------------------------
---------------------------------------------------------------------------------
Finished RTL Optimization Phase 1 : Time (s): cpu = 00:00:03 ; elapsed = 00:00:05 . Memory (MB): peak = 2512.730 ; gain = 319.613 ; free physical = 7514 ; free virtual = 12545
Synthesis current peak Physical Memory [PSS] (MB): peak = 1863.369; parent = 1655.006; children = 208.363
Synthesis current peak Virtual Memory [VSS] (MB): peak = 3513.473; parent = 2512.734; children = 1000.738
---------------------------------------------------------------------------------
Netlist sorting complete. Time (s): cpu = 00:00:00 ; elapsed = 00:00:00 . Memory (MB): peak = 2512.730 ; gain = 0.000 ; free physical = 7514 ; free virtual = 12545
INFO: [Project 1-570] Preparing netlist for logic optimization

Processing XDC Constraints
Initializing timing engine
Parsing XDC File [/home/aspera/Documents/KV260_2/KV260_DPU_HW-vivado_2022.2/prj/Vivado/hw/prj/KR260.tmp/axi_lite_led_simu_wrapper_v1_0_project/axi_lite_led_simu_wrapper_v1_0_project.gen/sources_1/ip/axi_lite_led_simu_axi_lite_led_0_0/axi_lite_led_simu_axi_lite_led_0_0/axi_lite_led_simu_axi_lite_led_0_0_in_context.xdc] for cell 'axi_lite_led_simu_i/axi_lite_led_0'
Finished Parsing XDC File [/home/aspera/Documents/KV260_2/KV260_DPU_HW-vivado_2022.2/prj/Vivado/hw/prj/KR260.tmp/axi_lite_led_simu_wrapper_v1_0_project/axi_lite_led_simu_wrapper_v1_0_project.gen/sources_1/ip/axi_lite_led_simu_axi_lite_led_0_0/axi_lite_led_simu_axi_lite_led_0_0/axi_lite_led_simu_axi_lite_led_0_0_in_context.xdc] for cell 'axi_lite_led_simu_i/axi_lite_led_0'
Parsing XDC File [/home/aspera/Projet_led/Projet_led.runs/synth_1/dont_touch.xdc]
Finished Parsing XDC File [/home/aspera/Projet_led/Projet_led.runs/synth_1/dont_touch.xdc]
Completed Processing XDC Constraints

Netlist sorting complete. Time (s): cpu = 00:00:00 ; elapsed = 00:00:00 . Memory (MB): peak = 2611.652 ; gain = 0.000 ; free physical = 7466 ; free virtual = 12496
INFO: [Project 1-111] Unisim Transformation Summary:
No Unisim elements were transformed.

Constraint Validation Runtime : Time (s): cpu = 00:00:00.01 ; elapsed = 00:00:00 . Memory (MB): peak = 2611.652 ; gain = 0.000 ; free physical = 7466 ; free virtual = 12496
INFO: [Designutils 20-5440] No compile time benefit to using incremental synthesis; A full resynthesis will be run
INFO: [Designutils 20-4379] Flow is switching to default flow due to incremental criteria not met. If you would like to alter this behaviour and have the flow terminate instead, please set the following parameter config_implementation {autoIncr.Synth.RejectBehavior Terminate}
INFO: [Synth 8-11241] undeclared symbol 'REGCCE', assumed default net type 'wire' [/tools/Xilinx/Vivado/2022.2/data/verilog/src/unimacro/BRAM_SINGLE_MACRO.v:2170]
---------------------------------------------------------------------------------
Finished Constraint Validation : Time (s): cpu = 00:00:09 ; elapsed = 00:00:11 . Memory (MB): peak = 2611.652 ; gain = 418.535 ; free physical = 7512 ; free virtual = 12543
Synthesis current peak Physical Memory [PSS] (MB): peak = 1890.850; parent = 1682.939; children = 208.363
Synthesis current peak Virtual Memory [VSS] (MB): peak = 3612.395; parent = 2611.656; children = 1000.738
---------------------------------------------------------------------------------
---------------------------------------------------------------------------------
Start Loading Part and Timing Information
---------------------------------------------------------------------------------
Loading part: xck26-sfvc784-2LV-c
INFO: [Synth 8-6742] Reading net delay rules and data
---------------------------------------------------------------------------------
Finished Loading Part and Timing Information : Time (s): cpu = 00:00:09 ; elapsed = 00:00:11 . Memory (MB): peak = 2611.652 ; gain = 418.535 ; free physical = 7511 ; free virtual = 12542
Synthesis current peak Physical Memory [PSS] (MB): peak = 1890.850; parent = 1682.939; children = 208.363
Synthesis current peak Virtual Memory [VSS] (MB): peak = 3612.395; parent = 2611.656; children = 1000.738
---------------------------------------------------------------------------------
---------------------------------------------------------------------------------
Start Applying 'set_property' XDC Constraints
---------------------------------------------------------------------------------
Applied set_property KEEP_HIERARCHY = SOFT for axi_lite_led_simu_i. (constraint file  auto generated constraint).
Applied set_property KEEP_HIERARCHY = SOFT for axi_lite_led_simu_i/axi_lite_led_0. (constraint file  auto generated constraint).
---------------------------------------------------------------------------------
Finished applying 'set_property' XDC Constraints : Time (s): cpu = 00:00:09 ; elapsed = 00:00:11 . Memory (MB): peak = 2611.652 ; gain = 418.535 ; free physical = 7511 ; free virtual = 12542
Synthesis current peak Physical Memory [PSS] (MB): peak = 1890.850; parent = 1682.939; children = 208.363
Synthesis current peak Virtual Memory [VSS] (MB): peak = 3612.395; parent = 2611.656; children = 1000.738
---------------------------------------------------------------------------------
---------------------------------------------------------------------------------
Finished RTL Optimization Phase 2 : Time (s): cpu = 00:00:09 ; elapsed = 00:00:12 . Memory (MB): peak = 2611.652 ; gain = 418.535 ; free physical = 7496 ; free virtual = 12528
Synthesis current peak Physical Memory [PSS] (MB): peak = 1890.850; parent = 1682.939; children = 208.363
Synthesis current peak Virtual Memory [VSS] (MB): peak = 3612.395; parent = 2611.656; children = 1000.738
---------------------------------------------------------------------------------
---------------------------------------------------------------------------------
Start RTL Component Statistics 
---------------------------------------------------------------------------------
Detailed RTL Component Info : 
+---Adders : 
	   2 Input   32 Bit       Adders := 1     
+---Registers : 
	               32 Bit    Registers := 2     
	                1 Bit    Registers := 2     
+---Muxes : 
	   2 Input    1 Bit        Muxes := 3     
---------------------------------------------------------------------------------
Finished RTL Component Statistics 
---------------------------------------------------------------------------------
---------------------------------------------------------------------------------
Start Part Resource Summary
---------------------------------------------------------------------------------
Part Resources:
DSPs: 1248 (col length:96)
BRAMs: 288 (col length: RAMB18 96 RAMB36 48)
---------------------------------------------------------------------------------
Finished Part Resource Summary
---------------------------------------------------------------------------------
---------------------------------------------------------------------------------
Start Cross Boundary and Area Optimization
---------------------------------------------------------------------------------
WARNING: [Synth 8-7080] Parallel synthesis criteria is not met
---------------------------------------------------------------------------------
Finished Cross Boundary and Area Optimization : Time (s): cpu = 00:00:11 ; elapsed = 00:00:13 . Memory (MB): peak = 2611.652 ; gain = 418.535 ; free physical = 7484 ; free virtual = 12520
Synthesis current peak Physical Memory [PSS] (MB): peak = 1890.850; parent = 1682.939; children = 208.363
Synthesis current peak Virtual Memory [VSS] (MB): peak = 3612.395; parent = 2611.656; children = 1000.738
---------------------------------------------------------------------------------
---------------------------------------------------------------------------------
Start Applying XDC Timing Constraints
---------------------------------------------------------------------------------
---------------------------------------------------------------------------------
Finished Applying XDC Timing Constraints : Time (s): cpu = 00:00:11 ; elapsed = 00:00:13 . Memory (MB): peak = 2611.652 ; gain = 418.535 ; free physical = 7484 ; free virtual = 12520
Synthesis current peak Physical Memory [PSS] (MB): peak = 1890.850; parent = 1682.939; children = 208.363
Synthesis current peak Virtual Memory [VSS] (MB): peak = 3612.395; parent = 2611.656; children = 1000.738
---------------------------------------------------------------------------------
---------------------------------------------------------------------------------
Start Timing Optimization
---------------------------------------------------------------------------------
---------------------------------------------------------------------------------
Finished Timing Optimization : Time (s): cpu = 00:00:11 ; elapsed = 00:00:13 . Memory (MB): peak = 2611.652 ; gain = 418.535 ; free physical = 7484 ; free virtual = 12520
Synthesis current peak Physical Memory [PSS] (MB): peak = 1890.850; parent = 1682.939; children = 208.363
Synthesis current peak Virtual Memory [VSS] (MB): peak = 3612.395; parent = 2611.656; children = 1000.738
---------------------------------------------------------------------------------
---------------------------------------------------------------------------------
Start Technology Mapping
---------------------------------------------------------------------------------
---------------------------------------------------------------------------------
Finished Technology Mapping : Time (s): cpu = 00:00:11 ; elapsed = 00:00:13 . Memory (MB): peak = 2611.652 ; gain = 418.535 ; free physical = 7477 ; free virtual = 12513
Synthesis current peak Physical Memory [PSS] (MB): peak = 1890.850; parent = 1682.939; children = 208.363
Synthesis current peak Virtual Memory [VSS] (MB): peak = 3612.395; parent = 2611.656; children = 1000.738
---------------------------------------------------------------------------------
---------------------------------------------------------------------------------
Start IO Insertion
---------------------------------------------------------------------------------
---------------------------------------------------------------------------------
Start Flattening Before IO Insertion
---------------------------------------------------------------------------------
---------------------------------------------------------------------------------
Finished Flattening Before IO Insertion
---------------------------------------------------------------------------------
---------------------------------------------------------------------------------
Start Final Netlist Cleanup
---------------------------------------------------------------------------------
---------------------------------------------------------------------------------
Finished Final Netlist Cleanup
---------------------------------------------------------------------------------
---------------------------------------------------------------------------------
Finished IO Insertion : Time (s): cpu = 00:00:16 ; elapsed = 00:00:17 . Memory (MB): peak = 2611.652 ; gain = 418.535 ; free physical = 7477 ; free virtual = 12513
Synthesis current peak Physical Memory [PSS] (MB): peak = 1890.850; parent = 1682.939; children = 208.363
Synthesis current peak Virtual Memory [VSS] (MB): peak = 3612.395; parent = 2611.656; children = 1000.738
---------------------------------------------------------------------------------
---------------------------------------------------------------------------------
Start Renaming Generated Instances
---------------------------------------------------------------------------------
---------------------------------------------------------------------------------
Finished Renaming Generated Instances : Time (s): cpu = 00:00:16 ; elapsed = 00:00:18 . Memory (MB): peak = 2611.652 ; gain = 418.535 ; free physical = 7477 ; free virtual = 12513
Synthesis current peak Physical Memory [PSS] (MB): peak = 1890.850; parent = 1682.939; children = 208.363
Synthesis current peak Virtual Memory [VSS] (MB): peak = 3612.395; parent = 2611.656; children = 1000.738
---------------------------------------------------------------------------------
---------------------------------------------------------------------------------
Start Rebuilding User Hierarchy
---------------------------------------------------------------------------------
---------------------------------------------------------------------------------
Finished Rebuilding User Hierarchy : Time (s): cpu = 00:00:16 ; elapsed = 00:00:18 . Memory (MB): peak = 2611.652 ; gain = 418.535 ; free physical = 7477 ; free virtual = 12512
Synthesis current peak Physical Memory [PSS] (MB): peak = 1890.850; parent = 1682.939; children = 208.363
Synthesis current peak Virtual Memory [VSS] (MB): peak = 3612.395; parent = 2611.656; children = 1000.738
---------------------------------------------------------------------------------
---------------------------------------------------------------------------------
Start Renaming Generated Ports
---------------------------------------------------------------------------------
---------------------------------------------------------------------------------
Finished Renaming Generated Ports : Time (s): cpu = 00:00:16 ; elapsed = 00:00:18 . Memory (MB): peak = 2611.652 ; gain = 418.535 ; free physical = 7476 ; free virtual = 12512
Synthesis current peak Physical Memory [PSS] (MB): peak = 1890.850; parent = 1682.939; children = 208.363
Synthesis current peak Virtual Memory [VSS] (MB): peak = 3612.395; parent = 2611.656; children = 1000.738
---------------------------------------------------------------------------------
---------------------------------------------------------------------------------
Start Handling Custom Attributes
---------------------------------------------------------------------------------
---------------------------------------------------------------------------------
Finished Handling Custom Attributes : Time (s): cpu = 00:00:16 ; elapsed = 00:00:18 . Memory (MB): peak = 2611.652 ; gain = 418.535 ; free physical = 7475 ; free virtual = 12510
Synthesis current peak Physical Memory [PSS] (MB): peak = 1890.850; parent = 1682.939; children = 208.363
Synthesis current peak Virtual Memory [VSS] (MB): peak = 3612.395; parent = 2611.656; children = 1000.738
---------------------------------------------------------------------------------
---------------------------------------------------------------------------------
Start Renaming Generated Nets
---------------------------------------------------------------------------------
---------------------------------------------------------------------------------
Finished Renaming Generated Nets : Time (s): cpu = 00:00:16 ; elapsed = 00:00:18 . Memory (MB): peak = 2611.652 ; gain = 418.535 ; free physical = 7475 ; free virtual = 12510
Synthesis current peak Physical Memory [PSS] (MB): peak = 1890.850; parent = 1682.939; children = 208.363
Synthesis current peak Virtual Memory [VSS] (MB): peak = 3612.395; parent = 2611.656; children = 1000.738
---------------------------------------------------------------------------------
---------------------------------------------------------------------------------
Start Writing Synthesis Report
---------------------------------------------------------------------------------

Report BlackBoxes: 
+------+-----------------------------------+----------+
|      |BlackBox name                      |Instances |
+------+-----------------------------------+----------+
|1     |axi_lite_led_simu_axi_lite_led_0_0 |         1|
+------+-----------------------------------+----------+

Report Cell Usage: 
+------+----------------------------------------+------+
|      |Cell                                    |Count |
+------+----------------------------------------+------+
|1     |axi_lite_led_simu_axi_lite_led_0_0_bbox |     1|
|2     |CARRY8                                  |    14|
|3     |LUT1                                    |    65|
|4     |LUT3                                    |     2|
|5     |LUT4                                    |     5|
|6     |LUT5                                    |     6|
|7     |LUT6                                    |    10|
|8     |FDRE                                    |   129|
|9     |IBUF                                    |    57|
|10    |OBUF                                    |    41|
+------+----------------------------------------+------+
---------------------------------------------------------------------------------
Finished Writing Synthesis Report : Time (s): cpu = 00:00:16 ; elapsed = 00:00:18 . Memory (MB): peak = 2611.652 ; gain = 418.535 ; free physical = 7474 ; free virtual = 12510
Synthesis current peak Physical Memory [PSS] (MB): peak = 1890.850; parent = 1682.939; children = 208.363
Synthesis current peak Virtual Memory [VSS] (MB): peak = 3612.395; parent = 2611.656; children = 1000.738
---------------------------------------------------------------------------------
Synthesis finished with 0 errors, 0 critical warnings and 1 warnings.
Synthesis Optimization Runtime : Time (s): cpu = 00:00:15 ; elapsed = 00:00:17 . Memory (MB): peak = 2611.652 ; gain = 319.613 ; free physical = 7492 ; free virtual = 12527
Synthesis Optimization Complete : Time (s): cpu = 00:00:16 ; elapsed = 00:00:18 . Memory (MB): peak = 2611.660 ; gain = 418.535 ; free physical = 7492 ; free virtual = 12527
INFO: [Project 1-571] Translating synthesized netlist
Netlist sorting complete. Time (s): cpu = 00:00:00.01 ; elapsed = 00:00:00 . Memory (MB): peak = 2611.660 ; gain = 0.000 ; free physical = 7583 ; free virtual = 12619
INFO: [Netlist 29-17] Analyzing 71 Unisim elements for replacement
INFO: [Netlist 29-28] Unisim Transformation completed in 0 CPU seconds
INFO: [Project 1-570] Preparing netlist for logic optimization
INFO: [Opt 31-138] Pushed 0 inverter(s) to 0 load pin(s).
Netlist sorting complete. Time (s): cpu = 00:00:00 ; elapsed = 00:00:00 . Memory (MB): peak = 2611.660 ; gain = 0.000 ; free physical = 7538 ; free virtual = 12574
INFO: [Project 1-111] Unisim Transformation Summary:
  A total of 57 instances were transformed.
  IBUF => IBUF (IBUFCTRL, INBUF): 57 instances

Synth Design complete, checksum: a1207521
INFO: [Common 17-83] Releasing license: Synthesis
37 Infos, 3 Warnings, 0 Critical Warnings and 0 Errors encountered.
synth_design completed successfully
synth_design: Time (s): cpu = 00:00:23 ; elapsed = 00:00:24 . Memory (MB): peak = 2611.660 ; gain = 1318.668 ; free physical = 7738 ; free virtual = 12773
INFO: [Common 17-1381] The checkpoint '/home/aspera/Projet_led/Projet_led.runs/synth_1/axi_lite_led_simu_wrapper.dcp' has been generated.
INFO: [runtcl-4] Executing : report_utilization -file axi_lite_led_simu_wrapper_utilization_synth.rpt -pb axi_lite_led_simu_wrapper_utilization_synth.pb
INFO: [Common 17-206] Exiting Vivado at Wed Nov 26 10:51:55 2025...
