

================================================================
== Vitis HLS Report for 'Block_entry1_proc'
================================================================
* Date:           Fri Mar  6 02:17:02 2026

* Version:        2022.2 (Build 3670227 on Oct 13 2022)
* Project:        prj
* Solution:       sol (Vivado IP Flow Target)
* Product family: zynquplus
* Target device:  xck26-sfvc784-2LV-c


================================================================
== Performance Estimates
================================================================
+ Timing: 
    * Summary: 
    +--------+---------+----------+------------+
    |  Clock |  Target | Estimated| Uncertainty|
    +--------+---------+----------+------------+
    |ap_clk  |  5.00 ns|  1.825 ns|     1.35 ns|
    +--------+---------+----------+------------+

+ Latency: 
    * Summary: 
    +---------+---------+----------+----------+-----+-----+---------+
    |  Latency (cycles) |  Latency (absolute) |  Interval | Pipeline|
    |   min   |   max   |    min   |    max   | min | max |   Type  |
    +---------+---------+----------+----------+-----+-----+---------+
    |        0|        0|      0 ns|      0 ns|    0|    0|       no|
    +---------+---------+----------+----------+-----+-----+---------+

    + Detail: 
        * Instance: 
        N/A

        * Loop: 
        N/A



================================================================
== Utilization Estimates
================================================================
* Summary: 
+-----------------+---------+------+--------+--------+-----+
|       Name      | BRAM_18K|  DSP |   FF   |   LUT  | URAM|
+-----------------+---------+------+--------+--------+-----+
|DSP              |        -|     -|       -|       -|    -|
|Expression       |        -|     -|       0|      93|    -|
|FIFO             |        -|     -|       -|       -|    -|
|Instance         |        -|     -|       -|       -|    -|
|Memory           |        -|     -|       -|       -|    -|
|Multiplexer      |        -|     -|       -|      72|    -|
|Register         |        -|     -|       7|       -|    -|
+-----------------+---------+------+--------+--------+-----+
|Total            |        0|     0|       7|     165|    0|
+-----------------+---------+------+--------+--------+-----+
|Available        |      288|  1248|  234240|  117120|   64|
+-----------------+---------+------+--------+--------+-----+
|Utilization (%)  |        0|     0|      ~0|      ~0|    0|
+-----------------+---------+------+--------+--------+-----+

+ Detail: 
    * Instance: 
    N/A

    * DSP: 
    N/A

    * Memory: 
    N/A

    * FIFO: 
    N/A

    * Expression: 
    +-------------------------+----------+----+---+----+------------+------------+
    |      Variable Name      | Operation| DSP| FF| LUT| Bitwidth P0| Bitwidth P1|
    +-------------------------+----------+----+---+----+------------+------------+
    |and_ln110_1_fu_110_p2    |       and|   0|  0|   2|           1|           1|
    |and_ln110_fu_92_p2       |       and|   0|  0|   2|           1|           1|
    |bPassThruHcr1_fu_74_p2   |      icmp|   0|  0|  11|           8|           2|
    |icmp_ln110_1_fu_86_p2    |      icmp|   0|  0|  11|           8|           1|
    |icmp_ln110_2_fu_98_p2    |      icmp|   0|  0|  11|           8|           1|
    |icmp_ln110_3_fu_104_p2   |      icmp|   0|  0|  11|           8|           1|
    |icmp_ln110_fu_80_p2      |      icmp|   0|  0|  11|           8|           1|
    |icmp_ln115_1_fu_134_p2   |      icmp|   0|  0|  11|           8|           2|
    |icmp_ln115_fu_128_p2     |      icmp|   0|  0|  11|           8|           2|
    |ap_block_state1          |        or|   0|  0|   2|           1|           1|
    |or_ln110_fu_116_p2       |        or|   0|  0|   2|           1|           1|
    |or_ln115_fu_140_p2       |        or|   0|  0|   2|           1|           1|
    |bPassThruCsc_fu_122_p2   |       xor|   0|  0|   2|           1|           2|
    |bPassThruHcr2_fu_146_p2  |       xor|   0|  0|   2|           1|           2|
    |bPassThruVcr_fu_152_p2   |       xor|   0|  0|   2|           1|           2|
    +-------------------------+----------+----+---+----+------------+------------+
    |Total                    |          |   0|  0|  93|          64|          21|
    +-------------------------+----------+----+---+----+------------+------------+

    * Multiplexer: 
    +----------------------+----+-----------+-----+-----------+
    |         Name         | LUT| Input Size| Bits| Total Bits|
    +----------------------+----+-----------+-----+-----------+
    |ColorModeOut_c_blk_n  |   9|          2|    1|          2|
    |ColorMode_c_blk_n     |   9|          2|    1|          2|
    |ap_done               |   9|          2|    1|          2|
    |ap_return_0           |   9|          2|    1|          2|
    |ap_return_1           |   9|          2|    1|          2|
    |ap_return_2           |   9|          2|    1|          2|
    |ap_return_3           |   9|          2|    1|          2|
    |real_start            |   9|          2|    1|          2|
    +----------------------+----+-----------+-----+-----------+
    |Total                 |  72|         16|    8|         16|
    +----------------------+----+-----------+-----+-----------+

    * Register: 
    +------------------+---+----+-----+-----------+
    |       Name       | FF| LUT| Bits| Const Bits|
    +------------------+---+----+-----+-----------+
    |ap_CS_fsm         |  1|   0|    1|          0|
    |ap_done_reg       |  1|   0|    1|          0|
    |ap_return_0_preg  |  1|   0|    1|          0|
    |ap_return_1_preg  |  1|   0|    1|          0|
    |ap_return_2_preg  |  1|   0|    1|          0|
    |ap_return_3_preg  |  1|   0|    1|          0|
    |start_once_reg    |  1|   0|    1|          0|
    +------------------+---+----+-----+-----------+
    |Total             |  7|   0|    7|          0|
    +------------------+---+----+-----+-----------+



================================================================
== Interface
================================================================
* Summary: 
+-------------------------------+-----+-----+------------+-------------------+--------------+
|           RTL Ports           | Dir | Bits|  Protocol  |   Source Object   |    C Type    |
+-------------------------------+-----+-----+------------+-------------------+--------------+
|ap_clk                         |   in|    1|  ap_ctrl_hs|  Block_entry1_proc|  return value|
|ap_rst                         |   in|    1|  ap_ctrl_hs|  Block_entry1_proc|  return value|
|ap_start                       |   in|    1|  ap_ctrl_hs|  Block_entry1_proc|  return value|
|start_full_n                   |   in|    1|  ap_ctrl_hs|  Block_entry1_proc|  return value|
|ap_done                        |  out|    1|  ap_ctrl_hs|  Block_entry1_proc|  return value|
|ap_continue                    |   in|    1|  ap_ctrl_hs|  Block_entry1_proc|  return value|
|ap_idle                        |  out|    1|  ap_ctrl_hs|  Block_entry1_proc|  return value|
|ap_ready                       |  out|    1|  ap_ctrl_hs|  Block_entry1_proc|  return value|
|start_out                      |  out|    1|  ap_ctrl_hs|  Block_entry1_proc|  return value|
|start_write                    |  out|    1|  ap_ctrl_hs|  Block_entry1_proc|  return value|
|ap_return_0                    |  out|    1|  ap_ctrl_hs|  Block_entry1_proc|  return value|
|ap_return_1                    |  out|    1|  ap_ctrl_hs|  Block_entry1_proc|  return value|
|ap_return_2                    |  out|    1|  ap_ctrl_hs|  Block_entry1_proc|  return value|
|ap_return_3                    |  out|    1|  ap_ctrl_hs|  Block_entry1_proc|  return value|
|ColorMode                      |   in|    8|     ap_none|          ColorMode|       pointer|
|ColorModeOut                   |   in|    8|     ap_none|       ColorModeOut|       pointer|
|ColorMode_c_din                |  out|    8|     ap_fifo|        ColorMode_c|       pointer|
|ColorMode_c_num_data_valid     |   in|    3|     ap_fifo|        ColorMode_c|       pointer|
|ColorMode_c_fifo_cap           |   in|    3|     ap_fifo|        ColorMode_c|       pointer|
|ColorMode_c_full_n             |   in|    1|     ap_fifo|        ColorMode_c|       pointer|
|ColorMode_c_write              |  out|    1|     ap_fifo|        ColorMode_c|       pointer|
|ColorModeOut_c_din             |  out|    8|     ap_fifo|     ColorModeOut_c|       pointer|
|ColorModeOut_c_num_data_valid  |   in|    4|     ap_fifo|     ColorModeOut_c|       pointer|
|ColorModeOut_c_fifo_cap        |   in|    4|     ap_fifo|     ColorModeOut_c|       pointer|
|ColorModeOut_c_full_n          |   in|    1|     ap_fifo|     ColorModeOut_c|       pointer|
|ColorModeOut_c_write           |  out|    1|     ap_fifo|     ColorModeOut_c|       pointer|
+-------------------------------+-----+-----+------------+-------------------+--------------+

