

================================================================
== Vitis HLS Report for 'hscale_core_polyphase'
================================================================
* Date:           Fri Mar  6 02:17:04 2026

* Version:        2022.2 (Build 3670227 on Oct 13 2022)
* Project:        prj
* Solution:       sol (Vivado IP Flow Target)
* Product family: zynquplus
* Target device:  xck26-sfvc784-2LV-c


================================================================
== Performance Estimates
================================================================
+ Timing: 
    * Summary: 
    +--------+---------+----------+------------+
    |  Clock |  Target | Estimated| Uncertainty|
    +--------+---------+----------+------------+
    |ap_clk  |  5.00 ns|  3.376 ns|     1.35 ns|
    +--------+---------+----------+------------+

+ Latency: 
    * Summary: 
    +---------+---------+----------+-----------+-----+---------+---------+
    |  Latency (cycles) |  Latency (absolute)  |    Interval   | Pipeline|
    |   min   |   max   |    min   |    max    | min |   max   |   Type  |
    +---------+---------+----------+-----------+-----+---------+---------+
    |      996|  2097748|  4.980 us|  10.489 ms|  996|  2097748|       no|
    +---------+---------+----------+-----------+-----+---------+---------+

    + Detail: 
        * Instance: 
        +-------------------------------------------------------------------------------------+--------------------------------------------------------------------------+---------+---------+----------+----------+-----+------+---------+
        |                                                                                     |                                                                          |  Latency (cycles) |  Latency (absolute) |  Interval  | Pipeline|
        |                                       Instance                                      |                                  Module                                  |   min   |   max   |    min   |    max   | min |  max |   Type  |
        +-------------------------------------------------------------------------------------+--------------------------------------------------------------------------+---------+---------+----------+----------+-----+------+---------+
        |grp_hscale_core_polyphase_Pipeline_loop_init_coeff_phase_loop_init_coeff_tap_fu_246  |hscale_core_polyphase_Pipeline_loop_init_coeff_phase_loop_init_coeff_tap  |      386|      386|  1.930 us|  1.930 us|  386|   386|       no|
        |grp_hscale_core_polyphase_Pipeline_loop_width_fu_264                                 |hscale_core_polyphase_Pipeline_loop_width                                 |       36|     1940|  0.180 us|  9.700 us|   36|  1940|       no|
        +-------------------------------------------------------------------------------------+--------------------------------------------------------------------------+---------+---------+----------+----------+-----+------+---------+

        * Loop: 
        +---------------+---------+---------+-----------+-----------+-----------+-----------+----------+
        |               |  Latency (cycles) | Iteration |  Initiation Interval  |    Trip   |          |
        |   Loop Name   |   min   |   max   |  Latency  |  achieved |   target  |   Count   | Pipelined|
        +---------------+---------+---------+-----------+-----------+-----------+-----------+----------+
        |- loop_height  |      608|  2097360|  38 ~ 1942|          -|          -|  16 ~ 1080|        no|
        +---------------+---------+---------+-----------+-----------+-----------+-----------+----------+



================================================================
== Utilization Estimates
================================================================
* Summary: 
+-----------------+---------+------+--------+--------+-----+
|       Name      | BRAM_18K|  DSP |   FF   |   LUT  | URAM|
+-----------------+---------+------+--------+--------+-----+
|DSP              |        -|     -|       -|       -|    -|
|Expression       |        -|     -|       0|      92|    -|
|FIFO             |        -|     -|       -|       -|    -|
|Instance         |        -|    18|    1412|    2197|    -|
|Memory           |        -|     -|      96|      96|    -|
|Multiplexer      |        -|     -|       -|     302|    -|
|Register         |        -|     -|     243|       -|    -|
+-----------------+---------+------+--------+--------+-----+
|Total            |        0|    18|    1751|    2687|    0|
+-----------------+---------+------+--------+--------+-----+
|Available        |      288|  1248|  234240|  117120|   64|
+-----------------+---------+------+--------+--------+-----+
|Utilization (%)  |        0|     1|      ~0|       2|    0|
+-----------------+---------+------+--------+--------+-----+

+ Detail: 
    * Instance: 
    +-------------------------------------------------------------------------------------+--------------------------------------------------------------------------+---------+----+------+------+-----+
    |                                       Instance                                      |                                  Module                                  | BRAM_18K| DSP|  FF  |  LUT | URAM|
    +-------------------------------------------------------------------------------------+--------------------------------------------------------------------------+---------+----+------+------+-----+
    |grp_hscale_core_polyphase_Pipeline_loop_init_coeff_phase_loop_init_coeff_tap_fu_246  |hscale_core_polyphase_Pipeline_loop_init_coeff_phase_loop_init_coeff_tap  |        0|   0|    32|   179|    0|
    |grp_hscale_core_polyphase_Pipeline_loop_width_fu_264                                 |hscale_core_polyphase_Pipeline_loop_width                                 |        0|  18|  1380|  2018|    0|
    +-------------------------------------------------------------------------------------+--------------------------------------------------------------------------+---------+----+------+------+-----+
    |Total                                                                                |                                                                          |        0|  18|  1412|  2197|    0|
    +-------------------------------------------------------------------------------------+--------------------------------------------------------------------------+---------+----+------+------+-----+

    * DSP: 
    N/A

    * Memory: 
    +---------------+----------------------------------------------------+---------+----+----+-----+------+-----+------+-------------+
    |     Memory    |                       Module                       | BRAM_18K| FF | LUT| URAM| Words| Bits| Banks| W*Bits*Banks|
    +---------------+----------------------------------------------------+---------+----+----+-----+------+-----+------+-------------+
    |FiltCoeff_U    |hscale_core_polyphase_FiltCoeff_RAM_1P_LUTRAM_1R1W  |        0|  16|  16|    0|    64|   16|     1|         1024|
    |FiltCoeff_1_U  |hscale_core_polyphase_FiltCoeff_RAM_1P_LUTRAM_1R1W  |        0|  16|  16|    0|    64|   16|     1|         1024|
    |FiltCoeff_2_U  |hscale_core_polyphase_FiltCoeff_RAM_1P_LUTRAM_1R1W  |        0|  16|  16|    0|    64|   16|     1|         1024|
    |FiltCoeff_3_U  |hscale_core_polyphase_FiltCoeff_RAM_1P_LUTRAM_1R1W  |        0|  16|  16|    0|    64|   16|     1|         1024|
    |FiltCoeff_4_U  |hscale_core_polyphase_FiltCoeff_RAM_1P_LUTRAM_1R1W  |        0|  16|  16|    0|    64|   16|     1|         1024|
    |FiltCoeff_5_U  |hscale_core_polyphase_FiltCoeff_RAM_1P_LUTRAM_1R1W  |        0|  16|  16|    0|    64|   16|     1|         1024|
    +---------------+----------------------------------------------------+---------+----+----+-----+------+-----+------+-------------+
    |Total          |                                                    |        0|  96|  96|    0|   384|   96|     6|         6144|
    +---------------+----------------------------------------------------+---------+----+----+-----+------+-----+------+-------------+

    * FIFO: 
    N/A

    * Expression: 
    +-----------------------+----------+----+---+----+------------+------------+
    |     Variable Name     | Operation| DSP| FF| LUT| Bitwidth P0| Bitwidth P1|
    +-----------------------+----------+----+---+----+------------+------------+
    |LoopSize_fu_338_p2     |         +|   0|  0|  18|          11|           3|
    |add_ln637_fu_344_p2    |         +|   0|  0|  18|          11|           3|
    |y_9_fu_358_p2          |         +|   0|  0|  18|          11|           1|
    |icmp_ln224_fu_316_p2   |      icmp|   0|  0|  13|          16|          16|
    |icmp_ln637_fu_353_p2   |      icmp|   0|  0|  11|          11|          11|
    |ap_block_state1        |        or|   0|  0|   2|           1|           1|
    |ap_block_state2        |        or|   0|  0|   2|           1|           1|
    |TotalPixels_fu_330_p3  |    select|   0|  0|  10|           1|          11|
    +-----------------------+----------+----+---+----+------------+------------+
    |Total                  |          |   0|  0|  92|          63|          47|
    +-----------------------+----------+----+---+----+------------+------------+

    * Multiplexer: 
    +-----------------------+----+-----------+-----+-----------+
    |          Name         | LUT| Input Size| Bits| Total Bits|
    +-----------------------+----+-----------+-----+-----------+
    |FiltCoeff_1_address0   |  14|          3|    6|         18|
    |FiltCoeff_1_ce0        |  14|          3|    1|          3|
    |FiltCoeff_1_we0        |   9|          2|    1|          2|
    |FiltCoeff_2_address0   |  14|          3|    6|         18|
    |FiltCoeff_2_ce0        |  14|          3|    1|          3|
    |FiltCoeff_2_we0        |   9|          2|    1|          2|
    |FiltCoeff_3_address0   |  14|          3|    6|         18|
    |FiltCoeff_3_ce0        |  14|          3|    1|          3|
    |FiltCoeff_3_we0        |   9|          2|    1|          2|
    |FiltCoeff_4_address0   |  14|          3|    6|         18|
    |FiltCoeff_4_ce0        |  14|          3|    1|          3|
    |FiltCoeff_4_we0        |   9|          2|    1|          2|
    |FiltCoeff_5_address0   |  14|          3|    6|         18|
    |FiltCoeff_5_ce0        |  14|          3|    1|          3|
    |FiltCoeff_5_we0        |   9|          2|    1|          2|
    |FiltCoeff_address0     |  14|          3|    6|         18|
    |FiltCoeff_ce0          |  14|          3|    1|          3|
    |FiltCoeff_we0          |   9|          2|    1|          2|
    |Height_c19_blk_n       |   9|          2|    1|          2|
    |WidthOut_c23_blk_n     |   9|          2|    1|          2|
    |ap_NS_fsm              |  26|          5|    1|          5|
    |ap_done                |   9|          2|    1|          2|
    |stream_scaled_write    |   9|          2|    1|          2|
    |stream_upsampled_read  |   9|          2|    1|          2|
    |y_fu_88                |   9|          2|   11|         22|
    +-----------------------+----+-----------+-----+-----------+
    |Total                  | 302|         65|   65|        175|
    +-----------------------+----+-----------+-----+-----------+

    * Register: 
    +--------------------------------------------------------------------------------------------------+----+----+-----+-----------+
    |                                               Name                                               | FF | LUT| Bits| Const Bits|
    +--------------------------------------------------------------------------------------------------+----+----+-----+-----------+
    |LoopSize_reg_506                                                                                  |  11|   0|   11|          0|
    |PixArray_val_V_0_fu_92                                                                            |   8|   0|    8|          0|
    |PixArray_val_V_10_0_fu_132                                                                        |   8|   0|    8|          0|
    |PixArray_val_V_11_0_fu_136                                                                        |   8|   0|    8|          0|
    |PixArray_val_V_12_0_fu_140                                                                        |   8|   0|    8|          0|
    |PixArray_val_V_13_0_fu_144                                                                        |   8|   0|    8|          0|
    |PixArray_val_V_14_0_fu_148                                                                        |   8|   0|    8|          0|
    |PixArray_val_V_15_049_fu_152                                                                      |   8|   0|    8|          0|
    |PixArray_val_V_16_050_fu_156                                                                      |   8|   0|    8|          0|
    |PixArray_val_V_17_051_fu_160                                                                      |   8|   0|    8|          0|
    |PixArray_val_V_18_052_fu_164                                                                      |   8|   0|    8|          0|
    |PixArray_val_V_19_053_fu_168                                                                      |   8|   0|    8|          0|
    |PixArray_val_V_1_0_fu_96                                                                          |   8|   0|    8|          0|
    |PixArray_val_V_20_054_fu_172                                                                      |   8|   0|    8|          0|
    |PixArray_val_V_21_055_fu_176                                                                      |   8|   0|    8|          0|
    |PixArray_val_V_22_056_fu_180                                                                      |   8|   0|    8|          0|
    |PixArray_val_V_23_057_fu_184                                                                      |   8|   0|    8|          0|
    |PixArray_val_V_2_0_fu_100                                                                         |   8|   0|    8|          0|
    |PixArray_val_V_3_0_fu_104                                                                         |   8|   0|    8|          0|
    |PixArray_val_V_4_0_fu_108                                                                         |   8|   0|    8|          0|
    |PixArray_val_V_5_0_fu_112                                                                         |   8|   0|    8|          0|
    |PixArray_val_V_6_0_fu_116                                                                         |   8|   0|    8|          0|
    |PixArray_val_V_7_0_fu_120                                                                         |   8|   0|    8|          0|
    |PixArray_val_V_8_0_fu_124                                                                         |   8|   0|    8|          0|
    |PixArray_val_V_9_0_fu_128                                                                         |   8|   0|    8|          0|
    |add_ln637_reg_511                                                                                 |  11|   0|   11|          0|
    |ap_CS_fsm                                                                                         |   4|   0|    4|          0|
    |ap_done_reg                                                                                       |   1|   0|    1|          0|
    |empty_reg_496                                                                                     |  11|   0|   11|          0|
    |grp_hscale_core_polyphase_Pipeline_loop_init_coeff_phase_loop_init_coeff_tap_fu_246_ap_start_reg  |   1|   0|    1|          0|
    |grp_hscale_core_polyphase_Pipeline_loop_width_fu_264_ap_start_reg                                 |   1|   0|    1|          0|
    |y_fu_88                                                                                           |  11|   0|   11|          0|
    +--------------------------------------------------------------------------------------------------+----+----+-----+-----------+
    |Total                                                                                             | 243|   0|  243|          0|
    +--------------------------------------------------------------------------------------------------+----+----+-----+-----------+



================================================================
== Interface
================================================================
* Summary: 
+---------------------------------+-----+-----+------------+-----------------------+--------------+
|            RTL Ports            | Dir | Bits|  Protocol  |     Source Object     |    C Type    |
+---------------------------------+-----+-----+------------+-----------------------+--------------+
|ap_clk                           |   in|    1|  ap_ctrl_hs|  hscale_core_polyphase|  return value|
|ap_rst                           |   in|    1|  ap_ctrl_hs|  hscale_core_polyphase|  return value|
|ap_start                         |   in|    1|  ap_ctrl_hs|  hscale_core_polyphase|  return value|
|ap_done                          |  out|    1|  ap_ctrl_hs|  hscale_core_polyphase|  return value|
|ap_continue                      |   in|    1|  ap_ctrl_hs|  hscale_core_polyphase|  return value|
|ap_idle                          |  out|    1|  ap_ctrl_hs|  hscale_core_polyphase|  return value|
|ap_ready                         |  out|    1|  ap_ctrl_hs|  hscale_core_polyphase|  return value|
|stream_upsampled_dout            |   in|   24|     ap_fifo|       stream_upsampled|       pointer|
|stream_upsampled_num_data_valid  |   in|    5|     ap_fifo|       stream_upsampled|       pointer|
|stream_upsampled_fifo_cap        |   in|    5|     ap_fifo|       stream_upsampled|       pointer|
|stream_upsampled_empty_n         |   in|    1|     ap_fifo|       stream_upsampled|       pointer|
|stream_upsampled_read            |  out|    1|     ap_fifo|       stream_upsampled|       pointer|
|Height                           |   in|   16|     ap_none|                 Height|       pointer|
|WidthIn                          |   in|   16|     ap_none|                WidthIn|       pointer|
|WidthOut                         |   in|   16|     ap_none|               WidthOut|       pointer|
|hfltCoeff_address0               |  out|    9|   ap_memory|              hfltCoeff|         array|
|hfltCoeff_ce0                    |  out|    1|   ap_memory|              hfltCoeff|         array|
|hfltCoeff_q0                     |   in|   16|   ap_memory|              hfltCoeff|         array|
|phasesH_address0                 |  out|   11|   ap_memory|                phasesH|         array|
|phasesH_ce0                      |  out|    1|   ap_memory|                phasesH|         array|
|phasesH_q0                       |   in|    9|   ap_memory|                phasesH|         array|
|stream_scaled_din                |  out|   24|     ap_fifo|          stream_scaled|       pointer|
|stream_scaled_num_data_valid     |   in|    5|     ap_fifo|          stream_scaled|       pointer|
|stream_scaled_fifo_cap           |   in|    5|     ap_fifo|          stream_scaled|       pointer|
|stream_scaled_full_n             |   in|    1|     ap_fifo|          stream_scaled|       pointer|
|stream_scaled_write              |  out|    1|     ap_fifo|          stream_scaled|       pointer|
|Height_c19_din                   |  out|   16|     ap_fifo|             Height_c19|       pointer|
|Height_c19_num_data_valid        |   in|    2|     ap_fifo|             Height_c19|       pointer|
|Height_c19_fifo_cap              |   in|    2|     ap_fifo|             Height_c19|       pointer|
|Height_c19_full_n                |   in|    1|     ap_fifo|             Height_c19|       pointer|
|Height_c19_write                 |  out|    1|     ap_fifo|             Height_c19|       pointer|
|WidthOut_c23_din                 |  out|   16|     ap_fifo|           WidthOut_c23|       pointer|
|WidthOut_c23_num_data_valid      |   in|    2|     ap_fifo|           WidthOut_c23|       pointer|
|WidthOut_c23_fifo_cap            |   in|    2|     ap_fifo|           WidthOut_c23|       pointer|
|WidthOut_c23_full_n              |   in|    1|     ap_fifo|           WidthOut_c23|       pointer|
|WidthOut_c23_write               |  out|    1|     ap_fifo|           WidthOut_c23|       pointer|
+---------------------------------+-----+-----+------------+-----------------------+--------------+

