

================================================================
== Vitis HLS Report for 'hscale_core_polyphase_Pipeline_loop_width'
================================================================
* Date:           Fri Mar  6 02:17:04 2026

* Version:        2022.2 (Build 3670227 on Oct 13 2022)
* Project:        prj
* Solution:       sol (Vivado IP Flow Target)
* Product family: zynquplus
* Target device:  xck26-sfvc784-2LV-c


================================================================
== Performance Estimates
================================================================
+ Timing: 
    * Summary: 
    +--------+---------+----------+------------+
    |  Clock |  Target | Estimated| Uncertainty|
    +--------+---------+----------+------------+
    |ap_clk  |  5.00 ns|  2.035 ns|     1.35 ns|
    +--------+---------+----------+------------+

+ Latency: 
    * Summary: 
    +---------+---------+----------+----------+-----+------+---------+
    |  Latency (cycles) |  Latency (absolute) |  Interval  | Pipeline|
    |   min   |   max   |    min   |    max   | min |  max |   Type  |
    +---------+---------+----------+----------+-----+------+---------+
    |       36|     1940|  0.180 us|  9.700 us|   36|  1940|       no|
    +---------+---------+----------+----------+-----+------+---------+

    + Detail: 
        * Instance: 
        +-----------------------------+------------------+---------+---------+-----------+-----------+-----+-----+---------+
        |                             |                  |  Latency (cycles) |   Latency (absolute)  |  Interval | Pipeline|
        |           Instance          |      Module      |   min   |   max   |    min    |    max    | min | max |   Type  |
        +-----------------------------+------------------+---------+---------+-----------+-----------+-----+-----+---------+
        |grp_hscale_polyphase_fu_226  |hscale_polyphase  |        9|        9|  45.000 ns|  45.000 ns|    1|    1|      yes|
        |grp_reg_ap_uint_9_s_fu_334   |reg_ap_uint_9_s   |        1|        1|   5.000 ns|   5.000 ns|    1|    1|      yes|
        +-----------------------------+------------------+---------+---------+-----------+-----------+-----+-----+---------+

        * Loop: 
        +--------------+---------+---------+----------+-----------+-----------+-----------+----------+
        |              |  Latency (cycles) | Iteration|  Initiation Interval  |    Trip   |          |
        |   Loop Name  |   min   |   max   |  Latency |  achieved |   target  |   Count   | Pipelined|
        +--------------+---------+---------+----------+-----------+-----------+-----------+----------+
        |- loop_width  |       34|     1938|        15|          1|          1|  21 ~ 1925|       yes|
        +--------------+---------+---------+----------+-----------+-----------+-----------+----------+



================================================================
== Utilization Estimates
================================================================
* Summary: 
+-----------------+---------+------+--------+--------+-----+
|       Name      | BRAM_18K|  DSP |   FF   |   LUT  | URAM|
+-----------------+---------+------+--------+--------+-----+
|DSP              |        -|     -|       -|       -|    -|
|Expression       |        -|     -|       0|     346|    -|
|FIFO             |        -|     -|       -|       -|    -|
|Instance         |        -|    18|    1035|    1288|    -|
|Memory           |        -|     -|       -|       -|    -|
|Multiplexer      |        -|     -|       -|     288|    -|
|Register         |        -|     -|     345|      96|    -|
+-----------------+---------+------+--------+--------+-----+
|Total            |        0|    18|    1380|    2018|    0|
+-----------------+---------+------+--------+--------+-----+
|Available        |      288|  1248|  234240|  117120|   64|
+-----------------+---------+------+--------+--------+-----+
|Utilization (%)  |        0|     1|      ~0|       1|    0|
+-----------------+---------+------+--------+--------+-----+

+ Detail: 
    * Instance: 
    +-----------------------------+------------------+---------+----+------+------+-----+
    |           Instance          |      Module      | BRAM_18K| DSP|  FF  |  LUT | URAM|
    +-----------------------------+------------------+---------+----+------+------+-----+
    |grp_hscale_polyphase_fu_226  |hscale_polyphase  |        0|  18|  1016|  1274|    0|
    |grp_reg_ap_uint_9_s_fu_334   |reg_ap_uint_9_s   |        0|   0|    19|    14|    0|
    +-----------------------------+------------------+---------+----+------+------+-----+
    |Total                        |                  |        0|  18|  1035|  1288|    0|
    +-----------------------------+------------------+---------+----+------+------+-----+

    * DSP: 
    N/A

    * Memory: 
    N/A

    * FIFO: 
    N/A

    * Expression: 
    +------------------------------------+----------+----+---+----+------------+------------+
    |            Variable Name           | Operation| DSP| FF| LUT| Bitwidth P0| Bitwidth P1|
    +------------------------------------+----------+----+---+----+------------+------------+
    |add_ln653_fu_296_p2                 |         +|   0|  0|  18|          11|           1|
    |add_ln676_fu_371_p2                 |         +|   0|  0|  24|          17|           3|
    |xReadPos_4_fu_414_p2                |         +|   0|  0|  23|          16|           1|
    |xbySamples_fu_318_p2                |         +|   0|  0|  18|          11|           4|
    |and_ln757_fu_432_p2                 |       and|   0|  0|   2|           1|           1|
    |ap_block_state15_pp0_stage0_iter14  |       and|   0|  0|   2|           1|           1|
    |ap_block_state4_pp0_stage0_iter3    |       and|   0|  0|   2|           1|           1|
    |ap_condition_953                    |       and|   0|  0|   2|           1|           1|
    |ap_predicate_op141_read_state4      |       and|   0|  0|   2|           1|           1|
    |ap_predicate_op187_write_state15    |       and|   0|  0|   2|           1|           1|
    |ap_predicate_op53_call_state2       |       and|   0|  0|   2|           1|           1|
    |ReadEn_1_fu_404_p2                  |      icmp|   0|  0|   8|           2|           1|
    |icmp32_fu_361_p2                    |      icmp|   0|  0|  11|          10|           1|
    |icmp_ln653_fu_290_p2                |      icmp|   0|  0|  11|          11|          11|
    |icmp_ln663_fu_346_p2                |      icmp|   0|  0|  20|          32|           1|
    |icmp_ln676_fu_377_p2                |      icmp|   0|  0|  13|          17|          17|
    |icmp_ln715_fu_312_p2                |      icmp|   0|  0|  11|           9|           1|
    |icmp_ln757_fu_428_p2                |      icmp|   0|  0|  11|          11|          11|
    |ap_block_pp0_stage0_01001           |        or|   0|  0|   2|           1|           1|
    |PixArray_val_V_1_fu_644_p3          |    select|   0|  0|   8|           1|           8|
    |PixArray_val_V_2_fu_651_p3          |    select|   0|  0|   8|           1|           8|
    |PixArray_val_V_fu_637_p3            |    select|   0|  0|   8|           1|           8|
    |select_ln671_10_fu_602_p3           |    select|   0|  0|   8|           1|           8|
    |select_ln671_11_fu_609_p3           |    select|   0|  0|   8|           1|           8|
    |select_ln671_12_fu_616_p3           |    select|   0|  0|   8|           1|           8|
    |select_ln671_13_fu_623_p3           |    select|   0|  0|   8|           1|           8|
    |select_ln671_14_fu_630_p3           |    select|   0|  0|   8|           1|           8|
    |select_ln671_1_fu_539_p3            |    select|   0|  0|   8|           1|           8|
    |select_ln671_2_fu_546_p3            |    select|   0|  0|   8|           1|           8|
    |select_ln671_3_fu_553_p3            |    select|   0|  0|   8|           1|           8|
    |select_ln671_4_fu_560_p3            |    select|   0|  0|   8|           1|           8|
    |select_ln671_5_fu_567_p3            |    select|   0|  0|   8|           1|           8|
    |select_ln671_6_fu_574_p3            |    select|   0|  0|   8|           1|           8|
    |select_ln671_7_fu_581_p3            |    select|   0|  0|   8|           1|           8|
    |select_ln671_8_fu_588_p3            |    select|   0|  0|   8|           1|           8|
    |select_ln671_9_fu_595_p3            |    select|   0|  0|   8|           1|           8|
    |select_ln671_fu_532_p3              |    select|   0|  0|   8|           1|           8|
    |xReadPos_5_fu_420_p3                |    select|   0|  0|  16|           1|          16|
    |ap_enable_pp0                       |       xor|   0|  0|   2|           1|           2|
    +------------------------------------+----------+----+---+----+------------+------------+
    |Total                               |          |   0|  0| 346|         175|         222|
    +------------------------------------+----------+----+---+----+------------+------------+

    * Multiplexer: 
    +---------------------------+----+-----------+-----+-----------+
    |            Name           | LUT| Input Size| Bits| Total Bits|
    +---------------------------+----+-----------+-----+-----------+
    |PixArray_val_V_10_1_out_o  |   9|          2|    8|         16|
    |PixArray_val_V_11_1_out_o  |   9|          2|    8|         16|
    |PixArray_val_V_12_1_out_o  |   9|          2|    8|         16|
    |PixArray_val_V_13_1_out_o  |   9|          2|    8|         16|
    |PixArray_val_V_146_out_o   |   9|          2|    8|         16|
    |PixArray_val_V_14_1_out_o  |   9|          2|    8|         16|
    |PixArray_val_V_15_1_out_o  |   9|          2|    8|         16|
    |PixArray_val_V_16_1_out_o  |   9|          2|    8|         16|
    |PixArray_val_V_17_1_out_o  |   9|          2|    8|         16|
    |PixArray_val_V_18_1_out_o  |   9|          2|    8|         16|
    |PixArray_val_V_19_1_out_o  |   9|          2|    8|         16|
    |PixArray_val_V_1_1_out_o   |   9|          2|    8|         16|
    |PixArray_val_V_20_1_out_o  |   9|          2|    8|         16|
    |PixArray_val_V_2_1_out_o   |   9|          2|    8|         16|
    |PixArray_val_V_3_1_out_o   |   9|          2|    8|         16|
    |PixArray_val_V_3_out_o     |   9|          2|    8|         16|
    |PixArray_val_V_4_1_out_o   |   9|          2|    8|         16|
    |PixArray_val_V_4_out_o     |   9|          2|    8|         16|
    |PixArray_val_V_5_1_out_o   |   9|          2|    8|         16|
    |PixArray_val_V_5_out_o     |   9|          2|    8|         16|
    |PixArray_val_V_6_1_out_o   |   9|          2|    8|         16|
    |PixArray_val_V_7_1_out_o   |   9|          2|    8|         16|
    |PixArray_val_V_8_1_out_o   |   9|          2|    8|         16|
    |PixArray_val_V_9_1_out_o   |   9|          2|    8|         16|
    |ReadEn_fu_178              |   9|          2|    1|          2|
    |ap_done_int                |   9|          2|    1|          2|
    |ap_enable_reg_pp0_iter3    |   9|          2|    1|          2|
    |ap_sig_allocacmp_x_5       |   9|          2|   11|         22|
    |stream_scaled_blk_n        |   9|          2|    1|          2|
    |stream_upsampled_blk_n     |   9|          2|    1|          2|
    |xReadPos_fu_174            |   9|          2|   16|         32|
    |x_fu_170                   |   9|          2|   11|         22|
    +---------------------------+----+-----------+-----+-----------+
    |Total                      | 288|         64|  235|        470|
    +---------------------------+----+-----------+-----+-----------+

    * Register: 
    +------------------------------------------+----+----+-----+-----------+
    |                   Name                   | FF | LUT| Bits| Const Bits|
    +------------------------------------------+----+----+-----+-----------+
    |ArrayLoc_reg_1051                         |   2|   0|    2|          0|
    |ArrayLoc_reg_1051_pp0_iter3_reg           |   2|   0|    2|          0|
    |LoopSize_read_reg_987                     |  11|   0|   11|          0|
    |OutPix_val_V_1_reg_1065                   |   8|   0|    8|          0|
    |OutPix_val_V_2_reg_1070                   |   8|   0|    8|          0|
    |OutPix_val_V_reg_1060                     |   8|   0|    8|          0|
    |PhaseH_0_reg_1046                         |   6|   0|    6|          0|
    |PhaseH_0_reg_1046_pp0_iter3_reg           |   6|   0|    6|          0|
    |ReadEn_fu_178                             |   1|   0|   32|         31|
    |and_ln757_reg_1056                        |   1|   0|    1|          0|
    |ap_CS_fsm                                 |   1|   0|    1|          0|
    |ap_done_reg                               |   1|   0|    1|          0|
    |ap_enable_reg_pp0_iter1                   |   1|   0|    1|          0|
    |ap_enable_reg_pp0_iter10                  |   1|   0|    1|          0|
    |ap_enable_reg_pp0_iter11                  |   1|   0|    1|          0|
    |ap_enable_reg_pp0_iter12                  |   1|   0|    1|          0|
    |ap_enable_reg_pp0_iter13                  |   1|   0|    1|          0|
    |ap_enable_reg_pp0_iter14                  |   1|   0|    1|          0|
    |ap_enable_reg_pp0_iter2                   |   1|   0|    1|          0|
    |ap_enable_reg_pp0_iter3                   |   1|   0|    1|          0|
    |ap_enable_reg_pp0_iter4                   |   1|   0|    1|          0|
    |ap_enable_reg_pp0_iter5                   |   1|   0|    1|          0|
    |ap_enable_reg_pp0_iter6                   |   1|   0|    1|          0|
    |ap_enable_reg_pp0_iter7                   |   1|   0|    1|          0|
    |ap_enable_reg_pp0_iter8                   |   1|   0|    1|          0|
    |ap_enable_reg_pp0_iter9                   |   1|   0|    1|          0|
    |ap_loop_exit_ready_pp0_iter10_reg         |   1|   0|    1|          0|
    |ap_loop_exit_ready_pp0_iter11_reg         |   1|   0|    1|          0|
    |ap_loop_exit_ready_pp0_iter12_reg         |   1|   0|    1|          0|
    |ap_loop_exit_ready_pp0_iter13_reg         |   1|   0|    1|          0|
    |ap_loop_exit_ready_pp0_iter1_reg          |   1|   0|    1|          0|
    |ap_loop_exit_ready_pp0_iter2_reg          |   1|   0|    1|          0|
    |ap_loop_exit_ready_pp0_iter3_reg          |   1|   0|    1|          0|
    |ap_loop_exit_ready_pp0_iter4_reg          |   1|   0|    1|          0|
    |ap_loop_exit_ready_pp0_iter5_reg          |   1|   0|    1|          0|
    |ap_loop_exit_ready_pp0_iter6_reg          |   1|   0|    1|          0|
    |ap_loop_exit_ready_pp0_iter7_reg          |   1|   0|    1|          0|
    |ap_loop_exit_ready_pp0_iter8_reg          |   1|   0|    1|          0|
    |ap_loop_exit_ready_pp0_iter9_reg          |   1|   0|    1|          0|
    |grp_hscale_polyphase_fu_226_ap_start_reg  |   1|   0|    1|          0|
    |icmp32_reg_1020                           |   1|   0|    1|          0|
    |icmp_ln653_reg_1003                       |   1|   0|    1|          0|
    |icmp_ln663_reg_1016                       |   1|   0|    1|          0|
    |icmp_ln676_reg_1042                       |   1|   0|    1|          0|
    |icmp_ln715_reg_1007                       |   1|   0|    1|          0|
    |xReadPos_fu_174                           |  16|   0|   16|          0|
    |x_5_reg_997                               |  11|   0|   11|          0|
    |x_5_reg_997_pp0_iter1_reg                 |  11|   0|   11|          0|
    |x_fu_170                                  |  11|   0|   11|          0|
    |zext_ln637_cast_reg_992                   |  16|   0|   17|          1|
    |and_ln757_reg_1056                        |  64|  32|    1|          0|
    |icmp_ln653_reg_1003                       |  64|  32|    1|          0|
    |icmp_ln715_reg_1007                       |  64|  32|    1|          0|
    +------------------------------------------+----+----+-----+-----------+
    |Total                                     | 345|  96|  188|         32|
    +------------------------------------------+----+----+-----+-----------+



================================================================
== Interface
================================================================
* Summary: 
+----------------------------------+-----+-----+------------+-------------------------------------------+--------------+
|             RTL Ports            | Dir | Bits|  Protocol  |               Source Object               |    C Type    |
+----------------------------------+-----+-----+------------+-------------------------------------------+--------------+
|ap_clk                            |   in|    1|  ap_ctrl_hs|  hscale_core_polyphase_Pipeline_loop_width|  return value|
|ap_rst                            |   in|    1|  ap_ctrl_hs|  hscale_core_polyphase_Pipeline_loop_width|  return value|
|ap_start                          |   in|    1|  ap_ctrl_hs|  hscale_core_polyphase_Pipeline_loop_width|  return value|
|ap_done                           |  out|    1|  ap_ctrl_hs|  hscale_core_polyphase_Pipeline_loop_width|  return value|
|ap_idle                           |  out|    1|  ap_ctrl_hs|  hscale_core_polyphase_Pipeline_loop_width|  return value|
|ap_ready                          |  out|    1|  ap_ctrl_hs|  hscale_core_polyphase_Pipeline_loop_width|  return value|
|stream_upsampled_dout             |   in|   24|     ap_fifo|                           stream_upsampled|       pointer|
|stream_upsampled_num_data_valid   |   in|    5|     ap_fifo|                           stream_upsampled|       pointer|
|stream_upsampled_fifo_cap         |   in|    5|     ap_fifo|                           stream_upsampled|       pointer|
|stream_upsampled_empty_n          |   in|    1|     ap_fifo|                           stream_upsampled|       pointer|
|stream_upsampled_read             |  out|    1|     ap_fifo|                           stream_upsampled|       pointer|
|stream_scaled_din                 |  out|   24|     ap_fifo|                              stream_scaled|       pointer|
|stream_scaled_num_data_valid      |   in|    5|     ap_fifo|                              stream_scaled|       pointer|
|stream_scaled_fifo_cap            |   in|    5|     ap_fifo|                              stream_scaled|       pointer|
|stream_scaled_full_n              |   in|    1|     ap_fifo|                              stream_scaled|       pointer|
|stream_scaled_write               |  out|    1|     ap_fifo|                              stream_scaled|       pointer|
|add_ln637                         |   in|   11|   ap_stable|                                  add_ln637|        scalar|
|zext_ln637                        |   in|   16|   ap_stable|                                 zext_ln637|        scalar|
|phasesH_address0                  |  out|   11|   ap_memory|                                    phasesH|         array|
|phasesH_ce0                       |  out|    1|   ap_memory|                                    phasesH|         array|
|phasesH_q0                        |   in|    9|   ap_memory|                                    phasesH|         array|
|FiltCoeff_address0                |  out|    6|   ap_memory|                                  FiltCoeff|         array|
|FiltCoeff_ce0                     |  out|    1|   ap_memory|                                  FiltCoeff|         array|
|FiltCoeff_q0                      |   in|   16|   ap_memory|                                  FiltCoeff|         array|
|FiltCoeff_1_address0              |  out|    6|   ap_memory|                                FiltCoeff_1|         array|
|FiltCoeff_1_ce0                   |  out|    1|   ap_memory|                                FiltCoeff_1|         array|
|FiltCoeff_1_q0                    |   in|   16|   ap_memory|                                FiltCoeff_1|         array|
|FiltCoeff_2_address0              |  out|    6|   ap_memory|                                FiltCoeff_2|         array|
|FiltCoeff_2_ce0                   |  out|    1|   ap_memory|                                FiltCoeff_2|         array|
|FiltCoeff_2_q0                    |   in|   16|   ap_memory|                                FiltCoeff_2|         array|
|FiltCoeff_3_address0              |  out|    6|   ap_memory|                                FiltCoeff_3|         array|
|FiltCoeff_3_ce0                   |  out|    1|   ap_memory|                                FiltCoeff_3|         array|
|FiltCoeff_3_q0                    |   in|   16|   ap_memory|                                FiltCoeff_3|         array|
|FiltCoeff_4_address0              |  out|    6|   ap_memory|                                FiltCoeff_4|         array|
|FiltCoeff_4_ce0                   |  out|    1|   ap_memory|                                FiltCoeff_4|         array|
|FiltCoeff_4_q0                    |   in|   16|   ap_memory|                                FiltCoeff_4|         array|
|FiltCoeff_5_address0              |  out|    6|   ap_memory|                                FiltCoeff_5|         array|
|FiltCoeff_5_ce0                   |  out|    1|   ap_memory|                                FiltCoeff_5|         array|
|FiltCoeff_5_q0                    |   in|   16|   ap_memory|                                FiltCoeff_5|         array|
|LoopSize                          |   in|   11|   ap_stable|                                   LoopSize|        scalar|
|PixArray_val_V_5_out_i            |   in|    8|     ap_ovld|                       PixArray_val_V_5_out|       pointer|
|PixArray_val_V_5_out_o            |  out|    8|     ap_ovld|                       PixArray_val_V_5_out|       pointer|
|PixArray_val_V_5_out_o_ap_vld     |  out|    1|     ap_ovld|                       PixArray_val_V_5_out|       pointer|
|PixArray_val_V_4_out_i            |   in|    8|     ap_ovld|                       PixArray_val_V_4_out|       pointer|
|PixArray_val_V_4_out_o            |  out|    8|     ap_ovld|                       PixArray_val_V_4_out|       pointer|
|PixArray_val_V_4_out_o_ap_vld     |  out|    1|     ap_ovld|                       PixArray_val_V_4_out|       pointer|
|PixArray_val_V_3_out_i            |   in|    8|     ap_ovld|                       PixArray_val_V_3_out|       pointer|
|PixArray_val_V_3_out_o            |  out|    8|     ap_ovld|                       PixArray_val_V_3_out|       pointer|
|PixArray_val_V_3_out_o_ap_vld     |  out|    1|     ap_ovld|                       PixArray_val_V_3_out|       pointer|
|PixArray_val_V_20_1_out_i         |   in|    8|     ap_ovld|                    PixArray_val_V_20_1_out|       pointer|
|PixArray_val_V_20_1_out_o         |  out|    8|     ap_ovld|                    PixArray_val_V_20_1_out|       pointer|
|PixArray_val_V_20_1_out_o_ap_vld  |  out|    1|     ap_ovld|                    PixArray_val_V_20_1_out|       pointer|
|PixArray_val_V_19_1_out_i         |   in|    8|     ap_ovld|                    PixArray_val_V_19_1_out|       pointer|
|PixArray_val_V_19_1_out_o         |  out|    8|     ap_ovld|                    PixArray_val_V_19_1_out|       pointer|
|PixArray_val_V_19_1_out_o_ap_vld  |  out|    1|     ap_ovld|                    PixArray_val_V_19_1_out|       pointer|
|PixArray_val_V_18_1_out_i         |   in|    8|     ap_ovld|                    PixArray_val_V_18_1_out|       pointer|
|PixArray_val_V_18_1_out_o         |  out|    8|     ap_ovld|                    PixArray_val_V_18_1_out|       pointer|
|PixArray_val_V_18_1_out_o_ap_vld  |  out|    1|     ap_ovld|                    PixArray_val_V_18_1_out|       pointer|
|PixArray_val_V_17_1_out_i         |   in|    8|     ap_ovld|                    PixArray_val_V_17_1_out|       pointer|
|PixArray_val_V_17_1_out_o         |  out|    8|     ap_ovld|                    PixArray_val_V_17_1_out|       pointer|
|PixArray_val_V_17_1_out_o_ap_vld  |  out|    1|     ap_ovld|                    PixArray_val_V_17_1_out|       pointer|
|PixArray_val_V_16_1_out_i         |   in|    8|     ap_ovld|                    PixArray_val_V_16_1_out|       pointer|
|PixArray_val_V_16_1_out_o         |  out|    8|     ap_ovld|                    PixArray_val_V_16_1_out|       pointer|
|PixArray_val_V_16_1_out_o_ap_vld  |  out|    1|     ap_ovld|                    PixArray_val_V_16_1_out|       pointer|
|PixArray_val_V_15_1_out_i         |   in|    8|     ap_ovld|                    PixArray_val_V_15_1_out|       pointer|
|PixArray_val_V_15_1_out_o         |  out|    8|     ap_ovld|                    PixArray_val_V_15_1_out|       pointer|
|PixArray_val_V_15_1_out_o_ap_vld  |  out|    1|     ap_ovld|                    PixArray_val_V_15_1_out|       pointer|
|PixArray_val_V_14_1_out_i         |   in|    8|     ap_ovld|                    PixArray_val_V_14_1_out|       pointer|
|PixArray_val_V_14_1_out_o         |  out|    8|     ap_ovld|                    PixArray_val_V_14_1_out|       pointer|
|PixArray_val_V_14_1_out_o_ap_vld  |  out|    1|     ap_ovld|                    PixArray_val_V_14_1_out|       pointer|
|PixArray_val_V_13_1_out_i         |   in|    8|     ap_ovld|                    PixArray_val_V_13_1_out|       pointer|
|PixArray_val_V_13_1_out_o         |  out|    8|     ap_ovld|                    PixArray_val_V_13_1_out|       pointer|
|PixArray_val_V_13_1_out_o_ap_vld  |  out|    1|     ap_ovld|                    PixArray_val_V_13_1_out|       pointer|
|PixArray_val_V_12_1_out_i         |   in|    8|     ap_ovld|                    PixArray_val_V_12_1_out|       pointer|
|PixArray_val_V_12_1_out_o         |  out|    8|     ap_ovld|                    PixArray_val_V_12_1_out|       pointer|
|PixArray_val_V_12_1_out_o_ap_vld  |  out|    1|     ap_ovld|                    PixArray_val_V_12_1_out|       pointer|
|PixArray_val_V_11_1_out_i         |   in|    8|     ap_ovld|                    PixArray_val_V_11_1_out|       pointer|
|PixArray_val_V_11_1_out_o         |  out|    8|     ap_ovld|                    PixArray_val_V_11_1_out|       pointer|
|PixArray_val_V_11_1_out_o_ap_vld  |  out|    1|     ap_ovld|                    PixArray_val_V_11_1_out|       pointer|
|PixArray_val_V_10_1_out_i         |   in|    8|     ap_ovld|                    PixArray_val_V_10_1_out|       pointer|
|PixArray_val_V_10_1_out_o         |  out|    8|     ap_ovld|                    PixArray_val_V_10_1_out|       pointer|
|PixArray_val_V_10_1_out_o_ap_vld  |  out|    1|     ap_ovld|                    PixArray_val_V_10_1_out|       pointer|
|PixArray_val_V_9_1_out_i          |   in|    8|     ap_ovld|                     PixArray_val_V_9_1_out|       pointer|
|PixArray_val_V_9_1_out_o          |  out|    8|     ap_ovld|                     PixArray_val_V_9_1_out|       pointer|
|PixArray_val_V_9_1_out_o_ap_vld   |  out|    1|     ap_ovld|                     PixArray_val_V_9_1_out|       pointer|
|PixArray_val_V_8_1_out_i          |   in|    8|     ap_ovld|                     PixArray_val_V_8_1_out|       pointer|
|PixArray_val_V_8_1_out_o          |  out|    8|     ap_ovld|                     PixArray_val_V_8_1_out|       pointer|
|PixArray_val_V_8_1_out_o_ap_vld   |  out|    1|     ap_ovld|                     PixArray_val_V_8_1_out|       pointer|
|PixArray_val_V_7_1_out_i          |   in|    8|     ap_ovld|                     PixArray_val_V_7_1_out|       pointer|
|PixArray_val_V_7_1_out_o          |  out|    8|     ap_ovld|                     PixArray_val_V_7_1_out|       pointer|
|PixArray_val_V_7_1_out_o_ap_vld   |  out|    1|     ap_ovld|                     PixArray_val_V_7_1_out|       pointer|
|PixArray_val_V_6_1_out_i          |   in|    8|     ap_ovld|                     PixArray_val_V_6_1_out|       pointer|
|PixArray_val_V_6_1_out_o          |  out|    8|     ap_ovld|                     PixArray_val_V_6_1_out|       pointer|
|PixArray_val_V_6_1_out_o_ap_vld   |  out|    1|     ap_ovld|                     PixArray_val_V_6_1_out|       pointer|
|PixArray_val_V_5_1_out_i          |   in|    8|     ap_ovld|                     PixArray_val_V_5_1_out|       pointer|
|PixArray_val_V_5_1_out_o          |  out|    8|     ap_ovld|                     PixArray_val_V_5_1_out|       pointer|
|PixArray_val_V_5_1_out_o_ap_vld   |  out|    1|     ap_ovld|                     PixArray_val_V_5_1_out|       pointer|
|PixArray_val_V_4_1_out_i          |   in|    8|     ap_ovld|                     PixArray_val_V_4_1_out|       pointer|
|PixArray_val_V_4_1_out_o          |  out|    8|     ap_ovld|                     PixArray_val_V_4_1_out|       pointer|
|PixArray_val_V_4_1_out_o_ap_vld   |  out|    1|     ap_ovld|                     PixArray_val_V_4_1_out|       pointer|
|PixArray_val_V_3_1_out_i          |   in|    8|     ap_ovld|                     PixArray_val_V_3_1_out|       pointer|
|PixArray_val_V_3_1_out_o          |  out|    8|     ap_ovld|                     PixArray_val_V_3_1_out|       pointer|
|PixArray_val_V_3_1_out_o_ap_vld   |  out|    1|     ap_ovld|                     PixArray_val_V_3_1_out|       pointer|
|PixArray_val_V_2_1_out_i          |   in|    8|     ap_ovld|                     PixArray_val_V_2_1_out|       pointer|
|PixArray_val_V_2_1_out_o          |  out|    8|     ap_ovld|                     PixArray_val_V_2_1_out|       pointer|
|PixArray_val_V_2_1_out_o_ap_vld   |  out|    1|     ap_ovld|                     PixArray_val_V_2_1_out|       pointer|
|PixArray_val_V_1_1_out_i          |   in|    8|     ap_ovld|                     PixArray_val_V_1_1_out|       pointer|
|PixArray_val_V_1_1_out_o          |  out|    8|     ap_ovld|                     PixArray_val_V_1_1_out|       pointer|
|PixArray_val_V_1_1_out_o_ap_vld   |  out|    1|     ap_ovld|                     PixArray_val_V_1_1_out|       pointer|
|PixArray_val_V_146_out_i          |   in|    8|     ap_ovld|                     PixArray_val_V_146_out|       pointer|
|PixArray_val_V_146_out_o          |  out|    8|     ap_ovld|                     PixArray_val_V_146_out|       pointer|
|PixArray_val_V_146_out_o_ap_vld   |  out|    1|     ap_ovld|                     PixArray_val_V_146_out|       pointer|
+----------------------------------+-----+-----+------------+-------------------------------------------+--------------+

