

================================================================
== Vitis HLS Report for 'MultiPixStream2AXIvideo'
================================================================
* Date:           Fri Mar  6 02:17:07 2026

* Version:        2022.2 (Build 3670227 on Oct 13 2022)
* Project:        prj
* Solution:       sol (Vivado IP Flow Target)
* Product family: zynquplus
* Target device:  xck26-sfvc784-2LV-c


================================================================
== Performance Estimates
================================================================
+ Timing: 
    * Summary: 
    +--------+---------+----------+------------+
    |  Clock |  Target | Estimated| Uncertainty|
    +--------+---------+----------+------------+
    |ap_clk  |  5.00 ns|  2.622 ns|     1.35 ns|
    +--------+---------+----------+------------+

+ Latency: 
    * Summary: 
    +---------+---------+----------+-----------+-----+---------+---------+
    |  Latency (cycles) |  Latency (absolute)  |    Interval   | Pipeline|
    |   min   |   max   |    min   |    max    | min |   max   |   Type  |
    +---------+---------+----------+-----------+-----+---------+---------+
    |      347|  2079011|  1.735 us|  10.395 ms|  347|  2079011|       no|
    +---------+---------+----------+-----------+-----+---------+---------+

    + Detail: 
        * Instance: 
        +---------------------------------------------------------------+----------------------------------------------------+---------+---------+-----------+-----------+-----+------+---------+
        |                                                               |                                                    |  Latency (cycles) |   Latency (absolute)  |  Interval  | Pipeline|
        |                            Instance                           |                       Module                       |   min   |   max   |    min    |    max    | min |  max |   Type  |
        +---------------------------------------------------------------+----------------------------------------------------+---------+---------+-----------+-----------+-----+------+---------+
        |grp_MultiPixStream2AXIvideo_Pipeline_VITIS_LOOP_1536_1_fu_144  |MultiPixStream2AXIvideo_Pipeline_VITIS_LOOP_1536_1  |        6|        6|  30.000 ns|  30.000 ns|    6|     6|       no|
        |grp_MultiPixStream2AXIvideo_Pipeline_VITIS_LOOP_1544_3_fu_154  |MultiPixStream2AXIvideo_Pipeline_VITIS_LOOP_1544_3  |       19|     1923|  95.000 ns|   9.615 us|   19|  1923|       no|
        +---------------------------------------------------------------+----------------------------------------------------+---------+---------+-----------+-----------+-----+------+---------+

        * Loop: 
        +---------------------+---------+---------+-----------+-----------+-----------+-----------+----------+
        |                     |  Latency (cycles) | Iteration |  Initiation Interval  |    Trip   |          |
        |      Loop Name      |   min   |   max   |  Latency  |  achieved |   target  |   Count   | Pipelined|
        +---------------------+---------+---------+-----------+-----------+-----------+-----------+----------+
        |- VITIS_LOOP_1542_2  |      336|  2079000|  21 ~ 1925|          -|          -|  16 ~ 1080|        no|
        +---------------------+---------+---------+-----------+-----------+-----------+-----------+----------+



================================================================
== Utilization Estimates
================================================================
* Summary: 
+-----------------+---------+------+--------+--------+-----+
|       Name      | BRAM_18K|  DSP |   FF   |   LUT  | URAM|
+-----------------+---------+------+--------+--------+-----+
|DSP              |        -|     -|       -|       -|    -|
|Expression       |        -|     -|       0|      63|    -|
|FIFO             |        -|     -|       -|       -|    -|
|Instance         |        0|     -|      35|     225|    -|
|Memory           |        -|     -|       -|       -|    -|
|Multiplexer      |        -|     -|       -|      97|    -|
|Register         |        -|     -|      65|       -|    -|
+-----------------+---------+------+--------+--------+-----+
|Total            |        0|     0|     100|     385|    0|
+-----------------+---------+------+--------+--------+-----+
|Available        |      288|  1248|  234240|  117120|   64|
+-----------------+---------+------+--------+--------+-----+
|Utilization (%)  |        0|     0|      ~0|      ~0|    0|
+-----------------+---------+------+--------+--------+-----+

+ Detail: 
    * Instance: 
    +---------------------------------------------------------------+----------------------------------------------------+---------+----+----+-----+-----+
    |                            Instance                           |                       Module                       | BRAM_18K| DSP| FF | LUT | URAM|
    +---------------------------------------------------------------+----------------------------------------------------+---------+----+----+-----+-----+
    |grp_MultiPixStream2AXIvideo_Pipeline_VITIS_LOOP_1536_1_fu_144  |MultiPixStream2AXIvideo_Pipeline_VITIS_LOOP_1536_1  |        0|   0|  17|   68|    0|
    |grp_MultiPixStream2AXIvideo_Pipeline_VITIS_LOOP_1544_3_fu_154  |MultiPixStream2AXIvideo_Pipeline_VITIS_LOOP_1544_3  |        0|   0|  18|  157|    0|
    +---------------------------------------------------------------+----------------------------------------------------+---------+----+----+-----+-----+
    |Total                                                          |                                                    |        0|   0|  35|  225|    0|
    +---------------------------------------------------------------+----------------------------------------------------+---------+----+----+-----+-----+

    * DSP: 
    N/A

    * Memory: 
    N/A

    * FIFO: 
    N/A

    * Expression: 
    +-----------------------------------------------------------------------------------+----------+----+---+----+------------+------------+
    |                                   Variable Name                                   | Operation| DSP| FF| LUT| Bitwidth P0| Bitwidth P1|
    +-----------------------------------------------------------------------------------+----------+----+---+----+------------+------------+
    |i_2_fu_238_p2                                                                      |         +|   0|  0|  18|          11|           1|
    |sub_fu_225_p2                                                                      |         +|   0|  0|  18|          11|           2|
    |sub_ln1538_fu_197_p2                                                               |         -|   0|  0|  12|           4|           4|
    |grp_MultiPixStream2AXIvideo_Pipeline_VITIS_LOOP_1544_3_fu_154_m_axis_video_TREADY  |       and|   0|  0|   2|           1|           1|
    |icmp_ln1542_fu_233_p2                                                              |      icmp|   0|  0|  11|          11|          11|
    |ap_block_state1                                                                    |        or|   0|  0|   2|           1|           1|
    +-----------------------------------------------------------------------------------+----------+----+---+----+------------+------------+
    |Total                                                                              |          |   0|  0|  63|          39|          20|
    +-----------------------------------------------------------------------------------+----------+----+---+----+------------+------------+

    * Multiplexer: 
    +---------------------+----+-----------+-----+-----------+
    |         Name        | LUT| Input Size| Bits| Total Bits|
    +---------------------+----+-----------+-----+-----------+
    |ColorModeOut_blk_n   |   9|          2|    1|          2|
    |Height_blk_n         |   9|          2|    1|          2|
    |WidthOut_blk_n       |   9|          2|    1|          2|
    |ap_NS_fsm            |  43|          8|    1|          8|
    |ap_done              |   9|          2|    1|          2|
    |i_1_fu_96            |   9|          2|   11|         22|
    |stream_out_420_read  |   9|          2|    1|          2|
    +---------------------+----+-----------+-----+-----------+
    |Total                |  97|         20|   17|         40|
    +---------------------+----+-----------+-----+-----------+

    * Register: 
    +----------------------------------------------------------------------------+----+----+-----+-----------+
    |                                    Name                                    | FF | LUT| Bits| Const Bits|
    +----------------------------------------------------------------------------+----+----+-----+-----------+
    |ap_CS_fsm                                                                   |   7|   0|    7|          0|
    |ap_done_reg                                                                 |   1|   0|    1|          0|
    |empty_142_reg_284                                                           |  11|   0|   11|          0|
    |grp_MultiPixStream2AXIvideo_Pipeline_VITIS_LOOP_1536_1_fu_144_ap_start_reg  |   1|   0|    1|          0|
    |grp_MultiPixStream2AXIvideo_Pipeline_VITIS_LOOP_1544_3_fu_154_ap_start_reg  |   1|   0|    1|          0|
    |i_1_fu_96                                                                   |  11|   0|   11|          0|
    |map_V_1_loc_fu_104                                                          |   2|   0|    2|          0|
    |map_V_2_loc_fu_108                                                          |   2|   0|    2|          0|
    |map_V_loc_fu_100                                                            |   2|   0|    2|          0|
    |sof_reg_130                                                                 |   1|   0|    1|          0|
    |sub_ln1538_reg_274                                                          |   4|   0|    4|          0|
    |sub_reg_299                                                                 |  11|   0|   11|          0|
    |trunc_ln1486_reg_279                                                        |  11|   0|   11|          0|
    +----------------------------------------------------------------------------+----+----+-----+-----------+
    |Total                                                                       |  65|   0|   65|          0|
    +----------------------------------------------------------------------------+----+----+-----+-----------+



================================================================
== Interface
================================================================
* Summary: 
+-------------------------------+-----+-----+------------+-------------------------+--------------+
|           RTL Ports           | Dir | Bits|  Protocol  |      Source Object      |    C Type    |
+-------------------------------+-----+-----+------------+-------------------------+--------------+
|ap_clk                         |   in|    1|  ap_ctrl_hs|  MultiPixStream2AXIvideo|  return value|
|ap_rst                         |   in|    1|  ap_ctrl_hs|  MultiPixStream2AXIvideo|  return value|
|ap_start                       |   in|    1|  ap_ctrl_hs|  MultiPixStream2AXIvideo|  return value|
|ap_done                        |  out|    1|  ap_ctrl_hs|  MultiPixStream2AXIvideo|  return value|
|ap_continue                    |   in|    1|  ap_ctrl_hs|  MultiPixStream2AXIvideo|  return value|
|ap_idle                        |  out|    1|  ap_ctrl_hs|  MultiPixStream2AXIvideo|  return value|
|ap_ready                       |  out|    1|  ap_ctrl_hs|  MultiPixStream2AXIvideo|  return value|
|stream_out_420_dout            |   in|   24|     ap_fifo|           stream_out_420|       pointer|
|stream_out_420_num_data_valid  |   in|    5|     ap_fifo|           stream_out_420|       pointer|
|stream_out_420_fifo_cap        |   in|    5|     ap_fifo|           stream_out_420|       pointer|
|stream_out_420_empty_n         |   in|    1|     ap_fifo|           stream_out_420|       pointer|
|stream_out_420_read            |  out|    1|     ap_fifo|           stream_out_420|       pointer|
|m_axis_video_TDATA             |  out|   24|        axis|    m_axis_video_V_data_V|       pointer|
|m_axis_video_TVALID            |  out|    1|        axis|    m_axis_video_V_dest_V|       pointer|
|m_axis_video_TREADY            |   in|    1|        axis|    m_axis_video_V_dest_V|       pointer|
|m_axis_video_TDEST             |  out|    1|        axis|    m_axis_video_V_dest_V|       pointer|
|m_axis_video_TKEEP             |  out|    3|        axis|    m_axis_video_V_keep_V|       pointer|
|m_axis_video_TSTRB             |  out|    3|        axis|    m_axis_video_V_strb_V|       pointer|
|m_axis_video_TUSER             |  out|    1|        axis|    m_axis_video_V_user_V|       pointer|
|m_axis_video_TLAST             |  out|    1|        axis|    m_axis_video_V_last_V|       pointer|
|m_axis_video_TID               |  out|    1|        axis|      m_axis_video_V_id_V|       pointer|
|Height_dout                    |   in|   16|     ap_fifo|                   Height|       pointer|
|Height_num_data_valid          |   in|    2|     ap_fifo|                   Height|       pointer|
|Height_fifo_cap                |   in|    2|     ap_fifo|                   Height|       pointer|
|Height_empty_n                 |   in|    1|     ap_fifo|                   Height|       pointer|
|Height_read                    |  out|    1|     ap_fifo|                   Height|       pointer|
|WidthOut_dout                  |   in|   16|     ap_fifo|                 WidthOut|       pointer|
|WidthOut_num_data_valid        |   in|    2|     ap_fifo|                 WidthOut|       pointer|
|WidthOut_fifo_cap              |   in|    2|     ap_fifo|                 WidthOut|       pointer|
|WidthOut_empty_n               |   in|    1|     ap_fifo|                 WidthOut|       pointer|
|WidthOut_read                  |  out|    1|     ap_fifo|                 WidthOut|       pointer|
|ColorModeOut_dout              |   in|    8|     ap_fifo|             ColorModeOut|       pointer|
|ColorModeOut_num_data_valid    |   in|    4|     ap_fifo|             ColorModeOut|       pointer|
|ColorModeOut_fifo_cap          |   in|    4|     ap_fifo|             ColorModeOut|       pointer|
|ColorModeOut_empty_n           |   in|    1|     ap_fifo|             ColorModeOut|       pointer|
|ColorModeOut_read              |  out|    1|     ap_fifo|             ColorModeOut|       pointer|
+-------------------------------+-----+-----+------------+-------------------------+--------------+

