

================================================================
== Vitis HLS Report for 'MultiPixStream2AXIvideo_Pipeline_VITIS_LOOP_1536_1'
================================================================
* Date:           Fri Mar  6 02:17:07 2026

* Version:        2022.2 (Build 3670227 on Oct 13 2022)
* Project:        prj
* Solution:       sol (Vivado IP Flow Target)
* Product family: zynquplus
* Target device:  xck26-sfvc784-2LV-c


================================================================
== Performance Estimates
================================================================
+ Timing: 
    * Summary: 
    +--------+---------+----------+------------+
    |  Clock |  Target | Estimated| Uncertainty|
    +--------+---------+----------+------------+
    |ap_clk  |  5.00 ns|  1.474 ns|     1.35 ns|
    +--------+---------+----------+------------+

+ Latency: 
    * Summary: 
    +---------+---------+-----------+-----------+-----+-----+---------+
    |  Latency (cycles) |   Latency (absolute)  |  Interval | Pipeline|
    |   min   |   max   |    min    |    max    | min | max |   Type  |
    +---------+---------+-----------+-----------+-----+-----+---------+
    |        6|        6|  30.000 ns|  30.000 ns|    6|    6|       no|
    +---------+---------+-----------+-----------+-----+-----+---------+

    + Detail: 
        * Instance: 
        N/A

        * Loop: 
        +---------------------+---------+---------+----------+-----------+-----------+------+----------+
        |                     |  Latency (cycles) | Iteration|  Initiation Interval  | Trip |          |
        |      Loop Name      |   min   |   max   |  Latency |  achieved |   target  | Count| Pipelined|
        +---------------------+---------+---------+----------+-----------+-----------+------+----------+
        |- VITIS_LOOP_1536_1  |        4|        4|         2|          1|          1|     3|       yes|
        +---------------------+---------+---------+----------+-----------+-----------+------+----------+



================================================================
== Utilization Estimates
================================================================
* Summary: 
+-----------------+---------+------+--------+--------+-----+
|       Name      | BRAM_18K|  DSP |   FF   |   LUT  | URAM|
+-----------------+---------+------+--------+--------+-----+
|DSP              |        -|     -|       -|       -|    -|
|Expression       |        -|     -|       0|      31|    -|
|FIFO             |        -|     -|       -|       -|    -|
|Instance         |        -|     -|       -|       -|    -|
|Memory           |        0|     -|       2|       1|    -|
|Multiplexer      |        -|     -|       -|      36|    -|
|Register         |        -|     -|      15|       -|    -|
+-----------------+---------+------+--------+--------+-----+
|Total            |        0|     0|      17|      68|    0|
+-----------------+---------+------+--------+--------+-----+
|Available        |      288|  1248|  234240|  117120|   64|
+-----------------+---------+------+--------+--------+-----+
|Utilization (%)  |        0|     0|      ~0|      ~0|    0|
+-----------------+---------+------+--------+--------+-----+

+ Detail: 
    * Instance: 
    N/A

    * DSP: 
    N/A

    * Memory: 
    +-----------+------------------------------------------------------------------------+---------+---+----+-----+------+-----+------+-------------+
    |   Memory  |                                 Module                                 | BRAM_18K| FF| LUT| URAM| Words| Bits| Banks| W*Bits*Banks|
    +-----------+------------------------------------------------------------------------+---------+---+----+-----+------+-----+------+-------------+
    |mapComp_U  |MultiPixStream2AXIvideo_Pipeline_VITIS_LOOP_1536_1_mapComp_ROM_AUTO_1R  |        0|  2|   1|    0|    12|    2|     1|           24|
    +-----------+------------------------------------------------------------------------+---------+---+----+-----+------+-----+------+-------------+
    |Total      |                                                                        |        0|  2|   1|    0|    12|    2|     1|           24|
    +-----------+------------------------------------------------------------------------+---------+---+----+-----+------+-----+------+-------------+

    * FIFO: 
    N/A

    * Expression: 
    +-----------------------+----------+----+---+----+------------+------------+
    |     Variable Name     | Operation| DSP| FF| LUT| Bitwidth P0| Bitwidth P1|
    +-----------------------+----------+----+---+----+------------+------------+
    |add_ln1536_fu_110_p2   |         +|   0|  0|   9|           2|           1|
    |add_ln1538_fu_120_p2   |         +|   0|  0|  12|           4|           4|
    |icmp_ln1536_fu_104_p2  |      icmp|   0|  0|   8|           2|           2|
    |ap_enable_pp0          |       xor|   0|  0|   2|           1|           2|
    +-----------------------+----------+----+---+----+------------+------------+
    |Total                  |          |   0|  0|  31|           9|           9|
    +-----------------------+----------+----+---+----+------------+------------+

    * Multiplexer: 
    +----------------------------------+----+-----------+-----+-----------+
    |               Name               | LUT| Input Size| Bits| Total Bits|
    +----------------------------------+----+-----------+-----+-----------+
    |ap_done_int                       |   9|          2|    1|          2|
    |ap_loop_exit_ready_pp0_iter1_reg  |   9|          2|    1|          2|
    |ap_sig_allocacmp_i_1              |   9|          2|    2|          4|
    |i_fu_40                           |   9|          2|    2|          4|
    +----------------------------------+----+-----------+-----+-----------+
    |Total                             |  36|          8|    6|         12|
    +----------------------------------+----+-----------+-----+-----------+

    * Register: 
    +----------------------------------+---+----+-----+-----------+
    |               Name               | FF| LUT| Bits| Const Bits|
    +----------------------------------+---+----+-----+-----------+
    |ap_CS_fsm                         |  1|   0|    1|          0|
    |ap_done_reg                       |  1|   0|    1|          0|
    |ap_enable_reg_pp0_iter1           |  1|   0|    1|          0|
    |ap_loop_exit_ready_pp0_iter1_reg  |  1|   0|    1|          0|
    |i_1_reg_204                       |  2|   0|    2|          0|
    |i_fu_40                           |  2|   0|    2|          0|
    |icmp_ln1536_reg_208               |  1|   0|    1|          0|
    |map_V_1_fu_48                     |  2|   0|    5|          3|
    |map_V_2_fu_52                     |  2|   0|    5|          3|
    |map_V_fu_44                       |  2|   0|    5|          3|
    +----------------------------------+---+----+-----+-----------+
    |Total                             | 15|   0|   24|          9|
    +----------------------------------+---+----+-----+-----------+



================================================================
== Interface
================================================================
* Summary: 
+--------------------+-----+-----+------------+----------------------------------------------------+--------------+
|      RTL Ports     | Dir | Bits|  Protocol  |                    Source Object                   |    C Type    |
+--------------------+-----+-----+------------+----------------------------------------------------+--------------+
|ap_clk              |   in|    1|  ap_ctrl_hs|  MultiPixStream2AXIvideo_Pipeline_VITIS_LOOP_1536_1|  return value|
|ap_rst              |   in|    1|  ap_ctrl_hs|  MultiPixStream2AXIvideo_Pipeline_VITIS_LOOP_1536_1|  return value|
|ap_start            |   in|    1|  ap_ctrl_hs|  MultiPixStream2AXIvideo_Pipeline_VITIS_LOOP_1536_1|  return value|
|ap_done             |  out|    1|  ap_ctrl_hs|  MultiPixStream2AXIvideo_Pipeline_VITIS_LOOP_1536_1|  return value|
|ap_idle             |  out|    1|  ap_ctrl_hs|  MultiPixStream2AXIvideo_Pipeline_VITIS_LOOP_1536_1|  return value|
|ap_ready            |  out|    1|  ap_ctrl_hs|  MultiPixStream2AXIvideo_Pipeline_VITIS_LOOP_1536_1|  return value|
|sub_ln1538          |   in|    4|   ap_stable|                                          sub_ln1538|        scalar|
|map_V_2_out         |  out|    2|      ap_vld|                                         map_V_2_out|       pointer|
|map_V_2_out_ap_vld  |  out|    1|      ap_vld|                                         map_V_2_out|       pointer|
|map_V_1_out         |  out|    2|      ap_vld|                                         map_V_1_out|       pointer|
|map_V_1_out_ap_vld  |  out|    1|      ap_vld|                                         map_V_1_out|       pointer|
|map_V_out           |  out|    2|      ap_vld|                                           map_V_out|       pointer|
|map_V_out_ap_vld    |  out|    1|      ap_vld|                                           map_V_out|       pointer|
+--------------------+-----+-----+------------+----------------------------------------------------+--------------+

