

================================================================
== Vitis HLS Report for 'v_hcresampler_core_1'
================================================================
* Date:           Fri Mar  6 02:17:06 2026

* Version:        2022.2 (Build 3670227 on Oct 13 2022)
* Project:        prj
* Solution:       sol (Vivado IP Flow Target)
* Product family: zynquplus
* Target device:  xck26-sfvc784-2LV-c


================================================================
== Performance Estimates
================================================================
+ Timing: 
    * Summary: 
    +--------+---------+----------+------------+
    |  Clock |  Target | Estimated| Uncertainty|
    +--------+---------+----------+------------+
    |ap_clk  |  5.00 ns|  3.650 ns|     1.35 ns|
    +--------+---------+----------+------------+

+ Latency: 
    * Summary: 
    +---------+------------+-----------+-----------+-----+------------+---------+
    |   Latency (cycles)   |   Latency (absolute)  |     Interval     | Pipeline|
    |   min   |     max    |    min    |    max    | min |     max    |   Type  |
    +---------+------------+-----------+-----------+-----+------------+---------+
    |        2|  1073938427|  10.000 ns|  5.370 sec|    2|  1073938427|       no|
    +---------+------------+-----------+-----------+-----+------------+---------+

    + Detail: 
        * Instance: 
        +------------------------------------------------------------+-------------------------------------------------+---------+---------+-----------+----------+-----+-------+---------+
        |                                                            |                                                 |  Latency (cycles) |  Latency (absolute)  |   Interval  | Pipeline|
        |                          Instance                          |                      Module                     |   min   |   max   |    min    |    max   | min |  max  |   Type  |
        +------------------------------------------------------------+-------------------------------------------------+---------+---------+-----------+----------+-----+-------+---------+
        |grp_v_hcresampler_core_1_Pipeline_VITIS_LOOP_1636_2_fu_198  |v_hcresampler_core_1_Pipeline_VITIS_LOOP_1636_2  |        5|    32771|  25.000 ns|  0.164 ms|    5|  32771|       no|
        +------------------------------------------------------------+-------------------------------------------------+---------+---------+-----------+----------+-----+-------+---------+

        * Loop: 
        +---------------------+---------+------------+-----------+-----------+-----------+-----------+----------+
        |                     |   Latency (cycles)   | Iteration |  Initiation Interval  |    Trip   |          |
        |      Loop Name      |   min   |     max    |  Latency  |  achieved |   target  |   Count   | Pipelined|
        +---------------------+---------+------------+-----------+-----------+-----------+-----------+----------+
        |- VITIS_LOOP_1634_1  |        0|  1073938425|  2 ~ 32775|          -|          -|  0 ~ 32767|        no|
        +---------------------+---------+------------+-----------+-----------+-----------+-----------+----------+



================================================================
== Utilization Estimates
================================================================
* Summary: 
+-----------------+---------+------+--------+--------+-----+
|       Name      | BRAM_18K|  DSP |   FF   |   LUT  | URAM|
+-----------------+---------+------+--------+--------+-----+
|DSP              |        -|     -|       -|       -|    -|
|Expression       |        -|     -|       0|      80|    -|
|FIFO             |        -|     -|       -|       -|    -|
|Instance         |        -|     -|     200|     608|    -|
|Memory           |        -|     -|       -|       -|    -|
|Multiplexer      |        -|     -|       -|     109|    -|
|Register         |        -|     -|     312|       -|    -|
+-----------------+---------+------+--------+--------+-----+
|Total            |        0|     0|     512|     797|    0|
+-----------------+---------+------+--------+--------+-----+
|Available        |      288|  1248|  234240|  117120|   64|
+-----------------+---------+------+--------+--------+-----+
|Utilization (%)  |        0|     0|      ~0|      ~0|    0|
+-----------------+---------+------+--------+--------+-----+

+ Detail: 
    * Instance: 
    +------------------------------------------------------------+-------------------------------------------------+---------+----+-----+-----+-----+
    |                          Instance                          |                      Module                     | BRAM_18K| DSP|  FF | LUT | URAM|
    +------------------------------------------------------------+-------------------------------------------------+---------+----+-----+-----+-----+
    |grp_v_hcresampler_core_1_Pipeline_VITIS_LOOP_1636_2_fu_198  |v_hcresampler_core_1_Pipeline_VITIS_LOOP_1636_2  |        0|   0|  200|  608|    0|
    +------------------------------------------------------------+-------------------------------------------------+---------+----+-----+-----+-----+
    |Total                                                       |                                                 |        0|   0|  200|  608|    0|
    +------------------------------------------------------------+-------------------------------------------------+---------+----+-----+-----+-----+

    * DSP: 
    N/A

    * Memory: 
    N/A

    * FIFO: 
    N/A

    * Expression: 
    +---------------------------+----------+----+---+----+------------+------------+
    |       Variable Name       | Operation| DSP| FF| LUT| Bitwidth P0| Bitwidth P1|
    +---------------------------+----------+----+---+----+------------+------------+
    |loopWidth_fu_254_p2        |         +|   0|  0|  23|          16|          16|
    |y_3_fu_286_p2              |         +|   0|  0|  22|          15|           1|
    |cmp361022_fu_263_p2        |      icmp|   0|  0|  13|          16|           1|
    |icmp_ln1634_fu_281_p2      |      icmp|   0|  0|  13|          16|          16|
    |ap_block_state1            |        or|   0|  0|   2|           1|           1|
    |select_ln1632_1_fu_247_p3  |    select|   0|  0|   2|           1|           1|
    |select_ln1632_fu_240_p3    |    select|   0|  0|   3|           1|           1|
    |xor_ln1634_fu_269_p2       |       xor|   0|  0|   2|           1|           2|
    +---------------------------+----------+----+---+----+------------+------------+
    |Total                      |          |   0|  0|  80|          67|          39|
    +---------------------------+----------+----+---+----+------------+------------+

    * Multiplexer: 
    +------------------------+----+-----------+-----+-----------+
    |          Name          | LUT| Input Size| Bits| Total Bits|
    +------------------------+----+-----------+-----+-----------+
    |Height_blk_n            |   9|          2|    1|          2|
    |Height_c17_blk_n        |   9|          2|    1|          2|
    |WidthOut_blk_n          |   9|          2|    1|          2|
    |WidthOut_c21_blk_n      |   9|          2|    1|          2|
    |ap_NS_fsm               |  37|          7|    1|          7|
    |ap_done                 |   9|          2|    1|          2|
    |stream_out_422_write    |   9|          2|    1|          2|
    |stream_scaled_csc_read  |   9|          2|    1|          2|
    |y_fu_76                 |   9|          2|   15|         30|
    +------------------------+----+-----------+-----+-----------+
    |Total                   | 109|         23|   23|         51|
    +------------------------+----+-----------+-----+-----------+

    * Register: 
    +-------------------------------------------------------------------------+----+----+-----+-----------+
    |                                   Name                                  | FF | LUT| Bits| Const Bits|
    +-------------------------------------------------------------------------+----+----+-----+-----------+
    |WidthOut_read_reg_500                                                    |  16|   0|   16|          0|
    |ap_CS_fsm                                                                |   6|   0|    6|          0|
    |ap_done_reg                                                              |   1|   0|    1|          0|
    |cmp361022_reg_521                                                        |   1|   0|    1|          0|
    |filt_res1_fu_80                                                          |  64|   0|   64|          0|
    |grp_v_hcresampler_core_1_Pipeline_VITIS_LOOP_1636_2_fu_198_ap_start_reg  |   1|   0|    1|          0|
    |loopHeight_reg_506                                                       |  16|   0|   16|          0|
    |p_0_0_0_0_0524_21081_lcssa1107_fu_124                                    |   8|   0|    8|          0|
    |p_0_0_0_0_05321031_lcssa1053_fu_84                                       |   8|   0|    8|          0|
    |p_0_0_0_0_05321037_lcssa1062_fu_96                                       |   8|   0|    8|          0|
    |p_0_0_0_0_0_21084_lcssa1110_fu_128                                       |   8|   0|    8|          0|
    |p_0_1_0_0_01033_lcssa1056_fu_88                                          |   8|   0|    8|          0|
    |p_0_1_0_0_01039_lcssa1065_fu_100                                         |   8|   0|    8|          0|
    |p_0_1_0_0_01043_lcssa1068_fu_104                                         |   8|   0|    8|          0|
    |p_0_2_0_0_01035_lcssa1059_fu_92                                          |   8|   0|    8|          0|
    |p_lcssa10771095_fu_112                                                   |   8|   0|    8|          0|
    |p_lcssa10791101_fu_116                                                   |   8|   0|    8|          0|
    |p_lcssa10801104_fu_120                                                   |   8|   0|    8|          0|
    |p_lcssa1089_fu_108                                                       |   8|   0|    8|          0|
    |pixbuf_y_val_V_1_fu_136                                                  |   8|   0|    8|          0|
    |pixbuf_y_val_V_2_fu_140                                                  |   8|   0|    8|          0|
    |pixbuf_y_val_V_2_load_reg_538                                            |   8|   0|    8|          0|
    |pixbuf_y_val_V_3_fu_144                                                  |   8|   0|    8|          0|
    |pixbuf_y_val_V_3_load_reg_543                                            |   8|   0|    8|          0|
    |pixbuf_y_val_V_4_fu_148                                                  |   8|   0|    8|          0|
    |pixbuf_y_val_V_4_load_reg_548                                            |   8|   0|    8|          0|
    |pixbuf_y_val_V_fu_132                                                    |   8|   0|    8|          0|
    |select_ln1632_reg_511                                                    |   1|   0|    2|          1|
    |trunc_ln1597_reg_516                                                     |  15|   0|   15|          0|
    |xor_ln1634_reg_525                                                       |   1|   0|    1|          0|
    |y_3_reg_533                                                              |  15|   0|   15|          0|
    |y_fu_76                                                                  |  15|   0|   15|          0|
    +-------------------------------------------------------------------------+----+----+-----+-----------+
    |Total                                                                    | 312|   0|  313|          1|
    +-------------------------------------------------------------------------+----+----+-----+-----------+



================================================================
== Interface
================================================================
* Summary: 
+----------------------------------+-----+-----+------------+----------------------+--------------+
|             RTL Ports            | Dir | Bits|  Protocol  |     Source Object    |    C Type    |
+----------------------------------+-----+-----+------------+----------------------+--------------+
|ap_clk                            |   in|    1|  ap_ctrl_hs|  v_hcresampler_core.1|  return value|
|ap_rst                            |   in|    1|  ap_ctrl_hs|  v_hcresampler_core.1|  return value|
|ap_start                          |   in|    1|  ap_ctrl_hs|  v_hcresampler_core.1|  return value|
|ap_done                           |  out|    1|  ap_ctrl_hs|  v_hcresampler_core.1|  return value|
|ap_continue                       |   in|    1|  ap_ctrl_hs|  v_hcresampler_core.1|  return value|
|ap_idle                           |  out|    1|  ap_ctrl_hs|  v_hcresampler_core.1|  return value|
|ap_ready                          |  out|    1|  ap_ctrl_hs|  v_hcresampler_core.1|  return value|
|stream_scaled_csc_dout            |   in|   24|     ap_fifo|     stream_scaled_csc|       pointer|
|stream_scaled_csc_num_data_valid  |   in|    5|     ap_fifo|     stream_scaled_csc|       pointer|
|stream_scaled_csc_fifo_cap        |   in|    5|     ap_fifo|     stream_scaled_csc|       pointer|
|stream_scaled_csc_empty_n         |   in|    1|     ap_fifo|     stream_scaled_csc|       pointer|
|stream_scaled_csc_read            |  out|    1|     ap_fifo|     stream_scaled_csc|       pointer|
|Height_dout                       |   in|   16|     ap_fifo|                Height|       pointer|
|Height_num_data_valid             |   in|    2|     ap_fifo|                Height|       pointer|
|Height_fifo_cap                   |   in|    2|     ap_fifo|                Height|       pointer|
|Height_empty_n                    |   in|    1|     ap_fifo|                Height|       pointer|
|Height_read                       |  out|    1|     ap_fifo|                Height|       pointer|
|WidthOut_dout                     |   in|   16|     ap_fifo|              WidthOut|       pointer|
|WidthOut_num_data_valid           |   in|    2|     ap_fifo|              WidthOut|       pointer|
|WidthOut_fifo_cap                 |   in|    2|     ap_fifo|              WidthOut|       pointer|
|WidthOut_empty_n                  |   in|    1|     ap_fifo|              WidthOut|       pointer|
|WidthOut_read                     |  out|    1|     ap_fifo|              WidthOut|       pointer|
|p_read                            |   in|    1|     ap_none|                p_read|        scalar|
|stream_out_422_din                |  out|   24|     ap_fifo|        stream_out_422|       pointer|
|stream_out_422_num_data_valid     |   in|    5|     ap_fifo|        stream_out_422|       pointer|
|stream_out_422_fifo_cap           |   in|    5|     ap_fifo|        stream_out_422|       pointer|
|stream_out_422_full_n             |   in|    1|     ap_fifo|        stream_out_422|       pointer|
|stream_out_422_write              |  out|    1|     ap_fifo|        stream_out_422|       pointer|
|Height_c17_din                    |  out|   16|     ap_fifo|            Height_c17|       pointer|
|Height_c17_num_data_valid         |   in|    2|     ap_fifo|            Height_c17|       pointer|
|Height_c17_fifo_cap               |   in|    2|     ap_fifo|            Height_c17|       pointer|
|Height_c17_full_n                 |   in|    1|     ap_fifo|            Height_c17|       pointer|
|Height_c17_write                  |  out|    1|     ap_fifo|            Height_c17|       pointer|
|WidthOut_c21_din                  |  out|   16|     ap_fifo|          WidthOut_c21|       pointer|
|WidthOut_c21_num_data_valid       |   in|    2|     ap_fifo|          WidthOut_c21|       pointer|
|WidthOut_c21_fifo_cap             |   in|    2|     ap_fifo|          WidthOut_c21|       pointer|
|WidthOut_c21_full_n               |   in|    1|     ap_fifo|          WidthOut_c21|       pointer|
|WidthOut_c21_write                |  out|    1|     ap_fifo|          WidthOut_c21|       pointer|
+----------------------------------+-----+-----+------------+----------------------+--------------+

