

================================================================
== Vitis HLS Report for 'v_vcresampler_core_Pipeline_VITIS_LOOP_1853_2'
================================================================
* Date:           Fri Mar  6 02:17:06 2026

* Version:        2022.2 (Build 3670227 on Oct 13 2022)
* Project:        prj
* Solution:       sol (Vivado IP Flow Target)
* Product family: zynquplus
* Target device:  xck26-sfvc784-2LV-c


================================================================
== Performance Estimates
================================================================
+ Timing: 
    * Summary: 
    +--------+---------+----------+------------+
    |  Clock |  Target | Estimated| Uncertainty|
    +--------+---------+----------+------------+
    |ap_clk  |  5.00 ns|  3.389 ns|     1.35 ns|
    +--------+---------+----------+------------+

+ Latency: 
    * Summary: 
    +---------+---------+-----------+----------+-----+-------+---------+
    |  Latency (cycles) |  Latency (absolute)  |   Interval  | Pipeline|
    |   min   |   max   |    min    |    max   | min |  max  |   Type  |
    +---------+---------+-----------+----------+-----+-------+---------+
    |        4|    32771|  20.000 ns|  0.164 ms|    4|  32771|       no|
    +---------+---------+-----------+----------+-----+-------+---------+

    + Detail: 
        * Instance: 
        N/A

        * Loop: 
        +---------------------+---------+---------+----------+-----------+-----------+-----------+----------+
        |                     |  Latency (cycles) | Iteration|  Initiation Interval  |    Trip   |          |
        |      Loop Name      |   min   |   max   |  Latency |  achieved |   target  |   Count   | Pipelined|
        +---------------------+---------+---------+----------+-----------+-----------+-----------+----------+
        |- VITIS_LOOP_1853_2  |        2|    32769|         4|          1|          1|  0 ~ 32767|       yes|
        +---------------------+---------+---------+----------+-----------+-----------+-----------+----------+



================================================================
== Utilization Estimates
================================================================
* Summary: 
+-----------------+---------+------+--------+--------+-----+
|       Name      | BRAM_18K|  DSP |   FF   |   LUT  | URAM|
+-----------------+---------+------+--------+--------+-----+
|DSP              |        -|     -|       -|       -|    -|
|Expression       |        -|     -|       0|     133|    -|
|FIFO             |        -|     -|       -|       -|    -|
|Instance         |        -|     -|       -|       -|    -|
|Memory           |        -|     -|       -|       -|    -|
|Multiplexer      |        -|     -|       -|     127|    -|
|Register         |        -|     -|     147|      32|    -|
+-----------------+---------+------+--------+--------+-----+
|Total            |        0|     0|     147|     292|    0|
+-----------------+---------+------+--------+--------+-----+
|Available        |      288|  1248|  234240|  117120|   64|
+-----------------+---------+------+--------+--------+-----+
|Utilization (%)  |        0|     0|      ~0|      ~0|    0|
+-----------------+---------+------+--------+--------+-----+

+ Detail: 
    * Instance: 
    N/A

    * DSP: 
    N/A

    * Memory: 
    N/A

    * FIFO: 
    N/A

    * Expression: 
    +-----------------------------------+----------+----+---+----+------------+------------+
    |           Variable Name           | Operation| DSP| FF| LUT| Bitwidth P0| Bitwidth P1|
    +-----------------------------------+----------+----+---+----+------------+------------+
    |add_ln1495_1_fu_365_p2             |         +|   0|  0|  18|          10|          10|
    |add_ln1495_2_fu_355_p2             |         +|   0|  0|  16|           9|           2|
    |add_ln1495_fu_349_p2               |         +|   0|  0|  18|          10|          10|
    |add_ln1853_fu_231_p2               |         +|   0|  0|  22|          15|           1|
    |ap_block_pp0                       |       and|   0|  0|   2|           1|           1|
    |ap_block_state2_pp0_stage0_iter1   |       and|   0|  0|   2|           1|           1|
    |ap_block_state3_pp0_stage0_iter2   |       and|   0|  0|   2|           1|           1|
    |ap_block_state4_pp0_stage0_iter3   |       and|   0|  0|   2|           1|           1|
    |ap_enable_state2_pp0_iter1_stage0  |       and|   0|  0|   2|           1|           1|
    |ap_enable_state3_pp0_iter2_stage0  |       and|   0|  0|   2|           1|           1|
    |ap_enable_state4_pp0_iter3_stage0  |       and|   0|  0|   2|           1|           1|
    |ap_predicate_op31_read_state2      |       and|   0|  0|   2|           1|           1|
    |ap_predicate_op47_load_state2      |       and|   0|  0|   2|           1|           1|
    |ap_predicate_op55_load_state3      |       and|   0|  0|   2|           1|           1|
    |ap_predicate_op57_store_state3     |       and|   0|  0|   2|           1|           1|
    |ap_predicate_op76_write_state3     |       and|   0|  0|   2|           1|           1|
    |ap_predicate_op82_write_state4     |       and|   0|  0|   2|           1|           1|
    |icmp_ln1853_fu_225_p2              |      icmp|   0|  0|  13|          16|          16|
    |ap_block_pp0_stage0_01001          |        or|   0|  0|   2|           1|           1|
    |conv3_i_i71735_fu_404_p3           |    select|   0|  0|   8|           1|           1|
    |linebuf_c_val_V_1_d0               |    select|   0|  0|   8|           1|           8|
    |ap_enable_pp0                      |       xor|   0|  0|   2|           1|           2|
    +-----------------------------------+----------+----+---+----+------------+------------+
    |Total                              |          |   0|  0| 133|          77|          64|
    +-----------------------------------+----------+----+---+----+------------+------------+

    * Multiplexer: 
    +--------------------------------+----+-----------+-----+-----------+
    |              Name              | LUT| Input Size| Bits| Total Bits|
    +--------------------------------+----+-----------+-----+-----------+
    |ap_done_int                     |   9|          2|    1|          2|
    |ap_enable_reg_pp0_iter3         |   9|          2|    1|          2|
    |ap_phi_mux_rhs_2_phi_fu_206_p4  |  14|          3|    8|         24|
    |ap_sig_allocacmp_x              |   9|          2|   15|         30|
    |out_x_fu_96                     |   9|          2|   15|         30|
    |p_0_0_0_0_0393715_out_o         |   9|          2|    8|         16|
    |p_0_0_0_0_0393721_out_o         |   9|          2|    8|         16|
    |p_0_1_0_0_0717_out_o            |   9|          2|    8|         16|
    |p_0_1_0_0_0723_out_o            |   9|          2|    8|         16|
    |p_0_2_0_0_0719_out_o            |   9|          2|    8|         16|
    |stream_out_420_blk_n            |   9|          2|    1|          2|
    |stream_out_420_din              |  14|          3|   24|         72|
    |stream_out_422_blk_n            |   9|          2|    1|          2|
    +--------------------------------+----+-----------+-----+-----------+
    |Total                           | 127|         28|  106|        244|
    +--------------------------------+----+-----------+-----+-----------+

    * Register: 
    +----------------------------------+----+----+-----+-----------+
    |               Name               | FF | LUT| Bits| Const Bits|
    +----------------------------------+----+----+-----+-----------+
    |ap_CS_fsm                         |   1|   0|    1|          0|
    |ap_done_reg                       |   1|   0|    1|          0|
    |ap_enable_reg_pp0_iter1           |   1|   0|    1|          0|
    |ap_enable_reg_pp0_iter2           |   1|   0|    1|          0|
    |ap_enable_reg_pp0_iter3           |   1|   0|    1|          0|
    |ap_loop_exit_ready_pp0_iter1_reg  |   1|   0|    1|          0|
    |ap_loop_exit_ready_pp0_iter2_reg  |   1|   0|    1|          0|
    |icmp_ln1853_reg_458               |   1|   0|    1|          0|
    |linebuf_c_val_V_addr_reg_467      |  11|   0|   11|          0|
    |linebuf_y_val_V_addr_reg_462      |  11|   0|   11|          0|
    |out_x_fu_96                       |  15|   0|   15|          0|
    |trunc_ln1_reg_478                 |   8|   0|    8|          0|
    |x_reg_452                         |  15|   0|   15|          0|
    |x_reg_452_pp0_iter1_reg           |  15|   0|   15|          0|
    |icmp_ln1853_reg_458               |  64|  32|    1|          0|
    +----------------------------------+----+----+-----+-----------+
    |Total                             | 147|  32|   84|          0|
    +----------------------------------+----+----+-----+-----------+



================================================================
== Interface
================================================================
* Summary: 
+--------------------------------+-----+-----+------------+-----------------------------------------------+--------------+
|            RTL Ports           | Dir | Bits|  Protocol  |                 Source Object                 |    C Type    |
+--------------------------------+-----+-----+------------+-----------------------------------------------+--------------+
|ap_clk                          |   in|    1|  ap_ctrl_hs|  v_vcresampler_core_Pipeline_VITIS_LOOP_1853_2|  return value|
|ap_rst                          |   in|    1|  ap_ctrl_hs|  v_vcresampler_core_Pipeline_VITIS_LOOP_1853_2|  return value|
|ap_start                        |   in|    1|  ap_ctrl_hs|  v_vcresampler_core_Pipeline_VITIS_LOOP_1853_2|  return value|
|ap_done                         |  out|    1|  ap_ctrl_hs|  v_vcresampler_core_Pipeline_VITIS_LOOP_1853_2|  return value|
|ap_idle                         |  out|    1|  ap_ctrl_hs|  v_vcresampler_core_Pipeline_VITIS_LOOP_1853_2|  return value|
|ap_ready                        |  out|    1|  ap_ctrl_hs|  v_vcresampler_core_Pipeline_VITIS_LOOP_1853_2|  return value|
|stream_out_422_dout             |   in|   24|     ap_fifo|                                 stream_out_422|       pointer|
|stream_out_422_num_data_valid   |   in|    5|     ap_fifo|                                 stream_out_422|       pointer|
|stream_out_422_fifo_cap         |   in|    5|     ap_fifo|                                 stream_out_422|       pointer|
|stream_out_422_empty_n          |   in|    1|     ap_fifo|                                 stream_out_422|       pointer|
|stream_out_422_read             |  out|    1|     ap_fifo|                                 stream_out_422|       pointer|
|stream_out_420_din              |  out|   24|     ap_fifo|                                 stream_out_420|       pointer|
|stream_out_420_num_data_valid   |   in|    5|     ap_fifo|                                 stream_out_420|       pointer|
|stream_out_420_fifo_cap         |   in|    5|     ap_fifo|                                 stream_out_420|       pointer|
|stream_out_420_full_n           |   in|    1|     ap_fifo|                                 stream_out_420|       pointer|
|stream_out_420_write            |  out|    1|     ap_fifo|                                 stream_out_420|       pointer|
|loopWidth                       |   in|   16|   ap_stable|                                      loopWidth|        scalar|
|cmp100                          |   in|    1|     ap_none|                                         cmp100|        scalar|
|linebuf_c_val_V_1_address0      |  out|   11|   ap_memory|                              linebuf_c_val_V_1|         array|
|linebuf_c_val_V_1_ce0           |  out|    1|   ap_memory|                              linebuf_c_val_V_1|         array|
|linebuf_c_val_V_1_we0           |  out|    1|   ap_memory|                              linebuf_c_val_V_1|         array|
|linebuf_c_val_V_1_d0            |  out|    8|   ap_memory|                              linebuf_c_val_V_1|         array|
|linebuf_c_val_V_1_address1      |  out|   11|   ap_memory|                              linebuf_c_val_V_1|         array|
|linebuf_c_val_V_1_ce1           |  out|    1|   ap_memory|                              linebuf_c_val_V_1|         array|
|linebuf_c_val_V_1_q1            |   in|    8|   ap_memory|                              linebuf_c_val_V_1|         array|
|out_y_cast                      |   in|    1|     ap_none|                                     out_y_cast|        scalar|
|cmp384                          |   in|    1|     ap_none|                                         cmp384|        scalar|
|linebuf_y_val_V_address0        |  out|   11|   ap_memory|                                linebuf_y_val_V|         array|
|linebuf_y_val_V_ce0             |  out|    1|   ap_memory|                                linebuf_y_val_V|         array|
|linebuf_y_val_V_we0             |  out|    1|   ap_memory|                                linebuf_y_val_V|         array|
|linebuf_y_val_V_d0              |  out|    8|   ap_memory|                                linebuf_y_val_V|         array|
|linebuf_y_val_V_q0              |   in|    8|   ap_memory|                                linebuf_y_val_V|         array|
|linebuf_c_val_V_address0        |  out|   11|   ap_memory|                                linebuf_c_val_V|         array|
|linebuf_c_val_V_ce0             |  out|    1|   ap_memory|                                linebuf_c_val_V|         array|
|linebuf_c_val_V_we0             |  out|    1|   ap_memory|                                linebuf_c_val_V|         array|
|linebuf_c_val_V_d0              |  out|    8|   ap_memory|                                linebuf_c_val_V|         array|
|linebuf_c_val_V_address1        |  out|   11|   ap_memory|                                linebuf_c_val_V|         array|
|linebuf_c_val_V_ce1             |  out|    1|   ap_memory|                                linebuf_c_val_V|         array|
|linebuf_c_val_V_q1              |   in|    8|   ap_memory|                                linebuf_c_val_V|         array|
|cmp33                           |   in|    1|     ap_none|                                          cmp33|        scalar|
|p_read                          |   in|    1|     ap_none|                                         p_read|        scalar|
|p_0_1_0_0_0723_out_i            |   in|    8|     ap_ovld|                             p_0_1_0_0_0723_out|       pointer|
|p_0_1_0_0_0723_out_o            |  out|    8|     ap_ovld|                             p_0_1_0_0_0723_out|       pointer|
|p_0_1_0_0_0723_out_o_ap_vld     |  out|    1|     ap_ovld|                             p_0_1_0_0_0723_out|       pointer|
|p_0_0_0_0_0393721_out_i         |   in|    8|     ap_ovld|                          p_0_0_0_0_0393721_out|       pointer|
|p_0_0_0_0_0393721_out_o         |  out|    8|     ap_ovld|                          p_0_0_0_0_0393721_out|       pointer|
|p_0_0_0_0_0393721_out_o_ap_vld  |  out|    1|     ap_ovld|                          p_0_0_0_0_0393721_out|       pointer|
|p_0_2_0_0_0719_out_i            |   in|    8|     ap_ovld|                             p_0_2_0_0_0719_out|       pointer|
|p_0_2_0_0_0719_out_o            |  out|    8|     ap_ovld|                             p_0_2_0_0_0719_out|       pointer|
|p_0_2_0_0_0719_out_o_ap_vld     |  out|    1|     ap_ovld|                             p_0_2_0_0_0719_out|       pointer|
|p_0_1_0_0_0717_out_i            |   in|    8|     ap_ovld|                             p_0_1_0_0_0717_out|       pointer|
|p_0_1_0_0_0717_out_o            |  out|    8|     ap_ovld|                             p_0_1_0_0_0717_out|       pointer|
|p_0_1_0_0_0717_out_o_ap_vld     |  out|    1|     ap_ovld|                             p_0_1_0_0_0717_out|       pointer|
|p_0_0_0_0_0393715_out_i         |   in|    8|     ap_ovld|                          p_0_0_0_0_0393715_out|       pointer|
|p_0_0_0_0_0393715_out_o         |  out|    8|     ap_ovld|                          p_0_0_0_0_0393715_out|       pointer|
|p_0_0_0_0_0393715_out_o_ap_vld  |  out|    1|     ap_ovld|                          p_0_0_0_0_0393715_out|       pointer|
+--------------------------------+-----+-----+------------+-----------------------------------------------+--------------+

