

================================================================
== Vitis HLS Report for 'v_vcresampler_core'
================================================================
* Date:           Fri Mar  6 02:17:06 2026

* Version:        2022.2 (Build 3670227 on Oct 13 2022)
* Project:        prj
* Solution:       sol (Vivado IP Flow Target)
* Product family: zynquplus
* Target device:  xck26-sfvc784-2LV-c


================================================================
== Performance Estimates
================================================================
+ Timing: 
    * Summary: 
    +--------+---------+----------+------------+
    |  Clock |  Target | Estimated| Uncertainty|
    +--------+---------+----------+------------+
    |ap_clk  |  5.00 ns|  3.650 ns|     1.35 ns|
    +--------+---------+----------+------------+

+ Latency: 
    * Summary: 
    +---------+------------+----------+-----------+-----+------------+---------+
    |   Latency (cycles)   |  Latency (absolute)  |     Interval     | Pipeline|
    |   min   |     max    |    min   |    max    | min |     max    |   Type  |
    +---------+------------+----------+-----------+-----+------------+---------+
    |        1|  1073872892|  5.000 ns|  5.369 sec|    1|  1073872892|       no|
    +---------+------------+----------+-----------+-----+------------+---------+

    + Detail: 
        * Instance: 
        +----------------------------------------------------------+-----------------------------------------------+---------+---------+-----------+----------+-----+-------+---------+
        |                                                          |                                               |  Latency (cycles) |  Latency (absolute)  |   Interval  | Pipeline|
        |                         Instance                         |                     Module                    |   min   |   max   |    min    |    max   | min |  max  |   Type  |
        +----------------------------------------------------------+-----------------------------------------------+---------+---------+-----------+----------+-----+-------+---------+
        |grp_v_vcresampler_core_Pipeline_VITIS_LOOP_1853_2_fu_142  |v_vcresampler_core_Pipeline_VITIS_LOOP_1853_2  |        4|    32771|  20.000 ns|  0.164 ms|    4|  32771|       no|
        +----------------------------------------------------------+-----------------------------------------------+---------+---------+-----------+----------+-----+-------+---------+

        * Loop: 
        +---------------------+---------+------------+-----------+-----------+-----------+-----------+----------+
        |                     |   Latency (cycles)   | Iteration |  Initiation Interval  |    Trip   |          |
        |      Loop Name      |   min   |     max    |  Latency  |  achieved |   target  |   Count   | Pipelined|
        +---------------------+---------+------------+-----------+-----------+-----------+-----------+----------+
        |- VITIS_LOOP_1851_1  |        0|  1073872891|  6 ~ 32773|          -|          -|  0 ~ 32767|        no|
        +---------------------+---------+------------+-----------+-----------+-----------+-----------+----------+



================================================================
== Utilization Estimates
================================================================
* Summary: 
+-----------------+---------+------+--------+--------+-----+
|       Name      | BRAM_18K|  DSP |   FF   |   LUT  | URAM|
+-----------------+---------+------+--------+--------+-----+
|DSP              |        -|     -|       -|       -|    -|
|Expression       |        -|     -|       0|     112|    -|
|FIFO             |        -|     -|       -|       -|    -|
|Instance         |        -|     -|     147|     292|    -|
|Memory           |        3|     -|       0|       0|    0|
|Multiplexer      |        -|     -|       -|      92|    -|
|Register         |        -|     -|     113|       -|    -|
+-----------------+---------+------+--------+--------+-----+
|Total            |        3|     0|     260|     496|    0|
+-----------------+---------+------+--------+--------+-----+
|Available        |      288|  1248|  234240|  117120|   64|
+-----------------+---------+------+--------+--------+-----+
|Utilization (%)  |        1|     0|      ~0|      ~0|    0|
+-----------------+---------+------+--------+--------+-----+

+ Detail: 
    * Instance: 
    +----------------------------------------------------------+-----------------------------------------------+---------+----+-----+-----+-----+
    |                         Instance                         |                     Module                    | BRAM_18K| DSP|  FF | LUT | URAM|
    +----------------------------------------------------------+-----------------------------------------------+---------+----+-----+-----+-----+
    |grp_v_vcresampler_core_Pipeline_VITIS_LOOP_1853_2_fu_142  |v_vcresampler_core_Pipeline_VITIS_LOOP_1853_2  |        0|   0|  147|  292|    0|
    +----------------------------------------------------------+-----------------------------------------------+---------+----+-----+-----+-----+
    |Total                                                     |                                               |        0|   0|  147|  292|    0|
    +----------------------------------------------------------+-----------------------------------------------+---------+----+-----+-----+-----+

    * DSP: 
    N/A

    * Memory: 
    +---------------------+--------------------------------------------------+---------+---+----+-----+------+-----+------+-------------+
    |        Memory       |                      Module                      | BRAM_18K| FF| LUT| URAM| Words| Bits| Banks| W*Bits*Banks|
    +---------------------+--------------------------------------------------+---------+---+----+-----+------+-----+------+-------------+
    |linebuf_c_val_V_U    |v_vcresampler_core_linebuf_c_val_V_RAM_AUTO_1R1W  |        1|  0|   0|    0|  1920|    8|     1|        15360|
    |linebuf_c_val_V_1_U  |v_vcresampler_core_linebuf_c_val_V_RAM_AUTO_1R1W  |        1|  0|   0|    0|  1920|    8|     1|        15360|
    |linebuf_y_val_V_U    |v_vcresampler_core_linebuf_y_val_V_RAM_AUTO_1R1W  |        1|  0|   0|    0|  1920|    8|     1|        15360|
    +---------------------+--------------------------------------------------+---------+---+----+-----+------+-----+------+-------------+
    |Total                |                                                  |        3|  0|   0|    0|  5760|   24|     3|        46080|
    +---------------------+--------------------------------------------------+---------+---+----+-----+------+-----+------+-------------+

    * FIFO: 
    N/A

    * Expression: 
    +-----------------------+----------+----+---+----+------------+------------+
    |     Variable Name     | Operation| DSP| FF| LUT| Bitwidth P0| Bitwidth P1|
    +-----------------------+----------+----+---+----+------------+------------+
    |add_ln1851_fu_197_p2   |         +|   0|  0|  22|          15|           1|
    |loopHeight_fu_174_p2   |         +|   0|  0|  23|          16|          16|
    |out_y_fu_203_p2        |         -|   0|  0|  23|          16|          16|
    |cmp100_fu_219_p2       |      icmp|   0|  0|  12|          15|           1|
    |cmp33_fu_213_p2        |      icmp|   0|  0|  13|          16|          16|
    |icmp_ln1851_fu_192_p2  |      icmp|   0|  0|  13|          16|          16|
    |ap_block_state1        |        or|   0|  0|   2|           1|           1|
    |rev_fu_234_p2          |       xor|   0|  0|   2|           1|           2|
    |yOffset_fu_164_p2      |       xor|   0|  0|   2|           1|           2|
    +-----------------------+----------+----+---+----+------------+------------+
    |Total                  |          |   0|  0| 112|          97|          71|
    +-----------------------+----------+----+---+----+------------+------------+

    * Multiplexer: 
    +----------------------+----+-----------+-----+-----------+
    |         Name         | LUT| Input Size| Bits| Total Bits|
    +----------------------+----+-----------+-----+-----------+
    |Height_blk_n          |   9|          2|    1|          2|
    |Height_c_blk_n        |   9|          2|    1|          2|
    |WidthOut_blk_n        |   9|          2|    1|          2|
    |WidthOut_c_blk_n      |   9|          2|    1|          2|
    |ap_NS_fsm             |  20|          4|    1|          4|
    |ap_done               |   9|          2|    1|          2|
    |stream_out_420_write  |   9|          2|    1|          2|
    |stream_out_422_read   |   9|          2|    1|          2|
    |y_fu_92               |   9|          2|   15|         30|
    +----------------------+----+-----------+-----+-----------+
    |Total                 |  92|         20|   23|         48|
    +----------------------+----+-----------+-----+-----------+

    * Register: 
    +-----------------------------------------------------------------------+----+----+-----+-----------+
    |                                  Name                                 | FF | LUT| Bits| Const Bits|
    +-----------------------------------------------------------------------+----+----+-----+-----------+
    |Height_read_reg_288                                                    |  16|   0|   16|          0|
    |ap_CS_fsm                                                              |   3|   0|    3|          0|
    |ap_done_reg                                                            |   1|   0|    1|          0|
    |cmp100_reg_316                                                         |   1|   0|    1|          0|
    |cmp33_reg_311                                                          |   1|   0|    1|          0|
    |empty_reg_306                                                          |   1|   0|    1|          0|
    |grp_v_vcresampler_core_Pipeline_VITIS_LOOP_1853_2_fu_142_ap_start_reg  |   1|   0|    1|          0|
    |loopHeight_reg_298                                                     |  16|   0|   16|          0|
    |loopWidth_reg_283                                                      |  16|   0|   16|          0|
    |p_0_0_0_0_0393716_lcssa738_fu_72                                       |   8|   0|    8|          0|
    |p_0_0_0_0_0393722_lcssa747_fu_84                                       |   8|   0|    8|          0|
    |p_0_1_0_0_0718_lcssa741_fu_76                                          |   8|   0|    8|          0|
    |p_0_1_0_0_0724_lcssa750_fu_88                                          |   8|   0|    8|          0|
    |p_0_2_0_0_0720_lcssa744_fu_80                                          |   8|   0|    8|          0|
    |rev_reg_321                                                            |   1|   0|    1|          0|
    |y_fu_92                                                                |  15|   0|   15|          0|
    |zext_ln1814_reg_293                                                    |   1|   0|   16|         15|
    +-----------------------------------------------------------------------+----+----+-----+-----------+
    |Total                                                                  | 113|   0|  128|         15|
    +-----------------------------------------------------------------------+----+----+-----+-----------+



================================================================
== Interface
================================================================
* Summary: 
+-------------------------------+-----+-----+------------+--------------------+--------------+
|           RTL Ports           | Dir | Bits|  Protocol  |    Source Object   |    C Type    |
+-------------------------------+-----+-----+------------+--------------------+--------------+
|ap_clk                         |   in|    1|  ap_ctrl_hs|  v_vcresampler_core|  return value|
|ap_rst                         |   in|    1|  ap_ctrl_hs|  v_vcresampler_core|  return value|
|ap_start                       |   in|    1|  ap_ctrl_hs|  v_vcresampler_core|  return value|
|ap_done                        |  out|    1|  ap_ctrl_hs|  v_vcresampler_core|  return value|
|ap_continue                    |   in|    1|  ap_ctrl_hs|  v_vcresampler_core|  return value|
|ap_idle                        |  out|    1|  ap_ctrl_hs|  v_vcresampler_core|  return value|
|ap_ready                       |  out|    1|  ap_ctrl_hs|  v_vcresampler_core|  return value|
|stream_out_422_dout            |   in|   24|     ap_fifo|      stream_out_422|       pointer|
|stream_out_422_num_data_valid  |   in|    5|     ap_fifo|      stream_out_422|       pointer|
|stream_out_422_fifo_cap        |   in|    5|     ap_fifo|      stream_out_422|       pointer|
|stream_out_422_empty_n         |   in|    1|     ap_fifo|      stream_out_422|       pointer|
|stream_out_422_read            |  out|    1|     ap_fifo|      stream_out_422|       pointer|
|Height_dout                    |   in|   16|     ap_fifo|              Height|       pointer|
|Height_num_data_valid          |   in|    2|     ap_fifo|              Height|       pointer|
|Height_fifo_cap                |   in|    2|     ap_fifo|              Height|       pointer|
|Height_empty_n                 |   in|    1|     ap_fifo|              Height|       pointer|
|Height_read                    |  out|    1|     ap_fifo|              Height|       pointer|
|WidthOut_dout                  |   in|   16|     ap_fifo|            WidthOut|       pointer|
|WidthOut_num_data_valid        |   in|    2|     ap_fifo|            WidthOut|       pointer|
|WidthOut_fifo_cap              |   in|    2|     ap_fifo|            WidthOut|       pointer|
|WidthOut_empty_n               |   in|    1|     ap_fifo|            WidthOut|       pointer|
|WidthOut_read                  |  out|    1|     ap_fifo|            WidthOut|       pointer|
|p_read                         |   in|    1|     ap_none|              p_read|        scalar|
|stream_out_420_din             |  out|   24|     ap_fifo|      stream_out_420|       pointer|
|stream_out_420_num_data_valid  |   in|    5|     ap_fifo|      stream_out_420|       pointer|
|stream_out_420_fifo_cap        |   in|    5|     ap_fifo|      stream_out_420|       pointer|
|stream_out_420_full_n          |   in|    1|     ap_fifo|      stream_out_420|       pointer|
|stream_out_420_write           |  out|    1|     ap_fifo|      stream_out_420|       pointer|
|Height_c_din                   |  out|   16|     ap_fifo|            Height_c|       pointer|
|Height_c_num_data_valid        |   in|    2|     ap_fifo|            Height_c|       pointer|
|Height_c_fifo_cap              |   in|    2|     ap_fifo|            Height_c|       pointer|
|Height_c_full_n                |   in|    1|     ap_fifo|            Height_c|       pointer|
|Height_c_write                 |  out|    1|     ap_fifo|            Height_c|       pointer|
|WidthOut_c_din                 |  out|   16|     ap_fifo|          WidthOut_c|       pointer|
|WidthOut_c_num_data_valid      |   in|    2|     ap_fifo|          WidthOut_c|       pointer|
|WidthOut_c_fifo_cap            |   in|    2|     ap_fifo|          WidthOut_c|       pointer|
|WidthOut_c_full_n              |   in|    1|     ap_fifo|          WidthOut_c|       pointer|
|WidthOut_c_write               |  out|    1|     ap_fifo|          WidthOut_c|       pointer|
+-------------------------------+-----+-----+------------+--------------------+--------------+

