

================================================================
== Vitis HLS Report for 'AXIvideo2MultiPixStream'
================================================================
* Date:           Fri Mar  6 02:15:19 2026

* Version:        2022.2 (Build 3670227 on Oct 13 2022)
* Project:        prj
* Solution:       sol (Vivado IP Flow Target)
* Product family: zynquplus
* Target device:  xck26-sfvc784-2LV-c


================================================================
== Performance Estimates
================================================================
+ Timing: 
    * Summary: 
    +--------+---------+----------+------------+
    |  Clock |  Target | Estimated| Uncertainty|
    +--------+---------+----------+------------+
    |ap_clk  |  5.00 ns|  3.650 ns|     1.35 ns|
    +--------+---------+----------+------------+

+ Latency: 
    * Summary: 
    +---------+---------+-----------+-----------+-----+---------+---------+
    |  Latency (cycles) |   Latency (absolute)  |    Interval   | Pipeline|
    |   min   |   max   |    min    |    max    | min |   max   |   Type  |
    +---------+---------+-----------+-----------+-----+---------+---------+
    |        6|  2084406|  30.000 ns|  10.422 ms|    6|  2084406|       no|
    +---------+---------+-----------+-----------+-----+---------+---------+

    + Detail: 
        * Instance: 
        +-----------------------------------------------------------------+------------------------------------------------------+---------+---------+-----------+-----------+-----+------+---------+
        |                                                                 |                                                      |  Latency (cycles) |   Latency (absolute)  |  Interval  | Pipeline|
        |                             Instance                            |                        Module                        |   min   |   max   |    min    |    max    | min |  max |   Type  |
        +-----------------------------------------------------------------+------------------------------------------------------+---------+---------+-----------+-----------+-----+------+---------+
        |grp_AXIvideo2MultiPixStream_Pipeline_loop_wait_for_start_fu_213  |AXIvideo2MultiPixStream_Pipeline_loop_wait_for_start  |        2|        2|  10.000 ns|  10.000 ns|    2|     2|       no|
        |grp_AXIvideo2MultiPixStream_Pipeline_loop_width_fu_233           |AXIvideo2MultiPixStream_Pipeline_loop_width           |        3|     1922|  15.000 ns|   9.610 us|    3|  1922|       no|
        |grp_AXIvideo2MultiPixStream_Pipeline_loop_wait_for_eol_fu_262    |AXIvideo2MultiPixStream_Pipeline_loop_wait_for_eol    |        2|        2|  10.000 ns|  10.000 ns|    2|     2|       no|
        |grp_reg_unsigned_short_s_fu_310                                  |reg_unsigned_short_s                                  |        1|        1|   5.000 ns|   5.000 ns|    1|     1|      yes|
        |grp_reg_unsigned_short_s_fu_315                                  |reg_unsigned_short_s                                  |        1|        1|   5.000 ns|   5.000 ns|    1|     1|      yes|
        +-----------------------------------------------------------------+------------------------------------------------------+---------+---------+-----------+-----------+-----+------+---------+

        * Loop: 
        +---------------+---------+---------+----------+-----------+-----------+----------+----------+
        |               |  Latency (cycles) | Iteration|  Initiation Interval  |   Trip   |          |
        |   Loop Name   |   min   |   max   |  Latency |  achieved |   target  |   Count  | Pipelined|
        +---------------+---------+---------+----------+-----------+-----------+----------+----------+
        |- loop_height  |        0|  2084400|  7 ~ 1930|          -|          -|  0 ~ 1080|        no|
        +---------------+---------+---------+----------+-----------+-----------+----------+----------+



================================================================
== Utilization Estimates
================================================================
* Summary: 
+-----------------+---------+------+--------+--------+-----+
|       Name      | BRAM_18K|  DSP |   FF   |   LUT  | URAM|
+-----------------+---------+------+--------+--------+-----+
|DSP              |        -|     -|       -|       -|    -|
|Expression       |        -|     -|       0|      64|    -|
|FIFO             |        -|     -|       -|       -|    -|
|Instance         |        -|     -|      94|     313|    -|
|Memory           |        -|     -|       -|       -|    -|
|Multiplexer      |        -|     -|       -|     205|    -|
|Register         |        -|     -|     136|       -|    -|
+-----------------+---------+------+--------+--------+-----+
|Total            |        0|     0|     230|     582|    0|
+-----------------+---------+------+--------+--------+-----+
|Available        |      288|  1248|  234240|  117120|   64|
+-----------------+---------+------+--------+--------+-----+
|Utilization (%)  |        0|     0|      ~0|      ~0|    0|
+-----------------+---------+------+--------+--------+-----+

+ Detail: 
    * Instance: 
    +-----------------------------------------------------------------+------------------------------------------------------+---------+----+----+-----+-----+
    |                             Instance                            |                        Module                        | BRAM_18K| DSP| FF | LUT | URAM|
    +-----------------------------------------------------------------+------------------------------------------------------+---------+----+----+-----+-----+
    |grp_AXIvideo2MultiPixStream_Pipeline_loop_wait_for_eol_fu_262    |AXIvideo2MultiPixStream_Pipeline_loop_wait_for_eol    |        0|   0|   4|   52|    0|
    |grp_AXIvideo2MultiPixStream_Pipeline_loop_wait_for_start_fu_213  |AXIvideo2MultiPixStream_Pipeline_loop_wait_for_start  |        0|   0|   3|   34|    0|
    |grp_AXIvideo2MultiPixStream_Pipeline_loop_width_fu_233           |AXIvideo2MultiPixStream_Pipeline_loop_width           |        0|   0|  41|  199|    0|
    |grp_reg_unsigned_short_s_fu_310                                  |reg_unsigned_short_s                                  |        0|   0|  23|   14|    0|
    |grp_reg_unsigned_short_s_fu_315                                  |reg_unsigned_short_s                                  |        0|   0|  23|   14|    0|
    +-----------------------------------------------------------------+------------------------------------------------------+---------+----+----+-----+-----+
    |Total                                                            |                                                      |        0|   0|  94|  313|    0|
    +-----------------------------------------------------------------+------------------------------------------------------+---------+----+----+-----+-----+

    * DSP: 
    N/A

    * Memory: 
    N/A

    * FIFO: 
    N/A

    * Expression: 
    +------------------------+----------+----+---+----+------------+------------+
    |      Variable Name     | Operation| DSP| FF| LUT| Bitwidth P0| Bitwidth P1|
    +------------------------+----------+----+---+----+------------+------------+
    |i_4_fu_341_p2           |         +|   0|  0|  18|          11|           1|
    |cmp8739_fu_323_p2       |      icmp|   0|  0|  11|          11|           1|
    |icmp_ln767_fu_336_p2    |      icmp|   0|  0|  11|          11|          11|
    |icmp_ln797_1_fu_294_p2  |      icmp|   0|  0|  11|           8|           1|
    |icmp_ln797_fu_288_p2    |      icmp|   0|  0|  11|           8|           1|
    |ap_block_state1         |        or|   0|  0|   2|           1|           1|
    +------------------------+----------+----+---+----+------------+------------+
    |Total                   |          |   0|  0|  64|          50|          16|
    +------------------------+----------+----+---+----+------------+------------+

    * Multiplexer: 
    +----------------------------------+----+-----------+-----+-----------+
    |               Name               | LUT| Input Size| Bits| Total Bits|
    +----------------------------------+----+-----------+-----+-----------+
    |ColorMode_blk_n                   |   9|          2|    1|          2|
    |Height_blk_n                      |   9|          2|    1|          2|
    |HwReg_ColorMode_c_blk_n           |   9|          2|    1|          2|
    |HwReg_HeightIn_c14_blk_n          |   9|          2|    1|          2|
    |HwReg_Width_c17_blk_n             |   9|          2|    1|          2|
    |SrcYUV_write                      |   9|          2|    1|          2|
    |WidthIn_blk_n                     |   9|          2|    1|          2|
    |ap_NS_fsm                         |  59|         11|    1|         11|
    |ap_done                           |   9|          2|    1|          2|
    |axi_data_2_lcssa_reg_180          |   9|          2|   24|         48|
    |axi_data_V_14_fu_104              |   9|          2|   24|         48|
    |axi_last_2_lcssa_reg_190          |   9|          2|    1|          2|
    |axi_last_V_2_reg_170              |   9|          2|    1|          2|
    |eol_0_lcssa_reg_201               |   9|          2|    1|          2|
    |i_fu_100                          |   9|          2|   11|         22|
    |s_axis_video_TREADY_int_regslice  |  20|          4|    1|          4|
    +----------------------------------+----+-----------+-----+-----------+
    |Total                             | 205|         43|   72|        155|
    +----------------------------------+----+-----------+-----+-----------+

    * Register: 
    +------------------------------------------------------------------------------+----+----+-----+-----------+
    |                                     Name                                     | FF | LUT| Bits| Const Bits|
    +------------------------------------------------------------------------------+----+----+-----+-----------+
    |Height_read_reg_419                                                           |  11|   0|   11|          0|
    |WidthIn_read_reg_414                                                          |  11|   0|   11|          0|
    |ap_CS_fsm                                                                     |  10|   0|   10|          0|
    |ap_done_reg                                                                   |   1|   0|    1|          0|
    |axi_data_2_lcssa_reg_180                                                      |  24|   0|   24|          0|
    |axi_data_V_14_fu_104                                                          |  24|   0|   24|          0|
    |axi_last_2_lcssa_reg_190                                                      |   1|   0|    1|          0|
    |axi_last_V_2_reg_170                                                          |   1|   0|    1|          0|
    |axi_last_V_4_loc_fu_112                                                       |   1|   0|    1|          0|
    |cmp8739_reg_447                                                               |   1|   0|    1|          0|
    |cols_reg_439                                                                  |  11|   0|   11|          0|
    |eol_0_lcssa_reg_201                                                           |   1|   0|    1|          0|
    |grp_AXIvideo2MultiPixStream_Pipeline_loop_wait_for_eol_fu_262_ap_start_reg    |   1|   0|    1|          0|
    |grp_AXIvideo2MultiPixStream_Pipeline_loop_wait_for_start_fu_213_ap_start_reg  |   1|   0|    1|          0|
    |grp_AXIvideo2MultiPixStream_Pipeline_loop_width_fu_233_ap_start_reg           |   1|   0|    1|          0|
    |i_4_reg_457                                                                   |  11|   0|   11|          0|
    |i_fu_100                                                                      |  11|   0|   11|          0|
    |icmp_ln797_1_reg_429                                                          |   1|   0|    1|          0|
    |icmp_ln797_reg_424                                                            |   1|   0|    1|          0|
    |rows_reg_434                                                                  |  11|   0|   11|          0|
    |sof_fu_108                                                                    |   1|   0|    1|          0|
    +------------------------------------------------------------------------------+----+----+-----+-----------+
    |Total                                                                         | 136|   0|  136|          0|
    +------------------------------------------------------------------------------+----+----+-----+-----------+



================================================================
== Interface
================================================================
* Summary: 
+-----------------------------------+-----+-----+------------+-------------------------+--------------+
|             RTL Ports             | Dir | Bits|  Protocol  |      Source Object      |    C Type    |
+-----------------------------------+-----+-----+------------+-------------------------+--------------+
|ap_clk                             |   in|    1|  ap_ctrl_hs|  AXIvideo2MultiPixStream|  return value|
|ap_rst                             |   in|    1|  ap_ctrl_hs|  AXIvideo2MultiPixStream|  return value|
|ap_start                           |   in|    1|  ap_ctrl_hs|  AXIvideo2MultiPixStream|  return value|
|ap_done                            |  out|    1|  ap_ctrl_hs|  AXIvideo2MultiPixStream|  return value|
|ap_continue                        |   in|    1|  ap_ctrl_hs|  AXIvideo2MultiPixStream|  return value|
|ap_idle                            |  out|    1|  ap_ctrl_hs|  AXIvideo2MultiPixStream|  return value|
|ap_ready                           |  out|    1|  ap_ctrl_hs|  AXIvideo2MultiPixStream|  return value|
|s_axis_video_TDATA                 |   in|   24|        axis|    s_axis_video_V_data_V|       pointer|
|s_axis_video_TVALID                |   in|    1|        axis|    s_axis_video_V_dest_V|       pointer|
|s_axis_video_TREADY                |  out|    1|        axis|    s_axis_video_V_dest_V|       pointer|
|s_axis_video_TDEST                 |   in|    1|        axis|    s_axis_video_V_dest_V|       pointer|
|s_axis_video_TKEEP                 |   in|    3|        axis|    s_axis_video_V_keep_V|       pointer|
|s_axis_video_TSTRB                 |   in|    3|        axis|    s_axis_video_V_strb_V|       pointer|
|s_axis_video_TUSER                 |   in|    1|        axis|    s_axis_video_V_user_V|       pointer|
|s_axis_video_TLAST                 |   in|    1|        axis|    s_axis_video_V_last_V|       pointer|
|s_axis_video_TID                   |   in|    1|        axis|      s_axis_video_V_id_V|       pointer|
|SrcYUV_din                         |  out|   24|     ap_fifo|                   SrcYUV|       pointer|
|SrcYUV_num_data_valid              |   in|    5|     ap_fifo|                   SrcYUV|       pointer|
|SrcYUV_fifo_cap                    |   in|    5|     ap_fifo|                   SrcYUV|       pointer|
|SrcYUV_full_n                      |   in|    1|     ap_fifo|                   SrcYUV|       pointer|
|SrcYUV_write                       |  out|    1|     ap_fifo|                   SrcYUV|       pointer|
|Height_dout                        |   in|   11|     ap_fifo|                   Height|       pointer|
|Height_num_data_valid              |   in|    2|     ap_fifo|                   Height|       pointer|
|Height_fifo_cap                    |   in|    2|     ap_fifo|                   Height|       pointer|
|Height_empty_n                     |   in|    1|     ap_fifo|                   Height|       pointer|
|Height_read                        |  out|    1|     ap_fifo|                   Height|       pointer|
|WidthIn_dout                       |   in|   11|     ap_fifo|                  WidthIn|       pointer|
|WidthIn_num_data_valid             |   in|    2|     ap_fifo|                  WidthIn|       pointer|
|WidthIn_fifo_cap                   |   in|    2|     ap_fifo|                  WidthIn|       pointer|
|WidthIn_empty_n                    |   in|    1|     ap_fifo|                  WidthIn|       pointer|
|WidthIn_read                       |  out|    1|     ap_fifo|                  WidthIn|       pointer|
|ColorMode_dout                     |   in|    8|     ap_fifo|                ColorMode|       pointer|
|ColorMode_num_data_valid           |   in|    2|     ap_fifo|                ColorMode|       pointer|
|ColorMode_fifo_cap                 |   in|    2|     ap_fifo|                ColorMode|       pointer|
|ColorMode_empty_n                  |   in|    1|     ap_fifo|                ColorMode|       pointer|
|ColorMode_read                     |  out|    1|     ap_fifo|                ColorMode|       pointer|
|HwReg_HeightIn_c14_din             |  out|   11|     ap_fifo|       HwReg_HeightIn_c14|       pointer|
|HwReg_HeightIn_c14_num_data_valid  |   in|    2|     ap_fifo|       HwReg_HeightIn_c14|       pointer|
|HwReg_HeightIn_c14_fifo_cap        |   in|    2|     ap_fifo|       HwReg_HeightIn_c14|       pointer|
|HwReg_HeightIn_c14_full_n          |   in|    1|     ap_fifo|       HwReg_HeightIn_c14|       pointer|
|HwReg_HeightIn_c14_write           |  out|    1|     ap_fifo|       HwReg_HeightIn_c14|       pointer|
|HwReg_Width_c17_din                |  out|   11|     ap_fifo|          HwReg_Width_c17|       pointer|
|HwReg_Width_c17_num_data_valid     |   in|    2|     ap_fifo|          HwReg_Width_c17|       pointer|
|HwReg_Width_c17_fifo_cap           |   in|    2|     ap_fifo|          HwReg_Width_c17|       pointer|
|HwReg_Width_c17_full_n             |   in|    1|     ap_fifo|          HwReg_Width_c17|       pointer|
|HwReg_Width_c17_write              |  out|    1|     ap_fifo|          HwReg_Width_c17|       pointer|
|HwReg_ColorMode_c_din              |  out|    8|     ap_fifo|        HwReg_ColorMode_c|       pointer|
|HwReg_ColorMode_c_num_data_valid   |   in|    2|     ap_fifo|        HwReg_ColorMode_c|       pointer|
|HwReg_ColorMode_c_fifo_cap         |   in|    2|     ap_fifo|        HwReg_ColorMode_c|       pointer|
|HwReg_ColorMode_c_full_n           |   in|    1|     ap_fifo|        HwReg_ColorMode_c|       pointer|
|HwReg_ColorMode_c_write            |  out|    1|     ap_fifo|        HwReg_ColorMode_c|       pointer|
+-----------------------------------+-----+-----+------------+-------------------------+--------------+

