

================================================================
== Vitis HLS Report for 'MultiPixStream2AXIvideo_Pipeline_VITIS_LOOP_895_2'
================================================================
* Date:           Fri Mar  6 02:15:21 2026

* Version:        2022.2 (Build 3670227 on Oct 13 2022)
* Project:        prj
* Solution:       sol (Vivado IP Flow Target)
* Product family: zynquplus
* Target device:  xck26-sfvc784-2LV-c


================================================================
== Performance Estimates
================================================================
+ Timing: 
    * Summary: 
    +--------+---------+----------+------------+
    |  Clock |  Target | Estimated| Uncertainty|
    +--------+---------+----------+------------+
    |ap_clk  |  5.00 ns|  3.253 ns|     1.35 ns|
    +--------+---------+----------+------------+

+ Latency: 
    * Summary: 
    +---------+---------+-----------+----------+-----+------+---------+
    |  Latency (cycles) |  Latency (absolute)  |  Interval  | Pipeline|
    |   min   |   max   |    min    |    max   | min |  max |   Type  |
    +---------+---------+-----------+----------+-----+------+---------+
    |        4|     1923|  20.000 ns|  9.615 us|    4|  1923|       no|
    +---------+---------+-----------+----------+-----+------+---------+

    + Detail: 
        * Instance: 
        N/A

        * Loop: 
        +--------------------+---------+---------+----------+-----------+-----------+----------+----------+
        |                    |  Latency (cycles) | Iteration|  Initiation Interval  |   Trip   |          |
        |      Loop Name     |   min   |   max   |  Latency |  achieved |   target  |   Count  | Pipelined|
        +--------------------+---------+---------+----------+-----------+-----------+----------+----------+
        |- VITIS_LOOP_895_2  |        2|     1921|         2|          1|          1|  1 ~ 1920|       yes|
        +--------------------+---------+---------+----------+-----------+-----------+----------+----------+



================================================================
== Utilization Estimates
================================================================
* Summary: 
+-----------------+---------+------+--------+--------+-----+
|       Name      | BRAM_18K|  DSP |   FF   |   LUT  | URAM|
+-----------------+---------+------+--------+--------+-----+
|DSP              |        -|     -|       -|       -|    -|
|Expression       |        -|     -|       0|      53|    -|
|FIFO             |        -|     -|       -|       -|    -|
|Instance         |        -|     -|       -|       -|    -|
|Memory           |        -|     -|       -|       -|    -|
|Multiplexer      |        -|     -|       -|     123|    -|
|Register         |        -|     -|      18|       -|    -|
+-----------------+---------+------+--------+--------+-----+
|Total            |        0|     0|      18|     176|    0|
+-----------------+---------+------+--------+--------+-----+
|Available        |      288|  1248|  234240|  117120|   64|
+-----------------+---------+------+--------+--------+-----+
|Utilization (%)  |        0|     0|      ~0|      ~0|    0|
+-----------------+---------+------+--------+--------+-----+

+ Detail: 
    * Instance: 
    N/A

    * DSP: 
    N/A

    * Memory: 
    N/A

    * FIFO: 
    N/A

    * Expression: 
    +----------------------------------+----------+----+---+----+------------+------------+
    |           Variable Name          | Operation| DSP| FF| LUT| Bitwidth P0| Bitwidth P1|
    +----------------------------------+----------+----+---+----+------------+------------+
    |j_2_fu_229_p2                     |         +|   0|  0|  18|          11|           1|
    |ap_block_pp0_stage0_01001         |       and|   0|  0|   2|           1|           1|
    |ap_block_pp0_stage0_11001         |       and|   0|  0|   2|           1|           1|
    |ap_block_state2_io                |       and|   0|  0|   2|           1|           1|
    |ap_condition_283                  |       and|   0|  0|   2|           1|           1|
    |icmp_ln895_fu_223_p2              |      icmp|   0|  0|  11|          11|          11|
    |tmp_last_V_fu_235_p2              |      icmp|   0|  0|  12|          12|          12|
    |ap_block_state2_pp0_stage0_iter1  |        or|   0|  0|   2|           1|           1|
    |ap_enable_pp0                     |       xor|   0|  0|   2|           1|           2|
    +----------------------------------+----------+----+---+----+------------+------------+
    |Total                             |          |   0|  0|  53|          40|          31|
    +----------------------------------+----------+----+---+----+------------+------------+

    * Multiplexer: 
    +----------------------------------------+----+-----------+-----+-----------+
    |                  Name                  | LUT| Input Size| Bits| Total Bits|
    +----------------------------------------+----+-----------+-----+-----------+
    |OutYUV_blk_n                            |   9|          2|    1|          2|
    |ap_done_int                             |   9|          2|    1|          2|
    |ap_loop_exit_ready_pp0_iter1_reg        |   9|          2|    1|          2|
    |ap_phi_mux_axi_data_V_12_phi_fu_202_p6  |  20|          4|   24|         96|
    |ap_phi_mux_p_Val2_6_phi_fu_191_p6       |  20|          4|   24|         96|
    |ap_phi_mux_p_Val2_s_phi_fu_180_p6       |  20|          4|    9|         36|
    |ap_sig_allocacmp_j_1                    |   9|          2|   11|         22|
    |j_fu_102                                |   9|          2|   11|         22|
    |m_axis_video_TDATA_blk_n                |   9|          2|    1|          2|
    |tmp_user_V_reg_165                      |   9|          2|    1|          2|
    +----------------------------------------+----+-----------+-----+-----------+
    |Total                                   | 123|         26|   84|        282|
    +----------------------------------------+----+-----------+-----+-----------+

    * Register: 
    +----------------------------------+----+----+-----+-----------+
    |               Name               | FF | LUT| Bits| Const Bits|
    +----------------------------------+----+----+-----+-----------+
    |ap_CS_fsm                         |   1|   0|    1|          0|
    |ap_done_reg                       |   1|   0|    1|          0|
    |ap_enable_reg_pp0_iter1           |   1|   0|    1|          0|
    |ap_loop_exit_ready_pp0_iter1_reg  |   1|   0|    1|          0|
    |icmp_ln895_reg_395                |   1|   0|    1|          0|
    |j_fu_102                          |  11|   0|   11|          0|
    |tmp_last_V_reg_399                |   1|   0|    1|          0|
    |tmp_user_V_reg_165                |   1|   0|    1|          0|
    +----------------------------------+----+----+-----+-----------+
    |Total                             |  18|   0|   18|          0|
    +----------------------------------+----+----+-----+-----------+



================================================================
== Interface
================================================================
* Summary: 
+-----------------------+-----+-----+------------+---------------------------------------------------+--------------+
|       RTL Ports       | Dir | Bits|  Protocol  |                   Source Object                   |    C Type    |
+-----------------------+-----+-----+------------+---------------------------------------------------+--------------+
|ap_clk                 |   in|    1|  ap_ctrl_hs|  MultiPixStream2AXIvideo_Pipeline_VITIS_LOOP_895_2|  return value|
|ap_rst                 |   in|    1|  ap_ctrl_hs|  MultiPixStream2AXIvideo_Pipeline_VITIS_LOOP_895_2|  return value|
|ap_start               |   in|    1|  ap_ctrl_hs|  MultiPixStream2AXIvideo_Pipeline_VITIS_LOOP_895_2|  return value|
|ap_done                |  out|    1|  ap_ctrl_hs|  MultiPixStream2AXIvideo_Pipeline_VITIS_LOOP_895_2|  return value|
|ap_idle                |  out|    1|  ap_ctrl_hs|  MultiPixStream2AXIvideo_Pipeline_VITIS_LOOP_895_2|  return value|
|ap_ready               |  out|    1|  ap_ctrl_hs|  MultiPixStream2AXIvideo_Pipeline_VITIS_LOOP_895_2|  return value|
|OutYUV_dout            |   in|   24|     ap_fifo|                                             OutYUV|       pointer|
|OutYUV_num_data_valid  |   in|    5|     ap_fifo|                                             OutYUV|       pointer|
|OutYUV_fifo_cap        |   in|    5|     ap_fifo|                                             OutYUV|       pointer|
|OutYUV_empty_n         |   in|    1|     ap_fifo|                                             OutYUV|       pointer|
|OutYUV_read            |  out|    1|     ap_fifo|                                             OutYUV|       pointer|
|m_axis_video_TREADY    |   in|    1|        axis|                              m_axis_video_V_data_V|       pointer|
|m_axis_video_TDATA     |  out|   24|        axis|                              m_axis_video_V_data_V|       pointer|
|sof                    |   in|    1|     ap_none|                                                sof|        scalar|
|cols                   |   in|   11|     ap_none|                                               cols|        scalar|
|m_axis_video_TVALID    |  out|    1|        axis|                              m_axis_video_V_dest_V|       pointer|
|m_axis_video_TDEST     |  out|    1|        axis|                              m_axis_video_V_dest_V|       pointer|
|m_axis_video_TKEEP     |  out|    3|        axis|                              m_axis_video_V_keep_V|       pointer|
|m_axis_video_TSTRB     |  out|    3|        axis|                              m_axis_video_V_strb_V|       pointer|
|m_axis_video_TUSER     |  out|    1|        axis|                              m_axis_video_V_user_V|       pointer|
|m_axis_video_TLAST     |  out|    1|        axis|                              m_axis_video_V_last_V|       pointer|
|m_axis_video_TID       |  out|    1|        axis|                                m_axis_video_V_id_V|       pointer|
|ColorMode_load         |   in|    8|     ap_none|                                     ColorMode_load|        scalar|
|sub                    |   in|   12|     ap_none|                                                sub|        scalar|
+-----------------------+-----+-----+------------+---------------------------------------------------+--------------+

