

================================================================
== Vitis HLS Report for 'MultiPixStream2AXIvideo'
================================================================
* Date:           Fri Mar  6 02:15:21 2026

* Version:        2022.2 (Build 3670227 on Oct 13 2022)
* Project:        prj
* Solution:       sol (Vivado IP Flow Target)
* Product family: zynquplus
* Target device:  xck26-sfvc784-2LV-c


================================================================
== Performance Estimates
================================================================
+ Timing: 
    * Summary: 
    +--------+---------+----------+------------+
    |  Clock |  Target | Estimated| Uncertainty|
    +--------+---------+----------+------------+
    |ap_clk  |  5.00 ns|  3.253 ns|     1.35 ns|
    +--------+---------+----------+------------+

+ Latency: 
    * Summary: 
    +---------+---------+-----------+-----------+-----+---------+---------+
    |  Latency (cycles) |   Latency (absolute)  |    Interval   | Pipeline|
    |   min   |   max   |    min    |    max    | min |   max   |   Type  |
    +---------+---------+-----------+-----------+-----+---------+---------+
    |        3|  2079003|  15.000 ns|  10.395 ms|    3|  2079003|       no|
    +---------+---------+-----------+-----------+-----+---------+---------+

    + Detail: 
        * Instance: 
        +--------------------------------------------------------------+---------------------------------------------------+---------+---------+-----------+----------+-----+------+---------+
        |                                                              |                                                   |  Latency (cycles) |  Latency (absolute)  |  Interval  | Pipeline|
        |                           Instance                           |                       Module                      |   min   |   max   |    min    |    max   | min |  max |   Type  |
        +--------------------------------------------------------------+---------------------------------------------------+---------+---------+-----------+----------+-----+------+---------+
        |grp_MultiPixStream2AXIvideo_Pipeline_VITIS_LOOP_895_2_fu_108  |MultiPixStream2AXIvideo_Pipeline_VITIS_LOOP_895_2  |        4|     1923|  20.000 ns|  9.615 us|    4|  1923|       no|
        |grp_reg_unsigned_short_s_fu_132                               |reg_unsigned_short_s                               |        1|        1|   5.000 ns|  5.000 ns|    1|     1|      yes|
        |grp_reg_unsigned_short_s_fu_138                               |reg_unsigned_short_s                               |        1|        1|   5.000 ns|  5.000 ns|    1|     1|      yes|
        +--------------------------------------------------------------+---------------------------------------------------+---------+---------+-----------+----------+-----+------+---------+

        * Loop: 
        +--------------------+---------+---------+----------+-----------+-----------+----------+----------+
        |                    |  Latency (cycles) | Iteration|  Initiation Interval  |   Trip   |          |
        |      Loop Name     |   min   |   max   |  Latency |  achieved |   target  |   Count  | Pipelined|
        +--------------------+---------+---------+----------+-----------+-----------+----------+----------+
        |- VITIS_LOOP_893_1  |        0|  2079000|  2 ~ 1925|          -|          -|  0 ~ 1080|        no|
        +--------------------+---------+---------+----------+-----------+-----------+----------+----------+



================================================================
== Utilization Estimates
================================================================
* Summary: 
+-----------------+---------+------+--------+--------+-----+
|       Name      | BRAM_18K|  DSP |   FF   |   LUT  | URAM|
+-----------------+---------+------+--------+--------+-----+
|DSP              |        -|     -|       -|       -|    -|
|Expression       |        -|     -|       0|      65|    -|
|FIFO             |        -|     -|       -|       -|    -|
|Instance         |        -|     -|      64|     204|    -|
|Memory           |        -|     -|       -|       -|    -|
|Multiplexer      |        -|     -|       -|      85|    -|
|Register         |        -|     -|      73|       -|    -|
+-----------------+---------+------+--------+--------+-----+
|Total            |        0|     0|     137|     354|    0|
+-----------------+---------+------+--------+--------+-----+
|Available        |      288|  1248|  234240|  117120|   64|
+-----------------+---------+------+--------+--------+-----+
|Utilization (%)  |        0|     0|      ~0|      ~0|    0|
+-----------------+---------+------+--------+--------+-----+

+ Detail: 
    * Instance: 
    +--------------------------------------------------------------+---------------------------------------------------+---------+----+----+-----+-----+
    |                           Instance                           |                       Module                      | BRAM_18K| DSP| FF | LUT | URAM|
    +--------------------------------------------------------------+---------------------------------------------------+---------+----+----+-----+-----+
    |grp_MultiPixStream2AXIvideo_Pipeline_VITIS_LOOP_895_2_fu_108  |MultiPixStream2AXIvideo_Pipeline_VITIS_LOOP_895_2  |        0|   0|  18|  176|    0|
    |grp_reg_unsigned_short_s_fu_132                               |reg_unsigned_short_s                               |        0|   0|  23|   14|    0|
    |grp_reg_unsigned_short_s_fu_138                               |reg_unsigned_short_s                               |        0|   0|  23|   14|    0|
    +--------------------------------------------------------------+---------------------------------------------------+---------+----+----+-----+-----+
    |Total                                                         |                                                   |        0|   0|  64|  204|    0|
    +--------------------------------------------------------------+---------------------------------------------------+---------+----+----+-----+-----+

    * DSP: 
    N/A

    * Memory: 
    N/A

    * FIFO: 
    N/A

    * Expression: 
    +----------------------------------------------------------------------------------+----------+----+---+----+------------+------------+
    |                                   Variable Name                                  | Operation| DSP| FF| LUT| Bitwidth P0| Bitwidth P1|
    +----------------------------------------------------------------------------------+----------+----+---+----+------------+------------+
    |i_2_fu_178_p2                                                                     |         +|   0|  0|  18|          11|           1|
    |sub_fu_158_p2                                                                     |         +|   0|  0|  19|          12|           2|
    |ap_block_state4_on_subcall_done                                                   |       and|   0|  0|   2|           1|           1|
    |grp_MultiPixStream2AXIvideo_Pipeline_VITIS_LOOP_895_2_fu_108_m_axis_video_TREADY  |       and|   0|  0|   2|           1|           1|
    |cmp20226_fu_164_p2                                                                |      icmp|   0|  0|  11|          11|           1|
    |icmp_ln893_fu_173_p2                                                              |      icmp|   0|  0|  11|          11|          11|
    |ap_block_state1                                                                   |        or|   0|  0|   2|           1|           1|
    +----------------------------------------------------------------------------------+----------+----+---+----+------------+------------+
    |Total                                                                             |          |   0|  0|  65|          48|          18|
    +----------------------------------------------------------------------------------+----------+----+---+----+------------+------------+

    * Multiplexer: 
    +-----------------+----+-----------+-----+-----------+
    |       Name      | LUT| Input Size| Bits| Total Bits|
    +-----------------+----+-----------+-----+-----------+
    |ColorMode_blk_n  |   9|          2|    1|          2|
    |Height_blk_n     |   9|          2|    1|          2|
    |OutYUV_read      |   9|          2|    1|          2|
    |Width_blk_n      |   9|          2|    1|          2|
    |ap_NS_fsm        |  31|          6|    1|          6|
    |ap_done          |   9|          2|    1|          2|
    |i_fu_82          |   9|          2|   11|         22|
    +-----------------+----+-----------+-----+-----------+
    |Total            |  85|         18|   17|         38|
    +-----------------+----+-----------+-----+-----------+

    * Register: 
    +---------------------------------------------------------------------------+----+----+-----+-----------+
    |                                    Name                                   | FF | LUT| Bits| Const Bits|
    +---------------------------------------------------------------------------+----+----+-----+-----------+
    |ColorMode_read_reg_211                                                     |   8|   0|    8|          0|
    |ap_CS_fsm                                                                  |   5|   0|    5|          0|
    |ap_done_reg                                                                |   1|   0|    1|          0|
    |cmp20226_reg_231                                                           |   1|   0|    1|          0|
    |cols_reg_221                                                               |  11|   0|   11|          0|
    |grp_MultiPixStream2AXIvideo_Pipeline_VITIS_LOOP_895_2_fu_108_ap_start_reg  |   1|   0|    1|          0|
    |i_2_reg_238                                                                |  11|   0|   11|          0|
    |i_fu_82                                                                    |  11|   0|   11|          0|
    |rows_reg_216                                                               |  11|   0|   11|          0|
    |sof_fu_86                                                                  |   1|   0|    1|          0|
    |sub_reg_226                                                                |  12|   0|   12|          0|
    +---------------------------------------------------------------------------+----+----+-----+-----------+
    |Total                                                                      |  73|   0|   73|          0|
    +---------------------------------------------------------------------------+----+----+-----+-----------+



================================================================
== Interface
================================================================
* Summary: 
+--------------------------+-----+-----+------------+-------------------------+--------------+
|         RTL Ports        | Dir | Bits|  Protocol  |      Source Object      |    C Type    |
+--------------------------+-----+-----+------------+-------------------------+--------------+
|ap_clk                    |   in|    1|  ap_ctrl_hs|  MultiPixStream2AXIvideo|  return value|
|ap_rst                    |   in|    1|  ap_ctrl_hs|  MultiPixStream2AXIvideo|  return value|
|ap_start                  |   in|    1|  ap_ctrl_hs|  MultiPixStream2AXIvideo|  return value|
|ap_done                   |  out|    1|  ap_ctrl_hs|  MultiPixStream2AXIvideo|  return value|
|ap_continue               |   in|    1|  ap_ctrl_hs|  MultiPixStream2AXIvideo|  return value|
|ap_idle                   |  out|    1|  ap_ctrl_hs|  MultiPixStream2AXIvideo|  return value|
|ap_ready                  |  out|    1|  ap_ctrl_hs|  MultiPixStream2AXIvideo|  return value|
|OutYUV_dout               |   in|   24|     ap_fifo|                   OutYUV|       pointer|
|OutYUV_num_data_valid     |   in|    5|     ap_fifo|                   OutYUV|       pointer|
|OutYUV_fifo_cap           |   in|    5|     ap_fifo|                   OutYUV|       pointer|
|OutYUV_empty_n            |   in|    1|     ap_fifo|                   OutYUV|       pointer|
|OutYUV_read               |  out|    1|     ap_fifo|                   OutYUV|       pointer|
|m_axis_video_TDATA        |  out|   24|        axis|    m_axis_video_V_data_V|       pointer|
|m_axis_video_TVALID       |  out|    1|        axis|    m_axis_video_V_dest_V|       pointer|
|m_axis_video_TREADY       |   in|    1|        axis|    m_axis_video_V_dest_V|       pointer|
|m_axis_video_TDEST        |  out|    1|        axis|    m_axis_video_V_dest_V|       pointer|
|m_axis_video_TKEEP        |  out|    3|        axis|    m_axis_video_V_keep_V|       pointer|
|m_axis_video_TSTRB        |  out|    3|        axis|    m_axis_video_V_strb_V|       pointer|
|m_axis_video_TUSER        |  out|    1|        axis|    m_axis_video_V_user_V|       pointer|
|m_axis_video_TLAST        |  out|    1|        axis|    m_axis_video_V_last_V|       pointer|
|m_axis_video_TID          |  out|    1|        axis|      m_axis_video_V_id_V|       pointer|
|Height_dout               |   in|   11|     ap_fifo|                   Height|       pointer|
|Height_num_data_valid     |   in|    2|     ap_fifo|                   Height|       pointer|
|Height_fifo_cap           |   in|    2|     ap_fifo|                   Height|       pointer|
|Height_empty_n            |   in|    1|     ap_fifo|                   Height|       pointer|
|Height_read               |  out|    1|     ap_fifo|                   Height|       pointer|
|Width_dout                |   in|   11|     ap_fifo|                    Width|       pointer|
|Width_num_data_valid      |   in|    2|     ap_fifo|                    Width|       pointer|
|Width_fifo_cap            |   in|    2|     ap_fifo|                    Width|       pointer|
|Width_empty_n             |   in|    1|     ap_fifo|                    Width|       pointer|
|Width_read                |  out|    1|     ap_fifo|                    Width|       pointer|
|ColorMode_dout            |   in|    8|     ap_fifo|                ColorMode|       pointer|
|ColorMode_num_data_valid  |   in|    3|     ap_fifo|                ColorMode|       pointer|
|ColorMode_fifo_cap        |   in|    3|     ap_fifo|                ColorMode|       pointer|
|ColorMode_empty_n         |   in|    1|     ap_fifo|                ColorMode|       pointer|
|ColorMode_read            |  out|    1|     ap_fifo|                ColorMode|       pointer|
+--------------------------+-----+-----+------------+-------------------------+--------------+

