

================================================================
== Vitis HLS Report for 'v_vcresampler_core_Pipeline_VITIS_LOOP_1012_2'
================================================================
* Date:           Fri Mar  6 02:15:19 2026

* Version:        2022.2 (Build 3670227 on Oct 13 2022)
* Project:        prj
* Solution:       sol (Vivado IP Flow Target)
* Product family: zynquplus
* Target device:  xck26-sfvc784-2LV-c


================================================================
== Performance Estimates
================================================================
+ Timing: 
    * Summary: 
    +--------+---------+----------+------------+
    |  Clock |  Target | Estimated| Uncertainty|
    +--------+---------+----------+------------+
    |ap_clk  |  5.00 ns|  3.455 ns|     1.35 ns|
    +--------+---------+----------+------------+

+ Latency: 
    * Summary: 
    +---------+---------+-----------+----------+-----+-------+---------+
    |  Latency (cycles) |  Latency (absolute)  |   Interval  | Pipeline|
    |   min   |   max   |    min    |    max   | min |  max  |   Type  |
    +---------+---------+-----------+----------+-----+-------+---------+
    |        3|    32771|  15.000 ns|  0.164 ms|    3|  32771|       no|
    +---------+---------+-----------+----------+-----+-------+---------+

    + Detail: 
        * Instance: 
        N/A

        * Loop: 
        +---------------------+---------+---------+----------+-----------+-----------+-----------+----------+
        |                     |  Latency (cycles) | Iteration|  Initiation Interval  |    Trip   |          |
        |      Loop Name      |   min   |   max   |  Latency |  achieved |   target  |   Count   | Pipelined|
        +---------------------+---------+---------+----------+-----------+-----------+-----------+----------+
        |- VITIS_LOOP_1012_2  |        1|    32769|         4|          1|          1|  0 ~ 32767|       yes|
        +---------------------+---------+---------+----------+-----------+-----------+-----------+----------+



================================================================
== Utilization Estimates
================================================================
* Summary: 
+-----------------+---------+------+--------+--------+-----+
|       Name      | BRAM_18K|  DSP |   FF   |   LUT  | URAM|
+-----------------+---------+------+--------+--------+-----+
|DSP              |        -|     -|       -|       -|    -|
|Expression       |        -|     -|       0|     205|    -|
|FIFO             |        -|     -|       -|       -|    -|
|Instance         |        -|     -|       -|       -|    -|
|Memory           |        -|     -|       -|       -|    -|
|Multiplexer      |        -|     -|       -|     155|    -|
|Register         |        -|     -|     195|      32|    -|
+-----------------+---------+------+--------+--------+-----+
|Total            |        0|     0|     195|     392|    0|
+-----------------+---------+------+--------+--------+-----+
|Available        |      288|  1248|  234240|  117120|   64|
+-----------------+---------+------+--------+--------+-----+
|Utilization (%)  |        0|     0|      ~0|      ~0|    0|
+-----------------+---------+------+--------+--------+-----+

+ Detail: 
    * Instance: 
    N/A

    * DSP: 
    N/A

    * Memory: 
    N/A

    * FIFO: 
    N/A

    * Expression: 
    +-----------------------------------+----------+----+---+----+------------+------------+
    |           Variable Name           | Operation| DSP| FF| LUT| Bitwidth P0| Bitwidth P1|
    +-----------------------------------+----------+----+---+----+------------+------------+
    |add_ln1012_fu_309_p2               |         +|   0|  0|  18|          11|           1|
    |add_ln1495_1_fu_476_p2             |         +|   0|  0|  18|          10|          10|
    |add_ln1495_2_fu_470_p2             |         +|   0|  0|  18|          10|          10|
    |add_ln1495_3_fu_492_p2             |         +|   0|  0|  18|           9|           1|
    |ret_V_21_fu_420_p2                 |         +|   0|  0|  16|           9|           2|
    |ret_V_fu_498_p2                    |         +|   0|  0|  18|           9|           9|
    |ap_block_pp0                       |       and|   0|  0|   2|           1|           1|
    |ap_block_state2_pp0_stage0_iter1   |       and|   0|  0|   2|           1|           1|
    |ap_block_state3_pp0_stage0_iter2   |       and|   0|  0|   2|           1|           1|
    |ap_block_state4_pp0_stage0_iter3   |       and|   0|  0|   2|           1|           1|
    |ap_enable_state2_pp0_iter1_stage0  |       and|   0|  0|   2|           1|           1|
    |ap_enable_state3_pp0_iter2_stage0  |       and|   0|  0|   2|           1|           1|
    |ap_enable_state4_pp0_iter3_stage0  |       and|   0|  0|   2|           1|           1|
    |ap_predicate_op103_write_state4    |       and|   0|  0|   2|           1|           1|
    |ap_predicate_op36_read_state2      |       and|   0|  0|   2|           1|           1|
    |ap_predicate_op59_load_state3      |       and|   0|  0|   2|           1|           1|
    |ap_predicate_op67_store_state3     |       and|   0|  0|   2|           1|           1|
    |ap_predicate_op71_store_state3     |       and|   0|  0|   2|           1|           1|
    |ap_predicate_op82_write_state3     |       and|   0|  0|   2|           1|           1|
    |ap_predicate_op84_load_state4      |       and|   0|  0|   2|           1|           1|
    |icmp_ln1012_fu_303_p2              |      icmp|   0|  0|  11|          11|          11|
    |ap_block_pp0_stage0_01001          |        or|   0|  0|   2|           1|           1|
    |linebuf_c_val_V_1_d0               |    select|   0|  0|   8|           1|           8|
    |linebuf_y_val_V_1_d0               |    select|   0|  0|   8|           1|           8|
    |p_0_0_0_0_0406889894_fu_526_p3     |    select|   0|  0|   8|           1|           1|
    |ret_4_fu_533_p3                    |    select|   0|  0|   8|           1|           8|
    |rhs_fu_401_p3                      |    select|   0|  0|   8|           1|           8|
    |sel_tmp2_fu_513_p3                 |    select|   0|  0|   8|           1|           8|
    |sel_tmp5_fu_519_p3                 |    select|   0|  0|   8|           1|           8|
    |ap_enable_pp0                      |       xor|   0|  0|   2|           1|           2|
    +-----------------------------------+----------+----+---+----+------------+------------+
    |Total                              |          |   0|  0| 205|          92|         110|
    +-----------------------------------+----------+----+---+----+------------+------------+

    * Multiplexer: 
    +--------------------------------------------+----+-----------+-----+-----------+
    |                    Name                    | LUT| Input Size| Bits| Total Bits|
    +--------------------------------------------+----+-----------+-----+-----------+
    |SrcYUV422_blk_n                             |   9|          2|    1|          2|
    |SrcYUV422_din                               |  14|          3|   24|         72|
    |SrcYUV_blk_n                                |   9|          2|    1|          2|
    |ap_done_int                                 |   9|          2|    1|          2|
    |ap_enable_reg_pp0_iter2                     |   9|          2|    1|          2|
    |ap_phi_mux_p_0_0_0_0_0404883_phi_fu_268_p4  |  14|          3|    8|         24|
    |ap_phi_mux_rhs_2_phi_fu_278_p4              |  14|          3|    8|         24|
    |ap_phi_reg_pp0_iter3_lhs_reg_286            |  14|          3|    8|         24|
    |ap_sig_allocacmp_out_x                      |   9|          2|   11|         22|
    |p_0_0_0_0_0423870_out_o                     |   9|          2|    8|         16|
    |p_0_0_0_0_0423876_out_o                     |   9|          2|    8|         16|
    |p_0_1_0_0_0872_out_o                        |   9|          2|    8|         16|
    |p_0_1_0_0_0878_out_o                        |   9|          2|    8|         16|
    |p_0_2_0_0_0874_out_o                        |   9|          2|    8|         16|
    |x_fu_112                                    |   9|          2|   11|         22|
    +--------------------------------------------+----+-----------+-----+-----------+
    |Total                                       | 155|         34|  114|        276|
    +--------------------------------------------+----+-----------+-----+-----------+

    * Register: 
    +----------------------------------+----+----+-----+-----------+
    |               Name               | FF | LUT| Bits| Const Bits|
    +----------------------------------+----+----+-----+-----------+
    |LineBufVal_V_14_reg_639           |   8|   0|    8|          0|
    |ap_CS_fsm                         |   1|   0|    1|          0|
    |ap_done_reg                       |   1|   0|    1|          0|
    |ap_enable_reg_pp0_iter1           |   1|   0|    1|          0|
    |ap_enable_reg_pp0_iter2           |   1|   0|    1|          0|
    |ap_enable_reg_pp0_iter3           |   1|   0|    1|          0|
    |ap_loop_exit_ready_pp0_iter1_reg  |   1|   0|    1|          0|
    |ap_loop_exit_ready_pp0_iter2_reg  |   1|   0|    1|          0|
    |ap_phi_reg_pp0_iter1_lhs_reg_286  |   8|   0|    8|          0|
    |ap_phi_reg_pp0_iter2_lhs_reg_286  |   8|   0|    8|          0|
    |ap_phi_reg_pp0_iter3_lhs_reg_286  |   8|   0|    8|          0|
    |icmp_ln1012_reg_607               |   1|   0|    1|          0|
    |linebuf_c_val_V_1_addr_reg_628    |  11|   0|   11|          0|
    |linebuf_c_val_V_addr_reg_622      |  11|   0|   11|          0|
    |linebuf_y_val_V_1_addr_reg_617    |  11|   0|   11|          0|
    |linebuf_y_val_V_addr_reg_611      |  11|   0|   11|          0|
    |out_x_reg_602                     |  11|   0|   11|          0|
    |ret_V_21_reg_666                  |   9|   0|    9|          0|
    |rhs_reg_649                       |   8|   0|    8|          0|
    |x_fu_112                          |  11|   0|   11|          0|
    |zext_ln1495_2_reg_661             |   8|   0|    9|          1|
    |icmp_ln1012_reg_607               |  64|  32|    1|          0|
    +----------------------------------+----+----+-----+-----------+
    |Total                             | 195|  32|  133|          1|
    +----------------------------------+----+----+-----+-----------+



================================================================
== Interface
================================================================
* Summary: 
+--------------------------------+-----+-----+------------+-----------------------------------------------+--------------+
|            RTL Ports           | Dir | Bits|  Protocol  |                 Source Object                 |    C Type    |
+--------------------------------+-----+-----+------------+-----------------------------------------------+--------------+
|ap_clk                          |   in|    1|  ap_ctrl_hs|  v_vcresampler_core_Pipeline_VITIS_LOOP_1012_2|  return value|
|ap_rst                          |   in|    1|  ap_ctrl_hs|  v_vcresampler_core_Pipeline_VITIS_LOOP_1012_2|  return value|
|ap_start                        |   in|    1|  ap_ctrl_hs|  v_vcresampler_core_Pipeline_VITIS_LOOP_1012_2|  return value|
|ap_done                         |  out|    1|  ap_ctrl_hs|  v_vcresampler_core_Pipeline_VITIS_LOOP_1012_2|  return value|
|ap_idle                         |  out|    1|  ap_ctrl_hs|  v_vcresampler_core_Pipeline_VITIS_LOOP_1012_2|  return value|
|ap_ready                        |  out|    1|  ap_ctrl_hs|  v_vcresampler_core_Pipeline_VITIS_LOOP_1012_2|  return value|
|SrcYUV_dout                     |   in|   24|     ap_fifo|                                         SrcYUV|       pointer|
|SrcYUV_num_data_valid           |   in|    5|     ap_fifo|                                         SrcYUV|       pointer|
|SrcYUV_fifo_cap                 |   in|    5|     ap_fifo|                                         SrcYUV|       pointer|
|SrcYUV_empty_n                  |   in|    1|     ap_fifo|                                         SrcYUV|       pointer|
|SrcYUV_read                     |  out|    1|     ap_fifo|                                         SrcYUV|       pointer|
|SrcYUV422_din                   |  out|   24|     ap_fifo|                                      SrcYUV422|       pointer|
|SrcYUV422_num_data_valid        |   in|    5|     ap_fifo|                                      SrcYUV422|       pointer|
|SrcYUV422_fifo_cap              |   in|    5|     ap_fifo|                                      SrcYUV422|       pointer|
|SrcYUV422_full_n                |   in|    1|     ap_fifo|                                      SrcYUV422|       pointer|
|SrcYUV422_write                 |  out|    1|     ap_fifo|                                      SrcYUV422|       pointer|
|loopWidth                       |   in|   11|     ap_none|                                      loopWidth|        scalar|
|sel_tmp1                        |   in|    1|     ap_none|                                       sel_tmp1|        scalar|
|sel_tmp4                        |   in|    1|     ap_none|                                       sel_tmp4|        scalar|
|sel_tmp6                        |   in|    1|     ap_none|                                       sel_tmp6|        scalar|
|cmp287                          |   in|    1|     ap_none|                                         cmp287|        scalar|
|cmp391                          |   in|    1|     ap_none|                                         cmp391|        scalar|
|cmp104                          |   in|    1|     ap_none|                                         cmp104|        scalar|
|cmp36                           |   in|    1|     ap_none|                                          cmp36|        scalar|
|linebuf_y_val_V_address0        |  out|   11|   ap_memory|                                linebuf_y_val_V|         array|
|linebuf_y_val_V_ce0             |  out|    1|   ap_memory|                                linebuf_y_val_V|         array|
|linebuf_y_val_V_we0             |  out|    1|   ap_memory|                                linebuf_y_val_V|         array|
|linebuf_y_val_V_d0              |  out|    8|   ap_memory|                                linebuf_y_val_V|         array|
|linebuf_y_val_V_address1        |  out|   11|   ap_memory|                                linebuf_y_val_V|         array|
|linebuf_y_val_V_ce1             |  out|    1|   ap_memory|                                linebuf_y_val_V|         array|
|linebuf_y_val_V_q1              |   in|    8|   ap_memory|                                linebuf_y_val_V|         array|
|linebuf_y_val_V_1_address0      |  out|   11|   ap_memory|                              linebuf_y_val_V_1|         array|
|linebuf_y_val_V_1_ce0           |  out|    1|   ap_memory|                              linebuf_y_val_V_1|         array|
|linebuf_y_val_V_1_we0           |  out|    1|   ap_memory|                              linebuf_y_val_V_1|         array|
|linebuf_y_val_V_1_d0            |  out|    8|   ap_memory|                              linebuf_y_val_V_1|         array|
|linebuf_y_val_V_1_q0            |   in|    8|   ap_memory|                              linebuf_y_val_V_1|         array|
|linebuf_c_val_V_address0        |  out|   11|   ap_memory|                                linebuf_c_val_V|         array|
|linebuf_c_val_V_ce0             |  out|    1|   ap_memory|                                linebuf_c_val_V|         array|
|linebuf_c_val_V_we0             |  out|    1|   ap_memory|                                linebuf_c_val_V|         array|
|linebuf_c_val_V_d0              |  out|    8|   ap_memory|                                linebuf_c_val_V|         array|
|linebuf_c_val_V_address1        |  out|   11|   ap_memory|                                linebuf_c_val_V|         array|
|linebuf_c_val_V_ce1             |  out|    1|   ap_memory|                                linebuf_c_val_V|         array|
|linebuf_c_val_V_q1              |   in|    8|   ap_memory|                                linebuf_c_val_V|         array|
|linebuf_c_val_V_1_address0      |  out|   11|   ap_memory|                              linebuf_c_val_V_1|         array|
|linebuf_c_val_V_1_ce0           |  out|    1|   ap_memory|                              linebuf_c_val_V_1|         array|
|linebuf_c_val_V_1_we0           |  out|    1|   ap_memory|                              linebuf_c_val_V_1|         array|
|linebuf_c_val_V_1_d0            |  out|    8|   ap_memory|                              linebuf_c_val_V_1|         array|
|linebuf_c_val_V_1_address1      |  out|   11|   ap_memory|                              linebuf_c_val_V_1|         array|
|linebuf_c_val_V_1_ce1           |  out|    1|   ap_memory|                              linebuf_c_val_V_1|         array|
|linebuf_c_val_V_1_q1            |   in|    8|   ap_memory|                              linebuf_c_val_V_1|         array|
|spec_select                     |   in|    1|     ap_none|                                    spec_select|        scalar|
|linebuf_c_val_V_2_address0      |  out|   11|   ap_memory|                              linebuf_c_val_V_2|         array|
|linebuf_c_val_V_2_ce0           |  out|    1|   ap_memory|                              linebuf_c_val_V_2|         array|
|linebuf_c_val_V_2_q0            |   in|    8|   ap_memory|                              linebuf_c_val_V_2|         array|
|icmp_ln995                      |   in|    1|     ap_none|                                     icmp_ln995|        scalar|
|p_0_1_0_0_0878_out_i            |   in|    8|     ap_ovld|                             p_0_1_0_0_0878_out|       pointer|
|p_0_1_0_0_0878_out_o            |  out|    8|     ap_ovld|                             p_0_1_0_0_0878_out|       pointer|
|p_0_1_0_0_0878_out_o_ap_vld     |  out|    1|     ap_ovld|                             p_0_1_0_0_0878_out|       pointer|
|p_0_0_0_0_0423876_out_i         |   in|    8|     ap_ovld|                          p_0_0_0_0_0423876_out|       pointer|
|p_0_0_0_0_0423876_out_o         |  out|    8|     ap_ovld|                          p_0_0_0_0_0423876_out|       pointer|
|p_0_0_0_0_0423876_out_o_ap_vld  |  out|    1|     ap_ovld|                          p_0_0_0_0_0423876_out|       pointer|
|p_0_2_0_0_0874_out_i            |   in|    8|     ap_ovld|                             p_0_2_0_0_0874_out|       pointer|
|p_0_2_0_0_0874_out_o            |  out|    8|     ap_ovld|                             p_0_2_0_0_0874_out|       pointer|
|p_0_2_0_0_0874_out_o_ap_vld     |  out|    1|     ap_ovld|                             p_0_2_0_0_0874_out|       pointer|
|p_0_1_0_0_0872_out_i            |   in|    8|     ap_ovld|                             p_0_1_0_0_0872_out|       pointer|
|p_0_1_0_0_0872_out_o            |  out|    8|     ap_ovld|                             p_0_1_0_0_0872_out|       pointer|
|p_0_1_0_0_0872_out_o_ap_vld     |  out|    1|     ap_ovld|                             p_0_1_0_0_0872_out|       pointer|
|p_0_0_0_0_0423870_out_i         |   in|    8|     ap_ovld|                          p_0_0_0_0_0423870_out|       pointer|
|p_0_0_0_0_0423870_out_o         |  out|    8|     ap_ovld|                          p_0_0_0_0_0423870_out|       pointer|
|p_0_0_0_0_0423870_out_o_ap_vld  |  out|    1|     ap_ovld|                          p_0_0_0_0_0423870_out|       pointer|
+--------------------------------+-----+-----+------------+-----------------------------------------------+--------------+

