

================================================================
== Vitis HLS Report for 'v_vcresampler_core'
================================================================
* Date:           Fri Mar  6 02:15:20 2026

* Version:        2022.2 (Build 3670227 on Oct 13 2022)
* Project:        prj
* Solution:       sol (Vivado IP Flow Target)
* Product family: zynquplus
* Target device:  xck26-sfvc784-2LV-c


================================================================
== Performance Estimates
================================================================
+ Timing: 
    * Summary: 
    +--------+---------+----------+------------+
    |  Clock |  Target | Estimated| Uncertainty|
    +--------+---------+----------+------------+
    |ap_clk  |  5.00 ns|  3.650 ns|     1.35 ns|
    +--------+---------+----------+------------+

+ Latency: 
    * Summary: 
    +---------+------------+-----------+-----------+-----+------------+---------+
    |   Latency (cycles)   |   Latency (absolute)  |     Interval     | Pipeline|
    |   min   |     max    |    min    |    max    | min |     max    |   Type  |
    +---------+------------+-----------+-----------+-----+------------+---------+
    |        2|  1073872893|  10.000 ns|  5.369 sec|    2|  1073872893|       no|
    +---------+------------+-----------+-----------+-----+------------+---------+

    + Detail: 
        * Instance: 
        +----------------------------------------------------------+-----------------------------------------------+---------+---------+-----------+----------+-----+-------+---------+
        |                                                          |                                               |  Latency (cycles) |  Latency (absolute)  |   Interval  | Pipeline|
        |                         Instance                         |                     Module                    |   min   |   max   |    min    |    max   | min |  max  |   Type  |
        +----------------------------------------------------------+-----------------------------------------------+---------+---------+-----------+----------+-----+-------+---------+
        |grp_v_vcresampler_core_Pipeline_VITIS_LOOP_1012_2_fu_176  |v_vcresampler_core_Pipeline_VITIS_LOOP_1012_2  |        3|    32771|  15.000 ns|  0.164 ms|    3|  32771|       no|
        +----------------------------------------------------------+-----------------------------------------------+---------+---------+-----------+----------+-----+-------+---------+

        * Loop: 
        +---------------------+---------+------------+-----------+-----------+-----------+-----------+----------+
        |                     |   Latency (cycles)   | Iteration |  Initiation Interval  |    Trip   |          |
        |      Loop Name      |   min   |     max    |  Latency  |  achieved |   target  |   Count   | Pipelined|
        +---------------------+---------+------------+-----------+-----------+-----------+-----------+----------+
        |- VITIS_LOOP_1010_1  |        0|  1073872891|  5 ~ 32773|          -|          -|  0 ~ 32767|        no|
        +---------------------+---------+------------+-----------+-----------+-----------+-----------+----------+



================================================================
== Utilization Estimates
================================================================
* Summary: 
+-----------------+---------+------+--------+--------+-----+
|       Name      | BRAM_18K|  DSP |   FF   |   LUT  | URAM|
+-----------------+---------+------+--------+--------+-----+
|DSP              |        -|     -|       -|       -|    -|
|Expression       |        -|     -|       0|     150|    -|
|FIFO             |        -|     -|       -|       -|    -|
|Instance         |        -|     -|     195|     392|    -|
|Memory           |        5|     -|       0|       0|    0|
|Multiplexer      |        -|     -|       -|     125|    -|
|Register         |        -|     -|     116|       -|    -|
+-----------------+---------+------+--------+--------+-----+
|Total            |        5|     0|     311|     667|    0|
+-----------------+---------+------+--------+--------+-----+
|Available        |      288|  1248|  234240|  117120|   64|
+-----------------+---------+------+--------+--------+-----+
|Utilization (%)  |        1|     0|      ~0|      ~0|    0|
+-----------------+---------+------+--------+--------+-----+

+ Detail: 
    * Instance: 
    +----------------------------------------------------------+-----------------------------------------------+---------+----+-----+-----+-----+
    |                         Instance                         |                     Module                    | BRAM_18K| DSP|  FF | LUT | URAM|
    +----------------------------------------------------------+-----------------------------------------------+---------+----+-----+-----+-----+
    |grp_v_vcresampler_core_Pipeline_VITIS_LOOP_1012_2_fu_176  |v_vcresampler_core_Pipeline_VITIS_LOOP_1012_2  |        0|   0|  195|  392|    0|
    +----------------------------------------------------------+-----------------------------------------------+---------+----+-----+-----+-----+
    |Total                                                     |                                               |        0|   0|  195|  392|    0|
    +----------------------------------------------------------+-----------------------------------------------+---------+----+-----+-----+-----+

    * DSP: 
    N/A

    * Memory: 
    +---------------------+----------------------------------------------------+---------+---+----+-----+------+-----+------+-------------+
    |        Memory       |                       Module                       | BRAM_18K| FF| LUT| URAM| Words| Bits| Banks| W*Bits*Banks|
    +---------------------+----------------------------------------------------+---------+---+----+-----+------+-----+------+-------------+
    |linebuf_c_val_V_2_U  |v_vcresampler_core_linebuf_c_val_V_2_RAM_AUTO_1R1W  |        1|  0|   0|    0|  1920|    8|     1|        15360|
    |linebuf_y_val_V_1_U  |v_vcresampler_core_linebuf_y_val_V_1_RAM_AUTO_1R1W  |        1|  0|   0|    0|  1920|    8|     1|        15360|
    |linebuf_y_val_V_U    |v_vcresampler_core_linebuf_y_val_V_RAM_AUTO_1R1W    |        1|  0|   0|    0|  1920|    8|     1|        15360|
    |linebuf_c_val_V_U    |v_vcresampler_core_linebuf_y_val_V_RAM_AUTO_1R1W    |        1|  0|   0|    0|  1920|    8|     1|        15360|
    |linebuf_c_val_V_1_U  |v_vcresampler_core_linebuf_y_val_V_RAM_AUTO_1R1W    |        1|  0|   0|    0|  1920|    8|     1|        15360|
    +---------------------+----------------------------------------------------+---------+---+----+-----+------+-----+------+-------------+
    |Total                |                                                    |        5|  0|   0|    0|  9600|   40|     5|        76800|
    +---------------------+----------------------------------------------------+---------+---+----+-----+------+-----+------+-------------+

    * FIFO: 
    N/A

    * Expression: 
    +------------------------+----------+----+---+----+------------+------------+
    |      Variable Name     | Operation| DSP| FF| LUT| Bitwidth P0| Bitwidth P1|
    +------------------------+----------+----+---+----+------------+------------+
    |add_ln1010_1_fu_257_p2  |         +|   0|  0|  19|          12|          12|
    |add_ln1010_fu_276_p2    |         +|   0|  0|  19|          12|           1|
    |out_y_fu_290_p2         |         -|   0|  0|  20|          13|          13|
    |sel_tmp1_fu_333_p2      |       and|   0|  0|   2|           1|           1|
    |sel_tmp4_fu_345_p2      |       and|   0|  0|   2|           1|           1|
    |sel_tmp6_fu_351_p2      |       and|   0|  0|   2|           1|           1|
    |spec_select_fu_327_p2   |       and|   0|  0|   2|           1|           1|
    |cmp104_fu_305_p2        |      icmp|   0|  0|  12|          12|           1|
    |cmp287_fu_216_p2        |      icmp|   0|  0|  11|           8|           2|
    |cmp36_fu_299_p2         |      icmp|   0|  0|  12|          12|          12|
    |icmp_ln1010_fu_271_p2   |      icmp|   0|  0|  12|          12|          12|
    |icmp_ln995_fu_204_p2    |      icmp|   0|  0|  11|           8|           8|
    |icmp_ln999_fu_210_p2    |      icmp|   0|  0|  11|           8|           2|
    |ap_block_state1         |        or|   0|  0|   2|           1|           1|
    |or_ln995_fu_234_p2      |        or|   0|  0|   2|           1|           1|
    |select_ln995_fu_227_p3  |    select|   0|  0|   3|           1|           1|
    |yOffset_fu_238_p3       |    select|   0|  0|   2|           1|           2|
    |rev_fu_320_p2           |       xor|   0|  0|   2|           1|           2|
    |sel_tmp3_fu_339_p2      |       xor|   0|  0|   2|           1|           2|
    |sel_tmp_fu_263_p2       |       xor|   0|  0|   2|           1|           2|
    +------------------------+----------+----+---+----+------------+------------+
    |Total                   |          |   0|  0| 150|         108|          78|
    +------------------------+----------+----+---+----+------------+------------+

    * Multiplexer: 
    +------------------------+----+-----------+-----+-----------+
    |          Name          | LUT| Input Size| Bits| Total Bits|
    +------------------------+----+-----------+-----+-----------+
    |ColorMode_vcr_c_blk_n   |   9|          2|    1|          2|
    |HwReg_HeightIn_c_blk_n  |   9|          2|    1|          2|
    |HwReg_Width_c16_blk_n   |   9|          2|    1|          2|
    |SrcYUV422_write         |   9|          2|    1|          2|
    |SrcYUV_read             |   9|          2|    1|          2|
    |ap_NS_fsm               |  26|          5|    1|          5|
    |ap_done                 |   9|          2|    1|          2|
    |height_blk_n            |   9|          2|    1|          2|
    |inColorMode_blk_n       |   9|          2|    1|          2|
    |outColorMode_blk_n      |   9|          2|    1|          2|
    |width_blk_n             |   9|          2|    1|          2|
    |y_fu_104                |   9|          2|   12|         24|
    +------------------------+----+-----------+-----+-----------+
    |Total                   | 125|         27|   23|         49|
    +------------------------+----+-----------+-----+-----------+

    * Register: 
    +-----------------------------------------------------------------------+----+----+-----+-----------+
    |                                  Name                                 | FF | LUT| Bits| Const Bits|
    +-----------------------------------------------------------------------+----+----+-----+-----------+
    |add_ln1010_1_reg_435                                                   |  12|   0|   12|          0|
    |ap_CS_fsm                                                              |   4|   0|    4|          0|
    |ap_done_reg                                                            |   1|   0|    1|          0|
    |cmp104_reg_453                                                         |   1|   0|    1|          0|
    |cmp287_reg_417                                                         |   1|   0|    1|          0|
    |cmp36_reg_448                                                          |   1|   0|    1|          0|
    |grp_v_vcresampler_core_Pipeline_VITIS_LOOP_1012_2_fu_176_ap_start_reg  |   1|   0|    1|          0|
    |height_read_reg_399                                                    |  11|   0|   11|          0|
    |icmp_ln995_reg_404                                                     |   1|   0|    1|          0|
    |icmp_ln999_reg_411                                                     |   1|   0|    1|          0|
    |loopWidth_reg_394                                                      |  11|   0|   11|          0|
    |p_0_0_0_0_0423871_lcssa899_fu_84                                       |   8|   0|    8|          0|
    |p_0_0_0_0_0423877_lcssa908_fu_96                                       |   8|   0|    8|          0|
    |p_0_1_0_0_0873_lcssa902_fu_88                                          |   8|   0|    8|          0|
    |p_0_1_0_0_0879_lcssa911_fu_100                                         |   8|   0|    8|          0|
    |p_0_2_0_0_0875_lcssa905_fu_92                                          |   8|   0|    8|          0|
    |rev_reg_458                                                            |   1|   0|    1|          0|
    |sel_tmp1_reg_468                                                       |   1|   0|    1|          0|
    |sel_tmp4_reg_473                                                       |   1|   0|    1|          0|
    |sel_tmp6_reg_478                                                       |   1|   0|    1|          0|
    |sel_tmp_reg_440                                                        |   1|   0|    1|          0|
    |spec_select_reg_463                                                    |   1|   0|    1|          0|
    |y_fu_104                                                               |  12|   0|   12|          0|
    |zext_ln1008_reg_430                                                    |  11|   0|   12|          1|
    |zext_ln971_reg_425                                                     |   2|   0|   13|         11|
    +-----------------------------------------------------------------------+----+----+-----+-----------+
    |Total                                                                  | 116|   0|  128|         12|
    +-----------------------------------------------------------------------+----+----+-----+-----------+



================================================================
== Interface
================================================================
* Summary: 
+---------------------------------+-----+-----+------------+--------------------+--------------+
|            RTL Ports            | Dir | Bits|  Protocol  |    Source Object   |    C Type    |
+---------------------------------+-----+-----+------------+--------------------+--------------+
|ap_clk                           |   in|    1|  ap_ctrl_hs|  v_vcresampler_core|  return value|
|ap_rst                           |   in|    1|  ap_ctrl_hs|  v_vcresampler_core|  return value|
|ap_start                         |   in|    1|  ap_ctrl_hs|  v_vcresampler_core|  return value|
|ap_done                          |  out|    1|  ap_ctrl_hs|  v_vcresampler_core|  return value|
|ap_continue                      |   in|    1|  ap_ctrl_hs|  v_vcresampler_core|  return value|
|ap_idle                          |  out|    1|  ap_ctrl_hs|  v_vcresampler_core|  return value|
|ap_ready                         |  out|    1|  ap_ctrl_hs|  v_vcresampler_core|  return value|
|SrcYUV_dout                      |   in|   24|     ap_fifo|              SrcYUV|       pointer|
|SrcYUV_num_data_valid            |   in|    5|     ap_fifo|              SrcYUV|       pointer|
|SrcYUV_fifo_cap                  |   in|    5|     ap_fifo|              SrcYUV|       pointer|
|SrcYUV_empty_n                   |   in|    1|     ap_fifo|              SrcYUV|       pointer|
|SrcYUV_read                      |  out|    1|     ap_fifo|              SrcYUV|       pointer|
|height_dout                      |   in|   11|     ap_fifo|              height|       pointer|
|height_num_data_valid            |   in|    2|     ap_fifo|              height|       pointer|
|height_fifo_cap                  |   in|    2|     ap_fifo|              height|       pointer|
|height_empty_n                   |   in|    1|     ap_fifo|              height|       pointer|
|height_read                      |  out|    1|     ap_fifo|              height|       pointer|
|width_dout                       |   in|   11|     ap_fifo|               width|       pointer|
|width_num_data_valid             |   in|    2|     ap_fifo|               width|       pointer|
|width_fifo_cap                   |   in|    2|     ap_fifo|               width|       pointer|
|width_empty_n                    |   in|    1|     ap_fifo|               width|       pointer|
|width_read                       |  out|    1|     ap_fifo|               width|       pointer|
|inColorMode_dout                 |   in|    8|     ap_fifo|         inColorMode|       pointer|
|inColorMode_num_data_valid       |   in|    2|     ap_fifo|         inColorMode|       pointer|
|inColorMode_fifo_cap             |   in|    2|     ap_fifo|         inColorMode|       pointer|
|inColorMode_empty_n              |   in|    1|     ap_fifo|         inColorMode|       pointer|
|inColorMode_read                 |  out|    1|     ap_fifo|         inColorMode|       pointer|
|outColorMode_dout                |   in|    8|     ap_fifo|        outColorMode|       pointer|
|outColorMode_num_data_valid      |   in|    2|     ap_fifo|        outColorMode|       pointer|
|outColorMode_fifo_cap            |   in|    2|     ap_fifo|        outColorMode|       pointer|
|outColorMode_empty_n             |   in|    1|     ap_fifo|        outColorMode|       pointer|
|outColorMode_read                |  out|    1|     ap_fifo|        outColorMode|       pointer|
|SrcYUV422_din                    |  out|   24|     ap_fifo|           SrcYUV422|       pointer|
|SrcYUV422_num_data_valid         |   in|    5|     ap_fifo|           SrcYUV422|       pointer|
|SrcYUV422_fifo_cap               |   in|    5|     ap_fifo|           SrcYUV422|       pointer|
|SrcYUV422_full_n                 |   in|    1|     ap_fifo|           SrcYUV422|       pointer|
|SrcYUV422_write                  |  out|    1|     ap_fifo|           SrcYUV422|       pointer|
|HwReg_HeightIn_c_din             |  out|   11|     ap_fifo|    HwReg_HeightIn_c|       pointer|
|HwReg_HeightIn_c_num_data_valid  |   in|    2|     ap_fifo|    HwReg_HeightIn_c|       pointer|
|HwReg_HeightIn_c_fifo_cap        |   in|    2|     ap_fifo|    HwReg_HeightIn_c|       pointer|
|HwReg_HeightIn_c_full_n          |   in|    1|     ap_fifo|    HwReg_HeightIn_c|       pointer|
|HwReg_HeightIn_c_write           |  out|    1|     ap_fifo|    HwReg_HeightIn_c|       pointer|
|HwReg_Width_c16_din              |  out|   11|     ap_fifo|     HwReg_Width_c16|       pointer|
|HwReg_Width_c16_num_data_valid   |   in|    2|     ap_fifo|     HwReg_Width_c16|       pointer|
|HwReg_Width_c16_fifo_cap         |   in|    2|     ap_fifo|     HwReg_Width_c16|       pointer|
|HwReg_Width_c16_full_n           |   in|    1|     ap_fifo|     HwReg_Width_c16|       pointer|
|HwReg_Width_c16_write            |  out|    1|     ap_fifo|     HwReg_Width_c16|       pointer|
|ColorMode_vcr_c_din              |  out|    8|     ap_fifo|     ColorMode_vcr_c|       pointer|
|ColorMode_vcr_c_num_data_valid   |   in|    3|     ap_fifo|     ColorMode_vcr_c|       pointer|
|ColorMode_vcr_c_fifo_cap         |   in|    3|     ap_fifo|     ColorMode_vcr_c|       pointer|
|ColorMode_vcr_c_full_n           |   in|    1|     ap_fifo|     ColorMode_vcr_c|       pointer|
|ColorMode_vcr_c_write            |  out|    1|     ap_fifo|     ColorMode_vcr_c|       pointer|
+---------------------------------+-----+-----+------------+--------------------+--------------+

