

================================================================
== Vitis HLS Report for 'vscale_core_polyphase_Pipeline_loop_width_for_procpix'
================================================================
* Date:           Fri Mar  6 02:15:20 2026

* Version:        2022.2 (Build 3670227 on Oct 13 2022)
* Project:        prj
* Solution:       sol (Vivado IP Flow Target)
* Product family: zynquplus
* Target device:  xck26-sfvc784-2LV-c


================================================================
== Performance Estimates
================================================================
+ Timing: 
    * Summary: 
    +--------+---------+----------+------------+
    |  Clock |  Target | Estimated| Uncertainty|
    +--------+---------+----------+------------+
    |ap_clk  |  5.00 ns|  3.294 ns|     1.35 ns|
    +--------+---------+----------+------------+

+ Latency: 
    * Summary: 
    +---------+---------+-----------+----------+-----+------+---------+
    |  Latency (cycles) |  Latency (absolute)  |  Interval  | Pipeline|
    |   min   |   max   |    min    |    max   | min |  max |   Type  |
    +---------+---------+-----------+----------+-----+------+---------+
    |        8|     1932|  40.000 ns|  9.660 us|    8|  1932|       no|
    +---------+---------+-----------+----------+-----+------+---------+

    + Detail: 
        * Instance: 
        N/A

        * Loop: 
        +--------------------------+---------+---------+----------+-----------+-----------+----------+----------+
        |                          |  Latency (cycles) | Iteration|  Initiation Interval  |   Trip   |          |
        |         Loop Name        |   min   |   max   |  Latency |  achieved |   target  |   Count  | Pipelined|
        +--------------------------+---------+---------+----------+-----------+-----------+----------+----------+
        |- loop_width_for_procpix  |        6|     1930|        12|          1|          1|  0 ~ 1920|       yes|
        +--------------------------+---------+---------+----------+-----------+-----------+----------+----------+



================================================================
== Utilization Estimates
================================================================
* Summary: 
+-----------------+---------+------+--------+--------+-----+
|       Name      | BRAM_18K|  DSP |   FF   |   LUT  | URAM|
+-----------------+---------+------+--------+--------+-----+
|DSP              |        -|    18|       -|       -|    -|
|Expression       |        -|     -|       0|     241|    -|
|FIFO             |        -|     -|       -|       -|    -|
|Instance         |        -|     -|       -|       -|    -|
|Memory           |        -|     -|       -|       -|    -|
|Multiplexer      |        -|     -|       -|     360|    -|
|Register         |        -|     -|    1107|     224|    -|
+-----------------+---------+------+--------+--------+-----+
|Total            |        0|    18|    1107|     825|    0|
+-----------------+---------+------+--------+--------+-----+
|Available        |      288|  1248|  234240|  117120|   64|
+-----------------+---------+------+--------+--------+-----+
|Utilization (%)  |        0|     1|      ~0|      ~0|    0|
+-----------------+---------+------+--------+--------+-----+

+ Detail: 
    * Instance: 
    N/A

    * DSP: 
    +-------------------------------------+--------------------------------+--------------+
    |               Instance              |             Module             |  Expression  |
    +-------------------------------------+--------------------------------+--------------+
    |mac_muladd_16s_8ns_12ns_24_4_1_U112  |mac_muladd_16s_8ns_12ns_24_4_1  |  i0 * i1 + i2|
    |mac_muladd_16s_8ns_12ns_24_4_1_U113  |mac_muladd_16s_8ns_12ns_24_4_1  |  i0 * i1 + i2|
    |mac_muladd_16s_8ns_12ns_24_4_1_U114  |mac_muladd_16s_8ns_12ns_24_4_1  |  i0 * i1 + i2|
    |mac_muladd_16s_8ns_24s_25_4_1_U115   |mac_muladd_16s_8ns_24s_25_4_1   |  i0 + i1 * i2|
    |mac_muladd_16s_8ns_24s_25_4_1_U116   |mac_muladd_16s_8ns_24s_25_4_1   |  i0 + i1 * i2|
    |mac_muladd_16s_8ns_24s_25_4_1_U117   |mac_muladd_16s_8ns_24s_25_4_1   |  i0 + i1 * i2|
    |mac_muladd_16s_8ns_25s_26_4_1_U118   |mac_muladd_16s_8ns_25s_26_4_1   |  i0 + i1 * i2|
    |mac_muladd_16s_8ns_25s_26_4_1_U119   |mac_muladd_16s_8ns_25s_26_4_1   |  i0 + i1 * i2|
    |mac_muladd_16s_8ns_25s_26_4_1_U120   |mac_muladd_16s_8ns_25s_26_4_1   |  i0 + i1 * i2|
    |mac_muladd_16s_8ns_26s_26_4_1_U121   |mac_muladd_16s_8ns_26s_26_4_1   |  i0 + i1 * i2|
    |mac_muladd_16s_8ns_26s_26_4_1_U122   |mac_muladd_16s_8ns_26s_26_4_1   |  i0 + i1 * i2|
    |mac_muladd_16s_8ns_26s_26_4_1_U123   |mac_muladd_16s_8ns_26s_26_4_1   |  i0 + i1 * i2|
    |mac_muladd_16s_8ns_26s_27_4_1_U124   |mac_muladd_16s_8ns_26s_27_4_1   |  i0 + i1 * i2|
    |mac_muladd_16s_8ns_26s_27_4_1_U125   |mac_muladd_16s_8ns_26s_27_4_1   |  i0 + i1 * i2|
    |mac_muladd_16s_8ns_26s_27_4_1_U126   |mac_muladd_16s_8ns_26s_27_4_1   |  i0 + i1 * i2|
    |mac_muladd_16s_8ns_27s_27_4_1_U127   |mac_muladd_16s_8ns_27s_27_4_1   |  i0 + i1 * i2|
    |mac_muladd_16s_8ns_27s_27_4_1_U128   |mac_muladd_16s_8ns_27s_27_4_1   |  i0 + i1 * i2|
    |mac_muladd_16s_8ns_27s_27_4_1_U129   |mac_muladd_16s_8ns_27s_27_4_1   |  i0 + i1 * i2|
    +-------------------------------------+--------------------------------+--------------+

    * Memory: 
    N/A

    * FIFO: 
    N/A

    * Expression: 
    +------------------------------------+----------+----+---+----+------------+------------+
    |            Variable Name           | Operation| DSP| FF| LUT| Bitwidth P0| Bitwidth P1|
    +------------------------------------+----------+----+---+----+------------+------------+
    |add_ln252_fu_577_p2                 |         +|   0|  0|  18|          11|           1|
    |ap_block_pp0                        |       and|   0|  0|   2|           1|           1|
    |ap_block_state12_pp0_stage0_iter11  |       and|   0|  0|   2|           1|           1|
    |ap_block_state2_pp0_stage0_iter1    |       and|   0|  0|   2|           1|           1|
    |ap_condition_529                    |       and|   0|  0|   2|           1|           1|
    |ap_condition_76                     |       and|   0|  0|   2|           1|           1|
    |ap_enable_state2_pp0_iter1_stage0   |       and|   0|  0|   2|           1|           1|
    |ap_enable_state3_pp0_iter2_stage0   |       and|   0|  0|   2|           1|           1|
    |ap_predicate_op102_store_state3     |       and|   0|  0|   2|           1|           1|
    |icmp_ln252_fu_571_p2                |      icmp|   0|  0|  11|          11|          11|
    |icmp_ln352_1_fu_1132_p2             |      icmp|   0|  0|  10|           7|           1|
    |icmp_ln352_2_fu_1191_p2             |      icmp|   0|  0|  10|           7|           1|
    |icmp_ln352_fu_1073_p2               |      icmp|   0|  0|  10|           7|           1|
    |ap_block_pp0_stage0_01001           |        or|   0|  0|   2|           1|           1|
    |or_ln214_1_fu_1161_p2               |        or|   0|  0|   2|           1|           1|
    |or_ln214_2_fu_1220_p2               |        or|   0|  0|   2|           1|           1|
    |or_ln214_fu_1102_p2                 |        or|   0|  0|   2|           1|           1|
    |PixArrayVal_val_V_10_fu_813_p3      |    select|   0|  0|   8|           1|           8|
    |PixArrayVal_val_V_11_fu_806_p3      |    select|   0|  0|   8|           1|           8|
    |PixArrayVal_val_V_15_fu_852_p3      |    select|   0|  0|   8|           1|           8|
    |PixArrayVal_val_V_16_fu_845_p3      |    select|   0|  0|   8|           1|           8|
    |PixArrayVal_val_V_17_fu_838_p3      |    select|   0|  0|   8|           1|           8|
    |PixArrayVal_val_V_21_fu_884_p3      |    select|   0|  0|   8|           1|           8|
    |PixArrayVal_val_V_22_fu_877_p3      |    select|   0|  0|   8|           1|           8|
    |PixArrayVal_val_V_23_fu_870_p3      |    select|   0|  0|   8|           1|           8|
    |PixArrayVal_val_V_27_fu_916_p3      |    select|   0|  0|   8|           1|           8|
    |PixArrayVal_val_V_28_fu_909_p3      |    select|   0|  0|   8|           1|           8|
    |PixArrayVal_val_V_29_fu_902_p3      |    select|   0|  0|   8|           1|           8|
    |PixArrayVal_val_V_3_fu_788_p3       |    select|   0|  0|   8|           1|           8|
    |PixArrayVal_val_V_4_fu_781_p3       |    select|   0|  0|   8|           1|           8|
    |PixArrayVal_val_V_5_fu_774_p3       |    select|   0|  0|   8|           1|           8|
    |PixArrayVal_val_V_9_fu_820_p3       |    select|   0|  0|   8|           1|           8|
    |select_ln214_1_fu_1167_p3           |    select|   0|  0|   8|           1|           8|
    |select_ln214_2_fu_1226_p3           |    select|   0|  0|   8|           1|           8|
    |select_ln214_3_fu_1094_p3           |    select|   0|  0|   2|           1|           2|
    |select_ln214_4_fu_1153_p3           |    select|   0|  0|   2|           1|           2|
    |select_ln214_5_fu_1212_p3           |    select|   0|  0|   2|           1|           2|
    |select_ln214_fu_1108_p3             |    select|   0|  0|   8|           1|           8|
    |ap_enable_pp0                       |       xor|   0|  0|   2|           1|           2|
    |xor_ln214_1_fu_1147_p2              |       xor|   0|  0|   2|           1|           2|
    |xor_ln214_2_fu_1206_p2              |       xor|   0|  0|   2|           1|           2|
    |xor_ln214_fu_1088_p2                |       xor|   0|  0|   2|           1|           2|
    +------------------------------------+----------+----+---+----+------------+------------+
    |Total                               |          |   0|  0| 241|          80|         185|
    +------------------------------------+----------+----+---+----+------------+------------+

    * Multiplexer: 
    +------------------------------------------------+----+-----------+-----+-----------+
    |                      Name                      | LUT| Input Size| Bits| Total Bits|
    +------------------------------------------------+----+-----------+-----+-----------+
    |OutYUV_blk_n                                    |   9|          2|    1|          2|
    |SrcYUV422_blk_n                                 |   9|          2|    1|          2|
    |ap_done_int                                     |   9|          2|    1|          2|
    |ap_enable_reg_pp0_iter7                         |   9|          2|    1|          2|
    |ap_phi_mux_PixArray_val_V_21_phi_fu_375_p4      |   9|          2|    8|         16|
    |ap_phi_mux_PixArray_val_V_22_phi_fu_365_p4      |   9|          2|    8|         16|
    |ap_phi_mux_PixArray_val_V_23_phi_fu_355_p4      |   9|          2|    8|         16|
    |ap_phi_mux_PixArray_val_V_24_phi_fu_394_p4      |  14|          3|    8|         24|
    |ap_phi_mux_PixArray_val_V_25_phi_fu_385_p4      |  14|          3|    8|         24|
    |ap_phi_mux_PixArray_val_V_phi_fu_403_p4         |  14|          3|    8|         24|
    |ap_phi_reg_pp0_iter2_PixArray_val_V_21_reg_372  |   9|          2|    8|         16|
    |ap_phi_reg_pp0_iter2_PixArray_val_V_22_reg_362  |   9|          2|    8|         16|
    |ap_phi_reg_pp0_iter2_PixArray_val_V_23_reg_352  |   9|          2|    8|         16|
    |ap_phi_reg_pp0_iter3_PixArray_val_V_27_reg_541  |  14|          3|    8|         24|
    |ap_phi_reg_pp0_iter3_PixArray_val_V_28_reg_532  |  14|          3|    8|         24|
    |ap_phi_reg_pp0_iter3_PixArray_val_V_30_reg_512  |  14|          3|    8|         24|
    |ap_phi_reg_pp0_iter3_PixArray_val_V_31_reg_502  |  14|          3|    8|         24|
    |ap_phi_reg_pp0_iter3_PixArray_val_V_33_reg_482  |  14|          3|    8|         24|
    |ap_phi_reg_pp0_iter3_PixArray_val_V_34_reg_472  |  14|          3|    8|         24|
    |ap_phi_reg_pp0_iter3_PixArray_val_V_36_reg_452  |  14|          3|    8|         24|
    |ap_phi_reg_pp0_iter3_PixArray_val_V_37_reg_442  |  14|          3|    8|         24|
    |ap_phi_reg_pp0_iter3_PixArray_val_V_39_reg_420  |  14|          3|    8|         24|
    |ap_phi_reg_pp0_iter3_PixArray_val_V_40_reg_409  |  14|          3|    8|         24|
    |ap_phi_reg_pp0_iter3_PixArray_val_V_41_reg_550  |  14|          3|    8|         24|
    |ap_phi_reg_pp0_iter3_PixArray_val_V_42_reg_522  |  14|          3|    8|         24|
    |ap_phi_reg_pp0_iter3_PixArray_val_V_43_reg_492  |  14|          3|    8|         24|
    |ap_phi_reg_pp0_iter3_PixArray_val_V_44_reg_462  |  14|          3|    8|         24|
    |ap_phi_reg_pp0_iter3_PixArray_val_V_45_reg_431  |  14|          3|    8|         24|
    |ap_sig_allocacmp_x_1                            |   9|          2|   11|         22|
    |x_fu_122                                        |   9|          2|   11|         22|
    +------------------------------------------------+----+-----------+-----+-----------+
    |Total                                           | 360|         78|  218|        580|
    +------------------------------------------------+----+-----------+-----+-----------+

    * Register: 
    +------------------------------------------------+----+----+-----+-----------+
    |                      Name                      | FF | LUT| Bits| Const Bits|
    +------------------------------------------------+----+----+-----+-----------+
    |LineBuf_val_V_1_addr_reg_1471                   |  11|   0|   11|          0|
    |LineBuf_val_V_2_addr_reg_1477                   |  11|   0|   11|          0|
    |LineBuf_val_V_3_addr_reg_1483                   |  11|   0|   11|          0|
    |LineBuf_val_V_4_addr_reg_1489                   |  11|   0|   11|          0|
    |LineBuf_val_V_5_addr_reg_1495                   |  11|   0|   11|          0|
    |PixArray_val_V_30_reg_512                       |   8|   0|    8|          0|
    |PixArray_val_V_31_reg_502                       |   8|   0|    8|          0|
    |PixArray_val_V_33_reg_482                       |   8|   0|    8|          0|
    |PixArray_val_V_33_reg_482_pp0_iter4_reg         |   8|   0|    8|          0|
    |PixArray_val_V_34_reg_472                       |   8|   0|    8|          0|
    |PixArray_val_V_34_reg_472_pp0_iter4_reg         |   8|   0|    8|          0|
    |PixArray_val_V_36_reg_452                       |   8|   0|    8|          0|
    |PixArray_val_V_37_reg_442                       |   8|   0|    8|          0|
    |PixArray_val_V_39_reg_420                       |   8|   0|    8|          0|
    |PixArray_val_V_40_reg_409                       |   8|   0|    8|          0|
    |PixArray_val_V_42_reg_522                       |   8|   0|    8|          0|
    |PixArray_val_V_43_reg_492                       |   8|   0|    8|          0|
    |PixArray_val_V_43_reg_492_pp0_iter4_reg         |   8|   0|    8|          0|
    |PixArray_val_V_44_reg_462                       |   8|   0|    8|          0|
    |PixArray_val_V_45_reg_431                       |   8|   0|    8|          0|
    |ap_CS_fsm                                       |   1|   0|    1|          0|
    |ap_done_reg                                     |   1|   0|    1|          0|
    |ap_enable_reg_pp0_iter1                         |   1|   0|    1|          0|
    |ap_enable_reg_pp0_iter10                        |   1|   0|    1|          0|
    |ap_enable_reg_pp0_iter11                        |   1|   0|    1|          0|
    |ap_enable_reg_pp0_iter2                         |   1|   0|    1|          0|
    |ap_enable_reg_pp0_iter3                         |   1|   0|    1|          0|
    |ap_enable_reg_pp0_iter4                         |   1|   0|    1|          0|
    |ap_enable_reg_pp0_iter5                         |   1|   0|    1|          0|
    |ap_enable_reg_pp0_iter6                         |   1|   0|    1|          0|
    |ap_enable_reg_pp0_iter7                         |   1|   0|    1|          0|
    |ap_enable_reg_pp0_iter8                         |   1|   0|    1|          0|
    |ap_enable_reg_pp0_iter9                         |   1|   0|    1|          0|
    |ap_loop_exit_ready_pp0_iter10_reg               |   1|   0|    1|          0|
    |ap_loop_exit_ready_pp0_iter1_reg                |   1|   0|    1|          0|
    |ap_loop_exit_ready_pp0_iter2_reg                |   1|   0|    1|          0|
    |ap_loop_exit_ready_pp0_iter3_reg                |   1|   0|    1|          0|
    |ap_loop_exit_ready_pp0_iter4_reg                |   1|   0|    1|          0|
    |ap_loop_exit_ready_pp0_iter5_reg                |   1|   0|    1|          0|
    |ap_loop_exit_ready_pp0_iter6_reg                |   1|   0|    1|          0|
    |ap_loop_exit_ready_pp0_iter7_reg                |   1|   0|    1|          0|
    |ap_loop_exit_ready_pp0_iter8_reg                |   1|   0|    1|          0|
    |ap_loop_exit_ready_pp0_iter9_reg                |   1|   0|    1|          0|
    |ap_phi_reg_pp0_iter1_PixArray_val_V_21_reg_372  |   8|   0|    8|          0|
    |ap_phi_reg_pp0_iter1_PixArray_val_V_22_reg_362  |   8|   0|    8|          0|
    |ap_phi_reg_pp0_iter1_PixArray_val_V_23_reg_352  |   8|   0|    8|          0|
    |ap_phi_reg_pp0_iter1_PixArray_val_V_27_reg_541  |   8|   0|    8|          0|
    |ap_phi_reg_pp0_iter1_PixArray_val_V_28_reg_532  |   8|   0|    8|          0|
    |ap_phi_reg_pp0_iter1_PixArray_val_V_30_reg_512  |   8|   0|    8|          0|
    |ap_phi_reg_pp0_iter1_PixArray_val_V_31_reg_502  |   8|   0|    8|          0|
    |ap_phi_reg_pp0_iter1_PixArray_val_V_33_reg_482  |   8|   0|    8|          0|
    |ap_phi_reg_pp0_iter1_PixArray_val_V_34_reg_472  |   8|   0|    8|          0|
    |ap_phi_reg_pp0_iter1_PixArray_val_V_36_reg_452  |   8|   0|    8|          0|
    |ap_phi_reg_pp0_iter1_PixArray_val_V_37_reg_442  |   8|   0|    8|          0|
    |ap_phi_reg_pp0_iter1_PixArray_val_V_39_reg_420  |   8|   0|    8|          0|
    |ap_phi_reg_pp0_iter1_PixArray_val_V_40_reg_409  |   8|   0|    8|          0|
    |ap_phi_reg_pp0_iter1_PixArray_val_V_41_reg_550  |   8|   0|    8|          0|
    |ap_phi_reg_pp0_iter1_PixArray_val_V_42_reg_522  |   8|   0|    8|          0|
    |ap_phi_reg_pp0_iter1_PixArray_val_V_43_reg_492  |   8|   0|    8|          0|
    |ap_phi_reg_pp0_iter1_PixArray_val_V_44_reg_462  |   8|   0|    8|          0|
    |ap_phi_reg_pp0_iter1_PixArray_val_V_45_reg_431  |   8|   0|    8|          0|
    |ap_phi_reg_pp0_iter2_PixArray_val_V_21_reg_372  |   8|   0|    8|          0|
    |ap_phi_reg_pp0_iter2_PixArray_val_V_22_reg_362  |   8|   0|    8|          0|
    |ap_phi_reg_pp0_iter2_PixArray_val_V_23_reg_352  |   8|   0|    8|          0|
    |ap_phi_reg_pp0_iter2_PixArray_val_V_27_reg_541  |   8|   0|    8|          0|
    |ap_phi_reg_pp0_iter2_PixArray_val_V_28_reg_532  |   8|   0|    8|          0|
    |ap_phi_reg_pp0_iter2_PixArray_val_V_30_reg_512  |   8|   0|    8|          0|
    |ap_phi_reg_pp0_iter2_PixArray_val_V_31_reg_502  |   8|   0|    8|          0|
    |ap_phi_reg_pp0_iter2_PixArray_val_V_33_reg_482  |   8|   0|    8|          0|
    |ap_phi_reg_pp0_iter2_PixArray_val_V_34_reg_472  |   8|   0|    8|          0|
    |ap_phi_reg_pp0_iter2_PixArray_val_V_36_reg_452  |   8|   0|    8|          0|
    |ap_phi_reg_pp0_iter2_PixArray_val_V_37_reg_442  |   8|   0|    8|          0|
    |ap_phi_reg_pp0_iter2_PixArray_val_V_39_reg_420  |   8|   0|    8|          0|
    |ap_phi_reg_pp0_iter2_PixArray_val_V_40_reg_409  |   8|   0|    8|          0|
    |ap_phi_reg_pp0_iter2_PixArray_val_V_41_reg_550  |   8|   0|    8|          0|
    |ap_phi_reg_pp0_iter2_PixArray_val_V_42_reg_522  |   8|   0|    8|          0|
    |ap_phi_reg_pp0_iter2_PixArray_val_V_43_reg_492  |   8|   0|    8|          0|
    |ap_phi_reg_pp0_iter2_PixArray_val_V_44_reg_462  |   8|   0|    8|          0|
    |ap_phi_reg_pp0_iter2_PixArray_val_V_45_reg_431  |   8|   0|    8|          0|
    |ap_phi_reg_pp0_iter3_PixArray_val_V_27_reg_541  |   8|   0|    8|          0|
    |ap_phi_reg_pp0_iter3_PixArray_val_V_28_reg_532  |   8|   0|    8|          0|
    |ap_phi_reg_pp0_iter3_PixArray_val_V_30_reg_512  |   8|   0|    8|          0|
    |ap_phi_reg_pp0_iter3_PixArray_val_V_31_reg_502  |   8|   0|    8|          0|
    |ap_phi_reg_pp0_iter3_PixArray_val_V_33_reg_482  |   8|   0|    8|          0|
    |ap_phi_reg_pp0_iter3_PixArray_val_V_34_reg_472  |   8|   0|    8|          0|
    |ap_phi_reg_pp0_iter3_PixArray_val_V_36_reg_452  |   8|   0|    8|          0|
    |ap_phi_reg_pp0_iter3_PixArray_val_V_37_reg_442  |   8|   0|    8|          0|
    |ap_phi_reg_pp0_iter3_PixArray_val_V_39_reg_420  |   8|   0|    8|          0|
    |ap_phi_reg_pp0_iter3_PixArray_val_V_40_reg_409  |   8|   0|    8|          0|
    |ap_phi_reg_pp0_iter3_PixArray_val_V_41_reg_550  |   8|   0|    8|          0|
    |ap_phi_reg_pp0_iter3_PixArray_val_V_42_reg_522  |   8|   0|    8|          0|
    |ap_phi_reg_pp0_iter3_PixArray_val_V_43_reg_492  |   8|   0|    8|          0|
    |ap_phi_reg_pp0_iter3_PixArray_val_V_44_reg_462  |   8|   0|    8|          0|
    |ap_phi_reg_pp0_iter3_PixArray_val_V_45_reg_431  |   8|   0|    8|          0|
    |icmp_ln252_reg_1457                             |   1|   0|    1|          0|
    |idxprom11_i_cast_reg_1442                       |   6|   0|   64|         58|
    |select_ln214_1_reg_1840                         |   8|   0|    8|          0|
    |select_ln214_2_reg_1845                         |   8|   0|    8|          0|
    |select_ln214_reg_1835                           |   8|   0|    8|          0|
    |x_1_reg_1452                                    |  11|   0|   11|          0|
    |x_fu_122                                        |  11|   0|   11|          0|
    |PixArray_val_V_36_reg_452                       |  64|  32|    8|          0|
    |PixArray_val_V_37_reg_442                       |  64|  32|    8|          0|
    |PixArray_val_V_39_reg_420                       |  64|  32|    8|          0|
    |PixArray_val_V_40_reg_409                       |  64|  32|    8|          0|
    |PixArray_val_V_44_reg_462                       |  64|  32|    8|          0|
    |PixArray_val_V_45_reg_431                       |  64|  32|    8|          0|
    |icmp_ln252_reg_1457                             |  64|  32|    1|          0|
    +------------------------------------------------+----+----+-----+-----------+
    |Total                                           |1107| 224|  766|         58|
    +------------------------------------------------+----+----+-----+-----------+



================================================================
== Interface
================================================================
* Summary: 
+--------------------------+-----+-----+------------+-------------------------------------------------------+--------------+
|         RTL Ports        | Dir | Bits|  Protocol  |                     Source Object                     |    C Type    |
+--------------------------+-----+-----+------------+-------------------------------------------------------+--------------+
|ap_clk                    |   in|    1|  ap_ctrl_hs|  vscale_core_polyphase_Pipeline_loop_width_for_procpix|  return value|
|ap_rst                    |   in|    1|  ap_ctrl_hs|  vscale_core_polyphase_Pipeline_loop_width_for_procpix|  return value|
|ap_start                  |   in|    1|  ap_ctrl_hs|  vscale_core_polyphase_Pipeline_loop_width_for_procpix|  return value|
|ap_done                   |  out|    1|  ap_ctrl_hs|  vscale_core_polyphase_Pipeline_loop_width_for_procpix|  return value|
|ap_idle                   |  out|    1|  ap_ctrl_hs|  vscale_core_polyphase_Pipeline_loop_width_for_procpix|  return value|
|ap_ready                  |  out|    1|  ap_ctrl_hs|  vscale_core_polyphase_Pipeline_loop_width_for_procpix|  return value|
|SrcYUV422_dout            |   in|   24|     ap_fifo|                                              SrcYUV422|       pointer|
|SrcYUV422_num_data_valid  |   in|    5|     ap_fifo|                                              SrcYUV422|       pointer|
|SrcYUV422_fifo_cap        |   in|    5|     ap_fifo|                                              SrcYUV422|       pointer|
|SrcYUV422_empty_n         |   in|    1|     ap_fifo|                                              SrcYUV422|       pointer|
|SrcYUV422_read            |  out|    1|     ap_fifo|                                              SrcYUV422|       pointer|
|OutYUV_din                |  out|   24|     ap_fifo|                                                 OutYUV|       pointer|
|OutYUV_num_data_valid     |   in|    5|     ap_fifo|                                                 OutYUV|       pointer|
|OutYUV_fifo_cap           |   in|    5|     ap_fifo|                                                 OutYUV|       pointer|
|OutYUV_full_n             |   in|    1|     ap_fifo|                                                 OutYUV|       pointer|
|OutYUV_write              |  out|    1|     ap_fifo|                                                 OutYUV|       pointer|
|FiltCoeff_5_address0      |  out|    6|   ap_memory|                                            FiltCoeff_5|         array|
|FiltCoeff_5_ce0           |  out|    1|   ap_memory|                                            FiltCoeff_5|         array|
|FiltCoeff_5_q0            |   in|   16|   ap_memory|                                            FiltCoeff_5|         array|
|idxprom11_i               |   in|    6|     ap_none|                                            idxprom11_i|        scalar|
|FiltCoeff_4_address0      |  out|    6|   ap_memory|                                            FiltCoeff_4|         array|
|FiltCoeff_4_ce0           |  out|    1|   ap_memory|                                            FiltCoeff_4|         array|
|FiltCoeff_4_q0            |   in|   16|   ap_memory|                                            FiltCoeff_4|         array|
|FiltCoeff_3_address0      |  out|    6|   ap_memory|                                            FiltCoeff_3|         array|
|FiltCoeff_3_ce0           |  out|    1|   ap_memory|                                            FiltCoeff_3|         array|
|FiltCoeff_3_q0            |   in|   16|   ap_memory|                                            FiltCoeff_3|         array|
|FiltCoeff_2_address0      |  out|    6|   ap_memory|                                            FiltCoeff_2|         array|
|FiltCoeff_2_ce0           |  out|    1|   ap_memory|                                            FiltCoeff_2|         array|
|FiltCoeff_2_q0            |   in|   16|   ap_memory|                                            FiltCoeff_2|         array|
|FiltCoeff_1_address0      |  out|    6|   ap_memory|                                            FiltCoeff_1|         array|
|FiltCoeff_1_ce0           |  out|    1|   ap_memory|                                            FiltCoeff_1|         array|
|FiltCoeff_1_q0            |   in|   16|   ap_memory|                                            FiltCoeff_1|         array|
|FiltCoeff_address0        |  out|    6|   ap_memory|                                              FiltCoeff|         array|
|FiltCoeff_ce0             |  out|    1|   ap_memory|                                              FiltCoeff|         array|
|FiltCoeff_q0              |   in|   16|   ap_memory|                                              FiltCoeff|         array|
|InPixels                  |   in|   11|     ap_none|                                               InPixels|        scalar|
|OutputWriteEn_1           |   in|    1|     ap_none|                                        OutputWriteEn_1|        scalar|
|LineBuf_val_V_5_address0  |  out|   11|   ap_memory|                                        LineBuf_val_V_5|         array|
|LineBuf_val_V_5_ce0       |  out|    1|   ap_memory|                                        LineBuf_val_V_5|         array|
|LineBuf_val_V_5_we0       |  out|    1|   ap_memory|                                        LineBuf_val_V_5|         array|
|LineBuf_val_V_5_d0        |  out|   24|   ap_memory|                                        LineBuf_val_V_5|         array|
|LineBuf_val_V_5_address1  |  out|   11|   ap_memory|                                        LineBuf_val_V_5|         array|
|LineBuf_val_V_5_ce1       |  out|    1|   ap_memory|                                        LineBuf_val_V_5|         array|
|LineBuf_val_V_5_q1        |   in|   24|   ap_memory|                                        LineBuf_val_V_5|         array|
|LineBuf_val_V_4_address0  |  out|   11|   ap_memory|                                        LineBuf_val_V_4|         array|
|LineBuf_val_V_4_ce0       |  out|    1|   ap_memory|                                        LineBuf_val_V_4|         array|
|LineBuf_val_V_4_we0       |  out|    1|   ap_memory|                                        LineBuf_val_V_4|         array|
|LineBuf_val_V_4_d0        |  out|   24|   ap_memory|                                        LineBuf_val_V_4|         array|
|LineBuf_val_V_4_address1  |  out|   11|   ap_memory|                                        LineBuf_val_V_4|         array|
|LineBuf_val_V_4_ce1       |  out|    1|   ap_memory|                                        LineBuf_val_V_4|         array|
|LineBuf_val_V_4_q1        |   in|   24|   ap_memory|                                        LineBuf_val_V_4|         array|
|LineBuf_val_V_3_address0  |  out|   11|   ap_memory|                                        LineBuf_val_V_3|         array|
|LineBuf_val_V_3_ce0       |  out|    1|   ap_memory|                                        LineBuf_val_V_3|         array|
|LineBuf_val_V_3_we0       |  out|    1|   ap_memory|                                        LineBuf_val_V_3|         array|
|LineBuf_val_V_3_d0        |  out|   24|   ap_memory|                                        LineBuf_val_V_3|         array|
|LineBuf_val_V_3_address1  |  out|   11|   ap_memory|                                        LineBuf_val_V_3|         array|
|LineBuf_val_V_3_ce1       |  out|    1|   ap_memory|                                        LineBuf_val_V_3|         array|
|LineBuf_val_V_3_q1        |   in|   24|   ap_memory|                                        LineBuf_val_V_3|         array|
|LineBuf_val_V_2_address0  |  out|   11|   ap_memory|                                        LineBuf_val_V_2|         array|
|LineBuf_val_V_2_ce0       |  out|    1|   ap_memory|                                        LineBuf_val_V_2|         array|
|LineBuf_val_V_2_we0       |  out|    1|   ap_memory|                                        LineBuf_val_V_2|         array|
|LineBuf_val_V_2_d0        |  out|   24|   ap_memory|                                        LineBuf_val_V_2|         array|
|LineBuf_val_V_2_address1  |  out|   11|   ap_memory|                                        LineBuf_val_V_2|         array|
|LineBuf_val_V_2_ce1       |  out|    1|   ap_memory|                                        LineBuf_val_V_2|         array|
|LineBuf_val_V_2_q1        |   in|   24|   ap_memory|                                        LineBuf_val_V_2|         array|
|LineBuf_val_V_1_address0  |  out|   11|   ap_memory|                                        LineBuf_val_V_1|         array|
|LineBuf_val_V_1_ce0       |  out|    1|   ap_memory|                                        LineBuf_val_V_1|         array|
|LineBuf_val_V_1_we0       |  out|    1|   ap_memory|                                        LineBuf_val_V_1|         array|
|LineBuf_val_V_1_d0        |  out|   24|   ap_memory|                                        LineBuf_val_V_1|         array|
|LineBuf_val_V_1_address1  |  out|   11|   ap_memory|                                        LineBuf_val_V_1|         array|
|LineBuf_val_V_1_ce1       |  out|    1|   ap_memory|                                        LineBuf_val_V_1|         array|
|LineBuf_val_V_1_q1        |   in|   24|   ap_memory|                                        LineBuf_val_V_1|         array|
|LineBuf_val_V_address0    |  out|   11|   ap_memory|                                          LineBuf_val_V|         array|
|LineBuf_val_V_ce0         |  out|    1|   ap_memory|                                          LineBuf_val_V|         array|
|LineBuf_val_V_we0         |  out|    1|   ap_memory|                                          LineBuf_val_V|         array|
|LineBuf_val_V_d0          |  out|   24|   ap_memory|                                          LineBuf_val_V|         array|
|LineBuf_val_V_q0          |   in|   24|   ap_memory|                                          LineBuf_val_V|         array|
|brmerge                   |   in|    1|     ap_none|                                                brmerge|        scalar|
|cmp159                    |   in|    1|     ap_none|                                                 cmp159|        scalar|
|cmp119                    |   in|    1|     ap_none|                                                 cmp119|        scalar|
+--------------------------+-----+-----+------------+-------------------------------------------------------+--------------+

