
****** Vitis HLS - High-Level Synthesis from C, C++ and OpenCL v2022.2 (64-bit)
  **** SW Build 3670227 on Oct 13 2022
  **** IP Build 3669848 on Fri Oct 14 08:30:02 MDT 2022
    ** Copyright 1986-2022 Xilinx, Inc. All Rights Reserved.

source /tools/Xilinx/Vitis_HLS/2022.2/scripts/vitis_hls/hls.tcl -notrace
INFO: [HLS 200-10] Running '/tools/Xilinx/Vitis_HLS/2022.2/bin/unwrapped/lnx64.o/vitis_hls'
INFO: [HLS 200-10] For user 'user' on host 'ubuntu' (Linux_x86_64 version 5.15.0-139-generic) on Thu Mar 05 08:17:53 PST 2026
INFO: [HLS 200-10] On os Ubuntu 20.04.6 LTS
INFO: [HLS 200-10] In directory '/home/user/Documents/kria-vitis-platforms/kv260/platforms/vivado/kv260_ispMipiRx_rpiMipiRx_DP/ip/isp_single_kv260'
Sourcing Tcl script 'run_hls.tcl'
INFO: [HLS 200-1510] Running: source run_hls.tcl
INFO: [HLS 200-1510] Running: source settings.tcl
INFO: [HLS 200-1510] Running: open_project -reset isppipeline.prj 
INFO: [HLS 200-10] Opening and resetting project '/home/user/Documents/kria-vitis-platforms/kv260/platforms/vivado/kv260_ispMipiRx_rpiMipiRx_DP/ip/isp_single_kv260/isppipeline.prj'.
INFO: [HLS 200-1510] Running: add_files ../../../../../overlays/Vitis_Libraries/vision//L1/examples/isppipeline/xf_isp_accel.cpp -cflags -I../../../../../overlays/Vitis_Libraries/vision//L1/include -I ./build -I ./ -D__SDSVHLS__ -std=c++0x -csimflags -I../../../../../overlays/Vitis_Libraries/vision//L1/include -I ./build -I ./ -D__SDSVHLS__ -std=c++0x 
INFO: [HLS 200-10] Adding design file '../../../../../overlays/Vitis_Libraries/vision//L1/examples/isppipeline/xf_isp_accel.cpp' to the project
INFO: [HLS 200-1510] Running: set_top ISPPipeline_accel 
INFO: [HLS 200-1510] Running: open_solution -reset sol1 
INFO: [HLS 200-10] Creating and opening solution '/home/user/Documents/kria-vitis-platforms/kv260/platforms/vivado/kv260_ispMipiRx_rpiMipiRx_DP/ip/isp_single_kv260/isppipeline.prj/sol1'.
INFO: [HLS 200-10] Cleaning up the solution database.
INFO: [HLS 200-1505] Using default flow_target 'vivado'
Resolution: For help on HLS 200-1505 see www.xilinx.com/cgi-bin/docs/rdoc?v=2022.2;t=hls+guidance;d=200-1505.html
INFO: [HLS 200-435] Setting 'open_solution -flow_target vivado' configuration: config_interface -m_axi_latency=0
INFO: [HLS 200-1510] Running: set_part xck26-sfvc784-2LV-c 
INFO: [HLS 200-1611] Setting target device to 'xck26-sfvc784-2LV-c'
INFO: [HLS 200-1510] Running: create_clock -period 3.3 
INFO: [SYN 201-201] Setting up clock 'default' with a period of 3.3ns.
INFO: [HLS 200-1510] Running: csynth_design 
Running Dispatch Server on port: 36717
INFO: [HLS 200-111] Finished File checks and directory preparation: CPU user time: 0.01 seconds. CPU system time: 0.01 seconds. Elapsed time: 10.02 seconds; current allocated memory: 207.176 MB.
INFO: [HLS 200-10] Analyzing design file '../../../../../overlays/Vitis_Libraries/vision//L1/examples/isppipeline/xf_isp_accel.cpp' ... 
ERROR: [HLS 207-812] 'features.h' file not found (/tools/Xilinx/Vitis_HLS/2022.2/tps/lnx64/gcc-8.3.0/lib/gcc/x86_64-pc-linux-gnu/8.3.0/../../../../include/c++/8.3.0/x86_64-pc-linux-gnu/bits/os_defines.h:39:10)
INFO: [HLS 200-111] Finished Command csynth_design CPU user time: 0.1 seconds. CPU system time: 0.1 seconds. Elapsed time: 0.2 seconds; current allocated memory: 0.262 MB.
command 'ap_source' returned error code
    while executing
"source run_hls.tcl"
    invoked from within
"hls::main run_hls.tcl"
    ("uplevel" body line 1)
    invoked from within
"uplevel 1 hls::main {*}$newargs"
    (procedure "hls_proc" line 16)
    invoked from within
"hls_proc [info nameofexecutable] $argv"
INFO: [HLS 200-112] Total CPU user time: 1.13 seconds. Total CPU system time: 0.27 seconds. Total elapsed time: 11.24 seconds; peak allocated memory: 207.438 MB.
INFO: [Common 17-206] Exiting vitis_hls at Thu Mar  5 08:18:03 2026...
