#-----------------------------------------------------------
# Vivado v2022.2 (64-bit)
# SW Build 3671981 on Fri Oct 14 04:59:54 MDT 2022
# IP Build 3669848 on Fri Oct 14 08:30:02 MDT 2022
# Start of session at: Mon Dec 15 04:42:06 2025
# Process ID: 8010
# Current directory: /home/user/Documents/dma_test/prj/Vivado/hw/prj
# Command line: vivado
# Log file: /home/user/Documents/dma_test/prj/Vivado/hw/prj/vivado.log
# Journal file: /home/user/Documents/dma_test/prj/Vivado/hw/prj/vivado.jou
# Running On: ubuntu, OS: Linux, CPU Frequency: 2803.212 MHz, CPU Physical cores: 4, Host memory: 16728 MB
#-----------------------------------------------------------
start_gui
open_project /home/user/Documents/dma_test/prj/Vivado/hw/prj/KR260.xpr
update_compile_order -fileset sources_1
launch_runs synth_1
wait_on_run synth_1
launch_runs impl_1_01
wait_on_run impl_1_01
write_hw_platform -fixed -include_bit -force -file /home/user/Documents/dma_test/prj/Vivado/hw/pre-built/top_level.xsa
launch_runs impl_1_01 -to_step write_bitstream
wait_on_run impl_1_01
write_hw_platform -fixed -include_bit -force -file /home/user/Documents/dma_test/prj/Vivado/hw/pre-built/top_level.xsa
open_bd_design {/home/user/Documents/dma_test/prj/Vivado/hw/srcs/top/top.bd}
startgroup
set_property CONFIG.ALU_PARALLEL_USER {2} [get_bd_cells hier_dpu/DPUCZDX8G]
endgroup
save_bd_design
startgroup
set_property CONFIG.SAVE_ARGMAX_ENA {0} [get_bd_cells hier_dpu/DPUCZDX8G]
endgroup
generate_target all [get_files  /home/user/Documents/dma_test/prj/Vivado/hw/srcs/top/top.bd]
export_ip_user_files -of_objects [get_files /home/user/Documents/dma_test/prj/Vivado/hw/srcs/top/top.bd] -no_script -sync -force -quiet
export_simulation -of_objects [get_files /home/user/Documents/dma_test/prj/Vivado/hw/srcs/top/top.bd] -directory /home/user/Documents/dma_test/prj/Vivado/hw/prj/KR260.ip_user_files/sim_scripts -ip_user_files_dir /home/user/Documents/dma_test/prj/Vivado/hw/prj/KR260.ip_user_files -ipstatic_source_dir /home/user/Documents/dma_test/prj/Vivado/hw/prj/KR260.ip_user_files/ipstatic -lib_map_path [list {modelsim=/home/user/Documents/dma_test/prj/Vivado/hw/prj/KR260.cache/compile_simlib/modelsim} {questa=/home/user/Documents/dma_test/prj/Vivado/hw/prj/KR260.cache/compile_simlib/questa} {xcelium=/home/user/Documents/dma_test/prj/Vivado/hw/prj/KR260.cache/compile_simlib/xcelium} {vcs=/home/user/Documents/dma_test/prj/Vivado/hw/prj/KR260.cache/compile_simlib/vcs} {riviera=/home/user/Documents/dma_test/prj/Vivado/hw/prj/KR260.cache/compile_simlib/riviera}] -use_ip_compiled_libs -force -quiet
startgroup
set_property CONFIG.SAVE_ARGMAX_ENA {1} [get_bd_cells hier_dpu/DPUCZDX8G]
endgroup
generate_target all [get_files  /home/user/Documents/dma_test/prj/Vivado/hw/srcs/top/top.bd]
export_ip_user_files -of_objects [get_files /home/user/Documents/dma_test/prj/Vivado/hw/srcs/top/top.bd] -no_script -sync -force -quiet
export_simulation -of_objects [get_files /home/user/Documents/dma_test/prj/Vivado/hw/srcs/top/top.bd] -directory /home/user/Documents/dma_test/prj/Vivado/hw/prj/KR260.ip_user_files/sim_scripts -ip_user_files_dir /home/user/Documents/dma_test/prj/Vivado/hw/prj/KR260.ip_user_files -ipstatic_source_dir /home/user/Documents/dma_test/prj/Vivado/hw/prj/KR260.ip_user_files/ipstatic -lib_map_path [list {modelsim=/home/user/Documents/dma_test/prj/Vivado/hw/prj/KR260.cache/compile_simlib/modelsim} {questa=/home/user/Documents/dma_test/prj/Vivado/hw/prj/KR260.cache/compile_simlib/questa} {xcelium=/home/user/Documents/dma_test/prj/Vivado/hw/prj/KR260.cache/compile_simlib/xcelium} {vcs=/home/user/Documents/dma_test/prj/Vivado/hw/prj/KR260.cache/compile_simlib/vcs} {riviera=/home/user/Documents/dma_test/prj/Vivado/hw/prj/KR260.cache/compile_simlib/riviera}] -use_ip_compiled_libs -force -quiet
startgroup
endgroup
reset_run synth_1
launch_runs impl_1_01
wait_on_run impl_1_01
reset_run synth_1
launch_runs synth_1
wait_on_run synth_1
get_property STATUS [get_runs synth_1]
report_compile_order -fileset sources_1
validate_bd_design -force
regenerate_bd_layout
generate_target all [get_files  /home/user/Documents/dma_test/prj/Vivado/hw/srcs/top/top.bd]
export_ip_user_files -of_objects [get_files /home/user/Documents/dma_test/prj/Vivado/hw/srcs/top/top.bd] -no_script -sync -force -quiet
export_simulation -of_objects [get_files /home/user/Documents/dma_test/prj/Vivado/hw/srcs/top/top.bd] -directory /home/user/Documents/dma_test/prj/Vivado/hw/prj/KR260.ip_user_files/sim_scripts -ip_user_files_dir /home/user/Documents/dma_test/prj/Vivado/hw/prj/KR260.ip_user_files -ipstatic_source_dir /home/user/Documents/dma_test/prj/Vivado/hw/prj/KR260.ip_user_files/ipstatic -lib_map_path [list {modelsim=/home/user/Documents/dma_test/prj/Vivado/hw/prj/KR260.cache/compile_simlib/modelsim} {questa=/home/user/Documents/dma_test/prj/Vivado/hw/prj/KR260.cache/compile_simlib/questa} {xcelium=/home/user/Documents/dma_test/prj/Vivado/hw/prj/KR260.cache/compile_simlib/xcelium} {vcs=/home/user/Documents/dma_test/prj/Vivado/hw/prj/KR260.cache/compile_simlib/vcs} {riviera=/home/user/Documents/dma_test/prj/Vivado/hw/prj/KR260.cache/compile_simlib/riviera}] -use_ip_compiled_libs -force -quiet
reset_run synth_1
launch_runs synth_1
wait_on_run synth_1
