

================================================================
== Vitis HLS Report for 'MultiPixStream2Bytes_Pipeline_VITIS_LOOP_586_1'
================================================================
* Date:           Fri Mar  6 02:26:40 2026

* Version:        2022.2 (Build 3670227 on Oct 13 2022)
* Project:        prj
* Solution:       sol (Vivado IP Flow Target)
* Product family: zynquplus
* Target device:  xck26-sfvc784-2LV-c


================================================================
== Performance Estimates
================================================================
+ Timing: 
    * Summary: 
    +--------+---------+----------+------------+
    |  Clock |  Target | Estimated| Uncertainty|
    +--------+---------+----------+------------+
    |ap_clk  |  5.00 ns|  2.175 ns|     1.35 ns|
    +--------+---------+----------+------------+

+ Latency: 
    * Summary: 
    +---------+---------+-----------+-----------+-----+-------+---------+
    |  Latency (cycles) |   Latency (absolute)  |   Interval  | Pipeline|
    |   min   |   max   |    min    |    max    | min |  max  |   Type  |
    +---------+---------+-----------+-----------+-----+-------+---------+
    |        4|    16388|  20.000 ns|  81.940 us|    4|  16388|       no|
    +---------+---------+-----------+-----------+-----+-------+---------+

    + Detail: 
        * Instance: 
        N/A

        * Loop: 
        +--------------------+---------+---------+----------+-----------+-----------+----------+----------+
        |                    |  Latency (cycles) | Iteration|  Initiation Interval  |   Trip   |          |
        |      Loop Name     |   min   |   max   |  Latency |  achieved |   target  |   Count  | Pipelined|
        +--------------------+---------+---------+----------+-----------+-----------+----------+----------+
        |- VITIS_LOOP_586_1  |        2|    16386|        10|          8|          8|  0 ~ 2048|       yes|
        +--------------------+---------+---------+----------+-----------+-----------+----------+----------+



================================================================
== Utilization Estimates
================================================================
* Summary: 
+-----------------+---------+------+--------+--------+-----+
|       Name      | BRAM_18K|  DSP |   FF   |   LUT  | URAM|
+-----------------+---------+------+--------+--------+-----+
|DSP              |        -|     -|       -|       -|    -|
|Expression       |        -|     -|       0|     133|    -|
|FIFO             |        -|     -|       -|       -|    -|
|Instance         |        -|     -|       -|       -|    -|
|Memory           |        -|     -|       -|       -|    -|
|Multiplexer      |        -|     -|       -|     320|    -|
|Register         |        -|     -|     290|       -|    -|
+-----------------+---------+------+--------+--------+-----+
|Total            |        0|     0|     290|     453|    0|
+-----------------+---------+------+--------+--------+-----+
|Available        |      288|  1248|  234240|  117120|   64|
+-----------------+---------+------+--------+--------+-----+
|Utilization (%)  |        0|     0|      ~0|      ~0|    0|
+-----------------+---------+------+--------+--------+-----+

+ Detail: 
    * Instance: 
    N/A

    * DSP: 
    N/A

    * Memory: 
    N/A

    * FIFO: 
    N/A

    * Expression: 
    +-----------------------------------+----------+----+---+----+------------+------------+
    |           Variable Name           | Operation| DSP| FF| LUT| Bitwidth P0| Bitwidth P1|
    +-----------------------------------+----------+----+---+----+------------+------------+
    |x_5_fu_427_p2                      |         +|   0|  0|  19|          12|           1|
    |ap_block_pp0_stage0_11001          |       and|   0|  0|   2|           1|           1|
    |ap_block_pp0_stage2_11001          |       and|   0|  0|   2|           1|           1|
    |ap_block_pp0_stage3_11001          |       and|   0|  0|   2|           1|           1|
    |ap_block_pp0_stage4_11001          |       and|   0|  0|   2|           1|           1|
    |ap_block_pp0_stage5_11001          |       and|   0|  0|   2|           1|           1|
    |ap_block_pp0_stage6_11001          |       and|   0|  0|   2|           1|           1|
    |ap_block_pp0_stage7_11001          |       and|   0|  0|   2|           1|           1|
    |ap_block_state2_pp0_stage1_iter0   |       and|   0|  0|   2|           1|           1|
    |ap_block_state3_pp0_stage2_iter0   |       and|   0|  0|   2|           1|           1|
    |ap_block_state4_pp0_stage3_iter0   |       and|   0|  0|   2|           1|           1|
    |ap_block_state5_pp0_stage4_iter0   |       and|   0|  0|   2|           1|           1|
    |ap_block_state6_pp0_stage5_iter0   |       and|   0|  0|   2|           1|           1|
    |ap_block_state7_pp0_stage6_iter0   |       and|   0|  0|   2|           1|           1|
    |ap_block_state8_pp0_stage7_iter0   |       and|   0|  0|   2|           1|           1|
    |ap_block_state9_pp0_stage0_iter1   |       and|   0|  0|   2|           1|           1|
    |ap_condition_420                   |       and|   0|  0|   2|           1|           1|
    |ap_condition_718                   |       and|   0|  0|   2|           1|           1|
    |ap_condition_722                   |       and|   0|  0|   2|           1|           1|
    |ap_condition_725                   |       and|   0|  0|   2|           1|           1|
    |ap_condition_728                   |       and|   0|  0|   2|           1|           1|
    |ap_condition_731                   |       and|   0|  0|   2|           1|           1|
    |ap_condition_734                   |       and|   0|  0|   2|           1|           1|
    |ap_condition_737                   |       and|   0|  0|   2|           1|           1|
    |ap_condition_740                   |       and|   0|  0|   2|           1|           1|
    |ap_condition_743                   |       and|   0|  0|   2|           1|           1|
    |ap_condition_746                   |       and|   0|  0|   2|           1|           1|
    |ap_predicate_op100_read_state8     |       and|   0|  0|   2|           1|           1|
    |ap_predicate_op107_read_state9     |       and|   0|  0|   2|           1|           1|
    |ap_predicate_op48_read_state2      |       and|   0|  0|   2|           1|           1|
    |ap_predicate_op59_read_state3      |       and|   0|  0|   2|           1|           1|
    |ap_predicate_op67_read_state4      |       and|   0|  0|   2|           1|           1|
    |ap_predicate_op75_read_state5      |       and|   0|  0|   2|           1|           1|
    |ap_predicate_op86_read_state6      |       and|   0|  0|   2|           1|           1|
    |ap_predicate_op93_read_state7      |       and|   0|  0|   2|           1|           1|
    |cmp51_fu_437_p2                    |      icmp|   0|  0|  12|          13|          13|
    |icmp_ln586_fu_421_p2               |      icmp|   0|  0|  12|          12|          12|
    |ap_block_pp0_stage1_01001          |        or|   0|  0|   2|           1|           1|
    |ap_block_state10_pp0_stage1_iter1  |        or|   0|  0|   2|           1|           1|
    |or_ln590_1_fu_458_p2               |        or|   0|  0|   2|           1|           1|
    |or_ln590_2_fu_472_p2               |        or|   0|  0|   2|           1|           1|
    |or_ln590_3_fu_480_p2               |        or|   0|  0|   2|           1|           1|
    |or_ln590_4_fu_488_p2               |        or|   0|  0|   2|           1|           1|
    |or_ln590_5_fu_492_p2               |        or|   0|  0|   2|           1|           1|
    |or_ln590_6_fu_496_p2               |        or|   0|  0|   2|           1|           1|
    |or_ln590_7_fu_500_p2               |        or|   0|  0|   2|           1|           1|
    |or_ln590_fu_443_p2                 |        or|   0|  0|   2|           1|           1|
    |ap_enable_pp0                      |       xor|   0|  0|   2|           1|           2|
    +-----------------------------------+----------+----+---+----+------------+------------+
    |Total                              |          |   0|  0| 133|          82|          72|
    +-----------------------------------+----------+----+---+----+------------+------------+

    * Multiplexer: 
    +--------------------------------------------+----+-----------+-----+-----------+
    |                    Name                    | LUT| Input Size| Bits| Total Bits|
    +--------------------------------------------+----+-----------+-----+-----------+
    |ap_NS_fsm                                   |  49|          9|    1|          9|
    |ap_done_int                                 |   9|          2|    1|          2|
    |ap_enable_reg_pp0_iter0                     |   9|          2|    1|          2|
    |ap_enable_reg_pp0_iter0_reg                 |   9|          2|    1|          2|
    |ap_enable_reg_pp0_iter1                     |   9|          2|    1|          2|
    |ap_phi_mux_in_pix_UV_V_7_phi_fu_353_p4      |   9|          2|    8|         16|
    |ap_phi_mux_in_pix_Y_V_7_phi_fu_363_p4       |   9|          2|    8|         16|
    |ap_phi_reg_pp0_iter0_in_pix_UV_V_1_reg_220  |   9|          2|    8|         16|
    |ap_phi_reg_pp0_iter0_in_pix_UV_V_2_reg_242  |   9|          2|    8|         16|
    |ap_phi_reg_pp0_iter0_in_pix_UV_V_3_reg_264  |   9|          2|    8|         16|
    |ap_phi_reg_pp0_iter0_in_pix_UV_V_4_reg_286  |   9|          2|    8|         16|
    |ap_phi_reg_pp0_iter0_in_pix_UV_V_reg_200    |   9|          2|    8|         16|
    |ap_phi_reg_pp0_iter0_in_pix_Y_V_1_reg_231   |   9|          2|    8|         16|
    |ap_phi_reg_pp0_iter0_in_pix_Y_V_2_reg_253   |   9|          2|    8|         16|
    |ap_phi_reg_pp0_iter0_in_pix_Y_V_3_reg_275   |   9|          2|    8|         16|
    |ap_phi_reg_pp0_iter0_in_pix_Y_V_4_reg_297   |   9|          2|    8|         16|
    |ap_phi_reg_pp0_iter0_in_pix_Y_V_reg_210     |   9|          2|    8|         16|
    |ap_phi_reg_pp0_iter1_in_pix_UV_V_5_reg_308  |   9|          2|    8|         16|
    |ap_phi_reg_pp0_iter1_in_pix_UV_V_6_reg_330  |  14|          3|    8|         24|
    |ap_phi_reg_pp0_iter1_in_pix_UV_V_7_reg_350  |   9|          2|    8|         16|
    |ap_phi_reg_pp0_iter1_in_pix_Y_V_5_reg_319   |   9|          2|    8|         16|
    |ap_phi_reg_pp0_iter1_in_pix_Y_V_6_reg_340   |  14|          3|    8|         24|
    |ap_phi_reg_pp0_iter1_in_pix_Y_V_7_reg_360   |   9|          2|    8|         16|
    |ap_sig_allocacmp_x_4                        |   9|          2|   12|         24|
    |bytePlanes_plane01_blk_n                    |   9|          2|    1|          2|
    |bytePlanes_plane12_blk_n                    |   9|          2|    1|          2|
    |img_blk_n                                   |   9|          2|    1|          2|
    |in_pix_UV_V_8_fu_98                         |   9|          2|    8|         16|
    |in_pix_Y_V_8_fu_94                          |   9|          2|    8|         16|
    |x_fu_90                                     |   9|          2|   12|         24|
    +--------------------------------------------+----+-----------+-----+-----------+
    |Total                                       | 320|         69|  192|        407|
    +--------------------------------------------+----+-----------+-----+-----------+

    * Register: 
    +--------------------------------------------+----+----+-----+-----------+
    |                    Name                    | FF | LUT| Bits| Const Bits|
    +--------------------------------------------+----+----+-----+-----------+
    |ap_CS_fsm                                   |   8|   0|    8|          0|
    |ap_done_reg                                 |   1|   0|    1|          0|
    |ap_enable_reg_pp0_iter0_reg                 |   1|   0|    1|          0|
    |ap_enable_reg_pp0_iter1                     |   1|   0|    1|          0|
    |ap_phi_reg_pp0_iter0_in_pix_UV_V_1_reg_220  |   8|   0|    8|          0|
    |ap_phi_reg_pp0_iter0_in_pix_UV_V_2_reg_242  |   8|   0|    8|          0|
    |ap_phi_reg_pp0_iter0_in_pix_UV_V_3_reg_264  |   8|   0|    8|          0|
    |ap_phi_reg_pp0_iter0_in_pix_UV_V_4_reg_286  |   8|   0|    8|          0|
    |ap_phi_reg_pp0_iter0_in_pix_UV_V_5_reg_308  |   8|   0|    8|          0|
    |ap_phi_reg_pp0_iter0_in_pix_UV_V_reg_200    |   8|   0|    8|          0|
    |ap_phi_reg_pp0_iter0_in_pix_Y_V_1_reg_231   |   8|   0|    8|          0|
    |ap_phi_reg_pp0_iter0_in_pix_Y_V_2_reg_253   |   8|   0|    8|          0|
    |ap_phi_reg_pp0_iter0_in_pix_Y_V_3_reg_275   |   8|   0|    8|          0|
    |ap_phi_reg_pp0_iter0_in_pix_Y_V_4_reg_297   |   8|   0|    8|          0|
    |ap_phi_reg_pp0_iter0_in_pix_Y_V_5_reg_319   |   8|   0|    8|          0|
    |ap_phi_reg_pp0_iter0_in_pix_Y_V_reg_210     |   8|   0|    8|          0|
    |ap_phi_reg_pp0_iter1_in_pix_UV_V_5_reg_308  |   8|   0|    8|          0|
    |ap_phi_reg_pp0_iter1_in_pix_UV_V_6_reg_330  |   8|   0|    8|          0|
    |ap_phi_reg_pp0_iter1_in_pix_UV_V_7_reg_350  |   8|   0|    8|          0|
    |ap_phi_reg_pp0_iter1_in_pix_Y_V_5_reg_319   |   8|   0|    8|          0|
    |ap_phi_reg_pp0_iter1_in_pix_Y_V_6_reg_340   |   8|   0|    8|          0|
    |ap_phi_reg_pp0_iter1_in_pix_Y_V_7_reg_360   |   8|   0|    8|          0|
    |cmp51_reg_648                               |   1|   0|    1|          0|
    |icmp_ln586_reg_644                          |   1|   0|    1|          0|
    |icmp_ln586_reg_644_pp0_iter1_reg            |   1|   0|    1|          0|
    |in_pix_UV_V_1_reg_220                       |   8|   0|    8|          0|
    |in_pix_UV_V_2_reg_242                       |   8|   0|    8|          0|
    |in_pix_UV_V_3_reg_264                       |   8|   0|    8|          0|
    |in_pix_UV_V_4_reg_286                       |   8|   0|    8|          0|
    |in_pix_UV_V_5_reg_308                       |   8|   0|    8|          0|
    |in_pix_UV_V_8_fu_98                         |   8|   0|    8|          0|
    |in_pix_UV_V_reg_200                         |   8|   0|    8|          0|
    |in_pix_Y_V_1_reg_231                        |   8|   0|    8|          0|
    |in_pix_Y_V_2_reg_253                        |   8|   0|    8|          0|
    |in_pix_Y_V_3_reg_275                        |   8|   0|    8|          0|
    |in_pix_Y_V_4_reg_297                        |   8|   0|    8|          0|
    |in_pix_Y_V_5_reg_319                        |   8|   0|    8|          0|
    |in_pix_Y_V_8_fu_94                          |   8|   0|    8|          0|
    |in_pix_Y_V_reg_210                          |   8|   0|    8|          0|
    |or_ln590_1_reg_668                          |   1|   0|    1|          0|
    |or_ln590_2_reg_687                          |   1|   0|    1|          0|
    |or_ln590_3_reg_696                          |   1|   0|    1|          0|
    |or_ln590_4_reg_705                          |   1|   0|    1|          0|
    |or_ln590_5_reg_709                          |   1|   0|    1|          0|
    |or_ln590_6_reg_713                          |   1|   0|    1|          0|
    |or_ln590_7_reg_717                          |   1|   0|    1|          0|
    |or_ln590_reg_659                            |   1|   0|    1|          0|
    |x_fu_90                                     |  12|   0|   12|          0|
    +--------------------------------------------+----+----+-----+-----------+
    |Total                                       | 290|   0|  290|          0|
    +--------------------------------------------+----+----+-----+-----------+



================================================================
== Interface
================================================================
* Summary: 
+-----------------------------------+-----+-----+------------+------------------------------------------------+--------------+
|             RTL Ports             | Dir | Bits|  Protocol  |                  Source Object                 |    C Type    |
+-----------------------------------+-----+-----+------------+------------------------------------------------+--------------+
|ap_clk                             |   in|    1|  ap_ctrl_hs|  MultiPixStream2Bytes_Pipeline_VITIS_LOOP_586_1|  return value|
|ap_rst                             |   in|    1|  ap_ctrl_hs|  MultiPixStream2Bytes_Pipeline_VITIS_LOOP_586_1|  return value|
|ap_start                           |   in|    1|  ap_ctrl_hs|  MultiPixStream2Bytes_Pipeline_VITIS_LOOP_586_1|  return value|
|ap_done                            |  out|    1|  ap_ctrl_hs|  MultiPixStream2Bytes_Pipeline_VITIS_LOOP_586_1|  return value|
|ap_idle                            |  out|    1|  ap_ctrl_hs|  MultiPixStream2Bytes_Pipeline_VITIS_LOOP_586_1|  return value|
|ap_ready                           |  out|    1|  ap_ctrl_hs|  MultiPixStream2Bytes_Pipeline_VITIS_LOOP_586_1|  return value|
|img_dout                           |   in|   24|     ap_fifo|                                             img|       pointer|
|img_num_data_valid                 |   in|    2|     ap_fifo|                                             img|       pointer|
|img_fifo_cap                       |   in|    2|     ap_fifo|                                             img|       pointer|
|img_empty_n                        |   in|    1|     ap_fifo|                                             img|       pointer|
|img_read                           |  out|    1|     ap_fifo|                                             img|       pointer|
|p_0_1_0_0_0262_7135_lcssa150       |   in|    8|     ap_none|                    p_0_1_0_0_0262_7135_lcssa150|        scalar|
|p_0_0_0_0_0260_7126_lcssa147       |   in|    8|     ap_none|                    p_0_0_0_0_0260_7126_lcssa147|        scalar|
|trunc_ln571_2                      |   in|   12|     ap_none|                                   trunc_ln571_2|        scalar|
|bytePlanes_plane12_din             |  out|   64|     ap_fifo|                              bytePlanes_plane12|       pointer|
|bytePlanes_plane12_num_data_valid  |   in|   10|     ap_fifo|                              bytePlanes_plane12|       pointer|
|bytePlanes_plane12_fifo_cap        |   in|   10|     ap_fifo|                              bytePlanes_plane12|       pointer|
|bytePlanes_plane12_full_n          |   in|    1|     ap_fifo|                              bytePlanes_plane12|       pointer|
|bytePlanes_plane12_write           |  out|    1|     ap_fifo|                              bytePlanes_plane12|       pointer|
|bytePlanes_plane01_din             |  out|   64|     ap_fifo|                              bytePlanes_plane01|       pointer|
|bytePlanes_plane01_num_data_valid  |   in|   10|     ap_fifo|                              bytePlanes_plane01|       pointer|
|bytePlanes_plane01_fifo_cap        |   in|   10|     ap_fifo|                              bytePlanes_plane01|       pointer|
|bytePlanes_plane01_full_n          |   in|    1|     ap_fifo|                              bytePlanes_plane01|       pointer|
|bytePlanes_plane01_write           |  out|    1|     ap_fifo|                              bytePlanes_plane01|       pointer|
|and_ln605                          |   in|    1|     ap_none|                                       and_ln605|        scalar|
|icmp_ln576                         |   in|    1|     ap_none|                                      icmp_ln576|        scalar|
|cmp53_6                            |   in|    1|     ap_none|                                         cmp53_6|        scalar|
|cmp53_5                            |   in|    1|     ap_none|                                         cmp53_5|        scalar|
|cmp53_4                            |   in|    1|     ap_none|                                         cmp53_4|        scalar|
|cmp53_3                            |   in|    1|     ap_none|                                         cmp53_3|        scalar|
|cmp53_2                            |   in|    1|     ap_none|                                         cmp53_2|        scalar|
|cmp53_1                            |   in|    1|     ap_none|                                         cmp53_1|        scalar|
|sub50_cast68                       |   in|   12|     ap_none|                                    sub50_cast68|        scalar|
|cmp53                              |   in|    1|     ap_none|                                           cmp53|        scalar|
|p_0_1_0_0_0262_7134_out            |  out|    8|      ap_vld|                         p_0_1_0_0_0262_7134_out|       pointer|
|p_0_1_0_0_0262_7134_out_ap_vld     |  out|    1|      ap_vld|                         p_0_1_0_0_0262_7134_out|       pointer|
|p_0_0_0_0_0260_7125_out            |  out|    8|      ap_vld|                         p_0_0_0_0_0260_7125_out|       pointer|
|p_0_0_0_0_0260_7125_out_ap_vld     |  out|    1|      ap_vld|                         p_0_0_0_0_0260_7125_out|       pointer|
+-----------------------------------+-----+-----+------------+------------------------------------------------+--------------+

