Copyright 1986-2022 Xilinx, Inc. All Rights Reserved.
-----------------------------------------------------------------------------------------------------------------
| Tool Version      : Vivado v.2022.2 (lin64) Build 3671981 Fri Oct 14 04:59:54 MDT 2022
| Date              : Fri Mar  6 02:42:57 2026
| Host              : ubuntu running 64-bit Ubuntu 20.04.6 LTS
| Command           : report_clock_utilization -file kv260_ispMipiRx_vcu_DP_wrapper_clock_utilization_routed.rpt
| Design            : kv260_ispMipiRx_vcu_DP_wrapper
| Device            : xck26-sfvc784
| Speed File        : -2LV  PRODUCTION 1.30 05-15-2022
| Temperature Grade : C
| Design State      : Routed
-----------------------------------------------------------------------------------------------------------------

Clock Utilization Report

Table of Contents
-----------------
1. Clock Primitive Utilization
2. Global Clock Resources
3. Global Clock Source Details
4. Clock Regions : Clock Primitives
5. Clock Regions : Load Primitives
6. Clock Regions : Global Clock Summary
7. Clock Regions : Routing Resource Utilization
8. Device Cell Placement Summary for Global Clock g0
9. Device Cell Placement Summary for Global Clock g1
10. Device Cell Placement Summary for Global Clock g2
11. Device Cell Placement Summary for Global Clock g3
12. Device Cell Placement Summary for Global Clock g4
13. Device Cell Placement Summary for Global Clock g5
14. Device Cell Placement Summary for Global Clock g6
15. Device Cell Placement Summary for Global Clock g7
16. Device Cell Placement Summary for Global Clock g8
17. Device Cell Placement Summary for Global Clock g9
18. Device Cell Placement Summary for Global Clock g10
19. Device Cell Placement Summary for Global Clock g11
20. Clock Region Cell Placement per Global Clock: Region X0Y0
21. Clock Region Cell Placement per Global Clock: Region X1Y0
22. Clock Region Cell Placement per Global Clock: Region X2Y0
23. Clock Region Cell Placement per Global Clock: Region X0Y1
24. Clock Region Cell Placement per Global Clock: Region X1Y1
25. Clock Region Cell Placement per Global Clock: Region X2Y1
26. Clock Region Cell Placement per Global Clock: Region X0Y2
27. Clock Region Cell Placement per Global Clock: Region X1Y2
28. Clock Region Cell Placement per Global Clock: Region X0Y3
29. Clock Region Cell Placement per Global Clock: Region X1Y3

1. Clock Primitive Utilization
------------------------------

+------------+------+-----------+-----+--------------+--------+
| Type       | Used | Available | LOC | Clock Region | Pblock |
+------------+------+-----------+-----+--------------+--------+
| BUFGCE     |   11 |       112 |   0 |            0 |      0 |
| BUFGCE_DIV |    0 |        16 |   0 |            0 |      0 |
| BUFGCTRL   |    0 |        32 |   0 |            0 |      0 |
| BUFG_GT    |    0 |        96 |   0 |            0 |      0 |
| BUFG_PS    |    1 |        96 |   0 |            0 |      0 |
| MMCM       |    1 |         4 |   0 |            0 |      0 |
| PLL        |    1 |         8 |   0 |            0 |      0 |
+------------+------+-----------+-----+--------------+--------+


2. Global Clock Resources
-------------------------

+-----------+-----------+-----------------+------------+---------------+--------------+------+-------------------+-------------------+-------------+-----------------+--------------+----------------------------------------------+---------------------------------------------------------------------------------------------------------------------------------------------------------------------------------------------------------------------------------------------------+-------------------------------------------------------------------------------------------------------------------------------------------------------------------------------------------------------------------------------+
| Global Id | Source Id | Driver Type/Pin | Constraint | Site          | Clock Region | Root | Clock Delay Group | Load Clock Region | Clock Loads | Non-Clock Loads | Clock Period | Clock                                        | Driver Pin                                                                                                                                                                                                                                        | Net                                                                                                                                                                                                                           |
+-----------+-----------+-----------------+------------+---------------+--------------+------+-------------------+-------------------+-------------+-----------------+--------------+----------------------------------------------+---------------------------------------------------------------------------------------------------------------------------------------------------------------------------------------------------------------------------------------------------+-------------------------------------------------------------------------------------------------------------------------------------------------------------------------------------------------------------------------------+
| g0        | src0      | BUFGCE/O        | None       | BUFGCE_X0Y53  | X1Y2         | X1Y1 |                   |                 8 |       29436 |               0 |        5.000 | clkv_200M_kv260_ispMipiRx_vcu_DP_clk_wiz_0_0 | kv260_ispMipiRx_vcu_DP_i/clk_wiz_0/inst/clkout3_buf/O                                                                                                                                                                                             | kv260_ispMipiRx_vcu_DP_i/clk_wiz_0/inst/clkv_200M                                                                                                                                                                             |
| g1        | src1      | BUFGCE/O        | None       | BUFGCE_X0Y58  | X1Y2         | X0Y1 |                   |                 4 |        3663 |               0 |       10.000 | clk_100M_kv260_ispMipiRx_vcu_DP_clk_wiz_0_0  | kv260_ispMipiRx_vcu_DP_i/clk_wiz_0/inst/clkout2_buf/O                                                                                                                                                                                             | kv260_ispMipiRx_vcu_DP_i/clk_wiz_0/inst/clk_100M                                                                                                                                                                              |
| g2        | src2      | BUFGCE/O        | None       | BUFGCE_X0Y60  | X1Y2         | X1Y2 |                   |                 3 |         503 |               1 |        5.000 | clk_200M_kv260_ispMipiRx_vcu_DP_clk_wiz_0_0  | kv260_ispMipiRx_vcu_DP_i/clk_wiz_0/inst/clkout1_buf/O                                                                                                                                                                                             | kv260_ispMipiRx_vcu_DP_i/clk_wiz_0/inst/clk_200M                                                                                                                                                                              |
| g3        | src3      | BUFGCE/O        | None       | BUFGCE_X0Y95  | X1Y3         | X1Y3 |                   |                 3 |         445 |               3 |        8.772 | mipi_phy_if_clk_p_FIFO_WRCLK_OUT             | kv260_ispMipiRx_vcu_DP_i/raspi_pipeline/raspi_pipeline/mipi_csi2_rx_subsyst_0/inst/phy/inst/inst/bd_3be0_phy_0_rx_support_i/slave_rx.rxbyteclkhs_buf/O                                                                                            | kv260_ispMipiRx_vcu_DP_i/raspi_pipeline/raspi_pipeline/mipi_csi2_rx_subsyst_0/inst/phy/inst/inst/bd_3be0_phy_0_rx_support_i/rxbyteclkhs                                                                                       |
| g4        | src4      | BUFGCE/O        | None       | BUFGCE_X0Y73  | X1Y3         | X1Y3 |                   |                 1 |          10 |               0 |        5.333 | GEN_PLL_IN_IP_USP.pll0_clkout0               | kv260_ispMipiRx_vcu_DP_i/raspi_pipeline/raspi_pipeline/mipi_csi2_rx_subsyst_0/inst/phy/inst/inst/bd_3be0_phy_0_rx_support_i/slave_rx.bd_3be0_phy_0_rx_hssio_i/inst/top_inst/clk_rst_top_inst/clk_scheme_inst/GEN_PLL_IN_IP_USP.pll0_clkout0_buf/O | kv260_ispMipiRx_vcu_DP_i/raspi_pipeline/raspi_pipeline/mipi_csi2_rx_subsyst_0/inst/phy/inst/inst/bd_3be0_phy_0_rx_support_i/slave_rx.bd_3be0_phy_0_rx_hssio_i/inst/top_inst/clk_rst_top_inst/clk_scheme_inst/pll0_clkout0_out |
| g5        | src5      | BUFGCE/O        | None       | BUFGCE_X0Y61  | X1Y2         | X0Y0 |                   |                 1 |           1 |               0 |       20.000 | clk_50M_kv260_ispMipiRx_vcu_DP_clk_wiz_0_0   | kv260_ispMipiRx_vcu_DP_i/clk_wiz_0/inst/clkout4_buf/O                                                                                                                                                                                             | kv260_ispMipiRx_vcu_DP_i/clk_wiz_0/inst/clk_50M                                                                                                                                                                               |
| g6        | src6      | BUFGCE/O        | None       | BUFGCE_X0Y44  | X1Y1         | X1Y1 | n/a               |                 3 |           0 |            1072 |          n/a | n/a                                          | kv260_ispMipiRx_vcu_DP_i/PS_0/inst/PS8_i_bufg_place/O                                                                                                                                                                                             | kv260_ispMipiRx_vcu_DP_i/PS_0/inst/emio_gpio_o[6]                                                                                                                                                                             |
| g7        | src7      | BUFG_PS/O       | None       | BUFG_PS_X0Y80 | X0Y3         | X1Y2 | n/a               |                 1 |           0 |               1 |       10.000 | clk_pl_0                                     | kv260_ispMipiRx_vcu_DP_i/PS_0/inst/buffer_pl_clk_0.PL_CLK_0_BUFG/O                                                                                                                                                                                | kv260_ispMipiRx_vcu_DP_i/PS_0/inst/pl_clk0                                                                                                                                                                                    |
| g8        | src8      | BUFGCE/O        | None       | BUFGCE_X0Y86  | X1Y3         | X1Y3 | n/a               |                 4 |           0 |            1078 |          n/a | n/a                                          | kv260_ispMipiRx_vcu_DP_i/proc_sys_reset_300MHz/U0/ACTIVE_LOW_PR_OUT_DFF[0].FDRE_PER_N_bufg_place/O                                                                                                                                                | kv260_ispMipiRx_vcu_DP_i/proc_sys_reset_300MHz/U0/peripheral_aresetn[0]                                                                                                                                                       |
| g9        | src9      | BUFGCE/O        | None       | BUFGCE_X0Y0   | X1Y0         | X1Y0 | n/a               |                 1 |           0 |            1086 |          n/a | n/a                                          | kv260_ispMipiRx_vcu_DP_i/vcu/axi_ic_vcu_dec/xbar/inst/gen_samd.crossbar_samd/aresetn_d_reg_bufg_place/O                                                                                                                                           | kv260_ispMipiRx_vcu_DP_i/vcu/axi_ic_vcu_dec/xbar/inst/gen_samd.crossbar_samd/aresetn_d                                                                                                                                        |
| g10       | src10     | BUFGCE/O        | None       | BUFGCE_X0Y27  | X1Y1         | X1Y1 | n/a               |                 2 |           0 |            1086 |          n/a | n/a                                          | kv260_ispMipiRx_vcu_DP_i/vcu/axi_ic_vcu_enc/xbar/inst/gen_samd.crossbar_samd/aresetn_d_reg_bufg_place/O                                                                                                                                           | kv260_ispMipiRx_vcu_DP_i/vcu/axi_ic_vcu_enc/xbar/inst/gen_samd.crossbar_samd/aresetn_d                                                                                                                                        |
| g11       | src11     | BUFGCE/O        | None       | BUFGCE_X0Y26  | X1Y1         | X1Y1 | n/a               |                 1 |           0 |            1318 |          n/a | n/a                                          | kv260_ispMipiRx_vcu_DP_i/vcu/vcu_0/inst/softip_regs/vcu_reset_encClk_f3_reg_bufg_place/O                                                                                                                                                          | kv260_ispMipiRx_vcu_DP_i/vcu/vcu_0/inst/softip_regs/vcu_reset_encClk_f3                                                                                                                                                       |
+-----------+-----------+-----------------+------------+---------------+--------------+------+-------------------+-------------------+-------------+-----------------+--------------+----------------------------------------------+---------------------------------------------------------------------------------------------------------------------------------------------------------------------------------------------------------------------------------------------------+-------------------------------------------------------------------------------------------------------------------------------------------------------------------------------------------------------------------------------+
* Clock Loads column represents cell count of net connects that connect to a clock pin. Internal cell leaf pins are not considered
** Non-Clock Loads column represents cell count of non-clock pin loads


3. Global Clock Source Details
------------------------------

+-----------+-----------+----------------------------+-----------------------+-----------------------+--------------+-------------+-----------------+---------------------+----------------------------------------------+------------------------------------------------------------------------------------------------------------------------------------------------------------------------------------------------------------------------------------------------------------+---------------------------------------------------------------------------------------------------------------------------------------------------------------------------------------------------------------------------------------------+
| Source Id | Global Id | Driver Type/Pin            | Constraint            | Site                  | Clock Region | Clock Loads | Non-Clock Loads | Source Clock Period | Source Clock                                 | Driver Pin                                                                                                                                                                                                                                                 | Net                                                                                                                                                                                                                                         |
+-----------+-----------+----------------------------+-----------------------+-----------------------+--------------+-------------+-----------------+---------------------+----------------------------------------------+------------------------------------------------------------------------------------------------------------------------------------------------------------------------------------------------------------------------------------------------------------+---------------------------------------------------------------------------------------------------------------------------------------------------------------------------------------------------------------------------------------------+
| src0      | g0        | MMCME4_ADV/CLKOUT2         | None                  | MMCM_X0Y2             | X1Y2         |           1 |               0 |               5.000 | clkv_200M_kv260_ispMipiRx_vcu_DP_clk_wiz_0_0 | kv260_ispMipiRx_vcu_DP_i/clk_wiz_0/inst/mmcme4_adv_inst/CLKOUT2                                                                                                                                                                                            | kv260_ispMipiRx_vcu_DP_i/clk_wiz_0/inst/clkv_200M_kv260_ispMipiRx_vcu_DP_clk_wiz_0_0                                                                                                                                                        |
| src1      | g1        | MMCME4_ADV/CLKOUT1         | None                  | MMCM_X0Y2             | X1Y2         |           1 |               0 |              10.000 | clk_100M_kv260_ispMipiRx_vcu_DP_clk_wiz_0_0  | kv260_ispMipiRx_vcu_DP_i/clk_wiz_0/inst/mmcme4_adv_inst/CLKOUT1                                                                                                                                                                                            | kv260_ispMipiRx_vcu_DP_i/clk_wiz_0/inst/clk_100M_kv260_ispMipiRx_vcu_DP_clk_wiz_0_0                                                                                                                                                         |
| src2      | g2        | MMCME4_ADV/CLKOUT0         | None                  | MMCM_X0Y2             | X1Y2         |           1 |               0 |               5.000 | clk_200M_kv260_ispMipiRx_vcu_DP_clk_wiz_0_0  | kv260_ispMipiRx_vcu_DP_i/clk_wiz_0/inst/mmcme4_adv_inst/CLKOUT0                                                                                                                                                                                            | kv260_ispMipiRx_vcu_DP_i/clk_wiz_0/inst/clk_200M_kv260_ispMipiRx_vcu_DP_clk_wiz_0_0                                                                                                                                                         |
| src3      | g3        | RX_BITSLICE/FIFO_WRCLK_OUT | BITSLICE_RX_TX_X0Y182 | BITSLICE_RX_TX_X0Y182 | X1Y3         |           1 |               0 |               8.772 | mipi_phy_if_clk_p_FIFO_WRCLK_OUT             | kv260_ispMipiRx_vcu_DP_i/raspi_pipeline/raspi_pipeline/mipi_csi2_rx_subsyst_0/inst/phy/inst/inst/bd_3be0_phy_0_rx_support_i/slave_rx.bd_3be0_phy_0_rx_hssio_i/inst/top_inst/bs_top_inst/u_rx_bs/RX_BS[26].rx_bitslice_if_bs/FIFO_WRCLK_OUT                 | kv260_ispMipiRx_vcu_DP_i/raspi_pipeline/raspi_pipeline/mipi_csi2_rx_subsyst_0/inst/phy/inst/inst/bd_3be0_phy_0_rx_support_i/slave_rx.bd_3be0_phy_0_rx_hssio_i/inst/top_inst/bs_top_inst/u_rx_bs/fifo_wr_clk_26                              |
| src4      | g4        | PLLE4_ADV/CLKOUT0          | None                  | PLL_X0Y6              | X1Y3         |           1 |               0 |               5.333 | GEN_PLL_IN_IP_USP.pll0_clkout0               | kv260_ispMipiRx_vcu_DP_i/raspi_pipeline/raspi_pipeline/mipi_csi2_rx_subsyst_0/inst/phy/inst/inst/bd_3be0_phy_0_rx_support_i/slave_rx.bd_3be0_phy_0_rx_hssio_i/inst/top_inst/clk_rst_top_inst/clk_scheme_inst/GEN_PLL_IN_IP_USP.plle4_adv_pll0_inst/CLKOUT0 | kv260_ispMipiRx_vcu_DP_i/raspi_pipeline/raspi_pipeline/mipi_csi2_rx_subsyst_0/inst/phy/inst/inst/bd_3be0_phy_0_rx_support_i/slave_rx.bd_3be0_phy_0_rx_hssio_i/inst/top_inst/clk_rst_top_inst/clk_scheme_inst/GEN_PLL_IN_IP_USP.pll0_clkout0 |
| src5      | g5        | MMCME4_ADV/CLKOUT3         | None                  | MMCM_X0Y2             | X1Y2         |           1 |               0 |              20.000 | clk_50M_kv260_ispMipiRx_vcu_DP_clk_wiz_0_0   | kv260_ispMipiRx_vcu_DP_i/clk_wiz_0/inst/mmcme4_adv_inst/CLKOUT3                                                                                                                                                                                            | kv260_ispMipiRx_vcu_DP_i/clk_wiz_0/inst/clk_50M_kv260_ispMipiRx_vcu_DP_clk_wiz_0_0                                                                                                                                                          |
| src6      | g6        | PS8/EMIOGPIOO[6]           | None                  | PS8_X0Y0              | X0Y1         |           1 |              45 |                     |                                              | kv260_ispMipiRx_vcu_DP_i/PS_0/inst/PS8_i/EMIOGPIOO[6]                                                                                                                                                                                                      | kv260_ispMipiRx_vcu_DP_i/PS_0/inst/emio_gpio_o[6]_bufg_place                                                                                                                                                                                |
| src7      | g7        | PS8/PLCLK[0]               | None                  | PS8_X0Y0              | X0Y1         |           1 |               0 |              10.000 | clk_pl_0                                     | kv260_ispMipiRx_vcu_DP_i/PS_0/inst/PS8_i/PLCLK[0]                                                                                                                                                                                                          | kv260_ispMipiRx_vcu_DP_i/PS_0/inst/pl_clk_unbuffered[0]                                                                                                                                                                                     |
| src8      | g8        | FDRE/Q                     | None                  | SLICE_X12Y154         | X0Y2         |           1 |               0 |                     |                                              | kv260_ispMipiRx_vcu_DP_i/proc_sys_reset_300MHz/U0/ACTIVE_LOW_PR_OUT_DFF[0].FDRE_PER_N/Q                                                                                                                                                                    | kv260_ispMipiRx_vcu_DP_i/proc_sys_reset_300MHz/U0/peripheral_aresetn[0]_bufg_place                                                                                                                                                          |
| src9      | g9        | FDRE/Q                     | None                  | SLICE_X13Y13          | X0Y0         |           1 |               0 |                     |                                              | kv260_ispMipiRx_vcu_DP_i/vcu/axi_ic_vcu_dec/xbar/inst/gen_samd.crossbar_samd/aresetn_d_reg/Q                                                                                                                                                               | kv260_ispMipiRx_vcu_DP_i/vcu/axi_ic_vcu_dec/xbar/inst/gen_samd.crossbar_samd/aresetn_d_bufg_place                                                                                                                                           |
| src10     | g10       | FDRE/Q                     | None                  | SLICE_X16Y37          | X0Y0         |           1 |               0 |                     |                                              | kv260_ispMipiRx_vcu_DP_i/vcu/axi_ic_vcu_enc/xbar/inst/gen_samd.crossbar_samd/aresetn_d_reg/Q                                                                                                                                                               | kv260_ispMipiRx_vcu_DP_i/vcu/axi_ic_vcu_enc/xbar/inst/gen_samd.crossbar_samd/aresetn_d_bufg_place                                                                                                                                           |
| src11     | g11       | FDRE/Q                     | None                  | SLICE_X1Y49           | X0Y0         |           1 |               0 |                     |                                              | kv260_ispMipiRx_vcu_DP_i/vcu/vcu_0/inst/softip_regs/vcu_reset_encClk_f3_reg/Q                                                                                                                                                                              | kv260_ispMipiRx_vcu_DP_i/vcu/vcu_0/inst/softip_regs/vcu_reset_encClk_f3_bufg_place                                                                                                                                                          |
+-----------+-----------+----------------------------+-----------------------+-----------------------+--------------+-------------+-----------------+---------------------+----------------------------------------------+------------------------------------------------------------------------------------------------------------------------------------------------------------------------------------------------------------------------------------------------------------+---------------------------------------------------------------------------------------------------------------------------------------------------------------------------------------------------------------------------------------------+
* Clock Loads column represents cell count of net connects that connect to a clock pin. Internal cell leaf pins are not considered
** Non-Clock Loads column represents cell count of non-clock pin loads


4. Clock Regions : Clock Primitives
-----------------------------------

+-------------------+---------------+---------------+---------------+---------------+---------------+---------------+---------------+---------------+
|                   |  Global Clock |     BUFGCE    |   BUFGCE_DIV  |    BUFGCTRL   |    BUFG_GT    |    BUFG_PS    |      MMCM     |      PLL      |
+-------------------+-------+-------+-------+-------+-------+-------+-------+-------+-------+-------+-------+-------+-------+-------+-------+-------+
| Clock Region Name | Used  | Avail | Used  | Avail | Used  | Avail | Used  | Avail | Used  | Avail | Used  | Avail | Used  | Avail | Used  | Avail |
+-------------------+-------+-------+-------+-------+-------+-------+-------+-------+-------+-------+-------+-------+-------+-------+-------+-------+
| X0Y0              |     8 |    24 |     0 |     4 |     0 |     0 |     0 |     0 |     0 |     0 |     0 |    24 |     0 |     0 |     0 |     0 |
| X1Y0              |     6 |    24 |     1 |    24 |     0 |     4 |     0 |     8 |     0 |     0 |     0 |     0 |     0 |     1 |     0 |     2 |
| X2Y0              |     1 |    24 |     0 |     0 |     0 |     0 |     0 |     0 |     0 |    24 |     0 |     0 |     0 |     0 |     0 |     0 |
| X0Y1              |     5 |    24 |     0 |     4 |     0 |     0 |     0 |     0 |     0 |     0 |     0 |    24 |     0 |     0 |     0 |     0 |
| X1Y1              |     4 |    24 |     3 |    24 |     0 |     4 |     0 |     8 |     0 |     0 |     0 |     0 |     0 |     1 |     0 |     2 |
| X2Y1              |     1 |    24 |     0 |     0 |     0 |     0 |     0 |     0 |     0 |    24 |     0 |     0 |     0 |     0 |     0 |     0 |
| X0Y2              |     5 |    24 |     0 |     4 |     0 |     0 |     0 |     0 |     0 |     0 |     0 |    24 |     0 |     0 |     0 |     0 |
| X1Y2              |     5 |    24 |     4 |    24 |     0 |     4 |     0 |     8 |     0 |     0 |     0 |     0 |     1 |     1 |     0 |     2 |
| X2Y2              |     0 |    24 |     0 |     0 |     0 |     0 |     0 |     0 |     0 |    24 |     0 |     0 |     0 |     0 |     0 |     0 |
| X0Y3              |     3 |    24 |     0 |     4 |     0 |     0 |     0 |     0 |     0 |     0 |     1 |    24 |     0 |     0 |     0 |     0 |
| X1Y3              |     3 |    24 |     3 |    24 |     0 |     4 |     0 |     8 |     0 |     0 |     0 |     0 |     0 |     1 |     1 |     2 |
| X2Y3              |     0 |    24 |     0 |     0 |     0 |     0 |     0 |     0 |     0 |    24 |     0 |     0 |     0 |     0 |     0 |     0 |
+-------------------+-------+-------+-------+-------+-------+-------+-------+-------+-------+-------+-------+-------+-------+-------+-------+-------+
* Global Clock column represents track count; while other columns represents cell counts


5. Clock Regions : Load Primitives
----------------------------------

+-------------------+------------------+------------------+------------------+------------------+------------------+------------------+------------------+------------------+
|                   |   Global Clock   |        FF        |      LUTRAM      |  Block RAM (18K) |       URAM       |        DSP       |        GT        |      HARD IP     |
+-------------------+--------+---------+--------+---------+--------+---------+--------+---------+--------+---------+--------+---------+--------+---------+--------+---------+
| Clock Region Name | Used   | Avail   | Used   | Avail   | Used   | Avail   | Used   | Avail   | Used   | Avail   | Used   | Avail   | Used   | Avail   | Used   | Avail   |
+-------------------+--------+---------+--------+---------+--------+---------+--------+---------+--------+---------+--------+---------+--------+---------+--------+---------+
| X0Y0              |      8 |      24 |   8579 |   22080 |     48 |    6240 |      0 |       0 |      0 |       0 |      1 |     144 |      0 |       0 |      0 |       0 |
| X1Y0              |      6 |      24 |    329 |   17280 |     48 |    5280 |      7 |      24 |      0 |       0 |      6 |     144 |      0 |       0 |      0 |       0 |
| X2Y0              |      1 |      24 |      0 |   19200 |      8 |    2880 |      2 |      48 |      8 |      16 |      0 |      24 |      0 |       4 |      0 |       1 |
| X0Y1              |      5 |      24 |   8393 |   22080 |    876 |    6240 |      0 |       0 |      0 |       0 |     21 |     144 |      0 |       0 |      0 |       0 |
| X1Y1              |      4 |      24 |   2490 |   17280 |    292 |    5280 |     24 |      24 |      0 |       0 |     30 |     144 |      0 |       0 |      0 |       0 |
| X2Y1              |      1 |      24 |    129 |   19200 |     16 |    2880 |     24 |      48 |      0 |      16 |      0 |      24 |      0 |       4 |      0 |       1 |
| X0Y2              |      5 |      24 |   7088 |   22080 |    217 |    6240 |      0 |       0 |      0 |       0 |     30 |     144 |      0 |       0 |      0 |       0 |
| X1Y2              |      5 |      24 |   2946 |   17280 |     66 |    5280 |     22 |      24 |      0 |       0 |      0 |     144 |      0 |       0 |      0 |       0 |
| X2Y2              |      0 |      24 |      0 |   19200 |      0 |    2880 |      0 |      48 |      0 |      16 |      0 |      24 |      0 |       4 |      0 |       0 |
| X0Y3              |      3 |      24 |   2234 |   22080 |     95 |    6240 |      0 |       0 |      0 |       0 |      0 |     144 |      0 |       0 |      0 |       0 |
| X1Y3              |      3 |      24 |     62 |   17280 |      0 |    5280 |      0 |      24 |      0 |       0 |      0 |     144 |      0 |       0 |      0 |       0 |
| X2Y3              |      0 |      24 |      0 |   19200 |      0 |    2880 |      0 |      48 |      0 |      16 |      0 |      24 |      0 |       4 |      0 |       0 |
+-------------------+--------+---------+--------+---------+--------+---------+--------+---------+--------+---------+--------+---------+--------+---------+--------+---------+
* Global Clock column represents track count; while other columns represents cell counts


6. Clock Regions : Global Clock Summary
---------------------------------------

All Modules
+----+----+----+----+
|    | X0 | X1 | X2 |
+----+----+----+----+
| Y3 |  4 |  5 |  0 |
| Y2 |  6 |  7 |  0 |
| Y1 |  6 |  5 |  1 |
| Y0 |  8 |  6 |  1 |
+----+----+----+----+


7. Clock Regions : Routing Resource Utilization
-----------------------------------------------

All Modules
+-------------------+----------------------+----------------------+----------------------+----------------------+
|                   |        HROUTES       |        HDISTRS       |        VROUTES       |        VDISTRS       |
+-------------------+------+-------+-------+------+-------+-------+------+-------+-------+------+-------+-------+
| Clock Region Name | Used | Avail | Util% | Used | Avail | Util% | Used | Avail | Util% | Used | Avail | Util% |
+-------------------+------+-------+-------+------+-------+-------+------+-------+-------+------+-------+-------+
| X0Y0              |    0 |    24 |  0.00 |    8 |    24 | 33.33 |    1 |    24 |  4.17 |    2 |    24 |  8.33 |
| X1Y0              |    0 |    24 |  0.00 |    6 |    24 | 25.00 |    0 |    24 |  0.00 |    5 |    24 | 20.83 |
| X2Y0              |    0 |    24 |  0.00 |    1 |    24 |  4.17 |    0 |    24 |  0.00 |    0 |    24 |  0.00 |
| X0Y1              |    0 |    24 |  0.00 |    5 |    24 | 20.83 |    2 |    24 |  8.33 |    1 |    24 |  4.17 |
| X1Y1              |    0 |    24 |  0.00 |    4 |    24 | 16.67 |    1 |    24 |  4.17 |    5 |    24 | 20.83 |
| X2Y1              |    0 |    24 |  0.00 |    1 |    24 |  4.17 |    0 |    24 |  0.00 |    0 |    24 |  0.00 |
| X0Y2              |    3 |    24 | 12.50 |    5 |    24 | 20.83 |    2 |    24 |  8.33 |    1 |    24 |  4.17 |
| X1Y2              |    3 |    24 | 12.50 |    5 |    24 | 20.83 |    2 |    24 |  8.33 |    4 |    24 | 16.67 |
| X2Y2              |    0 |    24 |  0.00 |    0 |    24 |  0.00 |    0 |    24 |  0.00 |    0 |    24 |  0.00 |
| X0Y3              |    2 |    24 |  8.33 |    3 |    24 | 12.50 |    0 |    24 |  0.00 |    0 |    24 |  0.00 |
| X1Y3              |    2 |    24 |  8.33 |    3 |    24 | 12.50 |    1 |    24 |  4.17 |    2 |    24 |  8.33 |
| X2Y3              |    0 |    24 |  0.00 |    0 |    24 |  0.00 |    0 |    24 |  0.00 |    0 |    24 |  0.00 |
+-------------------+------+-------+-------+------+-------+-------+------+-------+-------+------+-------+-------+


8. Device Cell Placement Summary for Global Clock g0
----------------------------------------------------

+-----------+-----------------+-------------------+----------------------------------------------+-------------+---------------+----------+-------------+----------+----------------+----------+---------------------------------------------------+
| Global Id | Driver Type/Pin | Driver Region (D) | Clock                                        | Period (ns) | Waveform (ns) | Root (R) | Slice Loads | IO Loads | Clocking Loads | GT Loads | Net                                               |
+-----------+-----------------+-------------------+----------------------------------------------+-------------+---------------+----------+-------------+----------+----------------+----------+---------------------------------------------------+
| g0        | BUFGCE/O        | X1Y2              | clkv_200M_kv260_ispMipiRx_vcu_DP_clk_wiz_0_0 |       5.000 | {0.000 2.500} | X1Y1     |       29436 |        0 |              0 |        0 | kv260_ispMipiRx_vcu_DP_i/clk_wiz_0/inst/clkv_200M |
+-----------+-----------------+-------------------+----------------------------------------------+-------------+---------------+----------+-------------+----------+----------------+----------+---------------------------------------------------+
* Slice Loads column represents load cell count of all cell types other than IO, GT and clock resources
** IO Loads column represents load cell count of IO types
*** Clocking Loads column represents load cell count that are clock resources (global clock buffer, MMCM, PLL, etc)
**** GT Loads column represents load cell count of GT types


+----+-------+-----------+------+-----------------------+
|    | X0    | X1        | X2   | HORIZONTAL PROG DELAY |
+----+-------+-----------+------+-----------------------+
| Y3 |     0 |         0 |    0 |                     - |
| Y2 |  5248 |  (D) 3023 |    0 |                     1 |
| Y1 |  9202 |  (R) 2824 |  164 |                     1 |
| Y0 |  8578 |       388 |    9 |                     0 |
+----+-------+-----------+------+-----------------------+


9. Device Cell Placement Summary for Global Clock g1
----------------------------------------------------

+-----------+-----------------+-------------------+---------------------------------------------+-------------+---------------+----------+-------------+----------+----------------+----------+--------------------------------------------------+
| Global Id | Driver Type/Pin | Driver Region (D) | Clock                                       | Period (ns) | Waveform (ns) | Root (R) | Slice Loads | IO Loads | Clocking Loads | GT Loads | Net                                              |
+-----------+-----------------+-------------------+---------------------------------------------+-------------+---------------+----------+-------------+----------+----------------+----------+--------------------------------------------------+
| g1        | BUFGCE/O        | X1Y2              | clk_100M_kv260_ispMipiRx_vcu_DP_clk_wiz_0_0 |      10.000 | {0.000 5.000} | X0Y1     |        3663 |        0 |              0 |        0 | kv260_ispMipiRx_vcu_DP_i/clk_wiz_0/inst/clk_100M |
+-----------+-----------------+-------------------+---------------------------------------------+-------------+---------------+----------+-------------+----------+----------------+----------+--------------------------------------------------+
* Slice Loads column represents load cell count of all cell types other than IO, GT and clock resources
** IO Loads column represents load cell count of IO types
*** Clocking Loads column represents load cell count that are clock resources (global clock buffer, MMCM, PLL, etc)
**** GT Loads column represents load cell count of GT types


+----+--------+--------+----+-----------------------+
|    | X0     | X1     | X2 | HORIZONTAL PROG DELAY |
+----+--------+--------+----+-----------------------+
| Y3 |   1982 |      0 |  0 |                     0 |
| Y2 |   1539 |  (D) 0 |  0 |                     1 |
| Y1 | (R) 90 |      0 |  0 |                     1 |
| Y0 |     52 |      0 |  0 |                     0 |
+----+--------+--------+----+-----------------------+


10. Device Cell Placement Summary for Global Clock g2
-----------------------------------------------------

+-----------+-----------------+-------------------+---------------------------------------------+-------------+---------------+----------+-------------+----------+----------------+----------+--------------------------------------------------+
| Global Id | Driver Type/Pin | Driver Region (D) | Clock                                       | Period (ns) | Waveform (ns) | Root (R) | Slice Loads | IO Loads | Clocking Loads | GT Loads | Net                                              |
+-----------+-----------------+-------------------+---------------------------------------------+-------------+---------------+----------+-------------+----------+----------------+----------+--------------------------------------------------+
| g2        | BUFGCE/O        | X1Y2              | clk_200M_kv260_ispMipiRx_vcu_DP_clk_wiz_0_0 |       5.000 | {0.000 2.500} | X1Y2     |         503 |        0 |              1 |        0 | kv260_ispMipiRx_vcu_DP_i/clk_wiz_0/inst/clk_200M |
+-----------+-----------------+-------------------+---------------------------------------------+-------------+---------------+----------+-------------+----------+----------------+----------+--------------------------------------------------+
* Slice Loads column represents load cell count of all cell types other than IO, GT and clock resources
** IO Loads column represents load cell count of IO types
*** Clocking Loads column represents load cell count that are clock resources (global clock buffer, MMCM, PLL, etc)
**** GT Loads column represents load cell count of GT types


+----+------+-----------+----+-----------------------+
|    | X0   | X1        | X2 | HORIZONTAL PROG DELAY |
+----+------+-----------+----+-----------------------+
| Y3 |  307 |        54 |  0 |                     0 |
| Y2 |  143 | (R) (D) 0 |  0 |                     0 |
| Y1 |    0 |         0 |  0 |                     - |
| Y0 |    0 |         0 |  0 |                     - |
+----+------+-----------+----+-----------------------+


11. Device Cell Placement Summary for Global Clock g3
-----------------------------------------------------

+-----------+-----------------+-------------------+----------------------------------+-------------+---------------+----------+-------------+----------+----------------+----------+-----------------------------------------------------------------------------------------------------------------------------------------+
| Global Id | Driver Type/Pin | Driver Region (D) | Clock                            | Period (ns) | Waveform (ns) | Root (R) | Slice Loads | IO Loads | Clocking Loads | GT Loads | Net                                                                                                                                     |
+-----------+-----------------+-------------------+----------------------------------+-------------+---------------+----------+-------------+----------+----------------+----------+-----------------------------------------------------------------------------------------------------------------------------------------+
| g3        | BUFGCE/O        | X1Y3              | mipi_phy_if_clk_p_FIFO_WRCLK_OUT |       8.772 | {0.000 4.386} | X1Y3     |         448 |        0 |              0 |        0 | kv260_ispMipiRx_vcu_DP_i/raspi_pipeline/raspi_pipeline/mipi_csi2_rx_subsyst_0/inst/phy/inst/inst/bd_3be0_phy_0_rx_support_i/rxbyteclkhs |
+-----------+-----------------+-------------------+----------------------------------+-------------+---------------+----------+-------------+----------+----------------+----------+-----------------------------------------------------------------------------------------------------------------------------------------+
* Slice Loads column represents load cell count of all cell types other than IO, GT and clock resources
** IO Loads column represents load cell count of IO types
*** Clocking Loads column represents load cell count that are clock resources (global clock buffer, MMCM, PLL, etc)
**** GT Loads column represents load cell count of GT types


+----+------+-----------+----+-----------------------+
|    | X0   | X1        | X2 | HORIZONTAL PROG DELAY |
+----+------+-----------+----+-----------------------+
| Y3 |   40 | (R) (D) 3 |  0 |                     1 |
| Y2 |  405 |         0 |  0 |                     0 |
| Y1 |    0 |         0 |  0 |                     - |
| Y0 |    0 |         0 |  0 |                     - |
+----+------+-----------+----+-----------------------+


12. Device Cell Placement Summary for Global Clock g4
-----------------------------------------------------

+-----------+-----------------+-------------------+--------------------------------+-------------+---------------+----------+-------------+----------+----------------+----------+-------------------------------------------------------------------------------------------------------------------------------------------------------------------------------------------------------------------------------+
| Global Id | Driver Type/Pin | Driver Region (D) | Clock                          | Period (ns) | Waveform (ns) | Root (R) | Slice Loads | IO Loads | Clocking Loads | GT Loads | Net                                                                                                                                                                                                                           |
+-----------+-----------------+-------------------+--------------------------------+-------------+---------------+----------+-------------+----------+----------------+----------+-------------------------------------------------------------------------------------------------------------------------------------------------------------------------------------------------------------------------------+
| g4        | BUFGCE/O        | X1Y3              | GEN_PLL_IN_IP_USP.pll0_clkout0 |       5.333 | {0.000 2.667} | X1Y3     |          10 |        0 |              0 |        0 | kv260_ispMipiRx_vcu_DP_i/raspi_pipeline/raspi_pipeline/mipi_csi2_rx_subsyst_0/inst/phy/inst/inst/bd_3be0_phy_0_rx_support_i/slave_rx.bd_3be0_phy_0_rx_hssio_i/inst/top_inst/clk_rst_top_inst/clk_scheme_inst/pll0_clkout0_out |
+-----------+-----------------+-------------------+--------------------------------+-------------+---------------+----------+-------------+----------+----------------+----------+-------------------------------------------------------------------------------------------------------------------------------------------------------------------------------------------------------------------------------+
* Slice Loads column represents load cell count of all cell types other than IO, GT and clock resources
** IO Loads column represents load cell count of IO types
*** Clocking Loads column represents load cell count that are clock resources (global clock buffer, MMCM, PLL, etc)
**** GT Loads column represents load cell count of GT types


+----+----+------------+----+-----------------------+
|    | X0 | X1         | X2 | HORIZONTAL PROG DELAY |
+----+----+------------+----+-----------------------+
| Y3 |  0 | (R) (D) 10 |  0 |                     0 |
| Y2 |  0 |          0 |  0 |                     - |
| Y1 |  0 |          0 |  0 |                     - |
| Y0 |  0 |          0 |  0 |                     - |
+----+----+------------+----+-----------------------+


13. Device Cell Placement Summary for Global Clock g5
-----------------------------------------------------

+-----------+-----------------+-------------------+--------------------------------------------+-------------+----------------+----------+-------------+----------+----------------+----------+-------------------------------------------------+
| Global Id | Driver Type/Pin | Driver Region (D) | Clock                                      | Period (ns) | Waveform (ns)  | Root (R) | Slice Loads | IO Loads | Clocking Loads | GT Loads | Net                                             |
+-----------+-----------------+-------------------+--------------------------------------------+-------------+----------------+----------+-------------+----------+----------------+----------+-------------------------------------------------+
| g5        | BUFGCE/O        | X1Y2              | clk_50M_kv260_ispMipiRx_vcu_DP_clk_wiz_0_0 |      20.000 | {0.000 10.000} | X0Y0     |           1 |        0 |              0 |        0 | kv260_ispMipiRx_vcu_DP_i/clk_wiz_0/inst/clk_50M |
+-----------+-----------------+-------------------+--------------------------------------------+-------------+----------------+----------+-------------+----------+----------------+----------+-------------------------------------------------+
* Slice Loads column represents load cell count of all cell types other than IO, GT and clock resources
** IO Loads column represents load cell count of IO types
*** Clocking Loads column represents load cell count that are clock resources (global clock buffer, MMCM, PLL, etc)
**** GT Loads column represents load cell count of GT types


+----+-------+--------+----+-----------------------+
|    | X0    | X1     | X2 | HORIZONTAL PROG DELAY |
+----+-------+--------+----+-----------------------+
| Y3 |     0 |      0 |  0 |                     - |
| Y2 |     0 |  (D) 0 |  0 |                     - |
| Y1 |     0 |      0 |  0 |                     - |
| Y0 | (R) 1 |      0 |  0 |                     0 |
+----+-------+--------+----+-----------------------+


14. Device Cell Placement Summary for Global Clock g6
-----------------------------------------------------

+-----------+-----------------+-------------------+-------+-------------+---------------+----------+-------------+----------+----------------+----------+---------------------------------------------------+
| Global Id | Driver Type/Pin | Driver Region (D) | Clock | Period (ns) | Waveform (ns) | Root (R) | Slice Loads | IO Loads | Clocking Loads | GT Loads | Net                                               |
+-----------+-----------------+-------------------+-------+-------------+---------------+----------+-------------+----------+----------------+----------+---------------------------------------------------+
| g6        | BUFGCE/O        | X1Y1              |       |             |               | X1Y1     |        1072 |        0 |              0 |        0 | kv260_ispMipiRx_vcu_DP_i/PS_0/inst/emio_gpio_o[6] |
+-----------+-----------------+-------------------+-------+-------------+---------------+----------+-------------+----------+----------------+----------+---------------------------------------------------+
* Slice Loads column represents load cell count of all cell types other than IO, GT and clock resources
** IO Loads column represents load cell count of IO types
*** Clocking Loads column represents load cell count that are clock resources (global clock buffer, MMCM, PLL, etc)
**** GT Loads column represents load cell count of GT types


+----+------+-----------+----+-----------------------+
|    | X0   | X1        | X2 | HORIZONTAL PROG DELAY |
+----+------+-----------+----+-----------------------+
| Y3 |    0 |         0 |  0 |                     - |
| Y2 |    0 |         0 |  0 |                     - |
| Y1 |  703 | (R) (D) 0 |  0 |                     0 |
| Y0 |  281 |        88 |  0 |                     0 |
+----+------+-----------+----+-----------------------+


15. Device Cell Placement Summary for Global Clock g7
-----------------------------------------------------

+-----------+-----------------+-------------------+----------+-------------+---------------+----------+-------------+----------+----------------+----------+--------------------------------------------+
| Global Id | Driver Type/Pin | Driver Region (D) | Clock    | Period (ns) | Waveform (ns) | Root (R) | Slice Loads | IO Loads | Clocking Loads | GT Loads | Net                                        |
+-----------+-----------------+-------------------+----------+-------------+---------------+----------+-------------+----------+----------------+----------+--------------------------------------------+
| g7        | BUFG_PS/O       | X0Y3              | clk_pl_0 |      10.000 | {0.000 5.000} | X1Y2     |           0 |        0 |              1 |        0 | kv260_ispMipiRx_vcu_DP_i/PS_0/inst/pl_clk0 |
+-----------+-----------------+-------------------+----------+-------------+---------------+----------+-------------+----------+----------------+----------+--------------------------------------------+
* Slice Loads column represents load cell count of all cell types other than IO, GT and clock resources
** IO Loads column represents load cell count of IO types
*** Clocking Loads column represents load cell count that are clock resources (global clock buffer, MMCM, PLL, etc)
**** GT Loads column represents load cell count of GT types


+----+--------+-------+----+-----------------------+
|    | X0     | X1    | X2 | HORIZONTAL PROG DELAY |
+----+--------+-------+----+-----------------------+
| Y3 |  (D) 0 |     0 |  0 |                     - |
| Y2 |      0 | (R) 1 |  0 |                     0 |
| Y1 |      0 |     0 |  0 |                     - |
| Y0 |      0 |     0 |  0 |                     - |
+----+--------+-------+----+-----------------------+


16. Device Cell Placement Summary for Global Clock g8
-----------------------------------------------------

+-----------+-----------------+-------------------+-------+-------------+---------------+----------+-------------+----------+----------------+----------+-------------------------------------------------------------------------+
| Global Id | Driver Type/Pin | Driver Region (D) | Clock | Period (ns) | Waveform (ns) | Root (R) | Slice Loads | IO Loads | Clocking Loads | GT Loads | Net                                                                     |
+-----------+-----------------+-------------------+-------+-------------+---------------+----------+-------------+----------+----------------+----------+-------------------------------------------------------------------------+
| g8        | BUFGCE/O        | X1Y3              |       |             |               | X1Y3     |        1078 |        0 |              0 |        0 | kv260_ispMipiRx_vcu_DP_i/proc_sys_reset_300MHz/U0/peripheral_aresetn[0] |
+-----------+-----------------+-------------------+-------+-------------+---------------+----------+-------------+----------+----------------+----------+-------------------------------------------------------------------------+
* Slice Loads column represents load cell count of all cell types other than IO, GT and clock resources
** IO Loads column represents load cell count of IO types
*** Clocking Loads column represents load cell count that are clock resources (global clock buffer, MMCM, PLL, etc)
**** GT Loads column represents load cell count of GT types


+----+------+-----------+----+-----------------------+
|    | X0   | X1        | X2 | HORIZONTAL PROG DELAY |
+----+------+-----------+----+-----------------------+
| Y3 |    0 | (R) (D) 0 |  0 |                     - |
| Y2 |  472 |       584 |  0 |                     0 |
| Y1 |    4 |         0 |  0 |                     0 |
| Y0 |   18 |         0 |  0 |                     0 |
+----+------+-----------+----+-----------------------+


17. Device Cell Placement Summary for Global Clock g9
-----------------------------------------------------

+-----------+-----------------+-------------------+-------+-------------+---------------+----------+-------------+----------+----------------+----------+----------------------------------------------------------------------------------------+
| Global Id | Driver Type/Pin | Driver Region (D) | Clock | Period (ns) | Waveform (ns) | Root (R) | Slice Loads | IO Loads | Clocking Loads | GT Loads | Net                                                                                    |
+-----------+-----------------+-------------------+-------+-------------+---------------+----------+-------------+----------+----------------+----------+----------------------------------------------------------------------------------------+
| g9        | BUFGCE/O        | X1Y0              |       |             |               | X1Y0     |        1086 |        0 |              0 |        0 | kv260_ispMipiRx_vcu_DP_i/vcu/axi_ic_vcu_dec/xbar/inst/gen_samd.crossbar_samd/aresetn_d |
+-----------+-----------------+-------------------+-------+-------------+---------------+----------+-------------+----------+----------------+----------+----------------------------------------------------------------------------------------+
* Slice Loads column represents load cell count of all cell types other than IO, GT and clock resources
** IO Loads column represents load cell count of IO types
*** Clocking Loads column represents load cell count that are clock resources (global clock buffer, MMCM, PLL, etc)
**** GT Loads column represents load cell count of GT types


+----+-------+-----------+----+-----------------------+
|    | X0    | X1        | X2 | HORIZONTAL PROG DELAY |
+----+-------+-----------+----+-----------------------+
| Y3 |     0 |         0 |  0 |                     - |
| Y2 |     0 |         0 |  0 |                     - |
| Y1 |     0 |         0 |  0 |                     - |
| Y0 |  1086 | (R) (D) 0 |  0 |                     0 |
+----+-------+-----------+----+-----------------------+


18. Device Cell Placement Summary for Global Clock g10
------------------------------------------------------

+-----------+-----------------+-------------------+-------+-------------+---------------+----------+-------------+----------+----------------+----------+----------------------------------------------------------------------------------------+
| Global Id | Driver Type/Pin | Driver Region (D) | Clock | Period (ns) | Waveform (ns) | Root (R) | Slice Loads | IO Loads | Clocking Loads | GT Loads | Net                                                                                    |
+-----------+-----------------+-------------------+-------+-------------+---------------+----------+-------------+----------+----------------+----------+----------------------------------------------------------------------------------------+
| g10       | BUFGCE/O        | X1Y1              |       |             |               | X1Y1     |        1086 |        0 |              0 |        0 | kv260_ispMipiRx_vcu_DP_i/vcu/axi_ic_vcu_enc/xbar/inst/gen_samd.crossbar_samd/aresetn_d |
+-----------+-----------------+-------------------+-------+-------------+---------------+----------+-------------+----------+----------------+----------+----------------------------------------------------------------------------------------+
* Slice Loads column represents load cell count of all cell types other than IO, GT and clock resources
** IO Loads column represents load cell count of IO types
*** Clocking Loads column represents load cell count that are clock resources (global clock buffer, MMCM, PLL, etc)
**** GT Loads column represents load cell count of GT types


+----+------+-----------+----+-----------------------+
|    | X0   | X1        | X2 | HORIZONTAL PROG DELAY |
+----+------+-----------+----+-----------------------+
| Y3 |    0 |         0 |  0 |                     - |
| Y2 |    0 |         0 |  0 |                     - |
| Y1 |  143 | (R) (D) 0 |  0 |                     0 |
| Y0 |  943 |         0 |  0 |                     0 |
+----+------+-----------+----+-----------------------+


19. Device Cell Placement Summary for Global Clock g11
------------------------------------------------------

+-----------+-----------------+-------------------+-------+-------------+---------------+----------+-------------+----------+----------------+----------+-------------------------------------------------------------------------+
| Global Id | Driver Type/Pin | Driver Region (D) | Clock | Period (ns) | Waveform (ns) | Root (R) | Slice Loads | IO Loads | Clocking Loads | GT Loads | Net                                                                     |
+-----------+-----------------+-------------------+-------+-------------+---------------+----------+-------------+----------+----------------+----------+-------------------------------------------------------------------------+
| g11       | BUFGCE/O        | X1Y1              |       |             |               | X1Y1     |        1318 |        0 |              0 |        0 | kv260_ispMipiRx_vcu_DP_i/vcu/vcu_0/inst/softip_regs/vcu_reset_encClk_f3 |
+-----------+-----------------+-------------------+-------+-------------+---------------+----------+-------------+----------+----------------+----------+-------------------------------------------------------------------------+
* Slice Loads column represents load cell count of all cell types other than IO, GT and clock resources
** IO Loads column represents load cell count of IO types
*** Clocking Loads column represents load cell count that are clock resources (global clock buffer, MMCM, PLL, etc)
**** GT Loads column represents load cell count of GT types


+----+-------+-----------+----+-----------------------+
|    | X0    | X1        | X2 | HORIZONTAL PROG DELAY |
+----+-------+-----------+----+-----------------------+
| Y3 |     0 |         0 |  0 |                     - |
| Y2 |     0 |         0 |  0 |                     - |
| Y1 |     0 | (R) (D) 0 |  0 |                     - |
| Y0 |  1318 |         0 |  0 |                     0 |
+----+-------+-----------+----+-----------------------+


20. Clock Region Cell Placement per Global Clock: Region X0Y0
-------------------------------------------------------------

+-----------+-------+-----------------+------------+-------------+-----------------+------+-------------+------+------+-----+----+------+-----+---------+----------------------------------------------------------------------------------------+
| Global Id | Track | Driver Type/Pin | Constraint | Clock Loads | Non-Clock Loads | FF   | Memory LUTs | RAMB | URAM | DSP | GT | MMCM | PLL | Hard IP | Net                                                                                    |
+-----------+-------+-----------------+------------+-------------+-----------------+------+-------------+------+------+-----+----+------+-----+---------+----------------------------------------------------------------------------------------+
| g0        | 5     | BUFGCE/O        | None       |        8578 |               0 | 8528 |          48 |    0 |    0 |   1 |  0 |    0 |   0 |       0 | kv260_ispMipiRx_vcu_DP_i/clk_wiz_0/inst/clkv_200M                                      |
| g1        | 10    | BUFGCE/O        | None       |          52 |               0 |   51 |           0 |    0 |    0 |   0 |  0 |    0 |   0 |       0 | kv260_ispMipiRx_vcu_DP_i/clk_wiz_0/inst/clk_100M                                       |
| g5        | 13    | BUFGCE/O        | None       |           1 |               0 |    0 |           0 |    0 |    0 |   0 |  0 |    0 |   0 |       0 | kv260_ispMipiRx_vcu_DP_i/clk_wiz_0/inst/clk_50M                                        |
| g6        | 20    | BUFGCE/O        | None       |           0 |             281 |  281 |           0 |    0 |    0 |   0 |  0 |    0 |   0 |       0 | kv260_ispMipiRx_vcu_DP_i/PS_0/inst/emio_gpio_o[6]                                      |
| g8        | 14    | BUFGCE/O        | None       |           0 |              18 |   18 |           0 |    0 |    0 |   0 |  0 |    0 |   0 |       0 | kv260_ispMipiRx_vcu_DP_i/proc_sys_reset_300MHz/U0/peripheral_aresetn[0]                |
| g9        | 0     | BUFGCE/O        | None       |           0 |            1086 | 1086 |           0 |    0 |    0 |   0 |  0 |    0 |   0 |       0 | kv260_ispMipiRx_vcu_DP_i/vcu/axi_ic_vcu_dec/xbar/inst/gen_samd.crossbar_samd/aresetn_d |
| g10       | 3     | BUFGCE/O        | None       |           0 |             943 |  943 |           0 |    0 |    0 |   0 |  0 |    0 |   0 |       0 | kv260_ispMipiRx_vcu_DP_i/vcu/axi_ic_vcu_enc/xbar/inst/gen_samd.crossbar_samd/aresetn_d |
| g11       | 2     | BUFGCE/O        | None       |           0 |            1318 | 1318 |           0 |    0 |    0 |   0 |  0 |    0 |   0 |       0 | kv260_ispMipiRx_vcu_DP_i/vcu/vcu_0/inst/softip_regs/vcu_reset_encClk_f3                |
+-----------+-------+-----------------+------------+-------------+-----------------+------+-------------+------+------+-----+----+------+-----+---------+----------------------------------------------------------------------------------------+
* Clock Loads column represents cell count of net connects that connect to a clock pin. Internal cell leaf pins are not considered
** Non-Clock Loads column represents cell count of non-clock pin loads
*** Columns FF, LUTRAM, RAMB through 'Hard IP' represents load cell counts


21. Clock Region Cell Placement per Global Clock: Region X1Y0
-------------------------------------------------------------

+-----------+-------+-----------------+------------+-------------+-----------------+-----+-------------+------+------+-----+----+------+-----+---------+----------------------------------------------------------------------------------------+
| Global Id | Track | Driver Type/Pin | Constraint | Clock Loads | Non-Clock Loads | FF  | Memory LUTs | RAMB | URAM | DSP | GT | MMCM | PLL | Hard IP | Net                                                                                    |
+-----------+-------+-----------------+------------+-------------+-----------------+-----+-------------+------+------+-----+----+------+-----+---------+----------------------------------------------------------------------------------------+
| g0        | 5     | BUFGCE/O        | None       |         388 |               0 | 329 |          48 |    5 |    0 |   6 |  0 |    0 |   0 |       0 | kv260_ispMipiRx_vcu_DP_i/clk_wiz_0/inst/clkv_200M                                      |
| g6        | 20    | BUFGCE/O        | None       |           0 |              88 |  88 |           0 |    0 |    0 |   0 |  0 |    0 |   0 |       0 | kv260_ispMipiRx_vcu_DP_i/PS_0/inst/emio_gpio_o[6]                                      |
| g8+       | 14    | BUFGCE/O        | None       |           0 |               0 |   0 |           0 |    0 |    0 |   0 |  0 |    0 |   0 |       0 | kv260_ispMipiRx_vcu_DP_i/proc_sys_reset_300MHz/U0/peripheral_aresetn[0]                |
| g9+       | 0     | BUFGCE/O        | None       |           0 |               0 |   0 |           0 |    0 |    0 |   0 |  0 |    0 |   0 |       0 | kv260_ispMipiRx_vcu_DP_i/vcu/axi_ic_vcu_dec/xbar/inst/gen_samd.crossbar_samd/aresetn_d |
| g10+      | 3     | BUFGCE/O        | None       |           0 |               0 |   0 |           0 |    0 |    0 |   0 |  0 |    0 |   0 |       0 | kv260_ispMipiRx_vcu_DP_i/vcu/axi_ic_vcu_enc/xbar/inst/gen_samd.crossbar_samd/aresetn_d |
| g11+      | 2     | BUFGCE/O        | None       |           0 |               0 |   0 |           0 |    0 |    0 |   0 |  0 |    0 |   0 |       0 | kv260_ispMipiRx_vcu_DP_i/vcu/vcu_0/inst/softip_regs/vcu_reset_encClk_f3                |
+-----------+-------+-----------------+------------+-------------+-----------------+-----+-------------+------+------+-----+----+------+-----+---------+----------------------------------------------------------------------------------------+
* Clock Loads column represents cell count of net connects that connect to a clock pin. Internal cell leaf pins are not considered
** Non-Clock Loads column represents cell count of non-clock pin loads
*** Columns FF, LUTRAM, RAMB through 'Hard IP' represents load cell counts
**** In Global Id column, sympbol '+' indicates that global clock was used only to route through the clock region.


22. Clock Region Cell Placement per Global Clock: Region X2Y0
-------------------------------------------------------------

+-----------+-------+-----------------+------------+-------------+-----------------+----+-------------+------+------+-----+----+------+-----+---------+---------------------------------------------------+
| Global Id | Track | Driver Type/Pin | Constraint | Clock Loads | Non-Clock Loads | FF | Memory LUTs | RAMB | URAM | DSP | GT | MMCM | PLL | Hard IP | Net                                               |
+-----------+-------+-----------------+------------+-------------+-----------------+----+-------------+------+------+-----+----+------+-----+---------+---------------------------------------------------+
| g0        | 5     | BUFGCE/O        | None       |           9 |               0 |  0 |           8 |    1 |    8 |   0 |  0 |    0 |   0 |       0 | kv260_ispMipiRx_vcu_DP_i/clk_wiz_0/inst/clkv_200M |
+-----------+-------+-----------------+------------+-------------+-----------------+----+-------------+------+------+-----+----+------+-----+---------+---------------------------------------------------+
* Clock Loads column represents cell count of net connects that connect to a clock pin. Internal cell leaf pins are not considered
** Non-Clock Loads column represents cell count of non-clock pin loads
*** Columns FF, LUTRAM, RAMB through 'Hard IP' represents load cell counts


23. Clock Region Cell Placement per Global Clock: Region X0Y1
-------------------------------------------------------------

+-----------+-------+-----------------+------------+-------------+-----------------+------+-------------+------+------+-----+----+------+-----+---------+----------------------------------------------------------------------------------------+
| Global Id | Track | Driver Type/Pin | Constraint | Clock Loads | Non-Clock Loads | FF   | Memory LUTs | RAMB | URAM | DSP | GT | MMCM | PLL | Hard IP | Net                                                                                    |
+-----------+-------+-----------------+------------+-------------+-----------------+------+-------------+------+------+-----+----+------+-----+---------+----------------------------------------------------------------------------------------+
| g0        | 5     | BUFGCE/O        | None       |        9202 |               0 | 8304 |         876 |    0 |    0 |  21 |  0 |    0 |   0 |       0 | kv260_ispMipiRx_vcu_DP_i/clk_wiz_0/inst/clkv_200M                                      |
| g1        | 10    | BUFGCE/O        | None       |          90 |               0 |   89 |           0 |    0 |    0 |   0 |  0 |    0 |   0 |       0 | kv260_ispMipiRx_vcu_DP_i/clk_wiz_0/inst/clk_100M                                       |
| g5+       | 13    | BUFGCE/O        | None       |           0 |               0 |    0 |           0 |    0 |    0 |   0 |  0 |    0 |   0 |       0 | kv260_ispMipiRx_vcu_DP_i/clk_wiz_0/inst/clk_50M                                        |
| g6        | 20    | BUFGCE/O        | None       |           0 |             703 |  703 |           0 |    0 |    0 |   0 |  0 |    0 |   0 |       0 | kv260_ispMipiRx_vcu_DP_i/PS_0/inst/emio_gpio_o[6]                                      |
| g8        | 14    | BUFGCE/O        | None       |           0 |               4 |    4 |           0 |    0 |    0 |   0 |  0 |    0 |   0 |       0 | kv260_ispMipiRx_vcu_DP_i/proc_sys_reset_300MHz/U0/peripheral_aresetn[0]                |
| g10       | 3     | BUFGCE/O        | None       |           0 |             143 |  143 |           0 |    0 |    0 |   0 |  0 |    0 |   0 |       0 | kv260_ispMipiRx_vcu_DP_i/vcu/axi_ic_vcu_enc/xbar/inst/gen_samd.crossbar_samd/aresetn_d |
+-----------+-------+-----------------+------------+-------------+-----------------+------+-------------+------+------+-----+----+------+-----+---------+----------------------------------------------------------------------------------------+
* Clock Loads column represents cell count of net connects that connect to a clock pin. Internal cell leaf pins are not considered
** Non-Clock Loads column represents cell count of non-clock pin loads
*** Columns FF, LUTRAM, RAMB through 'Hard IP' represents load cell counts
**** In Global Id column, sympbol '+' indicates that global clock was used only to route through the clock region.


24. Clock Region Cell Placement per Global Clock: Region X1Y1
-------------------------------------------------------------

+-----------+-------+-----------------+------------+-------------+-----------------+------+-------------+------+------+-----+----+------+-----+---------+----------------------------------------------------------------------------------------+
| Global Id | Track | Driver Type/Pin | Constraint | Clock Loads | Non-Clock Loads | FF   | Memory LUTs | RAMB | URAM | DSP | GT | MMCM | PLL | Hard IP | Net                                                                                    |
+-----------+-------+-----------------+------------+-------------+-----------------+------+-------------+------+------+-----+----+------+-----+---------+----------------------------------------------------------------------------------------+
| g0        | 5     | BUFGCE/O        | None       |        2824 |               0 | 2490 |         292 |   12 |    0 |  30 |  0 |    0 |   0 |       0 | kv260_ispMipiRx_vcu_DP_i/clk_wiz_0/inst/clkv_200M                                      |
| g6+       | 20    | BUFGCE/O        | None       |           0 |               0 |    0 |           0 |    0 |    0 |   0 |  0 |    0 |   0 |       0 | kv260_ispMipiRx_vcu_DP_i/PS_0/inst/emio_gpio_o[6]                                      |
| g8+       | 14    | BUFGCE/O        | None       |           0 |               0 |    0 |           0 |    0 |    0 |   0 |  0 |    0 |   0 |       0 | kv260_ispMipiRx_vcu_DP_i/proc_sys_reset_300MHz/U0/peripheral_aresetn[0]                |
| g10+      | 3     | BUFGCE/O        | None       |           0 |               0 |    0 |           0 |    0 |    0 |   0 |  0 |    0 |   0 |       0 | kv260_ispMipiRx_vcu_DP_i/vcu/axi_ic_vcu_enc/xbar/inst/gen_samd.crossbar_samd/aresetn_d |
| g11+      | 2     | BUFGCE/O        | None       |           0 |               0 |    0 |           0 |    0 |    0 |   0 |  0 |    0 |   0 |       0 | kv260_ispMipiRx_vcu_DP_i/vcu/vcu_0/inst/softip_regs/vcu_reset_encClk_f3                |
+-----------+-------+-----------------+------------+-------------+-----------------+------+-------------+------+------+-----+----+------+-----+---------+----------------------------------------------------------------------------------------+
* Clock Loads column represents cell count of net connects that connect to a clock pin. Internal cell leaf pins are not considered
** Non-Clock Loads column represents cell count of non-clock pin loads
*** Columns FF, LUTRAM, RAMB through 'Hard IP' represents load cell counts
**** In Global Id column, sympbol '+' indicates that global clock was used only to route through the clock region.


25. Clock Region Cell Placement per Global Clock: Region X2Y1
-------------------------------------------------------------

+-----------+-------+-----------------+------------+-------------+-----------------+-----+-------------+------+------+-----+----+------+-----+---------+---------------------------------------------------+
| Global Id | Track | Driver Type/Pin | Constraint | Clock Loads | Non-Clock Loads | FF  | Memory LUTs | RAMB | URAM | DSP | GT | MMCM | PLL | Hard IP | Net                                               |
+-----------+-------+-----------------+------------+-------------+-----------------+-----+-------------+------+------+-----+----+------+-----+---------+---------------------------------------------------+
| g0        | 5     | BUFGCE/O        | None       |         164 |               0 | 129 |          16 |   19 |    0 |   0 |  0 |    0 |   0 |       0 | kv260_ispMipiRx_vcu_DP_i/clk_wiz_0/inst/clkv_200M |
+-----------+-------+-----------------+------------+-------------+-----------------+-----+-------------+------+------+-----+----+------+-----+---------+---------------------------------------------------+
* Clock Loads column represents cell count of net connects that connect to a clock pin. Internal cell leaf pins are not considered
** Non-Clock Loads column represents cell count of non-clock pin loads
*** Columns FF, LUTRAM, RAMB through 'Hard IP' represents load cell counts


26. Clock Region Cell Placement per Global Clock: Region X0Y2
-------------------------------------------------------------

+-----------+-------+-----------------+------------+-------------+-----------------+------+-------------+------+------+-----+----+------+-----+---------+-----------------------------------------------------------------------------------------------------------------------------------------+
| Global Id | Track | Driver Type/Pin | Constraint | Clock Loads | Non-Clock Loads | FF   | Memory LUTs | RAMB | URAM | DSP | GT | MMCM | PLL | Hard IP | Net                                                                                                                                     |
+-----------+-------+-----------------+------------+-------------+-----------------+------+-------------+------+------+-----+----+------+-----+---------+-----------------------------------------------------------------------------------------------------------------------------------------+
| g0        | 5     | BUFGCE/O        | None       |        5248 |               0 | 5009 |         209 |    0 |    0 |  30 |  0 |    0 |   0 |       0 | kv260_ispMipiRx_vcu_DP_i/clk_wiz_0/inst/clkv_200M                                                                                       |
| g1        | 10    | BUFGCE/O        | None       |        1539 |               0 | 1538 |           1 |    0 |    0 |   0 |  0 |    0 |   0 |       0 | kv260_ispMipiRx_vcu_DP_i/clk_wiz_0/inst/clk_100M                                                                                        |
| g2        | 12    | BUFGCE/O        | None       |         143 |               0 |  142 |           1 |    0 |    0 |   0 |  0 |    0 |   0 |       0 | kv260_ispMipiRx_vcu_DP_i/clk_wiz_0/inst/clk_200M                                                                                        |
| g3        | 23    | BUFGCE/O        | None       |         405 |               0 |  399 |           6 |    0 |    0 |   0 |  0 |    0 |   0 |       0 | kv260_ispMipiRx_vcu_DP_i/raspi_pipeline/raspi_pipeline/mipi_csi2_rx_subsyst_0/inst/phy/inst/inst/bd_3be0_phy_0_rx_support_i/rxbyteclkhs |
| g5+       | 13    | BUFGCE/O        | None       |           0 |               0 |    0 |           0 |    0 |    0 |   0 |  0 |    0 |   0 |       0 | kv260_ispMipiRx_vcu_DP_i/clk_wiz_0/inst/clk_50M                                                                                         |
| g8        | 14    | BUFGCE/O        | None       |           0 |             472 |  472 |           0 |    0 |    0 |   0 |  0 |    0 |   0 |       0 | kv260_ispMipiRx_vcu_DP_i/proc_sys_reset_300MHz/U0/peripheral_aresetn[0]                                                                 |
+-----------+-------+-----------------+------------+-------------+-----------------+------+-------------+------+------+-----+----+------+-----+---------+-----------------------------------------------------------------------------------------------------------------------------------------+
* Clock Loads column represents cell count of net connects that connect to a clock pin. Internal cell leaf pins are not considered
** Non-Clock Loads column represents cell count of non-clock pin loads
*** Columns FF, LUTRAM, RAMB through 'Hard IP' represents load cell counts
**** In Global Id column, sympbol '+' indicates that global clock was used only to route through the clock region.


27. Clock Region Cell Placement per Global Clock: Region X1Y2
-------------------------------------------------------------

+-----------+-------+-----------------+------------+-------------+-----------------+------+-------------+------+------+-----+----+------+-----+---------+-----------------------------------------------------------------------------------------------------------------------------------------+
| Global Id | Track | Driver Type/Pin | Constraint | Clock Loads | Non-Clock Loads | FF   | Memory LUTs | RAMB | URAM | DSP | GT | MMCM | PLL | Hard IP | Net                                                                                                                                     |
+-----------+-------+-----------------+------------+-------------+-----------------+------+-------------+------+------+-----+----+------+-----+---------+-----------------------------------------------------------------------------------------------------------------------------------------+
| g0        | 5     | BUFGCE/O        | None       |        3023 |               0 | 2946 |          66 |   11 |    0 |   0 |  0 |    0 |   0 |       0 | kv260_ispMipiRx_vcu_DP_i/clk_wiz_0/inst/clkv_200M                                                                                       |
| g1+       | 10    | BUFGCE/O        | None       |           0 |               0 |    0 |           0 |    0 |    0 |   0 |  0 |    0 |   0 |       0 | kv260_ispMipiRx_vcu_DP_i/clk_wiz_0/inst/clk_100M                                                                                        |
| g2+       | 12    | BUFGCE/O        | None       |           0 |               0 |    0 |           0 |    0 |    0 |   0 |  0 |    0 |   0 |       0 | kv260_ispMipiRx_vcu_DP_i/clk_wiz_0/inst/clk_200M                                                                                        |
| g3+       | 23    | BUFGCE/O        | None       |           0 |               0 |    0 |           0 |    0 |    0 |   0 |  0 |    0 |   0 |       0 | kv260_ispMipiRx_vcu_DP_i/raspi_pipeline/raspi_pipeline/mipi_csi2_rx_subsyst_0/inst/phy/inst/inst/bd_3be0_phy_0_rx_support_i/rxbyteclkhs |
| g5+       | 13    | BUFGCE/O        | None       |           0 |               0 |    0 |           0 |    0 |    0 |   0 |  0 |    0 |   0 |       0 | kv260_ispMipiRx_vcu_DP_i/clk_wiz_0/inst/clk_50M                                                                                         |
| g7        | 8     | BUFG_PS/O       | None       |           0 |               1 |    0 |           0 |    0 |    0 |   0 |  0 |    1 |   0 |       0 | kv260_ispMipiRx_vcu_DP_i/PS_0/inst/pl_clk0                                                                                              |
| g8        | 14    | BUFGCE/O        | None       |           0 |             584 |  584 |           0 |    0 |    0 |   0 |  0 |    0 |   0 |       0 | kv260_ispMipiRx_vcu_DP_i/proc_sys_reset_300MHz/U0/peripheral_aresetn[0]                                                                 |
+-----------+-------+-----------------+------------+-------------+-----------------+------+-------------+------+------+-----+----+------+-----+---------+-----------------------------------------------------------------------------------------------------------------------------------------+
* Clock Loads column represents cell count of net connects that connect to a clock pin. Internal cell leaf pins are not considered
** Non-Clock Loads column represents cell count of non-clock pin loads
*** Columns FF, LUTRAM, RAMB through 'Hard IP' represents load cell counts
**** In Global Id column, sympbol '+' indicates that global clock was used only to route through the clock region.


28. Clock Region Cell Placement per Global Clock: Region X0Y3
-------------------------------------------------------------

+-----------+-------+-----------------+------------+-------------+-----------------+------+-------------+------+------+-----+----+------+-----+---------+-----------------------------------------------------------------------------------------------------------------------------------------+
| Global Id | Track | Driver Type/Pin | Constraint | Clock Loads | Non-Clock Loads | FF   | Memory LUTs | RAMB | URAM | DSP | GT | MMCM | PLL | Hard IP | Net                                                                                                                                     |
+-----------+-------+-----------------+------------+-------------+-----------------+------+-------------+------+------+-----+----+------+-----+---------+-----------------------------------------------------------------------------------------------------------------------------------------+
| g1        | 10    | BUFGCE/O        | None       |        1982 |               0 | 1887 |          95 |    0 |    0 |   0 |  0 |    0 |   0 |       0 | kv260_ispMipiRx_vcu_DP_i/clk_wiz_0/inst/clk_100M                                                                                        |
| g2        | 12    | BUFGCE/O        | None       |         307 |               0 |  307 |           0 |    0 |    0 |   0 |  0 |    0 |   0 |       0 | kv260_ispMipiRx_vcu_DP_i/clk_wiz_0/inst/clk_200M                                                                                        |
| g3        | 23    | BUFGCE/O        | None       |          40 |               0 |   40 |           0 |    0 |    0 |   0 |  0 |    0 |   0 |       0 | kv260_ispMipiRx_vcu_DP_i/raspi_pipeline/raspi_pipeline/mipi_csi2_rx_subsyst_0/inst/phy/inst/inst/bd_3be0_phy_0_rx_support_i/rxbyteclkhs |
| g7+       | 8     | BUFG_PS/O       | None       |           0 |               0 |    0 |           0 |    0 |    0 |   0 |  0 |    0 |   0 |       0 | kv260_ispMipiRx_vcu_DP_i/PS_0/inst/pl_clk0                                                                                              |
+-----------+-------+-----------------+------------+-------------+-----------------+------+-------------+------+------+-----+----+------+-----+---------+-----------------------------------------------------------------------------------------------------------------------------------------+
* Clock Loads column represents cell count of net connects that connect to a clock pin. Internal cell leaf pins are not considered
** Non-Clock Loads column represents cell count of non-clock pin loads
*** Columns FF, LUTRAM, RAMB through 'Hard IP' represents load cell counts
**** In Global Id column, sympbol '+' indicates that global clock was used only to route through the clock region.


29. Clock Region Cell Placement per Global Clock: Region X1Y3
-------------------------------------------------------------

+-----------+-------+-----------------+------------+-------------+-----------------+----+-------------+------+------+-----+----+------+-----+---------+-------------------------------------------------------------------------------------------------------------------------------------------------------------------------------------------------------------------------------+
| Global Id | Track | Driver Type/Pin | Constraint | Clock Loads | Non-Clock Loads | FF | Memory LUTs | RAMB | URAM | DSP | GT | MMCM | PLL | Hard IP | Net                                                                                                                                                                                                                           |
+-----------+-------+-----------------+------------+-------------+-----------------+----+-------------+------+------+-----+----+------+-----+---------+-------------------------------------------------------------------------------------------------------------------------------------------------------------------------------------------------------------------------------+
| g2        | 12    | BUFGCE/O        | None       |          53 |               1 | 52 |           0 |    0 |    0 |   0 |  0 |    0 |   1 |       0 | kv260_ispMipiRx_vcu_DP_i/clk_wiz_0/inst/clk_200M                                                                                                                                                                              |
| g3        | 23    | BUFGCE/O        | None       |           0 |               3 |  0 |           0 |    0 |    0 |   0 |  0 |    0 |   0 |       0 | kv260_ispMipiRx_vcu_DP_i/raspi_pipeline/raspi_pipeline/mipi_csi2_rx_subsyst_0/inst/phy/inst/inst/bd_3be0_phy_0_rx_support_i/rxbyteclkhs                                                                                       |
| g4        | 1     | BUFGCE/O        | None       |          10 |               0 | 10 |           0 |    0 |    0 |   0 |  0 |    0 |   0 |       0 | kv260_ispMipiRx_vcu_DP_i/raspi_pipeline/raspi_pipeline/mipi_csi2_rx_subsyst_0/inst/phy/inst/inst/bd_3be0_phy_0_rx_support_i/slave_rx.bd_3be0_phy_0_rx_hssio_i/inst/top_inst/clk_rst_top_inst/clk_scheme_inst/pll0_clkout0_out |
| g7+       | 8     | BUFG_PS/O       | None       |           0 |               0 |  0 |           0 |    0 |    0 |   0 |  0 |    0 |   0 |       0 | kv260_ispMipiRx_vcu_DP_i/PS_0/inst/pl_clk0                                                                                                                                                                                    |
| g8+       | 14    | BUFGCE/O        | None       |           0 |               0 |  0 |           0 |    0 |    0 |   0 |  0 |    0 |   0 |       0 | kv260_ispMipiRx_vcu_DP_i/proc_sys_reset_300MHz/U0/peripheral_aresetn[0]                                                                                                                                                       |
+-----------+-------+-----------------+------------+-------------+-----------------+----+-------------+------+------+-----+----+------+-----+---------+-------------------------------------------------------------------------------------------------------------------------------------------------------------------------------------------------------------------------------+
* Clock Loads column represents cell count of net connects that connect to a clock pin. Internal cell leaf pins are not considered
** Non-Clock Loads column represents cell count of non-clock pin loads
*** Columns FF, LUTRAM, RAMB through 'Hard IP' represents load cell counts
**** In Global Id column, sympbol '+' indicates that global clock was used only to route through the clock region.


