Copyright 1986-2022 Xilinx, Inc. All Rights Reserved.
----------------------------------------------------------------------------------------------------------------------------------------------------------------------------------------------------------------
| Tool Version     : Vivado v.2022.2 (lin64) Build 3671981 Fri Oct 14 04:59:54 MDT 2022
| Date             : Fri Mar  6 02:42:46 2026
| Host             : ubuntu running 64-bit Ubuntu 20.04.6 LTS
| Command          : report_power -file kv260_ispMipiRx_vcu_DP_wrapper_power_routed.rpt -pb kv260_ispMipiRx_vcu_DP_wrapper_power_summary_routed.pb -rpx kv260_ispMipiRx_vcu_DP_wrapper_power_routed.rpx
| Design           : kv260_ispMipiRx_vcu_DP_wrapper
| Device           : xck26-sfvc784-2LV-c
| Design State     : routed
| Grade            : commercial
| Process          : typical
| Characterization : Production
----------------------------------------------------------------------------------------------------------------------------------------------------------------------------------------------------------------

Power Report

Table of Contents
-----------------
1. Summary
1.1 On-Chip Components
1.2 Power Supply Summary
1.3 Confidence Level
2. Settings
2.1 Environment
2.2 Clock Constraints
3. Detailed Reports
3.1 By Hierarchy

1. Summary
----------

+--------------------------+--------------+
| Total On-Chip Power (W)  | 3.420        |
| Design Power Budget (W)  | Unspecified* |
| Power Budget Margin (W)  | NA           |
| Dynamic (W)              | 3.092        |
| Device Static (W)        | 0.328        |
| Effective TJA (C/W)      | 2.3          |
| Max Ambient (C)          | 77.1         |
| Junction Temperature (C) | 32.9         |
| Confidence Level         | Low          |
| Setting File             | ---          |
| Simulation Activity File | ---          |
| Design Nets Matched      | NA           |
+--------------------------+--------------+
* Specify Design Power Budget using, set_operating_conditions -design_power_budget <value in Watts>


1.1 On-Chip Components
----------------------

+--------------------------+-----------+----------+-----------+-----------------+
| On-Chip                  | Power (W) | Used     | Available | Utilization (%) |
+--------------------------+-----------+----------+-----------+-----------------+
| Clocks                   |     0.104 |       13 |       --- |             --- |
| CLB Logic                |     0.056 |    64111 |       --- |             --- |
|   LUT as Logic           |     0.043 |    20810 |    117120 |           17.77 |
|   Register               |     0.005 |    32250 |    234240 |           13.77 |
|   LUT as Shift Register  |     0.005 |     1048 |     57600 |            1.82 |
|   CARRY8                 |     0.002 |      572 |     14640 |            3.91 |
|   LUT as Distributed RAM |    <0.001 |      344 |     57600 |            0.60 |
|   BUFG                   |    <0.001 |        5 |        32 |           15.63 |
|   Others                 |     0.000 |     2053 |       --- |             --- |
|   F7/F8 Muxes            |     0.000 |      257 |    117120 |            0.22 |
| Signals                  |     0.069 |    55321 |       --- |             --- |
| Block RAM                |     0.034 |     39.5 |       144 |           27.43 |
| URAM                     |     0.020 |        8 |        64 |           12.50 |
| MMCM                     |     0.099 |        0 |       --- |             --- |
| PLL                      |     0.062 |        1 |       --- |             --- |
| DSPs                     |     0.020 |       88 |      1248 |            7.05 |
| I/O                      |     0.039 |       12 |       189 |            6.35 |
| PS8                      |     2.576 |        1 |       --- |             --- |
| Hard IPs                 |     0.013 |        1 |       --- |             --- |
|   VCU                    |     0.013 |        1 |         1 |          100.00 |
| Static Power             |     0.328 |          |           |                 |
|   PS Static              |     0.000 |          |           |                 |
|   PL Static              |     0.328 |          |           |                 |
| Total                    |     3.420 |          |           |                 |
+--------------------------+-----------+----------+-----------+-----------------+


1.2 Power Supply Summary
------------------------

+-----------------+-------------+-----------+-------------+------------+-------------+-------------+------------+
| Source          | Voltage (V) | Total (A) | Dynamic (A) | Static (A) | Powerup (A) | Budget (A)  | Margin (A) |
+-----------------+-------------+-----------+-------------+------------+-------------+-------------+------------+
| Vccint          |       0.720 |     0.512 |       0.419 |      0.093 |       NA    | Unspecified | NA         |
| Vccint_io       |       0.850 |     0.044 |       0.007 |      0.037 |       NA    | Unspecified | NA         |
| Vccbram         |       0.850 |     0.005 |       0.004 |      0.002 |       NA    | Unspecified | NA         |
| Vccaux          |       1.800 |     0.164 |       0.089 |      0.075 |       NA    | Unspecified | NA         |
| Vccaux_io       |       1.800 |     0.037 |       0.006 |      0.031 |       NA    | Unspecified | NA         |
| Vcco33          |       3.300 |     0.013 |       0.006 |      0.007 |       NA    | Unspecified | NA         |
| Vcco25          |       2.500 |     0.000 |       0.000 |      0.000 |       NA    | Unspecified | NA         |
| Vcco18          |       1.800 |     0.000 |       0.000 |      0.000 |       NA    | Unspecified | NA         |
| Vcco15          |       1.500 |     0.000 |       0.000 |      0.000 |       NA    | Unspecified | NA         |
| Vcco135         |       1.350 |     0.000 |       0.000 |      0.000 |       NA    | Unspecified | NA         |
| Vcco12          |       1.200 |     0.001 |       0.001 |      0.000 |       NA    | Unspecified | NA         |
| Vcco10          |       1.000 |     0.000 |       0.000 |      0.000 |       NA    | Unspecified | NA         |
| Vccadc          |       1.800 |     0.008 |       0.000 |      0.008 |       NA    | Unspecified | NA         |
| VCC_PSINTFP     |       0.850 |     0.995 |       0.995 |      0.000 |       NA    | Unspecified | NA         |
| VCC_PSINTLP     |       0.850 |     0.251 |       0.251 |      0.000 |       NA    | Unspecified | NA         |
| VPS_MGTRAVCC    |       0.850 |     0.067 |       0.067 |      0.000 |       NA    | Unspecified | NA         |
| VCC_PSINTFP_DDR |       0.850 |     0.726 |       0.726 |      0.000 |       NA    | Unspecified | NA         |
| VCC_PSPLL       |       1.200 |     0.082 |       0.082 |      0.000 |       NA    | Unspecified | NA         |
| VPS_MGTRAVTT    |       1.800 |     0.025 |       0.025 |      0.000 |       NA    | Unspecified | NA         |
| VCCO_PSDDR_504  |       1.200 |     0.592 |       0.592 |      0.000 |       NA    | Unspecified | NA         |
| VCC_PSAUX       |       1.800 |     0.000 |       0.000 |      0.000 |       NA    | Unspecified | NA         |
| VCC_PSBATT      |       1.200 |     0.000 |       0.000 |      0.000 |       NA    | Unspecified | NA         |
| VCC_PSDDR_PLL   |       1.800 |     0.000 |       0.000 |      0.000 |       NA    | Unspecified | NA         |
| VCCO_PSIO0_500  |       1.800 |     0.000 |       0.000 |      0.000 |       NA    | Unspecified | NA         |
| VCCO_PSIO1_501  |       1.800 |     0.000 |       0.000 |      0.000 |       NA    | Unspecified | NA         |
| VCCO_PSIO2_502  |       1.800 |     0.000 |       0.000 |      0.000 |       NA    | Unspecified | NA         |
| VCCO_PSIO3_503  |       1.800 |     0.000 |       0.000 |      0.000 |       NA    | Unspecified | NA         |
| VCC_PSADC       |       1.800 |     0.000 |       0.000 |      0.000 |       NA    | Unspecified | NA         |
| MGTAVcc         |       0.900 |     0.000 |       0.000 |      0.000 |       NA    | Unspecified | NA         |
| MGTAVtt         |       1.200 |     0.000 |       0.000 |      0.000 |       NA    | Unspecified | NA         |
| MGTVccaux       |       1.800 |     0.000 |       0.000 |      0.000 |       NA    | Unspecified | NA         |
+-----------------+-------------+-----------+-------------+------------+-------------+-------------+------------+


1.3 Confidence Level
--------------------

+-----------------------------+------------+--------------------------------------------------------+------------------------------------------------------------------------------------------------------------+
| User Input Data             | Confidence | Details                                                | Action                                                                                                     |
+-----------------------------+------------+--------------------------------------------------------+------------------------------------------------------------------------------------------------------------+
| Design implementation state | High       | Design is routed                                       |                                                                                                            |
| Clock nodes activity        | High       | User specified more than 95% of clocks                 |                                                                                                            |
| I/O nodes activity          | Low        | More than 75% of inputs are missing user specification | Provide missing input activity with simulation results or by editing the "By Resource Type -> I/Os" view   |
| Internal nodes activity     | Medium     | User specified less than 25% of internal nodes         | Provide missing internal nodes activity with simulation results or by editing the "By Resource Type" views |
| Device models               | High       | Device models are Production                           |                                                                                                            |
|                             |            |                                                        |                                                                                                            |
| Overall confidence level    | Low        |                                                        |                                                                                                            |
+-----------------------------+------------+--------------------------------------------------------+------------------------------------------------------------------------------------------------------------+


2. Settings
-----------

2.1 Environment
---------------

+-----------------------+--------------------------+
| Ambient Temp (C)      | 25.0                     |
| ThetaJA (C/W)         | 2.3                      |
| Airflow (LFM)         | 250                      |
| Heat Sink             | medium (Medium Profile)  |
| ThetaSA (C/W)         | 5.5                      |
| Board Selection       | medium (10"x10")         |
| # of Board Layers     | 12to15 (12 to 15 Layers) |
| Board Temperature (C) | 25.0                     |
+-----------------------+--------------------------+


2.2 Clock Constraints
---------------------

+----------------------------------------------+---------------------------------------------------------------------------------------------------------------------------------------------------------------------------------------------------------------------------------------------+-----------------+
| Clock                                        | Domain                                                                                                                                                                                                                                      | Constraint (ns) |
+----------------------------------------------+---------------------------------------------------------------------------------------------------------------------------------------------------------------------------------------------------------------------------------------------+-----------------+
| GEN_PLL_IN_IP_USP.pll0_clkout0               | kv260_ispMipiRx_vcu_DP_i/raspi_pipeline/raspi_pipeline/mipi_csi2_rx_subsyst_0/inst/phy/inst/inst/bd_3be0_phy_0_rx_support_i/slave_rx.bd_3be0_phy_0_rx_hssio_i/inst/top_inst/clk_rst_top_inst/clk_scheme_inst/GEN_PLL_IN_IP_USP.pll0_clkout0 |             5.3 |
| clk_100M_kv260_ispMipiRx_vcu_DP_clk_wiz_0_0  | kv260_ispMipiRx_vcu_DP_i/clk_wiz_0/inst/clk_100M_kv260_ispMipiRx_vcu_DP_clk_wiz_0_0                                                                                                                                                         |            10.0 |
| clk_200M_kv260_ispMipiRx_vcu_DP_clk_wiz_0_0  | kv260_ispMipiRx_vcu_DP_i/clk_wiz_0/inst/clk_200M_kv260_ispMipiRx_vcu_DP_clk_wiz_0_0                                                                                                                                                         |             5.0 |
| clk_50M_kv260_ispMipiRx_vcu_DP_clk_wiz_0_0   | kv260_ispMipiRx_vcu_DP_i/clk_wiz_0/inst/clk_50M_kv260_ispMipiRx_vcu_DP_clk_wiz_0_0                                                                                                                                                          |            20.0 |
| clk_pl_0                                     | kv260_ispMipiRx_vcu_DP_i/PS_0/inst/pl_clk_unbuffered[0]                                                                                                                                                                                     |            10.0 |
| clkoutphy_out                                | kv260_ispMipiRx_vcu_DP_i/raspi_pipeline/raspi_pipeline/mipi_csi2_rx_subsyst_0/inst/phy/inst/inst/bd_3be0_phy_0_rx_support_i/slave_rx.bd_3be0_phy_0_rx_hssio_i/inst/top_inst/clk_rst_top_inst/clk_scheme_inst/shared_pll0_clkoutphy_out      |             0.7 |
| clkoutphy_out_DIV                            | kv260_ispMipiRx_vcu_DP_i/raspi_pipeline/raspi_pipeline/mipi_csi2_rx_subsyst_0/inst/phy/inst/inst/bd_3be0_phy_0_rx_support_i/slave_rx.bd_3be0_phy_0_rx_hssio_i/inst/top_inst/bs_ctrl_top_inst/rx_bs26_tx_bit_ctrl_in[26]                     |             5.3 |
| clkv_200M_kv260_ispMipiRx_vcu_DP_clk_wiz_0_0 | kv260_ispMipiRx_vcu_DP_i/clk_wiz_0/inst/clkv_200M_kv260_ispMipiRx_vcu_DP_clk_wiz_0_0                                                                                                                                                        |             5.0 |
| mipi_phy_if_clk_p                            | mipi_phy_if_clk_p                                                                                                                                                                                                                           |             2.2 |
| mipi_phy_if_clk_p_FIFO_WRCLK_OUT             | kv260_ispMipiRx_vcu_DP_i/raspi_pipeline/raspi_pipeline/mipi_csi2_rx_subsyst_0/inst/phy/inst/inst/bd_3be0_phy_0_rx_support_i/slave_rx.bd_3be0_phy_0_rx_hssio_i/inst/top_inst/bs_top_inst/u_rx_bs/fifo_wr_clk_26                              |             8.8 |
+----------------------------------------------+---------------------------------------------------------------------------------------------------------------------------------------------------------------------------------------------------------------------------------------------+-----------------+


3. Detailed Reports
-------------------

3.1 By Hierarchy
----------------

+--------------------------------+-----------+
| Name                           | Power (W) |
+--------------------------------+-----------+
| kv260_ispMipiRx_vcu_DP_wrapper |     3.092 |
|   kv260_ispMipiRx_vcu_DP_i     |     3.066 |
|     PS_0                       |     2.583 |
|       inst                     |     2.583 |
|     axi_ic_ctrl_100            |     0.005 |
|       s00_couplers             |     0.004 |
|     axi_ic_ctrl_300            |     0.006 |
|       s00_couplers             |     0.005 |
|       xbar                     |     0.001 |
|     axi_iic_0                  |     0.001 |
|       U0                       |     0.001 |
|     clk_wiz_0                  |     0.100 |
|       inst                     |     0.100 |
|     raspi_pipeline             |     0.287 |
|       raspi_pipeline           |     0.287 |
|     vcu                        |     0.084 |
|       axi_ic_vcu_dec           |     0.020 |
|       axi_ic_vcu_enc           |     0.016 |
|       vcu_0                    |     0.048 |
+--------------------------------+-----------+


