

================================================================
== Vitis HLS Report for 'AWBNormalization_17_17_1080_1920_1_1_1024_3_3_s'
================================================================
* Date:           Thu Mar  5 08:43:08 2026

* Version:        2022.2 (Build 3670227 on Oct 13 2022)
* Project:        isppipeline.prj
* Solution:       sol1 (Vivado IP Flow Target)
* Product family: zynquplus
* Target device:  xck26-sfvc784-2LV-c


================================================================
== Performance Estimates
================================================================
+ Timing: 
    * Summary: 
    +--------+---------+----------+------------+
    |  Clock |  Target | Estimated| Uncertainty|
    +--------+---------+----------+------------+
    |ap_clk  |  3.30 ns|  2.365 ns|     0.89 ns|
    +--------+---------+----------+------------+

+ Latency: 
    * Summary: 
    +---------+---------+----------+----------+---------+---------+---------+
    |  Latency (cycles) |  Latency (absolute) |      Interval     | Pipeline|
    |   min   |   max   |    min   |    max   |   min   |   max   |   Type  |
    +---------+---------+----------+----------+---------+---------+---------+
    |  2090126|  2090228|  6.897 ms|  6.898 ms|  2090126|  2090228|       no|
    +---------+---------+----------+----------+---------+---------+---------+

    + Detail: 
        * Instance: 
        +--------------------------------------------------------------------+----------------------------------------------------------+---------+---------+----------+----------+---------+---------+---------+
        |                                                                    |                                                          |  Latency (cycles) |  Latency (absolute) |      Interval     | Pipeline|
        |                              Instance                              |                          Module                          |   min   |   max   |    min   |    max   |   min   |   max   |   Type  |
        +--------------------------------------------------------------------+----------------------------------------------------------+---------+---------+----------+----------+---------+---------+---------+
        |grp_AWBNormalizationkernel_17_17_1080_1920_1_3_3_21_1_1024_s_fu_50  |AWBNormalizationkernel_17_17_1080_1920_1_3_3_21_1_1024_s  |  2090125|  2090227|  6.897 ms|  6.898 ms|  2090125|  2090227|       no|
        +--------------------------------------------------------------------+----------------------------------------------------------+---------+---------+----------+----------+---------+---------+---------+

        * Loop: 
        N/A



================================================================
== Utilization Estimates
================================================================
* Summary: 
+-----------------+---------+------+--------+--------+-----+
|       Name      | BRAM_18K|  DSP |   FF   |   LUT  | URAM|
+-----------------+---------+------+--------+--------+-----+
|DSP              |        -|     -|       -|       -|    -|
|Expression       |        -|     -|       0|       2|    -|
|FIFO             |        -|     -|       -|       -|    -|
|Instance         |        -|    25|    4529|    4401|    -|
|Memory           |        -|     -|       -|       -|    -|
|Multiplexer      |        -|     -|       -|      41|    -|
|Register         |        -|     -|       4|       -|    -|
+-----------------+---------+------+--------+--------+-----+
|Total            |        0|    25|    4533|    4444|    0|
+-----------------+---------+------+--------+--------+-----+
|Available        |      288|  1248|  234240|  117120|   64|
+-----------------+---------+------+--------+--------+-----+
|Utilization (%)  |        0|     2|       1|       3|    0|
+-----------------+---------+------+--------+--------+-----+

+ Detail: 
    * Instance: 
    +--------------------------------------------------------------------+----------------------------------------------------------+---------+----+------+------+-----+
    |                              Instance                              |                          Module                          | BRAM_18K| DSP|  FF  |  LUT | URAM|
    +--------------------------------------------------------------------+----------------------------------------------------------+---------+----+------+------+-----+
    |grp_AWBNormalizationkernel_17_17_1080_1920_1_3_3_21_1_1024_s_fu_50  |AWBNormalizationkernel_17_17_1080_1920_1_3_3_21_1_1024_s  |        0|  25|  4529|  4401|    0|
    +--------------------------------------------------------------------+----------------------------------------------------------+---------+----+------+------+-----+
    |Total                                                               |                                                          |        0|  25|  4529|  4401|    0|
    +--------------------------------------------------------------------+----------------------------------------------------------+---------+----+------+------+-----+

    * DSP: 
    N/A

    * Memory: 
    N/A

    * FIFO: 
    N/A

    * Expression: 
    +-----------------+----------+----+---+----+------------+------------+
    |  Variable Name  | Operation| DSP| FF| LUT| Bitwidth P0| Bitwidth P1|
    +-----------------+----------+----+---+----+------------+------------+
    |ap_block_state1  |        or|   0|  0|   2|           1|           1|
    +-----------------+----------+----+---+----+------------+------------+
    |Total            |          |   0|  0|   2|           1|           1|
    +-----------------+----------+----+---+----+------------+------------+

    * Multiplexer: 
    +----------------------+----+-----------+-----+-----------+
    |         Name         | LUT| Input Size| Bits| Total Bits|
    +----------------------+----+-----------+-----+-----------+
    |ap_NS_fsm             |  14|          3|    1|          3|
    |ap_done               |   9|          2|    1|          2|
    |impop_data1_read      |   9|          2|    1|          2|
    |ltm_in_data217_write  |   9|          2|    1|          2|
    +----------------------+----+-----------+-----+-----------+
    |Total                 |  41|          9|    4|          9|
    +----------------------+----+-----------+-----+-----------+

    * Register: 
    +---------------------------------------------------------------------------------+---+----+-----+-----------+
    |                                       Name                                      | FF| LUT| Bits| Const Bits|
    +---------------------------------------------------------------------------------+---+----+-----+-----------+
    |ap_CS_fsm                                                                        |  2|   0|    2|          0|
    |ap_done_reg                                                                      |  1|   0|    1|          0|
    |grp_AWBNormalizationkernel_17_17_1080_1920_1_3_3_21_1_1024_s_fu_50_ap_start_reg  |  1|   0|    1|          0|
    +---------------------------------------------------------------------------------+---+----+-----+-----------+
    |Total                                                                            |  4|   0|    4|          0|
    +---------------------------------------------------------------------------------+---+----+-----+-----------+



================================================================
== Interface
================================================================
* Summary: 
+-------------------------------+-----+-----+------------+--------------------------------------------------------+--------------+
|           RTL Ports           | Dir | Bits|  Protocol  |                      Source Object                     |    C Type    |
+-------------------------------+-----+-----+------------+--------------------------------------------------------+--------------+
|ap_clk                         |   in|    1|  ap_ctrl_hs|  AWBNormalization<17, 17, 1080, 1920, 1, 1, 1024, 3, 3>|  return value|
|ap_rst                         |   in|    1|  ap_ctrl_hs|  AWBNormalization<17, 17, 1080, 1920, 1, 1, 1024, 3, 3>|  return value|
|ap_start                       |   in|    1|  ap_ctrl_hs|  AWBNormalization<17, 17, 1080, 1920, 1, 1, 1024, 3, 3>|  return value|
|ap_done                        |  out|    1|  ap_ctrl_hs|  AWBNormalization<17, 17, 1080, 1920, 1, 1, 1024, 3, 3>|  return value|
|ap_continue                    |   in|    1|  ap_ctrl_hs|  AWBNormalization<17, 17, 1080, 1920, 1, 1, 1024, 3, 3>|  return value|
|ap_idle                        |  out|    1|  ap_ctrl_hs|  AWBNormalization<17, 17, 1080, 1920, 1, 1, 1024, 3, 3>|  return value|
|ap_ready                       |  out|    1|  ap_ctrl_hs|  AWBNormalization<17, 17, 1080, 1920, 1, 1, 1024, 3, 3>|  return value|
|impop_data1_dout               |   in|   30|     ap_fifo|                                             impop_data1|       pointer|
|impop_data1_num_data_valid     |   in|    3|     ap_fifo|                                             impop_data1|       pointer|
|impop_data1_fifo_cap           |   in|    3|     ap_fifo|                                             impop_data1|       pointer|
|impop_data1_empty_n            |   in|    1|     ap_fifo|                                             impop_data1|       pointer|
|impop_data1_read               |  out|    1|     ap_fifo|                                             impop_data1|       pointer|
|p_read                         |   in|   16|     ap_none|                                                  p_read|        scalar|
|p_read1                        |   in|   16|     ap_none|                                                 p_read1|        scalar|
|ltm_in_data217_din             |  out|   30|     ap_fifo|                                          ltm_in_data217|       pointer|
|ltm_in_data217_num_data_valid  |   in|    3|     ap_fifo|                                          ltm_in_data217|       pointer|
|ltm_in_data217_fifo_cap        |   in|    3|     ap_fifo|                                          ltm_in_data217|       pointer|
|ltm_in_data217_full_n          |   in|    1|     ap_fifo|                                          ltm_in_data217|       pointer|
|ltm_in_data217_write           |  out|    1|     ap_fifo|                                          ltm_in_data217|       pointer|
|histogram_0_address0           |  out|   10|   ap_memory|                                             histogram_0|         array|
|histogram_0_ce0                |  out|    1|   ap_memory|                                             histogram_0|         array|
|histogram_0_q0                 |   in|   32|   ap_memory|                                             histogram_0|         array|
|histogram_1_address0           |  out|   10|   ap_memory|                                             histogram_1|         array|
|histogram_1_ce0                |  out|    1|   ap_memory|                                             histogram_1|         array|
|histogram_1_q0                 |   in|   32|   ap_memory|                                             histogram_1|         array|
|histogram_2_address0           |  out|   10|   ap_memory|                                             histogram_2|         array|
|histogram_2_ce0                |  out|    1|   ap_memory|                                             histogram_2|         array|
|histogram_2_q0                 |   in|   32|   ap_memory|                                             histogram_2|         array|
|thresh                         |   in|   32|     ap_none|                                                  thresh|        scalar|
+-------------------------------+-----+-----+------------+--------------------------------------------------------+--------------+

