

================================================================
== Vitis HLS Report for 'AXIVideo2BayerMat_13_1080_1920_1_3_s'
================================================================
* Date:           Thu Mar  5 08:43:03 2026

* Version:        2022.2 (Build 3670227 on Oct 13 2022)
* Project:        isppipeline.prj
* Solution:       sol1 (Vivado IP Flow Target)
* Product family: zynquplus
* Target device:  xck26-sfvc784-2LV-c


================================================================
== Performance Estimates
================================================================
+ Timing: 
    * Summary: 
    +--------+---------+----------+------------+
    |  Clock |  Target | Estimated| Uncertainty|
    +--------+---------+----------+------------+
    |ap_clk  |  3.30 ns|  2.409 ns|     0.89 ns|
    +--------+---------+----------+------------+

+ Latency: 
    * Summary: 
    +---------+---------+-----------+----------+-----+---------+---------+
    |  Latency (cycles) |  Latency (absolute)  |    Interval   | Pipeline|
    |   min   |   max   |    min    |    max   | min |   max   |   Type  |
    +---------+---------+-----------+----------+-----+---------+---------+
    |        7|  2085487|  23.100 ns|  6.882 ms|    7|  2085487|       no|
    +---------+---------+-----------+----------+-----+---------+---------+

    + Detail: 
        * Instance: 
        +-------------------------------------------------------------------------+--------------------------------------------------------------+---------+---------+----------+----------+-----+------+---------+
        |                                                                         |                                                              |  Latency (cycles) |  Latency (absolute) |  Interval  | Pipeline|
        |                                 Instance                                |                            Module                            |   min   |   max   |    min   |    max   | min |  max |   Type  |
        +-------------------------------------------------------------------------+--------------------------------------------------------------+---------+---------+----------+----------+-----+------+---------+
        |grp_AXIVideo2BayerMat_13_1080_1920_1_3_Pipeline_loop_start_hunt_fu_185   |AXIVideo2BayerMat_13_1080_1920_1_3_Pipeline_loop_start_hunt   |        2|        2|  6.600 ns|  6.600 ns|    2|     2|       no|
        |grp_AXIVideo2BayerMat_13_1080_1920_1_3_Pipeline_loop_col_zxi2mat_fu_205  |AXIVideo2BayerMat_13_1080_1920_1_3_Pipeline_loop_col_zxi2mat  |        3|     1922|  9.900 ns|  6.343 us|    3|  1922|       no|
        |grp_AXIVideo2BayerMat_13_1080_1920_1_3_Pipeline_loop_last_hunt_fu_232    |AXIVideo2BayerMat_13_1080_1920_1_3_Pipeline_loop_last_hunt    |        2|        2|  6.600 ns|  6.600 ns|    2|     2|       no|
        +-------------------------------------------------------------------------+--------------------------------------------------------------+---------+---------+----------+----------+-----+------+---------+

        * Loop: 
        +--------------------+---------+---------+----------+-----------+-----------+----------+----------+
        |                    |  Latency (cycles) | Iteration|  Initiation Interval  |   Trip   |          |
        |      Loop Name     |   min   |   max   |  Latency |  achieved |   target  |   Count  | Pipelined|
        +--------------------+---------+---------+----------+-----------+-----------+----------+----------+
        |- loop_row_axi2mat  |        1|  2085481|  8 ~ 1931|          -|          -|  0 ~ 1080|        no|
        +--------------------+---------+---------+----------+-----------+-----------+----------+----------+



================================================================
== Utilization Estimates
================================================================
* Summary: 
+-----------------+---------+------+--------+--------+-----+
|       Name      | BRAM_18K|  DSP |   FF   |   LUT  | URAM|
+-----------------+---------+------+--------+--------+-----+
|DSP              |        -|     -|       -|       -|    -|
|Expression       |        -|     -|       0|      51|    -|
|FIFO             |        -|     -|       -|       -|    -|
|Instance         |        -|     -|      45|     244|    -|
|Memory           |        -|     -|       -|       -|    -|
|Multiplexer      |        -|     -|       -|     184|    -|
|Register         |        -|     -|      87|       -|    -|
+-----------------+---------+------+--------+--------+-----+
|Total            |        0|     0|     132|     479|    0|
+-----------------+---------+------+--------+--------+-----+
|Available        |      288|  1248|  234240|  117120|   64|
+-----------------+---------+------+--------+--------+-----+
|Utilization (%)  |        0|     0|      ~0|      ~0|    0|
+-----------------+---------+------+--------+--------+-----+

+ Detail: 
    * Instance: 
    +-------------------------------------------------------------------------+--------------------------------------------------------------+---------+----+----+-----+-----+
    |                                 Instance                                |                            Module                            | BRAM_18K| DSP| FF | LUT | URAM|
    +-------------------------------------------------------------------------+--------------------------------------------------------------+---------+----+----+-----+-----+
    |grp_AXIVideo2BayerMat_13_1080_1920_1_3_Pipeline_loop_col_zxi2mat_fu_205  |AXIVideo2BayerMat_13_1080_1920_1_3_Pipeline_loop_col_zxi2mat  |        0|   0|  38|  158|    0|
    |grp_AXIVideo2BayerMat_13_1080_1920_1_3_Pipeline_loop_last_hunt_fu_232    |AXIVideo2BayerMat_13_1080_1920_1_3_Pipeline_loop_last_hunt    |        0|   0|   4|   52|    0|
    |grp_AXIVideo2BayerMat_13_1080_1920_1_3_Pipeline_loop_start_hunt_fu_185   |AXIVideo2BayerMat_13_1080_1920_1_3_Pipeline_loop_start_hunt   |        0|   0|   3|   34|    0|
    +-------------------------------------------------------------------------+--------------------------------------------------------------+---------+----+----+-----+-----+
    |Total                                                                    |                                                              |        0|   0|  45|  244|    0|
    +-------------------------------------------------------------------------+--------------------------------------------------------------+---------+----+----+-----+-----+

    * DSP: 
    N/A

    * Memory: 
    N/A

    * FIFO: 
    N/A

    * Expression: 
    +---------------------+----------+----+---+----+------------+------------+
    |    Variable Name    | Operation| DSP| FF| LUT| Bitwidth P0| Bitwidth P1|
    +---------------------+----------+----+---+----+------------+------------+
    |i_8_fu_284_p2        |         +|   0|  0|  23|          16|           1|
    |cmp41_fu_271_p2      |      icmp|   0|  0|  13|          16|           1|
    |icmp_ln61_fu_279_p2  |      icmp|   0|  0|  13|          16|          16|
    |ap_block_state1      |        or|   0|  0|   2|           1|           1|
    +---------------------+----------+----+---+----+------------+------------+
    |Total                |          |   0|  0|  51|          49|          19|
    +---------------------+----------+----+---+----+------------+------------+

    * Multiplexer: 
    +--------------------------+----+-----------+-----+-----------+
    |           Name           | LUT| Input Size| Bits| Total Bits|
    +--------------------------+----+-----------+-----+-----------+
    |ap_NS_fsm                 |  65|         12|    1|         12|
    |ap_done                   |   9|          2|    1|          2|
    |axi_data_2_lcssa_reg_163  |   9|          2|   16|         32|
    |axi_data_V_2_fu_90        |   9|          2|   16|         32|
    |axi_last_2_lcssa_reg_152  |   9|          2|    1|          2|
    |axi_last_V_2_reg_142      |   9|          2|    1|          2|
    |i_fu_86                   |   9|          2|   16|         32|
    |imgInput1_cols_c_blk_n    |   9|          2|    1|          2|
    |imgInput1_data213_write   |   9|          2|    1|          2|
    |imgInput1_rows_c_blk_n    |   9|          2|    1|          2|
    |last_0_lcssa_reg_173      |   9|          2|    1|          2|
    |real_start                |   9|          2|    1|          2|
    |s_axis_video_TREADY       |  20|          4|    1|          4|
    +--------------------------+----+-----------+-----+-----------+
    |Total                     | 184|         38|   58|        128|
    +--------------------------+----+-----------+-----+-----------+

    * Register: 
    +--------------------------------------------------------------------------------------+----+----+-----+-----------+
    |                                         Name                                         | FF | LUT| Bits| Const Bits|
    +--------------------------------------------------------------------------------------+----+----+-----+-----------+
    |ap_CS_fsm                                                                             |  11|   0|   11|          0|
    |ap_done_reg                                                                           |   1|   0|    1|          0|
    |axi_data_2_lcssa_reg_163                                                              |  16|   0|   16|          0|
    |axi_data_V_2_fu_90                                                                    |  16|   0|   16|          0|
    |axi_last_2_lcssa_reg_152                                                              |   1|   0|    1|          0|
    |axi_last_V_2_reg_142                                                                  |   1|   0|    1|          0|
    |axi_last_V_4_loc_fu_98                                                                |   1|   0|    1|          0|
    |cmp41_reg_375                                                                         |   1|   0|    1|          0|
    |grp_AXIVideo2BayerMat_13_1080_1920_1_3_Pipeline_loop_col_zxi2mat_fu_205_ap_start_reg  |   1|   0|    1|          0|
    |grp_AXIVideo2BayerMat_13_1080_1920_1_3_Pipeline_loop_last_hunt_fu_232_ap_start_reg    |   1|   0|    1|          0|
    |grp_AXIVideo2BayerMat_13_1080_1920_1_3_Pipeline_loop_start_hunt_fu_185_ap_start_reg   |   1|   0|    1|          0|
    |i_8_reg_383                                                                           |  16|   0|   16|          0|
    |i_fu_86                                                                               |  16|   0|   16|          0|
    |icmp_ln61_reg_379                                                                     |   1|   0|    1|          0|
    |last_0_lcssa_reg_173                                                                  |   1|   0|    1|          0|
    |start_fu_94                                                                           |   1|   0|    1|          0|
    |start_once_reg                                                                        |   1|   0|    1|          0|
    +--------------------------------------------------------------------------------------+----+----+-----+-----------+
    |Total                                                                                 |  87|   0|   87|          0|
    +--------------------------------------------------------------------------------------+----+----+-----+-----------+



================================================================
== Interface
================================================================
* Summary: 
+----------------------------------+-----+-----+------------+-----------------------------------------+--------------+
|             RTL Ports            | Dir | Bits|  Protocol  |              Source Object              |    C Type    |
+----------------------------------+-----+-----+------------+-----------------------------------------+--------------+
|ap_clk                            |   in|    1|  ap_ctrl_hs|  AXIVideo2BayerMat<13, 1080, 1920, 1, 3>|  return value|
|ap_rst                            |   in|    1|  ap_ctrl_hs|  AXIVideo2BayerMat<13, 1080, 1920, 1, 3>|  return value|
|ap_start                          |   in|    1|  ap_ctrl_hs|  AXIVideo2BayerMat<13, 1080, 1920, 1, 3>|  return value|
|start_full_n                      |   in|    1|  ap_ctrl_hs|  AXIVideo2BayerMat<13, 1080, 1920, 1, 3>|  return value|
|ap_done                           |  out|    1|  ap_ctrl_hs|  AXIVideo2BayerMat<13, 1080, 1920, 1, 3>|  return value|
|ap_continue                       |   in|    1|  ap_ctrl_hs|  AXIVideo2BayerMat<13, 1080, 1920, 1, 3>|  return value|
|ap_idle                           |  out|    1|  ap_ctrl_hs|  AXIVideo2BayerMat<13, 1080, 1920, 1, 3>|  return value|
|ap_ready                          |  out|    1|  ap_ctrl_hs|  AXIVideo2BayerMat<13, 1080, 1920, 1, 3>|  return value|
|start_out                         |  out|    1|  ap_ctrl_hs|  AXIVideo2BayerMat<13, 1080, 1920, 1, 3>|  return value|
|start_write                       |  out|    1|  ap_ctrl_hs|  AXIVideo2BayerMat<13, 1080, 1920, 1, 3>|  return value|
|s_axis_video_TDATA                |   in|   16|        axis|                    s_axis_video_V_data_V|       pointer|
|s_axis_video_TVALID               |   in|    1|        axis|                    s_axis_video_V_dest_V|       pointer|
|s_axis_video_TREADY               |  out|    1|        axis|                    s_axis_video_V_dest_V|       pointer|
|s_axis_video_TDEST                |   in|    1|        axis|                    s_axis_video_V_dest_V|       pointer|
|s_axis_video_TKEEP                |   in|    2|        axis|                    s_axis_video_V_keep_V|       pointer|
|s_axis_video_TSTRB                |   in|    2|        axis|                    s_axis_video_V_strb_V|       pointer|
|s_axis_video_TUSER                |   in|    1|        axis|                    s_axis_video_V_user_V|       pointer|
|s_axis_video_TLAST                |   in|    1|        axis|                    s_axis_video_V_last_V|       pointer|
|s_axis_video_TID                  |   in|    1|        axis|                      s_axis_video_V_id_V|       pointer|
|p_read                            |   in|   16|     ap_none|                                   p_read|        scalar|
|p_read1                           |   in|   16|     ap_none|                                  p_read1|        scalar|
|imgInput1_data213_din             |  out|   10|     ap_fifo|                        imgInput1_data213|       pointer|
|imgInput1_data213_num_data_valid  |   in|    3|     ap_fifo|                        imgInput1_data213|       pointer|
|imgInput1_data213_fifo_cap        |   in|    3|     ap_fifo|                        imgInput1_data213|       pointer|
|imgInput1_data213_full_n          |   in|    1|     ap_fifo|                        imgInput1_data213|       pointer|
|imgInput1_data213_write           |  out|    1|     ap_fifo|                        imgInput1_data213|       pointer|
|imgInput1_rows_c_din              |  out|   16|     ap_fifo|                         imgInput1_rows_c|       pointer|
|imgInput1_rows_c_num_data_valid   |   in|    2|     ap_fifo|                         imgInput1_rows_c|       pointer|
|imgInput1_rows_c_fifo_cap         |   in|    2|     ap_fifo|                         imgInput1_rows_c|       pointer|
|imgInput1_rows_c_full_n           |   in|    1|     ap_fifo|                         imgInput1_rows_c|       pointer|
|imgInput1_rows_c_write            |  out|    1|     ap_fifo|                         imgInput1_rows_c|       pointer|
|imgInput1_cols_c_din              |  out|   16|     ap_fifo|                         imgInput1_cols_c|       pointer|
|imgInput1_cols_c_num_data_valid   |   in|    2|     ap_fifo|                         imgInput1_cols_c|       pointer|
|imgInput1_cols_c_fifo_cap         |   in|    2|     ap_fifo|                         imgInput1_cols_c|       pointer|
|imgInput1_cols_c_full_n           |   in|    1|     ap_fifo|                         imgInput1_cols_c|       pointer|
|imgInput1_cols_c_write            |  out|    1|     ap_fifo|                         imgInput1_cols_c|       pointer|
+----------------------------------+-----+-----+------------+-----------------------------------------+--------------+

