

================================================================
== Vitis HLS Report for 'blackLevelCorrection_Pipeline_VITIS_LOOP_93_1'
================================================================
* Date:           Thu Mar  5 08:43:04 2026

* Version:        2022.2 (Build 3670227 on Oct 13 2022)
* Project:        isppipeline.prj
* Solution:       sol1 (Vivado IP Flow Target)
* Product family: zynquplus
* Target device:  xck26-sfvc784-2LV-c


================================================================
== Performance Estimates
================================================================
+ Timing: 
    * Summary: 
    +--------+---------+----------+------------+
    |  Clock |  Target | Estimated| Uncertainty|
    +--------+---------+----------+------------+
    |ap_clk  |  3.30 ns|  1.957 ns|     0.89 ns|
    +--------+---------+----------+------------+

+ Latency: 
    * Summary: 
    +---------+---------+----------+----------+---------+---------+---------+
    |  Latency (cycles) |  Latency (absolute) |      Interval     | Pipeline|
    |   min   |   max   |    min   |    max   |   min   |   max   |   Type  |
    +---------+---------+----------+----------+---------+---------+---------+
    |  2073607|  2073607|  6.843 ms|  6.843 ms|  2073607|  2073607|       no|
    +---------+---------+----------+----------+---------+---------+---------+

    + Detail: 
        * Instance: 
        N/A

        * Loop: 
        +-------------------+---------+---------+----------+-----------+-----------+---------+----------+
        |                   |  Latency (cycles) | Iteration|  Initiation Interval  |   Trip  |          |
        |     Loop Name     |   min   |   max   |  Latency |  achieved |   target  |  Count  | Pipelined|
        +-------------------+---------+---------+----------+-----------+-----------+---------+----------+
        |- VITIS_LOOP_93_1  |  2073605|  2073605|         7|          1|          1|  2073600|       yes|
        +-------------------+---------+---------+----------+-----------+-----------+---------+----------+



================================================================
== Utilization Estimates
================================================================
* Summary: 
+-----------------+---------+------+--------+--------+-----+
|       Name      | BRAM_18K|  DSP |   FF   |   LUT  | URAM|
+-----------------+---------+------+--------+--------+-----+
|DSP              |        -|     1|       -|       -|    -|
|Expression       |        -|     -|       0|     109|    -|
|FIFO             |        -|     -|       -|       -|    -|
|Instance         |        -|     -|       -|       -|    -|
|Memory           |        -|     -|       -|       -|    -|
|Multiplexer      |        -|     -|       -|      54|    -|
|Register         |        -|     -|     130|      32|    -|
+-----------------+---------+------+--------+--------+-----+
|Total            |        0|     1|     130|     195|    0|
+-----------------+---------+------+--------+--------+-----+
|Available        |      288|  1248|  234240|  117120|   64|
+-----------------+---------+------+--------+--------+-----+
|Utilization (%)  |        0|    ~0|      ~0|      ~0|    0|
+-----------------+---------+------+--------+--------+-----+

+ Detail: 
    * Instance: 
    N/A

    * DSP: 
    +------------------------------+--------------------------+-----------+
    |           Instance           |          Module          | Expression|
    +------------------------------+--------------------------+-----------+
    |mul_mul_10ns_16ns_26_4_1_U59  |mul_mul_10ns_16ns_26_4_1  |    i0 * i1|
    +------------------------------+--------------------------+-----------+

    * Memory: 
    N/A

    * FIFO: 
    N/A

    * Expression: 
    +---------------------------+----------+----+---+----+------------+------------+
    |       Variable Name       | Operation| DSP| FF| LUT| Bitwidth P0| Bitwidth P1|
    +---------------------------+----------+----+---+----+------------+------------+
    |i_5_fu_97_p2               |         +|   0|  0|  39|          32|           1|
    |ret_V_fu_124_p2            |         +|   0|  0|  17|          10|           7|
    |icmp_ln1027_fu_118_p2      |      icmp|   0|  0|   9|           5|           1|
    |icmp_ln93_fu_91_p2         |      icmp|   0|  0|  20|          32|          32|
    |ap_block_pp0_stage0_01001  |        or|   0|  0|   2|           1|           1|
    |value_2_fu_142_p3          |    select|   0|  0|  10|           1|           1|
    |wr_val_V_fu_161_p3         |    select|   0|  0|  10|           1|           2|
    |ap_enable_pp0              |       xor|   0|  0|   2|           1|           2|
    +---------------------------+----------+----+---+----+------------+------------+
    |Total                      |          |   0|  0| 109|          83|          47|
    +---------------------------+----------+----+---+----+------------+------------+

    * Multiplexer: 
    +-------------------------+----+-----------+-----+-----------+
    |           Name          | LUT| Input Size| Bits| Total Bits|
    +-------------------------+----+-----------+-----+-----------+
    |ap_done_int              |   9|          2|    1|          2|
    |ap_enable_reg_pp0_iter1  |   9|          2|    1|          2|
    |ap_sig_allocacmp_i       |   9|          2|   32|         64|
    |i_4_fu_60                |   9|          2|   32|         64|
    |imgInput1_data213_blk_n  |   9|          2|    1|          2|
    |imgInput2_data214_blk_n  |   9|          2|    1|          2|
    +-------------------------+----+-----------+-----+-----------+
    |Total                    |  54|         12|   68|        136|
    +-------------------------+----+-----------+-----+-----------+

    * Register: 
    +----------------------------------+----+----+-----+-----------+
    |               Name               | FF | LUT| Bits| Const Bits|
    +----------------------------------+----+----+-----+-----------+
    |ap_CS_fsm                         |   1|   0|    1|          0|
    |ap_done_reg                       |   1|   0|    1|          0|
    |ap_enable_reg_pp0_iter1           |   1|   0|    1|          0|
    |ap_enable_reg_pp0_iter2           |   1|   0|    1|          0|
    |ap_enable_reg_pp0_iter3           |   1|   0|    1|          0|
    |ap_enable_reg_pp0_iter4           |   1|   0|    1|          0|
    |ap_enable_reg_pp0_iter5           |   1|   0|    1|          0|
    |ap_enable_reg_pp0_iter6           |   1|   0|    1|          0|
    |ap_loop_exit_ready_pp0_iter1_reg  |   1|   0|    1|          0|
    |ap_loop_exit_ready_pp0_iter2_reg  |   1|   0|    1|          0|
    |ap_loop_exit_ready_pp0_iter3_reg  |   1|   0|    1|          0|
    |ap_loop_exit_ready_pp0_iter4_reg  |   1|   0|    1|          0|
    |ap_loop_exit_ready_pp0_iter5_reg  |   1|   0|    1|          0|
    |i_4_fu_60                         |  32|   0|   32|          0|
    |icmp_ln1027_reg_192               |   1|   0|    1|          0|
    |rd_val_V_reg_187                  |  10|   0|   10|          0|
    |wr_val_V_reg_202                  |  10|   0|   10|          0|
    |icmp_ln1027_reg_192               |  64|  32|    1|          0|
    +----------------------------------+----+----+-----+-----------+
    |Total                             | 130|  32|   67|          0|
    +----------------------------------+----+----+-----+-----------+



================================================================
== Interface
================================================================
* Summary: 
+----------------------------------+-----+-----+------------+-----------------------------------------------+--------------+
|             RTL Ports            | Dir | Bits|  Protocol  |                 Source Object                 |    C Type    |
+----------------------------------+-----+-----+------------+-----------------------------------------------+--------------+
|ap_clk                            |   in|    1|  ap_ctrl_hs|  blackLevelCorrection_Pipeline_VITIS_LOOP_93_1|  return value|
|ap_rst                            |   in|    1|  ap_ctrl_hs|  blackLevelCorrection_Pipeline_VITIS_LOOP_93_1|  return value|
|ap_start                          |   in|    1|  ap_ctrl_hs|  blackLevelCorrection_Pipeline_VITIS_LOOP_93_1|  return value|
|ap_done                           |  out|    1|  ap_ctrl_hs|  blackLevelCorrection_Pipeline_VITIS_LOOP_93_1|  return value|
|ap_idle                           |  out|    1|  ap_ctrl_hs|  blackLevelCorrection_Pipeline_VITIS_LOOP_93_1|  return value|
|ap_ready                          |  out|    1|  ap_ctrl_hs|  blackLevelCorrection_Pipeline_VITIS_LOOP_93_1|  return value|
|imgInput1_data213_dout            |   in|   10|     ap_fifo|                              imgInput1_data213|       pointer|
|imgInput1_data213_num_data_valid  |   in|    3|     ap_fifo|                              imgInput1_data213|       pointer|
|imgInput1_data213_fifo_cap        |   in|    3|     ap_fifo|                              imgInput1_data213|       pointer|
|imgInput1_data213_empty_n         |   in|    1|     ap_fifo|                              imgInput1_data213|       pointer|
|imgInput1_data213_read            |  out|    1|     ap_fifo|                              imgInput1_data213|       pointer|
|imgInput2_data214_din             |  out|   10|     ap_fifo|                              imgInput2_data214|       pointer|
|imgInput2_data214_num_data_valid  |   in|    3|     ap_fifo|                              imgInput2_data214|       pointer|
|imgInput2_data214_fifo_cap        |   in|    3|     ap_fifo|                              imgInput2_data214|       pointer|
|imgInput2_data214_full_n          |   in|    1|     ap_fifo|                              imgInput2_data214|       pointer|
|imgInput2_data214_write           |  out|    1|     ap_fifo|                              imgInput2_data214|       pointer|
|LoopCount                         |   in|   32|     ap_none|                                      LoopCount|        scalar|
+----------------------------------+-----+-----+------------+-----------------------------------------------+--------------+

