

================================================================
== Vitis HLS Report for 'ColorMat2AXIvideo_9_1080_1920_1_3_s'
================================================================
* Date:           Thu Mar  5 08:43:11 2026

* Version:        2022.2 (Build 3670227 on Oct 13 2022)
* Project:        isppipeline.prj
* Solution:       sol1 (Vivado IP Flow Target)
* Product family: zynquplus
* Target device:  xck26-sfvc784-2LV-c


================================================================
== Performance Estimates
================================================================
+ Timing: 
    * Summary: 
    +--------+---------+----------+------------+
    |  Clock |  Target | Estimated| Uncertainty|
    +--------+---------+----------+------------+
    |ap_clk  |  3.30 ns|  2.306 ns|     0.89 ns|
    +--------+---------+----------+------------+

+ Latency: 
    * Summary: 
    +---------+---------+----------+----------+-----+---------+---------+
    |  Latency (cycles) |  Latency (absolute) |    Interval   | Pipeline|
    |   min   |   max   |    min   |    max   | min |   max   |   Type  |
    +---------+---------+----------+----------+-----+---------+---------+
    |        1|  2080081|  3.300 ns|  6.864 ms|    1|  2080081|       no|
    +---------+---------+----------+----------+-----+---------+---------+

    + Detail: 
        * Instance: 
        +-----------------------------------------------------------------------+-------------------------------------------------------------+---------+---------+-----------+----------+-----+------+---------+
        |                                                                       |                                                             |  Latency (cycles) |  Latency (absolute)  |  Interval  | Pipeline|
        |                                Instance                               |                            Module                           |   min   |   max   |    min    |    max   | min |  max |   Type  |
        +-----------------------------------------------------------------------+-------------------------------------------------------------+---------+---------+-----------+----------+-----+------+---------+
        |grp_ColorMat2AXIvideo_9_1080_1920_1_3_Pipeline_loop_col_mat2axi_fu_86  |ColorMat2AXIvideo_9_1080_1920_1_3_Pipeline_loop_col_mat2axi  |        4|     1923|  13.200 ns|  6.346 us|    4|  1923|       no|
        +-----------------------------------------------------------------------+-------------------------------------------------------------+---------+---------+-----------+----------+-----+------+---------+

        * Loop: 
        +--------------------+---------+---------+----------+-----------+-----------+----------+----------+
        |                    |  Latency (cycles) | Iteration|  Initiation Interval  |   Trip   |          |
        |      Loop Name     |   min   |   max   |  Latency |  achieved |   target  |   Count  | Pipelined|
        +--------------------+---------+---------+----------+-----------+-----------+----------+----------+
        |- loop_row_mat2axi  |        0|  2080080|  2 ~ 1926|          -|          -|  0 ~ 1080|        no|
        +--------------------+---------+---------+----------+-----------+-----------+----------+----------+



================================================================
== Utilization Estimates
================================================================
* Summary: 
+-----------------+---------+------+--------+--------+-----+
|       Name      | BRAM_18K|  DSP |   FF   |   LUT  | URAM|
+-----------------+---------+------+--------+--------+-----+
|DSP              |        -|     -|       -|       -|    -|
|Expression       |        -|     -|       0|      79|    -|
|FIFO             |        -|     -|       -|       -|    -|
|Instance         |        -|     -|      23|     124|    -|
|Memory           |        -|     -|       -|       -|    -|
|Multiplexer      |        -|     -|       -|      53|    -|
|Register         |        -|     -|      57|       -|    -|
+-----------------+---------+------+--------+--------+-----+
|Total            |        0|     0|      80|     256|    0|
+-----------------+---------+------+--------+--------+-----+
|Available        |      288|  1248|  234240|  117120|   64|
+-----------------+---------+------+--------+--------+-----+
|Utilization (%)  |        0|     0|      ~0|      ~0|    0|
+-----------------+---------+------+--------+--------+-----+

+ Detail: 
    * Instance: 
    +-----------------------------------------------------------------------+-------------------------------------------------------------+---------+----+----+-----+-----+
    |                                Instance                               |                            Module                           | BRAM_18K| DSP| FF | LUT | URAM|
    +-----------------------------------------------------------------------+-------------------------------------------------------------+---------+----+----+-----+-----+
    |grp_ColorMat2AXIvideo_9_1080_1920_1_3_Pipeline_loop_col_mat2axi_fu_86  |ColorMat2AXIvideo_9_1080_1920_1_3_Pipeline_loop_col_mat2axi  |        0|   0|  23|  124|    0|
    +-----------------------------------------------------------------------+-------------------------------------------------------------+---------+----+----+-----+-----+
    |Total                                                                  |                                                             |        0|   0|  23|  124|    0|
    +-----------------------------------------------------------------------+-------------------------------------------------------------+---------+----+----+-----+-----+

    * DSP: 
    N/A

    * Memory: 
    N/A

    * FIFO: 
    N/A

    * Expression: 
    +-------------------------------------------------------------------------------------------+----------+----+---+----+------------+------------+
    |                                       Variable Name                                       | Operation| DSP| FF| LUT| Bitwidth P0| Bitwidth P1|
    +-------------------------------------------------------------------------------------------+----------+----+---+----+------------+------------+
    |i_6_fu_143_p2                                                                              |         +|   0|  0|  23|          16|           1|
    |sub_fu_113_p2                                                                              |         +|   0|  0|  24|          17|           2|
    |ap_block_state4_on_subcall_done                                                            |       and|   0|  0|   2|           1|           1|
    |grp_ColorMat2AXIvideo_9_1080_1920_1_3_Pipeline_loop_col_mat2axi_fu_86_m_axis_video_TREADY  |       and|   0|  0|   2|           1|           1|
    |cmp45_fu_119_p2                                                                            |      icmp|   0|  0|  13|          16|           1|
    |icmp_ln120_fu_138_p2                                                                       |      icmp|   0|  0|  13|          16|          16|
    |ap_block_state1                                                                            |        or|   0|  0|   2|           1|           1|
    +-------------------------------------------------------------------------------------------+----------+----+---+----+------------+------------+
    |Total                                                                                      |          |   0|  0|  79|          68|          23|
    +-------------------------------------------------------------------------------------------+----------+----+---+----+------------+------------+

    * Multiplexer: 
    +--------------------+----+-----------+-----+-----------+
    |        Name        | LUT| Input Size| Bits| Total Bits|
    +--------------------+----+-----------+-----+-----------+
    |ap_NS_fsm           |  26|          5|    1|          5|
    |ap_done             |   9|          2|    1|          2|
    |i_5_fu_66           |   9|          2|   16|         32|
    |p_dst_data219_read  |   9|          2|    1|          2|
    +--------------------+----+-----------+-----+-----------+
    |Total               |  53|         11|   19|         41|
    +--------------------+----+-----------+-----+-----------+

    * Register: 
    +------------------------------------------------------------------------------------+----+----+-----+-----------+
    |                                        Name                                        | FF | LUT| Bits| Const Bits|
    +------------------------------------------------------------------------------------+----+----+-----+-----------+
    |ap_CS_fsm                                                                           |   4|   0|    4|          0|
    |ap_done_reg                                                                         |   1|   0|    1|          0|
    |cmp45_reg_191                                                                       |   1|   0|    1|          0|
    |grp_ColorMat2AXIvideo_9_1080_1920_1_3_Pipeline_loop_col_mat2axi_fu_86_ap_start_reg  |   1|   0|    1|          0|
    |i_5_fu_66                                                                           |  16|   0|   16|          0|
    |i_6_reg_198                                                                         |  16|   0|   16|          0|
    |sof_fu_70                                                                           |   1|   0|    1|          0|
    |sub_reg_186                                                                         |  17|   0|   17|          0|
    +------------------------------------------------------------------------------------+----+----+-----+-----------+
    |Total                                                                               |  57|   0|   57|          0|
    +------------------------------------------------------------------------------------+----+----+-----+-----------+



================================================================
== Interface
================================================================
* Summary: 
+------------------------------+-----+-----+------------+----------------------------------------+--------------+
|           RTL Ports          | Dir | Bits|  Protocol  |              Source Object             |    C Type    |
+------------------------------+-----+-----+------------+----------------------------------------+--------------+
|ap_clk                        |   in|    1|  ap_ctrl_hs|  ColorMat2AXIvideo<9, 1080, 1920, 1, 3>|  return value|
|ap_rst                        |   in|    1|  ap_ctrl_hs|  ColorMat2AXIvideo<9, 1080, 1920, 1, 3>|  return value|
|ap_start                      |   in|    1|  ap_ctrl_hs|  ColorMat2AXIvideo<9, 1080, 1920, 1, 3>|  return value|
|ap_done                       |  out|    1|  ap_ctrl_hs|  ColorMat2AXIvideo<9, 1080, 1920, 1, 3>|  return value|
|ap_continue                   |   in|    1|  ap_ctrl_hs|  ColorMat2AXIvideo<9, 1080, 1920, 1, 3>|  return value|
|ap_idle                       |  out|    1|  ap_ctrl_hs|  ColorMat2AXIvideo<9, 1080, 1920, 1, 3>|  return value|
|ap_ready                      |  out|    1|  ap_ctrl_hs|  ColorMat2AXIvideo<9, 1080, 1920, 1, 3>|  return value|
|p_read                        |   in|   16|     ap_none|                                  p_read|        scalar|
|p_read1                       |   in|   16|     ap_none|                                 p_read1|        scalar|
|p_dst_data219_dout            |   in|   24|     ap_fifo|                           p_dst_data219|       pointer|
|p_dst_data219_num_data_valid  |   in|    3|     ap_fifo|                           p_dst_data219|       pointer|
|p_dst_data219_fifo_cap        |   in|    3|     ap_fifo|                           p_dst_data219|       pointer|
|p_dst_data219_empty_n         |   in|    1|     ap_fifo|                           p_dst_data219|       pointer|
|p_dst_data219_read            |  out|    1|     ap_fifo|                           p_dst_data219|       pointer|
|m_axis_video_TDATA            |  out|   24|        axis|                   m_axis_video_V_data_V|       pointer|
|m_axis_video_TVALID           |  out|    1|        axis|                   m_axis_video_V_dest_V|       pointer|
|m_axis_video_TREADY           |   in|    1|        axis|                   m_axis_video_V_dest_V|       pointer|
|m_axis_video_TDEST            |  out|    1|        axis|                   m_axis_video_V_dest_V|       pointer|
|m_axis_video_TKEEP            |  out|    3|        axis|                   m_axis_video_V_keep_V|       pointer|
|m_axis_video_TSTRB            |  out|    3|        axis|                   m_axis_video_V_strb_V|       pointer|
|m_axis_video_TUSER            |  out|    1|        axis|                   m_axis_video_V_user_V|       pointer|
|m_axis_video_TLAST            |  out|    1|        axis|                   m_axis_video_V_last_V|       pointer|
|m_axis_video_TID              |  out|    1|        axis|                     m_axis_video_V_id_V|       pointer|
+------------------------------+-----+-----+------------+----------------------------------------+--------------+

