

================================================================
== Vitis HLS Report for 'colorcorrectionmatrix_0_17_17_1080_1920_1_3_3_s'
================================================================
* Date:           Thu Mar  5 08:43:09 2026

* Version:        2022.2 (Build 3670227 on Oct 13 2022)
* Project:        isppipeline.prj
* Solution:       sol1 (Vivado IP Flow Target)
* Product family: zynquplus
* Target device:  xck26-sfvc784-2LV-c


================================================================
== Performance Estimates
================================================================
+ Timing: 
    * Summary: 
    +--------+---------+----------+------------+
    |  Clock |  Target | Estimated| Uncertainty|
    +--------+---------+----------+------------+
    |ap_clk  |  3.30 ns|  2.371 ns|     0.89 ns|
    +--------+---------+----------+------------+

+ Latency: 
    * Summary: 
    +---------+---------+----------+----------+---------+---------+---------+
    |  Latency (cycles) |  Latency (absolute) |      Interval     | Pipeline|
    |   min   |   max   |    min   |    max   |   min   |   max   |   Type  |
    +---------+---------+----------+----------+---------+---------+---------+
    |  2084402|  2084402|  6.879 ms|  6.879 ms|  2084402|  2084402|       no|
    +---------+---------+----------+----------+---------+---------+---------+

    + Detail: 
        * Instance: 
        +----------------------------------------------------------+------------------------------------------------+---------+---------+----------+----------+---------+---------+---------+
        |                                                          |                                                |  Latency (cycles) |  Latency (absolute) |      Interval     | Pipeline|
        |                         Instance                         |                     Module                     |   min   |   max   |    min   |    max   |   min   |   max   |   Type  |
        +----------------------------------------------------------+------------------------------------------------+---------+---------+----------+----------+---------+---------+---------+
        |grp_xfccmkernel_17_1080_1920_21_1_3_3_11_11_1920_s_fu_44  |xfccmkernel_17_1080_1920_21_1_3_3_11_11_1920_s  |  2084401|  2084401|  6.879 ms|  6.879 ms|  2084401|  2084401|       no|
        +----------------------------------------------------------+------------------------------------------------+---------+---------+----------+----------+---------+---------+---------+

        * Loop: 
        N/A



================================================================
== Utilization Estimates
================================================================
* Summary: 
+-----------------+---------+------+--------+--------+-----+
|       Name      | BRAM_18K|  DSP |   FF   |   LUT  | URAM|
+-----------------+---------+------+--------+--------+-----+
|DSP              |        -|     -|       -|       -|    -|
|Expression       |        -|     -|       0|       2|    -|
|FIFO             |        -|     -|       -|       -|    -|
|Instance         |        -|     9|     870|     830|    -|
|Memory           |        -|     -|       -|       -|    -|
|Multiplexer      |        -|     -|       -|      59|    -|
|Register         |        -|     -|      26|       -|    -|
+-----------------+---------+------+--------+--------+-----+
|Total            |        0|     9|     896|     891|    0|
+-----------------+---------+------+--------+--------+-----+
|Available        |      288|  1248|  234240|  117120|   64|
+-----------------+---------+------+--------+--------+-----+
|Utilization (%)  |        0|    ~0|      ~0|      ~0|    0|
+-----------------+---------+------+--------+--------+-----+

+ Detail: 
    * Instance: 
    +----------------------------------------------------------+------------------------------------------------+---------+----+-----+-----+-----+
    |                         Instance                         |                     Module                     | BRAM_18K| DSP|  FF | LUT | URAM|
    +----------------------------------------------------------+------------------------------------------------+---------+----+-----+-----+-----+
    |grp_xfccmkernel_17_1080_1920_21_1_3_3_11_11_1920_s_fu_44  |xfccmkernel_17_1080_1920_21_1_3_3_11_11_1920_s  |        0|   9|  870|  830|    0|
    +----------------------------------------------------------+------------------------------------------------+---------+----+-----+-----+-----+
    |Total                                                     |                                                |        0|   9|  870|  830|    0|
    +----------------------------------------------------------+------------------------------------------------+---------+----+-----+-----+-----+

    * DSP: 
    N/A

    * Memory: 
    N/A

    * FIFO: 
    N/A

    * Expression: 
    +-----------------+----------+----+---+----+------------+------------+
    |  Variable Name  | Operation| DSP| FF| LUT| Bitwidth P0| Bitwidth P1|
    +-----------------+----------+----+---+----+------------+------------+
    |ap_block_state1  |        or|   0|  0|   2|           1|           1|
    +-----------------+----------+----+---+----+------------+------------+
    |Total            |          |   0|  0|   2|           1|           1|
    +-----------------+----------+----+---+----+------------+------------+

    * Multiplexer: 
    +-----------------------+----+-----------+-----+-----------+
    |          Name         | LUT| Input Size| Bits| Total Bits|
    +-----------------------+----+-----------+-----+-----------+
    |ap_NS_fsm              |  14|          3|    1|          3|
    |ap_done                |   9|          2|    1|          2|
    |lsc_out_data218_write  |   9|          2|    1|          2|
    |ltm_in_data217_read    |   9|          2|    1|          2|
    |p_src_mat_cols_blk_n   |   9|          2|    1|          2|
    |p_src_mat_rows_blk_n   |   9|          2|    1|          2|
    +-----------------------+----+-----------+-----+-----------+
    |Total                  |  59|         13|    6|         13|
    +-----------------------+----+-----------+-----+-----------+

    * Register: 
    +-----------------------------------------------------------------------+----+----+-----+-----------+
    |                                  Name                                 | FF | LUT| Bits| Const Bits|
    +-----------------------------------------------------------------------+----+----+-----+-----------+
    |ap_CS_fsm                                                              |   2|   0|    2|          0|
    |ap_done_reg                                                            |   1|   0|    1|          0|
    |grp_xfccmkernel_17_1080_1920_21_1_3_3_11_11_1920_s_fu_44_ap_start_reg  |   1|   0|    1|          0|
    |height_reg_61                                                          |  11|   0|   11|          0|
    |width_reg_56                                                           |  11|   0|   11|          0|
    +-----------------------------------------------------------------------+----+----+-----+-----------+
    |Total                                                                  |  26|   0|   26|          0|
    +-----------------------------------------------------------------------+----+----+-----+-----------+



================================================================
== Interface
================================================================
* Summary: 
+--------------------------------+-----+-----+------------+-------------------------------------------------------+--------------+
|            RTL Ports           | Dir | Bits|  Protocol  |                     Source Object                     |    C Type    |
+--------------------------------+-----+-----+------------+-------------------------------------------------------+--------------+
|ap_clk                          |   in|    1|  ap_ctrl_hs|  colorcorrectionmatrix<0, 17, 17, 1080, 1920, 1, 3, 3>|  return value|
|ap_rst                          |   in|    1|  ap_ctrl_hs|  colorcorrectionmatrix<0, 17, 17, 1080, 1920, 1, 3, 3>|  return value|
|ap_start                        |   in|    1|  ap_ctrl_hs|  colorcorrectionmatrix<0, 17, 17, 1080, 1920, 1, 3, 3>|  return value|
|ap_done                         |  out|    1|  ap_ctrl_hs|  colorcorrectionmatrix<0, 17, 17, 1080, 1920, 1, 3, 3>|  return value|
|ap_continue                     |   in|    1|  ap_ctrl_hs|  colorcorrectionmatrix<0, 17, 17, 1080, 1920, 1, 3, 3>|  return value|
|ap_idle                         |  out|    1|  ap_ctrl_hs|  colorcorrectionmatrix<0, 17, 17, 1080, 1920, 1, 3, 3>|  return value|
|ap_ready                        |  out|    1|  ap_ctrl_hs|  colorcorrectionmatrix<0, 17, 17, 1080, 1920, 1, 3, 3>|  return value|
|p_src_mat_rows_dout             |   in|   11|     ap_fifo|                                         p_src_mat_rows|       pointer|
|p_src_mat_rows_num_data_valid   |   in|    2|     ap_fifo|                                         p_src_mat_rows|       pointer|
|p_src_mat_rows_fifo_cap         |   in|    2|     ap_fifo|                                         p_src_mat_rows|       pointer|
|p_src_mat_rows_empty_n          |   in|    1|     ap_fifo|                                         p_src_mat_rows|       pointer|
|p_src_mat_rows_read             |  out|    1|     ap_fifo|                                         p_src_mat_rows|       pointer|
|p_src_mat_cols_dout             |   in|   11|     ap_fifo|                                         p_src_mat_cols|       pointer|
|p_src_mat_cols_num_data_valid   |   in|    2|     ap_fifo|                                         p_src_mat_cols|       pointer|
|p_src_mat_cols_fifo_cap         |   in|    2|     ap_fifo|                                         p_src_mat_cols|       pointer|
|p_src_mat_cols_empty_n          |   in|    1|     ap_fifo|                                         p_src_mat_cols|       pointer|
|p_src_mat_cols_read             |  out|    1|     ap_fifo|                                         p_src_mat_cols|       pointer|
|ltm_in_data217_dout             |   in|   30|     ap_fifo|                                         ltm_in_data217|       pointer|
|ltm_in_data217_num_data_valid   |   in|    3|     ap_fifo|                                         ltm_in_data217|       pointer|
|ltm_in_data217_fifo_cap         |   in|    3|     ap_fifo|                                         ltm_in_data217|       pointer|
|ltm_in_data217_empty_n          |   in|    1|     ap_fifo|                                         ltm_in_data217|       pointer|
|ltm_in_data217_read             |  out|    1|     ap_fifo|                                         ltm_in_data217|       pointer|
|lsc_out_data218_din             |  out|   30|     ap_fifo|                                        lsc_out_data218|       pointer|
|lsc_out_data218_num_data_valid  |   in|    3|     ap_fifo|                                        lsc_out_data218|       pointer|
|lsc_out_data218_fifo_cap        |   in|    3|     ap_fifo|                                        lsc_out_data218|       pointer|
|lsc_out_data218_full_n          |   in|    1|     ap_fifo|                                        lsc_out_data218|       pointer|
|lsc_out_data218_write           |  out|    1|     ap_fifo|                                        lsc_out_data218|       pointer|
+--------------------------------+-----+-----+------------+-------------------------------------------------------+--------------+

