

================================================================
== Vitis HLS Report for 'demosaicing_Pipeline_LineBuffer_VITIS_LOOP_278_1'
================================================================
* Date:           Thu Mar  5 08:43:04 2026

* Version:        2022.2 (Build 3670227 on Oct 13 2022)
* Project:        isppipeline.prj
* Solution:       sol1 (Vivado IP Flow Target)
* Product family: zynquplus
* Target device:  xck26-sfvc784-2LV-c


================================================================
== Performance Estimates
================================================================
+ Timing: 
    * Summary: 
    +--------+---------+----------+------------+
    |  Clock |  Target | Estimated| Uncertainty|
    +--------+---------+----------+------------+
    |ap_clk  |  3.30 ns|  2.805 ns|     0.89 ns|
    +--------+---------+----------+------------+

+ Latency: 
    * Summary: 
    +---------+---------+-----------+-----------+------+------+---------+
    |  Latency (cycles) |   Latency (absolute)  |   Interval  | Pipeline|
    |   min   |   max   |    min    |    max    |  min |  max |   Type  |
    +---------+---------+-----------+-----------+------+------+---------+
    |     3842|     3842|  12.679 us|  12.679 us|  3842|  3842|       no|
    +---------+---------+-----------+-----------+------+------+---------+

    + Detail: 
        * Instance: 
        N/A

        * Loop: 
        +-------------------------------+---------+---------+----------+-----------+-----------+------+----------+
        |                               |  Latency (cycles) | Iteration|  Initiation Interval  | Trip |          |
        |           Loop Name           |   min   |   max   |  Latency |  achieved |   target  | Count| Pipelined|
        +-------------------------------+---------+---------+----------+-----------+-----------+------+----------+
        |- LineBuffer_VITIS_LOOP_278_1  |     3840|     3840|         2|          1|          1|  3840|       yes|
        +-------------------------------+---------+---------+----------+-----------+-----------+------+----------+



================================================================
== Utilization Estimates
================================================================
* Summary: 
+-----------------+---------+------+--------+--------+-----+
|       Name      | BRAM_18K|  DSP |   FF   |   LUT  | URAM|
+-----------------+---------+------+--------+--------+-----+
|DSP              |        -|     -|       -|       -|    -|
|Expression       |        -|     -|       0|     104|    -|
|FIFO             |        -|     -|       -|       -|    -|
|Instance         |        -|     -|       -|       -|    -|
|Memory           |        -|     -|       -|       -|    -|
|Multiplexer      |        -|     -|       -|      63|    -|
|Register         |        -|     -|      56|       -|    -|
+-----------------+---------+------+--------+--------+-----+
|Total            |        0|     0|      56|     167|    0|
+-----------------+---------+------+--------+--------+-----+
|Available        |      288|  1248|  234240|  117120|   64|
+-----------------+---------+------+--------+--------+-----+
|Utilization (%)  |        0|     0|      ~0|      ~0|    0|
+-----------------+---------+------+--------+--------+-----+

+ Detail: 
    * Instance: 
    N/A

    * DSP: 
    N/A

    * Memory: 
    N/A

    * FIFO: 
    N/A

    * Expression: 
    +---------------------------+----------+----+---+----+------------+------------+
    |       Variable Name       | Operation| DSP| FF| LUT| Bitwidth P0| Bitwidth P1|
    +---------------------------+----------+----+---+----+------------+------------+
    |add_ln274_1_fu_202_p2      |         +|   0|  0|   9|           2|           1|
    |add_ln274_fu_177_p2        |         +|   0|  0|  24|          17|           1|
    |add_ln278_fu_226_p2        |         +|   0|  0|  23|          16|           1|
    |ap_block_pp0_stage0_11001  |       and|   0|  0|   2|           1|           1|
    |icmp_ln274_fu_172_p2       |      icmp|   0|  0|  13|          17|          17|
    |icmp_ln278_fu_189_p2       |      icmp|   0|  0|  13|          16|          16|
    |select_ln274_1_fu_208_p3   |    select|   0|  0|   2|           1|           2|
    |select_ln274_fu_194_p3     |    select|   0|  0|  16|           1|           1|
    |ap_enable_pp0              |       xor|   0|  0|   2|           1|           2|
    +---------------------------+----------+----+---+----+------------+------------+
    |Total                      |          |   0|  0| 104|          72|          42|
    +---------------------------+----------+----+---+----+------------+------------+

    * Multiplexer: 
    +-------------------------+----+-----------+-----+-----------+
    |           Name          | LUT| Input Size| Bits| Total Bits|
    +-------------------------+----+-----------+-----+-----------+
    |ap_done_int              |   9|          2|    1|          2|
    |ap_enable_reg_pp0_iter1  |   9|          2|    1|          2|
    |ap_enable_reg_pp0_iter2  |   9|          2|    1|          2|
    |gain_out_data215_blk_n   |   9|          2|    1|          2|
    |i_fu_72                  |   9|          2|    2|          4|
    |indvar_flatten_fu_76     |   9|          2|   17|         34|
    |j_fu_68                  |   9|          2|   16|         32|
    +-------------------------+----+-----------+-----+-----------+
    |Total                    |  63|         14|   39|         78|
    +-------------------------+----+-----------+-----+-----------+

    * Register: 
    +-------------------------+----+----+-----+-----------+
    |           Name          | FF | LUT| Bits| Const Bits|
    +-------------------------+----+----+-----+-----------+
    |ap_CS_fsm                |   1|   0|    1|          0|
    |ap_done_reg              |   1|   0|    1|          0|
    |ap_enable_reg_pp0_iter1  |   1|   0|    1|          0|
    |ap_enable_reg_pp0_iter2  |   1|   0|    1|          0|
    |i_fu_72                  |   2|   0|    2|          0|
    |indvar_flatten_fu_76     |  17|   0|   17|          0|
    |j_fu_68                  |  16|   0|   16|          0|
    |trunc_ln274_reg_281      |   1|   0|    1|          0|
    |zext_ln278_reg_285       |  16|   0|   64|         48|
    +-------------------------+----+----+-----+-----------+
    |Total                    |  56|   0|  104|         48|
    +-------------------------+----+----+-----+-----------+



================================================================
== Interface
================================================================
* Summary: 
+---------------------------------+-----+-----+------------+--------------------------------------------------+--------------+
|            RTL Ports            | Dir | Bits|  Protocol  |                   Source Object                  |    C Type    |
+---------------------------------+-----+-----+------------+--------------------------------------------------+--------------+
|ap_clk                           |   in|    1|  ap_ctrl_hs|  demosaicing_Pipeline_LineBuffer_VITIS_LOOP_278_1|  return value|
|ap_rst                           |   in|    1|  ap_ctrl_hs|  demosaicing_Pipeline_LineBuffer_VITIS_LOOP_278_1|  return value|
|ap_start                         |   in|    1|  ap_ctrl_hs|  demosaicing_Pipeline_LineBuffer_VITIS_LOOP_278_1|  return value|
|ap_done                          |  out|    1|  ap_ctrl_hs|  demosaicing_Pipeline_LineBuffer_VITIS_LOOP_278_1|  return value|
|ap_idle                          |  out|    1|  ap_ctrl_hs|  demosaicing_Pipeline_LineBuffer_VITIS_LOOP_278_1|  return value|
|ap_ready                         |  out|    1|  ap_ctrl_hs|  demosaicing_Pipeline_LineBuffer_VITIS_LOOP_278_1|  return value|
|gain_out_data215_dout            |   in|   10|     ap_fifo|                                  gain_out_data215|       pointer|
|gain_out_data215_num_data_valid  |   in|    3|     ap_fifo|                                  gain_out_data215|       pointer|
|gain_out_data215_fifo_cap        |   in|    3|     ap_fifo|                                  gain_out_data215|       pointer|
|gain_out_data215_empty_n         |   in|    1|     ap_fifo|                                  gain_out_data215|       pointer|
|gain_out_data215_read            |  out|    1|     ap_fifo|                                  gain_out_data215|       pointer|
|bound                            |   in|   17|     ap_none|                                             bound|        scalar|
|p_read1                          |   in|   16|     ap_none|                                           p_read1|        scalar|
|linebuffer_V_3_address0          |  out|   11|   ap_memory|                                    linebuffer_V_3|         array|
|linebuffer_V_3_ce0               |  out|    1|   ap_memory|                                    linebuffer_V_3|         array|
|linebuffer_V_3_we0               |  out|    1|   ap_memory|                                    linebuffer_V_3|         array|
|linebuffer_V_3_d0                |  out|   10|   ap_memory|                                    linebuffer_V_3|         array|
|linebuffer_V_2_address0          |  out|   11|   ap_memory|                                    linebuffer_V_2|         array|
|linebuffer_V_2_ce0               |  out|    1|   ap_memory|                                    linebuffer_V_2|         array|
|linebuffer_V_2_we0               |  out|    1|   ap_memory|                                    linebuffer_V_2|         array|
|linebuffer_V_2_d0                |  out|   10|   ap_memory|                                    linebuffer_V_2|         array|
|linebuffer_V_1_address0          |  out|   11|   ap_memory|                                    linebuffer_V_1|         array|
|linebuffer_V_1_ce0               |  out|    1|   ap_memory|                                    linebuffer_V_1|         array|
|linebuffer_V_1_we0               |  out|    1|   ap_memory|                                    linebuffer_V_1|         array|
|linebuffer_V_1_d0                |  out|   10|   ap_memory|                                    linebuffer_V_1|         array|
|linebuffer_V_address0            |  out|   11|   ap_memory|                                      linebuffer_V|         array|
|linebuffer_V_ce0                 |  out|    1|   ap_memory|                                      linebuffer_V|         array|
|linebuffer_V_we0                 |  out|    1|   ap_memory|                                      linebuffer_V|         array|
|linebuffer_V_d0                  |  out|   10|   ap_memory|                                      linebuffer_V|         array|
+---------------------------------+-----+-----+------------+--------------------------------------------------+--------------+

