

================================================================
== Vitis HLS Report for 'fifo_copy_17_17_1080_1920_1_3_3_s'
================================================================
* Date:           Thu Mar  5 08:43:06 2026

* Version:        2022.2 (Build 3670227 on Oct 13 2022)
* Project:        isppipeline.prj
* Solution:       sol1 (Vivado IP Flow Target)
* Product family: zynquplus
* Target device:  xck26-sfvc784-2LV-c


================================================================
== Performance Estimates
================================================================
+ Timing: 
    * Summary: 
    +--------+---------+----------+------------+
    |  Clock |  Target | Estimated| Uncertainty|
    +--------+---------+----------+------------+
    |ap_clk  |  3.30 ns|  2.409 ns|     0.89 ns|
    +--------+---------+----------+------------+

+ Latency: 
    * Summary: 
    +---------+---------+----------+----------+---------+---------+---------+
    |  Latency (cycles) |  Latency (absolute) |      Interval     | Pipeline|
    |   min   |   max   |    min   |    max   |   min   |   max   |   Type  |
    +---------+---------+----------+----------+---------+---------+---------+
    |  2079001|  2079001|  6.861 ms|  6.861 ms|  2079001|  2079001|       no|
    +---------+---------+----------+----------+---------+---------+---------+

    + Detail: 
        * Instance: 
        +-------------------------------------------------------------+---------------------------------------------------+---------+---------+----------+----------+------+------+---------+
        |                                                             |                                                   |  Latency (cycles) |  Latency (absolute) |   Interval  | Pipeline|
        |                           Instance                          |                       Module                      |   min   |   max   |    min   |    max   |  min |  max |   Type  |
        +-------------------------------------------------------------+---------------------------------------------------+---------+---------+----------+----------+------+------+---------+
        |grp_fifo_copy_17_17_1080_1920_1_3_3_Pipeline_Col_Loop_fu_56  |fifo_copy_17_17_1080_1920_1_3_3_Pipeline_Col_Loop  |     1922|     1922|  6.343 us|  6.343 us|  1922|  1922|       no|
        +-------------------------------------------------------------+---------------------------------------------------+---------+---------+----------+----------+------+------+---------+

        * Loop: 
        +------------+---------+---------+----------+-----------+-----------+------+----------+
        |            |  Latency (cycles) | Iteration|  Initiation Interval  | Trip |          |
        |  Loop Name |   min   |   max   |  Latency |  achieved |   target  | Count| Pipelined|
        +------------+---------+---------+----------+-----------+-----------+------+----------+
        |- Row_Loop  |  2079000|  2079000|      1925|          -|          -|  1080|        no|
        +------------+---------+---------+----------+-----------+-----------+------+----------+



================================================================
== Utilization Estimates
================================================================
* Summary: 
+-----------------+---------+------+--------+--------+-----+
|       Name      | BRAM_18K|  DSP |   FF   |   LUT  | URAM|
+-----------------+---------+------+--------+--------+-----+
|DSP              |        -|     -|       -|       -|    -|
|Expression       |        -|     -|       0|      33|    -|
|FIFO             |        -|     -|       -|       -|    -|
|Instance         |        -|     -|      16|      92|    -|
|Memory           |        -|     -|       -|       -|    -|
|Multiplexer      |        -|     -|       -|      53|    -|
|Register         |        -|     -|      18|       -|    -|
+-----------------+---------+------+--------+--------+-----+
|Total            |        0|     0|      34|     178|    0|
+-----------------+---------+------+--------+--------+-----+
|Available        |      288|  1248|  234240|  117120|   64|
+-----------------+---------+------+--------+--------+-----+
|Utilization (%)  |        0|     0|      ~0|      ~0|    0|
+-----------------+---------+------+--------+--------+-----+

+ Detail: 
    * Instance: 
    +-------------------------------------------------------------+---------------------------------------------------+---------+----+----+----+-----+
    |                           Instance                          |                       Module                      | BRAM_18K| DSP| FF | LUT| URAM|
    +-------------------------------------------------------------+---------------------------------------------------+---------+----+----+----+-----+
    |grp_fifo_copy_17_17_1080_1920_1_3_3_Pipeline_Col_Loop_fu_56  |fifo_copy_17_17_1080_1920_1_3_3_Pipeline_Col_Loop  |        0|   0|  16|  92|    0|
    +-------------------------------------------------------------+---------------------------------------------------+---------+----+----+----+-----+
    |Total                                                        |                                                   |        0|   0|  16|  92|    0|
    +-------------------------------------------------------------+---------------------------------------------------+---------+----+----+----+-----+

    * DSP: 
    N/A

    * Memory: 
    N/A

    * FIFO: 
    N/A

    * Expression: 
    +----------------------+----------+----+---+----+------------+------------+
    |     Variable Name    | Operation| DSP| FF| LUT| Bitwidth P0| Bitwidth P1|
    +----------------------+----------+----+---+----+------------+------------+
    |row_V_2_fu_82_p2      |         +|   0|  0|  20|          13|           1|
    |icmp_ln1027_fu_77_p2  |      icmp|   0|  0|  13|          16|          16|
    +----------------------+----------+----+---+----+------------+------------+
    |Total                 |          |   0|  0|  33|          29|          17|
    +----------------------+----------+----+---+----+------------+------------+

    * Multiplexer: 
    +---------------------------+----+-----------+-----+-----------+
    |            Name           | LUT| Input Size| Bits| Total Bits|
    +---------------------------+----+-----------+-----+-----------+
    |ap_NS_fsm                  |  26|          5|    1|          5|
    |demosaic_out_data216_read  |   9|          2|    1|          2|
    |ltm_in_data217_write       |   9|          2|    1|          2|
    |row_V_fu_40                |   9|          2|   13|         26|
    +---------------------------+----+-----------+-----+-----------+
    |Total                      |  53|         11|   16|         35|
    +---------------------------+----+-----------+-----+-----------+

    * Register: 
    +--------------------------------------------------------------------------+----+----+-----+-----------+
    |                                   Name                                   | FF | LUT| Bits| Const Bits|
    +--------------------------------------------------------------------------+----+----+-----+-----------+
    |ap_CS_fsm                                                                 |   4|   0|    4|          0|
    |grp_fifo_copy_17_17_1080_1920_1_3_3_Pipeline_Col_Loop_fu_56_ap_start_reg  |   1|   0|    1|          0|
    |row_V_fu_40                                                               |  13|   0|   13|          0|
    +--------------------------------------------------------------------------+----+----+-----+-----------+
    |Total                                                                     |  18|   0|   18|          0|
    +--------------------------------------------------------------------------+----+----+-----+-----------+



================================================================
== Interface
================================================================
* Summary: 
+-------------------------------------+-----+-----+------------+----------------------------------------+--------------+
|              RTL Ports              | Dir | Bits|  Protocol  |              Source Object             |    C Type    |
+-------------------------------------+-----+-----+------------+----------------------------------------+--------------+
|ap_clk                               |   in|    1|  ap_ctrl_hs|  fifo_copy<17, 17, 1080, 1920, 1, 3, 3>|  return value|
|ap_rst                               |   in|    1|  ap_ctrl_hs|  fifo_copy<17, 17, 1080, 1920, 1, 3, 3>|  return value|
|ap_start                             |   in|    1|  ap_ctrl_hs|  fifo_copy<17, 17, 1080, 1920, 1, 3, 3>|  return value|
|ap_done                              |  out|    1|  ap_ctrl_hs|  fifo_copy<17, 17, 1080, 1920, 1, 3, 3>|  return value|
|ap_idle                              |  out|    1|  ap_ctrl_hs|  fifo_copy<17, 17, 1080, 1920, 1, 3, 3>|  return value|
|ap_ready                             |  out|    1|  ap_ctrl_hs|  fifo_copy<17, 17, 1080, 1920, 1, 3, 3>|  return value|
|demosaic_out_data216_dout            |   in|   30|     ap_fifo|                    demosaic_out_data216|       pointer|
|demosaic_out_data216_num_data_valid  |   in|    3|     ap_fifo|                    demosaic_out_data216|       pointer|
|demosaic_out_data216_fifo_cap        |   in|    3|     ap_fifo|                    demosaic_out_data216|       pointer|
|demosaic_out_data216_empty_n         |   in|    1|     ap_fifo|                    demosaic_out_data216|       pointer|
|demosaic_out_data216_read            |  out|    1|     ap_fifo|                    demosaic_out_data216|       pointer|
|ltm_in_data217_din                   |  out|   30|     ap_fifo|                          ltm_in_data217|       pointer|
|ltm_in_data217_num_data_valid        |   in|    3|     ap_fifo|                          ltm_in_data217|       pointer|
|ltm_in_data217_fifo_cap              |   in|    3|     ap_fifo|                          ltm_in_data217|       pointer|
|ltm_in_data217_full_n                |   in|    1|     ap_fifo|                          ltm_in_data217|       pointer|
|ltm_in_data217_write                 |  out|    1|     ap_fifo|                          ltm_in_data217|       pointer|
|height                               |   in|   16|     ap_none|                                  height|        scalar|
|width                                |   in|   13|     ap_none|                                   width|        scalar|
+-------------------------------------+-----+-----+------------+----------------------------------------+--------------+

