

================================================================
== Vitis HLS Report for 'fifo_copy_17_17_1080_1920_1_3_3_Pipeline_Col_Loop'
================================================================
* Date:           Thu Mar  5 08:43:06 2026

* Version:        2022.2 (Build 3670227 on Oct 13 2022)
* Project:        isppipeline.prj
* Solution:       sol1 (Vivado IP Flow Target)
* Product family: zynquplus
* Target device:  xck26-sfvc784-2LV-c


================================================================
== Performance Estimates
================================================================
+ Timing: 
    * Summary: 
    +--------+---------+----------+------------+
    |  Clock |  Target | Estimated| Uncertainty|
    +--------+---------+----------+------------+
    |ap_clk  |  3.30 ns|  2.409 ns|     0.89 ns|
    +--------+---------+----------+------------+

+ Latency: 
    * Summary: 
    +---------+---------+----------+----------+------+------+---------+
    |  Latency (cycles) |  Latency (absolute) |   Interval  | Pipeline|
    |   min   |   max   |    min   |    max   |  min |  max |   Type  |
    +---------+---------+----------+----------+------+------+---------+
    |     1922|     1922|  6.343 us|  6.343 us|  1922|  1922|       no|
    +---------+---------+----------+----------+------+------+---------+

    + Detail: 
        * Instance: 
        N/A

        * Loop: 
        +------------+---------+---------+----------+-----------+-----------+------+----------+
        |            |  Latency (cycles) | Iteration|  Initiation Interval  | Trip |          |
        |  Loop Name |   min   |   max   |  Latency |  achieved |   target  | Count| Pipelined|
        +------------+---------+---------+----------+-----------+-----------+------+----------+
        |- Col_Loop  |     1920|     1920|         2|          1|          1|  1920|       yes|
        +------------+---------+---------+----------+-----------+-----------+------+----------+



================================================================
== Utilization Estimates
================================================================
* Summary: 
+-----------------+---------+------+--------+--------+-----+
|       Name      | BRAM_18K|  DSP |   FF   |   LUT  | URAM|
+-----------------+---------+------+--------+--------+-----+
|DSP              |        -|     -|       -|       -|    -|
|Expression       |        -|     -|       0|      38|    -|
|FIFO             |        -|     -|       -|       -|    -|
|Instance         |        -|     -|       -|       -|    -|
|Memory           |        -|     -|       -|       -|    -|
|Multiplexer      |        -|     -|       -|      54|    -|
|Register         |        -|     -|      16|       -|    -|
+-----------------+---------+------+--------+--------+-----+
|Total            |        0|     0|      16|      92|    0|
+-----------------+---------+------+--------+--------+-----+
|Available        |      288|  1248|  234240|  117120|   64|
+-----------------+---------+------+--------+--------+-----+
|Utilization (%)  |        0|     0|      ~0|      ~0|    0|
+-----------------+---------+------+--------+--------+-----+

+ Detail: 
    * Instance: 
    N/A

    * DSP: 
    N/A

    * Memory: 
    N/A

    * FIFO: 
    N/A

    * Expression: 
    +----------------------------------+----------+----+---+----+------------+------------+
    |           Variable Name          | Operation| DSP| FF| LUT| Bitwidth P0| Bitwidth P1|
    +----------------------------------+----------+----+---+----+------------+------------+
    |col_V_2_fu_76_p2                  |         +|   0|  0|  20|          13|           1|
    |ap_block_pp0_stage0_01001         |       and|   0|  0|   2|           1|           1|
    |icmp_ln193_fu_70_p2               |      icmp|   0|  0|  12|          13|          13|
    |ap_block_state2_pp0_stage0_iter1  |        or|   0|  0|   2|           1|           1|
    |ap_enable_pp0                     |       xor|   0|  0|   2|           1|           2|
    +----------------------------------+----------+----+---+----+------------+------------+
    |Total                             |          |   0|  0|  38|          29|          18|
    +----------------------------------+----------+----+---+----+------------+------------+

    * Multiplexer: 
    +----------------------------+----+-----------+-----+-----------+
    |            Name            | LUT| Input Size| Bits| Total Bits|
    +----------------------------+----+-----------+-----+-----------+
    |ap_done_int                 |   9|          2|    1|          2|
    |ap_enable_reg_pp0_iter1     |   9|          2|    1|          2|
    |ap_sig_allocacmp_col_V_1    |   9|          2|   13|         26|
    |col_V_fu_38                 |   9|          2|   13|         26|
    |demosaic_out_data216_blk_n  |   9|          2|    1|          2|
    |ltm_in_data217_blk_n        |   9|          2|    1|          2|
    +----------------------------+----+-----------+-----+-----------+
    |Total                       |  54|         12|   30|         60|
    +----------------------------+----+-----------+-----+-----------+

    * Register: 
    +-------------------------+----+----+-----+-----------+
    |           Name          | FF | LUT| Bits| Const Bits|
    +-------------------------+----+----+-----+-----------+
    |ap_CS_fsm                |   1|   0|    1|          0|
    |ap_done_reg              |   1|   0|    1|          0|
    |ap_enable_reg_pp0_iter1  |   1|   0|    1|          0|
    |col_V_fu_38              |  13|   0|   13|          0|
    +-------------------------+----+----+-----+-----------+
    |Total                    |  16|   0|   16|          0|
    +-------------------------+----+----+-----+-----------+



================================================================
== Interface
================================================================
* Summary: 
+-------------------------------------+-----+-----+------------+----------------------------------------------------------+--------------+
|              RTL Ports              | Dir | Bits|  Protocol  |                       Source Object                      |    C Type    |
+-------------------------------------+-----+-----+------------+----------------------------------------------------------+--------------+
|ap_clk                               |   in|    1|  ap_ctrl_hs|  fifo_copy<17, 17, 1080, 1920, 1, 3, 3>_Pipeline_Col_Loop|  return value|
|ap_rst                               |   in|    1|  ap_ctrl_hs|  fifo_copy<17, 17, 1080, 1920, 1, 3, 3>_Pipeline_Col_Loop|  return value|
|ap_start                             |   in|    1|  ap_ctrl_hs|  fifo_copy<17, 17, 1080, 1920, 1, 3, 3>_Pipeline_Col_Loop|  return value|
|ap_done                              |  out|    1|  ap_ctrl_hs|  fifo_copy<17, 17, 1080, 1920, 1, 3, 3>_Pipeline_Col_Loop|  return value|
|ap_idle                              |  out|    1|  ap_ctrl_hs|  fifo_copy<17, 17, 1080, 1920, 1, 3, 3>_Pipeline_Col_Loop|  return value|
|ap_ready                             |  out|    1|  ap_ctrl_hs|  fifo_copy<17, 17, 1080, 1920, 1, 3, 3>_Pipeline_Col_Loop|  return value|
|demosaic_out_data216_dout            |   in|   30|     ap_fifo|                                      demosaic_out_data216|       pointer|
|demosaic_out_data216_num_data_valid  |   in|    3|     ap_fifo|                                      demosaic_out_data216|       pointer|
|demosaic_out_data216_fifo_cap        |   in|    3|     ap_fifo|                                      demosaic_out_data216|       pointer|
|demosaic_out_data216_empty_n         |   in|    1|     ap_fifo|                                      demosaic_out_data216|       pointer|
|demosaic_out_data216_read            |  out|    1|     ap_fifo|                                      demosaic_out_data216|       pointer|
|ltm_in_data217_din                   |  out|   30|     ap_fifo|                                            ltm_in_data217|       pointer|
|ltm_in_data217_num_data_valid        |   in|    3|     ap_fifo|                                            ltm_in_data217|       pointer|
|ltm_in_data217_fifo_cap              |   in|    3|     ap_fifo|                                            ltm_in_data217|       pointer|
|ltm_in_data217_full_n                |   in|    1|     ap_fifo|                                            ltm_in_data217|       pointer|
|ltm_in_data217_write                 |  out|    1|     ap_fifo|                                            ltm_in_data217|       pointer|
|width                                |   in|   13|     ap_none|                                                     width|        scalar|
+-------------------------------------+-----+-----+------------+----------------------------------------------------------+--------------+

