

================================================================
== Vitis HLS Report for 'function_awb_17_17_1080_1920_1_3_3_s'
================================================================
* Date:           Thu Mar  5 08:43:08 2026

* Version:        2022.2 (Build 3670227 on Oct 13 2022)
* Project:        isppipeline.prj
* Solution:       sol1 (Vivado IP Flow Target)
* Product family: zynquplus
* Target device:  xck26-sfvc784-2LV-c


================================================================
== Performance Estimates
================================================================
+ Timing: 
    * Summary: 
    +--------+---------+----------+------------+
    |  Clock |  Target | Estimated| Uncertainty|
    +--------+---------+----------+------------+
    |ap_clk  |  3.30 ns|  2.409 ns|     0.89 ns|
    +--------+---------+----------+------------+

+ Latency: 
    * Summary: 
    +---------+---------+----------+----------+---------+---------+---------+
    |  Latency (cycles) |  Latency (absolute) |      Interval     | Pipeline|
    |   min   |   max   |    min   |    max   |   min   |   max   |   Type  |
    +---------+---------+----------+----------+---------+---------+---------+
    |  2079003|  2090230|  6.861 ms|  6.898 ms|  2079003|  2090230|       no|
    +---------+---------+----------+----------+---------+---------+---------+

    + Detail: 
        * Instance: 
        +----------------------------------------------+-----------------------------------+---------+---------+----------+----------+---------+---------+----------+
        |                                              |                                   |  Latency (cycles) |  Latency (absolute) |      Interval     | Pipeline |
        |                   Instance                   |               Module              |   min   |   max   |    min   |    max   |   min   |   max   |   Type   |
        +----------------------------------------------+-----------------------------------+---------+---------+----------+----------+---------+---------+----------+
        |grp_fifo_copy_17_17_1080_1920_1_3_3_s_fu_156  |fifo_copy_17_17_1080_1920_1_3_3_s  |  2079001|  2079001|  6.861 ms|  6.861 ms|  2079001|  2079001|        no|
        |grp_fifo_awb_17_17_1080_1920_1_3_3_s_fu_168   |fifo_awb_17_17_1080_1920_1_3_3_s   |  2090126|  2090228|  6.897 ms|  6.898 ms|  2090127|  2090229|  dataflow|
        +----------------------------------------------+-----------------------------------+---------+---------+----------+----------+---------+---------+----------+

        * Loop: 
        N/A



================================================================
== Utilization Estimates
================================================================
* Summary: 
+-----------------+---------+------+--------+--------+-----+
|       Name      | BRAM_18K|  DSP |   FF   |   LUT  | URAM|
+-----------------+---------+------+--------+--------+-----+
|DSP              |        -|     -|       -|       -|    -|
|Expression       |        -|     -|       0|       8|    -|
|FIFO             |        -|     -|       -|       -|    -|
|Instance         |       12|    25|    6407|    6894|    -|
|Memory           |        -|     -|       -|       -|    -|
|Multiplexer      |        -|     -|       -|      99|    -|
|Register         |        -|     -|      10|       -|    -|
+-----------------+---------+------+--------+--------+-----+
|Total            |       12|    25|    6417|    7001|    0|
+-----------------+---------+------+--------+--------+-----+
|Available        |      288|  1248|  234240|  117120|   64|
+-----------------+---------+------+--------+--------+-----+
|Utilization (%)  |        4|     2|       2|       5|    0|
+-----------------+---------+------+--------+--------+-----+

+ Detail: 
    * Instance: 
    +----------------------------------------------+-----------------------------------+---------+----+------+------+-----+
    |                   Instance                   |               Module              | BRAM_18K| DSP|  FF  |  LUT | URAM|
    +----------------------------------------------+-----------------------------------+---------+----+------+------+-----+
    |grp_fifo_awb_17_17_1080_1920_1_3_3_s_fu_168   |fifo_awb_17_17_1080_1920_1_3_3_s   |       12|  25|  6373|  6716|    0|
    |grp_fifo_copy_17_17_1080_1920_1_3_3_s_fu_156  |fifo_copy_17_17_1080_1920_1_3_3_s  |        0|   0|    34|   178|    0|
    +----------------------------------------------+-----------------------------------+---------+----+------+------+-----+
    |Total                                         |                                   |       12|  25|  6407|  6894|    0|
    +----------------------------------------------+-----------------------------------+---------+----+------+------+-----+

    * DSP: 
    N/A

    * Memory: 
    N/A

    * FIFO: 
    N/A

    * Expression: 
    +--------------------------------------------------------------+----------+----+---+----+------------+------------+
    |                         Variable Name                        | Operation| DSP| FF| LUT| Bitwidth P0| Bitwidth P1|
    +--------------------------------------------------------------+----------+----+---+----+------------+------------+
    |ap_block_state4_on_subcall_done                               |       and|   0|  0|   2|           1|           1|
    |ap_block_state1                                               |        or|   0|  0|   2|           1|           1|
    |ap_sync_grp_fifo_awb_17_17_1080_1920_1_3_3_s_fu_168_ap_done   |        or|   0|  0|   2|           1|           1|
    |ap_sync_grp_fifo_awb_17_17_1080_1920_1_3_3_s_fu_168_ap_ready  |        or|   0|  0|   2|           1|           1|
    +--------------------------------------------------------------+----------+----+---+----+------------+------------+
    |Total                                                         |          |   0|  0|   8|           4|           4|
    +--------------------------------------------------------------+----------+----+---+----+------------+------------+

    * Multiplexer: 
    +------------------------+----+-----------+-----+-----------+
    |          Name          | LUT| Input Size| Bits| Total Bits|
    +------------------------+----+-----------+-----+-----------+
    |ap_NS_fsm               |  26|          5|    1|          5|
    |ap_done                 |   9|          2|    1|          2|
    |demosaic_out_data_read  |  14|          3|    1|          3|
    |ltm_in_cols_c_blk_n     |   9|          2|    1|          2|
    |ltm_in_data_din         |   9|          2|   30|         60|
    |ltm_in_data_write       |  14|          3|    1|          3|
    |ltm_in_rows_c_blk_n     |   9|          2|    1|          2|
    |real_start              |   9|          2|    1|          2|
    +------------------------+----+-----------+-----+-----------+
    |Total                   |  99|         21|   37|         79|
    +------------------------+----+-----------+-----+-----------+

    * Register: 
    +------------------------------------------------------------------+---+----+-----+-----------+
    |                               Name                               | FF| LUT| Bits| Const Bits|
    +------------------------------------------------------------------+---+----+-----+-----------+
    |ap_CS_fsm                                                         |  4|   0|    4|          0|
    |ap_done_reg                                                       |  1|   0|    1|          0|
    |ap_sync_reg_grp_fifo_awb_17_17_1080_1920_1_3_3_s_fu_168_ap_done   |  1|   0|    1|          0|
    |ap_sync_reg_grp_fifo_awb_17_17_1080_1920_1_3_3_s_fu_168_ap_ready  |  1|   0|    1|          0|
    |grp_fifo_awb_17_17_1080_1920_1_3_3_s_fu_168_ap_start_reg          |  1|   0|    1|          0|
    |grp_fifo_copy_17_17_1080_1920_1_3_3_s_fu_156_ap_start_reg         |  1|   0|    1|          0|
    |start_once_reg                                                    |  1|   0|    1|          0|
    +------------------------------------------------------------------+---+----+-----+-----------+
    |Total                                                             | 10|   0|   10|          0|
    +------------------------------------------------------------------+---+----+-----+-----------+



================================================================
== Interface
================================================================
* Summary: 
+----------------------------------+-----+-----+------------+-------------------------------------------+--------------+
|             RTL Ports            | Dir | Bits|  Protocol  |               Source Object               |    C Type    |
+----------------------------------+-----+-----+------------+-------------------------------------------+--------------+
|ap_clk                            |   in|    1|  ap_ctrl_hs|  function_awb<17, 17, 1080, 1920, 1, 3, 3>|  return value|
|ap_rst                            |   in|    1|  ap_ctrl_hs|  function_awb<17, 17, 1080, 1920, 1, 3, 3>|  return value|
|ap_start                          |   in|    1|  ap_ctrl_hs|  function_awb<17, 17, 1080, 1920, 1, 3, 3>|  return value|
|start_full_n                      |   in|    1|  ap_ctrl_hs|  function_awb<17, 17, 1080, 1920, 1, 3, 3>|  return value|
|ap_done                           |  out|    1|  ap_ctrl_hs|  function_awb<17, 17, 1080, 1920, 1, 3, 3>|  return value|
|ap_continue                       |   in|    1|  ap_ctrl_hs|  function_awb<17, 17, 1080, 1920, 1, 3, 3>|  return value|
|ap_idle                           |  out|    1|  ap_ctrl_hs|  function_awb<17, 17, 1080, 1920, 1, 3, 3>|  return value|
|ap_ready                          |  out|    1|  ap_ctrl_hs|  function_awb<17, 17, 1080, 1920, 1, 3, 3>|  return value|
|start_out                         |  out|    1|  ap_ctrl_hs|  function_awb<17, 17, 1080, 1920, 1, 3, 3>|  return value|
|start_write                       |  out|    1|  ap_ctrl_hs|  function_awb<17, 17, 1080, 1920, 1, 3, 3>|  return value|
|demosaic_out_rows_channel         |   in|   16|     ap_none|                  demosaic_out_rows_channel|        scalar|
|demosaic_out_cols_channel         |   in|   16|     ap_none|                  demosaic_out_cols_channel|        scalar|
|demosaic_out_data_dout            |   in|   30|     ap_fifo|                          demosaic_out_data|       pointer|
|demosaic_out_data_num_data_valid  |   in|    3|     ap_fifo|                          demosaic_out_data|       pointer|
|demosaic_out_data_fifo_cap        |   in|    3|     ap_fifo|                          demosaic_out_data|       pointer|
|demosaic_out_data_empty_n         |   in|    1|     ap_fifo|                          demosaic_out_data|       pointer|
|demosaic_out_data_read            |  out|    1|     ap_fifo|                          demosaic_out_data|       pointer|
|ltm_in_rows_c25_channel           |   in|   16|     ap_none|                    ltm_in_rows_c25_channel|        scalar|
|ltm_in_cols_c26_channel           |   in|   16|     ap_none|                    ltm_in_cols_c26_channel|        scalar|
|ltm_in_data_din                   |  out|   30|     ap_fifo|                                ltm_in_data|       pointer|
|ltm_in_data_num_data_valid        |   in|    3|     ap_fifo|                                ltm_in_data|       pointer|
|ltm_in_data_fifo_cap              |   in|    3|     ap_fifo|                                ltm_in_data|       pointer|
|ltm_in_data_full_n                |   in|    1|     ap_fifo|                                ltm_in_data|       pointer|
|ltm_in_data_write                 |  out|    1|     ap_fifo|                                ltm_in_data|       pointer|
|hist0_0_address0                  |  out|   10|   ap_memory|                                    hist0_0|         array|
|hist0_0_ce0                       |  out|    1|   ap_memory|                                    hist0_0|         array|
|hist0_0_we0                       |  out|    1|   ap_memory|                                    hist0_0|         array|
|hist0_0_d0                        |  out|   32|   ap_memory|                                    hist0_0|         array|
|hist0_1_address0                  |  out|   10|   ap_memory|                                    hist0_1|         array|
|hist0_1_ce0                       |  out|    1|   ap_memory|                                    hist0_1|         array|
|hist0_1_we0                       |  out|    1|   ap_memory|                                    hist0_1|         array|
|hist0_1_d0                        |  out|   32|   ap_memory|                                    hist0_1|         array|
|hist0_2_address0                  |  out|   10|   ap_memory|                                    hist0_2|         array|
|hist0_2_ce0                       |  out|    1|   ap_memory|                                    hist0_2|         array|
|hist0_2_we0                       |  out|    1|   ap_memory|                                    hist0_2|         array|
|hist0_2_d0                        |  out|   32|   ap_memory|                                    hist0_2|         array|
|hist1_0_address0                  |  out|   10|   ap_memory|                                    hist1_0|         array|
|hist1_0_ce0                       |  out|    1|   ap_memory|                                    hist1_0|         array|
|hist1_0_q0                        |   in|   32|   ap_memory|                                    hist1_0|         array|
|hist1_1_address0                  |  out|   10|   ap_memory|                                    hist1_1|         array|
|hist1_1_ce0                       |  out|    1|   ap_memory|                                    hist1_1|         array|
|hist1_1_q0                        |   in|   32|   ap_memory|                                    hist1_1|         array|
|hist1_2_address0                  |  out|   10|   ap_memory|                                    hist1_2|         array|
|hist1_2_ce0                       |  out|    1|   ap_memory|                                    hist1_2|         array|
|hist1_2_q0                        |   in|   32|   ap_memory|                                    hist1_2|         array|
|height                            |   in|   16|     ap_none|                                     height|        scalar|
|width                             |   in|   13|     ap_none|                                      width|        scalar|
|mode_reg                          |   in|    1|     ap_none|                                   mode_reg|        scalar|
|thresh_loc_channel                |   in|   32|     ap_none|                         thresh_loc_channel|        scalar|
|ltm_in_rows_c_din                 |  out|   11|     ap_fifo|                              ltm_in_rows_c|       pointer|
|ltm_in_rows_c_num_data_valid      |   in|    2|     ap_fifo|                              ltm_in_rows_c|       pointer|
|ltm_in_rows_c_fifo_cap            |   in|    2|     ap_fifo|                              ltm_in_rows_c|       pointer|
|ltm_in_rows_c_full_n              |   in|    1|     ap_fifo|                              ltm_in_rows_c|       pointer|
|ltm_in_rows_c_write               |  out|    1|     ap_fifo|                              ltm_in_rows_c|       pointer|
|ltm_in_cols_c_din                 |  out|   11|     ap_fifo|                              ltm_in_cols_c|       pointer|
|ltm_in_cols_c_num_data_valid      |   in|    2|     ap_fifo|                              ltm_in_cols_c|       pointer|
|ltm_in_cols_c_fifo_cap            |   in|    2|     ap_fifo|                              ltm_in_cols_c|       pointer|
|ltm_in_cols_c_full_n              |   in|    1|     ap_fifo|                              ltm_in_cols_c|       pointer|
|ltm_in_cols_c_write               |  out|    1|     ap_fifo|                              ltm_in_cols_c|       pointer|
+----------------------------------+-----+-----+------------+-------------------------------------------+--------------+

