

================================================================
== Vitis HLS Report for 'gaincontrol_3_13_1080_1920_1_3_3_Pipeline_ColLoop'
================================================================
* Date:           Thu Mar  5 08:43:04 2026

* Version:        2022.2 (Build 3670227 on Oct 13 2022)
* Project:        isppipeline.prj
* Solution:       sol1 (Vivado IP Flow Target)
* Product family: zynquplus
* Target device:  xck26-sfvc784-2LV-c


================================================================
== Performance Estimates
================================================================
+ Timing: 
    * Summary: 
    +--------+---------+----------+------------+
    |  Clock |  Target | Estimated| Uncertainty|
    +--------+---------+----------+------------+
    |ap_clk  |  3.30 ns|  1.739 ns|     0.89 ns|
    +--------+---------+----------+------------+

+ Latency: 
    * Summary: 
    +---------+---------+----------+----------+------+------+---------+
    |  Latency (cycles) |  Latency (absolute) |   Interval  | Pipeline|
    |   min   |   max   |    min   |    max   |  min |  max |   Type  |
    +---------+---------+----------+----------+------+------+---------+
    |     1926|     1926|  6.356 us|  6.356 us|  1926|  1926|       no|
    +---------+---------+----------+----------+------+------+---------+

    + Detail: 
        * Instance: 
        N/A

        * Loop: 
        +-----------+---------+---------+----------+-----------+-----------+------+----------+
        |           |  Latency (cycles) | Iteration|  Initiation Interval  | Trip |          |
        | Loop Name |   min   |   max   |  Latency |  achieved |   target  | Count| Pipelined|
        +-----------+---------+---------+----------+-----------+-----------+------+----------+
        |- ColLoop  |     1924|     1924|         6|          1|          1|  1920|       yes|
        +-----------+---------+---------+----------+-----------+-----------+------+----------+



================================================================
== Utilization Estimates
================================================================
* Summary: 
+-----------------+---------+------+--------+--------+-----+
|       Name      | BRAM_18K|  DSP |   FF   |   LUT  | URAM|
+-----------------+---------+------+--------+--------+-----+
|DSP              |        -|     2|       -|       -|    -|
|Expression       |        -|     -|       0|     103|    -|
|FIFO             |        -|     -|       -|       -|    -|
|Instance         |        -|     -|       -|       -|    -|
|Memory           |        -|     -|       -|       -|    -|
|Multiplexer      |        -|     -|       -|      54|    -|
|Register         |        -|     -|     205|      64|    -|
+-----------------+---------+------+--------+--------+-----+
|Total            |        0|     2|     205|     221|    0|
+-----------------+---------+------+--------+--------+-----+
|Available        |      288|  1248|  234240|  117120|   64|
+-----------------+---------+------+--------+--------+-----+
|Utilization (%)  |        0|    ~0|      ~0|      ~0|    0|
+-----------------+---------+------+--------+--------+-----+

+ Detail: 
    * Instance: 
    N/A

    * DSP: 
    +------------------------------+--------------------------+-----------+
    |           Instance           |          Module          | Expression|
    +------------------------------+--------------------------+-----------+
    |mul_mul_16ns_10ns_26_4_1_U70  |mul_mul_16ns_10ns_26_4_1  |    i0 * i1|
    |mul_mul_16ns_10ns_26_4_1_U71  |mul_mul_16ns_10ns_26_4_1  |    i0 * i1|
    +------------------------------+--------------------------+-----------+

    * Memory: 
    N/A

    * FIFO: 
    N/A

    * Expression: 
    +---------------------------+----------+----+---+----+------------+------------+
    |       Variable Name       | Operation| DSP| FF| LUT| Bitwidth P0| Bitwidth P1|
    +---------------------------+----------+----+---+----+------------+------------+
    |j_V_4_fu_129_p2            |         +|   0|  0|  20|          13|           1|
    |and_ln118_fu_223_p2        |       and|   0|  0|   2|           1|           1|
    |icmp_ln1027_fu_123_p2      |      icmp|   0|  0|  13|          16|          16|
    |icmp_ln47_1_fu_193_p2      |      icmp|   0|  0|  11|           9|           1|
    |icmp_ln47_fu_161_p2        |      icmp|   0|  0|  11|           9|           1|
    |ap_block_pp0_stage0_01001  |        or|   0|  0|   2|           1|           1|
    |or_ln114_fu_148_p2         |        or|   0|  0|   2|           1|           1|
    |t_V_1_fu_208_p3            |    select|   0|  0|  10|           1|           2|
    |t_V_2_fu_216_p3            |    select|   0|  0|  10|           1|          10|
    |t_V_4_fu_227_p3            |    select|   0|  0|  10|           1|          10|
    |t_V_fu_176_p3              |    select|   0|  0|  10|           1|           2|
    |ap_enable_pp0              |       xor|   0|  0|   2|           1|           2|
    +---------------------------+----------+----+---+----+------------+------------+
    |Total                      |          |   0|  0| 103|          55|          48|
    +---------------------------+----------+----+---+----+------------+------------+

    * Multiplexer: 
    +-------------------------+----+-----------+-----+-----------+
    |           Name          | LUT| Input Size| Bits| Total Bits|
    +-------------------------+----+-----------+-----+-----------+
    |ap_done_int              |   9|          2|    1|          2|
    |ap_enable_reg_pp0_iter1  |   9|          2|    1|          2|
    |ap_sig_allocacmp_j_V_3   |   9|          2|   13|         26|
    |gain_out_data215_blk_n   |   9|          2|    1|          2|
    |imgInput2_data214_blk_n  |   9|          2|    1|          2|
    |j_V_fu_62                |   9|          2|   13|         26|
    +-------------------------+----+-----------+-----+-----------+
    |Total                    |  54|         12|   30|         60|
    +-------------------------+----+-----------+-----+-----------+

    * Register: 
    +----------------------------------+----+----+-----+-----------+
    |               Name               | FF | LUT| Bits| Const Bits|
    +----------------------------------+----+----+-----+-----------+
    |ap_CS_fsm                         |   1|   0|    1|          0|
    |ap_done_reg                       |   1|   0|    1|          0|
    |ap_enable_reg_pp0_iter1           |   1|   0|    1|          0|
    |ap_enable_reg_pp0_iter2           |   1|   0|    1|          0|
    |ap_enable_reg_pp0_iter3           |   1|   0|    1|          0|
    |ap_enable_reg_pp0_iter4           |   1|   0|    1|          0|
    |ap_enable_reg_pp0_iter5           |   1|   0|    1|          0|
    |ap_loop_exit_ready_pp0_iter1_reg  |   1|   0|    1|          0|
    |ap_loop_exit_ready_pp0_iter2_reg  |   1|   0|    1|          0|
    |ap_loop_exit_ready_pp0_iter3_reg  |   1|   0|    1|          0|
    |ap_loop_exit_ready_pp0_iter4_reg  |   1|   0|    1|          0|
    |conv3_i11_i_i152_i_cast_reg_262   |  16|   0|   26|         10|
    |conv3_i11_i_i214_i_cast_reg_267   |  16|   0|   26|         10|
    |j_V_fu_62                         |  13|   0|   13|          0|
    |pxl_pack1_V_reg_282               |  10|   0|   10|          0|
    |t_V_4_reg_293                     |  10|   0|   10|          0|
    |trunc_ln1027_reg_276              |   1|   0|    1|          0|
    |pxl_pack1_V_reg_282               |  64|  32|   10|          0|
    |trunc_ln1027_reg_276              |  64|  32|    1|          0|
    +----------------------------------+----+----+-----+-----------+
    |Total                             | 205|  64|  108|         20|
    +----------------------------------+----+----+-----+-----------+



================================================================
== Interface
================================================================
* Summary: 
+----------------------------------+-----+-----+------------+----------------------------------------------------------+--------------+
|             RTL Ports            | Dir | Bits|  Protocol  |                       Source Object                      |    C Type    |
+----------------------------------+-----+-----+------------+----------------------------------------------------------+--------------+
|ap_clk                            |   in|    1|  ap_ctrl_hs|  gaincontrol<3, 13, 1080, 1920, 1, 3, 3>_Pipeline_ColLoop|  return value|
|ap_rst                            |   in|    1|  ap_ctrl_hs|  gaincontrol<3, 13, 1080, 1920, 1, 3, 3>_Pipeline_ColLoop|  return value|
|ap_start                          |   in|    1|  ap_ctrl_hs|  gaincontrol<3, 13, 1080, 1920, 1, 3, 3>_Pipeline_ColLoop|  return value|
|ap_done                           |  out|    1|  ap_ctrl_hs|  gaincontrol<3, 13, 1080, 1920, 1, 3, 3>_Pipeline_ColLoop|  return value|
|ap_idle                           |  out|    1|  ap_ctrl_hs|  gaincontrol<3, 13, 1080, 1920, 1, 3, 3>_Pipeline_ColLoop|  return value|
|ap_ready                          |  out|    1|  ap_ctrl_hs|  gaincontrol<3, 13, 1080, 1920, 1, 3, 3>_Pipeline_ColLoop|  return value|
|imgInput2_data214_dout            |   in|   10|     ap_fifo|                                         imgInput2_data214|       pointer|
|imgInput2_data214_num_data_valid  |   in|    3|     ap_fifo|                                         imgInput2_data214|       pointer|
|imgInput2_data214_fifo_cap        |   in|    3|     ap_fifo|                                         imgInput2_data214|       pointer|
|imgInput2_data214_empty_n         |   in|    1|     ap_fifo|                                         imgInput2_data214|       pointer|
|imgInput2_data214_read            |  out|    1|     ap_fifo|                                         imgInput2_data214|       pointer|
|gain_out_data215_din              |  out|   10|     ap_fifo|                                          gain_out_data215|       pointer|
|gain_out_data215_num_data_valid   |   in|    3|     ap_fifo|                                          gain_out_data215|       pointer|
|gain_out_data215_fifo_cap         |   in|    3|     ap_fifo|                                          gain_out_data215|       pointer|
|gain_out_data215_full_n           |   in|    1|     ap_fifo|                                          gain_out_data215|       pointer|
|gain_out_data215_write            |  out|    1|     ap_fifo|                                          gain_out_data215|       pointer|
|p_read1                           |   in|   16|     ap_none|                                                   p_read1|        scalar|
|trunc_ln                          |   in|    1|     ap_none|                                                  trunc_ln|        scalar|
|conv3_i11_i_i214_i                |   in|   16|     ap_none|                                        conv3_i11_i_i214_i|        scalar|
|conv3_i11_i_i152_i                |   in|   16|     ap_none|                                        conv3_i11_i_i152_i|        scalar|
+----------------------------------+-----+-----+------------+----------------------------------------------------------+--------------+

