

================================================================
== Vitis HLS Report for 'gaincontrol_3_13_1080_1920_1_3_3_s'
================================================================
* Date:           Thu Mar  5 08:43:04 2026

* Version:        2022.2 (Build 3670227 on Oct 13 2022)
* Project:        isppipeline.prj
* Solution:       sol1 (Vivado IP Flow Target)
* Product family: zynquplus
* Target device:  xck26-sfvc784-2LV-c


================================================================
== Performance Estimates
================================================================
+ Timing: 
    * Summary: 
    +--------+---------+----------+------------+
    |  Clock |  Target | Estimated| Uncertainty|
    +--------+---------+----------+------------+
    |ap_clk  |  3.30 ns|  1.739 ns|     0.89 ns|
    +--------+---------+----------+------------+

+ Latency: 
    * Summary: 
    +---------+---------+----------+----------+---------+---------+---------+
    |  Latency (cycles) |  Latency (absolute) |      Interval     | Pipeline|
    |   min   |   max   |    min   |    max   |   min   |   max   |   Type  |
    +---------+---------+----------+----------+---------+---------+---------+
    |  2083321|  2083321|  6.875 ms|  6.875 ms|  2083321|  2083321|       no|
    +---------+---------+----------+----------+---------+---------+---------+

    + Detail: 
        * Instance: 
        +-------------------------------------------------------------+---------------------------------------------------+---------+---------+----------+----------+------+------+---------+
        |                                                             |                                                   |  Latency (cycles) |  Latency (absolute) |   Interval  | Pipeline|
        |                           Instance                          |                       Module                      |   min   |   max   |    min   |    max   |  min |  max |   Type  |
        +-------------------------------------------------------------+---------------------------------------------------+---------+---------+----------+----------+------+------+---------+
        |grp_gaincontrol_3_13_1080_1920_1_3_3_Pipeline_ColLoop_fu_82  |gaincontrol_3_13_1080_1920_1_3_3_Pipeline_ColLoop  |     1926|     1926|  6.356 us|  6.356 us|  1926|  1926|       no|
        +-------------------------------------------------------------+---------------------------------------------------+---------+---------+----------+----------+------+------+---------+

        * Loop: 
        +-----------+---------+---------+----------+-----------+-----------+------+----------+
        |           |  Latency (cycles) | Iteration|  Initiation Interval  | Trip |          |
        | Loop Name |   min   |   max   |  Latency |  achieved |   target  | Count| Pipelined|
        +-----------+---------+---------+----------+-----------+-----------+------+----------+
        |- RowLoop  |  2083320|  2083320|      1929|          -|          -|  1080|        no|
        +-----------+---------+---------+----------+-----------+-----------+------+----------+



================================================================
== Utilization Estimates
================================================================
* Summary: 
+-----------------+---------+------+--------+--------+-----+
|       Name      | BRAM_18K|  DSP |   FF   |   LUT  | URAM|
+-----------------+---------+------+--------+--------+-----+
|DSP              |        -|     -|       -|       -|    -|
|Expression       |        -|     -|       0|      35|    -|
|FIFO             |        -|     -|       -|       -|    -|
|Instance         |        -|     2|     205|     221|    -|
|Memory           |        -|     -|       -|       -|    -|
|Multiplexer      |        -|     -|       -|      80|    -|
|Register         |        -|     -|      52|       -|    -|
+-----------------+---------+------+--------+--------+-----+
|Total            |        0|     2|     257|     336|    0|
+-----------------+---------+------+--------+--------+-----+
|Available        |      288|  1248|  234240|  117120|   64|
+-----------------+---------+------+--------+--------+-----+
|Utilization (%)  |        0|    ~0|      ~0|      ~0|    0|
+-----------------+---------+------+--------+--------+-----+

+ Detail: 
    * Instance: 
    +-------------------------------------------------------------+---------------------------------------------------+---------+----+-----+-----+-----+
    |                           Instance                          |                       Module                      | BRAM_18K| DSP|  FF | LUT | URAM|
    +-------------------------------------------------------------+---------------------------------------------------+---------+----+-----+-----+-----+
    |grp_gaincontrol_3_13_1080_1920_1_3_3_Pipeline_ColLoop_fu_82  |gaincontrol_3_13_1080_1920_1_3_3_Pipeline_ColLoop  |        0|   2|  205|  221|    0|
    +-------------------------------------------------------------+---------------------------------------------------+---------+----+-----+-----+-----+
    |Total                                                        |                                                   |        0|   2|  205|  221|    0|
    +-------------------------------------------------------------+---------------------------------------------------+---------+----+-----+-----+-----+

    * DSP: 
    N/A

    * Memory: 
    N/A

    * FIFO: 
    N/A

    * Expression: 
    +-----------------------+----------+----+---+----+------------+------------+
    |     Variable Name     | Operation| DSP| FF| LUT| Bitwidth P0| Bitwidth P1|
    +-----------------------+----------+----+---+----+------------+------------+
    |i_V_6_fu_115_p2        |         +|   0|  0|  20|          13|           1|
    |icmp_ln1027_fu_110_p2  |      icmp|   0|  0|  13|          16|          16|
    |ap_block_state1        |        or|   0|  0|   2|           1|           1|
    +-----------------------+----------+----+---+----+------------+------------+
    |Total                  |          |   0|  0|  35|          30|          18|
    +-----------------------+----------+----+---+----+------------+------------+

    * Multiplexer: 
    +------------------------+----+-----------+-----+-----------+
    |          Name          | LUT| Input Size| Bits| Total Bits|
    +------------------------+----+-----------+-----+-----------+
    |ap_NS_fsm               |  26|          5|    1|          5|
    |ap_done                 |   9|          2|    1|          2|
    |bgain_blk_n             |   9|          2|    1|          2|
    |gain_out_data215_write  |   9|          2|    1|          2|
    |i_V_fu_54               |   9|          2|   13|         26|
    |imgInput2_data214_read  |   9|          2|    1|          2|
    |rgain_blk_n             |   9|          2|    1|          2|
    +------------------------+----+-----------+-----+-----------+
    |Total                   |  80|         17|   19|         41|
    +------------------------+----+-----------+-----+-----------+

    * Register: 
    +--------------------------------------------------------------------------+----+----+-----+-----------+
    |                                   Name                                   | FF | LUT| Bits| Const Bits|
    +--------------------------------------------------------------------------+----+----+-----+-----------+
    |ap_CS_fsm                                                                 |   4|   0|    4|          0|
    |ap_done_reg                                                               |   1|   0|    1|          0|
    |bgain_read_reg_143                                                        |  16|   0|   16|          0|
    |grp_gaincontrol_3_13_1080_1920_1_3_3_Pipeline_ColLoop_fu_82_ap_start_reg  |   1|   0|    1|          0|
    |i_V_fu_54                                                                 |  13|   0|   13|          0|
    |rgain_read_reg_148                                                        |  16|   0|   16|          0|
    |trunc_ln1027_reg_153                                                      |   1|   0|    1|          0|
    +--------------------------------------------------------------------------+----+----+-----+-----------+
    |Total                                                                     |  52|   0|   52|          0|
    +--------------------------------------------------------------------------+----+----+-----+-----------+



================================================================
== Interface
================================================================
* Summary: 
+----------------------------------+-----+-----+------------+-----------------------------------------+--------------+
|             RTL Ports            | Dir | Bits|  Protocol  |              Source Object              |    C Type    |
+----------------------------------+-----+-----+------------+-----------------------------------------+--------------+
|ap_clk                            |   in|    1|  ap_ctrl_hs|  gaincontrol<3, 13, 1080, 1920, 1, 3, 3>|  return value|
|ap_rst                            |   in|    1|  ap_ctrl_hs|  gaincontrol<3, 13, 1080, 1920, 1, 3, 3>|  return value|
|ap_start                          |   in|    1|  ap_ctrl_hs|  gaincontrol<3, 13, 1080, 1920, 1, 3, 3>|  return value|
|ap_done                           |  out|    1|  ap_ctrl_hs|  gaincontrol<3, 13, 1080, 1920, 1, 3, 3>|  return value|
|ap_continue                       |   in|    1|  ap_ctrl_hs|  gaincontrol<3, 13, 1080, 1920, 1, 3, 3>|  return value|
|ap_idle                           |  out|    1|  ap_ctrl_hs|  gaincontrol<3, 13, 1080, 1920, 1, 3, 3>|  return value|
|ap_ready                          |  out|    1|  ap_ctrl_hs|  gaincontrol<3, 13, 1080, 1920, 1, 3, 3>|  return value|
|p_read                            |   in|   16|     ap_none|                                   p_read|        scalar|
|p_read1                           |   in|   16|     ap_none|                                  p_read1|        scalar|
|imgInput2_data214_dout            |   in|   10|     ap_fifo|                        imgInput2_data214|       pointer|
|imgInput2_data214_num_data_valid  |   in|    3|     ap_fifo|                        imgInput2_data214|       pointer|
|imgInput2_data214_fifo_cap        |   in|    3|     ap_fifo|                        imgInput2_data214|       pointer|
|imgInput2_data214_empty_n         |   in|    1|     ap_fifo|                        imgInput2_data214|       pointer|
|imgInput2_data214_read            |  out|    1|     ap_fifo|                        imgInput2_data214|       pointer|
|gain_out_data215_din              |  out|   10|     ap_fifo|                         gain_out_data215|       pointer|
|gain_out_data215_num_data_valid   |   in|    3|     ap_fifo|                         gain_out_data215|       pointer|
|gain_out_data215_fifo_cap         |   in|    3|     ap_fifo|                         gain_out_data215|       pointer|
|gain_out_data215_full_n           |   in|    1|     ap_fifo|                         gain_out_data215|       pointer|
|gain_out_data215_write            |  out|    1|     ap_fifo|                         gain_out_data215|       pointer|
|rgain_dout                        |   in|   16|     ap_fifo|                                    rgain|       pointer|
|rgain_num_data_valid              |   in|    4|     ap_fifo|                                    rgain|       pointer|
|rgain_fifo_cap                    |   in|    4|     ap_fifo|                                    rgain|       pointer|
|rgain_empty_n                     |   in|    1|     ap_fifo|                                    rgain|       pointer|
|rgain_read                        |  out|    1|     ap_fifo|                                    rgain|       pointer|
|bgain_dout                        |   in|   16|     ap_fifo|                                    bgain|       pointer|
|bgain_num_data_valid              |   in|    4|     ap_fifo|                                    bgain|       pointer|
|bgain_fifo_cap                    |   in|    4|     ap_fifo|                                    bgain|       pointer|
|bgain_empty_n                     |   in|    1|     ap_fifo|                                    bgain|       pointer|
|bgain_read                        |  out|    1|     ap_fifo|                                    bgain|       pointer|
+----------------------------------+-----+-----+------------+-----------------------------------------+--------------+

