

================================================================
== Vitis HLS Report for 'gammacorrection_9_9_1080_1920_1_3_3_s'
================================================================
* Date:           Thu Mar  5 08:43:10 2026

* Version:        2022.2 (Build 3670227 on Oct 13 2022)
* Project:        isppipeline.prj
* Solution:       sol1 (Vivado IP Flow Target)
* Product family: zynquplus
* Target device:  xck26-sfvc784-2LV-c


================================================================
== Performance Estimates
================================================================
+ Timing: 
    * Summary: 
    +--------+---------+----------+------------+
    |  Clock |  Target | Estimated| Uncertainty|
    +--------+---------+----------+------------+
    |ap_clk  |  3.30 ns|  1.964 ns|     0.89 ns|
    +--------+---------+----------+------------+

+ Latency: 
    * Summary: 
    +---------+---------+----------+----------+---------+---------+---------+
    |  Latency (cycles) |  Latency (absolute) |      Interval     | Pipeline|
    |   min   |   max   |    min   |    max   |   min   |   max   |   Type  |
    +---------+---------+----------+----------+---------+---------+---------+
    |  2083014|  2083014|  6.874 ms|  6.874 ms|  2083014|  2083014|       no|
    +---------+---------+----------+----------+---------+---------+---------+

    + Detail: 
        * Instance: 
        +--------------------------------------------------------------------+----------------------------------------------------------+---------+---------+----------+----------+------+------+---------+
        |                                                                    |                                                          |  Latency (cycles) |  Latency (absolute) |   Interval  | Pipeline|
        |                              Instance                              |                          Module                          |   min   |   max   |    min   |    max   |  min |  max |   Type  |
        +--------------------------------------------------------------------+----------------------------------------------------------+---------+---------+----------+----------+------+------+---------+
        |grp_gammacorrection_Pipeline_VITIS_LOOP_57_2_VITIS_LOOP_58_3_fu_80  |gammacorrection_Pipeline_VITIS_LOOP_57_2_VITIS_LOOP_58_3  |      772|      772|  2.548 us|  2.548 us|   772|   772|       no|
        |grp_gammacorrection_9_9_1080_1920_1_3_3_Pipeline_colLoop_fu_92      |gammacorrection_9_9_1080_1920_1_3_3_Pipeline_colLoop      |     1925|     1925|  6.352 us|  6.352 us|  1925|  1925|       no|
        +--------------------------------------------------------------------+----------------------------------------------------------+---------+---------+----------+----------+------+------+---------+

        * Loop: 
        +-----------+---------+---------+----------+-----------+-----------+------+----------+
        |           |  Latency (cycles) | Iteration|  Initiation Interval  | Trip |          |
        | Loop Name |   min   |   max   |  Latency |  achieved |   target  | Count| Pipelined|
        +-----------+---------+---------+----------+-----------+-----------+------+----------+
        |- rowLoop  |  2082240|  2082240|      1928|          -|          -|  1080|        no|
        +-----------+---------+---------+----------+-----------+-----------+------+----------+



================================================================
== Utilization Estimates
================================================================
* Summary: 
+-----------------+---------+------+--------+--------+-----+
|       Name      | BRAM_18K|  DSP |   FF   |   LUT  | URAM|
+-----------------+---------+------+--------+--------+-----+
|DSP              |        -|     -|       -|       -|    -|
|Expression       |        -|     -|       0|      35|    -|
|FIFO             |        -|     -|       -|       -|    -|
|Instance         |        -|     -|     195|     271|    -|
|Memory           |        3|     -|       0|       0|    0|
|Multiplexer      |        -|     -|       -|     178|    -|
|Register         |        -|     -|      21|       -|    -|
+-----------------+---------+------+--------+--------+-----+
|Total            |        3|     0|     216|     484|    0|
+-----------------+---------+------+--------+--------+-----+
|Available        |      288|  1248|  234240|  117120|   64|
+-----------------+---------+------+--------+--------+-----+
|Utilization (%)  |        1|     0|      ~0|      ~0|    0|
+-----------------+---------+------+--------+--------+-----+

+ Detail: 
    * Instance: 
    +--------------------------------------------------------------------+----------------------------------------------------------+---------+----+-----+-----+-----+
    |                              Instance                              |                          Module                          | BRAM_18K| DSP|  FF | LUT | URAM|
    +--------------------------------------------------------------------+----------------------------------------------------------+---------+----+-----+-----+-----+
    |grp_gammacorrection_9_9_1080_1920_1_3_3_Pipeline_colLoop_fu_92      |gammacorrection_9_9_1080_1920_1_3_3_Pipeline_colLoop      |        0|   0|   73|   94|    0|
    |grp_gammacorrection_Pipeline_VITIS_LOOP_57_2_VITIS_LOOP_58_3_fu_80  |gammacorrection_Pipeline_VITIS_LOOP_57_2_VITIS_LOOP_58_3  |        0|   0|  122|  177|    0|
    +--------------------------------------------------------------------+----------------------------------------------------------+---------+----+-----+-----+-----+
    |Total                                                               |                                                          |        0|   0|  195|  271|    0|
    +--------------------------------------------------------------------+----------------------------------------------------------+---------+----+-----+-----+-----+

    * DSP: 
    N/A

    * Memory: 
    +-----------+-----------------------------------------------------------+---------+---+----+-----+------+-----+------+-------------+
    |   Memory  |                           Module                          | BRAM_18K| FF| LUT| URAM| Words| Bits| Banks| W*Bits*Banks|
    +-----------+-----------------------------------------------------------+---------+---+----+-----+------+-----+------+-------------+
    |lut_p_U    |gammacorrection_9_9_1080_1920_1_3_3_s_lut_p_RAM_AUTO_1R1W  |        1|  0|   0|    0|   256|    8|     1|         2048|
    |lut_p_1_U  |gammacorrection_9_9_1080_1920_1_3_3_s_lut_p_RAM_AUTO_1R1W  |        1|  0|   0|    0|   256|    8|     1|         2048|
    |lut_p_2_U  |gammacorrection_9_9_1080_1920_1_3_3_s_lut_p_RAM_AUTO_1R1W  |        1|  0|   0|    0|   256|    8|     1|         2048|
    +-----------+-----------------------------------------------------------+---------+---+----+-----+------+-----+------+-------------+
    |Total      |                                                           |        3|  0|   0|    0|   768|   24|     3|         6144|
    +-----------+-----------------------------------------------------------+---------+---+----+-----+------+-----+------+-------------+

    * FIFO: 
    N/A

    * Expression: 
    +-------------------------+----------+----+---+----+------------+------------+
    |      Variable Name      | Operation| DSP| FF| LUT| Bitwidth P0| Bitwidth P1|
    +-------------------------+----------+----+---+----+------------+------------+
    |i_V_4_fu_121_p2          |         +|   0|  0|  20|          13|           1|
    |icmp_ln1027_1_fu_116_p2  |      icmp|   0|  0|  13|          16|          16|
    |ap_block_state1          |        or|   0|  0|   2|           1|           1|
    +-------------------------+----------+----+---+----+------------+------------+
    |Total                    |          |   0|  0|  35|          30|          18|
    +-------------------------+----------+----+---+----+------------+------------+

    * Multiplexer: 
    +---------------------+----+-----------+-----+-----------+
    |         Name        | LUT| Input Size| Bits| Total Bits|
    +---------------------+----+-----------+-----+-----------+
    |aecin_data220_read   |   9|          2|    1|          2|
    |ap_NS_fsm            |  31|          6|    1|          6|
    |ap_done              |   9|          2|    1|          2|
    |i_V_fu_52            |   9|          2|   13|         26|
    |lut_p_1_address0     |  14|          3|    8|         24|
    |lut_p_1_ce0          |  14|          3|    1|          3|
    |lut_p_1_we0          |   9|          2|    1|          2|
    |lut_p_2_address0     |  14|          3|    8|         24|
    |lut_p_2_ce0          |  14|          3|    1|          3|
    |lut_p_2_we0          |   9|          2|    1|          2|
    |lut_p_address0       |  14|          3|    8|         24|
    |lut_p_ce0            |  14|          3|    1|          3|
    |lut_p_we0            |   9|          2|    1|          2|
    |p_dst_data219_write  |   9|          2|    1|          2|
    +---------------------+----+-----------+-----+-----------+
    |Total                | 178|         38|   47|        125|
    +---------------------+----+-----------+-----+-----------+

    * Register: 
    +---------------------------------------------------------------------------------+----+----+-----+-----------+
    |                                       Name                                      | FF | LUT| Bits| Const Bits|
    +---------------------------------------------------------------------------------+----+----+-----+-----------+
    |ap_CS_fsm                                                                        |   5|   0|    5|          0|
    |ap_done_reg                                                                      |   1|   0|    1|          0|
    |grp_gammacorrection_9_9_1080_1920_1_3_3_Pipeline_colLoop_fu_92_ap_start_reg      |   1|   0|    1|          0|
    |grp_gammacorrection_Pipeline_VITIS_LOOP_57_2_VITIS_LOOP_58_3_fu_80_ap_start_reg  |   1|   0|    1|          0|
    |i_V_fu_52                                                                        |  13|   0|   13|          0|
    +---------------------------------------------------------------------------------+----+----+-----+-----------+
    |Total                                                                            |  21|   0|   21|          0|
    +---------------------------------------------------------------------------------+----+----+-----+-----------+



================================================================
== Interface
================================================================
* Summary: 
+------------------------------+-----+-----+------------+--------------------------------------------+--------------+
|           RTL Ports          | Dir | Bits|  Protocol  |                Source Object               |    C Type    |
+------------------------------+-----+-----+------------+--------------------------------------------+--------------+
|ap_clk                        |   in|    1|  ap_ctrl_hs|  gammacorrection<9, 9, 1080, 1920, 1, 3, 3>|  return value|
|ap_rst                        |   in|    1|  ap_ctrl_hs|  gammacorrection<9, 9, 1080, 1920, 1, 3, 3>|  return value|
|ap_start                      |   in|    1|  ap_ctrl_hs|  gammacorrection<9, 9, 1080, 1920, 1, 3, 3>|  return value|
|ap_done                       |  out|    1|  ap_ctrl_hs|  gammacorrection<9, 9, 1080, 1920, 1, 3, 3>|  return value|
|ap_continue                   |   in|    1|  ap_ctrl_hs|  gammacorrection<9, 9, 1080, 1920, 1, 3, 3>|  return value|
|ap_idle                       |  out|    1|  ap_ctrl_hs|  gammacorrection<9, 9, 1080, 1920, 1, 3, 3>|  return value|
|ap_ready                      |  out|    1|  ap_ctrl_hs|  gammacorrection<9, 9, 1080, 1920, 1, 3, 3>|  return value|
|p_read                        |   in|   16|     ap_none|                                      p_read|        scalar|
|p_read1                       |   in|   16|     ap_none|                                     p_read1|        scalar|
|aecin_data220_dout            |   in|   24|     ap_fifo|                               aecin_data220|       pointer|
|aecin_data220_num_data_valid  |   in|    3|     ap_fifo|                               aecin_data220|       pointer|
|aecin_data220_fifo_cap        |   in|    3|     ap_fifo|                               aecin_data220|       pointer|
|aecin_data220_empty_n         |   in|    1|     ap_fifo|                               aecin_data220|       pointer|
|aecin_data220_read            |  out|    1|     ap_fifo|                               aecin_data220|       pointer|
|p_dst_data219_din             |  out|   24|     ap_fifo|                               p_dst_data219|       pointer|
|p_dst_data219_num_data_valid  |   in|    3|     ap_fifo|                               p_dst_data219|       pointer|
|p_dst_data219_fifo_cap        |   in|    3|     ap_fifo|                               p_dst_data219|       pointer|
|p_dst_data219_full_n          |   in|    1|     ap_fifo|                               p_dst_data219|       pointer|
|p_dst_data219_write           |  out|    1|     ap_fifo|                               p_dst_data219|       pointer|
|gamma_lut_address0            |  out|   10|   ap_memory|                                   gamma_lut|         array|
|gamma_lut_ce0                 |  out|    1|   ap_memory|                                   gamma_lut|         array|
|gamma_lut_q0                  |   in|    8|   ap_memory|                                   gamma_lut|         array|
+------------------------------+-----+-----+------------+--------------------------------------------+--------------+

