

================================================================
== Vitis HLS Report for 'gammacorrection_Pipeline_VITIS_LOOP_57_2_VITIS_LOOP_58_3'
================================================================
* Date:           Thu Mar  5 08:43:10 2026

* Version:        2022.2 (Build 3670227 on Oct 13 2022)
* Project:        isppipeline.prj
* Solution:       sol1 (Vivado IP Flow Target)
* Product family: zynquplus
* Target device:  xck26-sfvc784-2LV-c


================================================================
== Performance Estimates
================================================================
+ Timing: 
    * Summary: 
    +--------+---------+----------+------------+
    |  Clock |  Target | Estimated| Uncertainty|
    +--------+---------+----------+------------+
    |ap_clk  |  3.30 ns|  1.964 ns|     0.89 ns|
    +--------+---------+----------+------------+

+ Latency: 
    * Summary: 
    +---------+---------+----------+----------+-----+-----+---------+
    |  Latency (cycles) |  Latency (absolute) |  Interval | Pipeline|
    |   min   |   max   |    min   |    max   | min | max |   Type  |
    +---------+---------+----------+----------+-----+-----+---------+
    |      772|      772|  2.548 us|  2.548 us|  772|  772|       no|
    +---------+---------+----------+----------+-----+-----+---------+

    + Detail: 
        * Instance: 
        N/A

        * Loop: 
        +-----------------------------------+---------+---------+----------+-----------+-----------+------+----------+
        |                                   |  Latency (cycles) | Iteration|  Initiation Interval  | Trip |          |
        |             Loop Name             |   min   |   max   |  Latency |  achieved |   target  | Count| Pipelined|
        +-----------------------------------+---------+---------+----------+-----------+-----------+------+----------+
        |- VITIS_LOOP_57_2_VITIS_LOOP_58_3  |      770|      770|         4|          1|          1|   768|       yes|
        +-----------------------------------+---------+---------+----------+-----------+-----------+------+----------+



================================================================
== Utilization Estimates
================================================================
* Summary: 
+-----------------+---------+------+--------+--------+-----+
|       Name      | BRAM_18K|  DSP |   FF   |   LUT  | URAM|
+-----------------+---------+------+--------+--------+-----+
|DSP              |        -|     -|       -|       -|    -|
|Expression       |        -|     -|       0|      77|    -|
|FIFO             |        -|     -|       -|       -|    -|
|Instance         |        -|     -|       -|       -|    -|
|Memory           |        -|     -|       -|       -|    -|
|Multiplexer      |        -|     -|       -|      68|    -|
|Register         |        -|     -|     122|      32|    -|
+-----------------+---------+------+--------+--------+-----+
|Total            |        0|     0|     122|     177|    0|
+-----------------+---------+------+--------+--------+-----+
|Available        |      288|  1248|  234240|  117120|   64|
+-----------------+---------+------+--------+--------+-----+
|Utilization (%)  |        0|     0|      ~0|      ~0|    0|
+-----------------+---------+------+--------+--------+-----+

+ Detail: 
    * Instance: 
    N/A

    * DSP: 
    N/A

    * Memory: 
    N/A

    * FIFO: 
    N/A

    * Expression: 
    +-------------------------+----------+----+---+----+------------+------------+
    |      Variable Name      | Operation| DSP| FF| LUT| Bitwidth P0| Bitwidth P1|
    +-------------------------+----------+----+---+----+------------+------------+
    |add_ln1027_fu_150_p2     |         +|   0|  0|  17|          10|           1|
    |add_ln840_1_fu_185_p2    |         +|   0|  0|   9|           2|           1|
    |add_ln840_fu_210_p2      |         +|   0|  0|  16|           9|           1|
    |icmp_ln1027_1_fu_159_p2  |      icmp|   0|  0|  11|           9|          10|
    |icmp_ln1027_fu_144_p2    |      icmp|   0|  0|  11|          10|          10|
    |select_ln1027_fu_191_p3  |    select|   0|  0|   2|           1|           2|
    |select_ln44_fu_165_p3    |    select|   0|  0|   9|           1|           1|
    |ap_enable_pp0            |       xor|   0|  0|   2|           1|           2|
    +-------------------------+----------+----+---+----+------------+------------+
    |Total                    |          |   0|  0|  77|          43|          28|
    +-------------------------+----------+----+---+----+------------+------------+

    * Multiplexer: 
    +--------------------------------------+----+-----------+-----+-----------+
    |                 Name                 | LUT| Input Size| Bits| Total Bits|
    +--------------------------------------+----+-----------+-----+-----------+
    |ap_done_int                           |   9|          2|    1|          2|
    |ap_enable_reg_pp0_iter1               |   9|          2|    1|          2|
    |ap_sig_allocacmp_indvar_flatten_load  |   9|          2|   10|         20|
    |ap_sig_allocacmp_j_V_load             |  14|          3|    9|         27|
    |indvar_flatten_fu_70                  |   9|          2|   10|         20|
    |j_V_fu_62                             |   9|          2|    9|         18|
    |k_V_fu_66                             |   9|          2|    2|          4|
    +--------------------------------------+----+-----------+-----+-----------+
    |Total                                 |  68|         15|   42|         93|
    +--------------------------------------+----+-----------+-----+-----------+

    * Register: 
    +-------------------------------------+----+----+-----+-----------+
    |                 Name                | FF | LUT| Bits| Const Bits|
    +-------------------------------------+----+----+-----+-----------+
    |ap_CS_fsm                            |   1|   0|    1|          0|
    |ap_done_reg                          |   1|   0|    1|          0|
    |ap_enable_reg_pp0_iter1              |   1|   0|    1|          0|
    |ap_enable_reg_pp0_iter2              |   1|   0|    1|          0|
    |ap_enable_reg_pp0_iter3              |   1|   0|    1|          0|
    |ap_loop_exit_ready_pp0_iter1_reg     |   1|   0|    1|          0|
    |ap_loop_exit_ready_pp0_iter2_reg     |   1|   0|    1|          0|
    |gamma_lut_load_reg_281               |   8|   0|    8|          0|
    |icmp_ln1027_1_reg_256                |   1|   0|    1|          0|
    |indvar_flatten_fu_70                 |  10|   0|   10|          0|
    |j_V_fu_62                            |   9|   0|    9|          0|
    |k_V_fu_66                            |   2|   0|    2|          0|
    |rhs_reg_267                          |   8|   0|    8|          0|
    |select_ln1027_reg_272                |   2|   0|    2|          0|
    |select_ln1027_reg_272_pp0_iter2_reg  |   2|   0|    2|          0|
    |select_ln44_reg_261                  |   9|   0|    9|          0|
    |select_ln44_reg_261                  |  64|  32|    9|          0|
    +-------------------------------------+----+----+-----+-----------+
    |Total                                | 122|  32|   67|          0|
    +-------------------------------------+----+----+-----+-----------+



================================================================
== Interface
================================================================
* Summary: 
+--------------------+-----+-----+------------+----------------------------------------------------------+--------------+
|      RTL Ports     | Dir | Bits|  Protocol  |                       Source Object                      |    C Type    |
+--------------------+-----+-----+------------+----------------------------------------------------------+--------------+
|ap_clk              |   in|    1|  ap_ctrl_hs|  gammacorrection_Pipeline_VITIS_LOOP_57_2_VITIS_LOOP_58_3|  return value|
|ap_rst              |   in|    1|  ap_ctrl_hs|  gammacorrection_Pipeline_VITIS_LOOP_57_2_VITIS_LOOP_58_3|  return value|
|ap_start            |   in|    1|  ap_ctrl_hs|  gammacorrection_Pipeline_VITIS_LOOP_57_2_VITIS_LOOP_58_3|  return value|
|ap_done             |  out|    1|  ap_ctrl_hs|  gammacorrection_Pipeline_VITIS_LOOP_57_2_VITIS_LOOP_58_3|  return value|
|ap_idle             |  out|    1|  ap_ctrl_hs|  gammacorrection_Pipeline_VITIS_LOOP_57_2_VITIS_LOOP_58_3|  return value|
|ap_ready            |  out|    1|  ap_ctrl_hs|  gammacorrection_Pipeline_VITIS_LOOP_57_2_VITIS_LOOP_58_3|  return value|
|gamma_lut_address0  |  out|   10|   ap_memory|                                                 gamma_lut|         array|
|gamma_lut_ce0       |  out|    1|   ap_memory|                                                 gamma_lut|         array|
|gamma_lut_q0        |   in|    8|   ap_memory|                                                 gamma_lut|         array|
|lut_p_address0      |  out|    8|   ap_memory|                                                     lut_p|         array|
|lut_p_ce0           |  out|    1|   ap_memory|                                                     lut_p|         array|
|lut_p_we0           |  out|    1|   ap_memory|                                                     lut_p|         array|
|lut_p_d0            |  out|    8|   ap_memory|                                                     lut_p|         array|
|lut_p_1_address0    |  out|    8|   ap_memory|                                                   lut_p_1|         array|
|lut_p_1_ce0         |  out|    1|   ap_memory|                                                   lut_p_1|         array|
|lut_p_1_we0         |  out|    1|   ap_memory|                                                   lut_p_1|         array|
|lut_p_1_d0          |  out|    8|   ap_memory|                                                   lut_p_1|         array|
|lut_p_2_address0    |  out|    8|   ap_memory|                                                   lut_p_2|         array|
|lut_p_2_ce0         |  out|    1|   ap_memory|                                                   lut_p_2|         array|
|lut_p_2_we0         |  out|    1|   ap_memory|                                                   lut_p_2|         array|
|lut_p_2_d0          |  out|    8|   ap_memory|                                                   lut_p_2|         array|
+--------------------+-----+-----+------------+----------------------------------------------------------+--------------+

