

================================================================
== Vitis HLS Report for 'ISPpipeline'
================================================================
* Date:           Thu Mar  5 08:43:11 2026

* Version:        2022.2 (Build 3670227 on Oct 13 2022)
* Project:        isppipeline.prj
* Solution:       sol1 (Vivado IP Flow Target)
* Product family: zynquplus
* Target device:  xck26-sfvc784-2LV-c


================================================================
== Performance Estimates
================================================================
+ Timing: 
    * Summary: 
    +--------+---------+----------+------------+
    |  Clock |  Target | Estimated| Uncertainty|
    +--------+---------+----------+------------+
    |ap_clk  |  3.30 ns|  3.239 ns|     0.89 ns|
    +--------+---------+----------+------------+

+ Latency: 
    * Summary: 
    +---------+---------+----------+----------+---------+---------+----------+
    |  Latency (cycles) |  Latency (absolute) |      Interval     | Pipeline |
    |   min   |   max   |    min   |    max   |   min   |   max   |   Type   |
    +---------+---------+----------+----------+---------+---------+----------+
    |  2084560|  2097982|  6.879 ms|  6.923 ms|  2084403|  2097967|  dataflow|
    +---------+---------+----------+----------+---------+---------+----------+

    + Detail: 
        * Instance: 
        +----------------------------------------------------------+---------------------------------------------------------+---------+---------+-----------+-----------+---------+---------+---------+
        |                                                          |                                                         |  Latency (cycles) |   Latency (absolute)  |      Interval     | Pipeline|
        |                         Instance                         |                          Module                         |   min   |   max   |    min    |    max    |   min   |   max   |   Type  |
        +----------------------------------------------------------+---------------------------------------------------------+---------+---------+-----------+-----------+---------+---------+---------+
        |entry_proc_U0                                             |entry_proc                                               |        0|        0|       0 ns|       0 ns|        0|        0|       no|
        |ISPpipeline_Block_entry2_proc_U0                          |ISPpipeline_Block_entry2_proc                            |       14|       14|  46.200 ns|  46.200 ns|       14|       14|       no|
        |AXIVideo2BayerMat_13_1080_1920_1_3_U0                     |AXIVideo2BayerMat_13_1080_1920_1_3_s                     |        7|  2085487|  23.100 ns|   6.882 ms|        7|  2085487|       no|
        |blackLevelCorrection_13_1080_1920_1_16_15_1_3_3_U0        |blackLevelCorrection_13_1080_1920_1_16_15_1_3_3_s        |  2073612|  2073612|   6.843 ms|   6.843 ms|  2073612|  2073612|       no|
        |gaincontrol_3_13_1080_1920_1_3_3_U0                       |gaincontrol_3_13_1080_1920_1_3_3_s                       |  2083321|  2083321|   6.875 ms|   6.875 ms|  2083321|  2083321|       no|
        |demosaicing_3_13_17_1080_1920_1_false_3_3_U0              |demosaicing_3_13_17_1080_1920_1_false_3_3_s              |    14646|  2097966|  48.332 us|   6.923 ms|    14646|  2097966|       no|
        |function_awb_17_17_1080_1920_1_3_3_U0                     |function_awb_17_17_1080_1920_1_3_3_s                     |  2079003|  2090230|   6.861 ms|   6.898 ms|  2079003|  2090230|       no|
        |colorcorrectionmatrix_0_17_17_1080_1920_1_3_3_U0          |colorcorrectionmatrix_0_17_17_1080_1920_1_3_3_s          |  2084402|  2084402|   6.879 ms|   6.879 ms|  2084402|  2084402|       no|
        |xf_QuatizationDithering_17_9_1080_1920_256_1024_1_3_3_U0  |xf_QuatizationDithering_17_9_1080_1920_256_1024_1_3_3_s  |  2075531|  2075531|   6.849 ms|   6.849 ms|  2075531|  2075531|       no|
        |gammacorrection_9_9_1080_1920_1_3_3_U0                    |gammacorrection_9_9_1080_1920_1_3_3_s                    |  2083014|  2083014|   6.874 ms|   6.874 ms|  2083014|  2083014|       no|
        |ColorMat2AXIvideo_9_1080_1920_1_3_U0                      |ColorMat2AXIvideo_9_1080_1920_1_3_s                      |        1|  2080081|   3.300 ns|   6.864 ms|        1|  2080081|       no|
        +----------------------------------------------------------+---------------------------------------------------------+---------+---------+-----------+-----------+---------+---------+---------+

        * Loop: 
        N/A



================================================================
== Utilization Estimates
================================================================
* Summary: 
+-----------------+---------+------+--------+--------+-----+
|       Name      | BRAM_18K|  DSP |   FF   |   LUT  | URAM|
+-----------------+---------+------+--------+--------+-----+
|DSP              |        -|     -|       -|       -|    -|
|Expression       |        -|     -|       0|     104|    -|
|FIFO             |        -|     -|    3069|    2062|    -|
|Instance         |       26|    42|   11560|   14449|    0|
|Memory           |        -|     -|       -|       -|    -|
|Multiplexer      |        -|     -|       -|     189|    -|
|Register         |        -|     -|      21|       -|    -|
+-----------------+---------+------+--------+--------+-----+
|Total            |       26|    42|   14650|   16804|    0|
+-----------------+---------+------+--------+--------+-----+
|Available        |      288|  1248|  234240|  117120|   64|
+-----------------+---------+------+--------+--------+-----+
|Utilization (%)  |        9|     3|       6|      14|    0|
+-----------------+---------+------+--------+--------+-----+

+ Detail: 
    * Instance: 
    +----------------------------------------------------------+---------------------------------------------------------+---------+----+------+------+-----+
    |                         Instance                         |                          Module                         | BRAM_18K| DSP|  FF  |  LUT | URAM|
    +----------------------------------------------------------+---------------------------------------------------------+---------+----+------+------+-----+
    |AXIVideo2BayerMat_13_1080_1920_1_3_U0                     |AXIVideo2BayerMat_13_1080_1920_1_3_s                     |        0|   0|   132|   479|    0|
    |ColorMat2AXIvideo_9_1080_1920_1_3_U0                      |ColorMat2AXIvideo_9_1080_1920_1_3_s                      |        0|   0|    80|   256|    0|
    |ISPpipeline_Block_entry2_proc_U0                          |ISPpipeline_Block_entry2_proc                            |        0|   3|   535|   375|    0|
    |blackLevelCorrection_13_1080_1920_1_16_15_1_3_3_U0        |blackLevelCorrection_13_1080_1920_1_16_15_1_3_3_s        |        0|   2|   170|   279|    0|
    |colorcorrectionmatrix_0_17_17_1080_1920_1_3_3_U0          |colorcorrectionmatrix_0_17_17_1080_1920_1_3_3_s          |        0|   9|   896|   891|    0|
    |demosaicing_3_13_17_1080_1920_1_false_3_3_U0              |demosaicing_3_13_17_1080_1920_1_false_3_3_s              |        8|   0|  2284|  3080|    0|
    |entry_proc_U0                                             |entry_proc                                               |        0|   0|     2|    29|    0|
    |function_awb_17_17_1080_1920_1_3_3_U0                     |function_awb_17_17_1080_1920_1_3_3_s                     |       12|  25|  6417|  7001|    0|
    |gaincontrol_3_13_1080_1920_1_3_3_U0                       |gaincontrol_3_13_1080_1920_1_3_3_s                       |        0|   2|   257|   336|    0|
    |gammacorrection_9_9_1080_1920_1_3_3_U0                    |gammacorrection_9_9_1080_1920_1_3_3_s                    |        3|   0|   216|   484|    0|
    |xf_QuatizationDithering_17_9_1080_1920_256_1024_1_3_3_U0  |xf_QuatizationDithering_17_9_1080_1920_256_1024_1_3_3_s  |        3|   1|   571|  1239|    0|
    +----------------------------------------------------------+---------------------------------------------------------+---------+----+------+------+-----+
    |Total                                                     |                                                         |       26|  42| 11560| 14449|    0|
    +----------------------------------------------------------+---------------------------------------------------------+---------+----+------+------+-----+

    * DSP: 
    N/A

    * Memory: 
    N/A

    * FIFO: 
    +------------------------------+---------+----+----+-----+------+-----+---------+
    |             Name             | BRAM_18K| FF | LUT| URAM| Depth| Bits| Size:D*B|
    +------------------------------+---------+----+----+-----+------+-----+---------+
    |aecin_cols_channel_U          |        0|  99|   0|    -|     9|   16|      144|
    |aecin_data_U                  |        0|  99|   0|    -|     3|   24|       72|
    |aecin_rows_channel_U          |        0|  99|   0|    -|     9|   16|      144|
    |bgain_c_U                     |        0|  99|   0|    -|     5|   16|       80|
    |demosaic_out_cols_channel_U   |        0|  99|   0|    -|     6|   16|       96|
    |demosaic_out_data_U           |        0|  99|   0|    -|     3|   30|       90|
    |demosaic_out_rows_channel_U   |        0|  99|   0|    -|     6|   16|       96|
    |gain_out_cols_channel_U       |        0|  99|   0|    -|     5|   16|       80|
    |gain_out_data_U               |        0|  99|   0|    -|     3|   10|       30|
    |gain_out_rows_channel_U       |        0|  99|   0|    -|     5|   16|       80|
    |imgInput1_cols_c24_channel_U  |        0|  99|   0|    -|     2|   16|       32|
    |imgInput1_cols_c_U            |        0|  99|   0|    -|     2|   16|       32|
    |imgInput1_data_U              |        0|  99|   0|    -|     3|   10|       30|
    |imgInput1_rows_c23_channel_U  |        0|  99|   0|    -|     2|   16|       32|
    |imgInput1_rows_c_U            |        0|  99|   0|    -|     2|   16|       32|
    |imgInput2_cols_channel_U      |        0|  99|   0|    -|     4|   16|       64|
    |imgInput2_data_U              |        0|  99|   0|    -|     3|   10|       30|
    |imgInput2_rows_channel_U      |        0|  99|   0|    -|     4|   16|       64|
    |lsc_out_cols_channel_U        |        0|  99|   0|    -|     8|   16|      128|
    |lsc_out_data_U                |        0|  99|   0|    -|     3|   30|       90|
    |lsc_out_rows_channel_U        |        0|  99|   0|    -|     8|   16|      128|
    |ltm_in_cols_c26_channel_U     |        0|  99|   0|    -|     6|   16|       96|
    |ltm_in_cols_c_U               |        0|  99|   0|    -|     2|   11|       22|
    |ltm_in_data_U                 |        0|  99|   0|    -|     3|   30|       90|
    |ltm_in_rows_c25_channel_U     |        0|  99|   0|    -|     6|   16|       96|
    |ltm_in_rows_c_U               |        0|  99|   0|    -|     2|   11|       22|
    |p_dst_cols_channel_U          |        0|  99|   0|    -|    10|   16|      160|
    |p_dst_data_U                  |        0|  99|   0|    -|     3|   24|       72|
    |p_dst_rows_channel_U          |        0|  99|   0|    -|    10|   16|      160|
    |rgain_c_U                     |        0|  99|   0|    -|     5|   16|       80|
    |thresh_loc_channel_U          |        0|  99|   0|    -|     6|   32|      192|
    +------------------------------+---------+----+----+-----+------+-----+---------+
    |Total                         |        0|3069|   0|    0|   148|  542|     2564|
    +------------------------------+---------+----+----+-----+------+-----+---------+

    * Expression: 
    +-------------------------------------------------------------------+----------+----+---+----+------------+------------+
    |                           Variable Name                           | Operation| DSP| FF| LUT| Bitwidth P0| Bitwidth P1|
    +-------------------------------------------------------------------+----------+----+---+----+------------+------------+
    |AXIVideo2BayerMat_13_1080_1920_1_3_U0_ap_start                     |       and|   0|  0|   2|           1|           1|
    |ColorMat2AXIvideo_9_1080_1920_1_3_U0_ap_start                      |       and|   0|  0|   2|           1|           1|
    |ISPpipeline_Block_entry2_proc_U0_ap_continue                       |       and|   0|  0|   2|           1|           1|
    |ISPpipeline_Block_entry2_proc_U0_ap_start                          |       and|   0|  0|   2|           1|           1|
    |ap_channel_done_aecin_cols_channel                                 |       and|   0|  0|   2|           1|           1|
    |ap_channel_done_aecin_rows_channel                                 |       and|   0|  0|   2|           1|           1|
    |ap_channel_done_demosaic_out_cols_channel                          |       and|   0|  0|   2|           1|           1|
    |ap_channel_done_demosaic_out_rows_channel                          |       and|   0|  0|   2|           1|           1|
    |ap_channel_done_gain_out_cols_channel                              |       and|   0|  0|   2|           1|           1|
    |ap_channel_done_gain_out_rows_channel                              |       and|   0|  0|   2|           1|           1|
    |ap_channel_done_imgInput1_cols_c24_channel                         |       and|   0|  0|   2|           1|           1|
    |ap_channel_done_imgInput1_rows_c23_channel                         |       and|   0|  0|   2|           1|           1|
    |ap_channel_done_imgInput2_cols_channel                             |       and|   0|  0|   2|           1|           1|
    |ap_channel_done_imgInput2_rows_channel                             |       and|   0|  0|   2|           1|           1|
    |ap_channel_done_lsc_out_cols_channel                               |       and|   0|  0|   2|           1|           1|
    |ap_channel_done_lsc_out_rows_channel                               |       and|   0|  0|   2|           1|           1|
    |ap_channel_done_ltm_in_cols_c26_channel                            |       and|   0|  0|   2|           1|           1|
    |ap_channel_done_ltm_in_rows_c25_channel                            |       and|   0|  0|   2|           1|           1|
    |ap_channel_done_p_dst_cols_channel                                 |       and|   0|  0|   2|           1|           1|
    |ap_channel_done_p_dst_rows_channel                                 |       and|   0|  0|   2|           1|           1|
    |ap_channel_done_thresh_loc_channel                                 |       and|   0|  0|   2|           1|           1|
    |ap_idle                                                            |       and|   0|  0|   2|           1|           1|
    |ap_sync_continue                                                   |       and|   0|  0|   2|           1|           1|
    |ap_sync_done                                                       |       and|   0|  0|   2|           1|           1|
    |ap_sync_ready                                                      |       and|   0|  0|   2|           1|           1|
    |demosaicing_3_13_17_1080_1920_1_false_3_3_U0_ap_start              |       and|   0|  0|   2|           1|           1|
    |entry_proc_U0_ap_start                                             |       and|   0|  0|   2|           1|           1|
    |function_awb_17_17_1080_1920_1_3_3_U0_ap_start                     |       and|   0|  0|   2|           1|           1|
    |gaincontrol_3_13_1080_1920_1_3_3_U0_ap_start                       |       and|   0|  0|   2|           1|           1|
    |gammacorrection_9_9_1080_1920_1_3_3_U0_ap_start                    |       and|   0|  0|   2|           1|           1|
    |xf_QuatizationDithering_17_9_1080_1920_256_1024_1_3_3_U0_ap_start  |       and|   0|  0|   2|           1|           1|
    |ap_sync_ISPpipeline_Block_entry2_proc_U0_ap_ready                  |        or|   0|  0|   2|           1|           1|
    |ap_sync_channel_write_aecin_cols_channel                           |        or|   0|  0|   2|           1|           1|
    |ap_sync_channel_write_aecin_rows_channel                           |        or|   0|  0|   2|           1|           1|
    |ap_sync_channel_write_demosaic_out_cols_channel                    |        or|   0|  0|   2|           1|           1|
    |ap_sync_channel_write_demosaic_out_rows_channel                    |        or|   0|  0|   2|           1|           1|
    |ap_sync_channel_write_gain_out_cols_channel                        |        or|   0|  0|   2|           1|           1|
    |ap_sync_channel_write_gain_out_rows_channel                        |        or|   0|  0|   2|           1|           1|
    |ap_sync_channel_write_imgInput1_cols_c24_channel                   |        or|   0|  0|   2|           1|           1|
    |ap_sync_channel_write_imgInput1_rows_c23_channel                   |        or|   0|  0|   2|           1|           1|
    |ap_sync_channel_write_imgInput2_cols_channel                       |        or|   0|  0|   2|           1|           1|
    |ap_sync_channel_write_imgInput2_rows_channel                       |        or|   0|  0|   2|           1|           1|
    |ap_sync_channel_write_lsc_out_cols_channel                         |        or|   0|  0|   2|           1|           1|
    |ap_sync_channel_write_lsc_out_rows_channel                         |        or|   0|  0|   2|           1|           1|
    |ap_sync_channel_write_ltm_in_cols_c26_channel                      |        or|   0|  0|   2|           1|           1|
    |ap_sync_channel_write_ltm_in_rows_c25_channel                      |        or|   0|  0|   2|           1|           1|
    |ap_sync_channel_write_p_dst_cols_channel                           |        or|   0|  0|   2|           1|           1|
    |ap_sync_channel_write_p_dst_rows_channel                           |        or|   0|  0|   2|           1|           1|
    |ap_sync_channel_write_thresh_loc_channel                           |        or|   0|  0|   2|           1|           1|
    |ap_sync_entry_proc_U0_ap_ready                                     |        or|   0|  0|   2|           1|           1|
    |ap_sync_function_awb_17_17_1080_1920_1_3_3_U0_ap_ready             |        or|   0|  0|   2|           1|           1|
    |ap_sync_gammacorrection_9_9_1080_1920_1_3_3_U0_ap_ready            |        or|   0|  0|   2|           1|           1|
    +-------------------------------------------------------------------+----------+----+---+----+------------+------------+
    |Total                                                              |          |   0|  0| 104|          52|          52|
    +-------------------------------------------------------------------+----------+----+---+----+------------+------------+

    * Multiplexer: 
    +-------------------------------------------------------------+----+-----------+-----+-----------+
    |                             Name                            | LUT| Input Size| Bits| Total Bits|
    +-------------------------------------------------------------+----+-----------+-----+-----------+
    |ap_sync_reg_ISPpipeline_Block_entry2_proc_U0_ap_ready        |   9|          2|    1|          2|
    |ap_sync_reg_channel_write_aecin_cols_channel                 |   9|          2|    1|          2|
    |ap_sync_reg_channel_write_aecin_rows_channel                 |   9|          2|    1|          2|
    |ap_sync_reg_channel_write_demosaic_out_cols_channel          |   9|          2|    1|          2|
    |ap_sync_reg_channel_write_demosaic_out_rows_channel          |   9|          2|    1|          2|
    |ap_sync_reg_channel_write_gain_out_cols_channel              |   9|          2|    1|          2|
    |ap_sync_reg_channel_write_gain_out_rows_channel              |   9|          2|    1|          2|
    |ap_sync_reg_channel_write_imgInput1_cols_c24_channel         |   9|          2|    1|          2|
    |ap_sync_reg_channel_write_imgInput1_rows_c23_channel         |   9|          2|    1|          2|
    |ap_sync_reg_channel_write_imgInput2_cols_channel             |   9|          2|    1|          2|
    |ap_sync_reg_channel_write_imgInput2_rows_channel             |   9|          2|    1|          2|
    |ap_sync_reg_channel_write_lsc_out_cols_channel               |   9|          2|    1|          2|
    |ap_sync_reg_channel_write_lsc_out_rows_channel               |   9|          2|    1|          2|
    |ap_sync_reg_channel_write_ltm_in_cols_c26_channel            |   9|          2|    1|          2|
    |ap_sync_reg_channel_write_ltm_in_rows_c25_channel            |   9|          2|    1|          2|
    |ap_sync_reg_channel_write_p_dst_cols_channel                 |   9|          2|    1|          2|
    |ap_sync_reg_channel_write_p_dst_rows_channel                 |   9|          2|    1|          2|
    |ap_sync_reg_channel_write_thresh_loc_channel                 |   9|          2|    1|          2|
    |ap_sync_reg_entry_proc_U0_ap_ready                           |   9|          2|    1|          2|
    |ap_sync_reg_function_awb_17_17_1080_1920_1_3_3_U0_ap_ready   |   9|          2|    1|          2|
    |ap_sync_reg_gammacorrection_9_9_1080_1920_1_3_3_U0_ap_ready  |   9|          2|    1|          2|
    +-------------------------------------------------------------+----+-----------+-----+-----------+
    |Total                                                        | 189|         42|   21|         42|
    +-------------------------------------------------------------+----+-----------+-----+-----------+

    * Register: 
    +-------------------------------------------------------------+---+----+-----+-----------+
    |                             Name                            | FF| LUT| Bits| Const Bits|
    +-------------------------------------------------------------+---+----+-----+-----------+
    |ap_sync_reg_ISPpipeline_Block_entry2_proc_U0_ap_ready        |  1|   0|    1|          0|
    |ap_sync_reg_channel_write_aecin_cols_channel                 |  1|   0|    1|          0|
    |ap_sync_reg_channel_write_aecin_rows_channel                 |  1|   0|    1|          0|
    |ap_sync_reg_channel_write_demosaic_out_cols_channel          |  1|   0|    1|          0|
    |ap_sync_reg_channel_write_demosaic_out_rows_channel          |  1|   0|    1|          0|
    |ap_sync_reg_channel_write_gain_out_cols_channel              |  1|   0|    1|          0|
    |ap_sync_reg_channel_write_gain_out_rows_channel              |  1|   0|    1|          0|
    |ap_sync_reg_channel_write_imgInput1_cols_c24_channel         |  1|   0|    1|          0|
    |ap_sync_reg_channel_write_imgInput1_rows_c23_channel         |  1|   0|    1|          0|
    |ap_sync_reg_channel_write_imgInput2_cols_channel             |  1|   0|    1|          0|
    |ap_sync_reg_channel_write_imgInput2_rows_channel             |  1|   0|    1|          0|
    |ap_sync_reg_channel_write_lsc_out_cols_channel               |  1|   0|    1|          0|
    |ap_sync_reg_channel_write_lsc_out_rows_channel               |  1|   0|    1|          0|
    |ap_sync_reg_channel_write_ltm_in_cols_c26_channel            |  1|   0|    1|          0|
    |ap_sync_reg_channel_write_ltm_in_rows_c25_channel            |  1|   0|    1|          0|
    |ap_sync_reg_channel_write_p_dst_cols_channel                 |  1|   0|    1|          0|
    |ap_sync_reg_channel_write_p_dst_rows_channel                 |  1|   0|    1|          0|
    |ap_sync_reg_channel_write_thresh_loc_channel                 |  1|   0|    1|          0|
    |ap_sync_reg_entry_proc_U0_ap_ready                           |  1|   0|    1|          0|
    |ap_sync_reg_function_awb_17_17_1080_1920_1_3_3_U0_ap_ready   |  1|   0|    1|          0|
    |ap_sync_reg_gammacorrection_9_9_1080_1920_1_3_3_U0_ap_ready  |  1|   0|    1|          0|
    +-------------------------------------------------------------+---+----+-----+-----------+
    |Total                                                        | 21|   0|   21|          0|
    +-------------------------------------------------------------+---+----+-----+-----------+



================================================================
== Interface
================================================================
* Summary: 
+---------------------+-----+-----+------------+-----------------------+--------------+
|      RTL Ports      | Dir | Bits|  Protocol  |     Source Object     |    C Type    |
+---------------------+-----+-----+------------+-----------------------+--------------+
|s_axis_video_TDATA   |   in|   16|        axis|  s_axis_video_V_data_V|       pointer|
|s_axis_video_TKEEP   |   in|    2|        axis|  s_axis_video_V_keep_V|       pointer|
|s_axis_video_TSTRB   |   in|    2|        axis|  s_axis_video_V_strb_V|       pointer|
|s_axis_video_TUSER   |   in|    1|        axis|  s_axis_video_V_user_V|       pointer|
|s_axis_video_TLAST   |   in|    1|        axis|  s_axis_video_V_last_V|       pointer|
|s_axis_video_TID     |   in|    1|        axis|    s_axis_video_V_id_V|       pointer|
|s_axis_video_TDEST   |   in|    1|        axis|  s_axis_video_V_dest_V|       pointer|
|s_axis_video_TVALID  |   in|    1|        axis|  s_axis_video_V_dest_V|       pointer|
|s_axis_video_TREADY  |  out|    1|        axis|  s_axis_video_V_dest_V|       pointer|
|m_axis_video_TDATA   |  out|   24|        axis|  m_axis_video_V_data_V|       pointer|
|m_axis_video_TKEEP   |  out|    3|        axis|  m_axis_video_V_keep_V|       pointer|
|m_axis_video_TSTRB   |  out|    3|        axis|  m_axis_video_V_strb_V|       pointer|
|m_axis_video_TUSER   |  out|    1|        axis|  m_axis_video_V_user_V|       pointer|
|m_axis_video_TLAST   |  out|    1|        axis|  m_axis_video_V_last_V|       pointer|
|m_axis_video_TID     |  out|    1|        axis|    m_axis_video_V_id_V|       pointer|
|m_axis_video_TDEST   |  out|    1|        axis|  m_axis_video_V_dest_V|       pointer|
|m_axis_video_TVALID  |  out|    1|        axis|  m_axis_video_V_dest_V|       pointer|
|m_axis_video_TREADY  |   in|    1|        axis|  m_axis_video_V_dest_V|       pointer|
|height               |   in|   16|     ap_none|                 height|        scalar|
|height_ap_vld        |   in|    1|     ap_none|                 height|        scalar|
|width                |   in|   16|     ap_none|                  width|        scalar|
|width_ap_vld         |   in|    1|     ap_none|                  width|        scalar|
|hist0_0_address0     |  out|   10|   ap_memory|                hist0_0|         array|
|hist0_0_ce0          |  out|    1|   ap_memory|                hist0_0|         array|
|hist0_0_d0           |  out|   32|   ap_memory|                hist0_0|         array|
|hist0_0_q0           |   in|   32|   ap_memory|                hist0_0|         array|
|hist0_0_we0          |  out|    1|   ap_memory|                hist0_0|         array|
|hist0_0_address1     |  out|   10|   ap_memory|                hist0_0|         array|
|hist0_0_ce1          |  out|    1|   ap_memory|                hist0_0|         array|
|hist0_0_d1           |  out|   32|   ap_memory|                hist0_0|         array|
|hist0_0_q1           |   in|   32|   ap_memory|                hist0_0|         array|
|hist0_0_we1          |  out|    1|   ap_memory|                hist0_0|         array|
|hist0_1_address0     |  out|   10|   ap_memory|                hist0_1|         array|
|hist0_1_ce0          |  out|    1|   ap_memory|                hist0_1|         array|
|hist0_1_d0           |  out|   32|   ap_memory|                hist0_1|         array|
|hist0_1_q0           |   in|   32|   ap_memory|                hist0_1|         array|
|hist0_1_we0          |  out|    1|   ap_memory|                hist0_1|         array|
|hist0_1_address1     |  out|   10|   ap_memory|                hist0_1|         array|
|hist0_1_ce1          |  out|    1|   ap_memory|                hist0_1|         array|
|hist0_1_d1           |  out|   32|   ap_memory|                hist0_1|         array|
|hist0_1_q1           |   in|   32|   ap_memory|                hist0_1|         array|
|hist0_1_we1          |  out|    1|   ap_memory|                hist0_1|         array|
|hist0_2_address0     |  out|   10|   ap_memory|                hist0_2|         array|
|hist0_2_ce0          |  out|    1|   ap_memory|                hist0_2|         array|
|hist0_2_d0           |  out|   32|   ap_memory|                hist0_2|         array|
|hist0_2_q0           |   in|   32|   ap_memory|                hist0_2|         array|
|hist0_2_we0          |  out|    1|   ap_memory|                hist0_2|         array|
|hist0_2_address1     |  out|   10|   ap_memory|                hist0_2|         array|
|hist0_2_ce1          |  out|    1|   ap_memory|                hist0_2|         array|
|hist0_2_d1           |  out|   32|   ap_memory|                hist0_2|         array|
|hist0_2_q1           |   in|   32|   ap_memory|                hist0_2|         array|
|hist0_2_we1          |  out|    1|   ap_memory|                hist0_2|         array|
|hist1_0_address0     |  out|   10|   ap_memory|                hist1_0|         array|
|hist1_0_ce0          |  out|    1|   ap_memory|                hist1_0|         array|
|hist1_0_d0           |  out|   32|   ap_memory|                hist1_0|         array|
|hist1_0_q0           |   in|   32|   ap_memory|                hist1_0|         array|
|hist1_0_we0          |  out|    1|   ap_memory|                hist1_0|         array|
|hist1_0_address1     |  out|   10|   ap_memory|                hist1_0|         array|
|hist1_0_ce1          |  out|    1|   ap_memory|                hist1_0|         array|
|hist1_0_d1           |  out|   32|   ap_memory|                hist1_0|         array|
|hist1_0_q1           |   in|   32|   ap_memory|                hist1_0|         array|
|hist1_0_we1          |  out|    1|   ap_memory|                hist1_0|         array|
|hist1_1_address0     |  out|   10|   ap_memory|                hist1_1|         array|
|hist1_1_ce0          |  out|    1|   ap_memory|                hist1_1|         array|
|hist1_1_d0           |  out|   32|   ap_memory|                hist1_1|         array|
|hist1_1_q0           |   in|   32|   ap_memory|                hist1_1|         array|
|hist1_1_we0          |  out|    1|   ap_memory|                hist1_1|         array|
|hist1_1_address1     |  out|   10|   ap_memory|                hist1_1|         array|
|hist1_1_ce1          |  out|    1|   ap_memory|                hist1_1|         array|
|hist1_1_d1           |  out|   32|   ap_memory|                hist1_1|         array|
|hist1_1_q1           |   in|   32|   ap_memory|                hist1_1|         array|
|hist1_1_we1          |  out|    1|   ap_memory|                hist1_1|         array|
|hist1_2_address0     |  out|   10|   ap_memory|                hist1_2|         array|
|hist1_2_ce0          |  out|    1|   ap_memory|                hist1_2|         array|
|hist1_2_d0           |  out|   32|   ap_memory|                hist1_2|         array|
|hist1_2_q0           |   in|   32|   ap_memory|                hist1_2|         array|
|hist1_2_we0          |  out|    1|   ap_memory|                hist1_2|         array|
|hist1_2_address1     |  out|   10|   ap_memory|                hist1_2|         array|
|hist1_2_ce1          |  out|    1|   ap_memory|                hist1_2|         array|
|hist1_2_d1           |  out|   32|   ap_memory|                hist1_2|         array|
|hist1_2_q1           |   in|   32|   ap_memory|                hist1_2|         array|
|hist1_2_we1          |  out|    1|   ap_memory|                hist1_2|         array|
|rgain                |   in|   16|     ap_none|                  rgain|        scalar|
|rgain_ap_vld         |   in|    1|     ap_none|                  rgain|        scalar|
|bgain                |   in|   16|     ap_none|                  bgain|        scalar|
|bgain_ap_vld         |   in|    1|     ap_none|                  bgain|        scalar|
|gamma_lut_address0   |  out|   10|   ap_memory|              gamma_lut|         array|
|gamma_lut_ce0        |  out|    1|   ap_memory|              gamma_lut|         array|
|gamma_lut_d0         |  out|    8|   ap_memory|              gamma_lut|         array|
|gamma_lut_q0         |   in|    8|   ap_memory|              gamma_lut|         array|
|gamma_lut_we0        |  out|    1|   ap_memory|              gamma_lut|         array|
|mode_reg             |   in|    1|     ap_none|               mode_reg|        scalar|
|mode_reg_ap_vld      |   in|    1|     ap_none|               mode_reg|        scalar|
|pawb                 |   in|   16|     ap_none|                   pawb|        scalar|
|pawb_ap_vld          |   in|    1|     ap_none|                   pawb|        scalar|
|ap_clk               |   in|    1|  ap_ctrl_hs|            ISPpipeline|  return value|
|ap_rst               |   in|    1|  ap_ctrl_hs|            ISPpipeline|  return value|
|ap_start             |   in|    1|  ap_ctrl_hs|            ISPpipeline|  return value|
|ap_done              |  out|    1|  ap_ctrl_hs|            ISPpipeline|  return value|
|ap_ready             |  out|    1|  ap_ctrl_hs|            ISPpipeline|  return value|
|ap_idle              |  out|    1|  ap_ctrl_hs|            ISPpipeline|  return value|
|ap_continue          |   in|    1|  ap_ctrl_hs|            ISPpipeline|  return value|
+---------------------+-----+-----+------------+-----------------------+--------------+

