

================================================================
== Vitis HLS Report for 'ISPpipeline_Block_entry2_proc'
================================================================
* Date:           Thu Mar  5 08:43:03 2026

* Version:        2022.2 (Build 3670227 on Oct 13 2022)
* Project:        isppipeline.prj
* Solution:       sol1 (Vivado IP Flow Target)
* Product family: zynquplus
* Target device:  xck26-sfvc784-2LV-c


================================================================
== Performance Estimates
================================================================
+ Timing: 
    * Summary: 
    +--------+---------+----------+------------+
    |  Clock |  Target | Estimated| Uncertainty|
    +--------+---------+----------+------------+
    |ap_clk  |  3.30 ns|  3.239 ns|     0.89 ns|
    +--------+---------+----------+------------+

+ Latency: 
    * Summary: 
    +---------+---------+-----------+-----------+-----+-----+---------+
    |  Latency (cycles) |   Latency (absolute)  |  Interval | Pipeline|
    |   min   |   max   |    min    |    max    | min | max |   Type  |
    +---------+---------+-----------+-----------+-----+-----+---------+
    |       14|       14|  46.200 ns|  46.200 ns|   14|   14|       no|
    +---------+---------+-----------+-----------+-----+-----+---------+

    + Detail: 
        * Instance: 
        N/A

        * Loop: 
        N/A



================================================================
== Utilization Estimates
================================================================
* Summary: 
+-----------------+---------+------+--------+--------+-----+
|       Name      | BRAM_18K|  DSP |   FF   |   LUT  | URAM|
+-----------------+---------+------+--------+--------+-----+
|DSP              |        -|     -|       -|       -|    -|
|Expression       |        -|     -|       0|       2|    -|
|FIFO             |        -|     -|       -|       -|    -|
|Instance         |        -|     3|     199|     146|    -|
|Memory           |        -|     -|       -|       -|    -|
|Multiplexer      |        -|     -|       -|     227|    -|
|Register         |        -|     -|     336|       -|    -|
+-----------------+---------+------+--------+--------+-----+
|Total            |        0|     3|     535|     375|    0|
+-----------------+---------+------+--------+--------+-----+
|Available        |      288|  1248|  234240|  117120|   64|
+-----------------+---------+------+--------+--------+-----+
|Utilization (%)  |        0|    ~0|      ~0|      ~0|    0|
+-----------------+---------+------+--------+--------+-----+

+ Detail: 
    * Instance: 
    +----------------------------------+-------------------------------+---------+----+-----+-----+-----+
    |             Instance             |             Module            | BRAM_18K| DSP|  FF | LUT | URAM|
    +----------------------------------+-------------------------------+---------+----+-----+-----+-----+
    |fmul_32ns_32ns_32_8_max_dsp_1_U5  |fmul_32ns_32ns_32_8_max_dsp_1  |        0|   3|  199|  146|    0|
    |uitofp_32ns_32_7_no_dsp_1_U6      |uitofp_32ns_32_7_no_dsp_1      |        0|   0|    0|    0|    0|
    +----------------------------------+-------------------------------+---------+----+-----+-----+-----+
    |Total                             |                               |        0|   3|  199|  146|    0|
    +----------------------------------+-------------------------------+---------+----+-----+-----+-----+

    * DSP: 
    N/A

    * Memory: 
    N/A

    * FIFO: 
    N/A

    * Expression: 
    +-----------------+----------+----+---+----+------------+------------+
    |  Variable Name  | Operation| DSP| FF| LUT| Bitwidth P0| Bitwidth P1|
    +-----------------+----------+----+---+----+------------+------------+
    |ap_block_state1  |        or|   0|  0|   2|           1|           1|
    +-----------------+----------+----+---+----+------------+------------+
    |Total            |          |   0|  0|   2|           1|           1|
    +-----------------+----------+----+---+----+------------+------------+

    * Multiplexer: 
    +--------------+----+-----------+-----+-----------+
    |     Name     | LUT| Input Size| Bits| Total Bits|
    +--------------+----+-----------+-----+-----------+
    |ap_NS_fsm     |  65|         16|    1|         16|
    |ap_done       |   9|          2|    1|          2|
    |ap_return_0   |   9|          2|   16|         32|
    |ap_return_1   |   9|          2|   16|         32|
    |ap_return_10  |   9|          2|   32|         64|
    |ap_return_11  |   9|          2|   16|         32|
    |ap_return_12  |   9|          2|   16|         32|
    |ap_return_13  |   9|          2|   16|         32|
    |ap_return_14  |   9|          2|   16|         32|
    |ap_return_15  |   9|          2|   16|         32|
    |ap_return_16  |   9|          2|   16|         32|
    |ap_return_2   |   9|          2|   16|         32|
    |ap_return_3   |   9|          2|   16|         32|
    |ap_return_4   |   9|          2|   16|         32|
    |ap_return_5   |   9|          2|   16|         32|
    |ap_return_6   |   9|          2|   16|         32|
    |ap_return_7   |   9|          2|   16|         32|
    |ap_return_8   |   9|          2|   16|         32|
    |ap_return_9   |   9|          2|   16|         32|
    +--------------+----+-----------+-----+-----------+
    |Total         | 227|         52|  290|        594|
    +--------------+----+-----------+-----+-----------+

    * Register: 
    +-------------------+----+----+-----+-----------+
    |        Name       | FF | LUT| Bits| Const Bits|
    +-------------------+----+----+-----+-----------+
    |ap_CS_fsm          |  15|   0|   15|          0|
    |ap_done_reg        |   1|   0|    1|          0|
    |ap_return_0_preg   |  16|   0|   16|          0|
    |ap_return_10_preg  |  32|   0|   32|          0|
    |ap_return_11_preg  |  16|   0|   16|          0|
    |ap_return_12_preg  |  16|   0|   16|          0|
    |ap_return_13_preg  |  16|   0|   16|          0|
    |ap_return_14_preg  |  16|   0|   16|          0|
    |ap_return_15_preg  |  16|   0|   16|          0|
    |ap_return_16_preg  |  16|   0|   16|          0|
    |ap_return_1_preg   |  16|   0|   16|          0|
    |ap_return_2_preg   |  16|   0|   16|          0|
    |ap_return_3_preg   |  16|   0|   16|          0|
    |ap_return_4_preg   |  16|   0|   16|          0|
    |ap_return_5_preg   |  16|   0|   16|          0|
    |ap_return_6_preg   |  16|   0|   16|          0|
    |ap_return_7_preg   |  16|   0|   16|          0|
    |ap_return_8_preg   |  16|   0|   16|          0|
    |ap_return_9_preg   |  16|   0|   16|          0|
    |conv_reg_150       |  32|   0|   32|          0|
    +-------------------+----+----+-----+-----------+
    |Total              | 336|   0|  336|          0|
    +-------------------+----+----+-----+-----------+



================================================================
== Interface
================================================================
* Summary: 
+--------------+-----+-----+------------+-------------------------------+--------------+
|   RTL Ports  | Dir | Bits|  Protocol  |         Source Object         |    C Type    |
+--------------+-----+-----+------------+-------------------------------+--------------+
|ap_clk        |   in|    1|  ap_ctrl_hs|  ISPpipeline_Block_entry2_proc|  return value|
|ap_rst        |   in|    1|  ap_ctrl_hs|  ISPpipeline_Block_entry2_proc|  return value|
|ap_start      |   in|    1|  ap_ctrl_hs|  ISPpipeline_Block_entry2_proc|  return value|
|ap_done       |  out|    1|  ap_ctrl_hs|  ISPpipeline_Block_entry2_proc|  return value|
|ap_continue   |   in|    1|  ap_ctrl_hs|  ISPpipeline_Block_entry2_proc|  return value|
|ap_idle       |  out|    1|  ap_ctrl_hs|  ISPpipeline_Block_entry2_proc|  return value|
|ap_ready      |  out|    1|  ap_ctrl_hs|  ISPpipeline_Block_entry2_proc|  return value|
|ap_return_0   |  out|   16|  ap_ctrl_hs|  ISPpipeline_Block_entry2_proc|  return value|
|ap_return_1   |  out|   16|  ap_ctrl_hs|  ISPpipeline_Block_entry2_proc|  return value|
|ap_return_2   |  out|   16|  ap_ctrl_hs|  ISPpipeline_Block_entry2_proc|  return value|
|ap_return_3   |  out|   16|  ap_ctrl_hs|  ISPpipeline_Block_entry2_proc|  return value|
|ap_return_4   |  out|   16|  ap_ctrl_hs|  ISPpipeline_Block_entry2_proc|  return value|
|ap_return_5   |  out|   16|  ap_ctrl_hs|  ISPpipeline_Block_entry2_proc|  return value|
|ap_return_6   |  out|   16|  ap_ctrl_hs|  ISPpipeline_Block_entry2_proc|  return value|
|ap_return_7   |  out|   16|  ap_ctrl_hs|  ISPpipeline_Block_entry2_proc|  return value|
|ap_return_8   |  out|   16|  ap_ctrl_hs|  ISPpipeline_Block_entry2_proc|  return value|
|ap_return_9   |  out|   16|  ap_ctrl_hs|  ISPpipeline_Block_entry2_proc|  return value|
|ap_return_10  |  out|   32|  ap_ctrl_hs|  ISPpipeline_Block_entry2_proc|  return value|
|ap_return_11  |  out|   16|  ap_ctrl_hs|  ISPpipeline_Block_entry2_proc|  return value|
|ap_return_12  |  out|   16|  ap_ctrl_hs|  ISPpipeline_Block_entry2_proc|  return value|
|ap_return_13  |  out|   16|  ap_ctrl_hs|  ISPpipeline_Block_entry2_proc|  return value|
|ap_return_14  |  out|   16|  ap_ctrl_hs|  ISPpipeline_Block_entry2_proc|  return value|
|ap_return_15  |  out|   16|  ap_ctrl_hs|  ISPpipeline_Block_entry2_proc|  return value|
|ap_return_16  |  out|   16|  ap_ctrl_hs|  ISPpipeline_Block_entry2_proc|  return value|
|height        |   in|   16|     ap_none|                         height|        scalar|
|width         |   in|   16|     ap_none|                          width|        scalar|
|pawb          |   in|   16|     ap_none|                           pawb|        scalar|
+--------------+-----+-----+------------+-------------------------------+--------------+

