

================================================================
== Vitis HLS Report for 'xf_QuatizationDithering_Pipeline_LOOP_ROW_LOOP_COL'
================================================================
* Date:           Thu Mar  5 08:43:09 2026

* Version:        2022.2 (Build 3670227 on Oct 13 2022)
* Project:        isppipeline.prj
* Solution:       sol1 (Vivado IP Flow Target)
* Product family: zynquplus
* Target device:  xck26-sfvc784-2LV-c


================================================================
== Performance Estimates
================================================================
+ Timing: 
    * Summary: 
    +--------+---------+----------+------------+
    |  Clock |  Target | Estimated| Uncertainty|
    +--------+---------+----------+------------+
    |ap_clk  |  3.30 ns|  2.666 ns|     0.89 ns|
    +--------+---------+----------+------------+

+ Latency: 
    * Summary: 
    +---------+---------+----------+----------+---------+---------+---------+
    |  Latency (cycles) |  Latency (absolute) |      Interval     | Pipeline|
    |   min   |   max   |    min   |    max   |   min   |   max   |   Type  |
    +---------+---------+----------+----------+---------+---------+---------+
    |  2073604|  2073604|  6.843 ms|  6.843 ms|  2073604|  2073604|       no|
    +---------+---------+----------+----------+---------+---------+---------+

    + Detail: 
        * Instance: 
        N/A

        * Loop: 
        +---------------------+---------+---------+----------+-----------+-----------+---------+----------+
        |                     |  Latency (cycles) | Iteration|  Initiation Interval  |   Trip  |          |
        |      Loop Name      |   min   |   max   |  Latency |  achieved |   target  |  Count  | Pipelined|
        +---------------------+---------+---------+----------+-----------+-----------+---------+----------+
        |- LOOP_ROW_LOOP_COL  |  2073602|  2073602|         4|          1|          1|  2073600|       yes|
        +---------------------+---------+---------+----------+-----------+-----------+---------+----------+



================================================================
== Utilization Estimates
================================================================
* Summary: 
+-----------------+---------+------+--------+--------+-----+
|       Name      | BRAM_18K|  DSP |   FF   |   LUT  | URAM|
+-----------------+---------+------+--------+--------+-----+
|DSP              |        -|     -|       -|       -|    -|
|Expression       |        -|     -|       0|     678|    -|
|FIFO             |        -|     -|       -|       -|    -|
|Instance         |        -|     -|       -|       -|    -|
|Memory           |        -|     -|       -|       -|    -|
|Multiplexer      |        -|     -|       -|     126|    -|
|Register         |        -|     -|     479|      64|    -|
+-----------------+---------+------+--------+--------+-----+
|Total            |        0|     0|     479|     868|    0|
+-----------------+---------+------+--------+--------+-----+
|Available        |      288|  1248|  234240|  117120|   64|
+-----------------+---------+------+--------+--------+-----+
|Utilization (%)  |        0|     0|      ~0|      ~0|    0|
+-----------------+---------+------+--------+--------+-----+

+ Detail: 
    * Instance: 
    N/A

    * DSP: 
    N/A

    * Memory: 
    N/A

    * FIFO: 
    N/A

    * Expression: 
    +-----------------------------------+----------+----+---+----+------------+------------+
    |           Variable Name           | Operation| DSP| FF| LUT| Bitwidth P0| Bitwidth P1|
    +-----------------------------------+----------+----+---+----+------------+------------+
    |add_ln173_fu_351_p2                |         +|   0|  0|  39|          32|           1|
    |add_ln178_fu_385_p2                |         +|   0|  0|  22|          15|           1|
    |add_ln208_1_fu_510_p2              |         +|   0|  0|   2|           2|           2|
    |add_ln208_2_fu_682_p2              |         +|   0|  0|   2|           2|           2|
    |add_ln208_3_fu_687_p2              |         +|   0|  0|   2|           2|           2|
    |add_ln208_4_fu_859_p2              |         +|   0|  0|   2|           2|           2|
    |add_ln208_5_fu_864_p2              |         +|   0|  0|   2|           2|           2|
    |add_ln208_fu_505_p2                |         +|   0|  0|   2|           2|           2|
    |add_ln209_2_fu_670_p2              |         +|   0|  0|  17|          12|          12|
    |add_ln209_4_fu_847_p2              |         +|   0|  0|  17|          12|          12|
    |add_ln209_fu_493_p2                |         +|   0|  0|  17|          12|          12|
    |add_ln212_1_fu_1134_p2             |         +|   0|  0|  16|           9|           9|
    |add_ln212_2_fu_1275_p2             |         +|   0|  0|  16|           9|           9|
    |add_ln212_fu_993_p2                |         +|   0|  0|  16|           9|           9|
    |add_ln221_1_fu_1043_p2             |         +|   0|  0|  13|           6|           6|
    |add_ln221_3_fu_1168_p2             |         +|   0|  0|  13|           6|           6|
    |add_ln221_5_fu_1309_p2             |         +|   0|  0|  13|           6|           6|
    |add_ln221_fu_1033_p2               |         +|   0|  0|  13|           6|           6|
    |newFirst80_fu_1178_p2              |         +|   0|  0|  13|           6|           6|
    |newFirst_fu_1319_p2                |         +|   0|  0|  13|           6|           6|
    |p_Val2_12_fu_910_p2                |         +|   0|  0|  17|          10|          10|
    |p_Val2_4_fu_556_p2                 |         +|   0|  0|  17|          10|          10|
    |p_Val2_8_fu_733_p2                 |         +|   0|  0|  17|          10|          10|
    |quatizer_in_V_1_fu_676_p2          |         +|   0|  0|  17|          12|          12|
    |quatizer_in_V_2_fu_499_p2          |         +|   0|  0|  17|          12|          12|
    |quatizer_in_V_fu_853_p2            |         +|   0|  0|  17|          12|          12|
    |sub232_fu_975_p2                   |         +|   0|  0|  18|          11|           2|
    |sum_tmp_V_1_fu_1194_p2             |         +|   0|  0|  14|           7|           7|
    |sum_tmp_V_2_fu_1053_p2             |         +|   0|  0|  14|           7|           7|
    |sum_tmp_V_fu_1335_p2               |         +|   0|  0|  14|           7|           7|
    |newSecond81_fu_1184_p2             |         -|   0|  0|  13|           6|           6|
    |newSecond_fu_1325_p2               |         -|   0|  0|  13|           6|           6|
    |q_2nd_err_scale7_1_fu_623_p2       |         -|   0|  0|  19|          12|          12|
    |q_2nd_err_scale7_2_fu_452_p2       |         -|   0|  0|  19|          12|          12|
    |q_2nd_err_scale7_fu_800_p2         |         -|   0|  0|  19|          12|          12|
    |sub_ln221_fu_1027_p2               |         -|   0|  0|  13|           6|           6|
    |ap_block_pp0                       |       and|   0|  0|   2|           1|           1|
    |ap_block_state3_pp0_stage0_iter2   |       and|   0|  0|   2|           1|           1|
    |ap_block_state5_pp0_stage0_iter4   |       and|   0|  0|   2|           1|           1|
    |ap_enable_state2_pp0_iter1_stage0  |       and|   0|  0|   2|           1|           1|
    |ap_enable_state3_pp0_iter2_stage0  |       and|   0|  0|   2|           1|           1|
    |ap_enable_state5_pp0_iter4_stage0  |       and|   0|  0|   2|           1|           1|
    |ap_predicate_op61_read_state3      |       and|   0|  0|   2|           1|           1|
    |cmp221_fu_404_p2                   |      icmp|   0|  0|  12|          15|           1|
    |cmp239_fu_409_p2                   |      icmp|   0|  0|  13|          17|          17|
    |icmp_ln173_fu_346_p2               |      icmp|   0|  0|  20|          32|          32|
    |icmp_ln178_fu_341_p2               |      icmp|   0|  0|  13|          16|          16|
    |icmp_ln187_fu_380_p2               |      icmp|   0|  0|  13|          16|          16|
    |ap_block_pp0_stage0_01001          |        or|   0|  0|   2|           1|           1|
    |or_ln240_1_fu_1225_p2              |        or|   0|  0|   2|           1|           1|
    |or_ln240_2_fu_1366_p2              |        or|   0|  0|   2|           1|           1|
    |or_ln240_3_fu_1114_p2              |        or|   0|  0|   2|           1|           1|
    |or_ln240_4_fu_1255_p2              |        or|   0|  0|   2|           1|           1|
    |or_ln240_5_fu_1396_p2              |        or|   0|  0|   2|           1|           1|
    |or_ln240_fu_1084_p2                |        or|   0|  0|   2|           1|           1|
    |or_ln779_1_fu_1241_p2              |        or|   0|  0|   2|           1|           1|
    |or_ln779_2_fu_1382_p2              |        or|   0|  0|   2|           1|           1|
    |or_ln779_fu_1100_p2                |        or|   0|  0|   2|           1|           1|
    |out_tmp_V_1_fu_1120_p3             |    select|   0|  0|   8|           1|           8|
    |out_tmp_V_3_fu_1261_p3             |    select|   0|  0|   8|           1|           8|
    |out_tmp_V_5_fu_1402_p3             |    select|   0|  0|   8|           1|           8|
    |select_ln173_fu_357_p3             |    select|   0|  0|  15|           1|          15|
    |select_ln226_1_fu_590_p3           |    select|   0|  0|   3|           1|           1|
    |select_ln226_2_fu_760_p3           |    select|   0|  0|   3|           1|           1|
    |select_ln226_3_fu_767_p3           |    select|   0|  0|   3|           1|           1|
    |select_ln226_4_fu_931_p3           |    select|   0|  0|   3|           1|           1|
    |select_ln226_5_fu_938_p3           |    select|   0|  0|   3|           1|           1|
    |select_ln226_fu_583_p3             |    select|   0|  0|   3|           1|           1|
    |select_ln240_2_fu_1247_p3          |    select|   0|  0|   2|           1|           1|
    |select_ln240_4_fu_1388_p3          |    select|   0|  0|   2|           1|           1|
    |select_ln240_fu_1106_p3            |    select|   0|  0|   2|           1|           1|
    |ap_enable_pp0                      |       xor|   0|  0|   2|           1|           2|
    +-----------------------------------+----------+----+---+----+------------+------------+
    |Total                              |          |   0|  0| 678|         437|         405|
    +-----------------------------------+----------+----+---+----+------------+------------+

    * Multiplexer: 
    +---------------------------------------+----+-----------+-----+-----------+
    |                  Name                 | LUT| Input Size| Bits| Total Bits|
    +---------------------------------------+----+-----------+-----+-----------+
    |aecin_data220_blk_n                    |   9|          2|    1|          2|
    |ap_done_int                            |   9|          2|    1|          2|
    |ap_enable_reg_pp0_iter1                |   9|          2|    1|          2|
    |ap_enable_reg_pp0_iter2                |   9|          2|    1|          2|
    |ap_phi_reg_pp0_iter3_p_Val2_s_reg_280  |   9|          2|   30|         60|
    |col_index_1_fu_160                     |   9|          2|   15|         30|
    |conv_i5870_fu_148                      |   9|          2|    3|          6|
    |conv_i58_172_fu_152                    |   9|          2|    3|          6|
    |conv_i58_274_fu_156                    |   9|          2|    3|          6|
    |empty_104_fu_132                       |   9|          2|    3|          6|
    |empty_105_fu_140                       |   9|          2|    3|          6|
    |empty_fu_124                           |   9|          2|    3|          6|
    |indvar_flatten_fu_164                  |   9|          2|   32|         64|
    |lsc_out_data218_blk_n                  |   9|          2|    1|          2|
    +---------------------------------------+----+-----------+-----+-----------+
    |Total                                  | 126|         28|  100|        200|
    +---------------------------------------+----+-----------+-----+-----------+

    * Register: 
    +---------------------------------------+----+----+-----+-----------+
    |                  Name                 | FF | LUT| Bits| Const Bits|
    +---------------------------------------+----+----+-----+-----------+
    |ap_CS_fsm                              |   1|   0|    1|          0|
    |ap_done_reg                            |   1|   0|    1|          0|
    |ap_enable_reg_pp0_iter1                |   1|   0|    1|          0|
    |ap_enable_reg_pp0_iter2                |   1|   0|    1|          0|
    |ap_enable_reg_pp0_iter3                |   1|   0|    1|          0|
    |ap_enable_reg_pp0_iter4                |   1|   0|    1|          0|
    |ap_loop_exit_ready_pp0_iter2_reg       |   1|   0|    1|          0|
    |ap_loop_exit_ready_pp0_iter3_reg       |   1|   0|    1|          0|
    |ap_phi_reg_pp0_iter1_p_Val2_s_reg_280  |  30|   0|   30|          0|
    |ap_phi_reg_pp0_iter2_p_Val2_s_reg_280  |  30|   0|   30|          0|
    |ap_phi_reg_pp0_iter3_p_Val2_s_reg_280  |  30|   0|   30|          0|
    |cmp221_reg_1572                        |   1|   0|    1|          0|
    |cmp221_reg_1572_pp0_iter3_reg          |   1|   0|    1|          0|
    |cmp239_reg_1576                        |   1|   0|    1|          0|
    |cmp239_reg_1576_pp0_iter3_reg          |   1|   0|    1|          0|
    |col_index_1_fu_160                     |  15|   0|   15|          0|
    |conv_i5870_fu_148                      |   3|   0|    3|          0|
    |conv_i5870_load_reg_1624               |   3|   0|    3|          0|
    |conv_i58_172_fu_152                    |   3|   0|    3|          0|
    |conv_i58_172_load_reg_1666             |   3|   0|    3|          0|
    |conv_i58_274_fu_156                    |   3|   0|    3|          0|
    |conv_i58_274_load_reg_1708             |   3|   0|    3|          0|
    |empty_104_fu_132                       |   3|   0|    3|          0|
    |empty_105_fu_140                       |   3|   0|    3|          0|
    |empty_fu_124                           |   3|   0|    3|          0|
    |icmp_ln173_reg_1533                    |   1|   0|    1|          0|
    |icmp_ln187_reg_1548                    |   1|   0|    1|          0|
    |indvar_flatten_fu_164                  |  32|   0|   32|          0|
    |offset_buffer_V_1_load_reg_1599        |   9|   0|    9|          0|
    |offset_buffer_V_2_load_reg_1609        |   9|   0|    9|          0|
    |offset_buffer_V_load_reg_1589          |   9|   0|    9|          0|
    |p_0_0_045228_fu_128                    |   9|   0|    9|          0|
    |p_0_0_0452_132_fu_136                  |   9|   0|    9|          0|
    |p_0_0_0452_236_fu_144                  |   9|   0|    9|          0|
    |p_Result_10_reg_1714                   |   1|   0|    1|          0|
    |p_Result_7_reg_1672                    |   1|   0|    1|          0|
    |p_Result_s_reg_1630                    |   1|   0|    1|          0|
    |p_Val2_12_reg_1729                     |  10|   0|   10|          0|
    |p_Val2_4_reg_1645                      |  10|   0|   10|          0|
    |p_Val2_8_reg_1687                      |  10|   0|   10|          0|
    |p_load78_reg_1661                      |   3|   0|    3|          0|
    |p_load79_reg_1619                      |   3|   0|    3|          0|
    |p_load_reg_1703                        |   3|   0|    3|          0|
    |q_err_3rd_local_V_1_reg_1698           |   3|   0|    3|          0|
    |q_err_3rd_local_V_2_reg_1740           |   3|   0|    3|          0|
    |q_err_3rd_local_V_reg_1656             |   3|   0|    3|          0|
    |select_ln173_reg_1537                  |  15|   0|   15|          0|
    |tmp_26_reg_1635                        |   1|   0|    1|          0|
    |tmp_32_reg_1677                        |   1|   0|    1|          0|
    |tmp_38_reg_1719                        |   1|   0|    1|          0|
    |tmp_8_reg_1724                         |   9|   0|    9|          0|
    |tmp_reg_1640                           |   9|   0|    9|          0|
    |tmp_s_reg_1682                         |   9|   0|    9|          0|
    |trunc_ln187_reg_1543                   |  11|   0|   11|          0|
    |trunc_ln209_2_reg_1594                 |   2|   0|    2|          0|
    |trunc_ln209_5_reg_1604                 |   2|   0|    2|          0|
    |trunc_ln209_8_reg_1614                 |   2|   0|    2|          0|
    |trunc_ln628_2_reg_1693                 |   2|   0|    2|          0|
    |trunc_ln628_4_reg_1735                 |   2|   0|    2|          0|
    |trunc_ln628_reg_1651                   |   2|   0|    2|          0|
    |icmp_ln187_reg_1548                    |  64|  32|    1|          0|
    |trunc_ln187_reg_1543                   |  64|  32|   11|          0|
    +---------------------------------------+----+----+-----+-----------+
    |Total                                  | 479|  64|  363|          0|
    +---------------------------------------+----+----+-----+-----------+



================================================================
== Interface
================================================================
* Summary: 
+--------------------------------+-----+-----+------------+----------------------------------------------------+--------------+
|            RTL Ports           | Dir | Bits|  Protocol  |                    Source Object                   |    C Type    |
+--------------------------------+-----+-----+------------+----------------------------------------------------+--------------+
|ap_clk                          |   in|    1|  ap_ctrl_hs|  xf_QuatizationDithering_Pipeline_LOOP_ROW_LOOP_COL|  return value|
|ap_rst                          |   in|    1|  ap_ctrl_hs|  xf_QuatizationDithering_Pipeline_LOOP_ROW_LOOP_COL|  return value|
|ap_start                        |   in|    1|  ap_ctrl_hs|  xf_QuatizationDithering_Pipeline_LOOP_ROW_LOOP_COL|  return value|
|ap_done                         |  out|    1|  ap_ctrl_hs|  xf_QuatizationDithering_Pipeline_LOOP_ROW_LOOP_COL|  return value|
|ap_idle                         |  out|    1|  ap_ctrl_hs|  xf_QuatizationDithering_Pipeline_LOOP_ROW_LOOP_COL|  return value|
|ap_ready                        |  out|    1|  ap_ctrl_hs|  xf_QuatizationDithering_Pipeline_LOOP_ROW_LOOP_COL|  return value|
|lsc_out_data218_dout            |   in|   30|     ap_fifo|                                     lsc_out_data218|       pointer|
|lsc_out_data218_num_data_valid  |   in|    3|     ap_fifo|                                     lsc_out_data218|       pointer|
|lsc_out_data218_fifo_cap        |   in|    3|     ap_fifo|                                     lsc_out_data218|       pointer|
|lsc_out_data218_empty_n         |   in|    1|     ap_fifo|                                     lsc_out_data218|       pointer|
|lsc_out_data218_read            |  out|    1|     ap_fifo|                                     lsc_out_data218|       pointer|
|aecin_data220_din               |  out|   24|     ap_fifo|                                       aecin_data220|       pointer|
|aecin_data220_num_data_valid    |   in|    3|     ap_fifo|                                       aecin_data220|       pointer|
|aecin_data220_fifo_cap          |   in|    3|     ap_fifo|                                       aecin_data220|       pointer|
|aecin_data220_full_n            |   in|    1|     ap_fifo|                                       aecin_data220|       pointer|
|aecin_data220_write             |  out|    1|     ap_fifo|                                       aecin_data220|       pointer|
|in_col_loop_bound               |   in|   16|     ap_none|                                   in_col_loop_bound|        scalar|
|bound                           |   in|   32|     ap_none|                                               bound|        scalar|
|offset_buffer_V_2_address0      |  out|   11|   ap_memory|                                   offset_buffer_V_2|         array|
|offset_buffer_V_2_ce0           |  out|    1|   ap_memory|                                   offset_buffer_V_2|         array|
|offset_buffer_V_2_we0           |  out|    1|   ap_memory|                                   offset_buffer_V_2|         array|
|offset_buffer_V_2_d0            |  out|    9|   ap_memory|                                   offset_buffer_V_2|         array|
|offset_buffer_V_2_address1      |  out|   11|   ap_memory|                                   offset_buffer_V_2|         array|
|offset_buffer_V_2_ce1           |  out|    1|   ap_memory|                                   offset_buffer_V_2|         array|
|offset_buffer_V_2_q1            |   in|    9|   ap_memory|                                   offset_buffer_V_2|         array|
|offset_buffer_V_1_address0      |  out|   11|   ap_memory|                                   offset_buffer_V_1|         array|
|offset_buffer_V_1_ce0           |  out|    1|   ap_memory|                                   offset_buffer_V_1|         array|
|offset_buffer_V_1_we0           |  out|    1|   ap_memory|                                   offset_buffer_V_1|         array|
|offset_buffer_V_1_d0            |  out|    9|   ap_memory|                                   offset_buffer_V_1|         array|
|offset_buffer_V_1_address1      |  out|   11|   ap_memory|                                   offset_buffer_V_1|         array|
|offset_buffer_V_1_ce1           |  out|    1|   ap_memory|                                   offset_buffer_V_1|         array|
|offset_buffer_V_1_q1            |   in|    9|   ap_memory|                                   offset_buffer_V_1|         array|
|sub238                          |   in|   17|     ap_none|                                              sub238|        scalar|
|offset_buffer_V_address0        |  out|   11|   ap_memory|                                     offset_buffer_V|         array|
|offset_buffer_V_ce0             |  out|    1|   ap_memory|                                     offset_buffer_V|         array|
|offset_buffer_V_we0             |  out|    1|   ap_memory|                                     offset_buffer_V|         array|
|offset_buffer_V_d0              |  out|    9|   ap_memory|                                     offset_buffer_V|         array|
|offset_buffer_V_address1        |  out|   11|   ap_memory|                                     offset_buffer_V|         array|
|offset_buffer_V_ce1             |  out|    1|   ap_memory|                                     offset_buffer_V|         array|
|offset_buffer_V_q1              |   in|    9|   ap_memory|                                     offset_buffer_V|         array|
|p_read1                         |   in|   16|     ap_none|                                             p_read1|        scalar|
+--------------------------------+-----+-----+------------+----------------------------------------------------+--------------+

