

================================================================
== Vitis HLS Report for 'AWBhistogramkernel_17_17_1080_1920_1_3_3_21_1_1024_s'
================================================================
* Date:           Thu Mar  5 08:42:56 2026

* Version:        2022.2 (Build 3670227 on Oct 13 2022)
* Project:        isppipeline.prj
* Solution:       sol1 (Vivado IP Flow Target)
* Product family: zynquplus
* Target device:  xck26-sfvc784-2LV-c


================================================================
== Performance Estimates
================================================================
+ Timing: 
    * Summary: 
    +--------+---------+----------+------------+
    |  Clock |  Target | Estimated| Uncertainty|
    +--------+---------+----------+------------+
    |ap_clk  |  3.30 ns|  2.409 ns|     0.89 ns|
    +--------+---------+----------+------------+

+ Latency: 
    * Summary: 
    +---------+---------+----------+----------+------+---------+---------+
    |  Latency (cycles) |  Latency (absolute) |    Interval    | Pipeline|
    |   min   |   max   |    min   |    max   |  min |   max   |   Type  |
    +---------+---------+----------+----------+------+---------+---------+
    |     2059|  1048577|  6.795 us|  3.460 ms|  2059|  1048577|       no|
    +---------+---------+----------+----------+------+---------+---------+

    + Detail: 
        * Instance: 
        N/A

        * Loop: 
        +------------+---------+---------+----------+-----------+-----------+----------+----------+
        |            |  Latency (cycles) | Iteration|  Initiation Interval  |   Trip   |          |
        |  Loop Name |   min   |   max   |  Latency |  achieved |   target  |   Count  | Pipelined|
        +------------+---------+---------+----------+-----------+-----------+----------+----------+
        |- ROW_LOOP  |        2|  1046520|   2 ~ 969|          -|          -|  1 ~ 1080|        no|
        +------------+---------+---------+----------+-----------+-----------+----------+----------+

============================================================
+ Verbose Summary: Synthesis Manager
============================================================
InlineROM: 1
ExposeGlobal: 0
============================================================
+ Verbose Summary: CDFG Model
============================================================
IsTopModel: 0
ResetActiveHigh: 1
IsCombinational: 0
IsDatapathOnly: 0
HasWiredReturn: 1
HasMFsm: 0
HasVarLatency: 1
IsPipeline: 0
IsRtlPipelined: 0
IsInstanceOverlapped: 0
IsDontTouch: 0
HasImplIP: 0
IsGatedGlobalClock: 0


============================================================
+ Verbose Summary: Schedule
============================================================
* Number of FSM states : 8
* Pipeline : 0
* Dataflow Pipeline: 0

* FSM state transitions: 
1 --> 2 
2 --> 3 
3 --> 7 4 6 
4 --> 5 
5 --> 6 
6 --> 3 
7 --> 8 
8 --> 

* FSM state operations: 

State 1 <SV = 0> <Delay = 0.42>
ST_1 : Operation 9 [1/1] (0.00ns)   --->   "%row = alloca i32 1"   --->   Operation 9 'alloca' 'row' <Predicate = true> <Delay = 0.00>
ST_1 : Operation 10 [1/1] (0.00ns)   --->   "%tmp_3_loc = alloca i64 1"   --->   Operation 10 'alloca' 'tmp_3_loc' <Predicate = true> <Delay = 0.00>
ST_1 : Operation 11 [1/1] (0.00ns)   --->   "%tmp1_3_loc = alloca i64 1"   --->   Operation 11 'alloca' 'tmp1_3_loc' <Predicate = true> <Delay = 0.00>
ST_1 : Operation 12 [1/1] (0.00ns)   --->   "%tmp_acc_loc = alloca i64 1"   --->   Operation 12 'alloca' 'tmp_acc_loc' <Predicate = true> <Delay = 0.00>
ST_1 : Operation 13 [1/1] (0.00ns)   --->   "%tmp_acc1_loc = alloca i64 1"   --->   Operation 13 'alloca' 'tmp_acc1_loc' <Predicate = true> <Delay = 0.00>
ST_1 : Operation 14 [1/1] (0.00ns)   --->   "%tmp_4_loc = alloca i64 1"   --->   Operation 14 'alloca' 'tmp_4_loc' <Predicate = true> <Delay = 0.00>
ST_1 : Operation 15 [1/1] (0.00ns)   --->   "%tmp1_4_loc = alloca i64 1"   --->   Operation 15 'alloca' 'tmp1_4_loc' <Predicate = true> <Delay = 0.00>
ST_1 : Operation 16 [1/1] (0.00ns)   --->   "%tmp_acc_2_loc = alloca i64 1"   --->   Operation 16 'alloca' 'tmp_acc_2_loc' <Predicate = true> <Delay = 0.00>
ST_1 : Operation 17 [1/1] (0.00ns)   --->   "%tmp_acc1_2_loc = alloca i64 1"   --->   Operation 17 'alloca' 'tmp_acc1_2_loc' <Predicate = true> <Delay = 0.00>
ST_1 : Operation 18 [1/1] (0.00ns)   --->   "%tmp_5_loc = alloca i64 1"   --->   Operation 18 'alloca' 'tmp_5_loc' <Predicate = true> <Delay = 0.00>
ST_1 : Operation 19 [1/1] (0.00ns)   --->   "%tmp1_5_loc = alloca i64 1"   --->   Operation 19 'alloca' 'tmp1_5_loc' <Predicate = true> <Delay = 0.00>
ST_1 : Operation 20 [1/1] (0.00ns)   --->   "%tmp_acc_4_loc = alloca i64 1"   --->   Operation 20 'alloca' 'tmp_acc_4_loc' <Predicate = true> <Delay = 0.00>
ST_1 : Operation 21 [1/1] (0.00ns)   --->   "%tmp_acc1_4_loc = alloca i64 1"   --->   Operation 21 'alloca' 'tmp_acc1_4_loc' <Predicate = true> <Delay = 0.00>
ST_1 : Operation 22 [1/1] (0.00ns)   --->   "%tmp_hist_V = alloca i64 1" [../../../../../overlays/Vitis_Libraries/vision//L1/include/imgproc/xf_autowhitebalance.hpp:482]   --->   Operation 22 'alloca' 'tmp_hist_V' <Predicate = true> <Delay = 0.00> <CoreInst = "RAM_T2P_BRAM">   --->   Core 99 'RAM_T2P_BRAM' <Latency = 1> <II = 1> <Delay = 1.23> <Storage> <Opcode : 'load' 'store'> <Ports = 2> <Width = 32> <Depth = 1024> <RAM>
ST_1 : Operation 23 [1/1] (0.00ns)   --->   "%tmp_hist_V_1 = alloca i64 1" [../../../../../overlays/Vitis_Libraries/vision//L1/include/imgproc/xf_autowhitebalance.hpp:482]   --->   Operation 23 'alloca' 'tmp_hist_V_1' <Predicate = true> <Delay = 0.00> <CoreInst = "RAM_T2P_BRAM">   --->   Core 99 'RAM_T2P_BRAM' <Latency = 1> <II = 1> <Delay = 1.23> <Storage> <Opcode : 'load' 'store'> <Ports = 2> <Width = 32> <Depth = 1024> <RAM>
ST_1 : Operation 24 [1/1] (0.00ns)   --->   "%tmp_hist_V_2 = alloca i64 1" [../../../../../overlays/Vitis_Libraries/vision//L1/include/imgproc/xf_autowhitebalance.hpp:482]   --->   Operation 24 'alloca' 'tmp_hist_V_2' <Predicate = true> <Delay = 0.00> <CoreInst = "RAM_T2P_BRAM">   --->   Core 99 'RAM_T2P_BRAM' <Latency = 1> <II = 1> <Delay = 1.23> <Storage> <Opcode : 'load' 'store'> <Ports = 2> <Width = 32> <Depth = 1024> <RAM>
ST_1 : Operation 25 [1/1] (0.00ns)   --->   "%tmp_hist1_V = alloca i64 1" [../../../../../overlays/Vitis_Libraries/vision//L1/include/imgproc/xf_autowhitebalance.hpp:483]   --->   Operation 25 'alloca' 'tmp_hist1_V' <Predicate = true> <Delay = 0.00> <CoreInst = "RAM_T2P_BRAM">   --->   Core 99 'RAM_T2P_BRAM' <Latency = 1> <II = 1> <Delay = 1.23> <Storage> <Opcode : 'load' 'store'> <Ports = 2> <Width = 32> <Depth = 1024> <RAM>
ST_1 : Operation 26 [1/1] (0.00ns)   --->   "%tmp_hist1_V_1 = alloca i64 1" [../../../../../overlays/Vitis_Libraries/vision//L1/include/imgproc/xf_autowhitebalance.hpp:483]   --->   Operation 26 'alloca' 'tmp_hist1_V_1' <Predicate = true> <Delay = 0.00> <CoreInst = "RAM_T2P_BRAM">   --->   Core 99 'RAM_T2P_BRAM' <Latency = 1> <II = 1> <Delay = 1.23> <Storage> <Opcode : 'load' 'store'> <Ports = 2> <Width = 32> <Depth = 1024> <RAM>
ST_1 : Operation 27 [1/1] (0.00ns)   --->   "%tmp_hist1_V_2 = alloca i64 1" [../../../../../overlays/Vitis_Libraries/vision//L1/include/imgproc/xf_autowhitebalance.hpp:483]   --->   Operation 27 'alloca' 'tmp_hist1_V_2' <Predicate = true> <Delay = 0.00> <CoreInst = "RAM_T2P_BRAM">   --->   Core 99 'RAM_T2P_BRAM' <Latency = 1> <II = 1> <Delay = 1.23> <Storage> <Opcode : 'load' 'store'> <Ports = 2> <Width = 32> <Depth = 1024> <RAM>
ST_1 : Operation 28 [2/2] (0.00ns)   --->   "%call_ln0 = call void @AWBhistogramkernel_Pipeline_INITIALIZE_HIST, i32 %hist_2, i32 %hist_1, i32 %hist_0"   --->   Operation 28 'call' 'call_ln0' <Predicate = true> <Delay = 0.00> <CoreType = "Generic">   --->   Core 0 '' <Latency = 0> <II = 1> <Delay = 1.00> <Generic> <Opcode : >
ST_1 : Operation 29 [2/2] (0.00ns)   --->   "%call_ln0 = call void @AWBhistogramkernel_Pipeline_HIST_INITIALIZE_LOOP, i32 %tmp_hist1_V_2, i32 %tmp_hist1_V_1, i32 %tmp_hist1_V, i32 %tmp_hist_V_2, i32 %tmp_hist_V_1, i32 %tmp_hist_V"   --->   Operation 29 'call' 'call_ln0' <Predicate = true> <Delay = 0.00> <CoreType = "Generic">   --->   Core 0 '' <Latency = 0> <II = 1> <Delay = 1.00> <Generic> <Opcode : >
ST_1 : Operation 30 [1/1] (0.42ns)   --->   "%store_ln531 = store i16 0, i16 %row" [../../../../../overlays/Vitis_Libraries/vision//L1/include/imgproc/xf_autowhitebalance.hpp:531]   --->   Operation 30 'store' 'store_ln531' <Predicate = true> <Delay = 0.42>

State 2 <SV = 1> <Delay = 1.10>
ST_2 : Operation 31 [1/1] (0.00ns)   --->   "%p_read_27 = read i16 @_ssdm_op_Read.ap_auto.i16, i16 %p_read1"   --->   Operation 31 'read' 'p_read_27' <Predicate = true> <Delay = 0.00>
ST_2 : Operation 32 [1/1] (0.00ns)   --->   "%p_read220 = read i16 @_ssdm_op_Read.ap_auto.i16, i16 %p_read"   --->   Operation 32 'read' 'p_read220' <Predicate = true> <Delay = 0.00>
ST_2 : Operation 33 [1/1] (0.00ns)   --->   "%p_read1_cast = zext i16 %p_read_27"   --->   Operation 33 'zext' 'p_read1_cast' <Predicate = true> <Delay = 0.00>
ST_2 : Operation 34 [1/1] (0.00ns)   --->   "%specinterface_ln0 = specinterface void @_ssdm_op_SpecInterface, i30 %demosaic_out_data216, void @empty_26, i32 0, i32 0, void @empty_32, i32 0, i32 0, void @empty_32, void @empty_32, void @empty_32, i32 0, i32 0, i32 0, i32 0, void @empty_32, void @empty_32, i32 4294967295, i32 0"   --->   Operation 34 'specinterface' 'specinterface_ln0' <Predicate = true> <Delay = 0.00>
ST_2 : Operation 35 [1/1] (0.00ns)   --->   "%specinterface_ln0 = specinterface void @_ssdm_op_SpecInterface, i30 %impop_data1, void @empty_26, i32 0, i32 0, void @empty_32, i32 0, i32 0, void @empty_32, void @empty_32, void @empty_32, i32 0, i32 0, i32 0, i32 0, void @empty_32, void @empty_32, i32 4294967295, i32 0"   --->   Operation 35 'specinterface' 'specinterface_ln0' <Predicate = true> <Delay = 0.00>
ST_2 : Operation 36 [1/2] (0.00ns)   --->   "%call_ln0 = call void @AWBhistogramkernel_Pipeline_INITIALIZE_HIST, i32 %hist_2, i32 %hist_1, i32 %hist_0"   --->   Operation 36 'call' 'call_ln0' <Predicate = true> <Delay = 0.00> <CoreType = "Generic">   --->   Core 0 '' <Latency = 0> <II = 1> <Delay = 1.00> <Generic> <Opcode : >
ST_2 : Operation 37 [1/1] (0.00ns)   --->   "%specmemcore_ln485 = specmemcore void @_ssdm_op_SpecMemCore, i32 %tmp_hist_V_2, i64 666, i64 30, i64 18446744073709551615" [../../../../../overlays/Vitis_Libraries/vision//L1/include/imgproc/xf_autowhitebalance.hpp:485]   --->   Operation 37 'specmemcore' 'specmemcore_ln485' <Predicate = true> <Delay = 0.00>
ST_2 : Operation 38 [1/1] (0.00ns)   --->   "%specmemcore_ln485 = specmemcore void @_ssdm_op_SpecMemCore, i32 %tmp_hist_V_1, i64 666, i64 30, i64 18446744073709551615" [../../../../../overlays/Vitis_Libraries/vision//L1/include/imgproc/xf_autowhitebalance.hpp:485]   --->   Operation 38 'specmemcore' 'specmemcore_ln485' <Predicate = true> <Delay = 0.00>
ST_2 : Operation 39 [1/1] (0.00ns)   --->   "%specmemcore_ln485 = specmemcore void @_ssdm_op_SpecMemCore, i32 %tmp_hist_V, i64 666, i64 30, i64 18446744073709551615" [../../../../../overlays/Vitis_Libraries/vision//L1/include/imgproc/xf_autowhitebalance.hpp:485]   --->   Operation 39 'specmemcore' 'specmemcore_ln485' <Predicate = true> <Delay = 0.00>
ST_2 : Operation 40 [1/1] (0.00ns)   --->   "%specmemcore_ln486 = specmemcore void @_ssdm_op_SpecMemCore, i32 %tmp_hist1_V_2, i64 666, i64 30, i64 18446744073709551615" [../../../../../overlays/Vitis_Libraries/vision//L1/include/imgproc/xf_autowhitebalance.hpp:486]   --->   Operation 40 'specmemcore' 'specmemcore_ln486' <Predicate = true> <Delay = 0.00>
ST_2 : Operation 41 [1/1] (0.00ns)   --->   "%specmemcore_ln486 = specmemcore void @_ssdm_op_SpecMemCore, i32 %tmp_hist1_V_1, i64 666, i64 30, i64 18446744073709551615" [../../../../../overlays/Vitis_Libraries/vision//L1/include/imgproc/xf_autowhitebalance.hpp:486]   --->   Operation 41 'specmemcore' 'specmemcore_ln486' <Predicate = true> <Delay = 0.00>
ST_2 : Operation 42 [1/1] (0.00ns)   --->   "%specmemcore_ln486 = specmemcore void @_ssdm_op_SpecMemCore, i32 %tmp_hist1_V, i64 666, i64 30, i64 18446744073709551615" [../../../../../overlays/Vitis_Libraries/vision//L1/include/imgproc/xf_autowhitebalance.hpp:486]   --->   Operation 42 'specmemcore' 'specmemcore_ln486' <Predicate = true> <Delay = 0.00>
ST_2 : Operation 43 [1/2] (0.00ns)   --->   "%call_ln0 = call void @AWBhistogramkernel_Pipeline_HIST_INITIALIZE_LOOP, i32 %tmp_hist1_V_2, i32 %tmp_hist1_V_1, i32 %tmp_hist1_V, i32 %tmp_hist_V_2, i32 %tmp_hist_V_1, i32 %tmp_hist_V"   --->   Operation 43 'call' 'call_ln0' <Predicate = true> <Delay = 0.00> <CoreType = "Generic">   --->   Core 0 '' <Latency = 0> <II = 1> <Delay = 1.00> <Generic> <Opcode : >
ST_2 : Operation 44 [1/1] (1.10ns)   --->   "%cmp6214 = icmp_eq  i16 %p_read_27, i16 0"   --->   Operation 44 'icmp' 'cmp6214' <Predicate = true> <Delay = 1.10> <CoreInst = "Cmp">   --->   Core 9 'Cmp' <Latency = 0> <II = 1> <Delay = 1.10> <FuncUnit> <Opcode : 'icmp'> <InPorts = 2> <OutPorts = 1>
ST_2 : Operation 45 [1/1] (0.00ns)   --->   "%br_ln531 = br void %COL_LOOP" [../../../../../overlays/Vitis_Libraries/vision//L1/include/imgproc/xf_autowhitebalance.hpp:531]   --->   Operation 45 'br' 'br_ln531' <Predicate = true> <Delay = 0.00>

State 3 <SV = 2> <Delay = 2.33>
ST_3 : Operation 46 [1/1] (0.00ns)   --->   "%row_1 = load i16 %row" [../../../../../overlays/Vitis_Libraries/vision//L1/include/imgproc/xf_autowhitebalance.hpp:531]   --->   Operation 46 'load' 'row_1' <Predicate = true> <Delay = 0.00>
ST_3 : Operation 47 [1/1] (1.10ns)   --->   "%icmp_ln531 = icmp_eq  i16 %row_1, i16 %p_read220" [../../../../../overlays/Vitis_Libraries/vision//L1/include/imgproc/xf_autowhitebalance.hpp:531]   --->   Operation 47 'icmp' 'icmp_ln531' <Predicate = true> <Delay = 1.10> <CoreInst = "Cmp">   --->   Core 9 'Cmp' <Latency = 0> <II = 1> <Delay = 1.10> <FuncUnit> <Opcode : 'icmp'> <InPorts = 2> <OutPorts = 1>
ST_3 : Operation 48 [1/1] (0.85ns)   --->   "%row_2 = add i16 %row_1, i16 1" [../../../../../overlays/Vitis_Libraries/vision//L1/include/imgproc/xf_autowhitebalance.hpp:531]   --->   Operation 48 'add' 'row_2' <Predicate = true> <Delay = 0.85> <CoreInst = "Adder">   --->   Core 1 'Adder' <Latency = 0> <II = 1> <Delay = 0.85> <FuncUnit> <Opcode : 'add' 'sub'> <InPorts = 2> <OutPorts = 1>
ST_3 : Operation 49 [1/1] (0.00ns)   --->   "%br_ln531 = br i1 %icmp_ln531, void %COL_LOOP.split, void %for.inc181.loopexit" [../../../../../overlays/Vitis_Libraries/vision//L1/include/imgproc/xf_autowhitebalance.hpp:531]   --->   Operation 49 'br' 'br_ln531' <Predicate = true> <Delay = 0.00>
ST_3 : Operation 50 [1/1] (0.00ns)   --->   "%speclooptripcount_ln534 = speclooptripcount void @_ssdm_op_SpecLoopTripCount, i64 1, i64 1080, i64 540" [../../../../../overlays/Vitis_Libraries/vision//L1/include/imgproc/xf_autowhitebalance.hpp:534]   --->   Operation 50 'speclooptripcount' 'speclooptripcount_ln534' <Predicate = (!icmp_ln531)> <Delay = 0.00>
ST_3 : Operation 51 [1/1] (0.00ns)   --->   "%specloopname_ln531 = specloopname void @_ssdm_op_SpecLoopName, void @empty_5" [../../../../../overlays/Vitis_Libraries/vision//L1/include/imgproc/xf_autowhitebalance.hpp:531]   --->   Operation 51 'specloopname' 'specloopname_ln531' <Predicate = (!icmp_ln531)> <Delay = 0.00>
ST_3 : Operation 52 [1/1] (0.00ns)   --->   "%br_ln537 = br i1 %cmp6214, void %for.body64.lr.ph, void %for.inc154" [../../../../../overlays/Vitis_Libraries/vision//L1/include/imgproc/xf_autowhitebalance.hpp:537]   --->   Operation 52 'br' 'br_ln537' <Predicate = (!icmp_ln531)> <Delay = 0.00>
ST_3 : Operation 53 [1/1] (0.85ns)   --->   "%add_ln537 = add i17 %p_read1_cast, i17 1" [../../../../../overlays/Vitis_Libraries/vision//L1/include/imgproc/xf_autowhitebalance.hpp:537]   --->   Operation 53 'add' 'add_ln537' <Predicate = (!icmp_ln531 & !cmp6214)> <Delay = 0.85> <CoreInst = "Adder">   --->   Core 1 'Adder' <Latency = 0> <II = 1> <Delay = 0.85> <FuncUnit> <Opcode : 'add' 'sub'> <InPorts = 2> <OutPorts = 1>
ST_3 : Operation 54 [1/1] (0.00ns)   --->   "%tmp_56 = partselect i16 @_ssdm_op_PartSelect.i16.i17.i32.i32, i17 %add_ln537, i32 1, i32 16" [../../../../../overlays/Vitis_Libraries/vision//L1/include/imgproc/xf_autowhitebalance.hpp:537]   --->   Operation 54 'partselect' 'tmp_56' <Predicate = (!icmp_ln531 & !cmp6214)> <Delay = 0.00>
ST_3 : Operation 55 [1/1] (0.00ns)   --->   "%empty = wait i32 @_ssdm_op_Wait"   --->   Operation 55 'wait' 'empty' <Predicate = (!icmp_ln531 & !cmp6214)> <Delay = 0.00>
ST_3 : Operation 56 [1/1] (0.00ns)   --->   "%tmp = load i32 %void_AWBhistogramkernel_Mat_Mat_unsigned_int_1024_float_float_float_float_5" [../../../../../overlays/Vitis_Libraries/vision//L1/include/imgproc/xf_autowhitebalance.hpp:595]   --->   Operation 56 'load' 'tmp' <Predicate = (icmp_ln531)> <Delay = 0.00>
ST_3 : Operation 57 [1/1] (0.00ns)   --->   "%tmp1 = load i32 %void_AWBhistogramkernel_Mat_Mat_unsigned_int_1024_float_float_float_float_2" [../../../../../overlays/Vitis_Libraries/vision//L1/include/imgproc/xf_autowhitebalance.hpp:596]   --->   Operation 57 'load' 'tmp1' <Predicate = (icmp_ln531)> <Delay = 0.00>
ST_3 : Operation 58 [1/1] (0.00ns)   --->   "%void_AWBhistogramkernel_Mat_Mat_unsigned_int_1024_float_float_float_float_48 = load i32 %void_AWBhistogramkernel_Mat_Mat_unsigned_int_1024_float_float_float_float_11" [../../../../../overlays/Vitis_Libraries/vision//L1/include/imgproc/xf_autowhitebalance.hpp:597]   --->   Operation 58 'load' 'void_AWBhistogramkernel_Mat_Mat_unsigned_int_1024_float_float_float_float_48' <Predicate = (icmp_ln531)> <Delay = 0.00>
ST_3 : Operation 59 [1/1] (0.00ns)   --->   "%zext_ln597 = zext i32 %tmp" [../../../../../overlays/Vitis_Libraries/vision//L1/include/imgproc/xf_autowhitebalance.hpp:597]   --->   Operation 59 'zext' 'zext_ln597' <Predicate = (icmp_ln531)> <Delay = 0.00>
ST_3 : Operation 60 [1/1] (0.00ns)   --->   "%tmp_hist_V_addr_1 = getelementptr i32 %tmp_hist_V, i64 0, i64 %zext_ln597" [../../../../../overlays/Vitis_Libraries/vision//L1/include/imgproc/xf_autowhitebalance.hpp:597]   --->   Operation 60 'getelementptr' 'tmp_hist_V_addr_1' <Predicate = (icmp_ln531)> <Delay = 0.00>
ST_3 : Operation 61 [1/1] (1.23ns)   --->   "%store_ln597 = store i32 %void_AWBhistogramkernel_Mat_Mat_unsigned_int_1024_float_float_float_float_48, i10 %tmp_hist_V_addr_1" [../../../../../overlays/Vitis_Libraries/vision//L1/include/imgproc/xf_autowhitebalance.hpp:597]   --->   Operation 61 'store' 'store_ln597' <Predicate = (icmp_ln531)> <Delay = 1.23> <CoreInst = "RAM_T2P_BRAM">   --->   Core 99 'RAM_T2P_BRAM' <Latency = 1> <II = 1> <Delay = 1.23> <Storage> <Opcode : 'load' 'store'> <Ports = 2> <Width = 32> <Depth = 1024> <RAM>
ST_3 : Operation 62 [1/1] (0.00ns)   --->   "%void_AWBhistogramkernel_Mat_Mat_unsigned_int_1024_float_float_float_float_49 = load i32 %void_AWBhistogramkernel_Mat_Mat_unsigned_int_1024_float_float_float_float_8" [../../../../../overlays/Vitis_Libraries/vision//L1/include/imgproc/xf_autowhitebalance.hpp:598]   --->   Operation 62 'load' 'void_AWBhistogramkernel_Mat_Mat_unsigned_int_1024_float_float_float_float_49' <Predicate = (icmp_ln531)> <Delay = 0.00>
ST_3 : Operation 63 [1/1] (0.00ns)   --->   "%zext_ln598 = zext i32 %tmp1" [../../../../../overlays/Vitis_Libraries/vision//L1/include/imgproc/xf_autowhitebalance.hpp:598]   --->   Operation 63 'zext' 'zext_ln598' <Predicate = (icmp_ln531)> <Delay = 0.00>
ST_3 : Operation 64 [1/1] (0.00ns)   --->   "%tmp_hist1_V_addr_1 = getelementptr i32 %tmp_hist1_V, i64 0, i64 %zext_ln598" [../../../../../overlays/Vitis_Libraries/vision//L1/include/imgproc/xf_autowhitebalance.hpp:598]   --->   Operation 64 'getelementptr' 'tmp_hist1_V_addr_1' <Predicate = (icmp_ln531)> <Delay = 0.00>
ST_3 : Operation 65 [1/1] (1.23ns)   --->   "%store_ln598 = store i32 %void_AWBhistogramkernel_Mat_Mat_unsigned_int_1024_float_float_float_float_49, i10 %tmp_hist1_V_addr_1" [../../../../../overlays/Vitis_Libraries/vision//L1/include/imgproc/xf_autowhitebalance.hpp:598]   --->   Operation 65 'store' 'store_ln598' <Predicate = (icmp_ln531)> <Delay = 1.23> <CoreInst = "RAM_T2P_BRAM">   --->   Core 99 'RAM_T2P_BRAM' <Latency = 1> <II = 1> <Delay = 1.23> <Storage> <Opcode : 'load' 'store'> <Ports = 2> <Width = 32> <Depth = 1024> <RAM>
ST_3 : Operation 66 [1/1] (0.00ns)   --->   "%tmp_54 = load i32 %void_AWBhistogramkernel_Mat_Mat_unsigned_int_1024_float_float_float_float_4" [../../../../../overlays/Vitis_Libraries/vision//L1/include/imgproc/xf_autowhitebalance.hpp:595]   --->   Operation 66 'load' 'tmp_54' <Predicate = (icmp_ln531)> <Delay = 0.00>
ST_3 : Operation 67 [1/1] (0.00ns)   --->   "%tmp1_6 = load i32 %void_AWBhistogramkernel_Mat_Mat_unsigned_int_1024_float_float_float_float_1" [../../../../../overlays/Vitis_Libraries/vision//L1/include/imgproc/xf_autowhitebalance.hpp:596]   --->   Operation 67 'load' 'tmp1_6' <Predicate = (icmp_ln531)> <Delay = 0.00>
ST_3 : Operation 68 [1/1] (0.00ns)   --->   "%void_AWBhistogramkernel_Mat_Mat_unsigned_int_1024_float_float_float_float_50 = load i32 %void_AWBhistogramkernel_Mat_Mat_unsigned_int_1024_float_float_float_float_10" [../../../../../overlays/Vitis_Libraries/vision//L1/include/imgproc/xf_autowhitebalance.hpp:597]   --->   Operation 68 'load' 'void_AWBhistogramkernel_Mat_Mat_unsigned_int_1024_float_float_float_float_50' <Predicate = (icmp_ln531)> <Delay = 0.00>
ST_3 : Operation 69 [1/1] (0.00ns)   --->   "%zext_ln597_1 = zext i32 %tmp_54" [../../../../../overlays/Vitis_Libraries/vision//L1/include/imgproc/xf_autowhitebalance.hpp:597]   --->   Operation 69 'zext' 'zext_ln597_1' <Predicate = (icmp_ln531)> <Delay = 0.00>
ST_3 : Operation 70 [1/1] (0.00ns)   --->   "%tmp_hist_V_1_addr_1 = getelementptr i32 %tmp_hist_V_1, i64 0, i64 %zext_ln597_1" [../../../../../overlays/Vitis_Libraries/vision//L1/include/imgproc/xf_autowhitebalance.hpp:597]   --->   Operation 70 'getelementptr' 'tmp_hist_V_1_addr_1' <Predicate = (icmp_ln531)> <Delay = 0.00>
ST_3 : Operation 71 [1/1] (1.23ns)   --->   "%store_ln597 = store i32 %void_AWBhistogramkernel_Mat_Mat_unsigned_int_1024_float_float_float_float_50, i10 %tmp_hist_V_1_addr_1" [../../../../../overlays/Vitis_Libraries/vision//L1/include/imgproc/xf_autowhitebalance.hpp:597]   --->   Operation 71 'store' 'store_ln597' <Predicate = (icmp_ln531)> <Delay = 1.23> <CoreInst = "RAM_T2P_BRAM">   --->   Core 99 'RAM_T2P_BRAM' <Latency = 1> <II = 1> <Delay = 1.23> <Storage> <Opcode : 'load' 'store'> <Ports = 2> <Width = 32> <Depth = 1024> <RAM>
ST_3 : Operation 72 [1/1] (0.00ns)   --->   "%void_AWBhistogramkernel_Mat_Mat_unsigned_int_1024_float_float_float_float_51 = load i32 %void_AWBhistogramkernel_Mat_Mat_unsigned_int_1024_float_float_float_float_7" [../../../../../overlays/Vitis_Libraries/vision//L1/include/imgproc/xf_autowhitebalance.hpp:598]   --->   Operation 72 'load' 'void_AWBhistogramkernel_Mat_Mat_unsigned_int_1024_float_float_float_float_51' <Predicate = (icmp_ln531)> <Delay = 0.00>
ST_3 : Operation 73 [1/1] (0.00ns)   --->   "%zext_ln598_1 = zext i32 %tmp1_6" [../../../../../overlays/Vitis_Libraries/vision//L1/include/imgproc/xf_autowhitebalance.hpp:598]   --->   Operation 73 'zext' 'zext_ln598_1' <Predicate = (icmp_ln531)> <Delay = 0.00>
ST_3 : Operation 74 [1/1] (0.00ns)   --->   "%tmp_hist1_V_1_addr_1 = getelementptr i32 %tmp_hist1_V_1, i64 0, i64 %zext_ln598_1" [../../../../../overlays/Vitis_Libraries/vision//L1/include/imgproc/xf_autowhitebalance.hpp:598]   --->   Operation 74 'getelementptr' 'tmp_hist1_V_1_addr_1' <Predicate = (icmp_ln531)> <Delay = 0.00>
ST_3 : Operation 75 [1/1] (1.23ns)   --->   "%store_ln598 = store i32 %void_AWBhistogramkernel_Mat_Mat_unsigned_int_1024_float_float_float_float_51, i10 %tmp_hist1_V_1_addr_1" [../../../../../overlays/Vitis_Libraries/vision//L1/include/imgproc/xf_autowhitebalance.hpp:598]   --->   Operation 75 'store' 'store_ln598' <Predicate = (icmp_ln531)> <Delay = 1.23> <CoreInst = "RAM_T2P_BRAM">   --->   Core 99 'RAM_T2P_BRAM' <Latency = 1> <II = 1> <Delay = 1.23> <Storage> <Opcode : 'load' 'store'> <Ports = 2> <Width = 32> <Depth = 1024> <RAM>
ST_3 : Operation 76 [1/1] (0.00ns)   --->   "%tmp_55 = load i32 %void_AWBhistogramkernel_Mat_Mat_unsigned_int_1024_float_float_float_float_3" [../../../../../overlays/Vitis_Libraries/vision//L1/include/imgproc/xf_autowhitebalance.hpp:595]   --->   Operation 76 'load' 'tmp_55' <Predicate = (icmp_ln531)> <Delay = 0.00>
ST_3 : Operation 77 [1/1] (0.00ns)   --->   "%tmp1_7 = load i32 %void_AWBhistogramkernel_Mat_Mat_unsigned_int_1024_float_float_float_float" [../../../../../overlays/Vitis_Libraries/vision//L1/include/imgproc/xf_autowhitebalance.hpp:596]   --->   Operation 77 'load' 'tmp1_7' <Predicate = (icmp_ln531)> <Delay = 0.00>
ST_3 : Operation 78 [1/1] (0.00ns)   --->   "%void_AWBhistogramkernel_Mat_Mat_unsigned_int_1024_float_float_float_float_52 = load i32 %void_AWBhistogramkernel_Mat_Mat_unsigned_int_1024_float_float_float_float_9" [../../../../../overlays/Vitis_Libraries/vision//L1/include/imgproc/xf_autowhitebalance.hpp:597]   --->   Operation 78 'load' 'void_AWBhistogramkernel_Mat_Mat_unsigned_int_1024_float_float_float_float_52' <Predicate = (icmp_ln531)> <Delay = 0.00>
ST_3 : Operation 79 [1/1] (0.00ns)   --->   "%zext_ln597_2 = zext i32 %tmp_55" [../../../../../overlays/Vitis_Libraries/vision//L1/include/imgproc/xf_autowhitebalance.hpp:597]   --->   Operation 79 'zext' 'zext_ln597_2' <Predicate = (icmp_ln531)> <Delay = 0.00>
ST_3 : Operation 80 [1/1] (0.00ns)   --->   "%tmp_hist_V_2_addr_1 = getelementptr i32 %tmp_hist_V_2, i64 0, i64 %zext_ln597_2" [../../../../../overlays/Vitis_Libraries/vision//L1/include/imgproc/xf_autowhitebalance.hpp:597]   --->   Operation 80 'getelementptr' 'tmp_hist_V_2_addr_1' <Predicate = (icmp_ln531)> <Delay = 0.00>
ST_3 : Operation 81 [1/1] (1.23ns)   --->   "%store_ln597 = store i32 %void_AWBhistogramkernel_Mat_Mat_unsigned_int_1024_float_float_float_float_52, i10 %tmp_hist_V_2_addr_1" [../../../../../overlays/Vitis_Libraries/vision//L1/include/imgproc/xf_autowhitebalance.hpp:597]   --->   Operation 81 'store' 'store_ln597' <Predicate = (icmp_ln531)> <Delay = 1.23> <CoreInst = "RAM_T2P_BRAM">   --->   Core 99 'RAM_T2P_BRAM' <Latency = 1> <II = 1> <Delay = 1.23> <Storage> <Opcode : 'load' 'store'> <Ports = 2> <Width = 32> <Depth = 1024> <RAM>
ST_3 : Operation 82 [1/1] (0.00ns)   --->   "%void_AWBhistogramkernel_Mat_Mat_unsigned_int_1024_float_float_float_float_53 = load i32 %void_AWBhistogramkernel_Mat_Mat_unsigned_int_1024_float_float_float_float_6" [../../../../../overlays/Vitis_Libraries/vision//L1/include/imgproc/xf_autowhitebalance.hpp:598]   --->   Operation 82 'load' 'void_AWBhistogramkernel_Mat_Mat_unsigned_int_1024_float_float_float_float_53' <Predicate = (icmp_ln531)> <Delay = 0.00>
ST_3 : Operation 83 [1/1] (0.00ns)   --->   "%zext_ln598_2 = zext i32 %tmp1_7" [../../../../../overlays/Vitis_Libraries/vision//L1/include/imgproc/xf_autowhitebalance.hpp:598]   --->   Operation 83 'zext' 'zext_ln598_2' <Predicate = (icmp_ln531)> <Delay = 0.00>
ST_3 : Operation 84 [1/1] (0.00ns)   --->   "%tmp_hist1_V_2_addr_1 = getelementptr i32 %tmp_hist1_V_2, i64 0, i64 %zext_ln598_2" [../../../../../overlays/Vitis_Libraries/vision//L1/include/imgproc/xf_autowhitebalance.hpp:598]   --->   Operation 84 'getelementptr' 'tmp_hist1_V_2_addr_1' <Predicate = (icmp_ln531)> <Delay = 0.00>
ST_3 : Operation 85 [1/1] (1.23ns)   --->   "%store_ln598 = store i32 %void_AWBhistogramkernel_Mat_Mat_unsigned_int_1024_float_float_float_float_53, i10 %tmp_hist1_V_2_addr_1" [../../../../../overlays/Vitis_Libraries/vision//L1/include/imgproc/xf_autowhitebalance.hpp:598]   --->   Operation 85 'store' 'store_ln598' <Predicate = (icmp_ln531)> <Delay = 1.23> <CoreInst = "RAM_T2P_BRAM">   --->   Core 99 'RAM_T2P_BRAM' <Latency = 1> <II = 1> <Delay = 1.23> <Storage> <Opcode : 'load' 'store'> <Ports = 2> <Width = 32> <Depth = 1024> <RAM>

State 4 <SV = 3> <Delay = 1.41>
ST_4 : Operation 86 [1/1] (0.00ns)   --->   "%void_AWBhistogramkernel_Mat_Mat_unsigned_int_1024_float_float_float_float_36 = load i32 %void_AWBhistogramkernel_Mat_Mat_unsigned_int_1024_float_float_float_float_5" [../../../../../overlays/Vitis_Libraries/vision//L1/include/imgproc/xf_autowhitebalance.hpp:582]   --->   Operation 86 'load' 'void_AWBhistogramkernel_Mat_Mat_unsigned_int_1024_float_float_float_float_36' <Predicate = true> <Delay = 0.00>
ST_4 : Operation 87 [1/1] (0.00ns)   --->   "%void_AWBhistogramkernel_Mat_Mat_unsigned_int_1024_float_float_float_float_37 = load i32 %void_AWBhistogramkernel_Mat_Mat_unsigned_int_1024_float_float_float_float_2" [../../../../../overlays/Vitis_Libraries/vision//L1/include/imgproc/xf_autowhitebalance.hpp:583]   --->   Operation 87 'load' 'void_AWBhistogramkernel_Mat_Mat_unsigned_int_1024_float_float_float_float_37' <Predicate = true> <Delay = 0.00>
ST_4 : Operation 88 [1/1] (0.00ns)   --->   "%void_AWBhistogramkernel_Mat_Mat_unsigned_int_1024_float_float_float_float_38 = load i32 %void_AWBhistogramkernel_Mat_Mat_unsigned_int_1024_float_float_float_float_11" [../../../../../overlays/Vitis_Libraries/vision//L1/include/imgproc/xf_autowhitebalance.hpp:584]   --->   Operation 88 'load' 'void_AWBhistogramkernel_Mat_Mat_unsigned_int_1024_float_float_float_float_38' <Predicate = true> <Delay = 0.00>
ST_4 : Operation 89 [1/1] (0.00ns)   --->   "%void_AWBhistogramkernel_Mat_Mat_unsigned_int_1024_float_float_float_float_39 = load i32 %void_AWBhistogramkernel_Mat_Mat_unsigned_int_1024_float_float_float_float_8" [../../../../../overlays/Vitis_Libraries/vision//L1/include/imgproc/xf_autowhitebalance.hpp:585]   --->   Operation 89 'load' 'void_AWBhistogramkernel_Mat_Mat_unsigned_int_1024_float_float_float_float_39' <Predicate = true> <Delay = 0.00>
ST_4 : Operation 90 [1/1] (0.00ns)   --->   "%void_AWBhistogramkernel_Mat_Mat_unsigned_int_1024_float_float_float_float_40 = load i32 %void_AWBhistogramkernel_Mat_Mat_unsigned_int_1024_float_float_float_float_4" [../../../../../overlays/Vitis_Libraries/vision//L1/include/imgproc/xf_autowhitebalance.hpp:582]   --->   Operation 90 'load' 'void_AWBhistogramkernel_Mat_Mat_unsigned_int_1024_float_float_float_float_40' <Predicate = true> <Delay = 0.00>
ST_4 : Operation 91 [1/1] (0.00ns)   --->   "%void_AWBhistogramkernel_Mat_Mat_unsigned_int_1024_float_float_float_float_41 = load i32 %void_AWBhistogramkernel_Mat_Mat_unsigned_int_1024_float_float_float_float_1" [../../../../../overlays/Vitis_Libraries/vision//L1/include/imgproc/xf_autowhitebalance.hpp:583]   --->   Operation 91 'load' 'void_AWBhistogramkernel_Mat_Mat_unsigned_int_1024_float_float_float_float_41' <Predicate = true> <Delay = 0.00>
ST_4 : Operation 92 [1/1] (0.00ns)   --->   "%void_AWBhistogramkernel_Mat_Mat_unsigned_int_1024_float_float_float_float_42 = load i32 %void_AWBhistogramkernel_Mat_Mat_unsigned_int_1024_float_float_float_float_10" [../../../../../overlays/Vitis_Libraries/vision//L1/include/imgproc/xf_autowhitebalance.hpp:584]   --->   Operation 92 'load' 'void_AWBhistogramkernel_Mat_Mat_unsigned_int_1024_float_float_float_float_42' <Predicate = true> <Delay = 0.00>
ST_4 : Operation 93 [1/1] (0.00ns)   --->   "%void_AWBhistogramkernel_Mat_Mat_unsigned_int_1024_float_float_float_float_43 = load i32 %void_AWBhistogramkernel_Mat_Mat_unsigned_int_1024_float_float_float_float_7" [../../../../../overlays/Vitis_Libraries/vision//L1/include/imgproc/xf_autowhitebalance.hpp:585]   --->   Operation 93 'load' 'void_AWBhistogramkernel_Mat_Mat_unsigned_int_1024_float_float_float_float_43' <Predicate = true> <Delay = 0.00>
ST_4 : Operation 94 [1/1] (0.00ns)   --->   "%void_AWBhistogramkernel_Mat_Mat_unsigned_int_1024_float_float_float_float_44 = load i32 %void_AWBhistogramkernel_Mat_Mat_unsigned_int_1024_float_float_float_float_3" [../../../../../overlays/Vitis_Libraries/vision//L1/include/imgproc/xf_autowhitebalance.hpp:582]   --->   Operation 94 'load' 'void_AWBhistogramkernel_Mat_Mat_unsigned_int_1024_float_float_float_float_44' <Predicate = true> <Delay = 0.00>
ST_4 : Operation 95 [1/1] (0.00ns)   --->   "%void_AWBhistogramkernel_Mat_Mat_unsigned_int_1024_float_float_float_float_45 = load i32 %void_AWBhistogramkernel_Mat_Mat_unsigned_int_1024_float_float_float_float" [../../../../../overlays/Vitis_Libraries/vision//L1/include/imgproc/xf_autowhitebalance.hpp:583]   --->   Operation 95 'load' 'void_AWBhistogramkernel_Mat_Mat_unsigned_int_1024_float_float_float_float_45' <Predicate = true> <Delay = 0.00>
ST_4 : Operation 96 [1/1] (0.00ns)   --->   "%void_AWBhistogramkernel_Mat_Mat_unsigned_int_1024_float_float_float_float_46 = load i32 %void_AWBhistogramkernel_Mat_Mat_unsigned_int_1024_float_float_float_float_9" [../../../../../overlays/Vitis_Libraries/vision//L1/include/imgproc/xf_autowhitebalance.hpp:584]   --->   Operation 96 'load' 'void_AWBhistogramkernel_Mat_Mat_unsigned_int_1024_float_float_float_float_46' <Predicate = true> <Delay = 0.00>
ST_4 : Operation 97 [1/1] (0.00ns)   --->   "%void_AWBhistogramkernel_Mat_Mat_unsigned_int_1024_float_float_float_float_47 = load i32 %void_AWBhistogramkernel_Mat_Mat_unsigned_int_1024_float_float_float_float_6" [../../../../../overlays/Vitis_Libraries/vision//L1/include/imgproc/xf_autowhitebalance.hpp:585]   --->   Operation 97 'load' 'void_AWBhistogramkernel_Mat_Mat_unsigned_int_1024_float_float_float_float_47' <Predicate = true> <Delay = 0.00>
ST_4 : Operation 98 [1/1] (0.00ns)   --->   "%tmp_57 = bitconcatenate i17 @_ssdm_op_BitConcatenate.i17.i16.i1, i16 %tmp_56, i1 0" [../../../../../overlays/Vitis_Libraries/vision//L1/include/imgproc/xf_autowhitebalance.hpp:537]   --->   Operation 98 'bitconcatenate' 'tmp_57' <Predicate = true> <Delay = 0.00>
ST_4 : Operation 99 [2/2] (1.41ns)   --->   "%call_ln585 = call void @AWBhistogramkernel<17, 17, 1080, 1920, 1, 3, 3, 21, 1, 1024>_Pipeline_COL_LOOP, i32 %void_AWBhistogramkernel_Mat_Mat_unsigned_int_1024_float_float_float_float_47, i32 %void_AWBhistogramkernel_Mat_Mat_unsigned_int_1024_float_float_float_float_46, i32 %void_AWBhistogramkernel_Mat_Mat_unsigned_int_1024_float_float_float_float_45, i32 %void_AWBhistogramkernel_Mat_Mat_unsigned_int_1024_float_float_float_float_44, i32 %void_AWBhistogramkernel_Mat_Mat_unsigned_int_1024_float_float_float_float_43, i32 %void_AWBhistogramkernel_Mat_Mat_unsigned_int_1024_float_float_float_float_42, i32 %void_AWBhistogramkernel_Mat_Mat_unsigned_int_1024_float_float_float_float_41, i32 %void_AWBhistogramkernel_Mat_Mat_unsigned_int_1024_float_float_float_float_40, i32 %void_AWBhistogramkernel_Mat_Mat_unsigned_int_1024_float_float_float_float_39, i32 %void_AWBhistogramkernel_Mat_Mat_unsigned_int_1024_float_float_float_float_38, i32 %void_AWBhistogramkernel_Mat_Mat_unsigned_int_1024_float_float_float_float_37, i32 %void_AWBhistogramkernel_Mat_Mat_unsigned_int_1024_float_float_float_float_36, i17 %tmp_57, i30 %demosaic_out_data216, i30 %impop_data1, i32 %tmp_hist_V, i32 %tmp_hist1_V, i32 %tmp_hist_V_1, i32 %tmp_hist1_V_1, i32 %tmp_hist_V_2, i32 %tmp_hist1_V_2, i32 %tmp_acc1_4_loc, i32 %tmp_acc_4_loc, i32 %tmp1_5_loc, i32 %tmp_5_loc, i32 %tmp_acc1_2_loc, i32 %tmp_acc_2_loc, i32 %tmp1_4_loc, i32 %tmp_4_loc, i32 %tmp_acc1_loc, i32 %tmp_acc_loc, i32 %tmp1_3_loc, i32 %tmp_3_loc" [../../../../../overlays/Vitis_Libraries/vision//L1/include/imgproc/xf_autowhitebalance.hpp:585]   --->   Operation 99 'call' 'call_ln585' <Predicate = true> <Delay = 1.41> <CoreType = "Generic">   --->   Core 0 '' <Latency = 0> <II = 1> <Delay = 1.00> <Generic> <Opcode : >

State 5 <SV = 4> <Delay = 0.00>
ST_5 : Operation 100 [1/2] (0.00ns)   --->   "%call_ln585 = call void @AWBhistogramkernel<17, 17, 1080, 1920, 1, 3, 3, 21, 1, 1024>_Pipeline_COL_LOOP, i32 %void_AWBhistogramkernel_Mat_Mat_unsigned_int_1024_float_float_float_float_47, i32 %void_AWBhistogramkernel_Mat_Mat_unsigned_int_1024_float_float_float_float_46, i32 %void_AWBhistogramkernel_Mat_Mat_unsigned_int_1024_float_float_float_float_45, i32 %void_AWBhistogramkernel_Mat_Mat_unsigned_int_1024_float_float_float_float_44, i32 %void_AWBhistogramkernel_Mat_Mat_unsigned_int_1024_float_float_float_float_43, i32 %void_AWBhistogramkernel_Mat_Mat_unsigned_int_1024_float_float_float_float_42, i32 %void_AWBhistogramkernel_Mat_Mat_unsigned_int_1024_float_float_float_float_41, i32 %void_AWBhistogramkernel_Mat_Mat_unsigned_int_1024_float_float_float_float_40, i32 %void_AWBhistogramkernel_Mat_Mat_unsigned_int_1024_float_float_float_float_39, i32 %void_AWBhistogramkernel_Mat_Mat_unsigned_int_1024_float_float_float_float_38, i32 %void_AWBhistogramkernel_Mat_Mat_unsigned_int_1024_float_float_float_float_37, i32 %void_AWBhistogramkernel_Mat_Mat_unsigned_int_1024_float_float_float_float_36, i17 %tmp_57, i30 %demosaic_out_data216, i30 %impop_data1, i32 %tmp_hist_V, i32 %tmp_hist1_V, i32 %tmp_hist_V_1, i32 %tmp_hist1_V_1, i32 %tmp_hist_V_2, i32 %tmp_hist1_V_2, i32 %tmp_acc1_4_loc, i32 %tmp_acc_4_loc, i32 %tmp1_5_loc, i32 %tmp_5_loc, i32 %tmp_acc1_2_loc, i32 %tmp_acc_2_loc, i32 %tmp1_4_loc, i32 %tmp_4_loc, i32 %tmp_acc1_loc, i32 %tmp_acc_loc, i32 %tmp1_3_loc, i32 %tmp_3_loc" [../../../../../overlays/Vitis_Libraries/vision//L1/include/imgproc/xf_autowhitebalance.hpp:585]   --->   Operation 100 'call' 'call_ln585' <Predicate = true> <Delay = 0.00> <CoreType = "Generic">   --->   Core 0 '' <Latency = 0> <II = 1> <Delay = 1.00> <Generic> <Opcode : >

State 6 <SV = 5> <Delay = 0.42>
ST_6 : Operation 101 [1/1] (0.00ns)   --->   "%tmp_acc1_4_loc_load = load i32 %tmp_acc1_4_loc"   --->   Operation 101 'load' 'tmp_acc1_4_loc_load' <Predicate = (!cmp6214)> <Delay = 0.00>
ST_6 : Operation 102 [1/1] (0.00ns)   --->   "%tmp_acc_4_loc_load = load i32 %tmp_acc_4_loc"   --->   Operation 102 'load' 'tmp_acc_4_loc_load' <Predicate = (!cmp6214)> <Delay = 0.00>
ST_6 : Operation 103 [1/1] (0.00ns)   --->   "%tmp1_5_loc_load = load i32 %tmp1_5_loc"   --->   Operation 103 'load' 'tmp1_5_loc_load' <Predicate = (!cmp6214)> <Delay = 0.00>
ST_6 : Operation 104 [1/1] (0.00ns)   --->   "%tmp_5_loc_load = load i32 %tmp_5_loc"   --->   Operation 104 'load' 'tmp_5_loc_load' <Predicate = (!cmp6214)> <Delay = 0.00>
ST_6 : Operation 105 [1/1] (0.00ns)   --->   "%tmp_acc1_2_loc_load = load i32 %tmp_acc1_2_loc"   --->   Operation 105 'load' 'tmp_acc1_2_loc_load' <Predicate = (!cmp6214)> <Delay = 0.00>
ST_6 : Operation 106 [1/1] (0.00ns)   --->   "%tmp_acc_2_loc_load = load i32 %tmp_acc_2_loc"   --->   Operation 106 'load' 'tmp_acc_2_loc_load' <Predicate = (!cmp6214)> <Delay = 0.00>
ST_6 : Operation 107 [1/1] (0.00ns)   --->   "%tmp1_4_loc_load = load i32 %tmp1_4_loc"   --->   Operation 107 'load' 'tmp1_4_loc_load' <Predicate = (!cmp6214)> <Delay = 0.00>
ST_6 : Operation 108 [1/1] (0.00ns)   --->   "%tmp_4_loc_load = load i32 %tmp_4_loc"   --->   Operation 108 'load' 'tmp_4_loc_load' <Predicate = (!cmp6214)> <Delay = 0.00>
ST_6 : Operation 109 [1/1] (0.00ns)   --->   "%tmp_acc1_loc_load = load i32 %tmp_acc1_loc"   --->   Operation 109 'load' 'tmp_acc1_loc_load' <Predicate = (!cmp6214)> <Delay = 0.00>
ST_6 : Operation 110 [1/1] (0.00ns)   --->   "%tmp_acc_loc_load = load i32 %tmp_acc_loc"   --->   Operation 110 'load' 'tmp_acc_loc_load' <Predicate = (!cmp6214)> <Delay = 0.00>
ST_6 : Operation 111 [1/1] (0.00ns)   --->   "%tmp1_3_loc_load = load i32 %tmp1_3_loc"   --->   Operation 111 'load' 'tmp1_3_loc_load' <Predicate = (!cmp6214)> <Delay = 0.00>
ST_6 : Operation 112 [1/1] (0.00ns)   --->   "%tmp_3_loc_load = load i32 %tmp_3_loc"   --->   Operation 112 'load' 'tmp_3_loc_load' <Predicate = (!cmp6214)> <Delay = 0.00>
ST_6 : Operation 113 [1/1] (0.00ns)   --->   "%store_ln582 = store i32 %tmp_3_loc_load, i32 %void_AWBhistogramkernel_Mat_Mat_unsigned_int_1024_float_float_float_float_5" [../../../../../overlays/Vitis_Libraries/vision//L1/include/imgproc/xf_autowhitebalance.hpp:582]   --->   Operation 113 'store' 'store_ln582' <Predicate = (!cmp6214)> <Delay = 0.00>
ST_6 : Operation 114 [1/1] (0.00ns)   --->   "%store_ln583 = store i32 %tmp1_3_loc_load, i32 %void_AWBhistogramkernel_Mat_Mat_unsigned_int_1024_float_float_float_float_2" [../../../../../overlays/Vitis_Libraries/vision//L1/include/imgproc/xf_autowhitebalance.hpp:583]   --->   Operation 114 'store' 'store_ln583' <Predicate = (!cmp6214)> <Delay = 0.00>
ST_6 : Operation 115 [1/1] (0.00ns)   --->   "%store_ln584 = store i32 %tmp_acc_loc_load, i32 %void_AWBhistogramkernel_Mat_Mat_unsigned_int_1024_float_float_float_float_11" [../../../../../overlays/Vitis_Libraries/vision//L1/include/imgproc/xf_autowhitebalance.hpp:584]   --->   Operation 115 'store' 'store_ln584' <Predicate = (!cmp6214)> <Delay = 0.00>
ST_6 : Operation 116 [1/1] (0.00ns)   --->   "%store_ln585 = store i32 %tmp_acc1_loc_load, i32 %void_AWBhistogramkernel_Mat_Mat_unsigned_int_1024_float_float_float_float_8" [../../../../../overlays/Vitis_Libraries/vision//L1/include/imgproc/xf_autowhitebalance.hpp:585]   --->   Operation 116 'store' 'store_ln585' <Predicate = (!cmp6214)> <Delay = 0.00>
ST_6 : Operation 117 [1/1] (0.00ns)   --->   "%store_ln582 = store i32 %tmp_4_loc_load, i32 %void_AWBhistogramkernel_Mat_Mat_unsigned_int_1024_float_float_float_float_4" [../../../../../overlays/Vitis_Libraries/vision//L1/include/imgproc/xf_autowhitebalance.hpp:582]   --->   Operation 117 'store' 'store_ln582' <Predicate = (!cmp6214)> <Delay = 0.00>
ST_6 : Operation 118 [1/1] (0.00ns)   --->   "%store_ln583 = store i32 %tmp1_4_loc_load, i32 %void_AWBhistogramkernel_Mat_Mat_unsigned_int_1024_float_float_float_float_1" [../../../../../overlays/Vitis_Libraries/vision//L1/include/imgproc/xf_autowhitebalance.hpp:583]   --->   Operation 118 'store' 'store_ln583' <Predicate = (!cmp6214)> <Delay = 0.00>
ST_6 : Operation 119 [1/1] (0.00ns)   --->   "%store_ln584 = store i32 %tmp_acc_2_loc_load, i32 %void_AWBhistogramkernel_Mat_Mat_unsigned_int_1024_float_float_float_float_10" [../../../../../overlays/Vitis_Libraries/vision//L1/include/imgproc/xf_autowhitebalance.hpp:584]   --->   Operation 119 'store' 'store_ln584' <Predicate = (!cmp6214)> <Delay = 0.00>
ST_6 : Operation 120 [1/1] (0.00ns)   --->   "%store_ln585 = store i32 %tmp_acc1_2_loc_load, i32 %void_AWBhistogramkernel_Mat_Mat_unsigned_int_1024_float_float_float_float_7" [../../../../../overlays/Vitis_Libraries/vision//L1/include/imgproc/xf_autowhitebalance.hpp:585]   --->   Operation 120 'store' 'store_ln585' <Predicate = (!cmp6214)> <Delay = 0.00>
ST_6 : Operation 121 [1/1] (0.00ns)   --->   "%store_ln582 = store i32 %tmp_5_loc_load, i32 %void_AWBhistogramkernel_Mat_Mat_unsigned_int_1024_float_float_float_float_3" [../../../../../overlays/Vitis_Libraries/vision//L1/include/imgproc/xf_autowhitebalance.hpp:582]   --->   Operation 121 'store' 'store_ln582' <Predicate = (!cmp6214)> <Delay = 0.00>
ST_6 : Operation 122 [1/1] (0.00ns)   --->   "%store_ln583 = store i32 %tmp1_5_loc_load, i32 %void_AWBhistogramkernel_Mat_Mat_unsigned_int_1024_float_float_float_float" [../../../../../overlays/Vitis_Libraries/vision//L1/include/imgproc/xf_autowhitebalance.hpp:583]   --->   Operation 122 'store' 'store_ln583' <Predicate = (!cmp6214)> <Delay = 0.00>
ST_6 : Operation 123 [1/1] (0.00ns)   --->   "%store_ln584 = store i32 %tmp_acc_4_loc_load, i32 %void_AWBhistogramkernel_Mat_Mat_unsigned_int_1024_float_float_float_float_9" [../../../../../overlays/Vitis_Libraries/vision//L1/include/imgproc/xf_autowhitebalance.hpp:584]   --->   Operation 123 'store' 'store_ln584' <Predicate = (!cmp6214)> <Delay = 0.00>
ST_6 : Operation 124 [1/1] (0.00ns)   --->   "%store_ln585 = store i32 %tmp_acc1_4_loc_load, i32 %void_AWBhistogramkernel_Mat_Mat_unsigned_int_1024_float_float_float_float_6" [../../../../../overlays/Vitis_Libraries/vision//L1/include/imgproc/xf_autowhitebalance.hpp:585]   --->   Operation 124 'store' 'store_ln585' <Predicate = (!cmp6214)> <Delay = 0.00>
ST_6 : Operation 125 [1/1] (0.00ns)   --->   "%br_ln531 = br void %for.inc154" [../../../../../overlays/Vitis_Libraries/vision//L1/include/imgproc/xf_autowhitebalance.hpp:531]   --->   Operation 125 'br' 'br_ln531' <Predicate = (!cmp6214)> <Delay = 0.00>
ST_6 : Operation 126 [1/1] (0.42ns)   --->   "%store_ln531 = store i16 %row_2, i16 %row" [../../../../../overlays/Vitis_Libraries/vision//L1/include/imgproc/xf_autowhitebalance.hpp:531]   --->   Operation 126 'store' 'store_ln531' <Predicate = true> <Delay = 0.42>
ST_6 : Operation 127 [1/1] (0.00ns)   --->   "%br_ln531 = br void %COL_LOOP" [../../../../../overlays/Vitis_Libraries/vision//L1/include/imgproc/xf_autowhitebalance.hpp:531]   --->   Operation 127 'br' 'br_ln531' <Predicate = true> <Delay = 0.00>

State 7 <SV = 3> <Delay = 0.00>
ST_7 : Operation 128 [2/2] (0.00ns)   --->   "%call_ln0 = call void @AWBhistogramkernel_Pipeline_MERGE_HIST_LOOP, i32 %hist_2, i32 %hist_1, i32 %hist_0, i32 %tmp_hist_V, i32 %tmp_hist1_V, i32 %tmp_hist_V_1, i32 %tmp_hist1_V_1, i32 %tmp_hist_V_2, i32 %tmp_hist1_V_2"   --->   Operation 128 'call' 'call_ln0' <Predicate = true> <Delay = 0.00> <CoreType = "Generic">   --->   Core 0 '' <Latency = 0> <II = 1> <Delay = 1.00> <Generic> <Opcode : >

State 8 <SV = 4> <Delay = 0.00>
ST_8 : Operation 129 [1/2] (0.00ns)   --->   "%call_ln0 = call void @AWBhistogramkernel_Pipeline_MERGE_HIST_LOOP, i32 %hist_2, i32 %hist_1, i32 %hist_0, i32 %tmp_hist_V, i32 %tmp_hist1_V, i32 %tmp_hist_V_1, i32 %tmp_hist1_V_1, i32 %tmp_hist_V_2, i32 %tmp_hist1_V_2"   --->   Operation 129 'call' 'call_ln0' <Predicate = true> <Delay = 0.00> <CoreType = "Generic">   --->   Core 0 '' <Latency = 0> <II = 1> <Delay = 1.00> <Generic> <Opcode : >
ST_8 : Operation 130 [1/1] (0.00ns)   --->   "%ret_ln629 = ret" [../../../../../overlays/Vitis_Libraries/vision//L1/include/imgproc/xf_autowhitebalance.hpp:629]   --->   Operation 130 'ret' 'ret_ln629' <Predicate = true> <Delay = 0.00>


============================================================
+ Verbose Summary: Timing violations
============================================================
Target clock period: 3.3ns, clock uncertainty: 0.891ns.

 <State 1>: 0.427ns
The critical path consists of the following:
	'alloca' operation ('row') [20]  (0 ns)
	'store' operation ('store_ln531', ../../../../../overlays/Vitis_Libraries/vision//L1/include/imgproc/xf_autowhitebalance.hpp:531) of constant 0 on local variable 'row' [53]  (0.427 ns)

 <State 2>: 1.1ns
The critical path consists of the following:
	wire read operation ('p_read_27') on port 'p_read1' [21]  (0 ns)
	'icmp' operation ('cmp6214') [52]  (1.1 ns)

 <State 3>: 2.34ns
The critical path consists of the following:
	'load' operation ('tmp', ../../../../../overlays/Vitis_Libraries/vision//L1/include/imgproc/xf_autowhitebalance.hpp:595) on static variable 'void_AWBhistogramkernel_Mat_Mat_unsigned_int_1024_float_float_float_float_5' [111]  (0 ns)
	'getelementptr' operation ('tmp_hist_V_addr_1', ../../../../../overlays/Vitis_Libraries/vision//L1/include/imgproc/xf_autowhitebalance.hpp:597) [115]  (0 ns)
	'store' operation ('store_ln597', ../../../../../overlays/Vitis_Libraries/vision//L1/include/imgproc/xf_autowhitebalance.hpp:597) of variable 'void_AWBhistogramkernel_Mat_Mat_unsigned_int_1024_float_float_float_float_48', ../../../../../overlays/Vitis_Libraries/vision//L1/include/imgproc/xf_autowhitebalance.hpp:597 on array 'tmp_hist.V', ../../../../../overlays/Vitis_Libraries/vision//L1/include/imgproc/xf_autowhitebalance.hpp:482 [116]  (1.24 ns)
	blocking operation 1.1 ns on control path)

 <State 4>: 1.42ns
The critical path consists of the following:
	'load' operation ('void_AWBhistogramkernel_Mat_Mat_unsigned_int_1024_float_float_float_float_36', ../../../../../overlays/Vitis_Libraries/vision//L1/include/imgproc/xf_autowhitebalance.hpp:582) on static variable 'void_AWBhistogramkernel_Mat_Mat_unsigned_int_1024_float_float_float_float_5' [65]  (0 ns)
	'call' operation ('call_ln585', ../../../../../overlays/Vitis_Libraries/vision//L1/include/imgproc/xf_autowhitebalance.hpp:585) to 'AWBhistogramkernel<17, 17, 1080, 1920, 1, 3, 3, 21, 1, 1024>_Pipeline_COL_LOOP' [81]  (1.42 ns)

 <State 5>: 0ns
The critical path consists of the following:

 <State 6>: 0.427ns
The critical path consists of the following:
	'store' operation ('store_ln531', ../../../../../overlays/Vitis_Libraries/vision//L1/include/imgproc/xf_autowhitebalance.hpp:531) of variable 'row', ../../../../../overlays/Vitis_Libraries/vision//L1/include/imgproc/xf_autowhitebalance.hpp:531 on local variable 'row' [108]  (0.427 ns)

 <State 7>: 0ns
The critical path consists of the following:

 <State 8>: 0ns
The critical path consists of the following:


============================================================
+ Verbose Summary: Binding
============================================================
N/A
* FSMD analyzer results:
  - Output states:
 - Input state : 
  - Chain level:
	State 1
	State 2
	State 3
	State 4
	State 5
	State 6
	State 7
	State 8


============================================================
+ Verbose Summary: Datapath Resource usage 
============================================================
N/A
