

================================================================
== Vitis HLS Report for 'AWBhistogram_17_17_1080_1920_1_1_1024_3_3_s'
================================================================
* Date:           Thu Mar  5 08:42:56 2026

* Version:        2022.2 (Build 3670227 on Oct 13 2022)
* Project:        isppipeline.prj
* Solution:       sol1 (Vivado IP Flow Target)
* Product family: zynquplus
* Target device:  xck26-sfvc784-2LV-c


================================================================
== Performance Estimates
================================================================
+ Timing: 
    * Summary: 
    +--------+---------+----------+------------+
    |  Clock |  Target | Estimated| Uncertainty|
    +--------+---------+----------+------------+
    |ap_clk  |  3.30 ns|  2.409 ns|     0.89 ns|
    +--------+---------+----------+------------+

+ Latency: 
    * Summary: 
    +---------+---------+----------+----------+------+---------+---------+
    |  Latency (cycles) |  Latency (absolute) |    Interval    | Pipeline|
    |   min   |   max   |    min   |    max   |  min |   max   |   Type  |
    +---------+---------+----------+----------+------+---------+---------+
    |     2060|  1048578|  6.798 us|  3.460 ms|  2060|  1048578|       no|
    +---------+---------+----------+----------+------+---------+---------+

    + Detail: 
        * Instance: 
        N/A

        * Loop: 
        N/A

============================================================
+ Verbose Summary: Synthesis Manager
============================================================
InlineROM: 1
ExposeGlobal: 0
============================================================
+ Verbose Summary: CDFG Model
============================================================
IsTopModel: 0
ResetActiveHigh: 1
IsCombinational: 2
IsDatapathOnly: 0
HasWiredReturn: 1
HasMFsm: 0
HasVarLatency: 1
IsPipeline: 0
IsRtlPipelined: 0
IsInstanceOverlapped: 0
IsDontTouch: 0
HasImplIP: 0
IsGatedGlobalClock: 0


============================================================
+ Verbose Summary: Schedule
============================================================
* Number of FSM states : 2
* Pipeline : 0
* Dataflow Pipeline: 0

* FSM state transitions: 
1 --> 2 
2 --> 

* FSM state operations: 

State 1 <SV = 0> <Delay = 1.10>
ST_1 : Operation 3 [1/1] (0.00ns)   --->   "%p_read13 = read i16 @_ssdm_op_Read.ap_auto.i16, i16 %p_read1" [../../../../../overlays/Vitis_Libraries/vision//L1/include/imgproc/xf_autowhitebalance.hpp:652]   --->   Operation 3 'read' 'p_read13' <Predicate = true> <Delay = 0.00>
ST_1 : Operation 4 [1/1] (0.00ns)   --->   "%p_read_28 = read i16 @_ssdm_op_Read.ap_auto.i16, i16 %p_read" [../../../../../overlays/Vitis_Libraries/vision//L1/include/imgproc/xf_autowhitebalance.hpp:652]   --->   Operation 4 'read' 'p_read_28' <Predicate = true> <Delay = 0.00>
ST_1 : Operation 5 [2/2] (1.10ns)   --->   "%call_ln652 = call void @AWBhistogramkernel<17, 17, 1080, 1920, 1, 3, 3, 21, 1, 1024>, i16 %p_read_28, i16 %p_read13, i30 %demosaic_out_data216, i30 %impop_data1, i32 %histogram_0, i32 %histogram_1, i32 %histogram_2, i32 %void_AWBhistogramkernel_Mat_Mat_unsigned_int_1024_float_float_float_float_5, i32 %void_AWBhistogramkernel_Mat_Mat_unsigned_int_1024_float_float_float_float_2, i32 %void_AWBhistogramkernel_Mat_Mat_unsigned_int_1024_float_float_float_float_11, i32 %void_AWBhistogramkernel_Mat_Mat_unsigned_int_1024_float_float_float_float_8, i32 %void_AWBhistogramkernel_Mat_Mat_unsigned_int_1024_float_float_float_float_4, i32 %void_AWBhistogramkernel_Mat_Mat_unsigned_int_1024_float_float_float_float_1, i32 %void_AWBhistogramkernel_Mat_Mat_unsigned_int_1024_float_float_float_float_10, i32 %void_AWBhistogramkernel_Mat_Mat_unsigned_int_1024_float_float_float_float_7, i32 %void_AWBhistogramkernel_Mat_Mat_unsigned_int_1024_float_float_float_float_3, i32 %void_AWBhistogramkernel_Mat_Mat_unsigned_int_1024_float_float_float_float, i32 %void_AWBhistogramkernel_Mat_Mat_unsigned_int_1024_float_float_float_float_9, i32 %void_AWBhistogramkernel_Mat_Mat_unsigned_int_1024_float_float_float_float_6" [../../../../../overlays/Vitis_Libraries/vision//L1/include/imgproc/xf_autowhitebalance.hpp:652]   --->   Operation 5 'call' 'call_ln652' <Predicate = true> <Delay = 1.10> <CoreType = "Generic">   --->   Core 0 '' <Latency = 0> <II = 1> <Delay = 1.00> <Generic> <Opcode : >

State 2 <SV = 1> <Delay = 0.00>
ST_2 : Operation 6 [1/1] (0.00ns)   --->   "%specinterface_ln0 = specinterface void @_ssdm_op_SpecInterface, i30 %impop_data1, void @empty_26, i32 0, i32 0, void @empty_32, i32 0, i32 0, void @empty_32, void @empty_32, void @empty_32, i32 0, i32 0, i32 0, i32 0, void @empty_32, void @empty_32, i32 4294967295, i32 0"   --->   Operation 6 'specinterface' 'specinterface_ln0' <Predicate = true> <Delay = 0.00>
ST_2 : Operation 7 [1/1] (0.00ns)   --->   "%specinterface_ln0 = specinterface void @_ssdm_op_SpecInterface, i30 %demosaic_out_data216, void @empty_26, i32 0, i32 0, void @empty_32, i32 0, i32 0, void @empty_32, void @empty_32, void @empty_32, i32 0, i32 0, i32 0, i32 0, void @empty_32, void @empty_32, i32 4294967295, i32 0"   --->   Operation 7 'specinterface' 'specinterface_ln0' <Predicate = true> <Delay = 0.00>
ST_2 : Operation 8 [1/2] (0.00ns)   --->   "%call_ln652 = call void @AWBhistogramkernel<17, 17, 1080, 1920, 1, 3, 3, 21, 1, 1024>, i16 %p_read_28, i16 %p_read13, i30 %demosaic_out_data216, i30 %impop_data1, i32 %histogram_0, i32 %histogram_1, i32 %histogram_2, i32 %void_AWBhistogramkernel_Mat_Mat_unsigned_int_1024_float_float_float_float_5, i32 %void_AWBhistogramkernel_Mat_Mat_unsigned_int_1024_float_float_float_float_2, i32 %void_AWBhistogramkernel_Mat_Mat_unsigned_int_1024_float_float_float_float_11, i32 %void_AWBhistogramkernel_Mat_Mat_unsigned_int_1024_float_float_float_float_8, i32 %void_AWBhistogramkernel_Mat_Mat_unsigned_int_1024_float_float_float_float_4, i32 %void_AWBhistogramkernel_Mat_Mat_unsigned_int_1024_float_float_float_float_1, i32 %void_AWBhistogramkernel_Mat_Mat_unsigned_int_1024_float_float_float_float_10, i32 %void_AWBhistogramkernel_Mat_Mat_unsigned_int_1024_float_float_float_float_7, i32 %void_AWBhistogramkernel_Mat_Mat_unsigned_int_1024_float_float_float_float_3, i32 %void_AWBhistogramkernel_Mat_Mat_unsigned_int_1024_float_float_float_float, i32 %void_AWBhistogramkernel_Mat_Mat_unsigned_int_1024_float_float_float_float_9, i32 %void_AWBhistogramkernel_Mat_Mat_unsigned_int_1024_float_float_float_float_6" [../../../../../overlays/Vitis_Libraries/vision//L1/include/imgproc/xf_autowhitebalance.hpp:652]   --->   Operation 8 'call' 'call_ln652' <Predicate = true> <Delay = 0.00> <CoreType = "Generic">   --->   Core 0 '' <Latency = 0> <II = 1> <Delay = 1.00> <Generic> <Opcode : >
ST_2 : Operation 9 [1/1] (0.00ns)   --->   "%ret_ln654 = ret" [../../../../../overlays/Vitis_Libraries/vision//L1/include/imgproc/xf_autowhitebalance.hpp:654]   --->   Operation 9 'ret' 'ret_ln654' <Predicate = true> <Delay = 0.00>


============================================================
+ Verbose Summary: Timing violations
============================================================
Target clock period: 3.3ns, clock uncertainty: 0.891ns.

 <State 1>: 1.1ns
The critical path consists of the following:
	wire read operation ('p_read13', ../../../../../overlays/Vitis_Libraries/vision//L1/include/imgproc/xf_autowhitebalance.hpp:652) on port 'p_read1' (../../../../../overlays/Vitis_Libraries/vision//L1/include/imgproc/xf_autowhitebalance.hpp:652) [22]  (0 ns)
	'call' operation ('call_ln652', ../../../../../overlays/Vitis_Libraries/vision//L1/include/imgproc/xf_autowhitebalance.hpp:652) to 'AWBhistogramkernel<17, 17, 1080, 1920, 1, 3, 3, 21, 1, 1024>' [24]  (1.1 ns)

 <State 2>: 0ns
The critical path consists of the following:


============================================================
+ Verbose Summary: Binding
============================================================
N/A
* FSMD analyzer results:
  - Output states:
 - Input state : 
  - Chain level:
	State 1
	State 2


============================================================
+ Verbose Summary: Datapath Resource usage 
============================================================
N/A
