

================================================================
== Vitis HLS Report for 'AWBNormalizationkernel_Pipeline_VITIS_LOOP_342_4'
================================================================
* Date:           Thu Mar  5 08:42:56 2026

* Version:        2022.2 (Build 3670227 on Oct 13 2022)
* Project:        isppipeline.prj
* Solution:       sol1 (Vivado IP Flow Target)
* Product family: zynquplus
* Target device:  xck26-sfvc784-2LV-c


================================================================
== Performance Estimates
================================================================
+ Timing: 
    * Summary: 
    +--------+---------+----------+------------+
    |  Clock |  Target | Estimated| Uncertainty|
    +--------+---------+----------+------------+
    |ap_clk  |  3.30 ns|  2.309 ns|     0.89 ns|
    +--------+---------+----------+------------+

+ Latency: 
    * Summary: 
    +---------+---------+----------+----------+-----+-----+---------+
    |  Latency (cycles) |  Latency (absolute) |  Interval | Pipeline|
    |   min   |   max   |    min   |    max   | min | max |   Type  |
    +---------+---------+----------+----------+-----+-----+---------+
    |      769|      769|  2.538 us|  2.538 us|  769|  769|       no|
    +---------+---------+----------+----------+-----+-----+---------+

    + Detail: 
        * Instance: 
        N/A

        * Loop: 
        +--------------------+---------+---------+----------+-----------+-----------+------+----------+
        |                    |  Latency (cycles) | Iteration|  Initiation Interval  | Trip |          |
        |      Loop Name     |   min   |   max   |  Latency |  achieved |   target  | Count| Pipelined|
        +--------------------+---------+---------+----------+-----------+-----------+------+----------+
        |- VITIS_LOOP_342_4  |      767|      767|         5|          3|          1|   255|       yes|
        +--------------------+---------+---------+----------+-----------+-----------+------+----------+

============================================================
+ Verbose Summary: Synthesis Manager
============================================================
InlineROM: 1
ExposeGlobal: 0
============================================================
+ Verbose Summary: CDFG Model
============================================================
IsTopModel: 0
ResetActiveHigh: 1
IsCombinational: 0
IsDatapathOnly: 0
HasWiredReturn: 1
HasMFsm: 2
HasVarLatency: 1
IsPipeline: 0
IsRtlPipelined: 0
IsInstanceOverlapped: 0
IsDontTouch: 0
HasImplIP: 0
IsGatedGlobalClock: 0

+ Individual pipeline summary: 
  * Pipeline-0: initiation interval (II) = 3, depth = 5


============================================================
+ Verbose Summary: Schedule
============================================================
* Number of FSM states : 5
* Pipeline : 1
  Pipeline-0 : II = 3, D = 5, States = { 1 2 3 4 5 }
* Dataflow Pipeline: 0

* FSM state transitions: 
1 --> 2 
2 --> 3 
3 --> 4 
4 --> 5 
5 --> 

* FSM state operations: 

State 1 <SV = 0> <Delay = 1.23>
ST_1 : Operation 8 [1/1] (0.00ns)   --->   "%lhs_V = alloca i32 1"   --->   Operation 8 'alloca' 'lhs_V' <Predicate = true> <Delay = 0.00>
ST_1 : Operation 9 [1/1] (0.00ns)   --->   "%p2_V = alloca i32 1"   --->   Operation 9 'alloca' 'p2_V' <Predicate = true> <Delay = 0.00>
ST_1 : Operation 10 [1/1] (0.00ns)   --->   "%conv_i_i1417_read = read i32 @_ssdm_op_Read.ap_auto.i32, i32 %conv_i_i1417"   --->   Operation 10 'read' 'conv_i_i1417_read' <Predicate = true> <Delay = 0.00>
ST_1 : Operation 11 [1/1] (0.00ns)   --->   "%j_read = read i2 @_ssdm_op_Read.ap_auto.i2, i2 %j"   --->   Operation 11 'read' 'j_read' <Predicate = true> <Delay = 0.00>
ST_1 : Operation 12 [1/1] (0.00ns)   --->   "%total_read = read i32 @_ssdm_op_Read.ap_auto.i32, i32 %total"   --->   Operation 12 'read' 'total_read' <Predicate = true> <Delay = 0.00>
ST_1 : Operation 13 [1/1] (0.00ns)   --->   "%conv_i_i1417_cast = sext i32 %conv_i_i1417_read"   --->   Operation 13 'sext' 'conv_i_i1417_cast' <Predicate = true> <Delay = 0.00>
ST_1 : Operation 14 [1/1] (0.42ns)   --->   "%store_ln0 = store i12 1023, i12 %p2_V"   --->   Operation 14 'store' 'store_ln0' <Predicate = true> <Delay = 0.42>
ST_1 : Operation 15 [1/1] (0.42ns)   --->   "%store_ln0 = store i32 %total_read, i32 %lhs_V"   --->   Operation 15 'store' 'store_ln0' <Predicate = true> <Delay = 0.42>
ST_1 : Operation 16 [1/1] (0.00ns)   --->   "%br_ln0 = br void %while.cond41"   --->   Operation 16 'br' 'br_ln0' <Predicate = true> <Delay = 0.00>
ST_1 : Operation 17 [1/1] (0.00ns)   --->   "%p2_V_2 = load i12 %p2_V"   --->   Operation 17 'load' 'p2_V_2' <Predicate = true> <Delay = 0.00>
ST_1 : Operation 18 [1/1] (0.00ns)   --->   "%zext_ln541 = zext i12 %p2_V_2"   --->   Operation 18 'zext' 'zext_ln541' <Predicate = true> <Delay = 0.00>
ST_1 : Operation 19 [1/1] (0.00ns)   --->   "%hist_0_addr = getelementptr i32 %hist_0, i64 0, i64 %zext_ln541" [../../../../../overlays/Vitis_Libraries/vision//L1/include/imgproc/xf_autowhitebalance.hpp:342]   --->   Operation 19 'getelementptr' 'hist_0_addr' <Predicate = true> <Delay = 0.00>
ST_1 : Operation 20 [1/1] (0.00ns)   --->   "%hist_1_addr = getelementptr i32 %hist_1, i64 0, i64 %zext_ln541" [../../../../../overlays/Vitis_Libraries/vision//L1/include/imgproc/xf_autowhitebalance.hpp:342]   --->   Operation 20 'getelementptr' 'hist_1_addr' <Predicate = true> <Delay = 0.00>
ST_1 : Operation 21 [1/1] (0.00ns)   --->   "%hist_2_addr = getelementptr i32 %hist_2, i64 0, i64 %zext_ln541" [../../../../../overlays/Vitis_Libraries/vision//L1/include/imgproc/xf_autowhitebalance.hpp:342]   --->   Operation 21 'getelementptr' 'hist_2_addr' <Predicate = true> <Delay = 0.00>
ST_1 : Operation 22 [2/2] (1.23ns)   --->   "%hist_0_load = load i10 %hist_0_addr" [../../../../../overlays/Vitis_Libraries/vision//L1/include/imgproc/xf_autowhitebalance.hpp:342]   --->   Operation 22 'load' 'hist_0_load' <Predicate = true> <Delay = 1.23> <CoreInst = "RAM">   --->   Core 83 'RAM' <Latency = 1> <II = 1> <Delay = 1.23> <Storage> <Opcode : 'load' 'store'> <Ports = 2> <Width = 32> <Depth = 1024> <RAM>
ST_1 : Operation 23 [2/2] (1.23ns)   --->   "%hist_1_load = load i10 %hist_1_addr" [../../../../../overlays/Vitis_Libraries/vision//L1/include/imgproc/xf_autowhitebalance.hpp:342]   --->   Operation 23 'load' 'hist_1_load' <Predicate = true> <Delay = 1.23> <CoreInst = "RAM">   --->   Core 83 'RAM' <Latency = 1> <II = 1> <Delay = 1.23> <Storage> <Opcode : 'load' 'store'> <Ports = 2> <Width = 32> <Depth = 1024> <RAM>
ST_1 : Operation 24 [2/2] (1.23ns)   --->   "%hist_2_load = load i10 %hist_2_addr" [../../../../../overlays/Vitis_Libraries/vision//L1/include/imgproc/xf_autowhitebalance.hpp:342]   --->   Operation 24 'load' 'hist_2_load' <Predicate = true> <Delay = 1.23> <CoreInst = "RAM">   --->   Core 83 'RAM' <Latency = 1> <II = 1> <Delay = 1.23> <Storage> <Opcode : 'load' 'store'> <Ports = 2> <Width = 32> <Depth = 1024> <RAM>

State 2 <SV = 1> <Delay = 1.71>
ST_2 : Operation 25 [1/2] (1.23ns)   --->   "%hist_0_load = load i10 %hist_0_addr" [../../../../../overlays/Vitis_Libraries/vision//L1/include/imgproc/xf_autowhitebalance.hpp:342]   --->   Operation 25 'load' 'hist_0_load' <Predicate = true> <Delay = 1.23> <CoreInst = "RAM">   --->   Core 83 'RAM' <Latency = 1> <II = 1> <Delay = 1.23> <Storage> <Opcode : 'load' 'store'> <Ports = 2> <Width = 32> <Depth = 1024> <RAM>
ST_2 : Operation 26 [1/2] (1.23ns)   --->   "%hist_1_load = load i10 %hist_1_addr" [../../../../../overlays/Vitis_Libraries/vision//L1/include/imgproc/xf_autowhitebalance.hpp:342]   --->   Operation 26 'load' 'hist_1_load' <Predicate = true> <Delay = 1.23> <CoreInst = "RAM">   --->   Core 83 'RAM' <Latency = 1> <II = 1> <Delay = 1.23> <Storage> <Opcode : 'load' 'store'> <Ports = 2> <Width = 32> <Depth = 1024> <RAM>
ST_2 : Operation 27 [1/2] (1.23ns)   --->   "%hist_2_load = load i10 %hist_2_addr" [../../../../../overlays/Vitis_Libraries/vision//L1/include/imgproc/xf_autowhitebalance.hpp:342]   --->   Operation 27 'load' 'hist_2_load' <Predicate = true> <Delay = 1.23> <CoreInst = "RAM">   --->   Core 83 'RAM' <Latency = 1> <II = 1> <Delay = 1.23> <Storage> <Opcode : 'load' 'store'> <Ports = 2> <Width = 32> <Depth = 1024> <RAM>
ST_2 : Operation 28 [1/1] (0.47ns)   --->   "%rhs_V = mux i32 @_ssdm_op_Mux.ap_auto.3i32.i2, i32 %hist_0_load, i32 %hist_1_load, i32 %hist_2_load, i2 %j_read" [../../../../../overlays/Vitis_Libraries/vision//L1/include/imgproc/xf_autowhitebalance.hpp:342]   --->   Operation 28 'mux' 'rhs_V' <Predicate = true> <Delay = 0.47> <CoreInst = "Multiplexer">   --->   Core 76 'Multiplexer' <Latency = 0> <II = 1> <Delay = 0.47> <FuncUnit> <Opcode : 'mux'> <InPorts = 2> <OutPorts = 1>

State 3 <SV = 2> <Delay = 2.30>
ST_3 : Operation 29 [1/1] (0.00ns)   --->   "%n2_V_1 = load i32 %lhs_V"   --->   Operation 29 'load' 'n2_V_1' <Predicate = true> <Delay = 0.00>
ST_3 : Operation 30 [1/1] (0.00ns)   --->   "%zext_ln186 = zext i32 %n2_V_1"   --->   Operation 30 'zext' 'zext_ln186' <Predicate = true> <Delay = 0.00>
ST_3 : Operation 31 [1/1] (0.00ns)   --->   "%zext_ln186_23 = zext i32 %rhs_V"   --->   Operation 31 'zext' 'zext_ln186_23' <Predicate = true> <Delay = 0.00>
ST_3 : Operation 32 [1/1] (1.01ns)   --->   "%ret_V = sub i33 %zext_ln186, i33 %zext_ln186_23"   --->   Operation 32 'sub' 'ret_V' <Predicate = true> <Delay = 1.01> <CoreInst = "Adder">   --->   Core 1 'Adder' <Latency = 0> <II = 1> <Delay = 1.01> <FuncUnit> <Opcode : 'add' 'sub'> <InPorts = 2> <OutPorts = 1>
ST_3 : Operation 33 [1/1] (1.00ns)   --->   "%icmp_ln1035 = icmp_sgt  i33 %ret_V, i33 %conv_i_i1417_cast"   --->   Operation 33 'icmp' 'icmp_ln1035' <Predicate = true> <Delay = 1.00> <CoreInst = "Cmp">   --->   Core 9 'Cmp' <Latency = 0> <II = 1> <Delay = 1.00> <FuncUnit> <Opcode : 'icmp'> <InPorts = 2> <OutPorts = 1>
ST_3 : Operation 34 [1/1] (0.97ns)   --->   "%icmp_ln1023 = icmp_ne  i12 %p2_V_2, i12 0"   --->   Operation 34 'icmp' 'icmp_ln1023' <Predicate = true> <Delay = 0.97> <CoreInst = "Cmp">   --->   Core 9 'Cmp' <Latency = 0> <II = 1> <Delay = 0.97> <FuncUnit> <Opcode : 'icmp'> <InPorts = 2> <OutPorts = 1>
ST_3 : Operation 35 [1/1] (0.28ns)   --->   "%and_ln342 = and i1 %icmp_ln1035, i1 %icmp_ln1023" [../../../../../overlays/Vitis_Libraries/vision//L1/include/imgproc/xf_autowhitebalance.hpp:342]   --->   Operation 35 'and' 'and_ln342' <Predicate = true> <Delay = 0.28> <CoreInst = "LogicGate">   --->   Core 74 'LogicGate' <Latency = 0> <II = 1> <Delay = 0.28> <FuncUnit> <Opcode : 'and' 'or' 'xor'> <InPorts = 2> <OutPorts = 1>
ST_3 : Operation 36 [1/1] (0.00ns)   --->   "%br_ln342 = br i1 %and_ln342, void %for.inc62.exitStub, void %while.body51" [../../../../../overlays/Vitis_Libraries/vision//L1/include/imgproc/xf_autowhitebalance.hpp:342]   --->   Operation 36 'br' 'br_ln342' <Predicate = true> <Delay = 0.00>
ST_3 : Operation 37 [1/1] (0.80ns)   --->   "%p2_V_3 = add i12 %p2_V_2, i12 4095"   --->   Operation 37 'add' 'p2_V_3' <Predicate = (and_ln342)> <Delay = 0.80> <CoreInst = "Adder">   --->   Core 1 'Adder' <Latency = 0> <II = 1> <Delay = 0.80> <FuncUnit> <Opcode : 'add' 'sub'> <InPorts = 2> <OutPorts = 1>
ST_3 : Operation 38 [1/1] (0.00ns)   --->   "%maxValue_V_read = read i18 @_ssdm_op_Read.ap_auto.i18P0A, i18 %maxValue_V"   --->   Operation 38 'read' 'maxValue_V_read' <Predicate = (and_ln342)> <Delay = 0.00>
ST_3 : Operation 39 [1/1] (0.00ns)   --->   "%maxValue_V_3_read = read i18 @_ssdm_op_Read.ap_auto.i18P0A, i18 %maxValue_V_3"   --->   Operation 39 'read' 'maxValue_V_3_read' <Predicate = (and_ln342)> <Delay = 0.00>
ST_3 : Operation 40 [1/1] (0.00ns)   --->   "%maxValue_V_4_read = read i18 @_ssdm_op_Read.ap_auto.i18P0A, i18 %maxValue_V_4"   --->   Operation 40 'read' 'maxValue_V_4_read' <Predicate = (and_ln342)> <Delay = 0.00>
ST_3 : Operation 75 [1/1] (0.00ns)   --->   "%ret_ln0 = ret"   --->   Operation 75 'ret' 'ret_ln0' <Predicate = (!and_ln342)> <Delay = 0.00>

State 4 <SV = 3> <Delay = 1.99>
ST_4 : Operation 41 [1/1] (0.00ns)   --->   "%specpipeline_ln343 = specpipeline void @_ssdm_op_SpecPipeline, i32 4294967295, i32 0, i32 0, i32 0, void @empty_32" [../../../../../overlays/Vitis_Libraries/vision//L1/include/imgproc/xf_autowhitebalance.hpp:343]   --->   Operation 41 'specpipeline' 'specpipeline_ln343' <Predicate = (and_ln342)> <Delay = 0.00>
ST_4 : Operation 42 [1/1] (0.00ns)   --->   "%speclooptripcount_ln344 = speclooptripcount void @_ssdm_op_SpecLoopTripCount, i64 255, i64 255, i64 255" [../../../../../overlays/Vitis_Libraries/vision//L1/include/imgproc/xf_autowhitebalance.hpp:344]   --->   Operation 42 'speclooptripcount' 'speclooptripcount_ln344' <Predicate = (and_ln342)> <Delay = 0.00>
ST_4 : Operation 43 [1/1] (0.00ns)   --->   "%specloopname_ln345 = specloopname void @_ssdm_op_SpecLoopName, void @empty_13" [../../../../../overlays/Vitis_Libraries/vision//L1/include/imgproc/xf_autowhitebalance.hpp:345]   --->   Operation 43 'specloopname' 'specloopname_ln345' <Predicate = (and_ln342)> <Delay = 0.00>
ST_4 : Operation 44 [1/1] (1.01ns)   --->   "%n2_V = sub i32 %n2_V_1, i32 %rhs_V"   --->   Operation 44 'sub' 'n2_V' <Predicate = (and_ln342)> <Delay = 1.01> <CoreInst = "Adder">   --->   Core 1 'Adder' <Latency = 0> <II = 1> <Delay = 1.01> <FuncUnit> <Opcode : 'add' 'sub'> <InPorts = 2> <OutPorts = 1>
ST_4 : Operation 45 [1/1] (0.47ns)   --->   "%tmp_8 = mux i18 @_ssdm_op_Mux.ap_auto.3i18.i2, i18 %maxValue_V_read, i18 %maxValue_V_3_read, i18 %maxValue_V_4_read, i2 %j_read"   --->   Operation 45 'mux' 'tmp_8' <Predicate = (and_ln342)> <Delay = 0.47> <CoreInst = "Multiplexer">   --->   Core 76 'Multiplexer' <Latency = 0> <II = 1> <Delay = 0.47> <FuncUnit> <Opcode : 'mux'> <InPorts = 2> <OutPorts = 1>
ST_4 : Operation 46 [1/1] (1.08ns)   --->   "%icmp_ln1420 = icmp_eq  i18 %tmp_8, i18 64"   --->   Operation 46 'icmp' 'icmp_ln1420' <Predicate = (and_ln342)> <Delay = 1.08> <CoreInst = "Cmp">   --->   Core 9 'Cmp' <Latency = 0> <II = 1> <Delay = 1.08> <FuncUnit> <Opcode : 'icmp'> <InPorts = 2> <OutPorts = 1>
ST_4 : Operation 47 [1/1] (0.42ns)   --->   "%br_ln808 = br i1 %icmp_ln1420, void %if.end.i.i1384, void %if.then.i.i1382"   --->   Operation 47 'br' 'br_ln808' <Predicate = (and_ln342)> <Delay = 0.42>
ST_4 : Operation 48 [1/1] (0.44ns)   --->   "%switch_ln808 = switch i2 %j_read, void %V32.i.i25.i.i2091.case.211, i2 0, void %V32.i.i25.i.i2091.case.09, i2 1, void %V32.i.i25.i.i2091.case.110"   --->   Operation 48 'switch' 'switch_ln808' <Predicate = (icmp_ln1420)> <Delay = 0.44>
ST_4 : Operation 49 [1/1] (0.00ns)   --->   "%write_ln808 = write void @_ssdm_op_Write.ap_auto.i18P0A, i18 %maxValue_V_3, i18 0"   --->   Operation 49 'write' 'write_ln808' <Predicate = (and_ln342 & icmp_ln1420 & j_read == 1)> <Delay = 0.00>
ST_4 : Operation 50 [1/1] (0.42ns)   --->   "%br_ln808 = br void %if.end.i.i1384"   --->   Operation 50 'br' 'br_ln808' <Predicate = (and_ln342 & icmp_ln1420 & j_read == 1)> <Delay = 0.42>
ST_4 : Operation 51 [1/1] (0.00ns)   --->   "%write_ln808 = write void @_ssdm_op_Write.ap_auto.i18P0A, i18 %maxValue_V, i18 0"   --->   Operation 51 'write' 'write_ln808' <Predicate = (and_ln342 & icmp_ln1420 & j_read == 0)> <Delay = 0.00>
ST_4 : Operation 52 [1/1] (0.42ns)   --->   "%br_ln808 = br void %if.end.i.i1384"   --->   Operation 52 'br' 'br_ln808' <Predicate = (and_ln342 & icmp_ln1420 & j_read == 0)> <Delay = 0.42>
ST_4 : Operation 53 [1/1] (0.00ns)   --->   "%write_ln808 = write void @_ssdm_op_Write.ap_auto.i18P0A, i18 %maxValue_V_4, i18 0"   --->   Operation 53 'write' 'write_ln808' <Predicate = (and_ln342 & icmp_ln1420 & j_read != 0 & j_read != 1)> <Delay = 0.00>
ST_4 : Operation 54 [1/1] (0.42ns)   --->   "%br_ln808 = br void %if.end.i.i1384"   --->   Operation 54 'br' 'br_ln808' <Predicate = (and_ln342 & icmp_ln1420 & j_read != 0 & j_read != 1)> <Delay = 0.42>
ST_4 : Operation 55 [1/1] (0.87ns)   --->   "%maxValue_V_1 = add i18 %tmp_8, i18 262080"   --->   Operation 55 'add' 'maxValue_V_1' <Predicate = (and_ln342)> <Delay = 0.87> <CoreInst = "Adder">   --->   Core 1 'Adder' <Latency = 0> <II = 1> <Delay = 0.87> <FuncUnit> <Opcode : 'add' 'sub'> <InPorts = 2> <OutPorts = 1>
ST_4 : Operation 56 [1/1] (0.44ns)   --->   "%switch_ln813 = switch i2 %j_read, void %V32.i.i25.i.i2091.case.2, i2 0, void %V32.i.i25.i.i2091.case.0, i2 1, void %V32.i.i25.i.i2091.case.1"   --->   Operation 56 'switch' 'switch_ln813' <Predicate = (and_ln342)> <Delay = 0.44>
ST_4 : Operation 57 [1/1] (0.42ns)   --->   "%store_ln342 = store i12 %p2_V_3, i12 %p2_V" [../../../../../overlays/Vitis_Libraries/vision//L1/include/imgproc/xf_autowhitebalance.hpp:342]   --->   Operation 57 'store' 'store_ln342' <Predicate = true> <Delay = 0.42>
ST_4 : Operation 58 [1/1] (0.42ns)   --->   "%store_ln342 = store i32 %n2_V, i32 %lhs_V" [../../../../../overlays/Vitis_Libraries/vision//L1/include/imgproc/xf_autowhitebalance.hpp:342]   --->   Operation 58 'store' 'store_ln342' <Predicate = true> <Delay = 0.42>

State 5 <SV = 4> <Delay = 0.42>
ST_5 : Operation 59 [1/1] (0.00ns)   --->   "%empty_281 = phi i18 %maxValue_V_4_read, void %V32.i.i25.i.i2091.case.110, i18 %maxValue_V_4_read, void %V32.i.i25.i.i2091.case.09, i18 0, void %V32.i.i25.i.i2091.case.211, i18 %maxValue_V_4_read, void %while.body51"   --->   Operation 59 'phi' 'empty_281' <Predicate = (and_ln342)> <Delay = 0.00>
ST_5 : Operation 60 [1/1] (0.00ns)   --->   "%empty_282 = phi i18 0, void %V32.i.i25.i.i2091.case.110, i18 %maxValue_V_3_read, void %V32.i.i25.i.i2091.case.09, i18 %maxValue_V_3_read, void %V32.i.i25.i.i2091.case.211, i18 %maxValue_V_3_read, void %while.body51"   --->   Operation 60 'phi' 'empty_282' <Predicate = (and_ln342)> <Delay = 0.00>
ST_5 : Operation 61 [1/1] (0.00ns)   --->   "%empty_283 = phi i18 %maxValue_V_read, void %V32.i.i25.i.i2091.case.110, i18 0, void %V32.i.i25.i.i2091.case.09, i18 %maxValue_V_read, void %V32.i.i25.i.i2091.case.211, i18 %maxValue_V_read, void %while.body51"   --->   Operation 61 'phi' 'empty_283' <Predicate = (and_ln342)> <Delay = 0.00>
ST_5 : Operation 62 [1/1] (0.00ns)   --->   "%write_ln813 = write void @_ssdm_op_Write.ap_auto.i18P0A, i18 %maxValue_V_3, i18 %maxValue_V_1"   --->   Operation 62 'write' 'write_ln813' <Predicate = (and_ln342 & j_read == 1)> <Delay = 0.00>
ST_5 : Operation 63 [1/1] (0.42ns)   --->   "%br_ln813 = br void %V32.i.i25.i.i2091.exit"   --->   Operation 63 'br' 'br_ln813' <Predicate = (and_ln342 & j_read == 1)> <Delay = 0.42>
ST_5 : Operation 64 [1/1] (0.00ns)   --->   "%write_ln813 = write void @_ssdm_op_Write.ap_auto.i18P0A, i18 %maxValue_V, i18 %maxValue_V_1"   --->   Operation 64 'write' 'write_ln813' <Predicate = (and_ln342 & j_read == 0)> <Delay = 0.00>
ST_5 : Operation 65 [1/1] (0.42ns)   --->   "%br_ln813 = br void %V32.i.i25.i.i2091.exit"   --->   Operation 65 'br' 'br_ln813' <Predicate = (and_ln342 & j_read == 0)> <Delay = 0.42>
ST_5 : Operation 66 [1/1] (0.00ns)   --->   "%write_ln813 = write void @_ssdm_op_Write.ap_auto.i18P0A, i18 %maxValue_V_4, i18 %maxValue_V_1"   --->   Operation 66 'write' 'write_ln813' <Predicate = (and_ln342 & j_read != 0 & j_read != 1)> <Delay = 0.00>
ST_5 : Operation 67 [1/1] (0.42ns)   --->   "%br_ln813 = br void %V32.i.i25.i.i2091.exit"   --->   Operation 67 'br' 'br_ln813' <Predicate = (and_ln342 & j_read != 0 & j_read != 1)> <Delay = 0.42>
ST_5 : Operation 68 [1/1] (0.00ns)   --->   "%empty = phi i18 %empty_281, void %V32.i.i25.i.i2091.case.1, i18 %empty_281, void %V32.i.i25.i.i2091.case.0, i18 %maxValue_V_1, void %V32.i.i25.i.i2091.case.2"   --->   Operation 68 'phi' 'empty' <Predicate = true> <Delay = 0.00>
ST_5 : Operation 69 [1/1] (0.00ns)   --->   "%empty_279 = phi i18 %maxValue_V_1, void %V32.i.i25.i.i2091.case.1, i18 %empty_282, void %V32.i.i25.i.i2091.case.0, i18 %empty_282, void %V32.i.i25.i.i2091.case.2"   --->   Operation 69 'phi' 'empty_279' <Predicate = true> <Delay = 0.00>
ST_5 : Operation 70 [1/1] (0.00ns)   --->   "%empty_280 = phi i18 %empty_283, void %V32.i.i25.i.i2091.case.1, i18 %maxValue_V_1, void %V32.i.i25.i.i2091.case.0, i18 %empty_283, void %V32.i.i25.i.i2091.case.2"   --->   Operation 70 'phi' 'empty_280' <Predicate = true> <Delay = 0.00>
ST_5 : Operation 71 [1/1] (0.00ns)   --->   "%store_ln342 = store i18 %empty, i18 %p_out" [../../../../../overlays/Vitis_Libraries/vision//L1/include/imgproc/xf_autowhitebalance.hpp:342]   --->   Operation 71 'store' 'store_ln342' <Predicate = true> <Delay = 0.00>
ST_5 : Operation 72 [1/1] (0.00ns)   --->   "%store_ln342 = store i18 %empty_279, i18 %p_out1" [../../../../../overlays/Vitis_Libraries/vision//L1/include/imgproc/xf_autowhitebalance.hpp:342]   --->   Operation 72 'store' 'store_ln342' <Predicate = true> <Delay = 0.00>
ST_5 : Operation 73 [1/1] (0.00ns)   --->   "%store_ln342 = store i18 %empty_280, i18 %p_out2" [../../../../../overlays/Vitis_Libraries/vision//L1/include/imgproc/xf_autowhitebalance.hpp:342]   --->   Operation 73 'store' 'store_ln342' <Predicate = true> <Delay = 0.00>
ST_5 : Operation 74 [1/1] (0.00ns)   --->   "%br_ln342 = br void %while.cond41" [../../../../../overlays/Vitis_Libraries/vision//L1/include/imgproc/xf_autowhitebalance.hpp:342]   --->   Operation 74 'br' 'br_ln342' <Predicate = true> <Delay = 0.00>


============================================================
+ Verbose Summary: Timing violations
============================================================
Target clock period: 3.3ns, clock uncertainty: 0.891ns.

 <State 1>: 1.24ns
The critical path consists of the following:
	'alloca' operation ('p2.V') [14]  (0 ns)
	'load' operation ('p2.V') on local variable 'p2.V' [24]  (0 ns)
	'getelementptr' operation ('hist_0_addr', ../../../../../overlays/Vitis_Libraries/vision//L1/include/imgproc/xf_autowhitebalance.hpp:342) [26]  (0 ns)
	'load' operation ('hist_0_load', ../../../../../overlays/Vitis_Libraries/vision//L1/include/imgproc/xf_autowhitebalance.hpp:342) on array 'hist_0' [29]  (1.24 ns)

 <State 2>: 1.71ns
The critical path consists of the following:
	'load' operation ('hist_0_load', ../../../../../overlays/Vitis_Libraries/vision//L1/include/imgproc/xf_autowhitebalance.hpp:342) on array 'hist_0' [29]  (1.24 ns)
	'mux' operation ('i_op', ../../../../../overlays/Vitis_Libraries/vision//L1/include/imgproc/xf_autowhitebalance.hpp:342) [32]  (0.476 ns)

 <State 3>: 2.31ns
The critical path consists of the following:
	'load' operation ('n2.V') on local variable 'lhs.V' [23]  (0 ns)
	'sub' operation ('ret.V') [35]  (1.02 ns)
	'icmp' operation ('icmp_ln1035') [36]  (1.01 ns)
	'and' operation ('and_ln342', ../../../../../overlays/Vitis_Libraries/vision//L1/include/imgproc/xf_autowhitebalance.hpp:342) [38]  (0.287 ns)

 <State 4>: 1.99ns
The critical path consists of the following:
	'mux' operation ('tmp_8') [49]  (0.476 ns)
	'icmp' operation ('icmp_ln1420') [50]  (1.09 ns)
	multiplexor before 'phi' operation ('empty_281') with incoming values : ('maxValue_V_4_read') [64]  (0.427 ns)

 <State 5>: 0.427ns
The critical path consists of the following:
	'phi' operation ('empty_281') with incoming values : ('maxValue_V_4_read') [64]  (0 ns)
	multiplexor before 'phi' operation ('maxValue.V') with incoming values : ('maxValue_V_4_read') ('maxValue.V') [79]  (0.427 ns)
	'phi' operation ('maxValue.V') with incoming values : ('maxValue_V_4_read') ('maxValue.V') [79]  (0 ns)


============================================================
+ Verbose Summary: Binding
============================================================
N/A
* FSMD analyzer results:
  - Output states:
 - Input state : 
  - Chain level:
	State 1
	State 2
	State 3
	State 4
	State 5


============================================================
+ Verbose Summary: Datapath Resource usage 
============================================================
N/A
