

================================================================
== Vitis HLS Report for 'AWBNormalizationkernel_Pipeline_VITIS_LOOP_342_4'
================================================================
* Date:           Thu Mar  5 08:43:07 2026

* Version:        2022.2 (Build 3670227 on Oct 13 2022)
* Project:        isppipeline.prj
* Solution:       sol1 (Vivado IP Flow Target)
* Product family: zynquplus
* Target device:  xck26-sfvc784-2LV-c


================================================================
== Performance Estimates
================================================================
+ Timing: 
    * Summary: 
    +--------+---------+----------+------------+
    |  Clock |  Target | Estimated| Uncertainty|
    +--------+---------+----------+------------+
    |ap_clk  |  3.30 ns|  2.309 ns|     0.89 ns|
    +--------+---------+----------+------------+

+ Latency: 
    * Summary: 
    +---------+---------+----------+----------+-----+-----+---------+
    |  Latency (cycles) |  Latency (absolute) |  Interval | Pipeline|
    |   min   |   max   |    min   |    max   | min | max |   Type  |
    +---------+---------+----------+----------+-----+-----+---------+
    |      769|      769|  2.538 us|  2.538 us|  769|  769|       no|
    +---------+---------+----------+----------+-----+-----+---------+

    + Detail: 
        * Instance: 
        N/A

        * Loop: 
        +--------------------+---------+---------+----------+-----------+-----------+------+----------+
        |                    |  Latency (cycles) | Iteration|  Initiation Interval  | Trip |          |
        |      Loop Name     |   min   |   max   |  Latency |  achieved |   target  | Count| Pipelined|
        +--------------------+---------+---------+----------+-----------+-----------+------+----------+
        |- VITIS_LOOP_342_4  |      767|      767|         5|          3|          1|   255|       yes|
        +--------------------+---------+---------+----------+-----------+-----------+------+----------+



================================================================
== Utilization Estimates
================================================================
* Summary: 
+-----------------+---------+------+--------+--------+-----+
|       Name      | BRAM_18K|  DSP |   FF   |   LUT  | URAM|
+-----------------+---------+------+--------+--------+-----+
|DSP              |        -|     -|       -|       -|    -|
|Expression       |        -|     -|       0|     180|    -|
|FIFO             |        -|     -|       -|       -|    -|
|Instance         |        -|     -|       0|      28|    -|
|Memory           |        -|     -|       -|       -|    -|
|Multiplexer      |        -|     -|       -|     205|    -|
|Register         |        -|     -|     298|       -|    -|
+-----------------+---------+------+--------+--------+-----+
|Total            |        0|     0|     298|     413|    0|
+-----------------+---------+------+--------+--------+-----+
|Available        |      288|  1248|  234240|  117120|   64|
+-----------------+---------+------+--------+--------+-----+
|Utilization (%)  |        0|     0|      ~0|      ~0|    0|
+-----------------+---------+------+--------+--------+-----+

+ Detail: 
    * Instance: 
    +--------------------+---------------+---------+----+---+----+-----+
    |      Instance      |     Module    | BRAM_18K| DSP| FF| LUT| URAM|
    +--------------------+---------------+---------+----+---+----+-----+
    |mux_32_18_1_1_U278  |mux_32_18_1_1  |        0|   0|  0|  14|    0|
    |mux_32_32_1_1_U277  |mux_32_32_1_1  |        0|   0|  0|  14|    0|
    +--------------------+---------------+---------+----+---+----+-----+
    |Total               |               |        0|   0|  0|  28|    0|
    +--------------------+---------------+---------+----+---+----+-----+

    * DSP: 
    N/A

    * Memory: 
    N/A

    * FIFO: 
    N/A

    * Expression: 
    +------------------------+----------+----+---+----+------------+------------+
    |      Variable Name     | Operation| DSP| FF| LUT| Bitwidth P0| Bitwidth P1|
    +------------------------+----------+----+---+----+------------+------------+
    |maxValue_V_1_fu_353_p2  |         +|   0|  0|  25|          18|           8|
    |p2_V_3_fu_330_p2        |         +|   0|  0|  19|          12|           2|
    |n2_V_fu_335_p2          |         -|   0|  0|  39|          32|          32|
    |ret_V_fu_308_p2         |         -|   0|  0|  40|          33|          33|
    |and_ln342_fu_324_p2     |       and|   0|  0|   2|           1|           1|
    |ap_condition_374        |       and|   0|  0|   2|           1|           1|
    |ap_condition_376        |       and|   0|  0|   2|           1|           1|
    |ap_condition_383        |       and|   0|  0|   2|           1|           1|
    |ap_condition_386        |       and|   0|  0|   2|           1|           1|
    |icmp_ln1023_fu_319_p2   |      icmp|   0|  0|  12|          12|           1|
    |icmp_ln1035_fu_314_p2   |      icmp|   0|  0|  20|          33|          33|
    |icmp_ln1420_fu_347_p2   |      icmp|   0|  0|  13|          18|           7|
    |ap_enable_pp0           |       xor|   0|  0|   2|           1|           2|
    +------------------------+----------+----+---+----+------------+------------+
    |Total                   |          |   0|  0| 180|         164|         123|
    +------------------------+----------+----+---+----+------------+------------+

    * Multiplexer: 
    +----------------------------------------+----+-----------+-----+-----------+
    |                  Name                  | LUT| Input Size| Bits| Total Bits|
    +----------------------------------------+----+-----------+-----+-----------+
    |ap_NS_fsm                               |  20|          4|    1|          4|
    |ap_done_int                             |   9|          2|    1|          2|
    |ap_enable_reg_pp0_iter0                 |   9|          2|    1|          2|
    |ap_enable_reg_pp0_iter1                 |   9|          2|    1|          2|
    |ap_phi_mux_empty_279_phi_fu_240_p6      |  14|          3|   18|         54|
    |ap_phi_mux_empty_280_phi_fu_253_p6      |  14|          3|   18|         54|
    |ap_phi_mux_empty_phi_fu_227_p6          |  14|          3|   18|         54|
    |ap_phi_reg_pp0_iter1_empty_281_reg_179  |  14|          3|   18|         54|
    |ap_phi_reg_pp0_iter1_empty_282_reg_194  |  14|          3|   18|         54|
    |ap_phi_reg_pp0_iter1_empty_283_reg_209  |  14|          3|   18|         54|
    |ap_sig_allocacmp_p2_V_2                 |  14|          3|   12|         36|
    |lhs_V_fu_72                             |   9|          2|   32|         64|
    |maxValue_V_3_o                          |  14|          3|   18|         54|
    |maxValue_V_4_o                          |  14|          3|   18|         54|
    |maxValue_V_o                            |  14|          3|   18|         54|
    |p2_V_fu_76                              |   9|          2|   12|         24|
    +----------------------------------------+----+-----------+-----+-----------+
    |Total                                   | 205|         44|  222|        620|
    +----------------------------------------+----+-----------+-----+-----------+

    * Register: 
    +----------------------------------------+----+----+-----+-----------+
    |                  Name                  | FF | LUT| Bits| Const Bits|
    +----------------------------------------+----+----+-----+-----------+
    |and_ln342_reg_443                       |   1|   0|    1|          0|
    |ap_CS_fsm                               |   3|   0|    3|          0|
    |ap_done_reg                             |   1|   0|    1|          0|
    |ap_enable_reg_pp0_iter0_reg             |   1|   0|    1|          0|
    |ap_enable_reg_pp0_iter1                 |   1|   0|    1|          0|
    |ap_phi_reg_pp0_iter1_empty_281_reg_179  |  18|   0|   18|          0|
    |ap_phi_reg_pp0_iter1_empty_282_reg_194  |  18|   0|   18|          0|
    |ap_phi_reg_pp0_iter1_empty_283_reg_209  |  18|   0|   18|          0|
    |conv_i_i1417_cast_reg_406               |  33|   0|   33|          0|
    |lhs_V_fu_72                             |  32|   0|   32|          0|
    |maxValue_V_1_reg_480                    |  18|   0|   18|          0|
    |maxValue_V_3_read_reg_460               |  18|   0|   18|          0|
    |maxValue_V_4_read_reg_468               |  18|   0|   18|          0|
    |maxValue_V_read_reg_452                 |  18|   0|   18|          0|
    |n2_V_1_reg_438                          |  32|   0|   32|          0|
    |p2_V_2_reg_411                          |  12|   0|   12|          0|
    |p2_V_3_reg_447                          |  12|   0|   12|          0|
    |p2_V_fu_76                              |  12|   0|   12|          0|
    |rhs_V_reg_432                           |  32|   0|   32|          0|
    +----------------------------------------+----+----+-----+-----------+
    |Total                                   | 298|   0|  298|          0|
    +----------------------------------------+----+----+-----+-----------+



================================================================
== Interface
================================================================
* Summary: 
+-----------------------+-----+-----+------------+--------------------------------------------------+--------------+
|       RTL Ports       | Dir | Bits|  Protocol  |                   Source Object                  |    C Type    |
+-----------------------+-----+-----+------------+--------------------------------------------------+--------------+
|ap_clk                 |   in|    1|  ap_ctrl_hs|  AWBNormalizationkernel_Pipeline_VITIS_LOOP_342_4|  return value|
|ap_rst                 |   in|    1|  ap_ctrl_hs|  AWBNormalizationkernel_Pipeline_VITIS_LOOP_342_4|  return value|
|ap_start               |   in|    1|  ap_ctrl_hs|  AWBNormalizationkernel_Pipeline_VITIS_LOOP_342_4|  return value|
|ap_done                |  out|    1|  ap_ctrl_hs|  AWBNormalizationkernel_Pipeline_VITIS_LOOP_342_4|  return value|
|ap_idle                |  out|    1|  ap_ctrl_hs|  AWBNormalizationkernel_Pipeline_VITIS_LOOP_342_4|  return value|
|ap_ready               |  out|    1|  ap_ctrl_hs|  AWBNormalizationkernel_Pipeline_VITIS_LOOP_342_4|  return value|
|total                  |   in|   32|     ap_none|                                             total|        scalar|
|hist_0_address0        |  out|   10|   ap_memory|                                            hist_0|         array|
|hist_0_ce0             |  out|    1|   ap_memory|                                            hist_0|         array|
|hist_0_q0              |   in|   32|   ap_memory|                                            hist_0|         array|
|hist_1_address0        |  out|   10|   ap_memory|                                            hist_1|         array|
|hist_1_ce0             |  out|    1|   ap_memory|                                            hist_1|         array|
|hist_1_q0              |   in|   32|   ap_memory|                                            hist_1|         array|
|hist_2_address0        |  out|   10|   ap_memory|                                            hist_2|         array|
|hist_2_ce0             |  out|    1|   ap_memory|                                            hist_2|         array|
|hist_2_q0              |   in|   32|   ap_memory|                                            hist_2|         array|
|j                      |   in|    2|     ap_none|                                                 j|        scalar|
|conv_i_i1417           |   in|   32|     ap_none|                                      conv_i_i1417|        scalar|
|maxValue_V_i           |   in|   18|     ap_ovld|                                        maxValue_V|       pointer|
|maxValue_V_o           |  out|   18|     ap_ovld|                                        maxValue_V|       pointer|
|maxValue_V_o_ap_vld    |  out|    1|     ap_ovld|                                        maxValue_V|       pointer|
|maxValue_V_4_i         |   in|   18|     ap_ovld|                                      maxValue_V_4|       pointer|
|maxValue_V_4_o         |  out|   18|     ap_ovld|                                      maxValue_V_4|       pointer|
|maxValue_V_4_o_ap_vld  |  out|    1|     ap_ovld|                                      maxValue_V_4|       pointer|
|maxValue_V_3_i         |   in|   18|     ap_ovld|                                      maxValue_V_3|       pointer|
|maxValue_V_3_o         |  out|   18|     ap_ovld|                                      maxValue_V_3|       pointer|
|maxValue_V_3_o_ap_vld  |  out|    1|     ap_ovld|                                      maxValue_V_3|       pointer|
|p_out                  |  out|   18|      ap_vld|                                             p_out|       pointer|
|p_out_ap_vld           |  out|    1|      ap_vld|                                             p_out|       pointer|
|p_out1                 |  out|   18|      ap_vld|                                            p_out1|       pointer|
|p_out1_ap_vld          |  out|    1|      ap_vld|                                            p_out1|       pointer|
|p_out2                 |  out|   18|      ap_vld|                                            p_out2|       pointer|
|p_out2_ap_vld          |  out|    1|      ap_vld|                                            p_out2|       pointer|
+-----------------------+-----+-----+------------+--------------------------------------------------+--------------+

============================================================
+ Verbose Summary: Synthesis Manager
============================================================
InlineROM: 1
ExposeGlobal: 0
============================================================
+ Verbose Summary: CDFG Model
============================================================
IsTopModel: 0
ResetActiveHigh: 1
IsCombinational: 2
IsDatapathOnly: 2
HasWiredReturn: 1
HasMFsm: 2
HasVarLatency: 1
IsPipeline: 0
IsRtlPipelined: 0
IsInstanceOverlapped: 0
IsDontTouch: 0
HasImplIP: 0
IsGatedGlobalClock: 0

+ Individual pipeline summary: 
  * Pipeline-0: initiation interval (II) = 3, depth = 5


============================================================
+ Verbose Summary: Schedule
============================================================
* Number of FSM states : 5
* Pipeline : 1
  Pipeline-0 : II = 3, D = 5, States = { 1 2 3 4 5 }
* Dataflow Pipeline: 0

* FSM state transitions: 
1 --> 2 
2 --> 3 
3 --> 4 
4 --> 5 
5 --> 

* FSM state operations: 

State 1 <SV = 0> <Delay = 1.23>
ST_1 : Operation 8 [1/1] (0.00ns)   --->   "%lhs_V = alloca i32 1"   --->   Operation 8 'alloca' 'lhs_V' <Predicate = true> <Delay = 0.00>
ST_1 : Operation 9 [1/1] (0.00ns)   --->   "%p2_V = alloca i32 1"   --->   Operation 9 'alloca' 'p2_V' <Predicate = true> <Delay = 0.00>
ST_1 : Operation 10 [1/1] (0.00ns)   --->   "%conv_i_i1417_read = read i32 @_ssdm_op_Read.ap_auto.i32, i32 %conv_i_i1417"   --->   Operation 10 'read' 'conv_i_i1417_read' <Predicate = true> <Delay = 0.00>
ST_1 : Operation 11 [1/1] (0.00ns)   --->   "%j_read = read i2 @_ssdm_op_Read.ap_auto.i2, i2 %j"   --->   Operation 11 'read' 'j_read' <Predicate = true> <Delay = 0.00>
ST_1 : Operation 12 [1/1] (0.00ns)   --->   "%total_read = read i32 @_ssdm_op_Read.ap_auto.i32, i32 %total"   --->   Operation 12 'read' 'total_read' <Predicate = true> <Delay = 0.00>
ST_1 : Operation 13 [1/1] (0.00ns)   --->   "%conv_i_i1417_cast = sext i32 %conv_i_i1417_read"   --->   Operation 13 'sext' 'conv_i_i1417_cast' <Predicate = true> <Delay = 0.00>
ST_1 : Operation 14 [1/1] (0.42ns)   --->   "%store_ln0 = store i12 1023, i12 %p2_V"   --->   Operation 14 'store' 'store_ln0' <Predicate = true> <Delay = 0.42>
ST_1 : Operation 15 [1/1] (0.42ns)   --->   "%store_ln0 = store i32 %total_read, i32 %lhs_V"   --->   Operation 15 'store' 'store_ln0' <Predicate = true> <Delay = 0.42>
ST_1 : Operation 16 [1/1] (0.00ns)   --->   "%br_ln0 = br void %while.cond41"   --->   Operation 16 'br' 'br_ln0' <Predicate = true> <Delay = 0.00>
ST_1 : Operation 17 [1/1] (0.00ns)   --->   "%p2_V_2 = load i12 %p2_V"   --->   Operation 17 'load' 'p2_V_2' <Predicate = true> <Delay = 0.00>
ST_1 : Operation 18 [1/1] (0.00ns)   --->   "%zext_ln541 = zext i12 %p2_V_2"   --->   Operation 18 'zext' 'zext_ln541' <Predicate = true> <Delay = 0.00>
ST_1 : Operation 19 [1/1] (0.00ns)   --->   "%hist_0_addr = getelementptr i32 %hist_0, i64 0, i64 %zext_ln541" [../../../../../overlays/Vitis_Libraries/vision//L1/include/imgproc/xf_autowhitebalance.hpp:342]   --->   Operation 19 'getelementptr' 'hist_0_addr' <Predicate = true> <Delay = 0.00>
ST_1 : Operation 20 [1/1] (0.00ns)   --->   "%hist_1_addr = getelementptr i32 %hist_1, i64 0, i64 %zext_ln541" [../../../../../overlays/Vitis_Libraries/vision//L1/include/imgproc/xf_autowhitebalance.hpp:342]   --->   Operation 20 'getelementptr' 'hist_1_addr' <Predicate = true> <Delay = 0.00>
ST_1 : Operation 21 [1/1] (0.00ns)   --->   "%hist_2_addr = getelementptr i32 %hist_2, i64 0, i64 %zext_ln541" [../../../../../overlays/Vitis_Libraries/vision//L1/include/imgproc/xf_autowhitebalance.hpp:342]   --->   Operation 21 'getelementptr' 'hist_2_addr' <Predicate = true> <Delay = 0.00>
ST_1 : Operation 22 [2/2] (1.23ns)   --->   "%hist_0_load = load i10 %hist_0_addr" [../../../../../overlays/Vitis_Libraries/vision//L1/include/imgproc/xf_autowhitebalance.hpp:342]   --->   Operation 22 'load' 'hist_0_load' <Predicate = true> <Delay = 1.23> <CoreInst = "RAM">   --->   Core 83 'RAM' <Latency = 1> <II = 1> <Delay = 1.23> <Storage> <Opcode : 'load' 'store'> <Ports = 2> <Width = 32> <Depth = 1024> <RAM>
ST_1 : Operation 23 [2/2] (1.23ns)   --->   "%hist_1_load = load i10 %hist_1_addr" [../../../../../overlays/Vitis_Libraries/vision//L1/include/imgproc/xf_autowhitebalance.hpp:342]   --->   Operation 23 'load' 'hist_1_load' <Predicate = true> <Delay = 1.23> <CoreInst = "RAM">   --->   Core 83 'RAM' <Latency = 1> <II = 1> <Delay = 1.23> <Storage> <Opcode : 'load' 'store'> <Ports = 2> <Width = 32> <Depth = 1024> <RAM>
ST_1 : Operation 24 [2/2] (1.23ns)   --->   "%hist_2_load = load i10 %hist_2_addr" [../../../../../overlays/Vitis_Libraries/vision//L1/include/imgproc/xf_autowhitebalance.hpp:342]   --->   Operation 24 'load' 'hist_2_load' <Predicate = true> <Delay = 1.23> <CoreInst = "RAM">   --->   Core 83 'RAM' <Latency = 1> <II = 1> <Delay = 1.23> <Storage> <Opcode : 'load' 'store'> <Ports = 2> <Width = 32> <Depth = 1024> <RAM>

State 2 <SV = 1> <Delay = 1.71>
ST_2 : Operation 25 [1/2] (1.23ns)   --->   "%hist_0_load = load i10 %hist_0_addr" [../../../../../overlays/Vitis_Libraries/vision//L1/include/imgproc/xf_autowhitebalance.hpp:342]   --->   Operation 25 'load' 'hist_0_load' <Predicate = true> <Delay = 1.23> <CoreInst = "RAM">   --->   Core 83 'RAM' <Latency = 1> <II = 1> <Delay = 1.23> <Storage> <Opcode : 'load' 'store'> <Ports = 2> <Width = 32> <Depth = 1024> <RAM>
ST_2 : Operation 26 [1/2] (1.23ns)   --->   "%hist_1_load = load i10 %hist_1_addr" [../../../../../overlays/Vitis_Libraries/vision//L1/include/imgproc/xf_autowhitebalance.hpp:342]   --->   Operation 26 'load' 'hist_1_load' <Predicate = true> <Delay = 1.23> <CoreInst = "RAM">   --->   Core 83 'RAM' <Latency = 1> <II = 1> <Delay = 1.23> <Storage> <Opcode : 'load' 'store'> <Ports = 2> <Width = 32> <Depth = 1024> <RAM>
ST_2 : Operation 27 [1/2] (1.23ns)   --->   "%hist_2_load = load i10 %hist_2_addr" [../../../../../overlays/Vitis_Libraries/vision//L1/include/imgproc/xf_autowhitebalance.hpp:342]   --->   Operation 27 'load' 'hist_2_load' <Predicate = true> <Delay = 1.23> <CoreInst = "RAM">   --->   Core 83 'RAM' <Latency = 1> <II = 1> <Delay = 1.23> <Storage> <Opcode : 'load' 'store'> <Ports = 2> <Width = 32> <Depth = 1024> <RAM>
ST_2 : Operation 28 [1/1] (0.47ns)   --->   "%rhs_V = mux i32 @_ssdm_op_Mux.ap_auto.3i32.i2, i32 %hist_0_load, i32 %hist_1_load, i32 %hist_2_load, i2 %j_read" [../../../../../overlays/Vitis_Libraries/vision//L1/include/imgproc/xf_autowhitebalance.hpp:342]   --->   Operation 28 'mux' 'rhs_V' <Predicate = true> <Delay = 0.47> <CoreInst = "Multiplexer">   --->   Core 76 'Multiplexer' <Latency = 0> <II = 1> <Delay = 0.47> <FuncUnit> <Opcode : 'mux'> <InPorts = 2> <OutPorts = 1>

State 3 <SV = 2> <Delay = 2.30>
ST_3 : Operation 29 [1/1] (0.00ns)   --->   "%n2_V_1 = load i32 %lhs_V"   --->   Operation 29 'load' 'n2_V_1' <Predicate = true> <Delay = 0.00>
ST_3 : Operation 30 [1/1] (0.00ns)   --->   "%zext_ln186 = zext i32 %n2_V_1"   --->   Operation 30 'zext' 'zext_ln186' <Predicate = true> <Delay = 0.00>
ST_3 : Operation 31 [1/1] (0.00ns)   --->   "%zext_ln186_23 = zext i32 %rhs_V"   --->   Operation 31 'zext' 'zext_ln186_23' <Predicate = true> <Delay = 0.00>
ST_3 : Operation 32 [1/1] (1.01ns)   --->   "%ret_V = sub i33 %zext_ln186, i33 %zext_ln186_23"   --->   Operation 32 'sub' 'ret_V' <Predicate = true> <Delay = 1.01> <CoreInst = "Adder">   --->   Core 1 'Adder' <Latency = 0> <II = 1> <Delay = 1.01> <FuncUnit> <Opcode : 'add' 'sub'> <InPorts = 2> <OutPorts = 1>
ST_3 : Operation 33 [1/1] (1.00ns)   --->   "%icmp_ln1035 = icmp_sgt  i33 %ret_V, i33 %conv_i_i1417_cast"   --->   Operation 33 'icmp' 'icmp_ln1035' <Predicate = true> <Delay = 1.00> <CoreInst = "Cmp">   --->   Core 9 'Cmp' <Latency = 0> <II = 1> <Delay = 1.00> <FuncUnit> <Opcode : 'icmp'> <InPorts = 2> <OutPorts = 1>
ST_3 : Operation 34 [1/1] (0.97ns)   --->   "%icmp_ln1023 = icmp_ne  i12 %p2_V_2, i12 0"   --->   Operation 34 'icmp' 'icmp_ln1023' <Predicate = true> <Delay = 0.97> <CoreInst = "Cmp">   --->   Core 9 'Cmp' <Latency = 0> <II = 1> <Delay = 0.97> <FuncUnit> <Opcode : 'icmp'> <InPorts = 2> <OutPorts = 1>
ST_3 : Operation 35 [1/1] (0.28ns)   --->   "%and_ln342 = and i1 %icmp_ln1035, i1 %icmp_ln1023" [../../../../../overlays/Vitis_Libraries/vision//L1/include/imgproc/xf_autowhitebalance.hpp:342]   --->   Operation 35 'and' 'and_ln342' <Predicate = true> <Delay = 0.28> <CoreInst = "LogicGate">   --->   Core 74 'LogicGate' <Latency = 0> <II = 1> <Delay = 0.28> <FuncUnit> <Opcode : 'and' 'or' 'xor'> <InPorts = 2> <OutPorts = 1>
ST_3 : Operation 36 [1/1] (0.00ns)   --->   "%br_ln342 = br i1 %and_ln342, void %for.inc62.exitStub, void %while.body51" [../../../../../overlays/Vitis_Libraries/vision//L1/include/imgproc/xf_autowhitebalance.hpp:342]   --->   Operation 36 'br' 'br_ln342' <Predicate = true> <Delay = 0.00>
ST_3 : Operation 37 [1/1] (0.80ns)   --->   "%p2_V_3 = add i12 %p2_V_2, i12 4095"   --->   Operation 37 'add' 'p2_V_3' <Predicate = (and_ln342)> <Delay = 0.80> <CoreInst = "Adder">   --->   Core 1 'Adder' <Latency = 0> <II = 1> <Delay = 0.80> <FuncUnit> <Opcode : 'add' 'sub'> <InPorts = 2> <OutPorts = 1>
ST_3 : Operation 38 [1/1] (0.00ns)   --->   "%maxValue_V_read = read i18 @_ssdm_op_Read.ap_auto.i18P0A, i18 %maxValue_V"   --->   Operation 38 'read' 'maxValue_V_read' <Predicate = (and_ln342)> <Delay = 0.00>
ST_3 : Operation 39 [1/1] (0.00ns)   --->   "%maxValue_V_3_read = read i18 @_ssdm_op_Read.ap_auto.i18P0A, i18 %maxValue_V_3"   --->   Operation 39 'read' 'maxValue_V_3_read' <Predicate = (and_ln342)> <Delay = 0.00>
ST_3 : Operation 40 [1/1] (0.00ns)   --->   "%maxValue_V_4_read = read i18 @_ssdm_op_Read.ap_auto.i18P0A, i18 %maxValue_V_4"   --->   Operation 40 'read' 'maxValue_V_4_read' <Predicate = (and_ln342)> <Delay = 0.00>
ST_3 : Operation 75 [1/1] (0.00ns)   --->   "%ret_ln0 = ret"   --->   Operation 75 'ret' 'ret_ln0' <Predicate = (!and_ln342)> <Delay = 0.00>

State 4 <SV = 3> <Delay = 1.99>
ST_4 : Operation 41 [1/1] (0.00ns)   --->   "%specpipeline_ln343 = specpipeline void @_ssdm_op_SpecPipeline, i32 4294967295, i32 0, i32 0, i32 0, void @empty_32" [../../../../../overlays/Vitis_Libraries/vision//L1/include/imgproc/xf_autowhitebalance.hpp:343]   --->   Operation 41 'specpipeline' 'specpipeline_ln343' <Predicate = (and_ln342)> <Delay = 0.00>
ST_4 : Operation 42 [1/1] (0.00ns)   --->   "%speclooptripcount_ln344 = speclooptripcount void @_ssdm_op_SpecLoopTripCount, i64 255, i64 255, i64 255" [../../../../../overlays/Vitis_Libraries/vision//L1/include/imgproc/xf_autowhitebalance.hpp:344]   --->   Operation 42 'speclooptripcount' 'speclooptripcount_ln344' <Predicate = (and_ln342)> <Delay = 0.00>
ST_4 : Operation 43 [1/1] (0.00ns)   --->   "%specloopname_ln345 = specloopname void @_ssdm_op_SpecLoopName, void @empty_13" [../../../../../overlays/Vitis_Libraries/vision//L1/include/imgproc/xf_autowhitebalance.hpp:345]   --->   Operation 43 'specloopname' 'specloopname_ln345' <Predicate = (and_ln342)> <Delay = 0.00>
ST_4 : Operation 44 [1/1] (1.01ns)   --->   "%n2_V = sub i32 %n2_V_1, i32 %rhs_V"   --->   Operation 44 'sub' 'n2_V' <Predicate = (and_ln342)> <Delay = 1.01> <CoreInst = "Adder">   --->   Core 1 'Adder' <Latency = 0> <II = 1> <Delay = 1.01> <FuncUnit> <Opcode : 'add' 'sub'> <InPorts = 2> <OutPorts = 1>
ST_4 : Operation 45 [1/1] (0.47ns)   --->   "%tmp_8 = mux i18 @_ssdm_op_Mux.ap_auto.3i18.i2, i18 %maxValue_V_read, i18 %maxValue_V_3_read, i18 %maxValue_V_4_read, i2 %j_read"   --->   Operation 45 'mux' 'tmp_8' <Predicate = (and_ln342)> <Delay = 0.47> <CoreInst = "Multiplexer">   --->   Core 76 'Multiplexer' <Latency = 0> <II = 1> <Delay = 0.47> <FuncUnit> <Opcode : 'mux'> <InPorts = 2> <OutPorts = 1>
ST_4 : Operation 46 [1/1] (1.08ns)   --->   "%icmp_ln1420 = icmp_eq  i18 %tmp_8, i18 64"   --->   Operation 46 'icmp' 'icmp_ln1420' <Predicate = (and_ln342)> <Delay = 1.08> <CoreInst = "Cmp">   --->   Core 9 'Cmp' <Latency = 0> <II = 1> <Delay = 1.08> <FuncUnit> <Opcode : 'icmp'> <InPorts = 2> <OutPorts = 1>
ST_4 : Operation 47 [1/1] (0.42ns)   --->   "%br_ln808 = br i1 %icmp_ln1420, void %if.end.i.i1384, void %if.then.i.i1382"   --->   Operation 47 'br' 'br_ln808' <Predicate = (and_ln342)> <Delay = 0.42>
ST_4 : Operation 48 [1/1] (0.44ns)   --->   "%switch_ln808 = switch i2 %j_read, void %V32.i.i25.i.i2091.case.211, i2 0, void %V32.i.i25.i.i2091.case.09, i2 1, void %V32.i.i25.i.i2091.case.110"   --->   Operation 48 'switch' 'switch_ln808' <Predicate = (icmp_ln1420)> <Delay = 0.44>
ST_4 : Operation 49 [1/1] (0.00ns)   --->   "%write_ln808 = write void @_ssdm_op_Write.ap_auto.i18P0A, i18 %maxValue_V_3, i18 0"   --->   Operation 49 'write' 'write_ln808' <Predicate = (and_ln342 & icmp_ln1420 & j_read == 1)> <Delay = 0.00>
ST_4 : Operation 50 [1/1] (0.42ns)   --->   "%br_ln808 = br void %if.end.i.i1384"   --->   Operation 50 'br' 'br_ln808' <Predicate = (and_ln342 & icmp_ln1420 & j_read == 1)> <Delay = 0.42>
ST_4 : Operation 51 [1/1] (0.00ns)   --->   "%write_ln808 = write void @_ssdm_op_Write.ap_auto.i18P0A, i18 %maxValue_V, i18 0"   --->   Operation 51 'write' 'write_ln808' <Predicate = (and_ln342 & icmp_ln1420 & j_read == 0)> <Delay = 0.00>
ST_4 : Operation 52 [1/1] (0.42ns)   --->   "%br_ln808 = br void %if.end.i.i1384"   --->   Operation 52 'br' 'br_ln808' <Predicate = (and_ln342 & icmp_ln1420 & j_read == 0)> <Delay = 0.42>
ST_4 : Operation 53 [1/1] (0.00ns)   --->   "%write_ln808 = write void @_ssdm_op_Write.ap_auto.i18P0A, i18 %maxValue_V_4, i18 0"   --->   Operation 53 'write' 'write_ln808' <Predicate = (and_ln342 & icmp_ln1420 & j_read != 0 & j_read != 1)> <Delay = 0.00>
ST_4 : Operation 54 [1/1] (0.42ns)   --->   "%br_ln808 = br void %if.end.i.i1384"   --->   Operation 54 'br' 'br_ln808' <Predicate = (and_ln342 & icmp_ln1420 & j_read != 0 & j_read != 1)> <Delay = 0.42>
ST_4 : Operation 55 [1/1] (0.87ns)   --->   "%maxValue_V_1 = add i18 %tmp_8, i18 262080"   --->   Operation 55 'add' 'maxValue_V_1' <Predicate = (and_ln342)> <Delay = 0.87> <CoreInst = "Adder">   --->   Core 1 'Adder' <Latency = 0> <II = 1> <Delay = 0.87> <FuncUnit> <Opcode : 'add' 'sub'> <InPorts = 2> <OutPorts = 1>
ST_4 : Operation 56 [1/1] (0.44ns)   --->   "%switch_ln813 = switch i2 %j_read, void %V32.i.i25.i.i2091.case.2, i2 0, void %V32.i.i25.i.i2091.case.0, i2 1, void %V32.i.i25.i.i2091.case.1"   --->   Operation 56 'switch' 'switch_ln813' <Predicate = (and_ln342)> <Delay = 0.44>
ST_4 : Operation 57 [1/1] (0.42ns)   --->   "%store_ln342 = store i12 %p2_V_3, i12 %p2_V" [../../../../../overlays/Vitis_Libraries/vision//L1/include/imgproc/xf_autowhitebalance.hpp:342]   --->   Operation 57 'store' 'store_ln342' <Predicate = true> <Delay = 0.42>
ST_4 : Operation 58 [1/1] (0.42ns)   --->   "%store_ln342 = store i32 %n2_V, i32 %lhs_V" [../../../../../overlays/Vitis_Libraries/vision//L1/include/imgproc/xf_autowhitebalance.hpp:342]   --->   Operation 58 'store' 'store_ln342' <Predicate = true> <Delay = 0.42>

State 5 <SV = 4> <Delay = 0.42>
ST_5 : Operation 59 [1/1] (0.00ns)   --->   "%empty_281 = phi i18 %maxValue_V_4_read, void %V32.i.i25.i.i2091.case.110, i18 %maxValue_V_4_read, void %V32.i.i25.i.i2091.case.09, i18 0, void %V32.i.i25.i.i2091.case.211, i18 %maxValue_V_4_read, void %while.body51"   --->   Operation 59 'phi' 'empty_281' <Predicate = (and_ln342)> <Delay = 0.00>
ST_5 : Operation 60 [1/1] (0.00ns)   --->   "%empty_282 = phi i18 0, void %V32.i.i25.i.i2091.case.110, i18 %maxValue_V_3_read, void %V32.i.i25.i.i2091.case.09, i18 %maxValue_V_3_read, void %V32.i.i25.i.i2091.case.211, i18 %maxValue_V_3_read, void %while.body51"   --->   Operation 60 'phi' 'empty_282' <Predicate = (and_ln342)> <Delay = 0.00>
ST_5 : Operation 61 [1/1] (0.00ns)   --->   "%empty_283 = phi i18 %maxValue_V_read, void %V32.i.i25.i.i2091.case.110, i18 0, void %V32.i.i25.i.i2091.case.09, i18 %maxValue_V_read, void %V32.i.i25.i.i2091.case.211, i18 %maxValue_V_read, void %while.body51"   --->   Operation 61 'phi' 'empty_283' <Predicate = (and_ln342)> <Delay = 0.00>
ST_5 : Operation 62 [1/1] (0.00ns)   --->   "%write_ln813 = write void @_ssdm_op_Write.ap_auto.i18P0A, i18 %maxValue_V_3, i18 %maxValue_V_1"   --->   Operation 62 'write' 'write_ln813' <Predicate = (and_ln342 & j_read == 1)> <Delay = 0.00>
ST_5 : Operation 63 [1/1] (0.42ns)   --->   "%br_ln813 = br void %V32.i.i25.i.i2091.exit"   --->   Operation 63 'br' 'br_ln813' <Predicate = (and_ln342 & j_read == 1)> <Delay = 0.42>
ST_5 : Operation 64 [1/1] (0.00ns)   --->   "%write_ln813 = write void @_ssdm_op_Write.ap_auto.i18P0A, i18 %maxValue_V, i18 %maxValue_V_1"   --->   Operation 64 'write' 'write_ln813' <Predicate = (and_ln342 & j_read == 0)> <Delay = 0.00>
ST_5 : Operation 65 [1/1] (0.42ns)   --->   "%br_ln813 = br void %V32.i.i25.i.i2091.exit"   --->   Operation 65 'br' 'br_ln813' <Predicate = (and_ln342 & j_read == 0)> <Delay = 0.42>
ST_5 : Operation 66 [1/1] (0.00ns)   --->   "%write_ln813 = write void @_ssdm_op_Write.ap_auto.i18P0A, i18 %maxValue_V_4, i18 %maxValue_V_1"   --->   Operation 66 'write' 'write_ln813' <Predicate = (and_ln342 & j_read != 0 & j_read != 1)> <Delay = 0.00>
ST_5 : Operation 67 [1/1] (0.42ns)   --->   "%br_ln813 = br void %V32.i.i25.i.i2091.exit"   --->   Operation 67 'br' 'br_ln813' <Predicate = (and_ln342 & j_read != 0 & j_read != 1)> <Delay = 0.42>
ST_5 : Operation 68 [1/1] (0.00ns)   --->   "%empty = phi i18 %empty_281, void %V32.i.i25.i.i2091.case.1, i18 %empty_281, void %V32.i.i25.i.i2091.case.0, i18 %maxValue_V_1, void %V32.i.i25.i.i2091.case.2"   --->   Operation 68 'phi' 'empty' <Predicate = true> <Delay = 0.00>
ST_5 : Operation 69 [1/1] (0.00ns)   --->   "%empty_279 = phi i18 %maxValue_V_1, void %V32.i.i25.i.i2091.case.1, i18 %empty_282, void %V32.i.i25.i.i2091.case.0, i18 %empty_282, void %V32.i.i25.i.i2091.case.2"   --->   Operation 69 'phi' 'empty_279' <Predicate = true> <Delay = 0.00>
ST_5 : Operation 70 [1/1] (0.00ns)   --->   "%empty_280 = phi i18 %empty_283, void %V32.i.i25.i.i2091.case.1, i18 %maxValue_V_1, void %V32.i.i25.i.i2091.case.0, i18 %empty_283, void %V32.i.i25.i.i2091.case.2"   --->   Operation 70 'phi' 'empty_280' <Predicate = true> <Delay = 0.00>
ST_5 : Operation 71 [1/1] (0.00ns)   --->   "%store_ln342 = store i18 %empty, i18 %p_out" [../../../../../overlays/Vitis_Libraries/vision//L1/include/imgproc/xf_autowhitebalance.hpp:342]   --->   Operation 71 'store' 'store_ln342' <Predicate = true> <Delay = 0.00>
ST_5 : Operation 72 [1/1] (0.00ns)   --->   "%store_ln342 = store i18 %empty_279, i18 %p_out1" [../../../../../overlays/Vitis_Libraries/vision//L1/include/imgproc/xf_autowhitebalance.hpp:342]   --->   Operation 72 'store' 'store_ln342' <Predicate = true> <Delay = 0.00>
ST_5 : Operation 73 [1/1] (0.00ns)   --->   "%store_ln342 = store i18 %empty_280, i18 %p_out2" [../../../../../overlays/Vitis_Libraries/vision//L1/include/imgproc/xf_autowhitebalance.hpp:342]   --->   Operation 73 'store' 'store_ln342' <Predicate = true> <Delay = 0.00>
ST_5 : Operation 74 [1/1] (0.00ns)   --->   "%br_ln342 = br void %while.cond41" [../../../../../overlays/Vitis_Libraries/vision//L1/include/imgproc/xf_autowhitebalance.hpp:342]   --->   Operation 74 'br' 'br_ln342' <Predicate = true> <Delay = 0.00>


============================================================
+ Verbose Summary: Binding
============================================================
STG Binding: 
---------------- STG Properties BEGIN ----------------
- Is combinational: 0
- Is one-state seq: 0
- Is datapath-only: 0
- Is pipelined: 0
- Is top level: 0
Port [ Return ] is wired: 1; IO mode=ap_ctrl_hs:ce=0
Port [ total]:  wired=1; compound=0; hidden=0; nouse=0; global=0; static=0; extern=0; dir=0; type=0; pingpong=0; private_global=0; IO mode=ap_none:ce=0
Port [ hist_0]:  wired=1; compound=1; hidden=0; nouse=0; global=0; static=0; extern=0; dir=0; type=1; pingpong=0; private_global=0; MemPort=[13]; IO mode=ap_memory:ce=0
Port [ hist_1]:  wired=1; compound=1; hidden=0; nouse=0; global=0; static=0; extern=0; dir=0; type=1; pingpong=0; private_global=0; MemPort=[13]; IO mode=ap_memory:ce=0
Port [ hist_2]:  wired=1; compound=1; hidden=0; nouse=0; global=0; static=0; extern=0; dir=0; type=1; pingpong=0; private_global=0; MemPort=[13]; IO mode=ap_memory:ce=0
Port [ j]:  wired=1; compound=0; hidden=0; nouse=0; global=0; static=0; extern=0; dir=0; type=0; pingpong=0; private_global=0; IO mode=ap_none:ce=0
Port [ conv_i_i1417]:  wired=1; compound=0; hidden=0; nouse=0; global=0; static=0; extern=0; dir=0; type=0; pingpong=0; private_global=0; IO mode=ap_none:ce=0
Port [ maxValue_V]:  wired=1; compound=0; hidden=0; nouse=0; global=0; static=0; extern=0; dir=2; type=0; pingpong=0; private_global=0; IO mode=ap_ovld:ce=0
Port [ maxValue_V_4]:  wired=1; compound=0; hidden=0; nouse=0; global=0; static=0; extern=0; dir=2; type=0; pingpong=0; private_global=0; IO mode=ap_ovld:ce=0
Port [ maxValue_V_3]:  wired=1; compound=0; hidden=0; nouse=0; global=0; static=0; extern=0; dir=2; type=0; pingpong=0; private_global=0; IO mode=ap_ovld:ce=0
Port [ p_out]:  wired=1; compound=0; hidden=0; nouse=0; global=0; static=0; extern=0; dir=1; type=0; pingpong=0; private_global=0; IO mode=ap_vld:ce=0
Port [ p_out1]:  wired=1; compound=0; hidden=0; nouse=0; global=0; static=0; extern=0; dir=1; type=0; pingpong=0; private_global=0; IO mode=ap_vld:ce=0
Port [ p_out2]:  wired=1; compound=0; hidden=0; nouse=0; global=0; static=0; extern=0; dir=1; type=0; pingpong=0; private_global=0; IO mode=ap_vld:ce=0
---------------- STG Properties END ------------------

---------------- Datapath Model BEGIN ----------------

<LifeTime>
<method=bitvector/>
lhs_V                   (alloca           ) [ 011110]
p2_V                    (alloca           ) [ 011110]
conv_i_i1417_read       (read             ) [ 000000]
j_read                  (read             ) [ 011111]
total_read              (read             ) [ 000000]
conv_i_i1417_cast       (sext             ) [ 001100]
store_ln0               (store            ) [ 000000]
store_ln0               (store            ) [ 000000]
br_ln0                  (br               ) [ 000000]
p2_V_2                  (load             ) [ 001100]
zext_ln541              (zext             ) [ 000000]
hist_0_addr             (getelementptr    ) [ 001000]
hist_1_addr             (getelementptr    ) [ 001000]
hist_2_addr             (getelementptr    ) [ 001000]
hist_0_load             (load             ) [ 000000]
hist_1_load             (load             ) [ 000000]
hist_2_load             (load             ) [ 000000]
rhs_V                   (mux              ) [ 010110]
n2_V_1                  (load             ) [ 010010]
zext_ln186              (zext             ) [ 000000]
zext_ln186_23           (zext             ) [ 000000]
ret_V                   (sub              ) [ 000000]
icmp_ln1035             (icmp             ) [ 000000]
icmp_ln1023             (icmp             ) [ 000000]
and_ln342               (and              ) [ 011111]
br_ln342                (br               ) [ 000000]
p2_V_3                  (add              ) [ 010010]
maxValue_V_read         (read             ) [ 011011]
maxValue_V_3_read       (read             ) [ 011011]
maxValue_V_4_read       (read             ) [ 011011]
specpipeline_ln343      (specpipeline     ) [ 000000]
speclooptripcount_ln344 (speclooptripcount) [ 000000]
specloopname_ln345      (specloopname     ) [ 000000]
n2_V                    (sub              ) [ 000000]
tmp_8                   (mux              ) [ 000000]
icmp_ln1420             (icmp             ) [ 011011]
br_ln808                (br               ) [ 011011]
switch_ln808            (switch           ) [ 000000]
write_ln808             (write            ) [ 000000]
br_ln808                (br               ) [ 011011]
write_ln808             (write            ) [ 000000]
br_ln808                (br               ) [ 011011]
write_ln808             (write            ) [ 000000]
br_ln808                (br               ) [ 011011]
maxValue_V_1            (add              ) [ 001001]
switch_ln813            (switch           ) [ 000000]
store_ln342             (store            ) [ 000000]
store_ln342             (store            ) [ 000000]
empty_281               (phi              ) [ 001001]
empty_282               (phi              ) [ 001001]
empty_283               (phi              ) [ 001001]
write_ln813             (write            ) [ 000000]
br_ln813                (br               ) [ 000000]
write_ln813             (write            ) [ 000000]
br_ln813                (br               ) [ 000000]
write_ln813             (write            ) [ 000000]
br_ln813                (br               ) [ 000000]
empty                   (phi              ) [ 001001]
empty_279               (phi              ) [ 001001]
empty_280               (phi              ) [ 001001]
store_ln342             (store            ) [ 000000]
store_ln342             (store            ) [ 000000]
store_ln342             (store            ) [ 000000]
br_ln342                (br               ) [ 000000]
ret_ln0                 (ret              ) [ 000000]
</LifeTime>

<model>

<comp_list>
<comp id="0" class="1000" name="total">
<pin_list>
<pin id="1" dir="1" index="0" bw="1" slack="0"/>
</pin_list>
<bind>
<StgValue><ssdm name="total"/></StgValue>
</bind>
</comp>

<comp id="2" class="1000" name="hist_0">
<pin_list>
<pin id="3" dir="1" index="0" bw="1" slack="0"/>
</pin_list>
<bind>
<StgValue><ssdm name="hist_0"/><MemPortTyVec>1 3 </MemPortTyVec>
</StgValue>
</bind>
</comp>

<comp id="4" class="1000" name="hist_1">
<pin_list>
<pin id="5" dir="1" index="0" bw="1" slack="0"/>
</pin_list>
<bind>
<StgValue><ssdm name="hist_1"/><MemPortTyVec>1 3 </MemPortTyVec>
</StgValue>
</bind>
</comp>

<comp id="6" class="1000" name="hist_2">
<pin_list>
<pin id="7" dir="1" index="0" bw="1" slack="0"/>
</pin_list>
<bind>
<StgValue><ssdm name="hist_2"/><MemPortTyVec>1 3 </MemPortTyVec>
</StgValue>
</bind>
</comp>

<comp id="8" class="1000" name="j">
<pin_list>
<pin id="9" dir="1" index="0" bw="1" slack="0"/>
</pin_list>
<bind>
<StgValue><ssdm name="j"/></StgValue>
</bind>
</comp>

<comp id="10" class="1000" name="conv_i_i1417">
<pin_list>
<pin id="11" dir="1" index="0" bw="1" slack="0"/>
</pin_list>
<bind>
<StgValue><ssdm name="conv_i_i1417"/></StgValue>
</bind>
</comp>

<comp id="12" class="1000" name="maxValue_V">
<pin_list>
<pin id="13" dir="1" index="0" bw="1" slack="0"/>
</pin_list>
<bind>
<StgValue><ssdm name="maxValue_V"/></StgValue>
</bind>
</comp>

<comp id="14" class="1000" name="maxValue_V_4">
<pin_list>
<pin id="15" dir="1" index="0" bw="1" slack="0"/>
</pin_list>
<bind>
<StgValue><ssdm name="maxValue_V_4"/></StgValue>
</bind>
</comp>

<comp id="16" class="1000" name="maxValue_V_3">
<pin_list>
<pin id="17" dir="1" index="0" bw="1" slack="0"/>
</pin_list>
<bind>
<StgValue><ssdm name="maxValue_V_3"/></StgValue>
</bind>
</comp>

<comp id="18" class="1000" name="p_out">
<pin_list>
<pin id="19" dir="1" index="0" bw="1" slack="0"/>
</pin_list>
<bind>
<StgValue><ssdm name="p_out"/></StgValue>
</bind>
</comp>

<comp id="20" class="1000" name="p_out1">
<pin_list>
<pin id="21" dir="1" index="0" bw="1" slack="0"/>
</pin_list>
<bind>
<StgValue><ssdm name="p_out1"/></StgValue>
</bind>
</comp>

<comp id="22" class="1000" name="p_out2">
<pin_list>
<pin id="23" dir="1" index="0" bw="1" slack="0"/>
</pin_list>
<bind>
<StgValue><ssdm name="p_out2"/></StgValue>
</bind>
</comp>

<comp id="24" class="1001" name="const_24">
<pin_list>
<pin id="25" dir="1" index="0" bw="1" slack="0"/>
</pin_list>
<bind>
<StgValue><ssdm name=""/></StgValue>
</bind>
</comp>

<comp id="26" class="1001" name="const_26">
<pin_list>
<pin id="27" dir="1" index="0" bw="1" slack="0"/>
</pin_list>
<bind>
<StgValue><ssdm name="_ssdm_op_Read.ap_auto.i32"/></StgValue>
</bind>
</comp>

<comp id="28" class="1001" name="const_28">
<pin_list>
<pin id="29" dir="1" index="0" bw="1" slack="0"/>
</pin_list>
<bind>
<StgValue><ssdm name="_ssdm_op_Read.ap_auto.i2"/></StgValue>
</bind>
</comp>

<comp id="30" class="1001" name="const_30">
<pin_list>
<pin id="31" dir="1" index="0" bw="1" slack="0"/>
</pin_list>
<bind>
<StgValue><ssdm name=""/></StgValue>
</bind>
</comp>

<comp id="32" class="1001" name="const_32">
<pin_list>
<pin id="33" dir="1" index="0" bw="1" slack="0"/>
</pin_list>
<bind>
<StgValue><ssdm name=""/></StgValue>
</bind>
</comp>

<comp id="34" class="1001" name="const_34">
<pin_list>
<pin id="35" dir="1" index="0" bw="1" slack="0"/>
</pin_list>
<bind>
<StgValue><ssdm name="_ssdm_op_Mux.ap_auto.3i32.i2"/></StgValue>
</bind>
</comp>

<comp id="36" class="1001" name="const_36">
<pin_list>
<pin id="37" dir="1" index="0" bw="1" slack="0"/>
</pin_list>
<bind>
<StgValue><ssdm name=""/></StgValue>
</bind>
</comp>

<comp id="38" class="1001" name="const_38">
<pin_list>
<pin id="39" dir="1" index="0" bw="1" slack="0"/>
</pin_list>
<bind>
<StgValue><ssdm name=""/></StgValue>
</bind>
</comp>

<comp id="40" class="1001" name="const_40">
<pin_list>
<pin id="41" dir="1" index="0" bw="1" slack="0"/>
</pin_list>
<bind>
<StgValue><ssdm name="_ssdm_op_Read.ap_auto.i18P0A"/></StgValue>
</bind>
</comp>

<comp id="42" class="1001" name="const_42">
<pin_list>
<pin id="43" dir="1" index="0" bw="1" slack="2147483647"/>
</pin_list>
<bind>
<StgValue><ssdm name="_ssdm_op_SpecPipeline"/></StgValue>
</bind>
</comp>

<comp id="44" class="1001" name="const_44">
<pin_list>
<pin id="45" dir="1" index="0" bw="1" slack="2147483647"/>
</pin_list>
<bind>
<StgValue><ssdm name=""/></StgValue>
</bind>
</comp>

<comp id="46" class="1001" name="const_46">
<pin_list>
<pin id="47" dir="1" index="0" bw="1" slack="2147483647"/>
</pin_list>
<bind>
<StgValue><ssdm name=""/></StgValue>
</bind>
</comp>

<comp id="48" class="1001" name="const_48">
<pin_list>
<pin id="49" dir="1" index="0" bw="1" slack="2147483647"/>
</pin_list>
<bind>
<StgValue><ssdm name="empty_32"/></StgValue>
</bind>
</comp>

<comp id="50" class="1001" name="const_50">
<pin_list>
<pin id="51" dir="1" index="0" bw="1" slack="2147483647"/>
</pin_list>
<bind>
<StgValue><ssdm name="_ssdm_op_SpecLoopTripCount"/></StgValue>
</bind>
</comp>

<comp id="52" class="1001" name="const_52">
<pin_list>
<pin id="53" dir="1" index="0" bw="1" slack="2147483647"/>
</pin_list>
<bind>
<StgValue><ssdm name=""/></StgValue>
</bind>
</comp>

<comp id="54" class="1001" name="const_54">
<pin_list>
<pin id="55" dir="1" index="0" bw="1" slack="2147483647"/>
</pin_list>
<bind>
<StgValue><ssdm name="_ssdm_op_SpecLoopName"/></StgValue>
</bind>
</comp>

<comp id="56" class="1001" name="const_56">
<pin_list>
<pin id="57" dir="1" index="0" bw="1" slack="2147483647"/>
</pin_list>
<bind>
<StgValue><ssdm name="empty_13"/></StgValue>
</bind>
</comp>

<comp id="58" class="1001" name="const_58">
<pin_list>
<pin id="59" dir="1" index="0" bw="1" slack="0"/>
</pin_list>
<bind>
<StgValue><ssdm name="_ssdm_op_Mux.ap_auto.3i18.i2"/></StgValue>
</bind>
</comp>

<comp id="60" class="1001" name="const_60">
<pin_list>
<pin id="61" dir="1" index="0" bw="1" slack="0"/>
</pin_list>
<bind>
<StgValue><ssdm name=""/></StgValue>
</bind>
</comp>

<comp id="62" class="1001" name="const_62">
<pin_list>
<pin id="63" dir="1" index="0" bw="1" slack="2147483647"/>
</pin_list>
<bind>
<StgValue><ssdm name=""/></StgValue>
</bind>
</comp>

<comp id="64" class="1001" name="const_64">
<pin_list>
<pin id="65" dir="1" index="0" bw="1" slack="2147483647"/>
</pin_list>
<bind>
<StgValue><ssdm name=""/></StgValue>
</bind>
</comp>

<comp id="66" class="1001" name="const_66">
<pin_list>
<pin id="67" dir="1" index="0" bw="1" slack="0"/>
</pin_list>
<bind>
<StgValue><ssdm name="_ssdm_op_Write.ap_auto.i18P0A"/></StgValue>
</bind>
</comp>

<comp id="68" class="1001" name="const_68">
<pin_list>
<pin id="69" dir="1" index="0" bw="1" slack="0"/>
</pin_list>
<bind>
<StgValue><ssdm name=""/></StgValue>
</bind>
</comp>

<comp id="70" class="1001" name="const_70">
<pin_list>
<pin id="71" dir="1" index="0" bw="1" slack="0"/>
</pin_list>
<bind>
<StgValue><ssdm name=""/></StgValue>
</bind>
</comp>

<comp id="72" class="1004" name="lhs_V_fu_72">
<pin_list>
<pin id="73" dir="0" index="0" bw="1" slack="0"/>
<pin id="74" dir="1" index="1" bw="32" slack="0"/>
</pin_list>
<bind>
<opcode="alloca(26) " fcode="alloca"/>
<opset="lhs_V/1 "/>
</bind>
</comp>

<comp id="76" class="1004" name="p2_V_fu_76">
<pin_list>
<pin id="77" dir="0" index="0" bw="1" slack="0"/>
<pin id="78" dir="1" index="1" bw="12" slack="0"/>
</pin_list>
<bind>
<opcode="alloca(26) " fcode="alloca"/>
<opset="p2_V/1 "/>
</bind>
</comp>

<comp id="80" class="1004" name="conv_i_i1417_read_read_fu_80">
<pin_list>
<pin id="81" dir="0" index="0" bw="32" slack="0"/>
<pin id="82" dir="0" index="1" bw="32" slack="0"/>
<pin id="83" dir="1" index="2" bw="32" slack="0"/>
</pin_list>
<bind>
<opcode="read(1150) " fcode="read"/>
<opset="conv_i_i1417_read/1 "/>
</bind>
</comp>

<comp id="86" class="1004" name="j_read_read_fu_86">
<pin_list>
<pin id="87" dir="0" index="0" bw="2" slack="0"/>
<pin id="88" dir="0" index="1" bw="2" slack="0"/>
<pin id="89" dir="1" index="2" bw="2" slack="1"/>
</pin_list>
<bind>
<opcode="read(1150) " fcode="read"/>
<opset="j_read/1 "/>
</bind>
</comp>

<comp id="92" class="1004" name="total_read_read_fu_92">
<pin_list>
<pin id="93" dir="0" index="0" bw="32" slack="0"/>
<pin id="94" dir="0" index="1" bw="32" slack="0"/>
<pin id="95" dir="1" index="2" bw="32" slack="0"/>
</pin_list>
<bind>
<opcode="read(1150) " fcode="read"/>
<opset="total_read/1 "/>
</bind>
</comp>

<comp id="98" class="1004" name="maxValue_V_read_read_fu_98">
<pin_list>
<pin id="99" dir="0" index="0" bw="18" slack="0"/>
<pin id="100" dir="0" index="1" bw="18" slack="0"/>
<pin id="101" dir="1" index="2" bw="18" slack="1"/>
</pin_list>
<bind>
<opcode="read(1150) " fcode="read"/>
<opset="maxValue_V_read/3 "/>
</bind>
</comp>

<comp id="104" class="1004" name="maxValue_V_3_read_read_fu_104">
<pin_list>
<pin id="105" dir="0" index="0" bw="18" slack="0"/>
<pin id="106" dir="0" index="1" bw="18" slack="0"/>
<pin id="107" dir="1" index="2" bw="18" slack="1"/>
</pin_list>
<bind>
<opcode="read(1150) " fcode="read"/>
<opset="maxValue_V_3_read/3 "/>
</bind>
</comp>

<comp id="110" class="1004" name="maxValue_V_4_read_read_fu_110">
<pin_list>
<pin id="111" dir="0" index="0" bw="18" slack="0"/>
<pin id="112" dir="0" index="1" bw="18" slack="0"/>
<pin id="113" dir="1" index="2" bw="18" slack="1"/>
</pin_list>
<bind>
<opcode="read(1150) " fcode="read"/>
<opset="maxValue_V_4_read/3 "/>
</bind>
</comp>

<comp id="116" class="1004" name="grp_write_fu_116">
<pin_list>
<pin id="117" dir="0" index="0" bw="0" slack="0"/>
<pin id="118" dir="0" index="1" bw="18" slack="0"/>
<pin id="119" dir="0" index="2" bw="18" slack="0"/>
<pin id="120" dir="1" index="3" bw="0" slack="2147483647"/>
</pin_list>
<bind>
<opcode="write(1151) " fcode="write"/>
<opset="write_ln808/4 write_ln813/5 "/>
</bind>
</comp>

<comp id="124" class="1004" name="grp_write_fu_124">
<pin_list>
<pin id="125" dir="0" index="0" bw="0" slack="0"/>
<pin id="126" dir="0" index="1" bw="18" slack="0"/>
<pin id="127" dir="0" index="2" bw="18" slack="0"/>
<pin id="128" dir="1" index="3" bw="0" slack="2147483647"/>
</pin_list>
<bind>
<opcode="write(1151) " fcode="write"/>
<opset="write_ln808/4 write_ln813/5 "/>
</bind>
</comp>

<comp id="132" class="1004" name="grp_write_fu_132">
<pin_list>
<pin id="133" dir="0" index="0" bw="0" slack="0"/>
<pin id="134" dir="0" index="1" bw="18" slack="0"/>
<pin id="135" dir="0" index="2" bw="18" slack="0"/>
<pin id="136" dir="1" index="3" bw="0" slack="2147483647"/>
</pin_list>
<bind>
<opcode="write(1151) " fcode="write"/>
<opset="write_ln808/4 write_ln813/5 "/>
</bind>
</comp>

<comp id="140" class="1004" name="hist_0_addr_gep_fu_140">
<pin_list>
<pin id="141" dir="0" index="0" bw="32" slack="0"/>
<pin id="142" dir="0" index="1" bw="1" slack="0"/>
<pin id="143" dir="0" index="2" bw="12" slack="0"/>
<pin id="144" dir="1" index="3" bw="10" slack="0"/>
</pin_list>
<bind>
<opcode="getelementptr(29) " fcode="getelementptr"/>
<opset="hist_0_addr/1 "/>
</bind>
</comp>

<comp id="147" class="1004" name="hist_1_addr_gep_fu_147">
<pin_list>
<pin id="148" dir="0" index="0" bw="32" slack="0"/>
<pin id="149" dir="0" index="1" bw="1" slack="0"/>
<pin id="150" dir="0" index="2" bw="12" slack="0"/>
<pin id="151" dir="1" index="3" bw="10" slack="0"/>
</pin_list>
<bind>
<opcode="getelementptr(29) " fcode="getelementptr"/>
<opset="hist_1_addr/1 "/>
</bind>
</comp>

<comp id="154" class="1004" name="hist_2_addr_gep_fu_154">
<pin_list>
<pin id="155" dir="0" index="0" bw="32" slack="0"/>
<pin id="156" dir="0" index="1" bw="1" slack="0"/>
<pin id="157" dir="0" index="2" bw="12" slack="0"/>
<pin id="158" dir="1" index="3" bw="10" slack="0"/>
</pin_list>
<bind>
<opcode="getelementptr(29) " fcode="getelementptr"/>
<opset="hist_2_addr/1 "/>
</bind>
</comp>

<comp id="161" class="1004" name="grp_access_fu_161">
<pin_list>
<pin id="162" dir="0" index="0" bw="10" slack="0"/>
<pin id="163" dir="0" index="1" bw="32" slack="2147483647"/>
<pin id="164" dir="0" index="2" bw="0" slack="2147483647"/>
<pin id="165" dir="1" index="3" bw="32" slack="0"/>
</pin_list>
<bind>
<opcode="load(27) " fcode="load"/>
<opset="hist_0_load/1 "/>
</bind>
</comp>

<comp id="167" class="1004" name="grp_access_fu_167">
<pin_list>
<pin id="168" dir="0" index="0" bw="10" slack="0"/>
<pin id="169" dir="0" index="1" bw="32" slack="2147483647"/>
<pin id="170" dir="0" index="2" bw="0" slack="2147483647"/>
<pin id="171" dir="1" index="3" bw="32" slack="0"/>
</pin_list>
<bind>
<opcode="load(27) " fcode="load"/>
<opset="hist_1_load/1 "/>
</bind>
</comp>

<comp id="173" class="1004" name="grp_access_fu_173">
<pin_list>
<pin id="174" dir="0" index="0" bw="10" slack="0"/>
<pin id="175" dir="0" index="1" bw="32" slack="2147483647"/>
<pin id="176" dir="0" index="2" bw="0" slack="2147483647"/>
<pin id="177" dir="1" index="3" bw="32" slack="0"/>
</pin_list>
<bind>
<opcode="load(27) " fcode="load"/>
<opset="hist_2_load/1 "/>
</bind>
</comp>

<comp id="179" class="1005" name="empty_281_reg_179">
<pin_list>
<pin id="180" dir="0" index="0" bw="18" slack="1"/>
<pin id="181" dir="1" index="1" bw="18" slack="1"/>
</pin_list>
<bind>
<opset="empty_281 (phireg) "/>
</bind>
</comp>

<comp id="183" class="1004" name="empty_281_phi_fu_183">
<pin_list>
<pin id="184" dir="0" index="0" bw="18" slack="2"/>
<pin id="185" dir="0" index="1" bw="0" slack="2147483647"/>
<pin id="186" dir="0" index="2" bw="18" slack="2"/>
<pin id="187" dir="0" index="3" bw="0" slack="2147483647"/>
<pin id="188" dir="0" index="4" bw="1" slack="1"/>
<pin id="189" dir="0" index="5" bw="0" slack="2147483647"/>
<pin id="190" dir="0" index="6" bw="18" slack="2"/>
<pin id="191" dir="0" index="7" bw="0" slack="2147483647"/>
<pin id="192" dir="1" index="8" bw="18" slack="0"/>
</pin_list>
<bind>
<opcode="phi(47) " fcode="phi"/>
<opset="empty_281/5 "/>
</bind>
</comp>

<comp id="194" class="1005" name="empty_282_reg_194">
<pin_list>
<pin id="195" dir="0" index="0" bw="18" slack="1"/>
<pin id="196" dir="1" index="1" bw="18" slack="1"/>
</pin_list>
<bind>
<opset="empty_282 (phireg) "/>
</bind>
</comp>

<comp id="198" class="1004" name="empty_282_phi_fu_198">
<pin_list>
<pin id="199" dir="0" index="0" bw="1" slack="1"/>
<pin id="200" dir="0" index="1" bw="0" slack="2147483647"/>
<pin id="201" dir="0" index="2" bw="18" slack="2"/>
<pin id="202" dir="0" index="3" bw="0" slack="2147483647"/>
<pin id="203" dir="0" index="4" bw="18" slack="2"/>
<pin id="204" dir="0" index="5" bw="0" slack="2147483647"/>
<pin id="205" dir="0" index="6" bw="18" slack="2"/>
<pin id="206" dir="0" index="7" bw="0" slack="2147483647"/>
<pin id="207" dir="1" index="8" bw="18" slack="0"/>
</pin_list>
<bind>
<opcode="phi(47) " fcode="phi"/>
<opset="empty_282/5 "/>
</bind>
</comp>

<comp id="209" class="1005" name="empty_283_reg_209">
<pin_list>
<pin id="210" dir="0" index="0" bw="18" slack="1"/>
<pin id="211" dir="1" index="1" bw="18" slack="1"/>
</pin_list>
<bind>
<opset="empty_283 (phireg) "/>
</bind>
</comp>

<comp id="213" class="1004" name="empty_283_phi_fu_213">
<pin_list>
<pin id="214" dir="0" index="0" bw="18" slack="2"/>
<pin id="215" dir="0" index="1" bw="0" slack="2147483647"/>
<pin id="216" dir="0" index="2" bw="1" slack="1"/>
<pin id="217" dir="0" index="3" bw="0" slack="2147483647"/>
<pin id="218" dir="0" index="4" bw="18" slack="2"/>
<pin id="219" dir="0" index="5" bw="0" slack="2147483647"/>
<pin id="220" dir="0" index="6" bw="18" slack="2"/>
<pin id="221" dir="0" index="7" bw="0" slack="2147483647"/>
<pin id="222" dir="1" index="8" bw="18" slack="0"/>
</pin_list>
<bind>
<opcode="phi(47) " fcode="phi"/>
<opset="empty_283/5 "/>
</bind>
</comp>

<comp id="224" class="1005" name="empty_reg_224">
<pin_list>
<pin id="225" dir="0" index="0" bw="18" slack="2147483647"/>
<pin id="226" dir="1" index="1" bw="18" slack="2147483647"/>
</pin_list>
<bind>
<opset="empty (phireg) "/>
</bind>
</comp>

<comp id="227" class="1004" name="empty_phi_fu_227">
<pin_list>
<pin id="228" dir="0" index="0" bw="18" slack="0"/>
<pin id="229" dir="0" index="1" bw="0" slack="2147483647"/>
<pin id="230" dir="0" index="2" bw="18" slack="0"/>
<pin id="231" dir="0" index="3" bw="0" slack="2147483647"/>
<pin id="232" dir="0" index="4" bw="18" slack="1"/>
<pin id="233" dir="0" index="5" bw="0" slack="2147483647"/>
<pin id="234" dir="1" index="6" bw="18" slack="0"/>
</pin_list>
<bind>
<opcode="phi(47) " fcode="phi"/>
<opset="empty/5 "/>
</bind>
</comp>

<comp id="237" class="1005" name="empty_279_reg_237">
<pin_list>
<pin id="238" dir="0" index="0" bw="18" slack="2147483647"/>
<pin id="239" dir="1" index="1" bw="18" slack="2147483647"/>
</pin_list>
<bind>
<opset="empty_279 (phireg) "/>
</bind>
</comp>

<comp id="240" class="1004" name="empty_279_phi_fu_240">
<pin_list>
<pin id="241" dir="0" index="0" bw="18" slack="1"/>
<pin id="242" dir="0" index="1" bw="0" slack="2147483647"/>
<pin id="243" dir="0" index="2" bw="18" slack="0"/>
<pin id="244" dir="0" index="3" bw="0" slack="2147483647"/>
<pin id="245" dir="0" index="4" bw="18" slack="0"/>
<pin id="246" dir="0" index="5" bw="0" slack="2147483647"/>
<pin id="247" dir="1" index="6" bw="18" slack="0"/>
</pin_list>
<bind>
<opcode="phi(47) " fcode="phi"/>
<opset="empty_279/5 "/>
</bind>
</comp>

<comp id="250" class="1005" name="empty_280_reg_250">
<pin_list>
<pin id="251" dir="0" index="0" bw="18" slack="2147483647"/>
<pin id="252" dir="1" index="1" bw="18" slack="2147483647"/>
</pin_list>
<bind>
<opset="empty_280 (phireg) "/>
</bind>
</comp>

<comp id="253" class="1004" name="empty_280_phi_fu_253">
<pin_list>
<pin id="254" dir="0" index="0" bw="18" slack="0"/>
<pin id="255" dir="0" index="1" bw="0" slack="2147483647"/>
<pin id="256" dir="0" index="2" bw="18" slack="1"/>
<pin id="257" dir="0" index="3" bw="0" slack="2147483647"/>
<pin id="258" dir="0" index="4" bw="18" slack="0"/>
<pin id="259" dir="0" index="5" bw="0" slack="2147483647"/>
<pin id="260" dir="1" index="6" bw="18" slack="0"/>
</pin_list>
<bind>
<opcode="phi(47) " fcode="phi"/>
<opset="empty_280/5 "/>
</bind>
</comp>

<comp id="263" class="1004" name="conv_i_i1417_cast_fu_263">
<pin_list>
<pin id="264" dir="0" index="0" bw="32" slack="0"/>
<pin id="265" dir="1" index="1" bw="33" slack="2"/>
</pin_list>
<bind>
<opcode="sext(35) " fcode="sext"/>
<opset="conv_i_i1417_cast/1 "/>
</bind>
</comp>

<comp id="267" class="1004" name="store_ln0_store_fu_267">
<pin_list>
<pin id="268" dir="0" index="0" bw="11" slack="0"/>
<pin id="269" dir="0" index="1" bw="12" slack="0"/>
<pin id="270" dir="1" index="2" bw="0" slack="2147483647"/>
</pin_list>
<bind>
<opcode="store(28) " fcode="store"/>
<opset="store_ln0/1 "/>
</bind>
</comp>

<comp id="272" class="1004" name="store_ln0_store_fu_272">
<pin_list>
<pin id="273" dir="0" index="0" bw="32" slack="0"/>
<pin id="274" dir="0" index="1" bw="32" slack="0"/>
<pin id="275" dir="1" index="2" bw="0" slack="2147483647"/>
</pin_list>
<bind>
<opcode="store(28) " fcode="store"/>
<opset="store_ln0/1 "/>
</bind>
</comp>

<comp id="277" class="1004" name="p2_V_2_load_fu_277">
<pin_list>
<pin id="278" dir="0" index="0" bw="12" slack="0"/>
<pin id="279" dir="1" index="1" bw="12" slack="0"/>
</pin_list>
<bind>
<opcode="load(27) " fcode="load"/>
<opset="p2_V_2/1 "/>
</bind>
</comp>

<comp id="280" class="1004" name="zext_ln541_fu_280">
<pin_list>
<pin id="281" dir="0" index="0" bw="12" slack="0"/>
<pin id="282" dir="1" index="1" bw="64" slack="0"/>
</pin_list>
<bind>
<opcode="zext(34) " fcode="zext"/>
<opset="zext_ln541/1 "/>
</bind>
</comp>

<comp id="287" class="1004" name="rhs_V_fu_287">
<pin_list>
<pin id="288" dir="0" index="0" bw="32" slack="0"/>
<pin id="289" dir="0" index="1" bw="32" slack="0"/>
<pin id="290" dir="0" index="2" bw="32" slack="0"/>
<pin id="291" dir="0" index="3" bw="32" slack="0"/>
<pin id="292" dir="0" index="4" bw="2" slack="1"/>
<pin id="293" dir="1" index="5" bw="32" slack="1"/>
</pin_list>
<bind>
<opcode="mux(1196) " fcode="mux"/>
<opset="rhs_V/2 "/>
</bind>
</comp>

<comp id="298" class="1004" name="n2_V_1_load_fu_298">
<pin_list>
<pin id="299" dir="0" index="0" bw="32" slack="2"/>
<pin id="300" dir="1" index="1" bw="32" slack="0"/>
</pin_list>
<bind>
<opcode="load(27) " fcode="load"/>
<opset="n2_V_1/3 "/>
</bind>
</comp>

<comp id="301" class="1004" name="zext_ln186_fu_301">
<pin_list>
<pin id="302" dir="0" index="0" bw="32" slack="0"/>
<pin id="303" dir="1" index="1" bw="33" slack="0"/>
</pin_list>
<bind>
<opcode="zext(34) " fcode="zext"/>
<opset="zext_ln186/3 "/>
</bind>
</comp>

<comp id="305" class="1004" name="zext_ln186_23_fu_305">
<pin_list>
<pin id="306" dir="0" index="0" bw="32" slack="1"/>
<pin id="307" dir="1" index="1" bw="33" slack="0"/>
</pin_list>
<bind>
<opcode="zext(34) " fcode="zext"/>
<opset="zext_ln186_23/3 "/>
</bind>
</comp>

<comp id="308" class="1004" name="ret_V_fu_308">
<pin_list>
<pin id="309" dir="0" index="0" bw="32" slack="0"/>
<pin id="310" dir="0" index="1" bw="32" slack="0"/>
<pin id="311" dir="1" index="2" bw="33" slack="0"/>
</pin_list>
<bind>
<opcode="sub(10) " fcode="sub"/>
<opset="ret_V/3 "/>
</bind>
</comp>

<comp id="314" class="1004" name="icmp_ln1035_fu_314">
<pin_list>
<pin id="315" dir="0" index="0" bw="33" slack="0"/>
<pin id="316" dir="0" index="1" bw="33" slack="2"/>
<pin id="317" dir="1" index="2" bw="1" slack="0"/>
</pin_list>
<bind>
<opcode="icmp(45) " fcode="icmp"/>
<opset="icmp_ln1035/3 "/>
</bind>
</comp>

<comp id="319" class="1004" name="icmp_ln1023_fu_319">
<pin_list>
<pin id="320" dir="0" index="0" bw="12" slack="2"/>
<pin id="321" dir="0" index="1" bw="12" slack="0"/>
<pin id="322" dir="1" index="2" bw="1" slack="0"/>
</pin_list>
<bind>
<opcode="icmp(45) " fcode="icmp"/>
<opset="icmp_ln1023/3 "/>
</bind>
</comp>

<comp id="324" class="1004" name="and_ln342_fu_324">
<pin_list>
<pin id="325" dir="0" index="0" bw="1" slack="0"/>
<pin id="326" dir="0" index="1" bw="1" slack="0"/>
<pin id="327" dir="1" index="2" bw="1" slack="1"/>
</pin_list>
<bind>
<opcode="and(23) " fcode="and"/>
<opset="and_ln342/3 "/>
</bind>
</comp>

<comp id="330" class="1004" name="p2_V_3_fu_330">
<pin_list>
<pin id="331" dir="0" index="0" bw="12" slack="2"/>
<pin id="332" dir="0" index="1" bw="1" slack="0"/>
<pin id="333" dir="1" index="2" bw="12" slack="1"/>
</pin_list>
<bind>
<opcode="add(8) " fcode="add"/>
<opset="p2_V_3/3 "/>
</bind>
</comp>

<comp id="335" class="1004" name="n2_V_fu_335">
<pin_list>
<pin id="336" dir="0" index="0" bw="32" slack="1"/>
<pin id="337" dir="0" index="1" bw="32" slack="2"/>
<pin id="338" dir="1" index="2" bw="32" slack="0"/>
</pin_list>
<bind>
<opcode="sub(10) " fcode="sub"/>
<opset="n2_V/4 "/>
</bind>
</comp>

<comp id="339" class="1004" name="tmp_8_fu_339">
<pin_list>
<pin id="340" dir="0" index="0" bw="18" slack="0"/>
<pin id="341" dir="0" index="1" bw="18" slack="1"/>
<pin id="342" dir="0" index="2" bw="18" slack="1"/>
<pin id="343" dir="0" index="3" bw="18" slack="1"/>
<pin id="344" dir="0" index="4" bw="2" slack="3"/>
<pin id="345" dir="1" index="5" bw="18" slack="0"/>
</pin_list>
<bind>
<opcode="mux(1196) " fcode="mux"/>
<opset="tmp_8/4 "/>
</bind>
</comp>

<comp id="347" class="1004" name="icmp_ln1420_fu_347">
<pin_list>
<pin id="348" dir="0" index="0" bw="18" slack="0"/>
<pin id="349" dir="0" index="1" bw="18" slack="0"/>
<pin id="350" dir="1" index="2" bw="1" slack="1"/>
</pin_list>
<bind>
<opcode="icmp(45) " fcode="icmp"/>
<opset="icmp_ln1420/4 "/>
</bind>
</comp>

<comp id="353" class="1004" name="maxValue_V_1_fu_353">
<pin_list>
<pin id="354" dir="0" index="0" bw="18" slack="0"/>
<pin id="355" dir="0" index="1" bw="7" slack="0"/>
<pin id="356" dir="1" index="2" bw="18" slack="1"/>
</pin_list>
<bind>
<opcode="add(8) " fcode="add"/>
<opset="maxValue_V_1/4 "/>
</bind>
</comp>

<comp id="359" class="1004" name="store_ln342_store_fu_359">
<pin_list>
<pin id="360" dir="0" index="0" bw="12" slack="1"/>
<pin id="361" dir="0" index="1" bw="12" slack="3"/>
<pin id="362" dir="1" index="2" bw="0" slack="2147483647"/>
</pin_list>
<bind>
<opcode="store(28) " fcode="store"/>
<opset="store_ln342/4 "/>
</bind>
</comp>

<comp id="363" class="1004" name="store_ln342_store_fu_363">
<pin_list>
<pin id="364" dir="0" index="0" bw="32" slack="0"/>
<pin id="365" dir="0" index="1" bw="32" slack="3"/>
<pin id="366" dir="1" index="2" bw="0" slack="2147483647"/>
</pin_list>
<bind>
<opcode="store(28) " fcode="store"/>
<opset="store_ln342/4 "/>
</bind>
</comp>

<comp id="368" class="1004" name="store_ln342_store_fu_368">
<pin_list>
<pin id="369" dir="0" index="0" bw="18" slack="0"/>
<pin id="370" dir="0" index="1" bw="18" slack="0"/>
<pin id="371" dir="1" index="2" bw="0" slack="2147483647"/>
</pin_list>
<bind>
<opcode="store(28) " fcode="store"/>
<opset="store_ln342/5 "/>
</bind>
</comp>

<comp id="374" class="1004" name="store_ln342_store_fu_374">
<pin_list>
<pin id="375" dir="0" index="0" bw="18" slack="0"/>
<pin id="376" dir="0" index="1" bw="18" slack="0"/>
<pin id="377" dir="1" index="2" bw="0" slack="2147483647"/>
</pin_list>
<bind>
<opcode="store(28) " fcode="store"/>
<opset="store_ln342/5 "/>
</bind>
</comp>

<comp id="380" class="1004" name="store_ln342_store_fu_380">
<pin_list>
<pin id="381" dir="0" index="0" bw="18" slack="0"/>
<pin id="382" dir="0" index="1" bw="18" slack="0"/>
<pin id="383" dir="1" index="2" bw="0" slack="2147483647"/>
</pin_list>
<bind>
<opcode="store(28) " fcode="store"/>
<opset="store_ln342/5 "/>
</bind>
</comp>

<comp id="386" class="1005" name="lhs_V_reg_386">
<pin_list>
<pin id="387" dir="0" index="0" bw="32" slack="0"/>
<pin id="388" dir="1" index="1" bw="32" slack="0"/>
</pin_list>
<bind>
<opset="lhs_V "/>
</bind>
</comp>

<comp id="393" class="1005" name="p2_V_reg_393">
<pin_list>
<pin id="394" dir="0" index="0" bw="12" slack="0"/>
<pin id="395" dir="1" index="1" bw="12" slack="0"/>
</pin_list>
<bind>
<opset="p2_V "/>
</bind>
</comp>

<comp id="400" class="1005" name="j_read_reg_400">
<pin_list>
<pin id="401" dir="0" index="0" bw="2" slack="1"/>
<pin id="402" dir="1" index="1" bw="2" slack="1"/>
</pin_list>
<bind>
<opset="j_read "/>
</bind>
</comp>

<comp id="406" class="1005" name="conv_i_i1417_cast_reg_406">
<pin_list>
<pin id="407" dir="0" index="0" bw="33" slack="2"/>
<pin id="408" dir="1" index="1" bw="33" slack="2"/>
</pin_list>
<bind>
<opset="conv_i_i1417_cast "/>
</bind>
</comp>

<comp id="411" class="1005" name="p2_V_2_reg_411">
<pin_list>
<pin id="412" dir="0" index="0" bw="12" slack="2"/>
<pin id="413" dir="1" index="1" bw="12" slack="2"/>
</pin_list>
<bind>
<opset="p2_V_2 "/>
</bind>
</comp>

<comp id="417" class="1005" name="hist_0_addr_reg_417">
<pin_list>
<pin id="418" dir="0" index="0" bw="10" slack="1"/>
<pin id="419" dir="1" index="1" bw="10" slack="1"/>
</pin_list>
<bind>
<opset="hist_0_addr "/>
</bind>
</comp>

<comp id="422" class="1005" name="hist_1_addr_reg_422">
<pin_list>
<pin id="423" dir="0" index="0" bw="10" slack="1"/>
<pin id="424" dir="1" index="1" bw="10" slack="1"/>
</pin_list>
<bind>
<opset="hist_1_addr "/>
</bind>
</comp>

<comp id="427" class="1005" name="hist_2_addr_reg_427">
<pin_list>
<pin id="428" dir="0" index="0" bw="10" slack="1"/>
<pin id="429" dir="1" index="1" bw="10" slack="1"/>
</pin_list>
<bind>
<opset="hist_2_addr "/>
</bind>
</comp>

<comp id="432" class="1005" name="rhs_V_reg_432">
<pin_list>
<pin id="433" dir="0" index="0" bw="32" slack="1"/>
<pin id="434" dir="1" index="1" bw="32" slack="1"/>
</pin_list>
<bind>
<opset="rhs_V "/>
</bind>
</comp>

<comp id="438" class="1005" name="n2_V_1_reg_438">
<pin_list>
<pin id="439" dir="0" index="0" bw="32" slack="1"/>
<pin id="440" dir="1" index="1" bw="32" slack="1"/>
</pin_list>
<bind>
<opset="n2_V_1 "/>
</bind>
</comp>

<comp id="443" class="1005" name="and_ln342_reg_443">
<pin_list>
<pin id="444" dir="0" index="0" bw="1" slack="1"/>
<pin id="445" dir="1" index="1" bw="1" slack="2147483647"/>
</pin_list>
<bind>
<opset="and_ln342 "/>
</bind>
</comp>

<comp id="447" class="1005" name="p2_V_3_reg_447">
<pin_list>
<pin id="448" dir="0" index="0" bw="12" slack="1"/>
<pin id="449" dir="1" index="1" bw="12" slack="1"/>
</pin_list>
<bind>
<opset="p2_V_3 "/>
</bind>
</comp>

<comp id="452" class="1005" name="maxValue_V_read_reg_452">
<pin_list>
<pin id="453" dir="0" index="0" bw="18" slack="1"/>
<pin id="454" dir="1" index="1" bw="18" slack="1"/>
</pin_list>
<bind>
<opset="maxValue_V_read "/>
</bind>
</comp>

<comp id="460" class="1005" name="maxValue_V_3_read_reg_460">
<pin_list>
<pin id="461" dir="0" index="0" bw="18" slack="1"/>
<pin id="462" dir="1" index="1" bw="18" slack="1"/>
</pin_list>
<bind>
<opset="maxValue_V_3_read "/>
</bind>
</comp>

<comp id="468" class="1005" name="maxValue_V_4_read_reg_468">
<pin_list>
<pin id="469" dir="0" index="0" bw="18" slack="1"/>
<pin id="470" dir="1" index="1" bw="18" slack="1"/>
</pin_list>
<bind>
<opset="maxValue_V_4_read "/>
</bind>
</comp>

<comp id="476" class="1005" name="icmp_ln1420_reg_476">
<pin_list>
<pin id="477" dir="0" index="0" bw="1" slack="1"/>
<pin id="478" dir="1" index="1" bw="1" slack="2147483647"/>
</pin_list>
<bind>
<opset="icmp_ln1420 "/>
</bind>
</comp>

<comp id="480" class="1005" name="maxValue_V_1_reg_480">
<pin_list>
<pin id="481" dir="0" index="0" bw="18" slack="1"/>
<pin id="482" dir="1" index="1" bw="18" slack="1"/>
</pin_list>
<bind>
<opset="maxValue_V_1 "/>
</bind>
</comp>

</comp_list>

<net_list>
<net id="75"><net_src comp="24" pin="0"/><net_sink comp="72" pin=0"/></net>

<net id="79"><net_src comp="24" pin="0"/><net_sink comp="76" pin=0"/></net>

<net id="84"><net_src comp="26" pin="0"/><net_sink comp="80" pin=0"/></net>

<net id="85"><net_src comp="10" pin="0"/><net_sink comp="80" pin=1"/></net>

<net id="90"><net_src comp="28" pin="0"/><net_sink comp="86" pin=0"/></net>

<net id="91"><net_src comp="8" pin="0"/><net_sink comp="86" pin=1"/></net>

<net id="96"><net_src comp="26" pin="0"/><net_sink comp="92" pin=0"/></net>

<net id="97"><net_src comp="0" pin="0"/><net_sink comp="92" pin=1"/></net>

<net id="102"><net_src comp="40" pin="0"/><net_sink comp="98" pin=0"/></net>

<net id="103"><net_src comp="12" pin="0"/><net_sink comp="98" pin=1"/></net>

<net id="108"><net_src comp="40" pin="0"/><net_sink comp="104" pin=0"/></net>

<net id="109"><net_src comp="16" pin="0"/><net_sink comp="104" pin=1"/></net>

<net id="114"><net_src comp="40" pin="0"/><net_sink comp="110" pin=0"/></net>

<net id="115"><net_src comp="14" pin="0"/><net_sink comp="110" pin=1"/></net>

<net id="121"><net_src comp="66" pin="0"/><net_sink comp="116" pin=0"/></net>

<net id="122"><net_src comp="16" pin="0"/><net_sink comp="116" pin=1"/></net>

<net id="123"><net_src comp="68" pin="0"/><net_sink comp="116" pin=2"/></net>

<net id="129"><net_src comp="66" pin="0"/><net_sink comp="124" pin=0"/></net>

<net id="130"><net_src comp="12" pin="0"/><net_sink comp="124" pin=1"/></net>

<net id="131"><net_src comp="68" pin="0"/><net_sink comp="124" pin=2"/></net>

<net id="137"><net_src comp="66" pin="0"/><net_sink comp="132" pin=0"/></net>

<net id="138"><net_src comp="14" pin="0"/><net_sink comp="132" pin=1"/></net>

<net id="139"><net_src comp="68" pin="0"/><net_sink comp="132" pin=2"/></net>

<net id="145"><net_src comp="2" pin="0"/><net_sink comp="140" pin=0"/></net>

<net id="146"><net_src comp="32" pin="0"/><net_sink comp="140" pin=1"/></net>

<net id="152"><net_src comp="4" pin="0"/><net_sink comp="147" pin=0"/></net>

<net id="153"><net_src comp="32" pin="0"/><net_sink comp="147" pin=1"/></net>

<net id="159"><net_src comp="6" pin="0"/><net_sink comp="154" pin=0"/></net>

<net id="160"><net_src comp="32" pin="0"/><net_sink comp="154" pin=1"/></net>

<net id="166"><net_src comp="140" pin="3"/><net_sink comp="161" pin=0"/></net>

<net id="172"><net_src comp="147" pin="3"/><net_sink comp="167" pin=0"/></net>

<net id="178"><net_src comp="154" pin="3"/><net_sink comp="173" pin=0"/></net>

<net id="182"><net_src comp="68" pin="0"/><net_sink comp="179" pin=0"/></net>

<net id="193"><net_src comp="179" pin="1"/><net_sink comp="183" pin=4"/></net>

<net id="197"><net_src comp="68" pin="0"/><net_sink comp="194" pin=0"/></net>

<net id="208"><net_src comp="194" pin="1"/><net_sink comp="198" pin=0"/></net>

<net id="212"><net_src comp="68" pin="0"/><net_sink comp="209" pin=0"/></net>

<net id="223"><net_src comp="209" pin="1"/><net_sink comp="213" pin=2"/></net>

<net id="235"><net_src comp="183" pin="8"/><net_sink comp="227" pin=0"/></net>

<net id="236"><net_src comp="183" pin="8"/><net_sink comp="227" pin=2"/></net>

<net id="248"><net_src comp="198" pin="8"/><net_sink comp="240" pin=2"/></net>

<net id="249"><net_src comp="198" pin="8"/><net_sink comp="240" pin=4"/></net>

<net id="261"><net_src comp="213" pin="8"/><net_sink comp="253" pin=0"/></net>

<net id="262"><net_src comp="213" pin="8"/><net_sink comp="253" pin=4"/></net>

<net id="266"><net_src comp="80" pin="2"/><net_sink comp="263" pin=0"/></net>

<net id="271"><net_src comp="30" pin="0"/><net_sink comp="267" pin=0"/></net>

<net id="276"><net_src comp="92" pin="2"/><net_sink comp="272" pin=0"/></net>

<net id="283"><net_src comp="277" pin="1"/><net_sink comp="280" pin=0"/></net>

<net id="284"><net_src comp="280" pin="1"/><net_sink comp="140" pin=2"/></net>

<net id="285"><net_src comp="280" pin="1"/><net_sink comp="147" pin=2"/></net>

<net id="286"><net_src comp="280" pin="1"/><net_sink comp="154" pin=2"/></net>

<net id="294"><net_src comp="34" pin="0"/><net_sink comp="287" pin=0"/></net>

<net id="295"><net_src comp="161" pin="3"/><net_sink comp="287" pin=1"/></net>

<net id="296"><net_src comp="167" pin="3"/><net_sink comp="287" pin=2"/></net>

<net id="297"><net_src comp="173" pin="3"/><net_sink comp="287" pin=3"/></net>

<net id="304"><net_src comp="298" pin="1"/><net_sink comp="301" pin=0"/></net>

<net id="312"><net_src comp="301" pin="1"/><net_sink comp="308" pin=0"/></net>

<net id="313"><net_src comp="305" pin="1"/><net_sink comp="308" pin=1"/></net>

<net id="318"><net_src comp="308" pin="2"/><net_sink comp="314" pin=0"/></net>

<net id="323"><net_src comp="36" pin="0"/><net_sink comp="319" pin=1"/></net>

<net id="328"><net_src comp="314" pin="2"/><net_sink comp="324" pin=0"/></net>

<net id="329"><net_src comp="319" pin="2"/><net_sink comp="324" pin=1"/></net>

<net id="334"><net_src comp="38" pin="0"/><net_sink comp="330" pin=1"/></net>

<net id="346"><net_src comp="58" pin="0"/><net_sink comp="339" pin=0"/></net>

<net id="351"><net_src comp="339" pin="5"/><net_sink comp="347" pin=0"/></net>

<net id="352"><net_src comp="60" pin="0"/><net_sink comp="347" pin=1"/></net>

<net id="357"><net_src comp="339" pin="5"/><net_sink comp="353" pin=0"/></net>

<net id="358"><net_src comp="70" pin="0"/><net_sink comp="353" pin=1"/></net>

<net id="367"><net_src comp="335" pin="2"/><net_sink comp="363" pin=0"/></net>

<net id="372"><net_src comp="227" pin="6"/><net_sink comp="368" pin=0"/></net>

<net id="373"><net_src comp="18" pin="0"/><net_sink comp="368" pin=1"/></net>

<net id="378"><net_src comp="240" pin="6"/><net_sink comp="374" pin=0"/></net>

<net id="379"><net_src comp="20" pin="0"/><net_sink comp="374" pin=1"/></net>

<net id="384"><net_src comp="253" pin="6"/><net_sink comp="380" pin=0"/></net>

<net id="385"><net_src comp="22" pin="0"/><net_sink comp="380" pin=1"/></net>

<net id="389"><net_src comp="72" pin="1"/><net_sink comp="386" pin=0"/></net>

<net id="390"><net_src comp="386" pin="1"/><net_sink comp="272" pin=1"/></net>

<net id="391"><net_src comp="386" pin="1"/><net_sink comp="298" pin=0"/></net>

<net id="392"><net_src comp="386" pin="1"/><net_sink comp="363" pin=1"/></net>

<net id="396"><net_src comp="76" pin="1"/><net_sink comp="393" pin=0"/></net>

<net id="397"><net_src comp="393" pin="1"/><net_sink comp="267" pin=1"/></net>

<net id="398"><net_src comp="393" pin="1"/><net_sink comp="277" pin=0"/></net>

<net id="399"><net_src comp="393" pin="1"/><net_sink comp="359" pin=1"/></net>

<net id="403"><net_src comp="86" pin="2"/><net_sink comp="400" pin=0"/></net>

<net id="404"><net_src comp="400" pin="1"/><net_sink comp="287" pin=4"/></net>

<net id="405"><net_src comp="400" pin="1"/><net_sink comp="339" pin=4"/></net>

<net id="409"><net_src comp="263" pin="1"/><net_sink comp="406" pin=0"/></net>

<net id="410"><net_src comp="406" pin="1"/><net_sink comp="314" pin=1"/></net>

<net id="414"><net_src comp="277" pin="1"/><net_sink comp="411" pin=0"/></net>

<net id="415"><net_src comp="411" pin="1"/><net_sink comp="319" pin=0"/></net>

<net id="416"><net_src comp="411" pin="1"/><net_sink comp="330" pin=0"/></net>

<net id="420"><net_src comp="140" pin="3"/><net_sink comp="417" pin=0"/></net>

<net id="421"><net_src comp="417" pin="1"/><net_sink comp="161" pin=0"/></net>

<net id="425"><net_src comp="147" pin="3"/><net_sink comp="422" pin=0"/></net>

<net id="426"><net_src comp="422" pin="1"/><net_sink comp="167" pin=0"/></net>

<net id="430"><net_src comp="154" pin="3"/><net_sink comp="427" pin=0"/></net>

<net id="431"><net_src comp="427" pin="1"/><net_sink comp="173" pin=0"/></net>

<net id="435"><net_src comp="287" pin="5"/><net_sink comp="432" pin=0"/></net>

<net id="436"><net_src comp="432" pin="1"/><net_sink comp="305" pin=0"/></net>

<net id="437"><net_src comp="432" pin="1"/><net_sink comp="335" pin=1"/></net>

<net id="441"><net_src comp="298" pin="1"/><net_sink comp="438" pin=0"/></net>

<net id="442"><net_src comp="438" pin="1"/><net_sink comp="335" pin=0"/></net>

<net id="446"><net_src comp="324" pin="2"/><net_sink comp="443" pin=0"/></net>

<net id="450"><net_src comp="330" pin="2"/><net_sink comp="447" pin=0"/></net>

<net id="451"><net_src comp="447" pin="1"/><net_sink comp="359" pin=0"/></net>

<net id="455"><net_src comp="98" pin="2"/><net_sink comp="452" pin=0"/></net>

<net id="456"><net_src comp="452" pin="1"/><net_sink comp="339" pin=1"/></net>

<net id="457"><net_src comp="452" pin="1"/><net_sink comp="213" pin=0"/></net>

<net id="458"><net_src comp="452" pin="1"/><net_sink comp="213" pin=4"/></net>

<net id="459"><net_src comp="452" pin="1"/><net_sink comp="213" pin=6"/></net>

<net id="463"><net_src comp="104" pin="2"/><net_sink comp="460" pin=0"/></net>

<net id="464"><net_src comp="460" pin="1"/><net_sink comp="339" pin=2"/></net>

<net id="465"><net_src comp="460" pin="1"/><net_sink comp="198" pin=2"/></net>

<net id="466"><net_src comp="460" pin="1"/><net_sink comp="198" pin=4"/></net>

<net id="467"><net_src comp="460" pin="1"/><net_sink comp="198" pin=6"/></net>

<net id="471"><net_src comp="110" pin="2"/><net_sink comp="468" pin=0"/></net>

<net id="472"><net_src comp="468" pin="1"/><net_sink comp="339" pin=3"/></net>

<net id="473"><net_src comp="468" pin="1"/><net_sink comp="183" pin=0"/></net>

<net id="474"><net_src comp="468" pin="1"/><net_sink comp="183" pin=2"/></net>

<net id="475"><net_src comp="468" pin="1"/><net_sink comp="183" pin=6"/></net>

<net id="479"><net_src comp="347" pin="2"/><net_sink comp="476" pin=0"/></net>

<net id="483"><net_src comp="353" pin="2"/><net_sink comp="480" pin=0"/></net>

<net id="484"><net_src comp="480" pin="1"/><net_sink comp="116" pin=2"/></net>

<net id="485"><net_src comp="480" pin="1"/><net_sink comp="124" pin=2"/></net>

<net id="486"><net_src comp="480" pin="1"/><net_sink comp="132" pin=2"/></net>

<net id="487"><net_src comp="480" pin="1"/><net_sink comp="227" pin=4"/></net>

<net id="488"><net_src comp="480" pin="1"/><net_sink comp="240" pin=0"/></net>

<net id="489"><net_src comp="480" pin="1"/><net_sink comp="253" pin=2"/></net>

</net_list>

</model> 
---------------- Datapath Model END ------------------

* FSMD analyzer results:
  - Output states:
	Port: hist_0 | {}
	Port: hist_1 | {}
	Port: hist_2 | {}
	Port: maxValue_V | {4 5 }
	Port: maxValue_V_4 | {4 5 }
	Port: maxValue_V_3 | {4 5 }
	Port: p_out | {5 }
	Port: p_out1 | {5 }
	Port: p_out2 | {5 }
 - Input state : 
	Port: AWBNormalizationkernel_Pipeline_VITIS_LOOP_342_4 : total | {1 }
	Port: AWBNormalizationkernel_Pipeline_VITIS_LOOP_342_4 : hist_0 | {1 2 }
	Port: AWBNormalizationkernel_Pipeline_VITIS_LOOP_342_4 : hist_1 | {1 2 }
	Port: AWBNormalizationkernel_Pipeline_VITIS_LOOP_342_4 : hist_2 | {1 2 }
	Port: AWBNormalizationkernel_Pipeline_VITIS_LOOP_342_4 : j | {1 }
	Port: AWBNormalizationkernel_Pipeline_VITIS_LOOP_342_4 : conv_i_i1417 | {1 }
	Port: AWBNormalizationkernel_Pipeline_VITIS_LOOP_342_4 : maxValue_V | {3 }
	Port: AWBNormalizationkernel_Pipeline_VITIS_LOOP_342_4 : maxValue_V_4 | {3 }
	Port: AWBNormalizationkernel_Pipeline_VITIS_LOOP_342_4 : maxValue_V_3 | {3 }
  - Chain level:
	State 1
		store_ln0 : 1
		p2_V_2 : 1
		zext_ln541 : 2
		hist_0_addr : 3
		hist_1_addr : 3
		hist_2_addr : 3
		hist_0_load : 4
		hist_1_load : 4
		hist_2_load : 4
	State 2
		rhs_V : 1
	State 3
		zext_ln186 : 1
		ret_V : 2
		icmp_ln1035 : 3
		and_ln342 : 4
		br_ln342 : 4
	State 4
		icmp_ln1420 : 1
		br_ln808 : 2
		maxValue_V_1 : 1
		store_ln342 : 1
	State 5
		empty : 1
		empty_279 : 1
		empty_280 : 1
		store_ln342 : 2
		store_ln342 : 2
		store_ln342 : 2


============================================================
+ Verbose Summary: Datapath Resource usage 
============================================================

* Functional unit list:
|----------|-------------------------------|---------|---------|
| Operation|        Functional Unit        |    FF   |   LUT   |
|----------|-------------------------------|---------|---------|
|    sub   |          ret_V_fu_308         |    0    |    39   |
|          |          n2_V_fu_335          |    0    |    39   |
|----------|-------------------------------|---------|---------|
|          |       icmp_ln1035_fu_314      |    0    |    20   |
|   icmp   |       icmp_ln1023_fu_319      |    0    |    12   |
|          |       icmp_ln1420_fu_347      |    0    |    13   |
|----------|-------------------------------|---------|---------|
|    add   |         p2_V_3_fu_330         |    0    |    19   |
|          |      maxValue_V_1_fu_353      |    0    |    25   |
|----------|-------------------------------|---------|---------|
|    mux   |          rhs_V_fu_287         |    0    |    14   |
|          |          tmp_8_fu_339         |    0    |    14   |
|----------|-------------------------------|---------|---------|
|    and   |        and_ln342_fu_324       |    0    |    2    |
|----------|-------------------------------|---------|---------|
|          |  conv_i_i1417_read_read_fu_80 |    0    |    0    |
|          |       j_read_read_fu_86       |    0    |    0    |
|   read   |     total_read_read_fu_92     |    0    |    0    |
|          |   maxValue_V_read_read_fu_98  |    0    |    0    |
|          | maxValue_V_3_read_read_fu_104 |    0    |    0    |
|          | maxValue_V_4_read_read_fu_110 |    0    |    0    |
|----------|-------------------------------|---------|---------|
|          |        grp_write_fu_116       |    0    |    0    |
|   write  |        grp_write_fu_124       |    0    |    0    |
|          |        grp_write_fu_132       |    0    |    0    |
|----------|-------------------------------|---------|---------|
|   sext   |    conv_i_i1417_cast_fu_263   |    0    |    0    |
|----------|-------------------------------|---------|---------|
|          |       zext_ln541_fu_280       |    0    |    0    |
|   zext   |       zext_ln186_fu_301       |    0    |    0    |
|          |      zext_ln186_23_fu_305     |    0    |    0    |
|----------|-------------------------------|---------|---------|
|   Total  |                               |    0    |   197   |
|----------|-------------------------------|---------|---------|

Memories:
N/A

* Register list:
+-------------------------+--------+
|                         |   FF   |
+-------------------------+--------+
|    and_ln342_reg_443    |    1   |
|conv_i_i1417_cast_reg_406|   33   |
|    empty_279_reg_237    |   18   |
|    empty_280_reg_250    |   18   |
|    empty_281_reg_179    |   18   |
|    empty_282_reg_194    |   18   |
|    empty_283_reg_209    |   18   |
|      empty_reg_224      |   18   |
|   hist_0_addr_reg_417   |   10   |
|   hist_1_addr_reg_422   |   10   |
|   hist_2_addr_reg_427   |   10   |
|   icmp_ln1420_reg_476   |    1   |
|      j_read_reg_400     |    2   |
|      lhs_V_reg_386      |   32   |
|   maxValue_V_1_reg_480  |   18   |
|maxValue_V_3_read_reg_460|   18   |
|maxValue_V_4_read_reg_468|   18   |
| maxValue_V_read_reg_452 |   18   |
|      n2_V_1_reg_438     |   32   |
|      p2_V_2_reg_411     |   12   |
|      p2_V_3_reg_447     |   12   |
|       p2_V_reg_393      |   12   |
|      rhs_V_reg_432      |   32   |
+-------------------------+--------+
|          Total          |   379  |
+-------------------------+--------+

* Multiplexer (MUX) list: 
|-------------------|------|------|------|--------||---------||---------|
|        Comp       |  Pin | Size |  BW  | S x BW ||  Delay  ||   LUT   |
|-------------------|------|------|------|--------||---------||---------|
|  grp_write_fu_116 |  p2  |   2  |  18  |   36   ||    9    |
|  grp_write_fu_124 |  p2  |   2  |  18  |   36   ||    9    |
|  grp_write_fu_132 |  p2  |   2  |  18  |   36   ||    9    |
| grp_access_fu_161 |  p0  |   2  |  10  |   20   ||    9    |
| grp_access_fu_167 |  p0  |   2  |  10  |   20   ||    9    |
| grp_access_fu_173 |  p0  |   2  |  10  |   20   ||    9    |
|-------------------|------|------|------|--------||---------||---------|
|       Total       |      |      |      |   168  ||  2.562  ||    54   |
|-------------------|------|------|------|--------||---------||---------|



* Summary:
+-----------+--------+--------+--------+
|           |  Delay |   FF   |   LUT  |
+-----------+--------+--------+--------+
|  Function |    -   |    0   |   197  |
|   Memory  |    -   |    -   |    -   |
|Multiplexer|    2   |    -   |   54   |
|  Register |    -   |   379  |    -   |
+-----------+--------+--------+--------+
|   Total   |    2   |   379  |   251  |
+-----------+--------+--------+--------+
