

================================================================
== Vitis HLS Report for 'AWBNormalizationkernel_Pipeline_Col_Loop1'
================================================================
* Date:           Thu Mar  5 08:42:56 2026

* Version:        2022.2 (Build 3670227 on Oct 13 2022)
* Project:        isppipeline.prj
* Solution:       sol1 (Vivado IP Flow Target)
* Product family: zynquplus
* Target device:  xck26-sfvc784-2LV-c


================================================================
== Performance Estimates
================================================================
+ Timing: 
    * Summary: 
    +--------+---------+----------+------------+
    |  Clock |  Target | Estimated| Uncertainty|
    +--------+---------+----------+------------+
    |ap_clk  |  3.30 ns|  1.529 ns|     0.89 ns|
    +--------+---------+----------+------------+

+ Latency: 
    * Summary: 
    +---------+---------+----------+----------+------+------+---------+
    |  Latency (cycles) |  Latency (absolute) |   Interval  | Pipeline|
    |   min   |   max   |    min   |    max   |  min |  max |   Type  |
    +---------+---------+----------+----------+------+------+---------+
    |     1928|     1928|  6.362 us|  6.362 us|  1928|  1928|       no|
    +---------+---------+----------+----------+------+------+---------+

    + Detail: 
        * Instance: 
        N/A

        * Loop: 
        +-------------+---------+---------+----------+-----------+-----------+------+----------+
        |             |  Latency (cycles) | Iteration|  Initiation Interval  | Trip |          |
        |  Loop Name  |   min   |   max   |  Latency |  achieved |   target  | Count| Pipelined|
        +-------------+---------+---------+----------+-----------+-----------+------+----------+
        |- Col_Loop1  |     1926|     1926|         8|          1|          1|  1920|       yes|
        +-------------+---------+---------+----------+-----------+-----------+------+----------+

============================================================
+ Verbose Summary: Synthesis Manager
============================================================
InlineROM: 1
ExposeGlobal: 0
============================================================
+ Verbose Summary: CDFG Model
============================================================
IsTopModel: 0
ResetActiveHigh: 1
IsCombinational: 0
IsDatapathOnly: 0
HasWiredReturn: 1
HasMFsm: 2
HasVarLatency: 1
IsPipeline: 0
IsRtlPipelined: 0
IsInstanceOverlapped: 0
IsDontTouch: 0
HasImplIP: 0
IsGatedGlobalClock: 0

+ Individual pipeline summary: 
  * Pipeline-0: initiation interval (II) = 1, depth = 8


============================================================
+ Verbose Summary: Schedule
============================================================
* Number of FSM states : 8
* Pipeline : 1
  Pipeline-0 : II = 1, D = 8, States = { 1 2 3 4 5 6 7 8 }
* Dataflow Pipeline: 0

* FSM state transitions: 
1 --> 2 
2 --> 3 
3 --> 4 
4 --> 5 
5 --> 6 
6 --> 7 
7 --> 8 
8 --> 

* FSM state operations: 

State 1 <SV = 0> <Delay = 1.52>
ST_1 : Operation 11 [1/1] (0.00ns)   --->   "%col_V = alloca i32 1"   --->   Operation 11 'alloca' 'col_V' <Predicate = true> <Delay = 0.00>
ST_1 : Operation 12 [1/1] (0.00ns)   --->   "%conv7_i178_2_read = read i26 @_ssdm_op_Read.ap_auto.i26, i26 %conv7_i178_2"   --->   Operation 12 'read' 'conv7_i178_2_read' <Predicate = true> <Delay = 0.00>
ST_1 : Operation 13 [1/1] (0.00ns)   --->   "%tmp = read i18 @_ssdm_op_Read.ap_auto.i18, i18 %empty"   --->   Operation 13 'read' 'tmp' <Predicate = true> <Delay = 0.00>
ST_1 : Operation 14 [1/1] (0.00ns)   --->   "%conv7_i178_1_read = read i26 @_ssdm_op_Read.ap_auto.i26, i26 %conv7_i178_1"   --->   Operation 14 'read' 'conv7_i178_1_read' <Predicate = true> <Delay = 0.00>
ST_1 : Operation 15 [1/1] (0.00ns)   --->   "%tmp_58 = read i18 @_ssdm_op_Read.ap_auto.i18, i18 %empty_103"   --->   Operation 15 'read' 'tmp_58' <Predicate = true> <Delay = 0.00>
ST_1 : Operation 16 [1/1] (0.00ns)   --->   "%conv7_i178_read = read i26 @_ssdm_op_Read.ap_auto.i26, i26 %conv7_i178"   --->   Operation 16 'read' 'conv7_i178_read' <Predicate = true> <Delay = 0.00>
ST_1 : Operation 17 [1/1] (0.00ns)   --->   "%tmp_59 = read i18 @_ssdm_op_Read.ap_auto.i18, i18 %empty_102"   --->   Operation 17 'read' 'tmp_59' <Predicate = true> <Delay = 0.00>
ST_1 : Operation 18 [1/1] (0.00ns)   --->   "%p_read14 = read i16 @_ssdm_op_Read.ap_auto.i16, i16 %p_read1"   --->   Operation 18 'read' 'p_read14' <Predicate = true> <Delay = 0.00>
ST_1 : Operation 19 [1/1] (0.00ns)   --->   "%conv7_i178_2_cast = sext i26 %conv7_i178_2_read"   --->   Operation 19 'sext' 'conv7_i178_2_cast' <Predicate = true> <Delay = 0.00>
ST_1 : Operation 20 [1/1] (0.00ns)   --->   "%conv7_i178_1_cast = sext i26 %conv7_i178_1_read"   --->   Operation 20 'sext' 'conv7_i178_1_cast' <Predicate = true> <Delay = 0.00>
ST_1 : Operation 21 [1/1] (0.00ns)   --->   "%conv7_i178_cast = sext i26 %conv7_i178_read"   --->   Operation 21 'sext' 'conv7_i178_cast' <Predicate = true> <Delay = 0.00>
ST_1 : Operation 22 [1/1] (0.00ns)   --->   "%specinterface_ln0 = specinterface void @_ssdm_op_SpecInterface, i30 %impop_data1, void @empty_26, i32 0, i32 0, void @empty_32, i32 0, i32 0, void @empty_32, void @empty_32, void @empty_32, i32 0, i32 0, i32 0, i32 0, void @empty_32, void @empty_32, i32 4294967295, i32 0"   --->   Operation 22 'specinterface' 'specinterface_ln0' <Predicate = true> <Delay = 0.00>
ST_1 : Operation 23 [1/1] (0.00ns)   --->   "%specinterface_ln0 = specinterface void @_ssdm_op_SpecInterface, i30 %ltm_in_data217, void @empty_26, i32 0, i32 0, void @empty_32, i32 0, i32 0, void @empty_32, void @empty_32, void @empty_32, i32 0, i32 0, i32 0, i32 0, void @empty_32, void @empty_32, i32 4294967295, i32 0"   --->   Operation 23 'specinterface' 'specinterface_ln0' <Predicate = true> <Delay = 0.00>
ST_1 : Operation 24 [1/1] (0.42ns)   --->   "%store_ln0 = store i13 0, i13 %col_V"   --->   Operation 24 'store' 'store_ln0' <Predicate = true> <Delay = 0.42>
ST_1 : Operation 25 [1/1] (0.00ns)   --->   "%br_ln0 = br void %for.body141"   --->   Operation 25 'br' 'br_ln0' <Predicate = true> <Delay = 0.00>
ST_1 : Operation 26 [1/1] (0.00ns)   --->   "%col_V_3 = load i13 %col_V"   --->   Operation 26 'load' 'col_V_3' <Predicate = true> <Delay = 0.00>
ST_1 : Operation 27 [1/1] (0.00ns)   --->   "%zext_ln1027 = zext i13 %col_V_3"   --->   Operation 27 'zext' 'zext_ln1027' <Predicate = true> <Delay = 0.00>
ST_1 : Operation 28 [1/1] (1.10ns)   --->   "%icmp_ln1027 = icmp_slt  i16 %zext_ln1027, i16 %p_read14"   --->   Operation 28 'icmp' 'icmp_ln1027' <Predicate = true> <Delay = 1.10> <CoreInst = "Cmp">   --->   Core 9 'Cmp' <Latency = 0> <II = 1> <Delay = 1.10> <FuncUnit> <Opcode : 'icmp'> <InPorts = 2> <OutPorts = 1>
ST_1 : Operation 29 [1/1] (0.82ns)   --->   "%col_V_4 = add i13 %col_V_3, i13 1"   --->   Operation 29 'add' 'col_V_4' <Predicate = true> <Delay = 0.82> <CoreInst = "Adder">   --->   Core 1 'Adder' <Latency = 0> <II = 1> <Delay = 0.82> <FuncUnit> <Opcode : 'add' 'sub'> <InPorts = 2> <OutPorts = 1>
ST_1 : Operation 30 [1/1] (0.00ns)   --->   "%br_ln390 = br i1 %icmp_ln1027, void %for.inc193.loopexit.exitStub, void %for.body141.split" [../../../../../overlays/Vitis_Libraries/vision//L1/include/imgproc/xf_autowhitebalance.hpp:390]   --->   Operation 30 'br' 'br_ln390' <Predicate = true> <Delay = 0.00>
ST_1 : Operation 31 [1/1] (0.42ns)   --->   "%store_ln390 = store i13 %col_V_4, i13 %col_V" [../../../../../overlays/Vitis_Libraries/vision//L1/include/imgproc/xf_autowhitebalance.hpp:390]   --->   Operation 31 'store' 'store_ln390' <Predicate = (icmp_ln1027)> <Delay = 0.42>

State 2 <SV = 1> <Delay = 1.20>
ST_2 : Operation 32 [1/1] (1.20ns)   --->   "%in_buf_n_V = read i30 @_ssdm_op_Read.ap_fifo.volatile.i30P0A, i30 %impop_data1" [../../../../../overlays/Vitis_Libraries/vision//L1/include/common/xf_structs.hpp:542]   --->   Operation 32 'read' 'in_buf_n_V' <Predicate = true> <Delay = 1.20> <CoreInst = "FIFO_SRL">   --->   Core 81 'FIFO_SRL' <Latency = 0> <II = 1> <Delay = 1.83> <Storage> <Opcode : 'read' 'write' 'nbread' 'nbwrite'> <Ports = 0> <Width = 30> <Depth = 3> <FIFO>
ST_2 : Operation 33 [1/1] (0.00ns)   --->   "%trunc_ln813 = trunc i30 %in_buf_n_V"   --->   Operation 33 'trunc' 'trunc_ln813' <Predicate = true> <Delay = 0.00>
ST_2 : Operation 34 [1/1] (0.00ns)   --->   "%tmp_13 = partselect i10 @_ssdm_op_PartSelect.i10.i30.i32.i32, i30 %in_buf_n_V, i32 10, i32 19"   --->   Operation 34 'partselect' 'tmp_13' <Predicate = true> <Delay = 0.00>
ST_2 : Operation 35 [1/1] (0.00ns)   --->   "%tmp_15 = partselect i10 @_ssdm_op_PartSelect.i10.i30.i32.i32, i30 %in_buf_n_V, i32 20, i32 29"   --->   Operation 35 'partselect' 'tmp_15' <Predicate = true> <Delay = 0.00>

State 3 <SV = 2> <Delay = 1.40>
ST_3 : Operation 36 [1/1] (0.00ns)   --->   "%shl_ln = bitconcatenate i16 @_ssdm_op_BitConcatenate.i16.i10.i6, i10 %trunc_ln813, i6 0"   --->   Operation 36 'bitconcatenate' 'shl_ln' <Predicate = true> <Delay = 0.00>
ST_3 : Operation 37 [1/1] (0.00ns)   --->   "%zext_ln813 = zext i16 %shl_ln"   --->   Operation 37 'zext' 'zext_ln813' <Predicate = true> <Delay = 0.00>
ST_3 : Operation 38 [1/1] (0.87ns)   --->   "%value_V = sub i18 %zext_ln813, i18 %tmp_59"   --->   Operation 38 'sub' 'value_V' <Predicate = true> <Delay = 0.87> <CoreInst = "Adder">   --->   Core 1 'Adder' <Latency = 0> <II = 1> <Delay = 0.87> <FuncUnit> <Opcode : 'add' 'sub'> <InPorts = 2> <OutPorts = 1>
ST_3 : Operation 39 [1/1] (0.00ns)   --->   "%sext_ln1271 = sext i18 %value_V"   --->   Operation 39 'sext' 'sext_ln1271' <Predicate = true> <Delay = 0.00>
ST_3 : Operation 40 [4/4] (0.53ns) (root node of the DSP)   --->   "%r_V_13 = mul i44 %conv7_i178_cast, i44 %sext_ln1271"   --->   Operation 40 'mul' 'r_V_13' <Predicate = true> <Delay = 0.53> <CoreInst = "DSP48">   --->   Core 127 'DSP48' <Latency = 3> <II = 1> <Delay = 0.53> <IPBlock> <Opcode : 'mul' 'add' 'sub' 'select'> <InPorts = 0> <OutPorts = 1> <Sync> <CReg>
ST_3 : Operation 41 [1/1] (0.00ns)   --->   "%shl_ln813_1 = bitconcatenate i16 @_ssdm_op_BitConcatenate.i16.i10.i6, i10 %tmp_13, i6 0"   --->   Operation 41 'bitconcatenate' 'shl_ln813_1' <Predicate = true> <Delay = 0.00>
ST_3 : Operation 42 [1/1] (0.00ns)   --->   "%zext_ln813_1 = zext i16 %shl_ln813_1"   --->   Operation 42 'zext' 'zext_ln813_1' <Predicate = true> <Delay = 0.00>
ST_3 : Operation 43 [1/1] (0.87ns)   --->   "%value_V_1 = sub i18 %zext_ln813_1, i18 %tmp_58"   --->   Operation 43 'sub' 'value_V_1' <Predicate = true> <Delay = 0.87> <CoreInst = "Adder">   --->   Core 1 'Adder' <Latency = 0> <II = 1> <Delay = 0.87> <FuncUnit> <Opcode : 'add' 'sub'> <InPorts = 2> <OutPorts = 1>
ST_3 : Operation 44 [1/1] (0.00ns)   --->   "%sext_ln1271_1 = sext i18 %value_V_1"   --->   Operation 44 'sext' 'sext_ln1271_1' <Predicate = true> <Delay = 0.00>
ST_3 : Operation 45 [4/4] (0.53ns) (root node of the DSP)   --->   "%r_V_16 = mul i44 %conv7_i178_1_cast, i44 %sext_ln1271_1"   --->   Operation 45 'mul' 'r_V_16' <Predicate = true> <Delay = 0.53> <CoreInst = "DSP48">   --->   Core 127 'DSP48' <Latency = 3> <II = 1> <Delay = 0.53> <IPBlock> <Opcode : 'mul' 'add' 'sub' 'select'> <InPorts = 0> <OutPorts = 1> <Sync> <CReg>
ST_3 : Operation 46 [1/1] (0.00ns)   --->   "%shl_ln813_2 = bitconcatenate i16 @_ssdm_op_BitConcatenate.i16.i10.i6, i10 %tmp_15, i6 0"   --->   Operation 46 'bitconcatenate' 'shl_ln813_2' <Predicate = true> <Delay = 0.00>
ST_3 : Operation 47 [1/1] (0.00ns)   --->   "%zext_ln813_2 = zext i16 %shl_ln813_2"   --->   Operation 47 'zext' 'zext_ln813_2' <Predicate = true> <Delay = 0.00>
ST_3 : Operation 48 [1/1] (0.87ns)   --->   "%value_V_2 = sub i18 %zext_ln813_2, i18 %tmp"   --->   Operation 48 'sub' 'value_V_2' <Predicate = true> <Delay = 0.87> <CoreInst = "Adder">   --->   Core 1 'Adder' <Latency = 0> <II = 1> <Delay = 0.87> <FuncUnit> <Opcode : 'add' 'sub'> <InPorts = 2> <OutPorts = 1>
ST_3 : Operation 49 [1/1] (0.00ns)   --->   "%sext_ln1271_2 = sext i18 %value_V_2"   --->   Operation 49 'sext' 'sext_ln1271_2' <Predicate = true> <Delay = 0.00>
ST_3 : Operation 50 [4/4] (0.53ns) (root node of the DSP)   --->   "%r_V_19 = mul i44 %conv7_i178_2_cast, i44 %sext_ln1271_2"   --->   Operation 50 'mul' 'r_V_19' <Predicate = true> <Delay = 0.53> <CoreInst = "DSP48">   --->   Core 127 'DSP48' <Latency = 3> <II = 1> <Delay = 0.53> <IPBlock> <Opcode : 'mul' 'add' 'sub' 'select'> <InPorts = 0> <OutPorts = 1> <Sync> <CReg>

State 4 <SV = 3> <Delay = 0.53>
ST_4 : Operation 51 [3/4] (0.53ns) (root node of the DSP)   --->   "%r_V_13 = mul i44 %conv7_i178_cast, i44 %sext_ln1271"   --->   Operation 51 'mul' 'r_V_13' <Predicate = true> <Delay = 0.53> <CoreInst = "DSP48">   --->   Core 127 'DSP48' <Latency = 3> <II = 1> <Delay = 0.53> <IPBlock> <Opcode : 'mul' 'add' 'sub' 'select'> <InPorts = 0> <OutPorts = 1> <Sync> <CReg>
ST_4 : Operation 52 [3/4] (0.53ns) (root node of the DSP)   --->   "%r_V_16 = mul i44 %conv7_i178_1_cast, i44 %sext_ln1271_1"   --->   Operation 52 'mul' 'r_V_16' <Predicate = true> <Delay = 0.53> <CoreInst = "DSP48">   --->   Core 127 'DSP48' <Latency = 3> <II = 1> <Delay = 0.53> <IPBlock> <Opcode : 'mul' 'add' 'sub' 'select'> <InPorts = 0> <OutPorts = 1> <Sync> <CReg>
ST_4 : Operation 53 [3/4] (0.53ns) (root node of the DSP)   --->   "%r_V_19 = mul i44 %conv7_i178_2_cast, i44 %sext_ln1271_2"   --->   Operation 53 'mul' 'r_V_19' <Predicate = true> <Delay = 0.53> <CoreInst = "DSP48">   --->   Core 127 'DSP48' <Latency = 3> <II = 1> <Delay = 0.53> <IPBlock> <Opcode : 'mul' 'add' 'sub' 'select'> <InPorts = 0> <OutPorts = 1> <Sync> <CReg>

State 5 <SV = 4> <Delay = 0.53>
ST_5 : Operation 54 [2/4] (0.53ns) (root node of the DSP)   --->   "%r_V_13 = mul i44 %conv7_i178_cast, i44 %sext_ln1271"   --->   Operation 54 'mul' 'r_V_13' <Predicate = true> <Delay = 0.53> <CoreInst = "DSP48">   --->   Core 127 'DSP48' <Latency = 3> <II = 1> <Delay = 0.53> <IPBlock> <Opcode : 'mul' 'add' 'sub' 'select'> <InPorts = 0> <OutPorts = 1> <Sync> <CReg>
ST_5 : Operation 55 [2/4] (0.53ns) (root node of the DSP)   --->   "%r_V_16 = mul i44 %conv7_i178_1_cast, i44 %sext_ln1271_1"   --->   Operation 55 'mul' 'r_V_16' <Predicate = true> <Delay = 0.53> <CoreInst = "DSP48">   --->   Core 127 'DSP48' <Latency = 3> <II = 1> <Delay = 0.53> <IPBlock> <Opcode : 'mul' 'add' 'sub' 'select'> <InPorts = 0> <OutPorts = 1> <Sync> <CReg>
ST_5 : Operation 56 [2/4] (0.53ns) (root node of the DSP)   --->   "%r_V_19 = mul i44 %conv7_i178_2_cast, i44 %sext_ln1271_2"   --->   Operation 56 'mul' 'r_V_19' <Predicate = true> <Delay = 0.53> <CoreInst = "DSP48">   --->   Core 127 'DSP48' <Latency = 3> <II = 1> <Delay = 0.53> <IPBlock> <Opcode : 'mul' 'add' 'sub' 'select'> <InPorts = 0> <OutPorts = 1> <Sync> <CReg>

State 6 <SV = 5> <Delay = 1.41>
ST_6 : Operation 57 [1/4] (0.00ns) (root node of the DSP)   --->   "%r_V_13 = mul i44 %conv7_i178_cast, i44 %sext_ln1271"   --->   Operation 57 'mul' 'r_V_13' <Predicate = true> <Delay = 0.00> <CoreInst = "DSP48">   --->   Core 127 'DSP48' <Latency = 3> <II = 1> <Delay = 0.53> <IPBlock> <Opcode : 'mul' 'add' 'sub' 'select'> <InPorts = 0> <OutPorts = 1> <Sync> <CReg>
ST_6 : Operation 58 [1/1] (0.00ns)   --->   "%tmp_s = partselect i32 @_ssdm_op_PartSelect.i32.i44.i32.i32, i44 %r_V_13, i32 12, i32 43"   --->   Operation 58 'partselect' 'tmp_s' <Predicate = true> <Delay = 0.00>
ST_6 : Operation 59 [1/1] (0.00ns)   --->   "%shl_ln6 = bitconcatenate i48 @_ssdm_op_BitConcatenate.i48.i32.i16, i32 %tmp_s, i16 0"   --->   Operation 59 'bitconcatenate' 'shl_ln6' <Predicate = true> <Delay = 0.00>
ST_6 : Operation 60 [1/1] (0.00ns)   --->   "%sext_ln1273 = sext i48 %shl_ln6"   --->   Operation 60 'sext' 'sext_ln1273' <Predicate = true> <Delay = 0.00>
ST_6 : Operation 61 [1/1] (0.00ns)   --->   "%shl_ln1273_1 = bitconcatenate i38 @_ssdm_op_BitConcatenate.i38.i32.i6, i32 %tmp_s, i6 0"   --->   Operation 61 'bitconcatenate' 'shl_ln1273_1' <Predicate = true> <Delay = 0.00>
ST_6 : Operation 62 [1/1] (0.00ns)   --->   "%sext_ln1273_1 = sext i38 %shl_ln1273_1"   --->   Operation 62 'sext' 'sext_ln1273_1' <Predicate = true> <Delay = 0.00>
ST_6 : Operation 63 [1/1] (1.09ns)   --->   "%r_V_14 = sub i49 %sext_ln1273, i49 %sext_ln1273_1"   --->   Operation 63 'sub' 'r_V_14' <Predicate = true> <Delay = 1.09> <CoreInst = "Adder">   --->   Core 1 'Adder' <Latency = 0> <II = 1> <Delay = 1.09> <FuncUnit> <Opcode : 'add' 'sub'> <InPorts = 2> <OutPorts = 1>
ST_6 : Operation 64 [1/1] (0.00ns)   --->   "%finalmul_V = partselect i25 @_ssdm_op_PartSelect.i25.i49.i32.i32, i49 %r_V_14, i32 24, i32 48"   --->   Operation 64 'partselect' 'finalmul_V' <Predicate = true> <Delay = 0.00>
ST_6 : Operation 65 [1/1] (0.00ns)   --->   "%tmp_60 = bitselect i1 @_ssdm_op_BitSelect.i1.i49.i32, i49 %r_V_14, i32 48"   --->   Operation 65 'bitselect' 'tmp_60' <Predicate = true> <Delay = 0.00>
ST_6 : Operation 66 [1/1] (0.32ns)   --->   "%dstval_V = select i1 %tmp_60, i25 0, i25 %finalmul_V" [../../../../../overlays/Vitis_Libraries/vision//L1/include/imgproc/xf_autowhitebalance.hpp:413]   --->   Operation 66 'select' 'dstval_V' <Predicate = true> <Delay = 0.32> <CoreInst = "Sel">   --->   Core 73 'Sel' <Latency = 0> <II = 1> <Delay = 0.32> <FuncUnit> <Opcode : 'select'> <InPorts = 3> <OutPorts = 1>
ST_6 : Operation 67 [1/1] (0.00ns)   --->   "%tmp_61 = partselect i15 @_ssdm_op_PartSelect.i15.i25.i32.i32, i25 %dstval_V, i32 10, i32 24" [../../../../../overlays/Vitis_Libraries/vision//L1/include/imgproc/xf_autowhitebalance.hpp:44]   --->   Operation 67 'partselect' 'tmp_61' <Predicate = true> <Delay = 0.00>
ST_6 : Operation 68 [1/1] (0.00ns)   --->   "%trunc_ln214 = trunc i25 %dstval_V"   --->   Operation 68 'trunc' 'trunc_ln214' <Predicate = true> <Delay = 0.00>
ST_6 : Operation 69 [1/4] (0.00ns) (root node of the DSP)   --->   "%r_V_16 = mul i44 %conv7_i178_1_cast, i44 %sext_ln1271_1"   --->   Operation 69 'mul' 'r_V_16' <Predicate = true> <Delay = 0.00> <CoreInst = "DSP48">   --->   Core 127 'DSP48' <Latency = 3> <II = 1> <Delay = 0.53> <IPBlock> <Opcode : 'mul' 'add' 'sub' 'select'> <InPorts = 0> <OutPorts = 1> <Sync> <CReg>
ST_6 : Operation 70 [1/1] (0.00ns)   --->   "%tmp_14 = partselect i32 @_ssdm_op_PartSelect.i32.i44.i32.i32, i44 %r_V_16, i32 12, i32 43"   --->   Operation 70 'partselect' 'tmp_14' <Predicate = true> <Delay = 0.00>
ST_6 : Operation 71 [1/1] (0.00ns)   --->   "%shl_ln1273_2 = bitconcatenate i48 @_ssdm_op_BitConcatenate.i48.i32.i16, i32 %tmp_14, i16 0"   --->   Operation 71 'bitconcatenate' 'shl_ln1273_2' <Predicate = true> <Delay = 0.00>
ST_6 : Operation 72 [1/1] (0.00ns)   --->   "%sext_ln1273_2 = sext i48 %shl_ln1273_2"   --->   Operation 72 'sext' 'sext_ln1273_2' <Predicate = true> <Delay = 0.00>
ST_6 : Operation 73 [1/1] (0.00ns)   --->   "%shl_ln1273_3 = bitconcatenate i38 @_ssdm_op_BitConcatenate.i38.i32.i6, i32 %tmp_14, i6 0"   --->   Operation 73 'bitconcatenate' 'shl_ln1273_3' <Predicate = true> <Delay = 0.00>
ST_6 : Operation 74 [1/1] (0.00ns)   --->   "%sext_ln1273_3 = sext i38 %shl_ln1273_3"   --->   Operation 74 'sext' 'sext_ln1273_3' <Predicate = true> <Delay = 0.00>
ST_6 : Operation 75 [1/1] (1.09ns)   --->   "%r_V_17 = sub i49 %sext_ln1273_2, i49 %sext_ln1273_3"   --->   Operation 75 'sub' 'r_V_17' <Predicate = true> <Delay = 1.09> <CoreInst = "Adder">   --->   Core 1 'Adder' <Latency = 0> <II = 1> <Delay = 1.09> <FuncUnit> <Opcode : 'add' 'sub'> <InPorts = 2> <OutPorts = 1>
ST_6 : Operation 76 [1/1] (0.00ns)   --->   "%finalmul_V_1 = partselect i25 @_ssdm_op_PartSelect.i25.i49.i32.i32, i49 %r_V_17, i32 24, i32 48"   --->   Operation 76 'partselect' 'finalmul_V_1' <Predicate = true> <Delay = 0.00>
ST_6 : Operation 77 [1/1] (0.00ns)   --->   "%tmp_62 = bitselect i1 @_ssdm_op_BitSelect.i1.i49.i32, i49 %r_V_17, i32 48"   --->   Operation 77 'bitselect' 'tmp_62' <Predicate = true> <Delay = 0.00>
ST_6 : Operation 78 [1/1] (0.32ns)   --->   "%dstval_V_2 = select i1 %tmp_62, i25 0, i25 %finalmul_V_1" [../../../../../overlays/Vitis_Libraries/vision//L1/include/imgproc/xf_autowhitebalance.hpp:413]   --->   Operation 78 'select' 'dstval_V_2' <Predicate = true> <Delay = 0.32> <CoreInst = "Sel">   --->   Core 73 'Sel' <Latency = 0> <II = 1> <Delay = 0.32> <FuncUnit> <Opcode : 'select'> <InPorts = 3> <OutPorts = 1>
ST_6 : Operation 79 [1/1] (0.00ns)   --->   "%tmp_63 = partselect i15 @_ssdm_op_PartSelect.i15.i25.i32.i32, i25 %dstval_V_2, i32 10, i32 24" [../../../../../overlays/Vitis_Libraries/vision//L1/include/imgproc/xf_autowhitebalance.hpp:44]   --->   Operation 79 'partselect' 'tmp_63' <Predicate = true> <Delay = 0.00>
ST_6 : Operation 80 [1/1] (0.00ns)   --->   "%trunc_ln214_5 = trunc i25 %dstval_V_2"   --->   Operation 80 'trunc' 'trunc_ln214_5' <Predicate = true> <Delay = 0.00>
ST_6 : Operation 81 [1/4] (0.00ns) (root node of the DSP)   --->   "%r_V_19 = mul i44 %conv7_i178_2_cast, i44 %sext_ln1271_2"   --->   Operation 81 'mul' 'r_V_19' <Predicate = true> <Delay = 0.00> <CoreInst = "DSP48">   --->   Core 127 'DSP48' <Latency = 3> <II = 1> <Delay = 0.53> <IPBlock> <Opcode : 'mul' 'add' 'sub' 'select'> <InPorts = 0> <OutPorts = 1> <Sync> <CReg>
ST_6 : Operation 82 [1/1] (0.00ns)   --->   "%tmp_16 = partselect i32 @_ssdm_op_PartSelect.i32.i44.i32.i32, i44 %r_V_19, i32 12, i32 43"   --->   Operation 82 'partselect' 'tmp_16' <Predicate = true> <Delay = 0.00>
ST_6 : Operation 83 [1/1] (0.00ns)   --->   "%shl_ln1273_4 = bitconcatenate i48 @_ssdm_op_BitConcatenate.i48.i32.i16, i32 %tmp_16, i16 0"   --->   Operation 83 'bitconcatenate' 'shl_ln1273_4' <Predicate = true> <Delay = 0.00>
ST_6 : Operation 84 [1/1] (0.00ns)   --->   "%sext_ln1273_4 = sext i48 %shl_ln1273_4"   --->   Operation 84 'sext' 'sext_ln1273_4' <Predicate = true> <Delay = 0.00>
ST_6 : Operation 85 [1/1] (0.00ns)   --->   "%shl_ln1273_5 = bitconcatenate i38 @_ssdm_op_BitConcatenate.i38.i32.i6, i32 %tmp_16, i6 0"   --->   Operation 85 'bitconcatenate' 'shl_ln1273_5' <Predicate = true> <Delay = 0.00>
ST_6 : Operation 86 [1/1] (0.00ns)   --->   "%sext_ln1273_5 = sext i38 %shl_ln1273_5"   --->   Operation 86 'sext' 'sext_ln1273_5' <Predicate = true> <Delay = 0.00>
ST_6 : Operation 87 [1/1] (1.09ns)   --->   "%r_V_20 = sub i49 %sext_ln1273_4, i49 %sext_ln1273_5"   --->   Operation 87 'sub' 'r_V_20' <Predicate = true> <Delay = 1.09> <CoreInst = "Adder">   --->   Core 1 'Adder' <Latency = 0> <II = 1> <Delay = 1.09> <FuncUnit> <Opcode : 'add' 'sub'> <InPorts = 2> <OutPorts = 1>
ST_6 : Operation 88 [1/1] (0.00ns)   --->   "%finalmul_V_2 = partselect i25 @_ssdm_op_PartSelect.i25.i49.i32.i32, i49 %r_V_20, i32 24, i32 48"   --->   Operation 88 'partselect' 'finalmul_V_2' <Predicate = true> <Delay = 0.00>
ST_6 : Operation 89 [1/1] (0.00ns)   --->   "%tmp_64 = bitselect i1 @_ssdm_op_BitSelect.i1.i49.i32, i49 %r_V_20, i32 48"   --->   Operation 89 'bitselect' 'tmp_64' <Predicate = true> <Delay = 0.00>
ST_6 : Operation 90 [1/1] (0.32ns)   --->   "%dstval_V_3 = select i1 %tmp_64, i25 0, i25 %finalmul_V_2" [../../../../../overlays/Vitis_Libraries/vision//L1/include/imgproc/xf_autowhitebalance.hpp:413]   --->   Operation 90 'select' 'dstval_V_3' <Predicate = true> <Delay = 0.32> <CoreInst = "Sel">   --->   Core 73 'Sel' <Latency = 0> <II = 1> <Delay = 0.32> <FuncUnit> <Opcode : 'select'> <InPorts = 3> <OutPorts = 1>
ST_6 : Operation 91 [1/1] (0.00ns)   --->   "%tmp_65 = partselect i15 @_ssdm_op_PartSelect.i15.i25.i32.i32, i25 %dstval_V_3, i32 10, i32 24" [../../../../../overlays/Vitis_Libraries/vision//L1/include/imgproc/xf_autowhitebalance.hpp:44]   --->   Operation 91 'partselect' 'tmp_65' <Predicate = true> <Delay = 0.00>
ST_6 : Operation 92 [1/1] (0.00ns)   --->   "%trunc_ln214_6 = trunc i25 %dstval_V_3"   --->   Operation 92 'trunc' 'trunc_ln214_6' <Predicate = true> <Delay = 0.00>

State 7 <SV = 6> <Delay = 1.47>
ST_7 : Operation 93 [1/1] (1.07ns)   --->   "%icmp_ln44 = icmp_sgt  i15 %tmp_61, i15 0" [../../../../../overlays/Vitis_Libraries/vision//L1/include/imgproc/xf_autowhitebalance.hpp:44]   --->   Operation 93 'icmp' 'icmp_ln44' <Predicate = true> <Delay = 1.07> <CoreInst = "Cmp">   --->   Core 9 'Cmp' <Latency = 0> <II = 1> <Delay = 1.07> <FuncUnit> <Opcode : 'icmp'> <InPorts = 2> <OutPorts = 1>
ST_7 : Operation 94 [1/1] (0.40ns)   --->   "%select_ln214 = select i1 %icmp_ln44, i10 1023, i10 %trunc_ln214"   --->   Operation 94 'select' 'select_ln214' <Predicate = true> <Delay = 0.40> <CoreInst = "Sel">   --->   Core 73 'Sel' <Latency = 0> <II = 1> <Delay = 0.40> <FuncUnit> <Opcode : 'select'> <InPorts = 3> <OutPorts = 1>
ST_7 : Operation 95 [1/1] (1.07ns)   --->   "%icmp_ln44_1 = icmp_sgt  i15 %tmp_63, i15 0" [../../../../../overlays/Vitis_Libraries/vision//L1/include/imgproc/xf_autowhitebalance.hpp:44]   --->   Operation 95 'icmp' 'icmp_ln44_1' <Predicate = true> <Delay = 1.07> <CoreInst = "Cmp">   --->   Core 9 'Cmp' <Latency = 0> <II = 1> <Delay = 1.07> <FuncUnit> <Opcode : 'icmp'> <InPorts = 2> <OutPorts = 1>
ST_7 : Operation 96 [1/1] (0.40ns)   --->   "%select_ln214_3 = select i1 %icmp_ln44_1, i10 1023, i10 %trunc_ln214_5"   --->   Operation 96 'select' 'select_ln214_3' <Predicate = true> <Delay = 0.40> <CoreInst = "Sel">   --->   Core 73 'Sel' <Latency = 0> <II = 1> <Delay = 0.40> <FuncUnit> <Opcode : 'select'> <InPorts = 3> <OutPorts = 1>
ST_7 : Operation 97 [1/1] (1.07ns)   --->   "%icmp_ln44_2 = icmp_sgt  i15 %tmp_65, i15 0" [../../../../../overlays/Vitis_Libraries/vision//L1/include/imgproc/xf_autowhitebalance.hpp:44]   --->   Operation 97 'icmp' 'icmp_ln44_2' <Predicate = true> <Delay = 1.07> <CoreInst = "Cmp">   --->   Core 9 'Cmp' <Latency = 0> <II = 1> <Delay = 1.07> <FuncUnit> <Opcode : 'icmp'> <InPorts = 2> <OutPorts = 1>
ST_7 : Operation 98 [1/1] (0.40ns)   --->   "%select_ln214_4 = select i1 %icmp_ln44_2, i10 1023, i10 %trunc_ln214_6"   --->   Operation 98 'select' 'select_ln214_4' <Predicate = true> <Delay = 0.40> <CoreInst = "Sel">   --->   Core 73 'Sel' <Latency = 0> <II = 1> <Delay = 0.40> <FuncUnit> <Opcode : 'select'> <InPorts = 3> <OutPorts = 1>
ST_7 : Operation 105 [1/1] (0.00ns)   --->   "%ret_ln0 = ret"   --->   Operation 105 'ret' 'ret_ln0' <Predicate = (!icmp_ln1027)> <Delay = 0.00>

State 8 <SV = 7> <Delay = 1.20>
ST_8 : Operation 99 [1/1] (0.00ns)   --->   "%specpipeline_ln393 = specpipeline void @_ssdm_op_SpecPipeline, i32 1, i32 0, i32 0, i32 0, void @empty_32" [../../../../../overlays/Vitis_Libraries/vision//L1/include/imgproc/xf_autowhitebalance.hpp:393]   --->   Operation 99 'specpipeline' 'specpipeline_ln393' <Predicate = true> <Delay = 0.00>
ST_8 : Operation 100 [1/1] (0.00ns)   --->   "%speclooptripcount_ln392 = speclooptripcount void @_ssdm_op_SpecLoopTripCount, i64 1920, i64 1920, i64 1920" [../../../../../overlays/Vitis_Libraries/vision//L1/include/imgproc/xf_autowhitebalance.hpp:392]   --->   Operation 100 'speclooptripcount' 'speclooptripcount_ln392' <Predicate = true> <Delay = 0.00>
ST_8 : Operation 101 [1/1] (0.00ns)   --->   "%specloopname_ln375 = specloopname void @_ssdm_op_SpecLoopName, void @empty_27" [../../../../../overlays/Vitis_Libraries/vision//L1/include/imgproc/xf_autowhitebalance.hpp:375]   --->   Operation 101 'specloopname' 'specloopname_ln375' <Predicate = true> <Delay = 0.00>
ST_8 : Operation 102 [1/1] (0.00ns)   --->   "%p_Result_s = bitconcatenate i30 @_ssdm_op_BitConcatenate.i30.i10.i10.i10, i10 %select_ln214_4, i10 %select_ln214_3, i10 %select_ln214"   --->   Operation 102 'bitconcatenate' 'p_Result_s' <Predicate = true> <Delay = 0.00>
ST_8 : Operation 103 [1/1] (1.20ns)   --->   "%write_ln553 = write void @_ssdm_op_Write.ap_fifo.volatile.i30P0A, i30 %ltm_in_data217, i30 %p_Result_s" [../../../../../overlays/Vitis_Libraries/vision//L1/include/common/xf_structs.hpp:553]   --->   Operation 103 'write' 'write_ln553' <Predicate = true> <Delay = 1.20> <CoreInst = "FIFO_SRL">   --->   Core 81 'FIFO_SRL' <Latency = 0> <II = 1> <Delay = 1.83> <Storage> <Opcode : 'read' 'write' 'nbread' 'nbwrite'> <Ports = 0> <Width = 30> <Depth = 3> <FIFO>
ST_8 : Operation 104 [1/1] (0.00ns)   --->   "%br_ln390 = br void %for.body141" [../../../../../overlays/Vitis_Libraries/vision//L1/include/imgproc/xf_autowhitebalance.hpp:390]   --->   Operation 104 'br' 'br_ln390' <Predicate = true> <Delay = 0.00>


============================================================
+ Verbose Summary: Timing violations
============================================================
Target clock period: 3.3ns, clock uncertainty: 0.891ns.

 <State 1>: 1.53ns
The critical path consists of the following:
	'alloca' operation ('col.V') [10]  (0 ns)
	'load' operation ('col.V') on local variable 'col.V' [26]  (0 ns)
	'add' operation ('col.V') [29]  (0.82 ns)
	'store' operation ('store_ln390', ../../../../../overlays/Vitis_Libraries/vision//L1/include/imgproc/xf_autowhitebalance.hpp:390) of variable 'col.V' on local variable 'col.V' [95]  (0.427 ns)
	blocking operation 0.282 ns on control path)

 <State 2>: 1.2ns
The critical path consists of the following:
	fifo read operation ('in_buf_n.V', ../../../../../overlays/Vitis_Libraries/vision//L1/include/common/xf_structs.hpp:542) on port 'impop_data1' (../../../../../overlays/Vitis_Libraries/vision//L1/include/common/xf_structs.hpp:542) [35]  (1.2 ns)

 <State 3>: 1.41ns
The critical path consists of the following:
	'sub' operation ('value.V') [39]  (0.873 ns)
	'mul' operation of DSP[41] ('r.V') [41]  (0.535 ns)

 <State 4>: 0.535ns
The critical path consists of the following:
	'mul' operation of DSP[41] ('r.V') [41]  (0.535 ns)

 <State 5>: 0.535ns
The critical path consists of the following:
	'mul' operation of DSP[41] ('r.V') [41]  (0.535 ns)

 <State 6>: 1.41ns
The critical path consists of the following:
	'mul' operation of DSP[41] ('r.V') [41]  (0 ns)
	'sub' operation ('r.V') [47]  (1.09 ns)
	'select' operation ('dstval.V', ../../../../../overlays/Vitis_Libraries/vision//L1/include/imgproc/xf_autowhitebalance.hpp:413) [50]  (0.322 ns)

 <State 7>: 1.47ns
The critical path consists of the following:
	'icmp' operation ('icmp_ln44', ../../../../../overlays/Vitis_Libraries/vision//L1/include/imgproc/xf_autowhitebalance.hpp:44) [52]  (1.07 ns)
	'select' operation ('select_ln214') [54]  (0.403 ns)

 <State 8>: 1.2ns
The critical path consists of the following:
	fifo write operation ('write_ln553', ../../../../../overlays/Vitis_Libraries/vision//L1/include/common/xf_structs.hpp:553) on port 'ltm_in_data217' (../../../../../overlays/Vitis_Libraries/vision//L1/include/common/xf_structs.hpp:553) [94]  (1.2 ns)


============================================================
+ Verbose Summary: Binding
============================================================
N/A
* FSMD analyzer results:
  - Output states:
 - Input state : 
  - Chain level:
	State 1
	State 2
	State 3
	State 4
	State 5
	State 6
	State 7
	State 8


============================================================
+ Verbose Summary: Datapath Resource usage 
============================================================
N/A
