

================================================================
== Vitis HLS Report for 'AXIVideo2BayerMat_13_1080_1920_1_3_Pipeline_loop_col_zxi2mat'
================================================================
* Date:           Thu Mar  5 08:43:03 2026

* Version:        2022.2 (Build 3670227 on Oct 13 2022)
* Project:        isppipeline.prj
* Solution:       sol1 (Vivado IP Flow Target)
* Product family: zynquplus
* Target device:  xck26-sfvc784-2LV-c


================================================================
== Performance Estimates
================================================================
+ Timing: 
    * Summary: 
    +--------+---------+----------+------------+
    |  Clock |  Target | Estimated| Uncertainty|
    +--------+---------+----------+------------+
    |ap_clk  |  3.30 ns|  1.529 ns|     0.89 ns|
    +--------+---------+----------+------------+

+ Latency: 
    * Summary: 
    +---------+---------+----------+----------+-----+------+---------+
    |  Latency (cycles) |  Latency (absolute) |  Interval  | Pipeline|
    |   min   |   max   |    min   |    max   | min |  max |   Type  |
    +---------+---------+----------+----------+-----+------+---------+
    |        3|     1922|  9.900 ns|  6.343 us|    3|  1922|       no|
    +---------+---------+----------+----------+-----+------+---------+

    + Detail: 
        * Instance: 
        N/A

        * Loop: 
        +--------------------+---------+---------+----------+-----------+-----------+----------+----------+
        |                    |  Latency (cycles) | Iteration|  Initiation Interval  |   Trip   |          |
        |      Loop Name     |   min   |   max   |  Latency |  achieved |   target  |   Count  | Pipelined|
        +--------------------+---------+---------+----------+-----------+-----------+----------+----------+
        |- loop_col_zxi2mat  |        1|     1920|         2|          1|          1|  1 ~ 1920|       yes|
        +--------------------+---------+---------+----------+-----------+-----------+----------+----------+



================================================================
== Utilization Estimates
================================================================
* Summary: 
+-----------------+---------+------+--------+--------+-----+
|       Name      | BRAM_18K|  DSP |   FF   |   LUT  | URAM|
+-----------------+---------+------+--------+--------+-----+
|DSP              |        -|     -|       -|       -|    -|
|Expression       |        -|     -|       0|      54|    -|
|FIFO             |        -|     -|       -|       -|    -|
|Instance         |        -|     -|       -|       -|    -|
|Memory           |        -|     -|       -|       -|    -|
|Multiplexer      |        -|     -|       -|     104|    -|
|Register         |        -|     -|      38|       -|    -|
+-----------------+---------+------+--------+--------+-----+
|Total            |        0|     0|      38|     158|    0|
+-----------------+---------+------+--------+--------+-----+
|Available        |      288|  1248|  234240|  117120|   64|
+-----------------+---------+------+--------+--------+-----+
|Utilization (%)  |        0|     0|      ~0|      ~0|    0|
+-----------------+---------+------+--------+--------+-----+

+ Detail: 
    * Instance: 
    N/A

    * DSP: 
    N/A

    * Memory: 
    N/A

    * FIFO: 
    N/A

    * Expression: 
    +----------------------------------+----------+----+---+----+------------+------------+
    |           Variable Name          | Operation| DSP| FF| LUT| Bitwidth P0| Bitwidth P1|
    +----------------------------------+----------+----+---+----+------------+------------+
    |j_4_fu_199_p2                     |         +|   0|  0|  23|          16|           1|
    |ap_block_state1_pp0_stage0_iter0  |       and|   0|  0|   2|           1|           1|
    |ap_block_state2_pp0_stage0_iter1  |       and|   0|  0|   2|           1|           1|
    |ap_condition_221                  |       and|   0|  0|   2|           1|           1|
    |ap_condition_224                  |       and|   0|  0|   2|           1|           1|
    |ap_condition_229                  |       and|   0|  0|   2|           1|           1|
    |ap_predicate_op36_read_state1     |       and|   0|  0|   2|           1|           1|
    |icmp_ln67_fu_193_p2               |      icmp|   0|  0|  13|          16|          16|
    |ap_block_pp0_stage0_01001         |        or|   0|  0|   2|           1|           1|
    |or_ln74_fu_205_p2                 |        or|   0|  0|   2|           1|           1|
    |ap_enable_pp0                     |       xor|   0|  0|   2|           1|           2|
    +----------------------------------+----------+----+---+----+------------+------------+
    |Total                             |          |   0|  0|  54|          41|          27|
    +----------------------------------+----------+----+---+----+------------+------------+

    * Multiplexer: 
    +--------------------------------+----+-----------+-----+-----------+
    |              Name              | LUT| Input Size| Bits| Total Bits|
    +--------------------------------+----+-----------+-----+-----------+
    |ap_done_int                     |   9|          2|    1|          2|
    |ap_enable_reg_pp0_iter1         |   9|          2|    1|          2|
    |ap_phi_mux_last_phi_fu_156_p4   |  14|          3|    1|          3|
    |ap_phi_mux_start_phi_fu_167_p4  |   9|          2|    1|          2|
    |ap_sig_allocacmp_j              |   9|          2|   16|         32|
    |axi_data_V_fu_86                |   9|          2|   16|         32|
    |axi_last_V_fu_82                |   9|          2|    1|          2|
    |imgInput1_data213_blk_n         |   9|          2|    1|          2|
    |j_3_fu_78                       |   9|          2|   16|         32|
    |last_reg_153                    |   9|          2|    1|          2|
    |s_axis_video_TDATA_blk_n        |   9|          2|    1|          2|
    +--------------------------------+----+-----------+-----+-----------+
    |Total                           | 104|         23|   56|        113|
    +--------------------------------+----+-----------+-----+-----------+

    * Register: 
    +-------------------------+----+----+-----+-----------+
    |           Name          | FF | LUT| Bits| Const Bits|
    +-------------------------+----+----+-----+-----------+
    |ap_CS_fsm                |   1|   0|    1|          0|
    |ap_done_reg              |   1|   0|    1|          0|
    |ap_enable_reg_pp0_iter1  |   1|   0|    1|          0|
    |axi_data_V_fu_86         |  16|   0|   16|          0|
    |axi_last_V_fu_82         |   1|   0|    1|          0|
    |icmp_ln67_reg_271        |   1|   0|    1|          0|
    |j_3_fu_78                |  16|   0|   16|          0|
    |last_reg_153             |   1|   0|    1|          0|
    +-------------------------+----+----+-----+-----------+
    |Total                    |  38|   0|   38|          0|
    +-------------------------+----+----+-----+-----------+



================================================================
== Interface
================================================================
* Summary: 
+----------------------------------+-----+-----+------------+-------------------------------------------------------------------+--------------+
|             RTL Ports            | Dir | Bits|  Protocol  |                           Source Object                           |    C Type    |
+----------------------------------+-----+-----+------------+-------------------------------------------------------------------+--------------+
|ap_clk                            |   in|    1|  ap_ctrl_hs|  AXIVideo2BayerMat<13, 1080, 1920, 1, 3>_Pipeline_loop_col_zxi2mat|  return value|
|ap_rst                            |   in|    1|  ap_ctrl_hs|  AXIVideo2BayerMat<13, 1080, 1920, 1, 3>_Pipeline_loop_col_zxi2mat|  return value|
|ap_start                          |   in|    1|  ap_ctrl_hs|  AXIVideo2BayerMat<13, 1080, 1920, 1, 3>_Pipeline_loop_col_zxi2mat|  return value|
|ap_done                           |  out|    1|  ap_ctrl_hs|  AXIVideo2BayerMat<13, 1080, 1920, 1, 3>_Pipeline_loop_col_zxi2mat|  return value|
|ap_idle                           |  out|    1|  ap_ctrl_hs|  AXIVideo2BayerMat<13, 1080, 1920, 1, 3>_Pipeline_loop_col_zxi2mat|  return value|
|ap_ready                          |  out|    1|  ap_ctrl_hs|  AXIVideo2BayerMat<13, 1080, 1920, 1, 3>_Pipeline_loop_col_zxi2mat|  return value|
|s_axis_video_TVALID               |   in|    1|        axis|                                              s_axis_video_V_data_V|       pointer|
|s_axis_video_TDATA                |   in|   16|        axis|                                              s_axis_video_V_data_V|       pointer|
|imgInput1_data213_din             |  out|   10|     ap_fifo|                                                  imgInput1_data213|       pointer|
|imgInput1_data213_num_data_valid  |   in|    3|     ap_fifo|                                                  imgInput1_data213|       pointer|
|imgInput1_data213_fifo_cap        |   in|    3|     ap_fifo|                                                  imgInput1_data213|       pointer|
|imgInput1_data213_full_n          |   in|    1|     ap_fifo|                                                  imgInput1_data213|       pointer|
|imgInput1_data213_write           |  out|    1|     ap_fifo|                                                  imgInput1_data213|       pointer|
|start_2                           |   in|    1|     ap_none|                                                            start_2|        scalar|
|axi_data_V_2                      |   in|   16|     ap_none|                                                       axi_data_V_2|        scalar|
|axi_last_V_2                      |   in|    1|     ap_none|                                                       axi_last_V_2|        scalar|
|p_read1                           |   in|   16|     ap_none|                                                            p_read1|        scalar|
|s_axis_video_TREADY               |  out|    1|        axis|                                              s_axis_video_V_dest_V|       pointer|
|s_axis_video_TDEST                |   in|    1|        axis|                                              s_axis_video_V_dest_V|       pointer|
|s_axis_video_TKEEP                |   in|    2|        axis|                                              s_axis_video_V_keep_V|       pointer|
|s_axis_video_TSTRB                |   in|    2|        axis|                                              s_axis_video_V_strb_V|       pointer|
|s_axis_video_TUSER                |   in|    1|        axis|                                              s_axis_video_V_user_V|       pointer|
|s_axis_video_TLAST                |   in|    1|        axis|                                              s_axis_video_V_last_V|       pointer|
|s_axis_video_TID                  |   in|    1|        axis|                                                s_axis_video_V_id_V|       pointer|
|last_out                          |  out|    1|      ap_vld|                                                           last_out|       pointer|
|last_out_ap_vld                   |  out|    1|      ap_vld|                                                           last_out|       pointer|
|axi_data_V_3_out                  |  out|   16|      ap_vld|                                                   axi_data_V_3_out|       pointer|
|axi_data_V_3_out_ap_vld           |  out|    1|      ap_vld|                                                   axi_data_V_3_out|       pointer|
+----------------------------------+-----+-----+------------+-------------------------------------------------------------------+--------------+

============================================================
+ Verbose Summary: Synthesis Manager
============================================================
InlineROM: 1
ExposeGlobal: 0
============================================================
+ Verbose Summary: CDFG Model
============================================================
IsTopModel: 0
ResetActiveHigh: 1
IsCombinational: 2
IsDatapathOnly: 2
HasWiredReturn: 1
HasMFsm: 2
HasVarLatency: 1
IsPipeline: 0
IsRtlPipelined: 0
IsInstanceOverlapped: 0
IsDontTouch: 0
HasImplIP: 0
IsGatedGlobalClock: 0

+ Individual pipeline summary: 
  * Pipeline-0: initiation interval (II) = 1, depth = 2


============================================================
+ Verbose Summary: Schedule
============================================================
* Number of FSM states : 2
* Pipeline : 1
  Pipeline-0 : II = 1, D = 2, States = { 1 2 }
* Dataflow Pipeline: 0

* FSM state transitions: 
1 --> 2 
2 --> 

* FSM state operations: 

State 1 <SV = 0> <Delay = 1.52>
ST_1 : Operation 5 [1/1] (0.00ns)   --->   "%j_3 = alloca i32 1"   --->   Operation 5 'alloca' 'j_3' <Predicate = true> <Delay = 0.00>
ST_1 : Operation 6 [1/1] (0.00ns)   --->   "%axi_last_V = alloca i32 1"   --->   Operation 6 'alloca' 'axi_last_V' <Predicate = true> <Delay = 0.00>
ST_1 : Operation 7 [1/1] (0.00ns)   --->   "%axi_data_V = alloca i32 1"   --->   Operation 7 'alloca' 'axi_data_V' <Predicate = true> <Delay = 0.00>
ST_1 : Operation 8 [1/1] (0.00ns)   --->   "%specaxissidechannel_ln0 = specaxissidechannel void @_ssdm_op_SpecAXISSideChannel, i16 %s_axis_video_V_data_V, i2 %s_axis_video_V_keep_V, i2 %s_axis_video_V_strb_V, i1 %s_axis_video_V_user_V, i1 %s_axis_video_V_last_V, i1 %s_axis_video_V_id_V, i1 %s_axis_video_V_dest_V, void @empty_37"   --->   Operation 8 'specaxissidechannel' 'specaxissidechannel_ln0' <Predicate = true> <Delay = 0.00>
ST_1 : Operation 9 [1/1] (0.00ns)   --->   "%specinterface_ln0 = specinterface void @_ssdm_op_SpecInterface, i1 %s_axis_video_V_dest_V, void @empty_18, i32 0, i32 0, void @empty_19, i32 0, i32 0, void @empty_32, void @empty_32, void @empty_32, i32 0, i32 0, i32 0, i32 0, void @empty_32, void @empty_32, i32 4294967295, i32 0"   --->   Operation 9 'specinterface' 'specinterface_ln0' <Predicate = true> <Delay = 0.00>
ST_1 : Operation 10 [1/1] (0.00ns)   --->   "%specinterface_ln0 = specinterface void @_ssdm_op_SpecInterface, i1 %s_axis_video_V_id_V, void @empty_18, i32 0, i32 0, void @empty_19, i32 0, i32 0, void @empty_32, void @empty_32, void @empty_32, i32 0, i32 0, i32 0, i32 0, void @empty_32, void @empty_32, i32 4294967295, i32 0"   --->   Operation 10 'specinterface' 'specinterface_ln0' <Predicate = true> <Delay = 0.00>
ST_1 : Operation 11 [1/1] (0.00ns)   --->   "%specinterface_ln0 = specinterface void @_ssdm_op_SpecInterface, i1 %s_axis_video_V_last_V, void @empty_18, i32 0, i32 0, void @empty_19, i32 0, i32 0, void @empty_32, void @empty_32, void @empty_32, i32 0, i32 0, i32 0, i32 0, void @empty_32, void @empty_32, i32 4294967295, i32 0"   --->   Operation 11 'specinterface' 'specinterface_ln0' <Predicate = true> <Delay = 0.00>
ST_1 : Operation 12 [1/1] (0.00ns)   --->   "%specinterface_ln0 = specinterface void @_ssdm_op_SpecInterface, i1 %s_axis_video_V_user_V, void @empty_18, i32 0, i32 0, void @empty_19, i32 0, i32 0, void @empty_32, void @empty_32, void @empty_32, i32 0, i32 0, i32 0, i32 0, void @empty_32, void @empty_32, i32 4294967295, i32 0"   --->   Operation 12 'specinterface' 'specinterface_ln0' <Predicate = true> <Delay = 0.00>
ST_1 : Operation 13 [1/1] (0.00ns)   --->   "%specinterface_ln0 = specinterface void @_ssdm_op_SpecInterface, i2 %s_axis_video_V_strb_V, void @empty_18, i32 0, i32 0, void @empty_19, i32 0, i32 0, void @empty_32, void @empty_32, void @empty_32, i32 0, i32 0, i32 0, i32 0, void @empty_32, void @empty_32, i32 4294967295, i32 0"   --->   Operation 13 'specinterface' 'specinterface_ln0' <Predicate = true> <Delay = 0.00>
ST_1 : Operation 14 [1/1] (0.00ns)   --->   "%specinterface_ln0 = specinterface void @_ssdm_op_SpecInterface, i2 %s_axis_video_V_keep_V, void @empty_18, i32 0, i32 0, void @empty_19, i32 0, i32 0, void @empty_32, void @empty_32, void @empty_32, i32 0, i32 0, i32 0, i32 0, void @empty_32, void @empty_32, i32 4294967295, i32 0"   --->   Operation 14 'specinterface' 'specinterface_ln0' <Predicate = true> <Delay = 0.00>
ST_1 : Operation 15 [1/1] (0.00ns)   --->   "%specinterface_ln0 = specinterface void @_ssdm_op_SpecInterface, i16 %s_axis_video_V_data_V, void @empty_18, i32 0, i32 0, void @empty_19, i32 0, i32 0, void @empty_32, void @empty_32, void @empty_32, i32 0, i32 0, i32 0, i32 0, void @empty_32, void @empty_32, i32 4294967295, i32 0"   --->   Operation 15 'specinterface' 'specinterface_ln0' <Predicate = true> <Delay = 0.00>
ST_1 : Operation 16 [1/1] (0.00ns)   --->   "%specinterface_ln0 = specinterface void @_ssdm_op_SpecInterface, i10 %imgInput1_data213, void @empty_26, i32 0, i32 0, void @empty_32, i32 0, i32 0, void @empty_32, void @empty_32, void @empty_32, i32 0, i32 0, i32 0, i32 0, void @empty_32, void @empty_32, i32 4294967295, i32 0"   --->   Operation 16 'specinterface' 'specinterface_ln0' <Predicate = true> <Delay = 0.00>
ST_1 : Operation 17 [1/1] (0.00ns)   --->   "%p_read14 = read i16 @_ssdm_op_Read.ap_auto.i16, i16 %p_read1"   --->   Operation 17 'read' 'p_read14' <Predicate = true> <Delay = 0.00>
ST_1 : Operation 18 [1/1] (0.00ns)   --->   "%axi_last_V_2_read = read i1 @_ssdm_op_Read.ap_auto.i1, i1 %axi_last_V_2"   --->   Operation 18 'read' 'axi_last_V_2_read' <Predicate = true> <Delay = 0.00>
ST_1 : Operation 19 [1/1] (0.00ns)   --->   "%axi_data_V_2_read = read i16 @_ssdm_op_Read.ap_auto.i16, i16 %axi_data_V_2"   --->   Operation 19 'read' 'axi_data_V_2_read' <Predicate = true> <Delay = 0.00>
ST_1 : Operation 20 [1/1] (0.00ns)   --->   "%start_2_read = read i1 @_ssdm_op_Read.ap_auto.i1, i1 %start_2"   --->   Operation 20 'read' 'start_2_read' <Predicate = true> <Delay = 0.00>
ST_1 : Operation 21 [1/1] (0.42ns)   --->   "%store_ln0 = store i16 %axi_data_V_2_read, i16 %axi_data_V"   --->   Operation 21 'store' 'store_ln0' <Predicate = true> <Delay = 0.42>
ST_1 : Operation 22 [1/1] (0.42ns)   --->   "%store_ln0 = store i1 %axi_last_V_2_read, i1 %axi_last_V"   --->   Operation 22 'store' 'store_ln0' <Predicate = true> <Delay = 0.42>
ST_1 : Operation 23 [1/1] (0.42ns)   --->   "%store_ln0 = store i16 0, i16 %j_3"   --->   Operation 23 'store' 'store_ln0' <Predicate = true> <Delay = 0.42>
ST_1 : Operation 24 [1/1] (0.42ns)   --->   "%br_ln0 = br void %for.body6"   --->   Operation 24 'br' 'br_ln0' <Predicate = true> <Delay = 0.42>
ST_1 : Operation 25 [1/1] (0.00ns)   --->   "%last = phi i1 %axi_last_V_5, void %for.inc, i1 0, void %newFuncRoot"   --->   Operation 25 'phi' 'last' <Predicate = true> <Delay = 0.00>
ST_1 : Operation 26 [1/1] (0.00ns)   --->   "%start = phi i1 0, void %for.inc, i1 %start_2_read, void %newFuncRoot"   --->   Operation 26 'phi' 'start' <Predicate = true> <Delay = 0.00>
ST_1 : Operation 27 [1/1] (0.00ns)   --->   "%j = load i16 %j_3" [../../../../../overlays/Vitis_Libraries/vision//L1/examples/isppipeline/xf_isp_accel.cpp:67]   --->   Operation 27 'load' 'j' <Predicate = true> <Delay = 0.00>
ST_1 : Operation 28 [1/1] (1.10ns)   --->   "%icmp_ln67 = icmp_eq  i16 %j, i16 %p_read14" [../../../../../overlays/Vitis_Libraries/vision//L1/examples/isppipeline/xf_isp_accel.cpp:67]   --->   Operation 28 'icmp' 'icmp_ln67' <Predicate = true> <Delay = 1.10> <CoreInst = "Cmp">   --->   Core 9 'Cmp' <Latency = 0> <II = 1> <Delay = 1.10> <FuncUnit> <Opcode : 'icmp'> <InPorts = 2> <OutPorts = 1>
ST_1 : Operation 29 [1/1] (0.00ns)   --->   "%speclooptripcount_ln0 = speclooptripcount void @_ssdm_op_SpecLoopTripCount, i64 1, i64 1920, i64 1920"   --->   Operation 29 'speclooptripcount' 'speclooptripcount_ln0' <Predicate = true> <Delay = 0.00>
ST_1 : Operation 30 [1/1] (0.85ns)   --->   "%j_4 = add i16 %j, i16 1" [../../../../../overlays/Vitis_Libraries/vision//L1/examples/isppipeline/xf_isp_accel.cpp:67]   --->   Operation 30 'add' 'j_4' <Predicate = true> <Delay = 0.85> <CoreInst = "Adder">   --->   Core 1 'Adder' <Latency = 0> <II = 1> <Delay = 0.85> <FuncUnit> <Opcode : 'add' 'sub'> <InPorts = 2> <OutPorts = 1>
ST_1 : Operation 31 [1/1] (0.00ns)   --->   "%br_ln67 = br i1 %icmp_ln67, void %for.body6.split, void %loop_last_hunt.loopexit.exitStub" [../../../../../overlays/Vitis_Libraries/vision//L1/examples/isppipeline/xf_isp_accel.cpp:67]   --->   Operation 31 'br' 'br_ln67' <Predicate = true> <Delay = 0.00>
ST_1 : Operation 32 [1/1] (0.00ns)   --->   "%specpipeline_ln70 = specpipeline void @_ssdm_op_SpecPipeline, i32 1, i32 0, i32 0, i32 0, void @empty_32" [../../../../../overlays/Vitis_Libraries/vision//L1/examples/isppipeline/xf_isp_accel.cpp:70]   --->   Operation 32 'specpipeline' 'specpipeline_ln70' <Predicate = (!icmp_ln67)> <Delay = 0.00>
ST_1 : Operation 33 [1/1] (0.00ns)   --->   "%specloopname_ln38 = specloopname void @_ssdm_op_SpecLoopName, void @empty_24" [../../../../../overlays/Vitis_Libraries/vision//L1/examples/isppipeline/xf_isp_accel.cpp:38]   --->   Operation 33 'specloopname' 'specloopname_ln38' <Predicate = (!icmp_ln67)> <Delay = 0.00>
ST_1 : Operation 34 [1/1] (0.28ns)   --->   "%or_ln74 = or i1 %start, i1 %last" [../../../../../overlays/Vitis_Libraries/vision//L1/examples/isppipeline/xf_isp_accel.cpp:74]   --->   Operation 34 'or' 'or_ln74' <Predicate = (!icmp_ln67)> <Delay = 0.28> <CoreInst = "LogicGate">   --->   Core 74 'LogicGate' <Latency = 0> <II = 1> <Delay = 0.28> <FuncUnit> <Opcode : 'and' 'or' 'xor'> <InPorts = 2> <OutPorts = 1>
ST_1 : Operation 35 [1/1] (0.00ns)   --->   "%br_ln74 = br i1 %or_ln74, void %if.else, void %for.inc" [../../../../../overlays/Vitis_Libraries/vision//L1/examples/isppipeline/xf_isp_accel.cpp:74]   --->   Operation 35 'br' 'br_ln74' <Predicate = (!icmp_ln67)> <Delay = 0.00>
ST_1 : Operation 36 [1/1] (0.00ns)   --->   "%empty = read i24 @_ssdm_op_Read.axis.volatile.i16P0A.i2P0A.i2P0A.i1P0A.i1P0A.i1P0A.i1P0A, i16 %s_axis_video_V_data_V, i2 %s_axis_video_V_keep_V, i2 %s_axis_video_V_strb_V, i1 %s_axis_video_V_user_V, i1 %s_axis_video_V_last_V, i1 %s_axis_video_V_id_V, i1 %s_axis_video_V_dest_V"   --->   Operation 36 'read' 'empty' <Predicate = (!icmp_ln67 & !or_ln74)> <Delay = 0.00> <CoreInst = "axis">   --->   Core 123 'axis' <Latency = 0> <II = 1> <Delay = 1.00> <Adapter> <Opcode : >
ST_1 : Operation 37 [1/1] (0.00ns)   --->   "%tmp_data_V = extractvalue i24 %empty"   --->   Operation 37 'extractvalue' 'tmp_data_V' <Predicate = (!icmp_ln67 & !or_ln74)> <Delay = 0.00>
ST_1 : Operation 38 [1/1] (0.00ns)   --->   "%tmp_last_V = extractvalue i24 %empty"   --->   Operation 38 'extractvalue' 'tmp_last_V' <Predicate = (!icmp_ln67 & !or_ln74)> <Delay = 0.00>
ST_1 : Operation 39 [1/1] (0.42ns)   --->   "%store_ln237 = store i16 %tmp_data_V, i16 %axi_data_V"   --->   Operation 39 'store' 'store_ln237' <Predicate = (!icmp_ln67 & !or_ln74)> <Delay = 0.42>
ST_1 : Operation 40 [1/1] (0.42ns)   --->   "%store_ln237 = store i1 %tmp_last_V, i1 %axi_last_V"   --->   Operation 40 'store' 'store_ln237' <Predicate = (!icmp_ln67 & !or_ln74)> <Delay = 0.42>
ST_1 : Operation 41 [1/1] (0.00ns)   --->   "%br_ln0 = br void %for.inc"   --->   Operation 41 'br' 'br_ln0' <Predicate = (!icmp_ln67 & !or_ln74)> <Delay = 0.00>
ST_1 : Operation 42 [1/1] (0.42ns)   --->   "%store_ln67 = store i16 %j_4, i16 %j_3" [../../../../../overlays/Vitis_Libraries/vision//L1/examples/isppipeline/xf_isp_accel.cpp:67]   --->   Operation 42 'store' 'store_ln67' <Predicate = (!icmp_ln67)> <Delay = 0.42>
ST_1 : Operation 43 [1/1] (0.00ns)   --->   "%br_ln67 = br void %for.body6" [../../../../../overlays/Vitis_Libraries/vision//L1/examples/isppipeline/xf_isp_accel.cpp:67]   --->   Operation 43 'br' 'br_ln67' <Predicate = (!icmp_ln67)> <Delay = 0.00>
ST_1 : Operation 48 [1/1] (0.00ns)   --->   "%axi_data_V_load = load i16 %axi_data_V"   --->   Operation 48 'load' 'axi_data_V_load' <Predicate = (icmp_ln67)> <Delay = 0.00>
ST_1 : Operation 49 [1/1] (0.00ns)   --->   "%write_ln0 = write void @_ssdm_op_Write.ap_auto.i1P0A, i1 %last_out, i1 %last"   --->   Operation 49 'write' 'write_ln0' <Predicate = (icmp_ln67)> <Delay = 0.00>
ST_1 : Operation 50 [1/1] (0.00ns)   --->   "%write_ln0 = write void @_ssdm_op_Write.ap_auto.i16P0A, i16 %axi_data_V_3_out, i16 %axi_data_V_load"   --->   Operation 50 'write' 'write_ln0' <Predicate = (icmp_ln67)> <Delay = 0.00>
ST_1 : Operation 51 [1/1] (0.00ns)   --->   "%ret_ln0 = ret"   --->   Operation 51 'ret' 'ret_ln0' <Predicate = (icmp_ln67)> <Delay = 0.00>

State 2 <SV = 1> <Delay = 1.20>
ST_2 : Operation 44 [1/1] (0.00ns)   --->   "%axi_last_V_5 = load i1 %axi_last_V"   --->   Operation 44 'load' 'axi_last_V_5' <Predicate = (!icmp_ln67)> <Delay = 0.00>
ST_2 : Operation 45 [1/1] (0.00ns)   --->   "%p_Val2_s = load i16 %axi_data_V"   --->   Operation 45 'load' 'p_Val2_s' <Predicate = (!icmp_ln67)> <Delay = 0.00>
ST_2 : Operation 46 [1/1] (0.00ns)   --->   "%trunc_ln628 = trunc i16 %p_Val2_s"   --->   Operation 46 'trunc' 'trunc_ln628' <Predicate = (!icmp_ln67)> <Delay = 0.00>
ST_2 : Operation 47 [1/1] (1.20ns)   --->   "%write_ln553 = write void @_ssdm_op_Write.ap_fifo.volatile.i10P0A, i10 %imgInput1_data213, i10 %trunc_ln628" [../../../../../overlays/Vitis_Libraries/vision//L1/include/common/xf_structs.hpp:553]   --->   Operation 47 'write' 'write_ln553' <Predicate = (!icmp_ln67)> <Delay = 1.20> <CoreInst = "FIFO_SRL">   --->   Core 81 'FIFO_SRL' <Latency = 0> <II = 1> <Delay = 1.83> <Storage> <Opcode : 'read' 'write' 'nbread' 'nbwrite'> <Ports = 0> <Width = 10> <Depth = 3> <FIFO>


============================================================
+ Verbose Summary: Binding
============================================================
STG Binding: 
---------------- STG Properties BEGIN ----------------
- Is combinational: 0
- Is one-state seq: 0
- Is datapath-only: 0
- Is pipelined: 0
- Is top level: 0
Port [ Return ] is wired: 1; IO mode=ap_ctrl_hs:ce=0
Port [ start_2]:  wired=1; compound=0; hidden=0; nouse=0; global=0; static=0; extern=0; dir=0; type=0; pingpong=0; private_global=0; IO mode=ap_none:ce=0
Port [ axi_data_V_2]:  wired=1; compound=0; hidden=0; nouse=0; global=0; static=0; extern=0; dir=0; type=0; pingpong=0; private_global=0; IO mode=ap_none:ce=0
Port [ axi_last_V_2]:  wired=1; compound=0; hidden=0; nouse=0; global=0; static=0; extern=0; dir=0; type=0; pingpong=0; private_global=0; IO mode=ap_none:ce=0
Port [ p_read1]:  wired=1; compound=0; hidden=0; nouse=0; global=0; static=0; extern=0; dir=0; type=0; pingpong=0; private_global=0; IO mode=ap_none:ce=0
Port [ imgInput1_data213]:  wired=1; compound=1; hidden=0; nouse=0; global=0; static=0; extern=0; dir=1; type=3; pingpong=0; private_global=0; IO mode=ap_fifo:ce=0
Port [ s_axis_video_V_data_V]:  wired=1; compound=1; hidden=0; nouse=0; global=0; static=0; extern=0; dir=0; type=0; pingpong=0; private_global=0; IO mode=axis:ce=0
Port [ s_axis_video_V_keep_V]:  wired=1; compound=1; hidden=0; nouse=0; global=0; static=0; extern=0; dir=0; type=0; pingpong=0; private_global=0; IO mode=axis:ce=0
Port [ s_axis_video_V_strb_V]:  wired=1; compound=1; hidden=0; nouse=0; global=0; static=0; extern=0; dir=0; type=0; pingpong=0; private_global=0; IO mode=axis:ce=0
Port [ s_axis_video_V_user_V]:  wired=1; compound=1; hidden=0; nouse=0; global=0; static=0; extern=0; dir=0; type=0; pingpong=0; private_global=0; IO mode=axis:ce=0
Port [ s_axis_video_V_last_V]:  wired=1; compound=1; hidden=0; nouse=0; global=0; static=0; extern=0; dir=0; type=0; pingpong=0; private_global=0; IO mode=axis:ce=0
Port [ s_axis_video_V_id_V]:  wired=1; compound=1; hidden=0; nouse=0; global=0; static=0; extern=0; dir=0; type=0; pingpong=0; private_global=0; IO mode=axis:ce=0
Port [ s_axis_video_V_dest_V]:  wired=1; compound=1; hidden=0; nouse=0; global=0; static=0; extern=0; dir=0; type=0; pingpong=0; private_global=0; IO mode=axis:ce=0
Port [ last_out]:  wired=1; compound=0; hidden=0; nouse=0; global=0; static=0; extern=0; dir=1; type=0; pingpong=0; private_global=0; IO mode=ap_vld:ce=0
Port [ axi_data_V_3_out]:  wired=1; compound=0; hidden=0; nouse=0; global=0; static=0; extern=0; dir=1; type=0; pingpong=0; private_global=0; IO mode=ap_vld:ce=0
---------------- STG Properties END ------------------

---------------- Datapath Model BEGIN ----------------

<LifeTime>
<method=bitvector/>
j_3                     (alloca             ) [ 010]
axi_last_V              (alloca             ) [ 011]
axi_data_V              (alloca             ) [ 011]
specaxissidechannel_ln0 (specaxissidechannel) [ 000]
specinterface_ln0       (specinterface      ) [ 000]
specinterface_ln0       (specinterface      ) [ 000]
specinterface_ln0       (specinterface      ) [ 000]
specinterface_ln0       (specinterface      ) [ 000]
specinterface_ln0       (specinterface      ) [ 000]
specinterface_ln0       (specinterface      ) [ 000]
specinterface_ln0       (specinterface      ) [ 000]
specinterface_ln0       (specinterface      ) [ 000]
p_read14                (read               ) [ 000]
axi_last_V_2_read       (read               ) [ 000]
axi_data_V_2_read       (read               ) [ 000]
start_2_read            (read               ) [ 000]
store_ln0               (store              ) [ 000]
store_ln0               (store              ) [ 000]
store_ln0               (store              ) [ 000]
br_ln0                  (br                 ) [ 000]
last                    (phi                ) [ 010]
start                   (phi                ) [ 010]
j                       (load               ) [ 000]
icmp_ln67               (icmp               ) [ 011]
speclooptripcount_ln0   (speclooptripcount  ) [ 000]
j_4                     (add                ) [ 000]
br_ln67                 (br                 ) [ 000]
specpipeline_ln70       (specpipeline       ) [ 000]
specloopname_ln38       (specloopname       ) [ 000]
or_ln74                 (or                 ) [ 010]
br_ln74                 (br                 ) [ 000]
empty                   (read               ) [ 000]
tmp_data_V              (extractvalue       ) [ 000]
tmp_last_V              (extractvalue       ) [ 000]
store_ln237             (store              ) [ 000]
store_ln237             (store              ) [ 000]
br_ln0                  (br                 ) [ 000]
store_ln67              (store              ) [ 000]
br_ln67                 (br                 ) [ 010]
axi_last_V_5            (load               ) [ 010]
p_Val2_s                (load               ) [ 000]
trunc_ln628             (trunc              ) [ 000]
write_ln553             (write              ) [ 000]
axi_data_V_load         (load               ) [ 000]
write_ln0               (write              ) [ 000]
write_ln0               (write              ) [ 000]
ret_ln0                 (ret                ) [ 000]
</LifeTime>

<model>

<comp_list>
<comp id="0" class="1000" name="start_2">
<pin_list>
<pin id="1" dir="1" index="0" bw="1" slack="0"/>
</pin_list>
<bind>
<StgValue><ssdm name="start_2"/></StgValue>
</bind>
</comp>

<comp id="2" class="1000" name="axi_data_V_2">
<pin_list>
<pin id="3" dir="1" index="0" bw="1" slack="0"/>
</pin_list>
<bind>
<StgValue><ssdm name="axi_data_V_2"/></StgValue>
</bind>
</comp>

<comp id="4" class="1000" name="axi_last_V_2">
<pin_list>
<pin id="5" dir="1" index="0" bw="1" slack="0"/>
</pin_list>
<bind>
<StgValue><ssdm name="axi_last_V_2"/></StgValue>
</bind>
</comp>

<comp id="6" class="1000" name="p_read1">
<pin_list>
<pin id="7" dir="1" index="0" bw="1" slack="0"/>
</pin_list>
<bind>
<StgValue><ssdm name="p_read1"/></StgValue>
</bind>
</comp>

<comp id="8" class="1000" name="imgInput1_data213">
<pin_list>
<pin id="9" dir="1" index="0" bw="1" slack="0"/>
</pin_list>
<bind>
<StgValue><ssdm name="imgInput1_data213"/></StgValue>
</bind>
</comp>

<comp id="10" class="1000" name="s_axis_video_V_data_V">
<pin_list>
<pin id="11" dir="1" index="0" bw="1" slack="0"/>
</pin_list>
<bind>
<StgValue><ssdm name="s_axis_video_V_data_V"/></StgValue>
</bind>
</comp>

<comp id="12" class="1000" name="s_axis_video_V_keep_V">
<pin_list>
<pin id="13" dir="1" index="0" bw="1" slack="0"/>
</pin_list>
<bind>
<StgValue><ssdm name="s_axis_video_V_keep_V"/></StgValue>
</bind>
</comp>

<comp id="14" class="1000" name="s_axis_video_V_strb_V">
<pin_list>
<pin id="15" dir="1" index="0" bw="1" slack="0"/>
</pin_list>
<bind>
<StgValue><ssdm name="s_axis_video_V_strb_V"/></StgValue>
</bind>
</comp>

<comp id="16" class="1000" name="s_axis_video_V_user_V">
<pin_list>
<pin id="17" dir="1" index="0" bw="1" slack="0"/>
</pin_list>
<bind>
<StgValue><ssdm name="s_axis_video_V_user_V"/></StgValue>
</bind>
</comp>

<comp id="18" class="1000" name="s_axis_video_V_last_V">
<pin_list>
<pin id="19" dir="1" index="0" bw="1" slack="0"/>
</pin_list>
<bind>
<StgValue><ssdm name="s_axis_video_V_last_V"/></StgValue>
</bind>
</comp>

<comp id="20" class="1000" name="s_axis_video_V_id_V">
<pin_list>
<pin id="21" dir="1" index="0" bw="1" slack="0"/>
</pin_list>
<bind>
<StgValue><ssdm name="s_axis_video_V_id_V"/></StgValue>
</bind>
</comp>

<comp id="22" class="1000" name="s_axis_video_V_dest_V">
<pin_list>
<pin id="23" dir="1" index="0" bw="1" slack="0"/>
</pin_list>
<bind>
<StgValue><ssdm name="s_axis_video_V_dest_V"/></StgValue>
</bind>
</comp>

<comp id="24" class="1000" name="last_out">
<pin_list>
<pin id="25" dir="1" index="0" bw="1" slack="0"/>
</pin_list>
<bind>
<StgValue><ssdm name="last_out"/></StgValue>
</bind>
</comp>

<comp id="26" class="1000" name="axi_data_V_3_out">
<pin_list>
<pin id="27" dir="1" index="0" bw="1" slack="0"/>
</pin_list>
<bind>
<StgValue><ssdm name="axi_data_V_3_out"/></StgValue>
</bind>
</comp>

<comp id="28" class="1001" name="const_28">
<pin_list>
<pin id="29" dir="1" index="0" bw="1" slack="0"/>
</pin_list>
<bind>
<StgValue><ssdm name=""/></StgValue>
</bind>
</comp>

<comp id="30" class="1001" name="const_30">
<pin_list>
<pin id="31" dir="1" index="0" bw="1" slack="2147483647"/>
</pin_list>
<bind>
<StgValue><ssdm name="_ssdm_op_SpecAXISSideChannel"/></StgValue>
</bind>
</comp>

<comp id="32" class="1001" name="const_32">
<pin_list>
<pin id="33" dir="1" index="0" bw="1" slack="2147483647"/>
</pin_list>
<bind>
<StgValue><ssdm name="empty_37"/></StgValue>
</bind>
</comp>

<comp id="34" class="1001" name="const_34">
<pin_list>
<pin id="35" dir="1" index="0" bw="1" slack="2147483647"/>
</pin_list>
<bind>
<StgValue><ssdm name="_ssdm_op_SpecInterface"/></StgValue>
</bind>
</comp>

<comp id="36" class="1001" name="const_36">
<pin_list>
<pin id="37" dir="1" index="0" bw="1" slack="2147483647"/>
</pin_list>
<bind>
<StgValue><ssdm name="empty_18"/></StgValue>
</bind>
</comp>

<comp id="38" class="1001" name="const_38">
<pin_list>
<pin id="39" dir="1" index="0" bw="1" slack="2147483647"/>
</pin_list>
<bind>
<StgValue><ssdm name=""/></StgValue>
</bind>
</comp>

<comp id="40" class="1001" name="const_40">
<pin_list>
<pin id="41" dir="1" index="0" bw="1" slack="2147483647"/>
</pin_list>
<bind>
<StgValue><ssdm name="empty_19"/></StgValue>
</bind>
</comp>

<comp id="42" class="1001" name="const_42">
<pin_list>
<pin id="43" dir="1" index="0" bw="1" slack="2147483647"/>
</pin_list>
<bind>
<StgValue><ssdm name="empty_32"/></StgValue>
</bind>
</comp>

<comp id="44" class="1001" name="const_44">
<pin_list>
<pin id="45" dir="1" index="0" bw="1" slack="2147483647"/>
</pin_list>
<bind>
<StgValue><ssdm name=""/></StgValue>
</bind>
</comp>

<comp id="46" class="1001" name="const_46">
<pin_list>
<pin id="47" dir="1" index="0" bw="1" slack="2147483647"/>
</pin_list>
<bind>
<StgValue><ssdm name="empty_26"/></StgValue>
</bind>
</comp>

<comp id="48" class="1001" name="const_48">
<pin_list>
<pin id="49" dir="1" index="0" bw="1" slack="0"/>
</pin_list>
<bind>
<StgValue><ssdm name="_ssdm_op_Read.ap_auto.i16"/></StgValue>
</bind>
</comp>

<comp id="50" class="1001" name="const_50">
<pin_list>
<pin id="51" dir="1" index="0" bw="1" slack="0"/>
</pin_list>
<bind>
<StgValue><ssdm name="_ssdm_op_Read.ap_auto.i1"/></StgValue>
</bind>
</comp>

<comp id="52" class="1001" name="const_52">
<pin_list>
<pin id="53" dir="1" index="0" bw="1" slack="0"/>
</pin_list>
<bind>
<StgValue><ssdm name=""/></StgValue>
</bind>
</comp>

<comp id="54" class="1001" name="const_54">
<pin_list>
<pin id="55" dir="1" index="0" bw="1" slack="0"/>
</pin_list>
<bind>
<StgValue><ssdm name=""/></StgValue>
</bind>
</comp>

<comp id="56" class="1001" name="const_56">
<pin_list>
<pin id="57" dir="1" index="0" bw="1" slack="2147483647"/>
</pin_list>
<bind>
<StgValue><ssdm name="_ssdm_op_SpecLoopTripCount"/></StgValue>
</bind>
</comp>

<comp id="58" class="1001" name="const_58">
<pin_list>
<pin id="59" dir="1" index="0" bw="1" slack="2147483647"/>
</pin_list>
<bind>
<StgValue><ssdm name=""/></StgValue>
</bind>
</comp>

<comp id="60" class="1001" name="const_60">
<pin_list>
<pin id="61" dir="1" index="0" bw="1" slack="2147483647"/>
</pin_list>
<bind>
<StgValue><ssdm name=""/></StgValue>
</bind>
</comp>

<comp id="62" class="1001" name="const_62">
<pin_list>
<pin id="63" dir="1" index="0" bw="1" slack="0"/>
</pin_list>
<bind>
<StgValue><ssdm name=""/></StgValue>
</bind>
</comp>

<comp id="64" class="1001" name="const_64">
<pin_list>
<pin id="65" dir="1" index="0" bw="1" slack="2147483647"/>
</pin_list>
<bind>
<StgValue><ssdm name="_ssdm_op_SpecPipeline"/></StgValue>
</bind>
</comp>

<comp id="66" class="1001" name="const_66">
<pin_list>
<pin id="67" dir="1" index="0" bw="1" slack="2147483647"/>
</pin_list>
<bind>
<StgValue><ssdm name="_ssdm_op_SpecLoopName"/></StgValue>
</bind>
</comp>

<comp id="68" class="1001" name="const_68">
<pin_list>
<pin id="69" dir="1" index="0" bw="1" slack="2147483647"/>
</pin_list>
<bind>
<StgValue><ssdm name="empty_24"/></StgValue>
</bind>
</comp>

<comp id="70" class="1001" name="const_70">
<pin_list>
<pin id="71" dir="1" index="0" bw="1" slack="0"/>
</pin_list>
<bind>
<StgValue><ssdm name="_ssdm_op_Read.axis.volatile.i16P0A.i2P0A.i2P0A.i1P0A.i1P0A.i1P0A.i1P0A"/></StgValue>
</bind>
</comp>

<comp id="72" class="1001" name="const_72">
<pin_list>
<pin id="73" dir="1" index="0" bw="1" slack="0"/>
</pin_list>
<bind>
<StgValue><ssdm name="_ssdm_op_Write.ap_fifo.volatile.i10P0A"/></StgValue>
</bind>
</comp>

<comp id="74" class="1001" name="const_74">
<pin_list>
<pin id="75" dir="1" index="0" bw="1" slack="0"/>
</pin_list>
<bind>
<StgValue><ssdm name="_ssdm_op_Write.ap_auto.i1P0A"/></StgValue>
</bind>
</comp>

<comp id="76" class="1001" name="const_76">
<pin_list>
<pin id="77" dir="1" index="0" bw="1" slack="0"/>
</pin_list>
<bind>
<StgValue><ssdm name="_ssdm_op_Write.ap_auto.i16P0A"/></StgValue>
</bind>
</comp>

<comp id="78" class="1004" name="j_3_fu_78">
<pin_list>
<pin id="79" dir="0" index="0" bw="1" slack="0"/>
<pin id="80" dir="1" index="1" bw="16" slack="0"/>
</pin_list>
<bind>
<opcode="alloca(26) " fcode="alloca"/>
<opset="j_3/1 "/>
</bind>
</comp>

<comp id="82" class="1004" name="axi_last_V_fu_82">
<pin_list>
<pin id="83" dir="0" index="0" bw="1" slack="0"/>
<pin id="84" dir="1" index="1" bw="1" slack="0"/>
</pin_list>
<bind>
<opcode="alloca(26) " fcode="alloca"/>
<opset="axi_last_V/1 "/>
</bind>
</comp>

<comp id="86" class="1004" name="axi_data_V_fu_86">
<pin_list>
<pin id="87" dir="0" index="0" bw="1" slack="0"/>
<pin id="88" dir="1" index="1" bw="16" slack="0"/>
</pin_list>
<bind>
<opcode="alloca(26) " fcode="alloca"/>
<opset="axi_data_V/1 "/>
</bind>
</comp>

<comp id="90" class="1004" name="p_read14_read_fu_90">
<pin_list>
<pin id="91" dir="0" index="0" bw="16" slack="0"/>
<pin id="92" dir="0" index="1" bw="16" slack="0"/>
<pin id="93" dir="1" index="2" bw="16" slack="0"/>
</pin_list>
<bind>
<opcode="read(1150) " fcode="read"/>
<opset="p_read14/1 "/>
</bind>
</comp>

<comp id="96" class="1004" name="axi_last_V_2_read_read_fu_96">
<pin_list>
<pin id="97" dir="0" index="0" bw="1" slack="0"/>
<pin id="98" dir="0" index="1" bw="1" slack="0"/>
<pin id="99" dir="1" index="2" bw="1" slack="0"/>
</pin_list>
<bind>
<opcode="read(1150) " fcode="read"/>
<opset="axi_last_V_2_read/1 "/>
</bind>
</comp>

<comp id="102" class="1004" name="axi_data_V_2_read_read_fu_102">
<pin_list>
<pin id="103" dir="0" index="0" bw="16" slack="0"/>
<pin id="104" dir="0" index="1" bw="16" slack="0"/>
<pin id="105" dir="1" index="2" bw="16" slack="0"/>
</pin_list>
<bind>
<opcode="read(1150) " fcode="read"/>
<opset="axi_data_V_2_read/1 "/>
</bind>
</comp>

<comp id="108" class="1004" name="start_2_read_read_fu_108">
<pin_list>
<pin id="109" dir="0" index="0" bw="1" slack="0"/>
<pin id="110" dir="0" index="1" bw="1" slack="0"/>
<pin id="111" dir="1" index="2" bw="1" slack="0"/>
</pin_list>
<bind>
<opcode="read(1150) " fcode="read"/>
<opset="start_2_read/1 "/>
</bind>
</comp>

<comp id="114" class="1004" name="empty_read_fu_114">
<pin_list>
<pin id="115" dir="0" index="0" bw="24" slack="0"/>
<pin id="116" dir="0" index="1" bw="16" slack="0"/>
<pin id="117" dir="0" index="2" bw="2" slack="0"/>
<pin id="118" dir="0" index="3" bw="2" slack="0"/>
<pin id="119" dir="0" index="4" bw="1" slack="0"/>
<pin id="120" dir="0" index="5" bw="1" slack="0"/>
<pin id="121" dir="0" index="6" bw="1" slack="0"/>
<pin id="122" dir="0" index="7" bw="1" slack="0"/>
<pin id="123" dir="1" index="8" bw="24" slack="0"/>
</pin_list>
<bind>
<opcode="read(1150) " fcode="read"/>
<opset="empty/1 "/>
</bind>
</comp>

<comp id="132" class="1004" name="write_ln553_write_fu_132">
<pin_list>
<pin id="133" dir="0" index="0" bw="0" slack="0"/>
<pin id="134" dir="0" index="1" bw="10" slack="0"/>
<pin id="135" dir="0" index="2" bw="10" slack="0"/>
<pin id="136" dir="1" index="3" bw="0" slack="2147483647"/>
</pin_list>
<bind>
<opcode="write(1151) " fcode="write"/>
<opset="write_ln553/2 "/>
</bind>
</comp>

<comp id="139" class="1004" name="write_ln0_write_fu_139">
<pin_list>
<pin id="140" dir="0" index="0" bw="0" slack="0"/>
<pin id="141" dir="0" index="1" bw="1" slack="0"/>
<pin id="142" dir="0" index="2" bw="1" slack="0"/>
<pin id="143" dir="1" index="3" bw="0" slack="2147483647"/>
</pin_list>
<bind>
<opcode="write(1151) " fcode="write"/>
<opset="write_ln0/1 "/>
</bind>
</comp>

<comp id="146" class="1004" name="write_ln0_write_fu_146">
<pin_list>
<pin id="147" dir="0" index="0" bw="0" slack="0"/>
<pin id="148" dir="0" index="1" bw="16" slack="0"/>
<pin id="149" dir="0" index="2" bw="16" slack="0"/>
<pin id="150" dir="1" index="3" bw="0" slack="2147483647"/>
</pin_list>
<bind>
<opcode="write(1151) " fcode="write"/>
<opset="write_ln0/1 "/>
</bind>
</comp>

<comp id="153" class="1005" name="last_reg_153">
<pin_list>
<pin id="154" dir="0" index="0" bw="1" slack="2147483647"/>
<pin id="155" dir="1" index="1" bw="1" slack="2147483647"/>
</pin_list>
<bind>
<opset="last (phireg) "/>
</bind>
</comp>

<comp id="156" class="1004" name="last_phi_fu_156">
<pin_list>
<pin id="157" dir="0" index="0" bw="1" slack="1"/>
<pin id="158" dir="0" index="1" bw="0" slack="2147483647"/>
<pin id="159" dir="0" index="2" bw="1" slack="0"/>
<pin id="160" dir="0" index="3" bw="0" slack="2147483647"/>
<pin id="161" dir="1" index="4" bw="1" slack="0"/>
</pin_list>
<bind>
<opcode="phi(47) " fcode="phi"/>
<opset="last/1 "/>
</bind>
</comp>

<comp id="164" class="1005" name="start_reg_164">
<pin_list>
<pin id="165" dir="0" index="0" bw="1" slack="2147483647"/>
<pin id="166" dir="1" index="1" bw="1" slack="2147483647"/>
</pin_list>
<bind>
<opset="start (phireg) "/>
</bind>
</comp>

<comp id="167" class="1004" name="start_phi_fu_167">
<pin_list>
<pin id="168" dir="0" index="0" bw="1" slack="0"/>
<pin id="169" dir="0" index="1" bw="0" slack="2147483647"/>
<pin id="170" dir="0" index="2" bw="1" slack="0"/>
<pin id="171" dir="0" index="3" bw="0" slack="2147483647"/>
<pin id="172" dir="1" index="4" bw="1" slack="0"/>
</pin_list>
<bind>
<opcode="phi(47) " fcode="phi"/>
<opset="start/1 "/>
</bind>
</comp>

<comp id="175" class="1004" name="store_ln0_store_fu_175">
<pin_list>
<pin id="176" dir="0" index="0" bw="16" slack="0"/>
<pin id="177" dir="0" index="1" bw="16" slack="0"/>
<pin id="178" dir="1" index="2" bw="0" slack="2147483647"/>
</pin_list>
<bind>
<opcode="store(28) " fcode="store"/>
<opset="store_ln0/1 "/>
</bind>
</comp>

<comp id="180" class="1004" name="store_ln0_store_fu_180">
<pin_list>
<pin id="181" dir="0" index="0" bw="1" slack="0"/>
<pin id="182" dir="0" index="1" bw="1" slack="0"/>
<pin id="183" dir="1" index="2" bw="0" slack="2147483647"/>
</pin_list>
<bind>
<opcode="store(28) " fcode="store"/>
<opset="store_ln0/1 "/>
</bind>
</comp>

<comp id="185" class="1004" name="store_ln0_store_fu_185">
<pin_list>
<pin id="186" dir="0" index="0" bw="1" slack="0"/>
<pin id="187" dir="0" index="1" bw="16" slack="0"/>
<pin id="188" dir="1" index="2" bw="0" slack="2147483647"/>
</pin_list>
<bind>
<opcode="store(28) " fcode="store"/>
<opset="store_ln0/1 "/>
</bind>
</comp>

<comp id="190" class="1004" name="j_load_fu_190">
<pin_list>
<pin id="191" dir="0" index="0" bw="16" slack="0"/>
<pin id="192" dir="1" index="1" bw="16" slack="0"/>
</pin_list>
<bind>
<opcode="load(27) " fcode="load"/>
<opset="j/1 "/>
</bind>
</comp>

<comp id="193" class="1004" name="icmp_ln67_fu_193">
<pin_list>
<pin id="194" dir="0" index="0" bw="16" slack="0"/>
<pin id="195" dir="0" index="1" bw="16" slack="0"/>
<pin id="196" dir="1" index="2" bw="1" slack="1"/>
</pin_list>
<bind>
<opcode="icmp(45) " fcode="icmp"/>
<opset="icmp_ln67/1 "/>
</bind>
</comp>

<comp id="199" class="1004" name="j_4_fu_199">
<pin_list>
<pin id="200" dir="0" index="0" bw="16" slack="0"/>
<pin id="201" dir="0" index="1" bw="1" slack="0"/>
<pin id="202" dir="1" index="2" bw="16" slack="0"/>
</pin_list>
<bind>
<opcode="add(8) " fcode="add"/>
<opset="j_4/1 "/>
</bind>
</comp>

<comp id="205" class="1004" name="or_ln74_fu_205">
<pin_list>
<pin id="206" dir="0" index="0" bw="1" slack="0"/>
<pin id="207" dir="0" index="1" bw="1" slack="0"/>
<pin id="208" dir="1" index="2" bw="1" slack="2147483647"/>
</pin_list>
<bind>
<opcode="or(24) " fcode="or"/>
<opset="or_ln74/1 "/>
</bind>
</comp>

<comp id="211" class="1004" name="tmp_data_V_fu_211">
<pin_list>
<pin id="212" dir="0" index="0" bw="24" slack="0"/>
<pin id="213" dir="1" index="1" bw="16" slack="0"/>
</pin_list>
<bind>
<opcode="extractvalue(56) " fcode="extractvalue"/>
<opset="tmp_data_V/1 "/>
</bind>
</comp>

<comp id="215" class="1004" name="tmp_last_V_fu_215">
<pin_list>
<pin id="216" dir="0" index="0" bw="24" slack="0"/>
<pin id="217" dir="1" index="1" bw="1" slack="0"/>
</pin_list>
<bind>
<opcode="extractvalue(56) " fcode="extractvalue"/>
<opset="tmp_last_V/1 "/>
</bind>
</comp>

<comp id="219" class="1004" name="store_ln237_store_fu_219">
<pin_list>
<pin id="220" dir="0" index="0" bw="16" slack="0"/>
<pin id="221" dir="0" index="1" bw="16" slack="0"/>
<pin id="222" dir="1" index="2" bw="0" slack="2147483647"/>
</pin_list>
<bind>
<opcode="store(28) " fcode="store"/>
<opset="store_ln237/1 "/>
</bind>
</comp>

<comp id="224" class="1004" name="store_ln237_store_fu_224">
<pin_list>
<pin id="225" dir="0" index="0" bw="1" slack="0"/>
<pin id="226" dir="0" index="1" bw="1" slack="0"/>
<pin id="227" dir="1" index="2" bw="0" slack="2147483647"/>
</pin_list>
<bind>
<opcode="store(28) " fcode="store"/>
<opset="store_ln237/1 "/>
</bind>
</comp>

<comp id="229" class="1004" name="store_ln67_store_fu_229">
<pin_list>
<pin id="230" dir="0" index="0" bw="16" slack="0"/>
<pin id="231" dir="0" index="1" bw="16" slack="0"/>
<pin id="232" dir="1" index="2" bw="0" slack="2147483647"/>
</pin_list>
<bind>
<opcode="store(28) " fcode="store"/>
<opset="store_ln67/1 "/>
</bind>
</comp>

<comp id="234" class="1004" name="axi_last_V_5_load_fu_234">
<pin_list>
<pin id="235" dir="0" index="0" bw="1" slack="1"/>
<pin id="236" dir="1" index="1" bw="1" slack="1"/>
</pin_list>
<bind>
<opcode="load(27) " fcode="load"/>
<opset="axi_last_V_5/2 "/>
</bind>
</comp>

<comp id="237" class="1004" name="p_Val2_s_load_fu_237">
<pin_list>
<pin id="238" dir="0" index="0" bw="16" slack="1"/>
<pin id="239" dir="1" index="1" bw="16" slack="0"/>
</pin_list>
<bind>
<opcode="load(27) " fcode="load"/>
<opset="p_Val2_s/2 "/>
</bind>
</comp>

<comp id="240" class="1004" name="trunc_ln628_fu_240">
<pin_list>
<pin id="241" dir="0" index="0" bw="16" slack="0"/>
<pin id="242" dir="1" index="1" bw="10" slack="0"/>
</pin_list>
<bind>
<opcode="trunc(33) " fcode="trunc"/>
<opset="trunc_ln628/2 "/>
</bind>
</comp>

<comp id="245" class="1004" name="axi_data_V_load_load_fu_245">
<pin_list>
<pin id="246" dir="0" index="0" bw="16" slack="0"/>
<pin id="247" dir="1" index="1" bw="16" slack="0"/>
</pin_list>
<bind>
<opcode="load(27) " fcode="load"/>
<opset="axi_data_V_load/1 "/>
</bind>
</comp>

<comp id="249" class="1005" name="j_3_reg_249">
<pin_list>
<pin id="250" dir="0" index="0" bw="16" slack="0"/>
<pin id="251" dir="1" index="1" bw="16" slack="0"/>
</pin_list>
<bind>
<opset="j_3 "/>
</bind>
</comp>

<comp id="256" class="1005" name="axi_last_V_reg_256">
<pin_list>
<pin id="257" dir="0" index="0" bw="1" slack="0"/>
<pin id="258" dir="1" index="1" bw="1" slack="0"/>
</pin_list>
<bind>
<opset="axi_last_V "/>
</bind>
</comp>

<comp id="263" class="1005" name="axi_data_V_reg_263">
<pin_list>
<pin id="264" dir="0" index="0" bw="16" slack="0"/>
<pin id="265" dir="1" index="1" bw="16" slack="0"/>
</pin_list>
<bind>
<opset="axi_data_V "/>
</bind>
</comp>

<comp id="271" class="1005" name="icmp_ln67_reg_271">
<pin_list>
<pin id="272" dir="0" index="0" bw="1" slack="1"/>
<pin id="273" dir="1" index="1" bw="1" slack="2147483647"/>
</pin_list>
<bind>
<opset="icmp_ln67 "/>
</bind>
</comp>

<comp id="278" class="1005" name="axi_last_V_5_reg_278">
<pin_list>
<pin id="279" dir="0" index="0" bw="1" slack="1"/>
<pin id="280" dir="1" index="1" bw="1" slack="1"/>
</pin_list>
<bind>
<opset="axi_last_V_5 "/>
</bind>
</comp>

</comp_list>

<net_list>
<net id="81"><net_src comp="28" pin="0"/><net_sink comp="78" pin=0"/></net>

<net id="85"><net_src comp="28" pin="0"/><net_sink comp="82" pin=0"/></net>

<net id="89"><net_src comp="28" pin="0"/><net_sink comp="86" pin=0"/></net>

<net id="94"><net_src comp="48" pin="0"/><net_sink comp="90" pin=0"/></net>

<net id="95"><net_src comp="6" pin="0"/><net_sink comp="90" pin=1"/></net>

<net id="100"><net_src comp="50" pin="0"/><net_sink comp="96" pin=0"/></net>

<net id="101"><net_src comp="4" pin="0"/><net_sink comp="96" pin=1"/></net>

<net id="106"><net_src comp="48" pin="0"/><net_sink comp="102" pin=0"/></net>

<net id="107"><net_src comp="2" pin="0"/><net_sink comp="102" pin=1"/></net>

<net id="112"><net_src comp="50" pin="0"/><net_sink comp="108" pin=0"/></net>

<net id="113"><net_src comp="0" pin="0"/><net_sink comp="108" pin=1"/></net>

<net id="124"><net_src comp="70" pin="0"/><net_sink comp="114" pin=0"/></net>

<net id="125"><net_src comp="10" pin="0"/><net_sink comp="114" pin=1"/></net>

<net id="126"><net_src comp="12" pin="0"/><net_sink comp="114" pin=2"/></net>

<net id="127"><net_src comp="14" pin="0"/><net_sink comp="114" pin=3"/></net>

<net id="128"><net_src comp="16" pin="0"/><net_sink comp="114" pin=4"/></net>

<net id="129"><net_src comp="18" pin="0"/><net_sink comp="114" pin=5"/></net>

<net id="130"><net_src comp="20" pin="0"/><net_sink comp="114" pin=6"/></net>

<net id="131"><net_src comp="22" pin="0"/><net_sink comp="114" pin=7"/></net>

<net id="137"><net_src comp="72" pin="0"/><net_sink comp="132" pin=0"/></net>

<net id="138"><net_src comp="8" pin="0"/><net_sink comp="132" pin=1"/></net>

<net id="144"><net_src comp="74" pin="0"/><net_sink comp="139" pin=0"/></net>

<net id="145"><net_src comp="24" pin="0"/><net_sink comp="139" pin=1"/></net>

<net id="151"><net_src comp="76" pin="0"/><net_sink comp="146" pin=0"/></net>

<net id="152"><net_src comp="26" pin="0"/><net_sink comp="146" pin=1"/></net>

<net id="162"><net_src comp="54" pin="0"/><net_sink comp="156" pin=2"/></net>

<net id="163"><net_src comp="156" pin="4"/><net_sink comp="139" pin=2"/></net>

<net id="173"><net_src comp="54" pin="0"/><net_sink comp="167" pin=0"/></net>

<net id="174"><net_src comp="108" pin="2"/><net_sink comp="167" pin=2"/></net>

<net id="179"><net_src comp="102" pin="2"/><net_sink comp="175" pin=0"/></net>

<net id="184"><net_src comp="96" pin="2"/><net_sink comp="180" pin=0"/></net>

<net id="189"><net_src comp="52" pin="0"/><net_sink comp="185" pin=0"/></net>

<net id="197"><net_src comp="190" pin="1"/><net_sink comp="193" pin=0"/></net>

<net id="198"><net_src comp="90" pin="2"/><net_sink comp="193" pin=1"/></net>

<net id="203"><net_src comp="190" pin="1"/><net_sink comp="199" pin=0"/></net>

<net id="204"><net_src comp="62" pin="0"/><net_sink comp="199" pin=1"/></net>

<net id="209"><net_src comp="167" pin="4"/><net_sink comp="205" pin=0"/></net>

<net id="210"><net_src comp="156" pin="4"/><net_sink comp="205" pin=1"/></net>

<net id="214"><net_src comp="114" pin="8"/><net_sink comp="211" pin=0"/></net>

<net id="218"><net_src comp="114" pin="8"/><net_sink comp="215" pin=0"/></net>

<net id="223"><net_src comp="211" pin="1"/><net_sink comp="219" pin=0"/></net>

<net id="228"><net_src comp="215" pin="1"/><net_sink comp="224" pin=0"/></net>

<net id="233"><net_src comp="199" pin="2"/><net_sink comp="229" pin=0"/></net>

<net id="243"><net_src comp="237" pin="1"/><net_sink comp="240" pin=0"/></net>

<net id="244"><net_src comp="240" pin="1"/><net_sink comp="132" pin=2"/></net>

<net id="248"><net_src comp="245" pin="1"/><net_sink comp="146" pin=2"/></net>

<net id="252"><net_src comp="78" pin="1"/><net_sink comp="249" pin=0"/></net>

<net id="253"><net_src comp="249" pin="1"/><net_sink comp="185" pin=1"/></net>

<net id="254"><net_src comp="249" pin="1"/><net_sink comp="190" pin=0"/></net>

<net id="255"><net_src comp="249" pin="1"/><net_sink comp="229" pin=1"/></net>

<net id="259"><net_src comp="82" pin="1"/><net_sink comp="256" pin=0"/></net>

<net id="260"><net_src comp="256" pin="1"/><net_sink comp="180" pin=1"/></net>

<net id="261"><net_src comp="256" pin="1"/><net_sink comp="224" pin=1"/></net>

<net id="262"><net_src comp="256" pin="1"/><net_sink comp="234" pin=0"/></net>

<net id="266"><net_src comp="86" pin="1"/><net_sink comp="263" pin=0"/></net>

<net id="267"><net_src comp="263" pin="1"/><net_sink comp="175" pin=1"/></net>

<net id="268"><net_src comp="263" pin="1"/><net_sink comp="219" pin=1"/></net>

<net id="269"><net_src comp="263" pin="1"/><net_sink comp="237" pin=0"/></net>

<net id="270"><net_src comp="263" pin="1"/><net_sink comp="245" pin=0"/></net>

<net id="274"><net_src comp="193" pin="2"/><net_sink comp="271" pin=0"/></net>

<net id="281"><net_src comp="234" pin="1"/><net_sink comp="278" pin=0"/></net>

<net id="282"><net_src comp="278" pin="1"/><net_sink comp="156" pin=0"/></net>

</net_list>

</model> 
---------------- Datapath Model END ------------------

* FSMD analyzer results:
  - Output states:
	Port: imgInput1_data213 | {2 }
	Port: s_axis_video_V_data_V | {}
	Port: s_axis_video_V_keep_V | {}
	Port: s_axis_video_V_strb_V | {}
	Port: s_axis_video_V_user_V | {}
	Port: s_axis_video_V_last_V | {}
	Port: s_axis_video_V_id_V | {}
	Port: s_axis_video_V_dest_V | {}
	Port: last_out | {1 }
	Port: axi_data_V_3_out | {1 }
 - Input state : 
	Port: AXIVideo2BayerMat<13, 1080, 1920, 1, 3>_Pipeline_loop_col_zxi2mat : start_2 | {1 }
	Port: AXIVideo2BayerMat<13, 1080, 1920, 1, 3>_Pipeline_loop_col_zxi2mat : axi_data_V_2 | {1 }
	Port: AXIVideo2BayerMat<13, 1080, 1920, 1, 3>_Pipeline_loop_col_zxi2mat : axi_last_V_2 | {1 }
	Port: AXIVideo2BayerMat<13, 1080, 1920, 1, 3>_Pipeline_loop_col_zxi2mat : p_read1 | {1 }
	Port: AXIVideo2BayerMat<13, 1080, 1920, 1, 3>_Pipeline_loop_col_zxi2mat : imgInput1_data213 | {}
	Port: AXIVideo2BayerMat<13, 1080, 1920, 1, 3>_Pipeline_loop_col_zxi2mat : s_axis_video_V_data_V | {1 }
	Port: AXIVideo2BayerMat<13, 1080, 1920, 1, 3>_Pipeline_loop_col_zxi2mat : s_axis_video_V_keep_V | {1 }
	Port: AXIVideo2BayerMat<13, 1080, 1920, 1, 3>_Pipeline_loop_col_zxi2mat : s_axis_video_V_strb_V | {1 }
	Port: AXIVideo2BayerMat<13, 1080, 1920, 1, 3>_Pipeline_loop_col_zxi2mat : s_axis_video_V_user_V | {1 }
	Port: AXIVideo2BayerMat<13, 1080, 1920, 1, 3>_Pipeline_loop_col_zxi2mat : s_axis_video_V_last_V | {1 }
	Port: AXIVideo2BayerMat<13, 1080, 1920, 1, 3>_Pipeline_loop_col_zxi2mat : s_axis_video_V_id_V | {1 }
	Port: AXIVideo2BayerMat<13, 1080, 1920, 1, 3>_Pipeline_loop_col_zxi2mat : s_axis_video_V_dest_V | {1 }
  - Chain level:
	State 1
		store_ln0 : 1
		last : 1
		start : 1
		j : 1
		icmp_ln67 : 2
		j_4 : 2
		br_ln67 : 3
		or_ln74 : 2
		br_ln74 : 2
		store_ln237 : 1
		store_ln237 : 1
		store_ln67 : 3
		axi_data_V_load : 1
		write_ln0 : 2
		write_ln0 : 2
	State 2
		trunc_ln628 : 1
		write_ln553 : 2


============================================================
+ Verbose Summary: Datapath Resource usage 
============================================================

* Functional unit list:
|----------|-------------------------------|---------|---------|
| Operation|        Functional Unit        |    FF   |   LUT   |
|----------|-------------------------------|---------|---------|
|    add   |           j_4_fu_199          |    0    |    23   |
|----------|-------------------------------|---------|---------|
|   icmp   |        icmp_ln67_fu_193       |    0    |    13   |
|----------|-------------------------------|---------|---------|
|    or    |         or_ln74_fu_205        |    0    |    2    |
|----------|-------------------------------|---------|---------|
|          |      p_read14_read_fu_90      |    0    |    0    |
|          |  axi_last_V_2_read_read_fu_96 |    0    |    0    |
|   read   | axi_data_V_2_read_read_fu_102 |    0    |    0    |
|          |    start_2_read_read_fu_108   |    0    |    0    |
|          |       empty_read_fu_114       |    0    |    0    |
|----------|-------------------------------|---------|---------|
|          |    write_ln553_write_fu_132   |    0    |    0    |
|   write  |     write_ln0_write_fu_139    |    0    |    0    |
|          |     write_ln0_write_fu_146    |    0    |    0    |
|----------|-------------------------------|---------|---------|
|extractvalue|       tmp_data_V_fu_211       |    0    |    0    |
|          |       tmp_last_V_fu_215       |    0    |    0    |
|----------|-------------------------------|---------|---------|
|   trunc  |       trunc_ln628_fu_240      |    0    |    0    |
|----------|-------------------------------|---------|---------|
|   Total  |                               |    0    |    38   |
|----------|-------------------------------|---------|---------|

Memories:
N/A

* Register list:
+--------------------+--------+
|                    |   FF   |
+--------------------+--------+
| axi_data_V_reg_263 |   16   |
|axi_last_V_5_reg_278|    1   |
| axi_last_V_reg_256 |    1   |
|  icmp_ln67_reg_271 |    1   |
|     j_3_reg_249    |   16   |
|    last_reg_153    |    1   |
|    start_reg_164   |    1   |
+--------------------+--------+
|        Total       |   37   |
+--------------------+--------+

* Multiplexer (MUX) list: 
|--------|------|------|------|--------|
|  Comp  |  Pin | Size |  BW  | S x BW |
|--------|------|------|------|--------|
|  Total |      |      |      |    0   |
|--------|------|------|------|--------|



* Summary:
+-----------+--------+--------+
|           |   FF   |   LUT  |
+-----------+--------+--------+
|  Function |    0   |   38   |
|   Memory  |    -   |    -   |
|Multiplexer|    -   |    -   |
|  Register |   37   |    -   |
+-----------+--------+--------+
|   Total   |   37   |   38   |
+-----------+--------+--------+
