

================================================================
== Vitis HLS Report for 'AXIVideo2BayerMat_13_1080_1920_1_3_s'
================================================================
* Date:           Thu Mar  5 08:43:03 2026

* Version:        2022.2 (Build 3670227 on Oct 13 2022)
* Project:        isppipeline.prj
* Solution:       sol1 (Vivado IP Flow Target)
* Product family: zynquplus
* Target device:  xck26-sfvc784-2LV-c


================================================================
== Performance Estimates
================================================================
+ Timing: 
    * Summary: 
    +--------+---------+----------+------------+
    |  Clock |  Target | Estimated| Uncertainty|
    +--------+---------+----------+------------+
    |ap_clk  |  3.30 ns|  2.409 ns|     0.89 ns|
    +--------+---------+----------+------------+

+ Latency: 
    * Summary: 
    +---------+---------+-----------+----------+-----+---------+---------+
    |  Latency (cycles) |  Latency (absolute)  |    Interval   | Pipeline|
    |   min   |   max   |    min    |    max   | min |   max   |   Type  |
    +---------+---------+-----------+----------+-----+---------+---------+
    |        7|  2085487|  23.100 ns|  6.882 ms|    7|  2085487|       no|
    +---------+---------+-----------+----------+-----+---------+---------+

    + Detail: 
        * Instance: 
        +-------------------------------------------------------------------------+--------------------------------------------------------------+---------+---------+----------+----------+-----+------+---------+
        |                                                                         |                                                              |  Latency (cycles) |  Latency (absolute) |  Interval  | Pipeline|
        |                                 Instance                                |                            Module                            |   min   |   max   |    min   |    max   | min |  max |   Type  |
        +-------------------------------------------------------------------------+--------------------------------------------------------------+---------+---------+----------+----------+-----+------+---------+
        |grp_AXIVideo2BayerMat_13_1080_1920_1_3_Pipeline_loop_start_hunt_fu_185   |AXIVideo2BayerMat_13_1080_1920_1_3_Pipeline_loop_start_hunt   |        2|        2|  6.600 ns|  6.600 ns|    2|     2|       no|
        |grp_AXIVideo2BayerMat_13_1080_1920_1_3_Pipeline_loop_col_zxi2mat_fu_205  |AXIVideo2BayerMat_13_1080_1920_1_3_Pipeline_loop_col_zxi2mat  |        3|     1922|  9.900 ns|  6.343 us|    3|  1922|       no|
        |grp_AXIVideo2BayerMat_13_1080_1920_1_3_Pipeline_loop_last_hunt_fu_232    |AXIVideo2BayerMat_13_1080_1920_1_3_Pipeline_loop_last_hunt    |        2|        2|  6.600 ns|  6.600 ns|    2|     2|       no|
        +-------------------------------------------------------------------------+--------------------------------------------------------------+---------+---------+----------+----------+-----+------+---------+

        * Loop: 
        +--------------------+---------+---------+----------+-----------+-----------+----------+----------+
        |                    |  Latency (cycles) | Iteration|  Initiation Interval  |   Trip   |          |
        |      Loop Name     |   min   |   max   |  Latency |  achieved |   target  |   Count  | Pipelined|
        +--------------------+---------+---------+----------+-----------+-----------+----------+----------+
        |- loop_row_axi2mat  |        1|  2085481|  8 ~ 1931|          -|          -|  0 ~ 1080|        no|
        +--------------------+---------+---------+----------+-----------+-----------+----------+----------+



================================================================
== Utilization Estimates
================================================================
* Summary: 
+-----------------+---------+------+--------+--------+-----+
|       Name      | BRAM_18K|  DSP |   FF   |   LUT  | URAM|
+-----------------+---------+------+--------+--------+-----+
|DSP              |        -|     -|       -|       -|    -|
|Expression       |        -|     -|       0|      51|    -|
|FIFO             |        -|     -|       -|       -|    -|
|Instance         |        -|     -|      45|     244|    -|
|Memory           |        -|     -|       -|       -|    -|
|Multiplexer      |        -|     -|       -|     184|    -|
|Register         |        -|     -|      87|       -|    -|
+-----------------+---------+------+--------+--------+-----+
|Total            |        0|     0|     132|     479|    0|
+-----------------+---------+------+--------+--------+-----+
|Available        |      288|  1248|  234240|  117120|   64|
+-----------------+---------+------+--------+--------+-----+
|Utilization (%)  |        0|     0|      ~0|      ~0|    0|
+-----------------+---------+------+--------+--------+-----+

+ Detail: 
    * Instance: 
    +-------------------------------------------------------------------------+--------------------------------------------------------------+---------+----+----+-----+-----+
    |                                 Instance                                |                            Module                            | BRAM_18K| DSP| FF | LUT | URAM|
    +-------------------------------------------------------------------------+--------------------------------------------------------------+---------+----+----+-----+-----+
    |grp_AXIVideo2BayerMat_13_1080_1920_1_3_Pipeline_loop_col_zxi2mat_fu_205  |AXIVideo2BayerMat_13_1080_1920_1_3_Pipeline_loop_col_zxi2mat  |        0|   0|  38|  158|    0|
    |grp_AXIVideo2BayerMat_13_1080_1920_1_3_Pipeline_loop_last_hunt_fu_232    |AXIVideo2BayerMat_13_1080_1920_1_3_Pipeline_loop_last_hunt    |        0|   0|   4|   52|    0|
    |grp_AXIVideo2BayerMat_13_1080_1920_1_3_Pipeline_loop_start_hunt_fu_185   |AXIVideo2BayerMat_13_1080_1920_1_3_Pipeline_loop_start_hunt   |        0|   0|   3|   34|    0|
    +-------------------------------------------------------------------------+--------------------------------------------------------------+---------+----+----+-----+-----+
    |Total                                                                    |                                                              |        0|   0|  45|  244|    0|
    +-------------------------------------------------------------------------+--------------------------------------------------------------+---------+----+----+-----+-----+

    * DSP: 
    N/A

    * Memory: 
    N/A

    * FIFO: 
    N/A

    * Expression: 
    +---------------------+----------+----+---+----+------------+------------+
    |    Variable Name    | Operation| DSP| FF| LUT| Bitwidth P0| Bitwidth P1|
    +---------------------+----------+----+---+----+------------+------------+
    |i_8_fu_284_p2        |         +|   0|  0|  23|          16|           1|
    |cmp41_fu_271_p2      |      icmp|   0|  0|  13|          16|           1|
    |icmp_ln61_fu_279_p2  |      icmp|   0|  0|  13|          16|          16|
    |ap_block_state1      |        or|   0|  0|   2|           1|           1|
    +---------------------+----------+----+---+----+------------+------------+
    |Total                |          |   0|  0|  51|          49|          19|
    +---------------------+----------+----+---+----+------------+------------+

    * Multiplexer: 
    +--------------------------+----+-----------+-----+-----------+
    |           Name           | LUT| Input Size| Bits| Total Bits|
    +--------------------------+----+-----------+-----+-----------+
    |ap_NS_fsm                 |  65|         12|    1|         12|
    |ap_done                   |   9|          2|    1|          2|
    |axi_data_2_lcssa_reg_163  |   9|          2|   16|         32|
    |axi_data_V_2_fu_90        |   9|          2|   16|         32|
    |axi_last_2_lcssa_reg_152  |   9|          2|    1|          2|
    |axi_last_V_2_reg_142      |   9|          2|    1|          2|
    |i_fu_86                   |   9|          2|   16|         32|
    |imgInput1_cols_c_blk_n    |   9|          2|    1|          2|
    |imgInput1_data213_write   |   9|          2|    1|          2|
    |imgInput1_rows_c_blk_n    |   9|          2|    1|          2|
    |last_0_lcssa_reg_173      |   9|          2|    1|          2|
    |real_start                |   9|          2|    1|          2|
    |s_axis_video_TREADY       |  20|          4|    1|          4|
    +--------------------------+----+-----------+-----+-----------+
    |Total                     | 184|         38|   58|        128|
    +--------------------------+----+-----------+-----+-----------+

    * Register: 
    +--------------------------------------------------------------------------------------+----+----+-----+-----------+
    |                                         Name                                         | FF | LUT| Bits| Const Bits|
    +--------------------------------------------------------------------------------------+----+----+-----+-----------+
    |ap_CS_fsm                                                                             |  11|   0|   11|          0|
    |ap_done_reg                                                                           |   1|   0|    1|          0|
    |axi_data_2_lcssa_reg_163                                                              |  16|   0|   16|          0|
    |axi_data_V_2_fu_90                                                                    |  16|   0|   16|          0|
    |axi_last_2_lcssa_reg_152                                                              |   1|   0|    1|          0|
    |axi_last_V_2_reg_142                                                                  |   1|   0|    1|          0|
    |axi_last_V_4_loc_fu_98                                                                |   1|   0|    1|          0|
    |cmp41_reg_375                                                                         |   1|   0|    1|          0|
    |grp_AXIVideo2BayerMat_13_1080_1920_1_3_Pipeline_loop_col_zxi2mat_fu_205_ap_start_reg  |   1|   0|    1|          0|
    |grp_AXIVideo2BayerMat_13_1080_1920_1_3_Pipeline_loop_last_hunt_fu_232_ap_start_reg    |   1|   0|    1|          0|
    |grp_AXIVideo2BayerMat_13_1080_1920_1_3_Pipeline_loop_start_hunt_fu_185_ap_start_reg   |   1|   0|    1|          0|
    |i_8_reg_383                                                                           |  16|   0|   16|          0|
    |i_fu_86                                                                               |  16|   0|   16|          0|
    |icmp_ln61_reg_379                                                                     |   1|   0|    1|          0|
    |last_0_lcssa_reg_173                                                                  |   1|   0|    1|          0|
    |start_fu_94                                                                           |   1|   0|    1|          0|
    |start_once_reg                                                                        |   1|   0|    1|          0|
    +--------------------------------------------------------------------------------------+----+----+-----+-----------+
    |Total                                                                                 |  87|   0|   87|          0|
    +--------------------------------------------------------------------------------------+----+----+-----+-----------+



================================================================
== Interface
================================================================
* Summary: 
+----------------------------------+-----+-----+------------+-----------------------------------------+--------------+
|             RTL Ports            | Dir | Bits|  Protocol  |              Source Object              |    C Type    |
+----------------------------------+-----+-----+------------+-----------------------------------------+--------------+
|ap_clk                            |   in|    1|  ap_ctrl_hs|  AXIVideo2BayerMat<13, 1080, 1920, 1, 3>|  return value|
|ap_rst                            |   in|    1|  ap_ctrl_hs|  AXIVideo2BayerMat<13, 1080, 1920, 1, 3>|  return value|
|ap_start                          |   in|    1|  ap_ctrl_hs|  AXIVideo2BayerMat<13, 1080, 1920, 1, 3>|  return value|
|start_full_n                      |   in|    1|  ap_ctrl_hs|  AXIVideo2BayerMat<13, 1080, 1920, 1, 3>|  return value|
|ap_done                           |  out|    1|  ap_ctrl_hs|  AXIVideo2BayerMat<13, 1080, 1920, 1, 3>|  return value|
|ap_continue                       |   in|    1|  ap_ctrl_hs|  AXIVideo2BayerMat<13, 1080, 1920, 1, 3>|  return value|
|ap_idle                           |  out|    1|  ap_ctrl_hs|  AXIVideo2BayerMat<13, 1080, 1920, 1, 3>|  return value|
|ap_ready                          |  out|    1|  ap_ctrl_hs|  AXIVideo2BayerMat<13, 1080, 1920, 1, 3>|  return value|
|start_out                         |  out|    1|  ap_ctrl_hs|  AXIVideo2BayerMat<13, 1080, 1920, 1, 3>|  return value|
|start_write                       |  out|    1|  ap_ctrl_hs|  AXIVideo2BayerMat<13, 1080, 1920, 1, 3>|  return value|
|s_axis_video_TDATA                |   in|   16|        axis|                    s_axis_video_V_data_V|       pointer|
|s_axis_video_TVALID               |   in|    1|        axis|                    s_axis_video_V_dest_V|       pointer|
|s_axis_video_TREADY               |  out|    1|        axis|                    s_axis_video_V_dest_V|       pointer|
|s_axis_video_TDEST                |   in|    1|        axis|                    s_axis_video_V_dest_V|       pointer|
|s_axis_video_TKEEP                |   in|    2|        axis|                    s_axis_video_V_keep_V|       pointer|
|s_axis_video_TSTRB                |   in|    2|        axis|                    s_axis_video_V_strb_V|       pointer|
|s_axis_video_TUSER                |   in|    1|        axis|                    s_axis_video_V_user_V|       pointer|
|s_axis_video_TLAST                |   in|    1|        axis|                    s_axis_video_V_last_V|       pointer|
|s_axis_video_TID                  |   in|    1|        axis|                      s_axis_video_V_id_V|       pointer|
|p_read                            |   in|   16|     ap_none|                                   p_read|        scalar|
|p_read1                           |   in|   16|     ap_none|                                  p_read1|        scalar|
|imgInput1_data213_din             |  out|   10|     ap_fifo|                        imgInput1_data213|       pointer|
|imgInput1_data213_num_data_valid  |   in|    3|     ap_fifo|                        imgInput1_data213|       pointer|
|imgInput1_data213_fifo_cap        |   in|    3|     ap_fifo|                        imgInput1_data213|       pointer|
|imgInput1_data213_full_n          |   in|    1|     ap_fifo|                        imgInput1_data213|       pointer|
|imgInput1_data213_write           |  out|    1|     ap_fifo|                        imgInput1_data213|       pointer|
|imgInput1_rows_c_din              |  out|   16|     ap_fifo|                         imgInput1_rows_c|       pointer|
|imgInput1_rows_c_num_data_valid   |   in|    2|     ap_fifo|                         imgInput1_rows_c|       pointer|
|imgInput1_rows_c_fifo_cap         |   in|    2|     ap_fifo|                         imgInput1_rows_c|       pointer|
|imgInput1_rows_c_full_n           |   in|    1|     ap_fifo|                         imgInput1_rows_c|       pointer|
|imgInput1_rows_c_write            |  out|    1|     ap_fifo|                         imgInput1_rows_c|       pointer|
|imgInput1_cols_c_din              |  out|   16|     ap_fifo|                         imgInput1_cols_c|       pointer|
|imgInput1_cols_c_num_data_valid   |   in|    2|     ap_fifo|                         imgInput1_cols_c|       pointer|
|imgInput1_cols_c_fifo_cap         |   in|    2|     ap_fifo|                         imgInput1_cols_c|       pointer|
|imgInput1_cols_c_full_n           |   in|    1|     ap_fifo|                         imgInput1_cols_c|       pointer|
|imgInput1_cols_c_write            |  out|    1|     ap_fifo|                         imgInput1_cols_c|       pointer|
+----------------------------------+-----+-----+------------+-----------------------------------------+--------------+

============================================================
+ Verbose Summary: Synthesis Manager
============================================================
InlineROM: 1
ExposeGlobal: 0
============================================================
+ Verbose Summary: CDFG Model
============================================================
IsTopModel: 0
ResetActiveHigh: 1
IsCombinational: 2
IsDatapathOnly: 0
HasWiredReturn: 1
HasMFsm: 0
HasVarLatency: 1
IsPipeline: 0
IsRtlPipelined: 0
IsInstanceOverlapped: 0
IsDontTouch: 0
HasImplIP: 0
IsGatedGlobalClock: 0


============================================================
+ Verbose Summary: Schedule
============================================================
* Number of FSM states : 11
* Pipeline : 0
* Dataflow Pipeline: 0

* FSM state transitions: 
1 --> 2 
2 --> 3 
3 --> 4 
4 --> 5 
5 --> 6 
6 --> 7 8 
7 --> 8 
8 --> 9 
9 --> 10 
10 --> 11 
11 --> 5 

* FSM state operations: 

State 1 <SV = 0> <Delay = 2.40>
ST_1 : Operation 12 [1/1] (0.00ns)   --->   "%i = alloca i32 1"   --->   Operation 12 'alloca' 'i' <Predicate = true> <Delay = 0.00>
ST_1 : Operation 13 [1/1] (0.00ns)   --->   "%axi_data_V_2 = alloca i32 1"   --->   Operation 13 'alloca' 'axi_data_V_2' <Predicate = true> <Delay = 0.00>
ST_1 : Operation 14 [1/1] (0.00ns)   --->   "%start = alloca i32 1"   --->   Operation 14 'alloca' 'start' <Predicate = true> <Delay = 0.00>
ST_1 : Operation 15 [1/1] (1.20ns)   --->   "%p_read14 = read i16 @_ssdm_op_Read.ap_auto.i16, i16 %p_read1"   --->   Operation 15 'read' 'p_read14' <Predicate = true> <Delay = 1.20> <CoreInst = "FIFO_SRL">   --->   Core 81 'FIFO_SRL' <Latency = 0> <II = 1> <Delay = 1.83> <Storage> <Opcode : 'read' 'write' 'nbread' 'nbwrite'> <Ports = 0> <Width = -1> <Depth = -1> <FIFO>
ST_1 : Operation 16 [1/1] (1.20ns)   --->   "%p_read_26 = read i16 @_ssdm_op_Read.ap_auto.i16, i16 %p_read"   --->   Operation 16 'read' 'p_read_26' <Predicate = true> <Delay = 1.20> <CoreInst = "FIFO_SRL">   --->   Core 81 'FIFO_SRL' <Latency = 0> <II = 1> <Delay = 1.83> <Storage> <Opcode : 'read' 'write' 'nbread' 'nbwrite'> <Ports = 0> <Width = -1> <Depth = -1> <FIFO>
ST_1 : Operation 17 [1/1] (0.00ns)   --->   "%axi_last_V_4_loc = alloca i64 1"   --->   Operation 17 'alloca' 'axi_last_V_4_loc' <Predicate = true> <Delay = 0.00>
ST_1 : Operation 18 [1/1] (0.00ns)   --->   "%axi_data_V_3_loc = alloca i64 1"   --->   Operation 18 'alloca' 'axi_data_V_3_loc' <Predicate = true> <Delay = 0.00>
ST_1 : Operation 19 [1/1] (0.00ns)   --->   "%last_loc = alloca i64 1"   --->   Operation 19 'alloca' 'last_loc' <Predicate = true> <Delay = 0.00>
ST_1 : Operation 20 [1/1] (0.00ns)   --->   "%axi_last_V_loc = alloca i64 1"   --->   Operation 20 'alloca' 'axi_last_V_loc' <Predicate = true> <Delay = 0.00>
ST_1 : Operation 21 [1/1] (1.20ns)   --->   "%write_ln0 = write void @_ssdm_op_Write.ap_fifo.i16P0A, i16 %imgInput1_cols_c, i16 %p_read14"   --->   Operation 21 'write' 'write_ln0' <Predicate = true> <Delay = 1.20> <CoreInst = "FIFO_SRL">   --->   Core 81 'FIFO_SRL' <Latency = 0> <II = 1> <Delay = 1.83> <Storage> <Opcode : 'read' 'write' 'nbread' 'nbwrite'> <Ports = 0> <Width = 16> <Depth = 2> <FIFO>
ST_1 : Operation 22 [1/1] (1.20ns)   --->   "%write_ln0 = write void @_ssdm_op_Write.ap_fifo.i16P0A, i16 %imgInput1_rows_c, i16 %p_read_26"   --->   Operation 22 'write' 'write_ln0' <Predicate = true> <Delay = 1.20> <CoreInst = "FIFO_SRL">   --->   Core 81 'FIFO_SRL' <Latency = 0> <II = 1> <Delay = 1.83> <Storage> <Opcode : 'read' 'write' 'nbread' 'nbwrite'> <Ports = 0> <Width = 16> <Depth = 2> <FIFO>
ST_1 : Operation 23 [1/1] (0.42ns)   --->   "%store_ln61 = store i1 1, i1 %start" [../../../../../overlays/Vitis_Libraries/vision//L1/examples/isppipeline/xf_isp_accel.cpp:61]   --->   Operation 23 'store' 'store_ln61' <Predicate = true> <Delay = 0.42>
ST_1 : Operation 24 [1/1] (0.42ns)   --->   "%store_ln61 = store i16 0, i16 %i" [../../../../../overlays/Vitis_Libraries/vision//L1/examples/isppipeline/xf_isp_accel.cpp:61]   --->   Operation 24 'store' 'store_ln61' <Predicate = true> <Delay = 0.42>

State 2 <SV = 1> <Delay = 0.42>
ST_2 : Operation 25 [1/1] (0.00ns)   --->   "%empty = wait i32 @_ssdm_op_Wait"   --->   Operation 25 'wait' 'empty' <Predicate = true> <Delay = 0.00>
ST_2 : Operation 26 [2/2] (0.42ns)   --->   "%call_ln0 = call void @AXIVideo2BayerMat<13, 1080, 1920, 1, 3>_Pipeline_loop_start_hunt, i16 %s_axis_video_V_data_V, i2 %s_axis_video_V_keep_V, i2 %s_axis_video_V_strb_V, i1 %s_axis_video_V_user_V, i1 %s_axis_video_V_last_V, i1 %s_axis_video_V_id_V, i1 %s_axis_video_V_dest_V, i1 %axi_last_V_loc, i16 %axi_data_V_2"   --->   Operation 26 'call' 'call_ln0' <Predicate = true> <Delay = 0.42> <CoreType = "Generic">   --->   Core 0 '' <Latency = 0> <II = 1> <Delay = 1.00> <Generic> <Opcode : >

State 3 <SV = 2> <Delay = 0.00>
ST_3 : Operation 27 [1/2] (0.00ns)   --->   "%call_ln0 = call void @AXIVideo2BayerMat<13, 1080, 1920, 1, 3>_Pipeline_loop_start_hunt, i16 %s_axis_video_V_data_V, i2 %s_axis_video_V_keep_V, i2 %s_axis_video_V_strb_V, i1 %s_axis_video_V_user_V, i1 %s_axis_video_V_last_V, i1 %s_axis_video_V_id_V, i1 %s_axis_video_V_dest_V, i1 %axi_last_V_loc, i16 %axi_data_V_2"   --->   Operation 27 'call' 'call_ln0' <Predicate = true> <Delay = 0.00> <CoreType = "Generic">   --->   Core 0 '' <Latency = 0> <II = 1> <Delay = 1.00> <Generic> <Opcode : >

State 4 <SV = 3> <Delay = 1.10>
ST_4 : Operation 28 [1/1] (0.00ns)   --->   "%specinterface_ln0 = specinterface void @_ssdm_op_SpecInterface, i16 %imgInput1_cols_c, void @ap_fifo_str, i32 0, i32 0, void @p_str, i32 0, i32 0, void @p_str, void @p_str, void @p_str, i32 2, i32 2, i32 16, i32 16, void @p_str, void @ScalarProp_str, i32 4294967295, i32 0"   --->   Operation 28 'specinterface' 'specinterface_ln0' <Predicate = true> <Delay = 0.00>
ST_4 : Operation 29 [1/1] (0.00ns)   --->   "%specinterface_ln0 = specinterface void @_ssdm_op_SpecInterface, i16 %imgInput1_rows_c, void @ap_fifo_str, i32 0, i32 0, void @p_str, i32 0, i32 0, void @p_str, void @p_str, void @p_str, i32 2, i32 2, i32 16, i32 16, void @p_str, void @ScalarProp_str, i32 4294967295, i32 0"   --->   Operation 29 'specinterface' 'specinterface_ln0' <Predicate = true> <Delay = 0.00>
ST_4 : Operation 30 [1/1] (0.00ns)   --->   "%specaxissidechannel_ln0 = specaxissidechannel void @_ssdm_op_SpecAXISSideChannel, i16 %s_axis_video_V_data_V, i2 %s_axis_video_V_keep_V, i2 %s_axis_video_V_strb_V, i1 %s_axis_video_V_user_V, i1 %s_axis_video_V_last_V, i1 %s_axis_video_V_id_V, i1 %s_axis_video_V_dest_V, void @empty_37"   --->   Operation 30 'specaxissidechannel' 'specaxissidechannel_ln0' <Predicate = true> <Delay = 0.00>
ST_4 : Operation 31 [1/1] (0.00ns)   --->   "%specinterface_ln0 = specinterface void @_ssdm_op_SpecInterface, i10 %imgInput1_data213, void @empty_26, i32 0, i32 0, void @empty_32, i32 0, i32 0, void @empty_32, void @empty_32, void @empty_32, i32 0, i32 0, i32 0, i32 0, void @empty_32, void @empty_32, i32 4294967295, i32 0"   --->   Operation 31 'specinterface' 'specinterface_ln0' <Predicate = true> <Delay = 0.00>
ST_4 : Operation 32 [1/1] (0.00ns)   --->   "%specinterface_ln0 = specinterface void @_ssdm_op_SpecInterface, i16 %s_axis_video_V_data_V, i2 %s_axis_video_V_keep_V, i2 %s_axis_video_V_strb_V, i1 %s_axis_video_V_user_V, i1 %s_axis_video_V_last_V, i1 %s_axis_video_V_id_V, i1 %s_axis_video_V_dest_V, void @empty_18, i32 0, i32 0, void @empty_19, i32 0, i32 0, void @empty_32, void @empty_32, void @empty_32, i32 0, i32 0, i32 0, i32 0, void @empty_32, void @empty_32, i32 4294967295, i32 0"   --->   Operation 32 'specinterface' 'specinterface_ln0' <Predicate = true> <Delay = 0.00>
ST_4 : Operation 33 [1/1] (0.00ns)   --->   "%axi_last_V_loc_load = load i1 %axi_last_V_loc"   --->   Operation 33 'load' 'axi_last_V_loc_load' <Predicate = true> <Delay = 0.00>
ST_4 : Operation 34 [1/1] (0.00ns)   --->   "%empty_275 = wait i32 @_ssdm_op_Wait"   --->   Operation 34 'wait' 'empty_275' <Predicate = true> <Delay = 0.00>
ST_4 : Operation 35 [1/1] (1.10ns)   --->   "%cmp41 = icmp_eq  i16 %p_read14, i16 0"   --->   Operation 35 'icmp' 'cmp41' <Predicate = true> <Delay = 1.10> <CoreInst = "Cmp">   --->   Core 9 'Cmp' <Latency = 0> <II = 1> <Delay = 1.10> <FuncUnit> <Opcode : 'icmp'> <InPorts = 2> <OutPorts = 1>
ST_4 : Operation 36 [1/1] (0.42ns)   --->   "%br_ln61 = br void %loop_col_zxi2mat" [../../../../../overlays/Vitis_Libraries/vision//L1/examples/isppipeline/xf_isp_accel.cpp:61]   --->   Operation 36 'br' 'br_ln61' <Predicate = true> <Delay = 0.42>

State 5 <SV = 4> <Delay = 1.10>
ST_5 : Operation 37 [1/1] (0.00ns)   --->   "%axi_last_V_2 = phi i1 %axi_last_V_loc_load, void %entry, i1 %axi_last_V_4_loc_load, void %loop_last_hunt"   --->   Operation 37 'phi' 'axi_last_V_2' <Predicate = true> <Delay = 0.00>
ST_5 : Operation 38 [1/1] (0.00ns)   --->   "%i_7 = load i16 %i" [../../../../../overlays/Vitis_Libraries/vision//L1/examples/isppipeline/xf_isp_accel.cpp:61]   --->   Operation 38 'load' 'i_7' <Predicate = true> <Delay = 0.00>
ST_5 : Operation 39 [1/1] (1.10ns)   --->   "%icmp_ln61 = icmp_eq  i16 %i_7, i16 %p_read_26" [../../../../../overlays/Vitis_Libraries/vision//L1/examples/isppipeline/xf_isp_accel.cpp:61]   --->   Operation 39 'icmp' 'icmp_ln61' <Predicate = true> <Delay = 1.10> <CoreInst = "Cmp">   --->   Core 9 'Cmp' <Latency = 0> <II = 1> <Delay = 1.10> <FuncUnit> <Opcode : 'icmp'> <InPorts = 2> <OutPorts = 1>
ST_5 : Operation 40 [1/1] (0.85ns)   --->   "%i_8 = add i16 %i_7, i16 1" [../../../../../overlays/Vitis_Libraries/vision//L1/examples/isppipeline/xf_isp_accel.cpp:61]   --->   Operation 40 'add' 'i_8' <Predicate = true> <Delay = 0.85> <CoreInst = "Adder">   --->   Core 1 'Adder' <Latency = 0> <II = 1> <Delay = 0.85> <FuncUnit> <Opcode : 'add' 'sub'> <InPorts = 2> <OutPorts = 1>

State 6 <SV = 5> <Delay = 1.52>
ST_6 : Operation 41 [1/1] (0.00ns)   --->   "%axi_data_V = load i16 %axi_data_V_2"   --->   Operation 41 'load' 'axi_data_V' <Predicate = true> <Delay = 0.00>
ST_6 : Operation 42 [1/1] (0.00ns)   --->   "%br_ln61 = br i1 %icmp_ln61, void %loop_col_zxi2mat.split, void %for.end18.loopexit" [../../../../../overlays/Vitis_Libraries/vision//L1/examples/isppipeline/xf_isp_accel.cpp:61]   --->   Operation 42 'br' 'br_ln61' <Predicate = true> <Delay = 0.00>
ST_6 : Operation 43 [1/1] (0.00ns)   --->   "%speclooptripcount_ln64 = speclooptripcount void @_ssdm_op_SpecLoopTripCount, i64 0, i64 1080, i64 1080" [../../../../../overlays/Vitis_Libraries/vision//L1/examples/isppipeline/xf_isp_accel.cpp:64]   --->   Operation 43 'speclooptripcount' 'speclooptripcount_ln64' <Predicate = (!icmp_ln61)> <Delay = 0.00>
ST_6 : Operation 44 [1/1] (0.00ns)   --->   "%specloopname_ln38 = specloopname void @_ssdm_op_SpecLoopName, void @empty_22" [../../../../../overlays/Vitis_Libraries/vision//L1/examples/isppipeline/xf_isp_accel.cpp:38]   --->   Operation 44 'specloopname' 'specloopname_ln38' <Predicate = (!icmp_ln61)> <Delay = 0.00>
ST_6 : Operation 45 [1/1] (0.42ns)   --->   "%br_ln67 = br i1 %cmp41, void %for.body6.preheader, void %loop_last_hunt" [../../../../../overlays/Vitis_Libraries/vision//L1/examples/isppipeline/xf_isp_accel.cpp:67]   --->   Operation 45 'br' 'br_ln67' <Predicate = (!icmp_ln61)> <Delay = 0.42>
ST_6 : Operation 46 [1/1] (0.00ns)   --->   "%start_load = load i1 %start"   --->   Operation 46 'load' 'start_load' <Predicate = (!icmp_ln61 & !cmp41)> <Delay = 0.00>
ST_6 : Operation 47 [1/1] (0.00ns)   --->   "%empty_276 = wait i32 @_ssdm_op_Wait"   --->   Operation 47 'wait' 'empty_276' <Predicate = (!icmp_ln61 & !cmp41)> <Delay = 0.00>
ST_6 : Operation 48 [2/2] (1.52ns)   --->   "%call_ln0 = call void @AXIVideo2BayerMat<13, 1080, 1920, 1, 3>_Pipeline_loop_col_zxi2mat, i1 %start_load, i16 %axi_data_V, i1 %axi_last_V_2, i16 %p_read14, i10 %imgInput1_data213, i16 %s_axis_video_V_data_V, i2 %s_axis_video_V_keep_V, i2 %s_axis_video_V_strb_V, i1 %s_axis_video_V_user_V, i1 %s_axis_video_V_last_V, i1 %s_axis_video_V_id_V, i1 %s_axis_video_V_dest_V, i1 %last_loc, i16 %axi_data_V_3_loc"   --->   Operation 48 'call' 'call_ln0' <Predicate = (!icmp_ln61 & !cmp41)> <Delay = 1.52> <CoreType = "Generic">   --->   Core 0 '' <Latency = 0> <II = 1> <Delay = 1.00> <Generic> <Opcode : >
ST_6 : Operation 49 [1/1] (0.00ns)   --->   "%ret_ln98 = ret" [../../../../../overlays/Vitis_Libraries/vision//L1/examples/isppipeline/xf_isp_accel.cpp:98]   --->   Operation 49 'ret' 'ret_ln98' <Predicate = (icmp_ln61)> <Delay = 0.00>

State 7 <SV = 6> <Delay = 1.52>
ST_7 : Operation 50 [1/2] (1.52ns)   --->   "%call_ln0 = call void @AXIVideo2BayerMat<13, 1080, 1920, 1, 3>_Pipeline_loop_col_zxi2mat, i1 %start_load, i16 %axi_data_V, i1 %axi_last_V_2, i16 %p_read14, i10 %imgInput1_data213, i16 %s_axis_video_V_data_V, i2 %s_axis_video_V_keep_V, i2 %s_axis_video_V_strb_V, i1 %s_axis_video_V_user_V, i1 %s_axis_video_V_last_V, i1 %s_axis_video_V_id_V, i1 %s_axis_video_V_dest_V, i1 %last_loc, i16 %axi_data_V_3_loc"   --->   Operation 50 'call' 'call_ln0' <Predicate = true> <Delay = 1.52> <CoreType = "Generic">   --->   Core 0 '' <Latency = 0> <II = 1> <Delay = 1.00> <Generic> <Opcode : >

State 8 <SV = 7> <Delay = 0.42>
ST_8 : Operation 51 [1/1] (0.00ns)   --->   "%last_loc_load = load i1 %last_loc"   --->   Operation 51 'load' 'last_loc_load' <Predicate = (!cmp41)> <Delay = 0.00>
ST_8 : Operation 52 [1/1] (0.00ns)   --->   "%axi_data_V_3_loc_load = load i16 %axi_data_V_3_loc"   --->   Operation 52 'load' 'axi_data_V_3_loc_load' <Predicate = (!cmp41)> <Delay = 0.00>
ST_8 : Operation 53 [1/1] (0.00ns)   --->   "%empty_277 = wait i32 @_ssdm_op_Wait"   --->   Operation 53 'wait' 'empty_277' <Predicate = (!cmp41)> <Delay = 0.00>
ST_8 : Operation 54 [1/1] (0.42ns)   --->   "%store_ln0 = store i1 0, i1 %start"   --->   Operation 54 'store' 'store_ln0' <Predicate = (!cmp41)> <Delay = 0.42>
ST_8 : Operation 55 [1/1] (0.42ns)   --->   "%br_ln0 = br void %loop_last_hunt"   --->   Operation 55 'br' 'br_ln0' <Predicate = (!cmp41)> <Delay = 0.42>
ST_8 : Operation 56 [1/1] (0.42ns)   --->   "%store_ln61 = store i16 %i_8, i16 %i" [../../../../../overlays/Vitis_Libraries/vision//L1/examples/isppipeline/xf_isp_accel.cpp:61]   --->   Operation 56 'store' 'store_ln61' <Predicate = true> <Delay = 0.42>

State 9 <SV = 8> <Delay = 0.85>
ST_9 : Operation 57 [1/1] (0.00ns)   --->   "%axi_last_2_lcssa = phi i1 %last_loc_load, void %for.body6.preheader, i1 %axi_last_V_2, void %loop_col_zxi2mat.split"   --->   Operation 57 'phi' 'axi_last_2_lcssa' <Predicate = true> <Delay = 0.00>
ST_9 : Operation 58 [1/1] (0.00ns)   --->   "%axi_data_2_lcssa = phi i16 %axi_data_V_3_loc_load, void %for.body6.preheader, i16 %axi_data_V, void %loop_col_zxi2mat.split"   --->   Operation 58 'phi' 'axi_data_2_lcssa' <Predicate = true> <Delay = 0.00>
ST_9 : Operation 59 [1/1] (0.00ns)   --->   "%last_0_lcssa = phi i1 %last_loc_load, void %for.body6.preheader, i1 0, void %loop_col_zxi2mat.split"   --->   Operation 59 'phi' 'last_0_lcssa' <Predicate = true> <Delay = 0.00>
ST_9 : Operation 60 [1/1] (0.00ns)   --->   "%empty_278 = wait i32 @_ssdm_op_Wait"   --->   Operation 60 'wait' 'empty_278' <Predicate = true> <Delay = 0.00>
ST_9 : Operation 61 [2/2] (0.85ns)   --->   "%call_ln0 = call void @AXIVideo2BayerMat<13, 1080, 1920, 1, 3>_Pipeline_loop_last_hunt, i1 %axi_last_2_lcssa, i16 %axi_data_2_lcssa, i1 %last_0_lcssa, i16 %s_axis_video_V_data_V, i2 %s_axis_video_V_keep_V, i2 %s_axis_video_V_strb_V, i1 %s_axis_video_V_user_V, i1 %s_axis_video_V_last_V, i1 %s_axis_video_V_id_V, i1 %s_axis_video_V_dest_V, i1 %axi_last_V_4_loc, i16 %axi_data_V_2"   --->   Operation 61 'call' 'call_ln0' <Predicate = true> <Delay = 0.85> <CoreType = "Generic">   --->   Core 0 '' <Latency = 0> <II = 1> <Delay = 1.00> <Generic> <Opcode : >

State 10 <SV = 9> <Delay = 0.42>
ST_10 : Operation 62 [1/2] (0.42ns)   --->   "%call_ln0 = call void @AXIVideo2BayerMat<13, 1080, 1920, 1, 3>_Pipeline_loop_last_hunt, i1 %axi_last_2_lcssa, i16 %axi_data_2_lcssa, i1 %last_0_lcssa, i16 %s_axis_video_V_data_V, i2 %s_axis_video_V_keep_V, i2 %s_axis_video_V_strb_V, i1 %s_axis_video_V_user_V, i1 %s_axis_video_V_last_V, i1 %s_axis_video_V_id_V, i1 %s_axis_video_V_dest_V, i1 %axi_last_V_4_loc, i16 %axi_data_V_2"   --->   Operation 62 'call' 'call_ln0' <Predicate = true> <Delay = 0.42> <CoreType = "Generic">   --->   Core 0 '' <Latency = 0> <II = 1> <Delay = 1.00> <Generic> <Opcode : >

State 11 <SV = 10> <Delay = 0.00>
ST_11 : Operation 63 [1/1] (0.00ns)   --->   "%axi_last_V_4_loc_load = load i1 %axi_last_V_4_loc"   --->   Operation 63 'load' 'axi_last_V_4_loc_load' <Predicate = true> <Delay = 0.00>
ST_11 : Operation 64 [1/1] (0.00ns)   --->   "%br_ln61 = br void %loop_col_zxi2mat" [../../../../../overlays/Vitis_Libraries/vision//L1/examples/isppipeline/xf_isp_accel.cpp:61]   --->   Operation 64 'br' 'br_ln61' <Predicate = true> <Delay = 0.00>


============================================================
+ Verbose Summary: Binding
============================================================
STG Binding: 
---------------- STG Properties BEGIN ----------------
- Is combinational: 0
- Is one-state seq: 0
- Is datapath-only: 0
- Is pipelined: 0
- Is top level: 0
Port [ Return ] is wired: 1; IO mode=ap_ctrl_hs:ce=0
Port [ s_axis_video_V_data_V]:  wired=1; compound=1; hidden=0; nouse=0; global=0; static=0; extern=0; dir=0; type=0; pingpong=0; private_global=0; IO mode=axis:ce=0
Port [ s_axis_video_V_keep_V]:  wired=1; compound=1; hidden=0; nouse=0; global=0; static=0; extern=0; dir=0; type=0; pingpong=0; private_global=0; IO mode=axis:ce=0
Port [ s_axis_video_V_strb_V]:  wired=1; compound=1; hidden=0; nouse=0; global=0; static=0; extern=0; dir=0; type=0; pingpong=0; private_global=0; IO mode=axis:ce=0
Port [ s_axis_video_V_user_V]:  wired=1; compound=1; hidden=0; nouse=0; global=0; static=0; extern=0; dir=0; type=0; pingpong=0; private_global=0; IO mode=axis:ce=0
Port [ s_axis_video_V_last_V]:  wired=1; compound=1; hidden=0; nouse=0; global=0; static=0; extern=0; dir=0; type=0; pingpong=0; private_global=0; IO mode=axis:ce=0
Port [ s_axis_video_V_id_V]:  wired=1; compound=1; hidden=0; nouse=0; global=0; static=0; extern=0; dir=0; type=0; pingpong=0; private_global=0; IO mode=axis:ce=0
Port [ s_axis_video_V_dest_V]:  wired=1; compound=1; hidden=0; nouse=0; global=0; static=0; extern=0; dir=0; type=0; pingpong=0; private_global=0; IO mode=axis:ce=0
Port [ p_read]:  wired=1; compound=0; hidden=0; nouse=0; global=0; static=0; extern=0; dir=0; type=0; pingpong=0; private_global=0; IO mode=ap_none:ce=0
Port [ p_read1]:  wired=1; compound=0; hidden=0; nouse=0; global=0; static=0; extern=0; dir=0; type=0; pingpong=0; private_global=0; IO mode=ap_none:ce=0
Port [ imgInput1_data213]:  wired=1; compound=1; hidden=0; nouse=0; global=0; static=0; extern=0; dir=1; type=3; pingpong=0; private_global=0; IO mode=ap_fifo:ce=0
Port [ imgInput1_rows_c]:  wired=1; compound=1; hidden=0; nouse=0; global=0; static=0; extern=0; dir=1; type=3; pingpong=0; private_global=0; IO mode=ap_fifo:ce=0
Port [ imgInput1_cols_c]:  wired=1; compound=1; hidden=0; nouse=0; global=0; static=0; extern=0; dir=1; type=3; pingpong=0; private_global=0; IO mode=ap_fifo:ce=0
---------------- STG Properties END ------------------

---------------- Datapath Model BEGIN ----------------

<LifeTime>
<method=bitvector/>
i                       (alloca             ) [ 011111111111]
axi_data_V_2            (alloca             ) [ 001111111111]
start                   (alloca             ) [ 011111111111]
p_read14                (read               ) [ 001111111111]
p_read_26               (read               ) [ 001111111111]
axi_last_V_4_loc        (alloca             ) [ 001111111111]
axi_data_V_3_loc        (alloca             ) [ 001111111111]
last_loc                (alloca             ) [ 001111111111]
axi_last_V_loc          (alloca             ) [ 001110000000]
write_ln0               (write              ) [ 000000000000]
write_ln0               (write              ) [ 000000000000]
store_ln61              (store              ) [ 000000000000]
store_ln61              (store              ) [ 000000000000]
empty                   (wait               ) [ 000000000000]
call_ln0                (call               ) [ 000000000000]
specinterface_ln0       (specinterface      ) [ 000000000000]
specinterface_ln0       (specinterface      ) [ 000000000000]
specaxissidechannel_ln0 (specaxissidechannel) [ 000000000000]
specinterface_ln0       (specinterface      ) [ 000000000000]
specinterface_ln0       (specinterface      ) [ 000000000000]
axi_last_V_loc_load     (load               ) [ 000011111111]
empty_275               (wait               ) [ 000000000000]
cmp41                   (icmp               ) [ 000001111111]
br_ln61                 (br                 ) [ 000011111111]
axi_last_V_2            (phi                ) [ 000001111100]
i_7                     (load               ) [ 000000000000]
icmp_ln61               (icmp               ) [ 000000100000]
i_8                     (add                ) [ 000000111000]
axi_data_V              (load               ) [ 000001111111]
br_ln61                 (br                 ) [ 000000000000]
speclooptripcount_ln64  (speclooptripcount  ) [ 000000000000]
specloopname_ln38       (specloopname       ) [ 000000000000]
br_ln67                 (br                 ) [ 000001111111]
start_load              (load               ) [ 000000010000]
empty_276               (wait               ) [ 000000000000]
ret_ln98                (ret                ) [ 000000000000]
call_ln0                (call               ) [ 000000000000]
last_loc_load           (load               ) [ 000001111111]
axi_data_V_3_loc_load   (load               ) [ 000001111111]
empty_277               (wait               ) [ 000000000000]
store_ln0               (store              ) [ 000000000000]
br_ln0                  (br                 ) [ 000001111111]
store_ln61              (store              ) [ 000000000000]
axi_last_2_lcssa        (phi                ) [ 000000000110]
axi_data_2_lcssa        (phi                ) [ 000000000110]
last_0_lcssa            (phi                ) [ 000000000110]
empty_278               (wait               ) [ 000000000000]
call_ln0                (call               ) [ 000000000000]
axi_last_V_4_loc_load   (load               ) [ 000011111111]
br_ln61                 (br                 ) [ 000011111111]
</LifeTime>

<model>

<comp_list>
<comp id="0" class="1000" name="s_axis_video_V_data_V">
<pin_list>
<pin id="1" dir="1" index="0" bw="1" slack="0"/>
</pin_list>
<bind>
<StgValue><ssdm name="s_axis_video_V_data_V"/></StgValue>
</bind>
</comp>

<comp id="2" class="1000" name="s_axis_video_V_keep_V">
<pin_list>
<pin id="3" dir="1" index="0" bw="1" slack="0"/>
</pin_list>
<bind>
<StgValue><ssdm name="s_axis_video_V_keep_V"/></StgValue>
</bind>
</comp>

<comp id="4" class="1000" name="s_axis_video_V_strb_V">
<pin_list>
<pin id="5" dir="1" index="0" bw="1" slack="0"/>
</pin_list>
<bind>
<StgValue><ssdm name="s_axis_video_V_strb_V"/></StgValue>
</bind>
</comp>

<comp id="6" class="1000" name="s_axis_video_V_user_V">
<pin_list>
<pin id="7" dir="1" index="0" bw="1" slack="0"/>
</pin_list>
<bind>
<StgValue><ssdm name="s_axis_video_V_user_V"/></StgValue>
</bind>
</comp>

<comp id="8" class="1000" name="s_axis_video_V_last_V">
<pin_list>
<pin id="9" dir="1" index="0" bw="1" slack="0"/>
</pin_list>
<bind>
<StgValue><ssdm name="s_axis_video_V_last_V"/></StgValue>
</bind>
</comp>

<comp id="10" class="1000" name="s_axis_video_V_id_V">
<pin_list>
<pin id="11" dir="1" index="0" bw="1" slack="0"/>
</pin_list>
<bind>
<StgValue><ssdm name="s_axis_video_V_id_V"/></StgValue>
</bind>
</comp>

<comp id="12" class="1000" name="s_axis_video_V_dest_V">
<pin_list>
<pin id="13" dir="1" index="0" bw="1" slack="0"/>
</pin_list>
<bind>
<StgValue><ssdm name="s_axis_video_V_dest_V"/></StgValue>
</bind>
</comp>

<comp id="14" class="1000" name="p_read">
<pin_list>
<pin id="15" dir="1" index="0" bw="1" slack="0"/>
</pin_list>
<bind>
<StgValue><ssdm name="p_read"/></StgValue>
</bind>
</comp>

<comp id="16" class="1000" name="p_read1">
<pin_list>
<pin id="17" dir="1" index="0" bw="1" slack="0"/>
</pin_list>
<bind>
<StgValue><ssdm name="p_read1"/></StgValue>
</bind>
</comp>

<comp id="18" class="1000" name="imgInput1_data213">
<pin_list>
<pin id="19" dir="1" index="0" bw="1" slack="0"/>
</pin_list>
<bind>
<StgValue><ssdm name="imgInput1_data213"/></StgValue>
</bind>
</comp>

<comp id="20" class="1000" name="imgInput1_rows_c">
<pin_list>
<pin id="21" dir="1" index="0" bw="1" slack="0"/>
</pin_list>
<bind>
<StgValue><ssdm name="imgInput1_rows_c"/></StgValue>
</bind>
</comp>

<comp id="22" class="1000" name="imgInput1_cols_c">
<pin_list>
<pin id="23" dir="1" index="0" bw="1" slack="0"/>
</pin_list>
<bind>
<StgValue><ssdm name="imgInput1_cols_c"/></StgValue>
</bind>
</comp>

<comp id="24" class="1001" name="const_24">
<pin_list>
<pin id="25" dir="1" index="0" bw="1" slack="0"/>
</pin_list>
<bind>
<StgValue><ssdm name=""/></StgValue>
</bind>
</comp>

<comp id="26" class="1001" name="const_26">
<pin_list>
<pin id="27" dir="1" index="0" bw="1" slack="0"/>
</pin_list>
<bind>
<StgValue><ssdm name="_ssdm_op_Read.ap_auto.i16"/></StgValue>
</bind>
</comp>

<comp id="28" class="1001" name="const_28">
<pin_list>
<pin id="29" dir="1" index="0" bw="1" slack="0"/>
</pin_list>
<bind>
<StgValue><ssdm name=""/></StgValue>
</bind>
</comp>

<comp id="30" class="1001" name="const_30">
<pin_list>
<pin id="31" dir="1" index="0" bw="1" slack="0"/>
</pin_list>
<bind>
<StgValue><ssdm name="_ssdm_op_Write.ap_fifo.i16P0A"/></StgValue>
</bind>
</comp>

<comp id="32" class="1001" name="const_32">
<pin_list>
<pin id="33" dir="1" index="0" bw="1" slack="0"/>
</pin_list>
<bind>
<StgValue><ssdm name=""/></StgValue>
</bind>
</comp>

<comp id="34" class="1001" name="const_34">
<pin_list>
<pin id="35" dir="1" index="0" bw="1" slack="0"/>
</pin_list>
<bind>
<StgValue><ssdm name=""/></StgValue>
</bind>
</comp>

<comp id="36" class="1001" name="const_36">
<pin_list>
<pin id="37" dir="1" index="0" bw="1" slack="2147483647"/>
</pin_list>
<bind>
<StgValue><ssdm name="_ssdm_op_Wait"/></StgValue>
</bind>
</comp>

<comp id="38" class="1001" name="const_38">
<pin_list>
<pin id="39" dir="1" index="0" bw="1" slack="0"/>
</pin_list>
<bind>
<StgValue><ssdm name="AXIVideo2BayerMat<13, 1080, 1920, 1, 3>_Pipeline_loop_start_hunt"/></StgValue>
</bind>
</comp>

<comp id="40" class="1001" name="const_40">
<pin_list>
<pin id="41" dir="1" index="0" bw="1" slack="2147483647"/>
</pin_list>
<bind>
<StgValue><ssdm name="_ssdm_op_SpecInterface"/></StgValue>
</bind>
</comp>

<comp id="42" class="1001" name="const_42">
<pin_list>
<pin id="43" dir="1" index="0" bw="1" slack="2147483647"/>
</pin_list>
<bind>
<StgValue><ssdm name="ap_fifo_str"/></StgValue>
</bind>
</comp>

<comp id="44" class="1001" name="const_44">
<pin_list>
<pin id="45" dir="1" index="0" bw="1" slack="2147483647"/>
</pin_list>
<bind>
<StgValue><ssdm name=""/></StgValue>
</bind>
</comp>

<comp id="46" class="1001" name="const_46">
<pin_list>
<pin id="47" dir="1" index="0" bw="1" slack="2147483647"/>
</pin_list>
<bind>
<StgValue><ssdm name="p_str"/></StgValue>
</bind>
</comp>

<comp id="48" class="1001" name="const_48">
<pin_list>
<pin id="49" dir="1" index="0" bw="1" slack="2147483647"/>
</pin_list>
<bind>
<StgValue><ssdm name=""/></StgValue>
</bind>
</comp>

<comp id="50" class="1001" name="const_50">
<pin_list>
<pin id="51" dir="1" index="0" bw="1" slack="2147483647"/>
</pin_list>
<bind>
<StgValue><ssdm name=""/></StgValue>
</bind>
</comp>

<comp id="52" class="1001" name="const_52">
<pin_list>
<pin id="53" dir="1" index="0" bw="1" slack="2147483647"/>
</pin_list>
<bind>
<StgValue><ssdm name="ScalarProp_str"/></StgValue>
</bind>
</comp>

<comp id="54" class="1001" name="const_54">
<pin_list>
<pin id="55" dir="1" index="0" bw="1" slack="2147483647"/>
</pin_list>
<bind>
<StgValue><ssdm name=""/></StgValue>
</bind>
</comp>

<comp id="56" class="1001" name="const_56">
<pin_list>
<pin id="57" dir="1" index="0" bw="1" slack="2147483647"/>
</pin_list>
<bind>
<StgValue><ssdm name="_ssdm_op_SpecAXISSideChannel"/></StgValue>
</bind>
</comp>

<comp id="58" class="1001" name="const_58">
<pin_list>
<pin id="59" dir="1" index="0" bw="1" slack="2147483647"/>
</pin_list>
<bind>
<StgValue><ssdm name="empty_37"/></StgValue>
</bind>
</comp>

<comp id="60" class="1001" name="const_60">
<pin_list>
<pin id="61" dir="1" index="0" bw="1" slack="2147483647"/>
</pin_list>
<bind>
<StgValue><ssdm name="empty_26"/></StgValue>
</bind>
</comp>

<comp id="62" class="1001" name="const_62">
<pin_list>
<pin id="63" dir="1" index="0" bw="1" slack="2147483647"/>
</pin_list>
<bind>
<StgValue><ssdm name="empty_32"/></StgValue>
</bind>
</comp>

<comp id="64" class="1001" name="const_64">
<pin_list>
<pin id="65" dir="1" index="0" bw="1" slack="2147483647"/>
</pin_list>
<bind>
<StgValue><ssdm name="empty_18"/></StgValue>
</bind>
</comp>

<comp id="66" class="1001" name="const_66">
<pin_list>
<pin id="67" dir="1" index="0" bw="1" slack="2147483647"/>
</pin_list>
<bind>
<StgValue><ssdm name="empty_19"/></StgValue>
</bind>
</comp>

<comp id="68" class="1001" name="const_68">
<pin_list>
<pin id="69" dir="1" index="0" bw="1" slack="0"/>
</pin_list>
<bind>
<StgValue><ssdm name=""/></StgValue>
</bind>
</comp>

<comp id="70" class="1001" name="const_70">
<pin_list>
<pin id="71" dir="1" index="0" bw="1" slack="2147483647"/>
</pin_list>
<bind>
<StgValue><ssdm name="_ssdm_op_SpecLoopTripCount"/></StgValue>
</bind>
</comp>

<comp id="72" class="1001" name="const_72">
<pin_list>
<pin id="73" dir="1" index="0" bw="1" slack="2147483647"/>
</pin_list>
<bind>
<StgValue><ssdm name=""/></StgValue>
</bind>
</comp>

<comp id="74" class="1001" name="const_74">
<pin_list>
<pin id="75" dir="1" index="0" bw="1" slack="2147483647"/>
</pin_list>
<bind>
<StgValue><ssdm name=""/></StgValue>
</bind>
</comp>

<comp id="76" class="1001" name="const_76">
<pin_list>
<pin id="77" dir="1" index="0" bw="1" slack="2147483647"/>
</pin_list>
<bind>
<StgValue><ssdm name="_ssdm_op_SpecLoopName"/></StgValue>
</bind>
</comp>

<comp id="78" class="1001" name="const_78">
<pin_list>
<pin id="79" dir="1" index="0" bw="1" slack="2147483647"/>
</pin_list>
<bind>
<StgValue><ssdm name="empty_22"/></StgValue>
</bind>
</comp>

<comp id="80" class="1001" name="const_80">
<pin_list>
<pin id="81" dir="1" index="0" bw="1" slack="0"/>
</pin_list>
<bind>
<StgValue><ssdm name="AXIVideo2BayerMat<13, 1080, 1920, 1, 3>_Pipeline_loop_col_zxi2mat"/></StgValue>
</bind>
</comp>

<comp id="82" class="1001" name="const_82">
<pin_list>
<pin id="83" dir="1" index="0" bw="1" slack="0"/>
</pin_list>
<bind>
<StgValue><ssdm name=""/></StgValue>
</bind>
</comp>

<comp id="84" class="1001" name="const_84">
<pin_list>
<pin id="85" dir="1" index="0" bw="1" slack="0"/>
</pin_list>
<bind>
<StgValue><ssdm name="AXIVideo2BayerMat<13, 1080, 1920, 1, 3>_Pipeline_loop_last_hunt"/></StgValue>
</bind>
</comp>

<comp id="86" class="1004" name="i_fu_86">
<pin_list>
<pin id="87" dir="0" index="0" bw="1" slack="0"/>
<pin id="88" dir="1" index="1" bw="16" slack="0"/>
</pin_list>
<bind>
<opcode="alloca(26) " fcode="alloca"/>
<opset="i/1 "/>
</bind>
</comp>

<comp id="90" class="1004" name="axi_data_V_2_fu_90">
<pin_list>
<pin id="91" dir="0" index="0" bw="1" slack="0"/>
<pin id="92" dir="1" index="1" bw="16" slack="1"/>
</pin_list>
<bind>
<opcode="alloca(26) " fcode="alloca"/>
<opset="axi_data_V_2/1 "/>
</bind>
</comp>

<comp id="94" class="1004" name="start_fu_94">
<pin_list>
<pin id="95" dir="0" index="0" bw="1" slack="0"/>
<pin id="96" dir="1" index="1" bw="1" slack="0"/>
</pin_list>
<bind>
<opcode="alloca(26) " fcode="alloca"/>
<opset="start/1 "/>
</bind>
</comp>

<comp id="98" class="1004" name="axi_last_V_4_loc_fu_98">
<pin_list>
<pin id="99" dir="0" index="0" bw="1" slack="0"/>
<pin id="100" dir="1" index="1" bw="1" slack="8"/>
</pin_list>
<bind>
<opcode="alloca(26) " fcode="alloca"/>
<opset="axi_last_V_4_loc/1 "/>
</bind>
</comp>

<comp id="102" class="1004" name="axi_data_V_3_loc_fu_102">
<pin_list>
<pin id="103" dir="0" index="0" bw="1" slack="0"/>
<pin id="104" dir="1" index="1" bw="16" slack="5"/>
</pin_list>
<bind>
<opcode="alloca(26) " fcode="alloca"/>
<opset="axi_data_V_3_loc/1 "/>
</bind>
</comp>

<comp id="106" class="1004" name="last_loc_fu_106">
<pin_list>
<pin id="107" dir="0" index="0" bw="1" slack="0"/>
<pin id="108" dir="1" index="1" bw="1" slack="5"/>
</pin_list>
<bind>
<opcode="alloca(26) " fcode="alloca"/>
<opset="last_loc/1 "/>
</bind>
</comp>

<comp id="110" class="1004" name="axi_last_V_loc_fu_110">
<pin_list>
<pin id="111" dir="0" index="0" bw="1" slack="0"/>
<pin id="112" dir="1" index="1" bw="1" slack="1"/>
</pin_list>
<bind>
<opcode="alloca(26) " fcode="alloca"/>
<opset="axi_last_V_loc/1 "/>
</bind>
</comp>

<comp id="114" class="1004" name="p_read14_read_fu_114">
<pin_list>
<pin id="115" dir="0" index="0" bw="16" slack="0"/>
<pin id="116" dir="0" index="1" bw="16" slack="0"/>
<pin id="117" dir="1" index="2" bw="16" slack="0"/>
</pin_list>
<bind>
<opcode="read(1150) " fcode="read"/>
<opset="p_read14/1 "/>
</bind>
</comp>

<comp id="120" class="1004" name="p_read_26_read_fu_120">
<pin_list>
<pin id="121" dir="0" index="0" bw="16" slack="0"/>
<pin id="122" dir="0" index="1" bw="16" slack="0"/>
<pin id="123" dir="1" index="2" bw="16" slack="0"/>
</pin_list>
<bind>
<opcode="read(1150) " fcode="read"/>
<opset="p_read_26/1 "/>
</bind>
</comp>

<comp id="126" class="1004" name="write_ln0_write_fu_126">
<pin_list>
<pin id="127" dir="0" index="0" bw="0" slack="0"/>
<pin id="128" dir="0" index="1" bw="16" slack="0"/>
<pin id="129" dir="0" index="2" bw="16" slack="0"/>
<pin id="130" dir="1" index="3" bw="0" slack="2147483647"/>
</pin_list>
<bind>
<opcode="write(1151) " fcode="write"/>
<opset="write_ln0/1 "/>
</bind>
</comp>

<comp id="134" class="1004" name="write_ln0_write_fu_134">
<pin_list>
<pin id="135" dir="0" index="0" bw="0" slack="0"/>
<pin id="136" dir="0" index="1" bw="16" slack="0"/>
<pin id="137" dir="0" index="2" bw="16" slack="0"/>
<pin id="138" dir="1" index="3" bw="0" slack="2147483647"/>
</pin_list>
<bind>
<opcode="write(1151) " fcode="write"/>
<opset="write_ln0/1 "/>
</bind>
</comp>

<comp id="142" class="1005" name="axi_last_V_2_reg_142">
<pin_list>
<pin id="143" dir="0" index="0" bw="1" slack="1"/>
<pin id="144" dir="1" index="1" bw="1" slack="1"/>
</pin_list>
<bind>
<opset="axi_last_V_2 (phireg) "/>
</bind>
</comp>

<comp id="145" class="1004" name="axi_last_V_2_phi_fu_145">
<pin_list>
<pin id="146" dir="0" index="0" bw="1" slack="2147483647"/>
<pin id="147" dir="0" index="1" bw="0" slack="2147483647"/>
<pin id="148" dir="0" index="2" bw="1" slack="2147483647"/>
<pin id="149" dir="0" index="3" bw="0" slack="2147483647"/>
<pin id="150" dir="1" index="4" bw="1" slack="1"/>
</pin_list>
<bind>
<opcode="phi(47) " fcode="phi"/>
<opset="axi_last_V_2/5 "/>
</bind>
</comp>

<comp id="152" class="1005" name="axi_last_2_lcssa_reg_152">
<pin_list>
<pin id="153" dir="0" index="0" bw="1" slack="1"/>
<pin id="154" dir="1" index="1" bw="1" slack="2147483647"/>
</pin_list>
<bind>
<opset="axi_last_2_lcssa (phireg) "/>
</bind>
</comp>

<comp id="155" class="1004" name="axi_last_2_lcssa_phi_fu_155">
<pin_list>
<pin id="156" dir="0" index="0" bw="1" slack="2147483647"/>
<pin id="157" dir="0" index="1" bw="0" slack="2147483647"/>
<pin id="158" dir="0" index="2" bw="1" slack="4"/>
<pin id="159" dir="0" index="3" bw="0" slack="2147483647"/>
<pin id="160" dir="1" index="4" bw="1" slack="0"/>
</pin_list>
<bind>
<opcode="phi(47) " fcode="phi"/>
<opset="axi_last_2_lcssa/9 "/>
</bind>
</comp>

<comp id="163" class="1005" name="axi_data_2_lcssa_reg_163">
<pin_list>
<pin id="164" dir="0" index="0" bw="16" slack="1"/>
<pin id="165" dir="1" index="1" bw="16" slack="2147483647"/>
</pin_list>
<bind>
<opset="axi_data_2_lcssa (phireg) "/>
</bind>
</comp>

<comp id="166" class="1004" name="axi_data_2_lcssa_phi_fu_166">
<pin_list>
<pin id="167" dir="0" index="0" bw="16" slack="2147483647"/>
<pin id="168" dir="0" index="1" bw="0" slack="2147483647"/>
<pin id="169" dir="0" index="2" bw="16" slack="2147483647"/>
<pin id="170" dir="0" index="3" bw="0" slack="2147483647"/>
<pin id="171" dir="1" index="4" bw="16" slack="0"/>
</pin_list>
<bind>
<opcode="phi(47) " fcode="phi"/>
<opset="axi_data_2_lcssa/9 "/>
</bind>
</comp>

<comp id="173" class="1005" name="last_0_lcssa_reg_173">
<pin_list>
<pin id="174" dir="0" index="0" bw="1" slack="1"/>
<pin id="175" dir="1" index="1" bw="1" slack="3"/>
</pin_list>
<bind>
<opset="last_0_lcssa (phireg) "/>
</bind>
</comp>

<comp id="177" class="1004" name="last_0_lcssa_phi_fu_177">
<pin_list>
<pin id="178" dir="0" index="0" bw="1" slack="2147483647"/>
<pin id="179" dir="0" index="1" bw="0" slack="2147483647"/>
<pin id="180" dir="0" index="2" bw="1" slack="3"/>
<pin id="181" dir="0" index="3" bw="0" slack="2147483647"/>
<pin id="182" dir="1" index="4" bw="1" slack="0"/>
</pin_list>
<bind>
<opcode="phi(47) " fcode="phi"/>
<opset="last_0_lcssa/9 "/>
</bind>
</comp>

<comp id="185" class="1004" name="grp_AXIVideo2BayerMat_13_1080_1920_1_3_Pipeline_loop_start_hunt_fu_185">
<pin_list>
<pin id="186" dir="0" index="0" bw="0" slack="0"/>
<pin id="187" dir="0" index="1" bw="16" slack="0"/>
<pin id="188" dir="0" index="2" bw="2" slack="0"/>
<pin id="189" dir="0" index="3" bw="2" slack="0"/>
<pin id="190" dir="0" index="4" bw="1" slack="0"/>
<pin id="191" dir="0" index="5" bw="1" slack="0"/>
<pin id="192" dir="0" index="6" bw="1" slack="0"/>
<pin id="193" dir="0" index="7" bw="1" slack="0"/>
<pin id="194" dir="0" index="8" bw="1" slack="1"/>
<pin id="195" dir="0" index="9" bw="16" slack="1"/>
<pin id="196" dir="1" index="10" bw="0" slack="2147483647"/>
</pin_list>
<bind>
<opcode="call(48) " fcode="call"/>
<opset="call_ln0/2 "/>
</bind>
</comp>

<comp id="205" class="1004" name="grp_AXIVideo2BayerMat_13_1080_1920_1_3_Pipeline_loop_col_zxi2mat_fu_205">
<pin_list>
<pin id="206" dir="0" index="0" bw="0" slack="0"/>
<pin id="207" dir="0" index="1" bw="1" slack="0"/>
<pin id="208" dir="0" index="2" bw="16" slack="0"/>
<pin id="209" dir="0" index="3" bw="1" slack="1"/>
<pin id="210" dir="0" index="4" bw="16" slack="5"/>
<pin id="211" dir="0" index="5" bw="10" slack="0"/>
<pin id="212" dir="0" index="6" bw="16" slack="0"/>
<pin id="213" dir="0" index="7" bw="2" slack="0"/>
<pin id="214" dir="0" index="8" bw="2" slack="0"/>
<pin id="215" dir="0" index="9" bw="1" slack="0"/>
<pin id="216" dir="0" index="10" bw="1" slack="0"/>
<pin id="217" dir="0" index="11" bw="1" slack="0"/>
<pin id="218" dir="0" index="12" bw="1" slack="0"/>
<pin id="219" dir="0" index="13" bw="1" slack="5"/>
<pin id="220" dir="0" index="14" bw="16" slack="5"/>
<pin id="221" dir="1" index="15" bw="0" slack="2147483647"/>
</pin_list>
<bind>
<opcode="call(48) " fcode="call"/>
<opset="call_ln0/6 "/>
</bind>
</comp>

<comp id="232" class="1004" name="grp_AXIVideo2BayerMat_13_1080_1920_1_3_Pipeline_loop_last_hunt_fu_232">
<pin_list>
<pin id="233" dir="0" index="0" bw="0" slack="0"/>
<pin id="234" dir="0" index="1" bw="1" slack="0"/>
<pin id="235" dir="0" index="2" bw="16" slack="0"/>
<pin id="236" dir="0" index="3" bw="1" slack="0"/>
<pin id="237" dir="0" index="4" bw="16" slack="0"/>
<pin id="238" dir="0" index="5" bw="2" slack="0"/>
<pin id="239" dir="0" index="6" bw="2" slack="0"/>
<pin id="240" dir="0" index="7" bw="1" slack="0"/>
<pin id="241" dir="0" index="8" bw="1" slack="0"/>
<pin id="242" dir="0" index="9" bw="1" slack="0"/>
<pin id="243" dir="0" index="10" bw="1" slack="0"/>
<pin id="244" dir="0" index="11" bw="1" slack="8"/>
<pin id="245" dir="0" index="12" bw="16" slack="8"/>
<pin id="246" dir="1" index="13" bw="0" slack="2147483647"/>
</pin_list>
<bind>
<opcode="call(48) " fcode="call"/>
<opset="call_ln0/9 "/>
</bind>
</comp>

<comp id="258" class="1004" name="store_ln61_store_fu_258">
<pin_list>
<pin id="259" dir="0" index="0" bw="1" slack="0"/>
<pin id="260" dir="0" index="1" bw="1" slack="0"/>
<pin id="261" dir="1" index="2" bw="0" slack="2147483647"/>
</pin_list>
<bind>
<opcode="store(28) " fcode="store"/>
<opset="store_ln61/1 "/>
</bind>
</comp>

<comp id="263" class="1004" name="store_ln61_store_fu_263">
<pin_list>
<pin id="264" dir="0" index="0" bw="1" slack="0"/>
<pin id="265" dir="0" index="1" bw="16" slack="0"/>
<pin id="266" dir="1" index="2" bw="0" slack="2147483647"/>
</pin_list>
<bind>
<opcode="store(28) " fcode="store"/>
<opset="store_ln61/1 "/>
</bind>
</comp>

<comp id="268" class="1004" name="axi_last_V_loc_load_load_fu_268">
<pin_list>
<pin id="269" dir="0" index="0" bw="1" slack="3"/>
<pin id="270" dir="1" index="1" bw="1" slack="2147483647"/>
</pin_list>
<bind>
<opcode="load(27) " fcode="load"/>
<opset="axi_last_V_loc_load/4 "/>
</bind>
</comp>

<comp id="271" class="1004" name="cmp41_fu_271">
<pin_list>
<pin id="272" dir="0" index="0" bw="16" slack="3"/>
<pin id="273" dir="0" index="1" bw="16" slack="0"/>
<pin id="274" dir="1" index="2" bw="1" slack="2"/>
</pin_list>
<bind>
<opcode="icmp(45) " fcode="icmp"/>
<opset="cmp41/4 "/>
</bind>
</comp>

<comp id="276" class="1004" name="i_7_load_fu_276">
<pin_list>
<pin id="277" dir="0" index="0" bw="16" slack="4"/>
<pin id="278" dir="1" index="1" bw="16" slack="0"/>
</pin_list>
<bind>
<opcode="load(27) " fcode="load"/>
<opset="i_7/5 "/>
</bind>
</comp>

<comp id="279" class="1004" name="icmp_ln61_fu_279">
<pin_list>
<pin id="280" dir="0" index="0" bw="16" slack="0"/>
<pin id="281" dir="0" index="1" bw="16" slack="4"/>
<pin id="282" dir="1" index="2" bw="1" slack="1"/>
</pin_list>
<bind>
<opcode="icmp(45) " fcode="icmp"/>
<opset="icmp_ln61/5 "/>
</bind>
</comp>

<comp id="284" class="1004" name="i_8_fu_284">
<pin_list>
<pin id="285" dir="0" index="0" bw="16" slack="0"/>
<pin id="286" dir="0" index="1" bw="1" slack="0"/>
<pin id="287" dir="1" index="2" bw="16" slack="3"/>
</pin_list>
<bind>
<opcode="add(8) " fcode="add"/>
<opset="i_8/5 "/>
</bind>
</comp>

<comp id="290" class="1004" name="axi_data_V_load_fu_290">
<pin_list>
<pin id="291" dir="0" index="0" bw="16" slack="5"/>
<pin id="292" dir="1" index="1" bw="16" slack="0"/>
</pin_list>
<bind>
<opcode="load(27) " fcode="load"/>
<opset="axi_data_V/6 "/>
</bind>
</comp>

<comp id="294" class="1004" name="start_load_load_fu_294">
<pin_list>
<pin id="295" dir="0" index="0" bw="1" slack="5"/>
<pin id="296" dir="1" index="1" bw="1" slack="0"/>
</pin_list>
<bind>
<opcode="load(27) " fcode="load"/>
<opset="start_load/6 "/>
</bind>
</comp>

<comp id="298" class="1004" name="last_loc_load_load_fu_298">
<pin_list>
<pin id="299" dir="0" index="0" bw="1" slack="7"/>
<pin id="300" dir="1" index="1" bw="1" slack="2147483647"/>
</pin_list>
<bind>
<opcode="load(27) " fcode="load"/>
<opset="last_loc_load/8 "/>
</bind>
</comp>

<comp id="301" class="1004" name="axi_data_V_3_loc_load_load_fu_301">
<pin_list>
<pin id="302" dir="0" index="0" bw="16" slack="7"/>
<pin id="303" dir="1" index="1" bw="16" slack="2147483647"/>
</pin_list>
<bind>
<opcode="load(27) " fcode="load"/>
<opset="axi_data_V_3_loc_load/8 "/>
</bind>
</comp>

<comp id="304" class="1004" name="store_ln0_store_fu_304">
<pin_list>
<pin id="305" dir="0" index="0" bw="1" slack="0"/>
<pin id="306" dir="0" index="1" bw="1" slack="7"/>
<pin id="307" dir="1" index="2" bw="0" slack="2147483647"/>
</pin_list>
<bind>
<opcode="store(28) " fcode="store"/>
<opset="store_ln0/8 "/>
</bind>
</comp>

<comp id="309" class="1004" name="store_ln61_store_fu_309">
<pin_list>
<pin id="310" dir="0" index="0" bw="16" slack="3"/>
<pin id="311" dir="0" index="1" bw="16" slack="7"/>
<pin id="312" dir="1" index="2" bw="0" slack="2147483647"/>
</pin_list>
<bind>
<opcode="store(28) " fcode="store"/>
<opset="store_ln61/8 "/>
</bind>
</comp>

<comp id="313" class="1004" name="axi_last_V_4_loc_load_load_fu_313">
<pin_list>
<pin id="314" dir="0" index="0" bw="1" slack="10"/>
<pin id="315" dir="1" index="1" bw="1" slack="2147483647"/>
</pin_list>
<bind>
<opcode="load(27) " fcode="load"/>
<opset="axi_last_V_4_loc_load/11 "/>
</bind>
</comp>

<comp id="316" class="1005" name="i_reg_316">
<pin_list>
<pin id="317" dir="0" index="0" bw="16" slack="0"/>
<pin id="318" dir="1" index="1" bw="16" slack="0"/>
</pin_list>
<bind>
<opset="i "/>
</bind>
</comp>

<comp id="323" class="1005" name="axi_data_V_2_reg_323">
<pin_list>
<pin id="324" dir="0" index="0" bw="16" slack="1"/>
<pin id="325" dir="1" index="1" bw="16" slack="1"/>
</pin_list>
<bind>
<opset="axi_data_V_2 "/>
</bind>
</comp>

<comp id="330" class="1005" name="start_reg_330">
<pin_list>
<pin id="331" dir="0" index="0" bw="1" slack="0"/>
<pin id="332" dir="1" index="1" bw="1" slack="0"/>
</pin_list>
<bind>
<opset="start "/>
</bind>
</comp>

<comp id="337" class="1005" name="p_read14_reg_337">
<pin_list>
<pin id="338" dir="0" index="0" bw="16" slack="3"/>
<pin id="339" dir="1" index="1" bw="16" slack="3"/>
</pin_list>
<bind>
<opset="p_read14 "/>
</bind>
</comp>

<comp id="343" class="1005" name="p_read_26_reg_343">
<pin_list>
<pin id="344" dir="0" index="0" bw="16" slack="4"/>
<pin id="345" dir="1" index="1" bw="16" slack="4"/>
</pin_list>
<bind>
<opset="p_read_26 "/>
</bind>
</comp>

<comp id="348" class="1005" name="axi_last_V_4_loc_reg_348">
<pin_list>
<pin id="349" dir="0" index="0" bw="1" slack="8"/>
<pin id="350" dir="1" index="1" bw="1" slack="8"/>
</pin_list>
<bind>
<opset="axi_last_V_4_loc "/>
</bind>
</comp>

<comp id="354" class="1005" name="axi_data_V_3_loc_reg_354">
<pin_list>
<pin id="355" dir="0" index="0" bw="16" slack="5"/>
<pin id="356" dir="1" index="1" bw="16" slack="5"/>
</pin_list>
<bind>
<opset="axi_data_V_3_loc "/>
</bind>
</comp>

<comp id="360" class="1005" name="last_loc_reg_360">
<pin_list>
<pin id="361" dir="0" index="0" bw="1" slack="5"/>
<pin id="362" dir="1" index="1" bw="1" slack="5"/>
</pin_list>
<bind>
<opset="last_loc "/>
</bind>
</comp>

<comp id="366" class="1005" name="axi_last_V_loc_reg_366">
<pin_list>
<pin id="367" dir="0" index="0" bw="1" slack="1"/>
<pin id="368" dir="1" index="1" bw="1" slack="1"/>
</pin_list>
<bind>
<opset="axi_last_V_loc "/>
</bind>
</comp>

<comp id="375" class="1005" name="cmp41_reg_375">
<pin_list>
<pin id="376" dir="0" index="0" bw="1" slack="2"/>
<pin id="377" dir="1" index="1" bw="1" slack="2147483647"/>
</pin_list>
<bind>
<opset="cmp41 "/>
</bind>
</comp>

<comp id="379" class="1005" name="icmp_ln61_reg_379">
<pin_list>
<pin id="380" dir="0" index="0" bw="1" slack="1"/>
<pin id="381" dir="1" index="1" bw="1" slack="2147483647"/>
</pin_list>
<bind>
<opset="icmp_ln61 "/>
</bind>
</comp>

<comp id="383" class="1005" name="i_8_reg_383">
<pin_list>
<pin id="384" dir="0" index="0" bw="16" slack="3"/>
<pin id="385" dir="1" index="1" bw="16" slack="3"/>
</pin_list>
<bind>
<opset="i_8 "/>
</bind>
</comp>

</comp_list>

<net_list>
<net id="89"><net_src comp="24" pin="0"/><net_sink comp="86" pin=0"/></net>

<net id="93"><net_src comp="24" pin="0"/><net_sink comp="90" pin=0"/></net>

<net id="97"><net_src comp="24" pin="0"/><net_sink comp="94" pin=0"/></net>

<net id="101"><net_src comp="28" pin="0"/><net_sink comp="98" pin=0"/></net>

<net id="105"><net_src comp="28" pin="0"/><net_sink comp="102" pin=0"/></net>

<net id="109"><net_src comp="28" pin="0"/><net_sink comp="106" pin=0"/></net>

<net id="113"><net_src comp="28" pin="0"/><net_sink comp="110" pin=0"/></net>

<net id="118"><net_src comp="26" pin="0"/><net_sink comp="114" pin=0"/></net>

<net id="119"><net_src comp="16" pin="0"/><net_sink comp="114" pin=1"/></net>

<net id="124"><net_src comp="26" pin="0"/><net_sink comp="120" pin=0"/></net>

<net id="125"><net_src comp="14" pin="0"/><net_sink comp="120" pin=1"/></net>

<net id="131"><net_src comp="30" pin="0"/><net_sink comp="126" pin=0"/></net>

<net id="132"><net_src comp="22" pin="0"/><net_sink comp="126" pin=1"/></net>

<net id="133"><net_src comp="114" pin="2"/><net_sink comp="126" pin=2"/></net>

<net id="139"><net_src comp="30" pin="0"/><net_sink comp="134" pin=0"/></net>

<net id="140"><net_src comp="20" pin="0"/><net_sink comp="134" pin=1"/></net>

<net id="141"><net_src comp="120" pin="2"/><net_sink comp="134" pin=2"/></net>

<net id="151"><net_src comp="145" pin="4"/><net_sink comp="142" pin=0"/></net>

<net id="161"><net_src comp="142" pin="1"/><net_sink comp="155" pin=2"/></net>

<net id="162"><net_src comp="155" pin="4"/><net_sink comp="152" pin=0"/></net>

<net id="172"><net_src comp="166" pin="4"/><net_sink comp="163" pin=0"/></net>

<net id="176"><net_src comp="82" pin="0"/><net_sink comp="173" pin=0"/></net>

<net id="183"><net_src comp="173" pin="1"/><net_sink comp="177" pin=2"/></net>

<net id="184"><net_src comp="177" pin="4"/><net_sink comp="173" pin=0"/></net>

<net id="197"><net_src comp="38" pin="0"/><net_sink comp="185" pin=0"/></net>

<net id="198"><net_src comp="0" pin="0"/><net_sink comp="185" pin=1"/></net>

<net id="199"><net_src comp="2" pin="0"/><net_sink comp="185" pin=2"/></net>

<net id="200"><net_src comp="4" pin="0"/><net_sink comp="185" pin=3"/></net>

<net id="201"><net_src comp="6" pin="0"/><net_sink comp="185" pin=4"/></net>

<net id="202"><net_src comp="8" pin="0"/><net_sink comp="185" pin=5"/></net>

<net id="203"><net_src comp="10" pin="0"/><net_sink comp="185" pin=6"/></net>

<net id="204"><net_src comp="12" pin="0"/><net_sink comp="185" pin=7"/></net>

<net id="222"><net_src comp="80" pin="0"/><net_sink comp="205" pin=0"/></net>

<net id="223"><net_src comp="142" pin="1"/><net_sink comp="205" pin=3"/></net>

<net id="224"><net_src comp="18" pin="0"/><net_sink comp="205" pin=5"/></net>

<net id="225"><net_src comp="0" pin="0"/><net_sink comp="205" pin=6"/></net>

<net id="226"><net_src comp="2" pin="0"/><net_sink comp="205" pin=7"/></net>

<net id="227"><net_src comp="4" pin="0"/><net_sink comp="205" pin=8"/></net>

<net id="228"><net_src comp="6" pin="0"/><net_sink comp="205" pin=9"/></net>

<net id="229"><net_src comp="8" pin="0"/><net_sink comp="205" pin=10"/></net>

<net id="230"><net_src comp="10" pin="0"/><net_sink comp="205" pin=11"/></net>

<net id="231"><net_src comp="12" pin="0"/><net_sink comp="205" pin=12"/></net>

<net id="247"><net_src comp="84" pin="0"/><net_sink comp="232" pin=0"/></net>

<net id="248"><net_src comp="155" pin="4"/><net_sink comp="232" pin=1"/></net>

<net id="249"><net_src comp="166" pin="4"/><net_sink comp="232" pin=2"/></net>

<net id="250"><net_src comp="177" pin="4"/><net_sink comp="232" pin=3"/></net>

<net id="251"><net_src comp="0" pin="0"/><net_sink comp="232" pin=4"/></net>

<net id="252"><net_src comp="2" pin="0"/><net_sink comp="232" pin=5"/></net>

<net id="253"><net_src comp="4" pin="0"/><net_sink comp="232" pin=6"/></net>

<net id="254"><net_src comp="6" pin="0"/><net_sink comp="232" pin=7"/></net>

<net id="255"><net_src comp="8" pin="0"/><net_sink comp="232" pin=8"/></net>

<net id="256"><net_src comp="10" pin="0"/><net_sink comp="232" pin=9"/></net>

<net id="257"><net_src comp="12" pin="0"/><net_sink comp="232" pin=10"/></net>

<net id="262"><net_src comp="32" pin="0"/><net_sink comp="258" pin=0"/></net>

<net id="267"><net_src comp="34" pin="0"/><net_sink comp="263" pin=0"/></net>

<net id="275"><net_src comp="34" pin="0"/><net_sink comp="271" pin=1"/></net>

<net id="283"><net_src comp="276" pin="1"/><net_sink comp="279" pin=0"/></net>

<net id="288"><net_src comp="276" pin="1"/><net_sink comp="284" pin=0"/></net>

<net id="289"><net_src comp="68" pin="0"/><net_sink comp="284" pin=1"/></net>

<net id="293"><net_src comp="290" pin="1"/><net_sink comp="205" pin=2"/></net>

<net id="297"><net_src comp="294" pin="1"/><net_sink comp="205" pin=1"/></net>

<net id="308"><net_src comp="82" pin="0"/><net_sink comp="304" pin=0"/></net>

<net id="319"><net_src comp="86" pin="1"/><net_sink comp="316" pin=0"/></net>

<net id="320"><net_src comp="316" pin="1"/><net_sink comp="263" pin=1"/></net>

<net id="321"><net_src comp="316" pin="1"/><net_sink comp="276" pin=0"/></net>

<net id="322"><net_src comp="316" pin="1"/><net_sink comp="309" pin=1"/></net>

<net id="326"><net_src comp="90" pin="1"/><net_sink comp="323" pin=0"/></net>

<net id="327"><net_src comp="323" pin="1"/><net_sink comp="185" pin=9"/></net>

<net id="328"><net_src comp="323" pin="1"/><net_sink comp="290" pin=0"/></net>

<net id="329"><net_src comp="323" pin="1"/><net_sink comp="232" pin=12"/></net>

<net id="333"><net_src comp="94" pin="1"/><net_sink comp="330" pin=0"/></net>

<net id="334"><net_src comp="330" pin="1"/><net_sink comp="258" pin=1"/></net>

<net id="335"><net_src comp="330" pin="1"/><net_sink comp="294" pin=0"/></net>

<net id="336"><net_src comp="330" pin="1"/><net_sink comp="304" pin=1"/></net>

<net id="340"><net_src comp="114" pin="2"/><net_sink comp="337" pin=0"/></net>

<net id="341"><net_src comp="337" pin="1"/><net_sink comp="271" pin=0"/></net>

<net id="342"><net_src comp="337" pin="1"/><net_sink comp="205" pin=4"/></net>

<net id="346"><net_src comp="120" pin="2"/><net_sink comp="343" pin=0"/></net>

<net id="347"><net_src comp="343" pin="1"/><net_sink comp="279" pin=1"/></net>

<net id="351"><net_src comp="98" pin="1"/><net_sink comp="348" pin=0"/></net>

<net id="352"><net_src comp="348" pin="1"/><net_sink comp="232" pin=11"/></net>

<net id="353"><net_src comp="348" pin="1"/><net_sink comp="313" pin=0"/></net>

<net id="357"><net_src comp="102" pin="1"/><net_sink comp="354" pin=0"/></net>

<net id="358"><net_src comp="354" pin="1"/><net_sink comp="205" pin=14"/></net>

<net id="359"><net_src comp="354" pin="1"/><net_sink comp="301" pin=0"/></net>

<net id="363"><net_src comp="106" pin="1"/><net_sink comp="360" pin=0"/></net>

<net id="364"><net_src comp="360" pin="1"/><net_sink comp="205" pin=13"/></net>

<net id="365"><net_src comp="360" pin="1"/><net_sink comp="298" pin=0"/></net>

<net id="369"><net_src comp="110" pin="1"/><net_sink comp="366" pin=0"/></net>

<net id="370"><net_src comp="366" pin="1"/><net_sink comp="185" pin=8"/></net>

<net id="371"><net_src comp="366" pin="1"/><net_sink comp="268" pin=0"/></net>

<net id="378"><net_src comp="271" pin="2"/><net_sink comp="375" pin=0"/></net>

<net id="382"><net_src comp="279" pin="2"/><net_sink comp="379" pin=0"/></net>

<net id="386"><net_src comp="284" pin="2"/><net_sink comp="383" pin=0"/></net>

<net id="387"><net_src comp="383" pin="1"/><net_sink comp="309" pin=0"/></net>

</net_list>

</model> 
---------------- Datapath Model END ------------------

* FSMD analyzer results:
  - Output states:
	Port: s_axis_video_V_data_V | {}
	Port: s_axis_video_V_keep_V | {}
	Port: s_axis_video_V_strb_V | {}
	Port: s_axis_video_V_user_V | {}
	Port: s_axis_video_V_last_V | {}
	Port: s_axis_video_V_id_V | {}
	Port: s_axis_video_V_dest_V | {}
	Port: imgInput1_data213 | {6 7 }
	Port: imgInput1_rows_c | {1 }
	Port: imgInput1_cols_c | {1 }
 - Input state : 
	Port: AXIVideo2BayerMat<13, 1080, 1920, 1, 3> : s_axis_video_V_data_V | {2 3 6 7 9 10 }
	Port: AXIVideo2BayerMat<13, 1080, 1920, 1, 3> : s_axis_video_V_keep_V | {2 3 6 7 9 10 }
	Port: AXIVideo2BayerMat<13, 1080, 1920, 1, 3> : s_axis_video_V_strb_V | {2 3 6 7 9 10 }
	Port: AXIVideo2BayerMat<13, 1080, 1920, 1, 3> : s_axis_video_V_user_V | {2 3 6 7 9 10 }
	Port: AXIVideo2BayerMat<13, 1080, 1920, 1, 3> : s_axis_video_V_last_V | {2 3 6 7 9 10 }
	Port: AXIVideo2BayerMat<13, 1080, 1920, 1, 3> : s_axis_video_V_id_V | {2 3 6 7 9 10 }
	Port: AXIVideo2BayerMat<13, 1080, 1920, 1, 3> : s_axis_video_V_dest_V | {2 3 6 7 9 10 }
	Port: AXIVideo2BayerMat<13, 1080, 1920, 1, 3> : p_read | {1 }
	Port: AXIVideo2BayerMat<13, 1080, 1920, 1, 3> : p_read1 | {1 }
  - Chain level:
	State 1
		store_ln61 : 1
		store_ln61 : 1
	State 2
	State 3
	State 4
	State 5
		icmp_ln61 : 1
		i_8 : 1
	State 6
		call_ln0 : 1
	State 7
	State 8
	State 9
		call_ln0 : 1
	State 10
	State 11


============================================================
+ Verbose Summary: Datapath Resource usage 
============================================================

* Functional unit list:
|----------|-------------------------------------------------------------------------|---------|---------|
| Operation|                             Functional Unit                             |    FF   |   LUT   |
|----------|-------------------------------------------------------------------------|---------|---------|
|          |  grp_AXIVideo2BayerMat_13_1080_1920_1_3_Pipeline_loop_start_hunt_fu_185 |    1    |    0    |
|   call   | grp_AXIVideo2BayerMat_13_1080_1920_1_3_Pipeline_loop_col_zxi2mat_fu_205 |    37   |    38   |
|          |  grp_AXIVideo2BayerMat_13_1080_1920_1_3_Pipeline_loop_last_hunt_fu_232  |    3    |    0    |
|----------|-------------------------------------------------------------------------|---------|---------|
|   icmp   |                               cmp41_fu_271                              |    0    |    13   |
|          |                             icmp_ln61_fu_279                            |    0    |    13   |
|----------|-------------------------------------------------------------------------|---------|---------|
|    add   |                                i_8_fu_284                               |    0    |    23   |
|----------|-------------------------------------------------------------------------|---------|---------|
|   read   |                           p_read14_read_fu_114                          |    0    |    0    |
|          |                          p_read_26_read_fu_120                          |    0    |    0    |
|----------|-------------------------------------------------------------------------|---------|---------|
|   write  |                          write_ln0_write_fu_126                         |    0    |    0    |
|          |                          write_ln0_write_fu_134                         |    0    |    0    |
|----------|-------------------------------------------------------------------------|---------|---------|
|   Total  |                                                                         |    41   |    87   |
|----------|-------------------------------------------------------------------------|---------|---------|

Memories:
N/A

* Register list:
+------------------------+--------+
|                        |   FF   |
+------------------------+--------+
|axi_data_2_lcssa_reg_163|   16   |
|  axi_data_V_2_reg_323  |   16   |
|axi_data_V_3_loc_reg_354|   16   |
|axi_last_2_lcssa_reg_152|    1   |
|  axi_last_V_2_reg_142  |    1   |
|axi_last_V_4_loc_reg_348|    1   |
| axi_last_V_loc_reg_366 |    1   |
|      cmp41_reg_375     |    1   |
|       i_8_reg_383      |   16   |
|        i_reg_316       |   16   |
|    icmp_ln61_reg_379   |    1   |
|  last_0_lcssa_reg_173  |    1   |
|    last_loc_reg_360    |    1   |
|    p_read14_reg_337    |   16   |
|    p_read_26_reg_343   |   16   |
|      start_reg_330     |    1   |
+------------------------+--------+
|          Total         |   121  |
+------------------------+--------+

* Multiplexer (MUX) list: 
|----------------------|------|------|------|--------||---------||---------|
|         Comp         |  Pin | Size |  BW  | S x BW ||  Delay  ||   LUT   |
|----------------------|------|------|------|--------||---------||---------|
| last_0_lcssa_reg_173 |  p0  |   2  |   1  |    2   ||    9    |
|----------------------|------|------|------|--------||---------||---------|
|         Total        |      |      |      |    2   ||  0.427  ||    9    |
|----------------------|------|------|------|--------||---------||---------|



* Summary:
+-----------+--------+--------+--------+
|           |  Delay |   FF   |   LUT  |
+-----------+--------+--------+--------+
|  Function |    -   |   41   |   87   |
|   Memory  |    -   |    -   |    -   |
|Multiplexer|    0   |    -   |    9   |
|  Register |    -   |   121  |    -   |
+-----------+--------+--------+--------+
|   Total   |    0   |   162  |   96   |
+-----------+--------+--------+--------+
