

================================================================
== Vitis HLS Report for 'AXIVideo2BayerMat_13_1080_1920_1_3_s'
================================================================
* Date:           Thu Mar  5 08:42:53 2026

* Version:        2022.2 (Build 3670227 on Oct 13 2022)
* Project:        isppipeline.prj
* Solution:       sol1 (Vivado IP Flow Target)
* Product family: zynquplus
* Target device:  xck26-sfvc784-2LV-c


================================================================
== Performance Estimates
================================================================
+ Timing: 
    * Summary: 
    +--------+---------+----------+------------+
    |  Clock |  Target | Estimated| Uncertainty|
    +--------+---------+----------+------------+
    |ap_clk  |  3.30 ns|  2.409 ns|     0.89 ns|
    +--------+---------+----------+------------+

+ Latency: 
    * Summary: 
    +---------+---------+-----------+----------+-----+---------+---------+
    |  Latency (cycles) |  Latency (absolute)  |    Interval   | Pipeline|
    |   min   |   max   |    min    |    max   | min |   max   |   Type  |
    +---------+---------+-----------+----------+-----+---------+---------+
    |        7|  2085487|  23.100 ns|  6.882 ms|    7|  2085487|       no|
    +---------+---------+-----------+----------+-----+---------+---------+

    + Detail: 
        * Instance: 
        N/A

        * Loop: 
        +--------------------+---------+---------+----------+-----------+-----------+----------+----------+
        |                    |  Latency (cycles) | Iteration|  Initiation Interval  |   Trip   |          |
        |      Loop Name     |   min   |   max   |  Latency |  achieved |   target  |   Count  | Pipelined|
        +--------------------+---------+---------+----------+-----------+-----------+----------+----------+
        |- loop_row_axi2mat  |        1|  2085481|  8 ~ 1931|          -|          -|  0 ~ 1080|        no|
        +--------------------+---------+---------+----------+-----------+-----------+----------+----------+

============================================================
+ Verbose Summary: Synthesis Manager
============================================================
InlineROM: 1
ExposeGlobal: 0
============================================================
+ Verbose Summary: CDFG Model
============================================================
IsTopModel: 0
ResetActiveHigh: 1
IsCombinational: 2
IsDatapathOnly: 0
HasWiredReturn: 1
HasMFsm: 0
HasVarLatency: 1
IsPipeline: 0
IsRtlPipelined: 0
IsInstanceOverlapped: 0
IsDontTouch: 0
HasImplIP: 0
IsGatedGlobalClock: 0


============================================================
+ Verbose Summary: Schedule
============================================================
* Number of FSM states : 11
* Pipeline : 0
* Dataflow Pipeline: 0

* FSM state transitions: 
1 --> 2 
2 --> 3 
3 --> 4 
4 --> 5 
5 --> 6 
6 --> 7 8 
7 --> 8 
8 --> 9 
9 --> 10 
10 --> 11 
11 --> 5 

* FSM state operations: 

State 1 <SV = 0> <Delay = 2.40>
ST_1 : Operation 12 [1/1] (0.00ns)   --->   "%i = alloca i32 1"   --->   Operation 12 'alloca' 'i' <Predicate = true> <Delay = 0.00>
ST_1 : Operation 13 [1/1] (0.00ns)   --->   "%axi_data_V_2 = alloca i32 1"   --->   Operation 13 'alloca' 'axi_data_V_2' <Predicate = true> <Delay = 0.00>
ST_1 : Operation 14 [1/1] (0.00ns)   --->   "%start = alloca i32 1"   --->   Operation 14 'alloca' 'start' <Predicate = true> <Delay = 0.00>
ST_1 : Operation 15 [1/1] (1.20ns)   --->   "%p_read14 = read i16 @_ssdm_op_Read.ap_auto.i16, i16 %p_read1"   --->   Operation 15 'read' 'p_read14' <Predicate = true> <Delay = 1.20> <CoreInst = "FIFO_SRL">   --->   Core 81 'FIFO_SRL' <Latency = 0> <II = 1> <Delay = 1.83> <Storage> <Opcode : 'read' 'write' 'nbread' 'nbwrite'> <Ports = 0> <Width = -1> <Depth = -1> <FIFO>
ST_1 : Operation 16 [1/1] (1.20ns)   --->   "%p_read_26 = read i16 @_ssdm_op_Read.ap_auto.i16, i16 %p_read"   --->   Operation 16 'read' 'p_read_26' <Predicate = true> <Delay = 1.20> <CoreInst = "FIFO_SRL">   --->   Core 81 'FIFO_SRL' <Latency = 0> <II = 1> <Delay = 1.83> <Storage> <Opcode : 'read' 'write' 'nbread' 'nbwrite'> <Ports = 0> <Width = -1> <Depth = -1> <FIFO>
ST_1 : Operation 17 [1/1] (0.00ns)   --->   "%axi_last_V_4_loc = alloca i64 1"   --->   Operation 17 'alloca' 'axi_last_V_4_loc' <Predicate = true> <Delay = 0.00>
ST_1 : Operation 18 [1/1] (0.00ns)   --->   "%axi_data_V_3_loc = alloca i64 1"   --->   Operation 18 'alloca' 'axi_data_V_3_loc' <Predicate = true> <Delay = 0.00>
ST_1 : Operation 19 [1/1] (0.00ns)   --->   "%last_loc = alloca i64 1"   --->   Operation 19 'alloca' 'last_loc' <Predicate = true> <Delay = 0.00>
ST_1 : Operation 20 [1/1] (0.00ns)   --->   "%axi_last_V_loc = alloca i64 1"   --->   Operation 20 'alloca' 'axi_last_V_loc' <Predicate = true> <Delay = 0.00>
ST_1 : Operation 21 [1/1] (1.20ns)   --->   "%write_ln0 = write void @_ssdm_op_Write.ap_fifo.i16P0A, i16 %imgInput1_cols_c, i16 %p_read14"   --->   Operation 21 'write' 'write_ln0' <Predicate = true> <Delay = 1.20> <CoreInst = "FIFO_SRL">   --->   Core 81 'FIFO_SRL' <Latency = 0> <II = 1> <Delay = 1.83> <Storage> <Opcode : 'read' 'write' 'nbread' 'nbwrite'> <Ports = 0> <Width = 16> <Depth = 2> <FIFO>
ST_1 : Operation 22 [1/1] (1.20ns)   --->   "%write_ln0 = write void @_ssdm_op_Write.ap_fifo.i16P0A, i16 %imgInput1_rows_c, i16 %p_read_26"   --->   Operation 22 'write' 'write_ln0' <Predicate = true> <Delay = 1.20> <CoreInst = "FIFO_SRL">   --->   Core 81 'FIFO_SRL' <Latency = 0> <II = 1> <Delay = 1.83> <Storage> <Opcode : 'read' 'write' 'nbread' 'nbwrite'> <Ports = 0> <Width = 16> <Depth = 2> <FIFO>
ST_1 : Operation 23 [1/1] (0.42ns)   --->   "%store_ln61 = store i1 1, i1 %start" [../../../../../overlays/Vitis_Libraries/vision//L1/examples/isppipeline/xf_isp_accel.cpp:61]   --->   Operation 23 'store' 'store_ln61' <Predicate = true> <Delay = 0.42>
ST_1 : Operation 24 [1/1] (0.42ns)   --->   "%store_ln61 = store i16 0, i16 %i" [../../../../../overlays/Vitis_Libraries/vision//L1/examples/isppipeline/xf_isp_accel.cpp:61]   --->   Operation 24 'store' 'store_ln61' <Predicate = true> <Delay = 0.42>

State 2 <SV = 1> <Delay = 0.42>
ST_2 : Operation 25 [1/1] (0.00ns)   --->   "%empty = wait i32 @_ssdm_op_Wait"   --->   Operation 25 'wait' 'empty' <Predicate = true> <Delay = 0.00>
ST_2 : Operation 26 [2/2] (0.42ns)   --->   "%call_ln0 = call void @AXIVideo2BayerMat<13, 1080, 1920, 1, 3>_Pipeline_loop_start_hunt, i16 %s_axis_video_V_data_V, i2 %s_axis_video_V_keep_V, i2 %s_axis_video_V_strb_V, i1 %s_axis_video_V_user_V, i1 %s_axis_video_V_last_V, i1 %s_axis_video_V_id_V, i1 %s_axis_video_V_dest_V, i1 %axi_last_V_loc, i16 %axi_data_V_2"   --->   Operation 26 'call' 'call_ln0' <Predicate = true> <Delay = 0.42> <CoreType = "Generic">   --->   Core 0 '' <Latency = 0> <II = 1> <Delay = 1.00> <Generic> <Opcode : >

State 3 <SV = 2> <Delay = 0.00>
ST_3 : Operation 27 [1/2] (0.00ns)   --->   "%call_ln0 = call void @AXIVideo2BayerMat<13, 1080, 1920, 1, 3>_Pipeline_loop_start_hunt, i16 %s_axis_video_V_data_V, i2 %s_axis_video_V_keep_V, i2 %s_axis_video_V_strb_V, i1 %s_axis_video_V_user_V, i1 %s_axis_video_V_last_V, i1 %s_axis_video_V_id_V, i1 %s_axis_video_V_dest_V, i1 %axi_last_V_loc, i16 %axi_data_V_2"   --->   Operation 27 'call' 'call_ln0' <Predicate = true> <Delay = 0.00> <CoreType = "Generic">   --->   Core 0 '' <Latency = 0> <II = 1> <Delay = 1.00> <Generic> <Opcode : >

State 4 <SV = 3> <Delay = 1.10>
ST_4 : Operation 28 [1/1] (0.00ns)   --->   "%specinterface_ln0 = specinterface void @_ssdm_op_SpecInterface, i16 %imgInput1_cols_c, void @ap_fifo_str, i32 0, i32 0, void @p_str, i32 0, i32 0, void @p_str, void @p_str, void @p_str, i32 2, i32 2, i32 16, i32 16, void @p_str, void @ScalarProp_str, i32 4294967295, i32 0"   --->   Operation 28 'specinterface' 'specinterface_ln0' <Predicate = true> <Delay = 0.00>
ST_4 : Operation 29 [1/1] (0.00ns)   --->   "%specinterface_ln0 = specinterface void @_ssdm_op_SpecInterface, i16 %imgInput1_rows_c, void @ap_fifo_str, i32 0, i32 0, void @p_str, i32 0, i32 0, void @p_str, void @p_str, void @p_str, i32 2, i32 2, i32 16, i32 16, void @p_str, void @ScalarProp_str, i32 4294967295, i32 0"   --->   Operation 29 'specinterface' 'specinterface_ln0' <Predicate = true> <Delay = 0.00>
ST_4 : Operation 30 [1/1] (0.00ns)   --->   "%specaxissidechannel_ln0 = specaxissidechannel void @_ssdm_op_SpecAXISSideChannel, i16 %s_axis_video_V_data_V, i2 %s_axis_video_V_keep_V, i2 %s_axis_video_V_strb_V, i1 %s_axis_video_V_user_V, i1 %s_axis_video_V_last_V, i1 %s_axis_video_V_id_V, i1 %s_axis_video_V_dest_V, void @empty_37"   --->   Operation 30 'specaxissidechannel' 'specaxissidechannel_ln0' <Predicate = true> <Delay = 0.00>
ST_4 : Operation 31 [1/1] (0.00ns)   --->   "%specinterface_ln0 = specinterface void @_ssdm_op_SpecInterface, i10 %imgInput1_data213, void @empty_26, i32 0, i32 0, void @empty_32, i32 0, i32 0, void @empty_32, void @empty_32, void @empty_32, i32 0, i32 0, i32 0, i32 0, void @empty_32, void @empty_32, i32 4294967295, i32 0"   --->   Operation 31 'specinterface' 'specinterface_ln0' <Predicate = true> <Delay = 0.00>
ST_4 : Operation 32 [1/1] (0.00ns)   --->   "%specinterface_ln0 = specinterface void @_ssdm_op_SpecInterface, i16 %s_axis_video_V_data_V, i2 %s_axis_video_V_keep_V, i2 %s_axis_video_V_strb_V, i1 %s_axis_video_V_user_V, i1 %s_axis_video_V_last_V, i1 %s_axis_video_V_id_V, i1 %s_axis_video_V_dest_V, void @empty_18, i32 0, i32 0, void @empty_19, i32 0, i32 0, void @empty_32, void @empty_32, void @empty_32, i32 0, i32 0, i32 0, i32 0, void @empty_32, void @empty_32, i32 4294967295, i32 0"   --->   Operation 32 'specinterface' 'specinterface_ln0' <Predicate = true> <Delay = 0.00>
ST_4 : Operation 33 [1/1] (0.00ns)   --->   "%axi_last_V_loc_load = load i1 %axi_last_V_loc"   --->   Operation 33 'load' 'axi_last_V_loc_load' <Predicate = true> <Delay = 0.00>
ST_4 : Operation 34 [1/1] (0.00ns)   --->   "%empty_275 = wait i32 @_ssdm_op_Wait"   --->   Operation 34 'wait' 'empty_275' <Predicate = true> <Delay = 0.00>
ST_4 : Operation 35 [1/1] (1.10ns)   --->   "%cmp41 = icmp_eq  i16 %p_read14, i16 0"   --->   Operation 35 'icmp' 'cmp41' <Predicate = true> <Delay = 1.10> <CoreInst = "Cmp">   --->   Core 9 'Cmp' <Latency = 0> <II = 1> <Delay = 1.10> <FuncUnit> <Opcode : 'icmp'> <InPorts = 2> <OutPorts = 1>
ST_4 : Operation 36 [1/1] (0.42ns)   --->   "%br_ln61 = br void %loop_col_zxi2mat" [../../../../../overlays/Vitis_Libraries/vision//L1/examples/isppipeline/xf_isp_accel.cpp:61]   --->   Operation 36 'br' 'br_ln61' <Predicate = true> <Delay = 0.42>

State 5 <SV = 4> <Delay = 1.10>
ST_5 : Operation 37 [1/1] (0.00ns)   --->   "%axi_last_V_2 = phi i1 %axi_last_V_loc_load, void %entry, i1 %axi_last_V_4_loc_load, void %loop_last_hunt"   --->   Operation 37 'phi' 'axi_last_V_2' <Predicate = true> <Delay = 0.00>
ST_5 : Operation 38 [1/1] (0.00ns)   --->   "%i_7 = load i16 %i" [../../../../../overlays/Vitis_Libraries/vision//L1/examples/isppipeline/xf_isp_accel.cpp:61]   --->   Operation 38 'load' 'i_7' <Predicate = true> <Delay = 0.00>
ST_5 : Operation 39 [1/1] (1.10ns)   --->   "%icmp_ln61 = icmp_eq  i16 %i_7, i16 %p_read_26" [../../../../../overlays/Vitis_Libraries/vision//L1/examples/isppipeline/xf_isp_accel.cpp:61]   --->   Operation 39 'icmp' 'icmp_ln61' <Predicate = true> <Delay = 1.10> <CoreInst = "Cmp">   --->   Core 9 'Cmp' <Latency = 0> <II = 1> <Delay = 1.10> <FuncUnit> <Opcode : 'icmp'> <InPorts = 2> <OutPorts = 1>
ST_5 : Operation 40 [1/1] (0.85ns)   --->   "%i_8 = add i16 %i_7, i16 1" [../../../../../overlays/Vitis_Libraries/vision//L1/examples/isppipeline/xf_isp_accel.cpp:61]   --->   Operation 40 'add' 'i_8' <Predicate = true> <Delay = 0.85> <CoreInst = "Adder">   --->   Core 1 'Adder' <Latency = 0> <II = 1> <Delay = 0.85> <FuncUnit> <Opcode : 'add' 'sub'> <InPorts = 2> <OutPorts = 1>

State 6 <SV = 5> <Delay = 1.52>
ST_6 : Operation 41 [1/1] (0.00ns)   --->   "%axi_data_V = load i16 %axi_data_V_2"   --->   Operation 41 'load' 'axi_data_V' <Predicate = true> <Delay = 0.00>
ST_6 : Operation 42 [1/1] (0.00ns)   --->   "%br_ln61 = br i1 %icmp_ln61, void %loop_col_zxi2mat.split, void %for.end18.loopexit" [../../../../../overlays/Vitis_Libraries/vision//L1/examples/isppipeline/xf_isp_accel.cpp:61]   --->   Operation 42 'br' 'br_ln61' <Predicate = true> <Delay = 0.00>
ST_6 : Operation 43 [1/1] (0.00ns)   --->   "%speclooptripcount_ln64 = speclooptripcount void @_ssdm_op_SpecLoopTripCount, i64 0, i64 1080, i64 1080" [../../../../../overlays/Vitis_Libraries/vision//L1/examples/isppipeline/xf_isp_accel.cpp:64]   --->   Operation 43 'speclooptripcount' 'speclooptripcount_ln64' <Predicate = (!icmp_ln61)> <Delay = 0.00>
ST_6 : Operation 44 [1/1] (0.00ns)   --->   "%specloopname_ln38 = specloopname void @_ssdm_op_SpecLoopName, void @empty_22" [../../../../../overlays/Vitis_Libraries/vision//L1/examples/isppipeline/xf_isp_accel.cpp:38]   --->   Operation 44 'specloopname' 'specloopname_ln38' <Predicate = (!icmp_ln61)> <Delay = 0.00>
ST_6 : Operation 45 [1/1] (0.42ns)   --->   "%br_ln67 = br i1 %cmp41, void %for.body6.preheader, void %loop_last_hunt" [../../../../../overlays/Vitis_Libraries/vision//L1/examples/isppipeline/xf_isp_accel.cpp:67]   --->   Operation 45 'br' 'br_ln67' <Predicate = (!icmp_ln61)> <Delay = 0.42>
ST_6 : Operation 46 [1/1] (0.00ns)   --->   "%start_load = load i1 %start"   --->   Operation 46 'load' 'start_load' <Predicate = (!icmp_ln61 & !cmp41)> <Delay = 0.00>
ST_6 : Operation 47 [1/1] (0.00ns)   --->   "%empty_276 = wait i32 @_ssdm_op_Wait"   --->   Operation 47 'wait' 'empty_276' <Predicate = (!icmp_ln61 & !cmp41)> <Delay = 0.00>
ST_6 : Operation 48 [2/2] (1.52ns)   --->   "%call_ln0 = call void @AXIVideo2BayerMat<13, 1080, 1920, 1, 3>_Pipeline_loop_col_zxi2mat, i1 %start_load, i16 %axi_data_V, i1 %axi_last_V_2, i16 %p_read14, i10 %imgInput1_data213, i16 %s_axis_video_V_data_V, i2 %s_axis_video_V_keep_V, i2 %s_axis_video_V_strb_V, i1 %s_axis_video_V_user_V, i1 %s_axis_video_V_last_V, i1 %s_axis_video_V_id_V, i1 %s_axis_video_V_dest_V, i1 %last_loc, i16 %axi_data_V_3_loc"   --->   Operation 48 'call' 'call_ln0' <Predicate = (!icmp_ln61 & !cmp41)> <Delay = 1.52> <CoreType = "Generic">   --->   Core 0 '' <Latency = 0> <II = 1> <Delay = 1.00> <Generic> <Opcode : >
ST_6 : Operation 49 [1/1] (0.00ns)   --->   "%ret_ln98 = ret" [../../../../../overlays/Vitis_Libraries/vision//L1/examples/isppipeline/xf_isp_accel.cpp:98]   --->   Operation 49 'ret' 'ret_ln98' <Predicate = (icmp_ln61)> <Delay = 0.00>

State 7 <SV = 6> <Delay = 1.52>
ST_7 : Operation 50 [1/2] (1.52ns)   --->   "%call_ln0 = call void @AXIVideo2BayerMat<13, 1080, 1920, 1, 3>_Pipeline_loop_col_zxi2mat, i1 %start_load, i16 %axi_data_V, i1 %axi_last_V_2, i16 %p_read14, i10 %imgInput1_data213, i16 %s_axis_video_V_data_V, i2 %s_axis_video_V_keep_V, i2 %s_axis_video_V_strb_V, i1 %s_axis_video_V_user_V, i1 %s_axis_video_V_last_V, i1 %s_axis_video_V_id_V, i1 %s_axis_video_V_dest_V, i1 %last_loc, i16 %axi_data_V_3_loc"   --->   Operation 50 'call' 'call_ln0' <Predicate = true> <Delay = 1.52> <CoreType = "Generic">   --->   Core 0 '' <Latency = 0> <II = 1> <Delay = 1.00> <Generic> <Opcode : >

State 8 <SV = 7> <Delay = 0.42>
ST_8 : Operation 51 [1/1] (0.00ns)   --->   "%last_loc_load = load i1 %last_loc"   --->   Operation 51 'load' 'last_loc_load' <Predicate = (!cmp41)> <Delay = 0.00>
ST_8 : Operation 52 [1/1] (0.00ns)   --->   "%axi_data_V_3_loc_load = load i16 %axi_data_V_3_loc"   --->   Operation 52 'load' 'axi_data_V_3_loc_load' <Predicate = (!cmp41)> <Delay = 0.00>
ST_8 : Operation 53 [1/1] (0.00ns)   --->   "%empty_277 = wait i32 @_ssdm_op_Wait"   --->   Operation 53 'wait' 'empty_277' <Predicate = (!cmp41)> <Delay = 0.00>
ST_8 : Operation 54 [1/1] (0.42ns)   --->   "%store_ln0 = store i1 0, i1 %start"   --->   Operation 54 'store' 'store_ln0' <Predicate = (!cmp41)> <Delay = 0.42>
ST_8 : Operation 55 [1/1] (0.42ns)   --->   "%br_ln0 = br void %loop_last_hunt"   --->   Operation 55 'br' 'br_ln0' <Predicate = (!cmp41)> <Delay = 0.42>
ST_8 : Operation 56 [1/1] (0.42ns)   --->   "%store_ln61 = store i16 %i_8, i16 %i" [../../../../../overlays/Vitis_Libraries/vision//L1/examples/isppipeline/xf_isp_accel.cpp:61]   --->   Operation 56 'store' 'store_ln61' <Predicate = true> <Delay = 0.42>

State 9 <SV = 8> <Delay = 0.85>
ST_9 : Operation 57 [1/1] (0.00ns)   --->   "%axi_last_2_lcssa = phi i1 %last_loc_load, void %for.body6.preheader, i1 %axi_last_V_2, void %loop_col_zxi2mat.split"   --->   Operation 57 'phi' 'axi_last_2_lcssa' <Predicate = true> <Delay = 0.00>
ST_9 : Operation 58 [1/1] (0.00ns)   --->   "%axi_data_2_lcssa = phi i16 %axi_data_V_3_loc_load, void %for.body6.preheader, i16 %axi_data_V, void %loop_col_zxi2mat.split"   --->   Operation 58 'phi' 'axi_data_2_lcssa' <Predicate = true> <Delay = 0.00>
ST_9 : Operation 59 [1/1] (0.00ns)   --->   "%last_0_lcssa = phi i1 %last_loc_load, void %for.body6.preheader, i1 0, void %loop_col_zxi2mat.split"   --->   Operation 59 'phi' 'last_0_lcssa' <Predicate = true> <Delay = 0.00>
ST_9 : Operation 60 [1/1] (0.00ns)   --->   "%empty_278 = wait i32 @_ssdm_op_Wait"   --->   Operation 60 'wait' 'empty_278' <Predicate = true> <Delay = 0.00>
ST_9 : Operation 61 [2/2] (0.85ns)   --->   "%call_ln0 = call void @AXIVideo2BayerMat<13, 1080, 1920, 1, 3>_Pipeline_loop_last_hunt, i1 %axi_last_2_lcssa, i16 %axi_data_2_lcssa, i1 %last_0_lcssa, i16 %s_axis_video_V_data_V, i2 %s_axis_video_V_keep_V, i2 %s_axis_video_V_strb_V, i1 %s_axis_video_V_user_V, i1 %s_axis_video_V_last_V, i1 %s_axis_video_V_id_V, i1 %s_axis_video_V_dest_V, i1 %axi_last_V_4_loc, i16 %axi_data_V_2"   --->   Operation 61 'call' 'call_ln0' <Predicate = true> <Delay = 0.85> <CoreType = "Generic">   --->   Core 0 '' <Latency = 0> <II = 1> <Delay = 1.00> <Generic> <Opcode : >

State 10 <SV = 9> <Delay = 0.42>
ST_10 : Operation 62 [1/2] (0.42ns)   --->   "%call_ln0 = call void @AXIVideo2BayerMat<13, 1080, 1920, 1, 3>_Pipeline_loop_last_hunt, i1 %axi_last_2_lcssa, i16 %axi_data_2_lcssa, i1 %last_0_lcssa, i16 %s_axis_video_V_data_V, i2 %s_axis_video_V_keep_V, i2 %s_axis_video_V_strb_V, i1 %s_axis_video_V_user_V, i1 %s_axis_video_V_last_V, i1 %s_axis_video_V_id_V, i1 %s_axis_video_V_dest_V, i1 %axi_last_V_4_loc, i16 %axi_data_V_2"   --->   Operation 62 'call' 'call_ln0' <Predicate = true> <Delay = 0.42> <CoreType = "Generic">   --->   Core 0 '' <Latency = 0> <II = 1> <Delay = 1.00> <Generic> <Opcode : >

State 11 <SV = 10> <Delay = 0.00>
ST_11 : Operation 63 [1/1] (0.00ns)   --->   "%axi_last_V_4_loc_load = load i1 %axi_last_V_4_loc"   --->   Operation 63 'load' 'axi_last_V_4_loc_load' <Predicate = true> <Delay = 0.00>
ST_11 : Operation 64 [1/1] (0.00ns)   --->   "%br_ln61 = br void %loop_col_zxi2mat" [../../../../../overlays/Vitis_Libraries/vision//L1/examples/isppipeline/xf_isp_accel.cpp:61]   --->   Operation 64 'br' 'br_ln61' <Predicate = true> <Delay = 0.00>


============================================================
+ Verbose Summary: Timing violations
============================================================
Target clock period: 3.3ns, clock uncertainty: 0.891ns.

 <State 1>: 2.41ns
The critical path consists of the following:
	wire read operation ('p_read14') on port 'p_read1' [16]  (1.2 ns)
	fifo write operation ('write_ln0') on port 'imgInput1_cols_c' [23]  (1.2 ns)

 <State 2>: 0.427ns
The critical path consists of the following:
	'call' operation ('call_ln0') to 'AXIVideo2BayerMat<13, 1080, 1920, 1, 3>_Pipeline_loop_start_hunt' [30]  (0.427 ns)

 <State 3>: 0ns
The critical path consists of the following:

 <State 4>: 1.1ns
The critical path consists of the following:
	'icmp' operation ('cmp41') [33]  (1.1 ns)

 <State 5>: 1.1ns
The critical path consists of the following:
	'load' operation ('i', ../../../../../overlays/Vitis_Libraries/vision//L1/examples/isppipeline/xf_isp_accel.cpp:61) on local variable 'i' [39]  (0 ns)
	'icmp' operation ('icmp_ln61', ../../../../../overlays/Vitis_Libraries/vision//L1/examples/isppipeline/xf_isp_accel.cpp:61) [41]  (1.1 ns)

 <State 6>: 1.53ns
The critical path consists of the following:
	'load' operation ('axi.data.V') on local variable 'axi.data.V' [40]  (0 ns)
	'call' operation ('call_ln0') to 'AXIVideo2BayerMat<13, 1080, 1920, 1, 3>_Pipeline_loop_col_zxi2mat' [51]  (1.53 ns)

 <State 7>: 1.53ns
The critical path consists of the following:
	'call' operation ('call_ln0') to 'AXIVideo2BayerMat<13, 1080, 1920, 1, 3>_Pipeline_loop_col_zxi2mat' [51]  (1.53 ns)

 <State 8>: 0.427ns
The critical path consists of the following:
	'store' operation ('store_ln0') of constant 0 on local variable 'start' [55]  (0.427 ns)

 <State 9>: 0.854ns
The critical path consists of the following:
	'phi' operation ('axi.last.V') with incoming values : ('axi_last_V_loc_load') ('last_loc_load') ('axi_last_V_4_loc_load') [58]  (0 ns)
	'call' operation ('call_ln0') to 'AXIVideo2BayerMat<13, 1080, 1920, 1, 3>_Pipeline_loop_last_hunt' [62]  (0.854 ns)

 <State 10>: 0.427ns
The critical path consists of the following:
	'call' operation ('call_ln0') to 'AXIVideo2BayerMat<13, 1080, 1920, 1, 3>_Pipeline_loop_last_hunt' [62]  (0.427 ns)

 <State 11>: 0ns
The critical path consists of the following:


============================================================
+ Verbose Summary: Binding
============================================================
N/A
* FSMD analyzer results:
  - Output states:
 - Input state : 
  - Chain level:
	State 1
	State 2
	State 3
	State 4
	State 5
	State 6
	State 7
	State 8
	State 9
	State 10
	State 11


============================================================
+ Verbose Summary: Datapath Resource usage 
============================================================
N/A
