

================================================================
== Vitis HLS Report for 'ColorMat2AXIvideo_9_1080_1920_1_3_Pipeline_loop_col_mat2axi'
================================================================
* Date:           Thu Mar  5 08:43:00 2026

* Version:        2022.2 (Build 3670227 on Oct 13 2022)
* Project:        isppipeline.prj
* Solution:       sol1 (Vivado IP Flow Target)
* Product family: zynquplus
* Target device:  xck26-sfvc784-2LV-c


================================================================
== Performance Estimates
================================================================
+ Timing: 
    * Summary: 
    +--------+---------+----------+------------+
    |  Clock |  Target | Estimated| Uncertainty|
    +--------+---------+----------+------------+
    |ap_clk  |  3.30 ns|  1.529 ns|     0.89 ns|
    +--------+---------+----------+------------+

+ Latency: 
    * Summary: 
    +---------+---------+-----------+----------+-----+------+---------+
    |  Latency (cycles) |  Latency (absolute)  |  Interval  | Pipeline|
    |   min   |   max   |    min    |    max   | min |  max |   Type  |
    +---------+---------+-----------+----------+-----+------+---------+
    |        4|     1923|  13.200 ns|  6.346 us|    4|  1923|       no|
    +---------+---------+-----------+----------+-----+------+---------+

    + Detail: 
        * Instance: 
        N/A

        * Loop: 
        +--------------------+---------+---------+----------+-----------+-----------+----------+----------+
        |                    |  Latency (cycles) | Iteration|  Initiation Interval  |   Trip   |          |
        |      Loop Name     |   min   |   max   |  Latency |  achieved |   target  |   Count  | Pipelined|
        +--------------------+---------+---------+----------+-----------+-----------+----------+----------+
        |- loop_col_mat2axi  |        2|     1921|         2|          1|          1|  1 ~ 1920|       yes|
        +--------------------+---------+---------+----------+-----------+-----------+----------+----------+

============================================================
+ Verbose Summary: Synthesis Manager
============================================================
InlineROM: 1
ExposeGlobal: 0
============================================================
+ Verbose Summary: CDFG Model
============================================================
IsTopModel: 0
ResetActiveHigh: 1
IsCombinational: 0
IsDatapathOnly: 0
HasWiredReturn: 1
HasMFsm: 2
HasVarLatency: 1
IsPipeline: 0
IsRtlPipelined: 0
IsInstanceOverlapped: 0
IsDontTouch: 0
HasImplIP: 0
IsGatedGlobalClock: 0

+ Individual pipeline summary: 
  * Pipeline-0: initiation interval (II) = 1, depth = 2


============================================================
+ Verbose Summary: Schedule
============================================================
* Number of FSM states : 2
* Pipeline : 1
  Pipeline-0 : II = 1, D = 2, States = { 1 2 }
* Dataflow Pipeline: 0

* FSM state transitions: 
1 --> 2 
2 --> 

* FSM state operations: 

State 1 <SV = 0> <Delay = 1.52>
ST_1 : Operation 5 [1/1] (0.00ns)   --->   "%j_1 = alloca i32 1"   --->   Operation 5 'alloca' 'j_1' <Predicate = true> <Delay = 0.00>
ST_1 : Operation 6 [1/1] (0.00ns)   --->   "%specaxissidechannel_ln0 = specaxissidechannel void @_ssdm_op_SpecAXISSideChannel, i24 %m_axis_video_V_data_V, i3 %m_axis_video_V_keep_V, i3 %m_axis_video_V_strb_V, i1 %m_axis_video_V_user_V, i1 %m_axis_video_V_last_V, i1 %m_axis_video_V_id_V, i1 %m_axis_video_V_dest_V, void @empty_28"   --->   Operation 6 'specaxissidechannel' 'specaxissidechannel_ln0' <Predicate = true> <Delay = 0.00>
ST_1 : Operation 7 [1/1] (0.00ns)   --->   "%specinterface_ln0 = specinterface void @_ssdm_op_SpecInterface, i1 %m_axis_video_V_dest_V, i1 %m_axis_video_V_id_V, i1 %m_axis_video_V_last_V, i1 %m_axis_video_V_user_V, i3 %m_axis_video_V_strb_V, i3 %m_axis_video_V_keep_V, i24 %m_axis_video_V_data_V, void @empty_18, i32 0, i32 0, void @empty_19, i32 0, i32 0, void @empty_32, void @empty_32, void @empty_32, i32 0, i32 0, i32 0, i32 0, void @empty_32, void @empty_32, i32 4294967295, i32 0"   --->   Operation 7 'specinterface' 'specinterface_ln0' <Predicate = true> <Delay = 0.00>
ST_1 : Operation 8 [1/1] (0.00ns)   --->   "%specinterface_ln0 = specinterface void @_ssdm_op_SpecInterface, i24 %p_dst_data219, void @empty_26, i32 0, i32 0, void @empty_32, i32 0, i32 0, void @empty_32, void @empty_32, void @empty_32, i32 0, i32 0, i32 0, i32 0, void @empty_32, void @empty_32, i32 4294967295, i32 0"   --->   Operation 8 'specinterface' 'specinterface_ln0' <Predicate = true> <Delay = 0.00>
ST_1 : Operation 9 [1/1] (0.00ns)   --->   "%sub_read = read i17 @_ssdm_op_Read.ap_auto.i17, i17 %sub"   --->   Operation 9 'read' 'sub_read' <Predicate = true> <Delay = 0.00>
ST_1 : Operation 10 [1/1] (0.00ns)   --->   "%p_read12 = read i16 @_ssdm_op_Read.ap_auto.i16, i16 %p_read1"   --->   Operation 10 'read' 'p_read12' <Predicate = true> <Delay = 0.00>
ST_1 : Operation 11 [1/1] (0.00ns)   --->   "%sof_read = read i1 @_ssdm_op_Read.ap_auto.i1, i1 %sof"   --->   Operation 11 'read' 'sof_read' <Predicate = true> <Delay = 0.00>
ST_1 : Operation 12 [1/1] (0.42ns)   --->   "%store_ln0 = store i16 0, i16 %j_1"   --->   Operation 12 'store' 'store_ln0' <Predicate = true> <Delay = 0.42>
ST_1 : Operation 13 [1/1] (0.42ns)   --->   "%br_ln0 = br void %for.body6"   --->   Operation 13 'br' 'br_ln0' <Predicate = true> <Delay = 0.42>
ST_1 : Operation 14 [1/1] (0.00ns)   --->   "%j = load i16 %j_1" [../../../../../overlays/Vitis_Libraries/vision//L1/examples/isppipeline/xf_isp_accel.cpp:125]   --->   Operation 14 'load' 'j' <Predicate = true> <Delay = 0.00>
ST_1 : Operation 15 [1/1] (0.00ns)   --->   "%zext_ln125 = zext i16 %j" [../../../../../overlays/Vitis_Libraries/vision//L1/examples/isppipeline/xf_isp_accel.cpp:125]   --->   Operation 15 'zext' 'zext_ln125' <Predicate = true> <Delay = 0.00>
ST_1 : Operation 16 [1/1] (1.10ns)   --->   "%icmp_ln125 = icmp_eq  i16 %j, i16 %p_read12" [../../../../../overlays/Vitis_Libraries/vision//L1/examples/isppipeline/xf_isp_accel.cpp:125]   --->   Operation 16 'icmp' 'icmp_ln125' <Predicate = true> <Delay = 1.10> <CoreInst = "Cmp">   --->   Core 9 'Cmp' <Latency = 0> <II = 1> <Delay = 1.10> <FuncUnit> <Opcode : 'icmp'> <InPorts = 2> <OutPorts = 1>
ST_1 : Operation 17 [1/1] (0.85ns)   --->   "%j_2 = add i16 %j, i16 1" [../../../../../overlays/Vitis_Libraries/vision//L1/examples/isppipeline/xf_isp_accel.cpp:125]   --->   Operation 17 'add' 'j_2' <Predicate = true> <Delay = 0.85> <CoreInst = "Adder">   --->   Core 1 'Adder' <Latency = 0> <II = 1> <Delay = 0.85> <FuncUnit> <Opcode : 'add' 'sub'> <InPorts = 2> <OutPorts = 1>
ST_1 : Operation 18 [1/1] (0.00ns)   --->   "%br_ln125 = br i1 %icmp_ln125, void %for.body6.split, void %for.inc44.loopexit.exitStub" [../../../../../overlays/Vitis_Libraries/vision//L1/examples/isppipeline/xf_isp_accel.cpp:125]   --->   Operation 18 'br' 'br_ln125' <Predicate = true> <Delay = 0.00>
ST_1 : Operation 19 [1/1] (1.09ns)   --->   "%axi_last_V = icmp_eq  i17 %zext_ln125, i17 %sub_read" [../../../../../overlays/Vitis_Libraries/vision//L1/examples/isppipeline/xf_isp_accel.cpp:137]   --->   Operation 19 'icmp' 'axi_last_V' <Predicate = (!icmp_ln125)> <Delay = 1.09> <CoreInst = "Cmp">   --->   Core 9 'Cmp' <Latency = 0> <II = 1> <Delay = 1.09> <FuncUnit> <Opcode : 'icmp'> <InPorts = 2> <OutPorts = 1>
ST_1 : Operation 20 [1/1] (0.42ns)   --->   "%store_ln125 = store i16 %j_2, i16 %j_1" [../../../../../overlays/Vitis_Libraries/vision//L1/examples/isppipeline/xf_isp_accel.cpp:125]   --->   Operation 20 'store' 'store_ln125' <Predicate = (!icmp_ln125)> <Delay = 0.42>
ST_1 : Operation 21 [1/1] (0.00ns)   --->   "%br_ln125 = br void %for.body6" [../../../../../overlays/Vitis_Libraries/vision//L1/examples/isppipeline/xf_isp_accel.cpp:125]   --->   Operation 21 'br' 'br_ln125' <Predicate = (!icmp_ln125)> <Delay = 0.00>

State 2 <SV = 1> <Delay = 1.20>
ST_2 : Operation 22 [1/1] (0.00ns)   --->   "%sof_2 = phi i1 0, void %for.body6.split, i1 %sof_read, void %newFuncRoot"   --->   Operation 22 'phi' 'sof_2' <Predicate = true> <Delay = 0.00>
ST_2 : Operation 23 [1/1] (0.00ns)   --->   "%speclooptripcount_ln0 = speclooptripcount void @_ssdm_op_SpecLoopTripCount, i64 1, i64 1920, i64 1920"   --->   Operation 23 'speclooptripcount' 'speclooptripcount_ln0' <Predicate = true> <Delay = 0.00>
ST_2 : Operation 24 [1/1] (0.00ns)   --->   "%specpipeline_ln128 = specpipeline void @_ssdm_op_SpecPipeline, i32 1, i32 0, i32 0, i32 0, void @empty_32" [../../../../../overlays/Vitis_Libraries/vision//L1/examples/isppipeline/xf_isp_accel.cpp:128]   --->   Operation 24 'specpipeline' 'specpipeline_ln128' <Predicate = (!icmp_ln125)> <Delay = 0.00>
ST_2 : Operation 25 [1/1] (0.00ns)   --->   "%specloopname_ln117 = specloopname void @_ssdm_op_SpecLoopName, void @empty_29" [../../../../../overlays/Vitis_Libraries/vision//L1/examples/isppipeline/xf_isp_accel.cpp:117]   --->   Operation 25 'specloopname' 'specloopname_ln117' <Predicate = (!icmp_ln125)> <Delay = 0.00>
ST_2 : Operation 26 [1/1] (1.20ns)   --->   "%srcpixel_V = read i24 @_ssdm_op_Read.ap_fifo.volatile.i24P0A, i24 %p_dst_data219" [../../../../../overlays/Vitis_Libraries/vision//L1/include/common/xf_structs.hpp:542]   --->   Operation 26 'read' 'srcpixel_V' <Predicate = (!icmp_ln125)> <Delay = 1.20> <CoreInst = "FIFO_SRL">   --->   Core 81 'FIFO_SRL' <Latency = 0> <II = 1> <Delay = 1.83> <Storage> <Opcode : 'read' 'write' 'nbread' 'nbwrite'> <Ports = 0> <Width = 24> <Depth = 3> <FIFO>
ST_2 : Operation 27 [1/1] (0.00ns)   --->   "%tmp13 = partselect i8 @_ssdm_op_PartSelect.i8.i24.i32.i32, i24 %srcpixel_V, i32 8, i32 15"   --->   Operation 27 'partselect' 'tmp13' <Predicate = (!icmp_ln125)> <Delay = 0.00>
ST_2 : Operation 28 [1/1] (0.00ns)   --->   "%trunc_ln628 = trunc i24 %srcpixel_V"   --->   Operation 28 'trunc' 'trunc_ln628' <Predicate = (!icmp_ln125)> <Delay = 0.00>
ST_2 : Operation 29 [1/1] (0.00ns)   --->   "%tmp_s = partselect i8 @_ssdm_op_PartSelect.i8.i24.i32.i32, i24 %srcpixel_V, i32 16, i32 23"   --->   Operation 29 'partselect' 'tmp_s' <Predicate = (!icmp_ln125)> <Delay = 0.00>
ST_2 : Operation 30 [1/1] (0.00ns)   --->   "%p_Result_s = bitconcatenate i24 @_ssdm_op_BitConcatenate.i24.i8.i8.i8, i8 %tmp_s, i8 %trunc_ln628, i8 %tmp13"   --->   Operation 30 'bitconcatenate' 'p_Result_s' <Predicate = (!icmp_ln125)> <Delay = 0.00>
ST_2 : Operation 31 [1/1] (0.00ns)   --->   "%write_ln258 = write void @_ssdm_op_Write.axis.volatile.i24P0A.i3P0A.i3P0A.i1P0A.i1P0A.i1P0A.i1P0A, i24 %m_axis_video_V_data_V, i3 %m_axis_video_V_keep_V, i3 %m_axis_video_V_strb_V, i1 %m_axis_video_V_user_V, i1 %m_axis_video_V_last_V, i1 %m_axis_video_V_id_V, i1 %m_axis_video_V_dest_V, i24 %p_Result_s, i3 7, i3 0, i1 %sof_2, i1 %axi_last_V, i1 0, i1 0"   --->   Operation 31 'write' 'write_ln258' <Predicate = (!icmp_ln125)> <Delay = 0.00> <CoreInst = "axis">   --->   Core 123 'axis' <Latency = 0> <II = 1> <Delay = 1.00> <Adapter> <Opcode : >
ST_2 : Operation 32 [1/1] (0.00ns)   --->   "%ret_ln0 = ret"   --->   Operation 32 'ret' 'ret_ln0' <Predicate = (icmp_ln125)> <Delay = 0.00>


============================================================
+ Verbose Summary: Timing violations
============================================================
Target clock period: 3.3ns, clock uncertainty: 0.891ns.

 <State 1>: 1.53ns
The critical path consists of the following:
	'alloca' operation ('j') [12]  (0 ns)
	'load' operation ('j', ../../../../../overlays/Vitis_Libraries/vision//L1/examples/isppipeline/xf_isp_accel.cpp:125) on local variable 'j' [23]  (0 ns)
	'add' operation ('j', ../../../../../overlays/Vitis_Libraries/vision//L1/examples/isppipeline/xf_isp_accel.cpp:125) [27]  (0.853 ns)
	'store' operation ('store_ln125', ../../../../../overlays/Vitis_Libraries/vision//L1/examples/isppipeline/xf_isp_accel.cpp:125) of variable 'j', ../../../../../overlays/Vitis_Libraries/vision//L1/examples/isppipeline/xf_isp_accel.cpp:125 on local variable 'j' [39]  (0.427 ns)
	blocking operation 0.249 ns on control path)

 <State 2>: 1.2ns
The critical path consists of the following:
	fifo read operation ('srcpixel.V', ../../../../../overlays/Vitis_Libraries/vision//L1/include/common/xf_structs.hpp:542) on port 'p_dst_data219' (../../../../../overlays/Vitis_Libraries/vision//L1/include/common/xf_structs.hpp:542) [33]  (1.2 ns)


============================================================
+ Verbose Summary: Binding
============================================================
N/A
* FSMD analyzer results:
  - Output states:
 - Input state : 
  - Chain level:
	State 1
	State 2


============================================================
+ Verbose Summary: Datapath Resource usage 
============================================================
N/A
