

================================================================
== Vitis HLS Report for 'ColorMat2AXIvideo_9_1080_1920_1_3_s'
================================================================
* Date:           Thu Mar  5 08:43:01 2026

* Version:        2022.2 (Build 3670227 on Oct 13 2022)
* Project:        isppipeline.prj
* Solution:       sol1 (Vivado IP Flow Target)
* Product family: zynquplus
* Target device:  xck26-sfvc784-2LV-c


================================================================
== Performance Estimates
================================================================
+ Timing: 
    * Summary: 
    +--------+---------+----------+------------+
    |  Clock |  Target | Estimated| Uncertainty|
    +--------+---------+----------+------------+
    |ap_clk  |  3.30 ns|  2.306 ns|     0.89 ns|
    +--------+---------+----------+------------+

+ Latency: 
    * Summary: 
    +---------+---------+----------+----------+-----+---------+---------+
    |  Latency (cycles) |  Latency (absolute) |    Interval   | Pipeline|
    |   min   |   max   |    min   |    max   | min |   max   |   Type  |
    +---------+---------+----------+----------+-----+---------+---------+
    |        1|  2080081|  3.300 ns|  6.864 ms|    1|  2080081|       no|
    +---------+---------+----------+----------+-----+---------+---------+

    + Detail: 
        * Instance: 
        +-----------------------------------------------------------------------+-------------------------------------------------------------+---------+---------+-----------+----------+-----+------+---------+
        |                                                                       |                                                             |  Latency (cycles) |  Latency (absolute)  |  Interval  | Pipeline|
        |                                Instance                               |                            Module                           |   min   |   max   |    min    |    max   | min |  max |   Type  |
        +-----------------------------------------------------------------------+-------------------------------------------------------------+---------+---------+-----------+----------+-----+------+---------+
        |grp_ColorMat2AXIvideo_9_1080_1920_1_3_Pipeline_loop_col_mat2axi_fu_86  |ColorMat2AXIvideo_9_1080_1920_1_3_Pipeline_loop_col_mat2axi  |        4|     1923|  13.200 ns|  6.346 us|    4|  1923|       no|
        +-----------------------------------------------------------------------+-------------------------------------------------------------+---------+---------+-----------+----------+-----+------+---------+

        * Loop: 
        +--------------------+---------+---------+----------+-----------+-----------+----------+----------+
        |                    |  Latency (cycles) | Iteration|  Initiation Interval  |   Trip   |          |
        |      Loop Name     |   min   |   max   |  Latency |  achieved |   target  |   Count  | Pipelined|
        +--------------------+---------+---------+----------+-----------+-----------+----------+----------+
        |- loop_row_mat2axi  |        0|  2080080|  2 ~ 1926|          -|          -|  0 ~ 1080|        no|
        +--------------------+---------+---------+----------+-----------+-----------+----------+----------+

============================================================
+ Verbose Summary: Synthesis Manager
============================================================
InlineROM: 1
ExposeGlobal: 0
============================================================
+ Verbose Summary: CDFG Model
============================================================
IsTopModel: 0
ResetActiveHigh: 1
IsCombinational: 2
IsDatapathOnly: 0
HasWiredReturn: 1
HasMFsm: 0
HasVarLatency: 1
IsPipeline: 0
IsRtlPipelined: 0
IsInstanceOverlapped: 0
IsDontTouch: 0
HasImplIP: 0
IsGatedGlobalClock: 0


============================================================
+ Verbose Summary: Schedule
============================================================
* Number of FSM states : 4
* Pipeline : 0
* Dataflow Pipeline: 0

* FSM state transitions: 
1 --> 2 
2 --> 3 4 
3 --> 4 
4 --> 2 

* FSM state operations: 

State 1 <SV = 0> <Delay = 2.30>
ST_1 : Operation 5 [1/1] (0.00ns)   --->   "%i_5 = alloca i32 1"   --->   Operation 5 'alloca' 'i_5' <Predicate = true> <Delay = 0.00>
ST_1 : Operation 6 [1/1] (0.00ns)   --->   "%sof = alloca i32 1"   --->   Operation 6 'alloca' 'sof' <Predicate = true> <Delay = 0.00>
ST_1 : Operation 7 [1/1] (0.00ns)   --->   "%specaxissidechannel_ln0 = specaxissidechannel void @_ssdm_op_SpecAXISSideChannel, i24 %m_axis_video_V_data_V, i3 %m_axis_video_V_keep_V, i3 %m_axis_video_V_strb_V, i1 %m_axis_video_V_user_V, i1 %m_axis_video_V_last_V, i1 %m_axis_video_V_id_V, i1 %m_axis_video_V_dest_V, void @empty_28"   --->   Operation 7 'specaxissidechannel' 'specaxissidechannel_ln0' <Predicate = true> <Delay = 0.00>
ST_1 : Operation 8 [1/1] (0.00ns)   --->   "%specinterface_ln0 = specinterface void @_ssdm_op_SpecInterface, i24 %p_dst_data219, void @empty_26, i32 0, i32 0, void @empty_32, i32 0, i32 0, void @empty_32, void @empty_32, void @empty_32, i32 0, i32 0, i32 0, i32 0, void @empty_32, void @empty_32, i32 4294967295, i32 0"   --->   Operation 8 'specinterface' 'specinterface_ln0' <Predicate = true> <Delay = 0.00>
ST_1 : Operation 9 [1/1] (0.00ns)   --->   "%specinterface_ln0 = specinterface void @_ssdm_op_SpecInterface, i24 %m_axis_video_V_data_V, i3 %m_axis_video_V_keep_V, i3 %m_axis_video_V_strb_V, i1 %m_axis_video_V_user_V, i1 %m_axis_video_V_last_V, i1 %m_axis_video_V_id_V, i1 %m_axis_video_V_dest_V, void @empty_18, i32 0, i32 0, void @empty_19, i32 0, i32 0, void @empty_32, void @empty_32, void @empty_32, i32 0, i32 0, i32 0, i32 0, void @empty_32, void @empty_32, i32 4294967295, i32 0"   --->   Operation 9 'specinterface' 'specinterface_ln0' <Predicate = true> <Delay = 0.00>
ST_1 : Operation 10 [1/1] (1.20ns)   --->   "%p_read13 = read i16 @_ssdm_op_Read.ap_auto.i16, i16 %p_read1" [../../../../../overlays/Vitis_Libraries/vision//L1/examples/isppipeline/xf_isp_accel.cpp:107]   --->   Operation 10 'read' 'p_read13' <Predicate = true> <Delay = 1.20> <CoreInst = "FIFO_SRL">   --->   Core 81 'FIFO_SRL' <Latency = 0> <II = 1> <Delay = 1.83> <Storage> <Opcode : 'read' 'write' 'nbread' 'nbwrite'> <Ports = 0> <Width = -1> <Depth = -1> <FIFO>
ST_1 : Operation 11 [1/1] (1.20ns)   --->   "%p_read_25 = read i16 @_ssdm_op_Read.ap_auto.i16, i16 %p_read" [../../../../../overlays/Vitis_Libraries/vision//L1/examples/isppipeline/xf_isp_accel.cpp:107]   --->   Operation 11 'read' 'p_read_25' <Predicate = true> <Delay = 1.20> <CoreInst = "FIFO_SRL">   --->   Core 81 'FIFO_SRL' <Latency = 0> <II = 1> <Delay = 1.83> <Storage> <Opcode : 'read' 'write' 'nbread' 'nbwrite'> <Ports = 0> <Width = -1> <Depth = -1> <FIFO>
ST_1 : Operation 12 [1/1] (0.00ns)   --->   "%zext_ln108 = zext i16 %p_read13" [../../../../../overlays/Vitis_Libraries/vision//L1/examples/isppipeline/xf_isp_accel.cpp:108]   --->   Operation 12 'zext' 'zext_ln108' <Predicate = true> <Delay = 0.00>
ST_1 : Operation 13 [1/1] (0.85ns)   --->   "%sub = add i17 %zext_ln108, i17 131071" [../../../../../overlays/Vitis_Libraries/vision//L1/examples/isppipeline/xf_isp_accel.cpp:108]   --->   Operation 13 'add' 'sub' <Predicate = true> <Delay = 0.85> <CoreInst = "Adder">   --->   Core 1 'Adder' <Latency = 0> <II = 1> <Delay = 0.85> <FuncUnit> <Opcode : 'add' 'sub'> <InPorts = 2> <OutPorts = 1>
ST_1 : Operation 14 [1/1] (1.10ns)   --->   "%cmp45 = icmp_eq  i16 %p_read13, i16 0" [../../../../../overlays/Vitis_Libraries/vision//L1/examples/isppipeline/xf_isp_accel.cpp:107]   --->   Operation 14 'icmp' 'cmp45' <Predicate = true> <Delay = 1.10> <CoreInst = "Cmp">   --->   Core 9 'Cmp' <Latency = 0> <II = 1> <Delay = 1.10> <FuncUnit> <Opcode : 'icmp'> <InPorts = 2> <OutPorts = 1>
ST_1 : Operation 15 [1/1] (0.42ns)   --->   "%store_ln120 = store i1 1, i1 %sof" [../../../../../overlays/Vitis_Libraries/vision//L1/examples/isppipeline/xf_isp_accel.cpp:120]   --->   Operation 15 'store' 'store_ln120' <Predicate = true> <Delay = 0.42>
ST_1 : Operation 16 [1/1] (0.42ns)   --->   "%store_ln120 = store i16 0, i16 %i_5" [../../../../../overlays/Vitis_Libraries/vision//L1/examples/isppipeline/xf_isp_accel.cpp:120]   --->   Operation 16 'store' 'store_ln120' <Predicate = true> <Delay = 0.42>
ST_1 : Operation 17 [1/1] (0.00ns)   --->   "%br_ln120 = br void %loop_col_mat2axi" [../../../../../overlays/Vitis_Libraries/vision//L1/examples/isppipeline/xf_isp_accel.cpp:120]   --->   Operation 17 'br' 'br_ln120' <Predicate = true> <Delay = 0.00>

State 2 <SV = 1> <Delay = 1.10>
ST_2 : Operation 18 [1/1] (0.00ns)   --->   "%i = load i16 %i_5" [../../../../../overlays/Vitis_Libraries/vision//L1/examples/isppipeline/xf_isp_accel.cpp:120]   --->   Operation 18 'load' 'i' <Predicate = true> <Delay = 0.00>
ST_2 : Operation 19 [1/1] (1.10ns)   --->   "%icmp_ln120 = icmp_eq  i16 %i, i16 %p_read_25" [../../../../../overlays/Vitis_Libraries/vision//L1/examples/isppipeline/xf_isp_accel.cpp:120]   --->   Operation 19 'icmp' 'icmp_ln120' <Predicate = true> <Delay = 1.10> <CoreInst = "Cmp">   --->   Core 9 'Cmp' <Latency = 0> <II = 1> <Delay = 1.10> <FuncUnit> <Opcode : 'icmp'> <InPorts = 2> <OutPorts = 1>
ST_2 : Operation 20 [1/1] (0.85ns)   --->   "%i_6 = add i16 %i, i16 1" [../../../../../overlays/Vitis_Libraries/vision//L1/examples/isppipeline/xf_isp_accel.cpp:120]   --->   Operation 20 'add' 'i_6' <Predicate = true> <Delay = 0.85> <CoreInst = "Adder">   --->   Core 1 'Adder' <Latency = 0> <II = 1> <Delay = 0.85> <FuncUnit> <Opcode : 'add' 'sub'> <InPorts = 2> <OutPorts = 1>
ST_2 : Operation 21 [1/1] (0.00ns)   --->   "%br_ln120 = br i1 %icmp_ln120, void %loop_col_mat2axi.split, void %for.end46.loopexit" [../../../../../overlays/Vitis_Libraries/vision//L1/examples/isppipeline/xf_isp_accel.cpp:120]   --->   Operation 21 'br' 'br_ln120' <Predicate = true> <Delay = 0.00>
ST_2 : Operation 22 [1/1] (0.00ns)   --->   "%speclooptripcount_ln122 = speclooptripcount void @_ssdm_op_SpecLoopTripCount, i64 0, i64 1080, i64 1080" [../../../../../overlays/Vitis_Libraries/vision//L1/examples/isppipeline/xf_isp_accel.cpp:122]   --->   Operation 22 'speclooptripcount' 'speclooptripcount_ln122' <Predicate = (!icmp_ln120)> <Delay = 0.00>
ST_2 : Operation 23 [1/1] (0.00ns)   --->   "%specloopname_ln117 = specloopname void @_ssdm_op_SpecLoopName, void @empty_33" [../../../../../overlays/Vitis_Libraries/vision//L1/examples/isppipeline/xf_isp_accel.cpp:117]   --->   Operation 23 'specloopname' 'specloopname_ln117' <Predicate = (!icmp_ln120)> <Delay = 0.00>
ST_2 : Operation 24 [1/1] (0.00ns)   --->   "%br_ln125 = br i1 %cmp45, void %for.body6.preheader, void %for.inc44" [../../../../../overlays/Vitis_Libraries/vision//L1/examples/isppipeline/xf_isp_accel.cpp:125]   --->   Operation 24 'br' 'br_ln125' <Predicate = (!icmp_ln120)> <Delay = 0.00>
ST_2 : Operation 25 [1/1] (0.00ns)   --->   "%ret_ln171 = ret" [../../../../../overlays/Vitis_Libraries/vision//L1/examples/isppipeline/xf_isp_accel.cpp:171]   --->   Operation 25 'ret' 'ret_ln171' <Predicate = (icmp_ln120)> <Delay = 0.00>

State 3 <SV = 2> <Delay = 1.52>
ST_3 : Operation 26 [1/1] (0.00ns)   --->   "%sof_load = load i1 %sof"   --->   Operation 26 'load' 'sof_load' <Predicate = true> <Delay = 0.00>
ST_3 : Operation 27 [1/1] (0.00ns)   --->   "%empty = wait i32 @_ssdm_op_Wait"   --->   Operation 27 'wait' 'empty' <Predicate = true> <Delay = 0.00>
ST_3 : Operation 28 [2/2] (1.52ns)   --->   "%call_ln107 = call void @ColorMat2AXIvideo<9, 1080, 1920, 1, 3>_Pipeline_loop_col_mat2axi, i1 %sof_load, i16 %p_read13, i17 %sub, i24 %p_dst_data219, i24 %m_axis_video_V_data_V, i3 %m_axis_video_V_keep_V, i3 %m_axis_video_V_strb_V, i1 %m_axis_video_V_user_V, i1 %m_axis_video_V_last_V, i1 %m_axis_video_V_id_V, i1 %m_axis_video_V_dest_V" [../../../../../overlays/Vitis_Libraries/vision//L1/examples/isppipeline/xf_isp_accel.cpp:107]   --->   Operation 28 'call' 'call_ln107' <Predicate = true> <Delay = 1.52> <CoreType = "Generic">   --->   Core 0 '' <Latency = 0> <II = 1> <Delay = 1.00> <Generic> <Opcode : >

State 4 <SV = 3> <Delay = 1.20>
ST_4 : Operation 29 [1/2] (1.20ns)   --->   "%call_ln107 = call void @ColorMat2AXIvideo<9, 1080, 1920, 1, 3>_Pipeline_loop_col_mat2axi, i1 %sof_load, i16 %p_read13, i17 %sub, i24 %p_dst_data219, i24 %m_axis_video_V_data_V, i3 %m_axis_video_V_keep_V, i3 %m_axis_video_V_strb_V, i1 %m_axis_video_V_user_V, i1 %m_axis_video_V_last_V, i1 %m_axis_video_V_id_V, i1 %m_axis_video_V_dest_V" [../../../../../overlays/Vitis_Libraries/vision//L1/examples/isppipeline/xf_isp_accel.cpp:107]   --->   Operation 29 'call' 'call_ln107' <Predicate = (!cmp45)> <Delay = 1.20> <CoreType = "Generic">   --->   Core 0 '' <Latency = 0> <II = 1> <Delay = 1.00> <Generic> <Opcode : >
ST_4 : Operation 30 [1/1] (0.42ns)   --->   "%store_ln0 = store i1 0, i1 %sof"   --->   Operation 30 'store' 'store_ln0' <Predicate = (!cmp45)> <Delay = 0.42>
ST_4 : Operation 31 [1/1] (0.00ns)   --->   "%br_ln0 = br void %for.inc44"   --->   Operation 31 'br' 'br_ln0' <Predicate = (!cmp45)> <Delay = 0.00>
ST_4 : Operation 32 [1/1] (0.42ns)   --->   "%store_ln120 = store i16 %i_6, i16 %i_5" [../../../../../overlays/Vitis_Libraries/vision//L1/examples/isppipeline/xf_isp_accel.cpp:120]   --->   Operation 32 'store' 'store_ln120' <Predicate = true> <Delay = 0.42>
ST_4 : Operation 33 [1/1] (0.00ns)   --->   "%br_ln120 = br void %loop_col_mat2axi" [../../../../../overlays/Vitis_Libraries/vision//L1/examples/isppipeline/xf_isp_accel.cpp:120]   --->   Operation 33 'br' 'br_ln120' <Predicate = true> <Delay = 0.00>


============================================================
+ Verbose Summary: Binding
============================================================
STG Binding: 
---------------- STG Properties BEGIN ----------------
- Is combinational: 0
- Is one-state seq: 0
- Is datapath-only: 0
- Is pipelined: 0
- Is top level: 0
Port [ Return ] is wired: 1; IO mode=ap_ctrl_hs:ce=0
Port [ p_read]:  wired=1; compound=0; hidden=0; nouse=0; global=0; static=0; extern=0; dir=0; type=0; pingpong=0; private_global=0; IO mode=ap_none:ce=0
Port [ p_read1]:  wired=1; compound=0; hidden=0; nouse=0; global=0; static=0; extern=0; dir=0; type=0; pingpong=0; private_global=0; IO mode=ap_none:ce=0
Port [ p_dst_data219]:  wired=1; compound=1; hidden=0; nouse=0; global=0; static=0; extern=0; dir=0; type=3; pingpong=0; private_global=0; IO mode=ap_fifo:ce=0
Port [ m_axis_video_V_data_V]:  wired=1; compound=1; hidden=0; nouse=0; global=0; static=0; extern=0; dir=1; type=0; pingpong=0; private_global=0; IO mode=axis:ce=0
Port [ m_axis_video_V_keep_V]:  wired=1; compound=1; hidden=0; nouse=0; global=0; static=0; extern=0; dir=1; type=0; pingpong=0; private_global=0; IO mode=axis:ce=0
Port [ m_axis_video_V_strb_V]:  wired=1; compound=1; hidden=0; nouse=0; global=0; static=0; extern=0; dir=1; type=0; pingpong=0; private_global=0; IO mode=axis:ce=0
Port [ m_axis_video_V_user_V]:  wired=1; compound=1; hidden=0; nouse=0; global=0; static=0; extern=0; dir=1; type=0; pingpong=0; private_global=0; IO mode=axis:ce=0
Port [ m_axis_video_V_last_V]:  wired=1; compound=1; hidden=0; nouse=0; global=0; static=0; extern=0; dir=1; type=0; pingpong=0; private_global=0; IO mode=axis:ce=0
Port [ m_axis_video_V_id_V]:  wired=1; compound=1; hidden=0; nouse=0; global=0; static=0; extern=0; dir=1; type=0; pingpong=0; private_global=0; IO mode=axis:ce=0
Port [ m_axis_video_V_dest_V]:  wired=1; compound=1; hidden=0; nouse=0; global=0; static=0; extern=0; dir=1; type=0; pingpong=0; private_global=0; IO mode=axis:ce=0
---------------- STG Properties END ------------------

---------------- Datapath Model BEGIN ----------------

<LifeTime>
<method=bitvector/>
i_5                     (alloca             ) [ 01111]
sof                     (alloca             ) [ 01111]
specaxissidechannel_ln0 (specaxissidechannel) [ 00000]
specinterface_ln0       (specinterface      ) [ 00000]
specinterface_ln0       (specinterface      ) [ 00000]
p_read13                (read               ) [ 00111]
p_read_25               (read               ) [ 00111]
zext_ln108              (zext               ) [ 00000]
sub                     (add                ) [ 00111]
cmp45                   (icmp               ) [ 00111]
store_ln120             (store              ) [ 00000]
store_ln120             (store              ) [ 00000]
br_ln120                (br                 ) [ 00000]
i                       (load               ) [ 00000]
icmp_ln120              (icmp               ) [ 00111]
i_6                     (add                ) [ 00011]
br_ln120                (br                 ) [ 00000]
speclooptripcount_ln122 (speclooptripcount  ) [ 00000]
specloopname_ln117      (specloopname       ) [ 00000]
br_ln125                (br                 ) [ 00000]
ret_ln171               (ret                ) [ 00000]
sof_load                (load               ) [ 00101]
empty                   (wait               ) [ 00000]
call_ln107              (call               ) [ 00000]
store_ln0               (store              ) [ 00000]
br_ln0                  (br                 ) [ 00000]
store_ln120             (store              ) [ 00000]
br_ln120                (br                 ) [ 00000]
</LifeTime>

<model>

<comp_list>
<comp id="0" class="1000" name="p_read">
<pin_list>
<pin id="1" dir="1" index="0" bw="1" slack="0"/>
</pin_list>
<bind>
<StgValue><ssdm name="p_read"/></StgValue>
</bind>
</comp>

<comp id="2" class="1000" name="p_read1">
<pin_list>
<pin id="3" dir="1" index="0" bw="1" slack="0"/>
</pin_list>
<bind>
<StgValue><ssdm name="p_read1"/></StgValue>
</bind>
</comp>

<comp id="4" class="1000" name="p_dst_data219">
<pin_list>
<pin id="5" dir="1" index="0" bw="1" slack="0"/>
</pin_list>
<bind>
<StgValue><ssdm name="p_dst_data219"/></StgValue>
</bind>
</comp>

<comp id="6" class="1000" name="m_axis_video_V_data_V">
<pin_list>
<pin id="7" dir="1" index="0" bw="1" slack="0"/>
</pin_list>
<bind>
<StgValue><ssdm name="m_axis_video_V_data_V"/></StgValue>
</bind>
</comp>

<comp id="8" class="1000" name="m_axis_video_V_keep_V">
<pin_list>
<pin id="9" dir="1" index="0" bw="1" slack="0"/>
</pin_list>
<bind>
<StgValue><ssdm name="m_axis_video_V_keep_V"/></StgValue>
</bind>
</comp>

<comp id="10" class="1000" name="m_axis_video_V_strb_V">
<pin_list>
<pin id="11" dir="1" index="0" bw="1" slack="0"/>
</pin_list>
<bind>
<StgValue><ssdm name="m_axis_video_V_strb_V"/></StgValue>
</bind>
</comp>

<comp id="12" class="1000" name="m_axis_video_V_user_V">
<pin_list>
<pin id="13" dir="1" index="0" bw="1" slack="0"/>
</pin_list>
<bind>
<StgValue><ssdm name="m_axis_video_V_user_V"/></StgValue>
</bind>
</comp>

<comp id="14" class="1000" name="m_axis_video_V_last_V">
<pin_list>
<pin id="15" dir="1" index="0" bw="1" slack="0"/>
</pin_list>
<bind>
<StgValue><ssdm name="m_axis_video_V_last_V"/></StgValue>
</bind>
</comp>

<comp id="16" class="1000" name="m_axis_video_V_id_V">
<pin_list>
<pin id="17" dir="1" index="0" bw="1" slack="0"/>
</pin_list>
<bind>
<StgValue><ssdm name="m_axis_video_V_id_V"/></StgValue>
</bind>
</comp>

<comp id="18" class="1000" name="m_axis_video_V_dest_V">
<pin_list>
<pin id="19" dir="1" index="0" bw="1" slack="0"/>
</pin_list>
<bind>
<StgValue><ssdm name="m_axis_video_V_dest_V"/></StgValue>
</bind>
</comp>

<comp id="20" class="1001" name="const_20">
<pin_list>
<pin id="21" dir="1" index="0" bw="1" slack="0"/>
</pin_list>
<bind>
<StgValue><ssdm name=""/></StgValue>
</bind>
</comp>

<comp id="22" class="1001" name="const_22">
<pin_list>
<pin id="23" dir="1" index="0" bw="1" slack="2147483647"/>
</pin_list>
<bind>
<StgValue><ssdm name="_ssdm_op_SpecAXISSideChannel"/></StgValue>
</bind>
</comp>

<comp id="24" class="1001" name="const_24">
<pin_list>
<pin id="25" dir="1" index="0" bw="1" slack="2147483647"/>
</pin_list>
<bind>
<StgValue><ssdm name="empty_28"/></StgValue>
</bind>
</comp>

<comp id="26" class="1001" name="const_26">
<pin_list>
<pin id="27" dir="1" index="0" bw="1" slack="2147483647"/>
</pin_list>
<bind>
<StgValue><ssdm name="_ssdm_op_SpecInterface"/></StgValue>
</bind>
</comp>

<comp id="28" class="1001" name="const_28">
<pin_list>
<pin id="29" dir="1" index="0" bw="1" slack="2147483647"/>
</pin_list>
<bind>
<StgValue><ssdm name="empty_26"/></StgValue>
</bind>
</comp>

<comp id="30" class="1001" name="const_30">
<pin_list>
<pin id="31" dir="1" index="0" bw="1" slack="2147483647"/>
</pin_list>
<bind>
<StgValue><ssdm name=""/></StgValue>
</bind>
</comp>

<comp id="32" class="1001" name="const_32">
<pin_list>
<pin id="33" dir="1" index="0" bw="1" slack="2147483647"/>
</pin_list>
<bind>
<StgValue><ssdm name="empty_32"/></StgValue>
</bind>
</comp>

<comp id="34" class="1001" name="const_34">
<pin_list>
<pin id="35" dir="1" index="0" bw="1" slack="2147483647"/>
</pin_list>
<bind>
<StgValue><ssdm name=""/></StgValue>
</bind>
</comp>

<comp id="36" class="1001" name="const_36">
<pin_list>
<pin id="37" dir="1" index="0" bw="1" slack="2147483647"/>
</pin_list>
<bind>
<StgValue><ssdm name="empty_18"/></StgValue>
</bind>
</comp>

<comp id="38" class="1001" name="const_38">
<pin_list>
<pin id="39" dir="1" index="0" bw="1" slack="2147483647"/>
</pin_list>
<bind>
<StgValue><ssdm name="empty_19"/></StgValue>
</bind>
</comp>

<comp id="40" class="1001" name="const_40">
<pin_list>
<pin id="41" dir="1" index="0" bw="1" slack="0"/>
</pin_list>
<bind>
<StgValue><ssdm name="_ssdm_op_Read.ap_auto.i16"/></StgValue>
</bind>
</comp>

<comp id="42" class="1001" name="const_42">
<pin_list>
<pin id="43" dir="1" index="0" bw="1" slack="0"/>
</pin_list>
<bind>
<StgValue><ssdm name=""/></StgValue>
</bind>
</comp>

<comp id="44" class="1001" name="const_44">
<pin_list>
<pin id="45" dir="1" index="0" bw="1" slack="0"/>
</pin_list>
<bind>
<StgValue><ssdm name=""/></StgValue>
</bind>
</comp>

<comp id="46" class="1001" name="const_46">
<pin_list>
<pin id="47" dir="1" index="0" bw="1" slack="0"/>
</pin_list>
<bind>
<StgValue><ssdm name=""/></StgValue>
</bind>
</comp>

<comp id="48" class="1001" name="const_48">
<pin_list>
<pin id="49" dir="1" index="0" bw="1" slack="0"/>
</pin_list>
<bind>
<StgValue><ssdm name=""/></StgValue>
</bind>
</comp>

<comp id="50" class="1001" name="const_50">
<pin_list>
<pin id="51" dir="1" index="0" bw="1" slack="2147483647"/>
</pin_list>
<bind>
<StgValue><ssdm name="_ssdm_op_SpecLoopTripCount"/></StgValue>
</bind>
</comp>

<comp id="52" class="1001" name="const_52">
<pin_list>
<pin id="53" dir="1" index="0" bw="1" slack="2147483647"/>
</pin_list>
<bind>
<StgValue><ssdm name=""/></StgValue>
</bind>
</comp>

<comp id="54" class="1001" name="const_54">
<pin_list>
<pin id="55" dir="1" index="0" bw="1" slack="2147483647"/>
</pin_list>
<bind>
<StgValue><ssdm name=""/></StgValue>
</bind>
</comp>

<comp id="56" class="1001" name="const_56">
<pin_list>
<pin id="57" dir="1" index="0" bw="1" slack="2147483647"/>
</pin_list>
<bind>
<StgValue><ssdm name="_ssdm_op_SpecLoopName"/></StgValue>
</bind>
</comp>

<comp id="58" class="1001" name="const_58">
<pin_list>
<pin id="59" dir="1" index="0" bw="1" slack="2147483647"/>
</pin_list>
<bind>
<StgValue><ssdm name="empty_33"/></StgValue>
</bind>
</comp>

<comp id="60" class="1001" name="const_60">
<pin_list>
<pin id="61" dir="1" index="0" bw="1" slack="2147483647"/>
</pin_list>
<bind>
<StgValue><ssdm name="_ssdm_op_Wait"/></StgValue>
</bind>
</comp>

<comp id="62" class="1001" name="const_62">
<pin_list>
<pin id="63" dir="1" index="0" bw="1" slack="0"/>
</pin_list>
<bind>
<StgValue><ssdm name="ColorMat2AXIvideo<9, 1080, 1920, 1, 3>_Pipeline_loop_col_mat2axi"/></StgValue>
</bind>
</comp>

<comp id="64" class="1001" name="const_64">
<pin_list>
<pin id="65" dir="1" index="0" bw="1" slack="0"/>
</pin_list>
<bind>
<StgValue><ssdm name=""/></StgValue>
</bind>
</comp>

<comp id="66" class="1004" name="i_5_fu_66">
<pin_list>
<pin id="67" dir="0" index="0" bw="1" slack="0"/>
<pin id="68" dir="1" index="1" bw="16" slack="0"/>
</pin_list>
<bind>
<opcode="alloca(26) " fcode="alloca"/>
<opset="i_5/1 "/>
</bind>
</comp>

<comp id="70" class="1004" name="sof_fu_70">
<pin_list>
<pin id="71" dir="0" index="0" bw="1" slack="0"/>
<pin id="72" dir="1" index="1" bw="1" slack="0"/>
</pin_list>
<bind>
<opcode="alloca(26) " fcode="alloca"/>
<opset="sof/1 "/>
</bind>
</comp>

<comp id="74" class="1004" name="p_read13_read_fu_74">
<pin_list>
<pin id="75" dir="0" index="0" bw="16" slack="0"/>
<pin id="76" dir="0" index="1" bw="16" slack="0"/>
<pin id="77" dir="1" index="2" bw="16" slack="0"/>
</pin_list>
<bind>
<opcode="read(1150) " fcode="read"/>
<opset="p_read13/1 "/>
</bind>
</comp>

<comp id="80" class="1004" name="p_read_25_read_fu_80">
<pin_list>
<pin id="81" dir="0" index="0" bw="16" slack="0"/>
<pin id="82" dir="0" index="1" bw="16" slack="0"/>
<pin id="83" dir="1" index="2" bw="16" slack="1"/>
</pin_list>
<bind>
<opcode="read(1150) " fcode="read"/>
<opset="p_read_25/1 "/>
</bind>
</comp>

<comp id="86" class="1004" name="grp_ColorMat2AXIvideo_9_1080_1920_1_3_Pipeline_loop_col_mat2axi_fu_86">
<pin_list>
<pin id="87" dir="0" index="0" bw="0" slack="0"/>
<pin id="88" dir="0" index="1" bw="1" slack="0"/>
<pin id="89" dir="0" index="2" bw="16" slack="2"/>
<pin id="90" dir="0" index="3" bw="17" slack="2"/>
<pin id="91" dir="0" index="4" bw="24" slack="0"/>
<pin id="92" dir="0" index="5" bw="24" slack="0"/>
<pin id="93" dir="0" index="6" bw="3" slack="0"/>
<pin id="94" dir="0" index="7" bw="3" slack="0"/>
<pin id="95" dir="0" index="8" bw="1" slack="0"/>
<pin id="96" dir="0" index="9" bw="1" slack="0"/>
<pin id="97" dir="0" index="10" bw="1" slack="0"/>
<pin id="98" dir="0" index="11" bw="1" slack="0"/>
<pin id="99" dir="1" index="12" bw="0" slack="2147483647"/>
</pin_list>
<bind>
<opcode="call(48) " fcode="call"/>
<opset="call_ln107/3 "/>
</bind>
</comp>

<comp id="109" class="1004" name="zext_ln108_fu_109">
<pin_list>
<pin id="110" dir="0" index="0" bw="16" slack="0"/>
<pin id="111" dir="1" index="1" bw="17" slack="0"/>
</pin_list>
<bind>
<opcode="zext(34) " fcode="zext"/>
<opset="zext_ln108/1 "/>
</bind>
</comp>

<comp id="113" class="1004" name="sub_fu_113">
<pin_list>
<pin id="114" dir="0" index="0" bw="16" slack="0"/>
<pin id="115" dir="0" index="1" bw="1" slack="0"/>
<pin id="116" dir="1" index="2" bw="17" slack="2"/>
</pin_list>
<bind>
<opcode="add(8) " fcode="add"/>
<opset="sub/1 "/>
</bind>
</comp>

<comp id="119" class="1004" name="cmp45_fu_119">
<pin_list>
<pin id="120" dir="0" index="0" bw="16" slack="0"/>
<pin id="121" dir="0" index="1" bw="1" slack="0"/>
<pin id="122" dir="1" index="2" bw="1" slack="1"/>
</pin_list>
<bind>
<opcode="icmp(45) " fcode="icmp"/>
<opset="cmp45/1 "/>
</bind>
</comp>

<comp id="125" class="1004" name="store_ln120_store_fu_125">
<pin_list>
<pin id="126" dir="0" index="0" bw="1" slack="0"/>
<pin id="127" dir="0" index="1" bw="1" slack="0"/>
<pin id="128" dir="1" index="2" bw="0" slack="2147483647"/>
</pin_list>
<bind>
<opcode="store(28) " fcode="store"/>
<opset="store_ln120/1 "/>
</bind>
</comp>

<comp id="130" class="1004" name="store_ln120_store_fu_130">
<pin_list>
<pin id="131" dir="0" index="0" bw="1" slack="0"/>
<pin id="132" dir="0" index="1" bw="16" slack="0"/>
<pin id="133" dir="1" index="2" bw="0" slack="2147483647"/>
</pin_list>
<bind>
<opcode="store(28) " fcode="store"/>
<opset="store_ln120/1 "/>
</bind>
</comp>

<comp id="135" class="1004" name="i_load_fu_135">
<pin_list>
<pin id="136" dir="0" index="0" bw="16" slack="1"/>
<pin id="137" dir="1" index="1" bw="16" slack="0"/>
</pin_list>
<bind>
<opcode="load(27) " fcode="load"/>
<opset="i/2 "/>
</bind>
</comp>

<comp id="138" class="1004" name="icmp_ln120_fu_138">
<pin_list>
<pin id="139" dir="0" index="0" bw="16" slack="0"/>
<pin id="140" dir="0" index="1" bw="16" slack="1"/>
<pin id="141" dir="1" index="2" bw="1" slack="2147483647"/>
</pin_list>
<bind>
<opcode="icmp(45) " fcode="icmp"/>
<opset="icmp_ln120/2 "/>
</bind>
</comp>

<comp id="143" class="1004" name="i_6_fu_143">
<pin_list>
<pin id="144" dir="0" index="0" bw="16" slack="0"/>
<pin id="145" dir="0" index="1" bw="1" slack="0"/>
<pin id="146" dir="1" index="2" bw="16" slack="2"/>
</pin_list>
<bind>
<opcode="add(8) " fcode="add"/>
<opset="i_6/2 "/>
</bind>
</comp>

<comp id="149" class="1004" name="sof_load_load_fu_149">
<pin_list>
<pin id="150" dir="0" index="0" bw="1" slack="2"/>
<pin id="151" dir="1" index="1" bw="1" slack="0"/>
</pin_list>
<bind>
<opcode="load(27) " fcode="load"/>
<opset="sof_load/3 "/>
</bind>
</comp>

<comp id="153" class="1004" name="store_ln0_store_fu_153">
<pin_list>
<pin id="154" dir="0" index="0" bw="1" slack="0"/>
<pin id="155" dir="0" index="1" bw="1" slack="3"/>
<pin id="156" dir="1" index="2" bw="0" slack="2147483647"/>
</pin_list>
<bind>
<opcode="store(28) " fcode="store"/>
<opset="store_ln0/4 "/>
</bind>
</comp>

<comp id="158" class="1004" name="store_ln120_store_fu_158">
<pin_list>
<pin id="159" dir="0" index="0" bw="16" slack="2"/>
<pin id="160" dir="0" index="1" bw="16" slack="3"/>
<pin id="161" dir="1" index="2" bw="0" slack="2147483647"/>
</pin_list>
<bind>
<opcode="store(28) " fcode="store"/>
<opset="store_ln120/4 "/>
</bind>
</comp>

<comp id="162" class="1005" name="i_5_reg_162">
<pin_list>
<pin id="163" dir="0" index="0" bw="16" slack="0"/>
<pin id="164" dir="1" index="1" bw="16" slack="0"/>
</pin_list>
<bind>
<opset="i_5 "/>
</bind>
</comp>

<comp id="169" class="1005" name="sof_reg_169">
<pin_list>
<pin id="170" dir="0" index="0" bw="1" slack="0"/>
<pin id="171" dir="1" index="1" bw="1" slack="0"/>
</pin_list>
<bind>
<opset="sof "/>
</bind>
</comp>

<comp id="176" class="1005" name="p_read13_reg_176">
<pin_list>
<pin id="177" dir="0" index="0" bw="16" slack="2"/>
<pin id="178" dir="1" index="1" bw="16" slack="2"/>
</pin_list>
<bind>
<opset="p_read13 "/>
</bind>
</comp>

<comp id="181" class="1005" name="p_read_25_reg_181">
<pin_list>
<pin id="182" dir="0" index="0" bw="16" slack="1"/>
<pin id="183" dir="1" index="1" bw="16" slack="1"/>
</pin_list>
<bind>
<opset="p_read_25 "/>
</bind>
</comp>

<comp id="186" class="1005" name="sub_reg_186">
<pin_list>
<pin id="187" dir="0" index="0" bw="17" slack="2"/>
<pin id="188" dir="1" index="1" bw="17" slack="2"/>
</pin_list>
<bind>
<opset="sub "/>
</bind>
</comp>

<comp id="191" class="1005" name="cmp45_reg_191">
<pin_list>
<pin id="192" dir="0" index="0" bw="1" slack="1"/>
<pin id="193" dir="1" index="1" bw="1" slack="2147483647"/>
</pin_list>
<bind>
<opset="cmp45 "/>
</bind>
</comp>

<comp id="198" class="1005" name="i_6_reg_198">
<pin_list>
<pin id="199" dir="0" index="0" bw="16" slack="2"/>
<pin id="200" dir="1" index="1" bw="16" slack="2"/>
</pin_list>
<bind>
<opset="i_6 "/>
</bind>
</comp>

</comp_list>

<net_list>
<net id="69"><net_src comp="20" pin="0"/><net_sink comp="66" pin=0"/></net>

<net id="73"><net_src comp="20" pin="0"/><net_sink comp="70" pin=0"/></net>

<net id="78"><net_src comp="40" pin="0"/><net_sink comp="74" pin=0"/></net>

<net id="79"><net_src comp="2" pin="0"/><net_sink comp="74" pin=1"/></net>

<net id="84"><net_src comp="40" pin="0"/><net_sink comp="80" pin=0"/></net>

<net id="85"><net_src comp="0" pin="0"/><net_sink comp="80" pin=1"/></net>

<net id="100"><net_src comp="62" pin="0"/><net_sink comp="86" pin=0"/></net>

<net id="101"><net_src comp="4" pin="0"/><net_sink comp="86" pin=4"/></net>

<net id="102"><net_src comp="6" pin="0"/><net_sink comp="86" pin=5"/></net>

<net id="103"><net_src comp="8" pin="0"/><net_sink comp="86" pin=6"/></net>

<net id="104"><net_src comp="10" pin="0"/><net_sink comp="86" pin=7"/></net>

<net id="105"><net_src comp="12" pin="0"/><net_sink comp="86" pin=8"/></net>

<net id="106"><net_src comp="14" pin="0"/><net_sink comp="86" pin=9"/></net>

<net id="107"><net_src comp="16" pin="0"/><net_sink comp="86" pin=10"/></net>

<net id="108"><net_src comp="18" pin="0"/><net_sink comp="86" pin=11"/></net>

<net id="112"><net_src comp="74" pin="2"/><net_sink comp="109" pin=0"/></net>

<net id="117"><net_src comp="109" pin="1"/><net_sink comp="113" pin=0"/></net>

<net id="118"><net_src comp="42" pin="0"/><net_sink comp="113" pin=1"/></net>

<net id="123"><net_src comp="74" pin="2"/><net_sink comp="119" pin=0"/></net>

<net id="124"><net_src comp="44" pin="0"/><net_sink comp="119" pin=1"/></net>

<net id="129"><net_src comp="46" pin="0"/><net_sink comp="125" pin=0"/></net>

<net id="134"><net_src comp="44" pin="0"/><net_sink comp="130" pin=0"/></net>

<net id="142"><net_src comp="135" pin="1"/><net_sink comp="138" pin=0"/></net>

<net id="147"><net_src comp="135" pin="1"/><net_sink comp="143" pin=0"/></net>

<net id="148"><net_src comp="48" pin="0"/><net_sink comp="143" pin=1"/></net>

<net id="152"><net_src comp="149" pin="1"/><net_sink comp="86" pin=1"/></net>

<net id="157"><net_src comp="64" pin="0"/><net_sink comp="153" pin=0"/></net>

<net id="165"><net_src comp="66" pin="1"/><net_sink comp="162" pin=0"/></net>

<net id="166"><net_src comp="162" pin="1"/><net_sink comp="130" pin=1"/></net>

<net id="167"><net_src comp="162" pin="1"/><net_sink comp="135" pin=0"/></net>

<net id="168"><net_src comp="162" pin="1"/><net_sink comp="158" pin=1"/></net>

<net id="172"><net_src comp="70" pin="1"/><net_sink comp="169" pin=0"/></net>

<net id="173"><net_src comp="169" pin="1"/><net_sink comp="125" pin=1"/></net>

<net id="174"><net_src comp="169" pin="1"/><net_sink comp="149" pin=0"/></net>

<net id="175"><net_src comp="169" pin="1"/><net_sink comp="153" pin=1"/></net>

<net id="179"><net_src comp="74" pin="2"/><net_sink comp="176" pin=0"/></net>

<net id="180"><net_src comp="176" pin="1"/><net_sink comp="86" pin=2"/></net>

<net id="184"><net_src comp="80" pin="2"/><net_sink comp="181" pin=0"/></net>

<net id="185"><net_src comp="181" pin="1"/><net_sink comp="138" pin=1"/></net>

<net id="189"><net_src comp="113" pin="2"/><net_sink comp="186" pin=0"/></net>

<net id="190"><net_src comp="186" pin="1"/><net_sink comp="86" pin=3"/></net>

<net id="194"><net_src comp="119" pin="2"/><net_sink comp="191" pin=0"/></net>

<net id="201"><net_src comp="143" pin="2"/><net_sink comp="198" pin=0"/></net>

<net id="202"><net_src comp="198" pin="1"/><net_sink comp="158" pin=0"/></net>

</net_list>

</model> 
---------------- Datapath Model END ------------------

* FSMD analyzer results:
  - Output states:
	Port: m_axis_video_V_data_V | {3 4 }
	Port: m_axis_video_V_keep_V | {3 4 }
	Port: m_axis_video_V_strb_V | {3 4 }
	Port: m_axis_video_V_user_V | {3 4 }
	Port: m_axis_video_V_last_V | {3 4 }
	Port: m_axis_video_V_id_V | {3 4 }
	Port: m_axis_video_V_dest_V | {3 4 }
 - Input state : 
	Port: ColorMat2AXIvideo<9, 1080, 1920, 1, 3> : p_read | {1 }
	Port: ColorMat2AXIvideo<9, 1080, 1920, 1, 3> : p_read1 | {1 }
	Port: ColorMat2AXIvideo<9, 1080, 1920, 1, 3> : p_dst_data219 | {3 4 }
  - Chain level:
	State 1
		sub : 1
		store_ln120 : 1
		store_ln120 : 1
	State 2
		icmp_ln120 : 1
		i_6 : 1
		br_ln120 : 2
	State 3
		call_ln107 : 1
	State 4


============================================================
+ Verbose Summary: Datapath Resource usage 
============================================================

* Functional unit list:
|----------|-----------------------------------------------------------------------|---------|---------|
| Operation|                            Functional Unit                            |    FF   |   LUT   |
|----------|-----------------------------------------------------------------------|---------|---------|
|   call   | grp_ColorMat2AXIvideo_9_1080_1920_1_3_Pipeline_loop_col_mat2axi_fu_86 |    20   |    49   |
|----------|-----------------------------------------------------------------------|---------|---------|
|    add   |                               sub_fu_113                              |    0    |    23   |
|          |                               i_6_fu_143                              |    0    |    23   |
|----------|-----------------------------------------------------------------------|---------|---------|
|   icmp   |                              cmp45_fu_119                             |    0    |    13   |
|          |                           icmp_ln120_fu_138                           |    0    |    13   |
|----------|-----------------------------------------------------------------------|---------|---------|
|   read   |                          p_read13_read_fu_74                          |    0    |    0    |
|          |                          p_read_25_read_fu_80                         |    0    |    0    |
|----------|-----------------------------------------------------------------------|---------|---------|
|   zext   |                           zext_ln108_fu_109                           |    0    |    0    |
|----------|-----------------------------------------------------------------------|---------|---------|
|   Total  |                                                                       |    20   |   121   |
|----------|-----------------------------------------------------------------------|---------|---------|

Memories:
N/A

* Register list:
+-----------------+--------+
|                 |   FF   |
+-----------------+--------+
|  cmp45_reg_191  |    1   |
|   i_5_reg_162   |   16   |
|   i_6_reg_198   |   16   |
| p_read13_reg_176|   16   |
|p_read_25_reg_181|   16   |
|   sof_reg_169   |    1   |
|   sub_reg_186   |   17   |
+-----------------+--------+
|      Total      |   83   |
+-----------------+--------+

* Multiplexer (MUX) list: 
|--------|------|------|------|--------|
|  Comp  |  Pin | Size |  BW  | S x BW |
|--------|------|------|------|--------|
|  Total |      |      |      |    0   |
|--------|------|------|------|--------|



* Summary:
+-----------+--------+--------+
|           |   FF   |   LUT  |
+-----------+--------+--------+
|  Function |   20   |   121  |
|   Memory  |    -   |    -   |
|Multiplexer|    -   |    -   |
|  Register |   83   |    -   |
+-----------+--------+--------+
|   Total   |   103  |   121  |
+-----------+--------+--------+
