

================================================================
== Vitis HLS Report for 'ColorMat2AXIvideo_9_1080_1920_1_3_Pipeline_loop_col_mat2axi'
================================================================
* Date:           Thu Mar  5 08:43:10 2026

* Version:        2022.2 (Build 3670227 on Oct 13 2022)
* Project:        isppipeline.prj
* Solution:       sol1 (Vivado IP Flow Target)
* Product family: zynquplus
* Target device:  xck26-sfvc784-2LV-c


================================================================
== Performance Estimates
================================================================
+ Timing: 
    * Summary: 
    +--------+---------+----------+------------+
    |  Clock |  Target | Estimated| Uncertainty|
    +--------+---------+----------+------------+
    |ap_clk  |  3.30 ns|  1.529 ns|     0.89 ns|
    +--------+---------+----------+------------+

+ Latency: 
    * Summary: 
    +---------+---------+-----------+----------+-----+------+---------+
    |  Latency (cycles) |  Latency (absolute)  |  Interval  | Pipeline|
    |   min   |   max   |    min    |    max   | min |  max |   Type  |
    +---------+---------+-----------+----------+-----+------+---------+
    |        4|     1923|  13.200 ns|  6.346 us|    4|  1923|       no|
    +---------+---------+-----------+----------+-----+------+---------+

    + Detail: 
        * Instance: 
        N/A

        * Loop: 
        +--------------------+---------+---------+----------+-----------+-----------+----------+----------+
        |                    |  Latency (cycles) | Iteration|  Initiation Interval  |   Trip   |          |
        |      Loop Name     |   min   |   max   |  Latency |  achieved |   target  |   Count  | Pipelined|
        +--------------------+---------+---------+----------+-----------+-----------+----------+----------+
        |- loop_col_mat2axi  |        2|     1921|         2|          1|          1|  1 ~ 1920|       yes|
        +--------------------+---------+---------+----------+-----------+-----------+----------+----------+



================================================================
== Utilization Estimates
================================================================
* Summary: 
+-----------------+---------+------+--------+--------+-----+
|       Name      | BRAM_18K|  DSP |   FF   |   LUT  | URAM|
+-----------------+---------+------+--------+--------+-----+
|DSP              |        -|     -|       -|       -|    -|
|Expression       |        -|     -|       0|      61|    -|
|FIFO             |        -|     -|       -|       -|    -|
|Instance         |        -|     -|       -|       -|    -|
|Memory           |        -|     -|       -|       -|    -|
|Multiplexer      |        -|     -|       -|      63|    -|
|Register         |        -|     -|      23|       -|    -|
+-----------------+---------+------+--------+--------+-----+
|Total            |        0|     0|      23|     124|    0|
+-----------------+---------+------+--------+--------+-----+
|Available        |      288|  1248|  234240|  117120|   64|
+-----------------+---------+------+--------+--------+-----+
|Utilization (%)  |        0|     0|      ~0|      ~0|    0|
+-----------------+---------+------+--------+--------+-----+

+ Detail: 
    * Instance: 
    N/A

    * DSP: 
    N/A

    * Memory: 
    N/A

    * FIFO: 
    N/A

    * Expression: 
    +----------------------------------+----------+----+---+----+------------+------------+
    |           Variable Name          | Operation| DSP| FF| LUT| Bitwidth P0| Bitwidth P1|
    +----------------------------------+----------+----+---+----+------------+------------+
    |j_2_fu_175_p2                     |         +|   0|  0|  23|          16|           1|
    |ap_block_pp0_stage0_01001         |       and|   0|  0|   2|           1|           1|
    |ap_block_pp0_stage0_11001         |       and|   0|  0|   2|           1|           1|
    |ap_block_state2_io                |       and|   0|  0|   2|           1|           1|
    |ap_condition_203                  |       and|   0|  0|   2|           1|           1|
    |axi_last_V_fu_181_p2              |      icmp|   0|  0|  13|          17|          17|
    |icmp_ln125_fu_169_p2              |      icmp|   0|  0|  13|          16|          16|
    |ap_block_state2_pp0_stage0_iter1  |        or|   0|  0|   2|           1|           1|
    |ap_enable_pp0                     |       xor|   0|  0|   2|           1|           2|
    +----------------------------------+----------+----+---+----+------------+------------+
    |Total                             |          |   0|  0|  61|          55|          41|
    +----------------------------------+----------+----+---+----+------------+------------+

    * Multiplexer: 
    +----------------------------------+----+-----------+-----+-----------+
    |               Name               | LUT| Input Size| Bits| Total Bits|
    +----------------------------------+----+-----------+-----+-----------+
    |ap_done_int                       |   9|          2|    1|          2|
    |ap_loop_exit_ready_pp0_iter1_reg  |   9|          2|    1|          2|
    |ap_sig_allocacmp_j                |   9|          2|   16|         32|
    |j_1_fu_88                         |   9|          2|   16|         32|
    |m_axis_video_TDATA_blk_n          |   9|          2|    1|          2|
    |p_dst_data219_blk_n               |   9|          2|    1|          2|
    |sof_2_reg_145                     |   9|          2|    1|          2|
    +----------------------------------+----+-----------+-----+-----------+
    |Total                             |  63|         14|   37|         74|
    +----------------------------------+----+-----------+-----+-----------+

    * Register: 
    +----------------------------------+----+----+-----+-----------+
    |               Name               | FF | LUT| Bits| Const Bits|
    +----------------------------------+----+----+-----+-----------+
    |ap_CS_fsm                         |   1|   0|    1|          0|
    |ap_done_reg                       |   1|   0|    1|          0|
    |ap_enable_reg_pp0_iter1           |   1|   0|    1|          0|
    |ap_loop_exit_ready_pp0_iter1_reg  |   1|   0|    1|          0|
    |axi_last_V_reg_243                |   1|   0|    1|          0|
    |icmp_ln125_reg_239                |   1|   0|    1|          0|
    |j_1_fu_88                         |  16|   0|   16|          0|
    |sof_2_reg_145                     |   1|   0|    1|          0|
    +----------------------------------+----+----+-----+-----------+
    |Total                             |  23|   0|   23|          0|
    +----------------------------------+----+----+-----+-----------+



================================================================
== Interface
================================================================
* Summary: 
+------------------------------+-----+-----+------------+------------------------------------------------------------------+--------------+
|           RTL Ports          | Dir | Bits|  Protocol  |                           Source Object                          |    C Type    |
+------------------------------+-----+-----+------------+------------------------------------------------------------------+--------------+
|ap_clk                        |   in|    1|  ap_ctrl_hs|  ColorMat2AXIvideo<9, 1080, 1920, 1, 3>_Pipeline_loop_col_mat2axi|  return value|
|ap_rst                        |   in|    1|  ap_ctrl_hs|  ColorMat2AXIvideo<9, 1080, 1920, 1, 3>_Pipeline_loop_col_mat2axi|  return value|
|ap_start                      |   in|    1|  ap_ctrl_hs|  ColorMat2AXIvideo<9, 1080, 1920, 1, 3>_Pipeline_loop_col_mat2axi|  return value|
|ap_done                       |  out|    1|  ap_ctrl_hs|  ColorMat2AXIvideo<9, 1080, 1920, 1, 3>_Pipeline_loop_col_mat2axi|  return value|
|ap_idle                       |  out|    1|  ap_ctrl_hs|  ColorMat2AXIvideo<9, 1080, 1920, 1, 3>_Pipeline_loop_col_mat2axi|  return value|
|ap_ready                      |  out|    1|  ap_ctrl_hs|  ColorMat2AXIvideo<9, 1080, 1920, 1, 3>_Pipeline_loop_col_mat2axi|  return value|
|p_dst_data219_dout            |   in|   24|     ap_fifo|                                                     p_dst_data219|       pointer|
|p_dst_data219_num_data_valid  |   in|    3|     ap_fifo|                                                     p_dst_data219|       pointer|
|p_dst_data219_fifo_cap        |   in|    3|     ap_fifo|                                                     p_dst_data219|       pointer|
|p_dst_data219_empty_n         |   in|    1|     ap_fifo|                                                     p_dst_data219|       pointer|
|p_dst_data219_read            |  out|    1|     ap_fifo|                                                     p_dst_data219|       pointer|
|m_axis_video_TREADY           |   in|    1|        axis|                                             m_axis_video_V_data_V|       pointer|
|m_axis_video_TDATA            |  out|   24|        axis|                                             m_axis_video_V_data_V|       pointer|
|sof                           |   in|    1|     ap_none|                                                               sof|        scalar|
|p_read1                       |   in|   16|     ap_none|                                                           p_read1|        scalar|
|sub                           |   in|   17|     ap_none|                                                               sub|        scalar|
|m_axis_video_TVALID           |  out|    1|        axis|                                             m_axis_video_V_dest_V|       pointer|
|m_axis_video_TDEST            |  out|    1|        axis|                                             m_axis_video_V_dest_V|       pointer|
|m_axis_video_TKEEP            |  out|    3|        axis|                                             m_axis_video_V_keep_V|       pointer|
|m_axis_video_TSTRB            |  out|    3|        axis|                                             m_axis_video_V_strb_V|       pointer|
|m_axis_video_TUSER            |  out|    1|        axis|                                             m_axis_video_V_user_V|       pointer|
|m_axis_video_TLAST            |  out|    1|        axis|                                             m_axis_video_V_last_V|       pointer|
|m_axis_video_TID              |  out|    1|        axis|                                               m_axis_video_V_id_V|       pointer|
+------------------------------+-----+-----+------------+------------------------------------------------------------------+--------------+

============================================================
+ Verbose Summary: Synthesis Manager
============================================================
InlineROM: 1
ExposeGlobal: 0
============================================================
+ Verbose Summary: CDFG Model
============================================================
IsTopModel: 0
ResetActiveHigh: 1
IsCombinational: 2
IsDatapathOnly: 2
HasWiredReturn: 1
HasMFsm: 2
HasVarLatency: 1
IsPipeline: 0
IsRtlPipelined: 0
IsInstanceOverlapped: 0
IsDontTouch: 0
HasImplIP: 0
IsGatedGlobalClock: 0

+ Individual pipeline summary: 
  * Pipeline-0: initiation interval (II) = 1, depth = 2


============================================================
+ Verbose Summary: Schedule
============================================================
* Number of FSM states : 2
* Pipeline : 1
  Pipeline-0 : II = 1, D = 2, States = { 1 2 }
* Dataflow Pipeline: 0

* FSM state transitions: 
1 --> 2 
2 --> 

* FSM state operations: 

State 1 <SV = 0> <Delay = 1.52>
ST_1 : Operation 5 [1/1] (0.00ns)   --->   "%j_1 = alloca i32 1"   --->   Operation 5 'alloca' 'j_1' <Predicate = true> <Delay = 0.00>
ST_1 : Operation 6 [1/1] (0.00ns)   --->   "%specaxissidechannel_ln0 = specaxissidechannel void @_ssdm_op_SpecAXISSideChannel, i24 %m_axis_video_V_data_V, i3 %m_axis_video_V_keep_V, i3 %m_axis_video_V_strb_V, i1 %m_axis_video_V_user_V, i1 %m_axis_video_V_last_V, i1 %m_axis_video_V_id_V, i1 %m_axis_video_V_dest_V, void @empty_28"   --->   Operation 6 'specaxissidechannel' 'specaxissidechannel_ln0' <Predicate = true> <Delay = 0.00>
ST_1 : Operation 7 [1/1] (0.00ns)   --->   "%specinterface_ln0 = specinterface void @_ssdm_op_SpecInterface, i1 %m_axis_video_V_dest_V, i1 %m_axis_video_V_id_V, i1 %m_axis_video_V_last_V, i1 %m_axis_video_V_user_V, i3 %m_axis_video_V_strb_V, i3 %m_axis_video_V_keep_V, i24 %m_axis_video_V_data_V, void @empty_18, i32 0, i32 0, void @empty_19, i32 0, i32 0, void @empty_32, void @empty_32, void @empty_32, i32 0, i32 0, i32 0, i32 0, void @empty_32, void @empty_32, i32 4294967295, i32 0"   --->   Operation 7 'specinterface' 'specinterface_ln0' <Predicate = true> <Delay = 0.00>
ST_1 : Operation 8 [1/1] (0.00ns)   --->   "%specinterface_ln0 = specinterface void @_ssdm_op_SpecInterface, i24 %p_dst_data219, void @empty_26, i32 0, i32 0, void @empty_32, i32 0, i32 0, void @empty_32, void @empty_32, void @empty_32, i32 0, i32 0, i32 0, i32 0, void @empty_32, void @empty_32, i32 4294967295, i32 0"   --->   Operation 8 'specinterface' 'specinterface_ln0' <Predicate = true> <Delay = 0.00>
ST_1 : Operation 9 [1/1] (0.00ns)   --->   "%sub_read = read i17 @_ssdm_op_Read.ap_auto.i17, i17 %sub"   --->   Operation 9 'read' 'sub_read' <Predicate = true> <Delay = 0.00>
ST_1 : Operation 10 [1/1] (0.00ns)   --->   "%p_read12 = read i16 @_ssdm_op_Read.ap_auto.i16, i16 %p_read1"   --->   Operation 10 'read' 'p_read12' <Predicate = true> <Delay = 0.00>
ST_1 : Operation 11 [1/1] (0.00ns)   --->   "%sof_read = read i1 @_ssdm_op_Read.ap_auto.i1, i1 %sof"   --->   Operation 11 'read' 'sof_read' <Predicate = true> <Delay = 0.00>
ST_1 : Operation 12 [1/1] (0.42ns)   --->   "%store_ln0 = store i16 0, i16 %j_1"   --->   Operation 12 'store' 'store_ln0' <Predicate = true> <Delay = 0.42>
ST_1 : Operation 13 [1/1] (0.42ns)   --->   "%br_ln0 = br void %for.body6"   --->   Operation 13 'br' 'br_ln0' <Predicate = true> <Delay = 0.42>
ST_1 : Operation 14 [1/1] (0.00ns)   --->   "%j = load i16 %j_1" [../../../../../overlays/Vitis_Libraries/vision//L1/examples/isppipeline/xf_isp_accel.cpp:125]   --->   Operation 14 'load' 'j' <Predicate = true> <Delay = 0.00>
ST_1 : Operation 15 [1/1] (0.00ns)   --->   "%zext_ln125 = zext i16 %j" [../../../../../overlays/Vitis_Libraries/vision//L1/examples/isppipeline/xf_isp_accel.cpp:125]   --->   Operation 15 'zext' 'zext_ln125' <Predicate = true> <Delay = 0.00>
ST_1 : Operation 16 [1/1] (1.10ns)   --->   "%icmp_ln125 = icmp_eq  i16 %j, i16 %p_read12" [../../../../../overlays/Vitis_Libraries/vision//L1/examples/isppipeline/xf_isp_accel.cpp:125]   --->   Operation 16 'icmp' 'icmp_ln125' <Predicate = true> <Delay = 1.10> <CoreInst = "Cmp">   --->   Core 9 'Cmp' <Latency = 0> <II = 1> <Delay = 1.10> <FuncUnit> <Opcode : 'icmp'> <InPorts = 2> <OutPorts = 1>
ST_1 : Operation 17 [1/1] (0.85ns)   --->   "%j_2 = add i16 %j, i16 1" [../../../../../overlays/Vitis_Libraries/vision//L1/examples/isppipeline/xf_isp_accel.cpp:125]   --->   Operation 17 'add' 'j_2' <Predicate = true> <Delay = 0.85> <CoreInst = "Adder">   --->   Core 1 'Adder' <Latency = 0> <II = 1> <Delay = 0.85> <FuncUnit> <Opcode : 'add' 'sub'> <InPorts = 2> <OutPorts = 1>
ST_1 : Operation 18 [1/1] (0.00ns)   --->   "%br_ln125 = br i1 %icmp_ln125, void %for.body6.split, void %for.inc44.loopexit.exitStub" [../../../../../overlays/Vitis_Libraries/vision//L1/examples/isppipeline/xf_isp_accel.cpp:125]   --->   Operation 18 'br' 'br_ln125' <Predicate = true> <Delay = 0.00>
ST_1 : Operation 19 [1/1] (1.09ns)   --->   "%axi_last_V = icmp_eq  i17 %zext_ln125, i17 %sub_read" [../../../../../overlays/Vitis_Libraries/vision//L1/examples/isppipeline/xf_isp_accel.cpp:137]   --->   Operation 19 'icmp' 'axi_last_V' <Predicate = (!icmp_ln125)> <Delay = 1.09> <CoreInst = "Cmp">   --->   Core 9 'Cmp' <Latency = 0> <II = 1> <Delay = 1.09> <FuncUnit> <Opcode : 'icmp'> <InPorts = 2> <OutPorts = 1>
ST_1 : Operation 20 [1/1] (0.42ns)   --->   "%store_ln125 = store i16 %j_2, i16 %j_1" [../../../../../overlays/Vitis_Libraries/vision//L1/examples/isppipeline/xf_isp_accel.cpp:125]   --->   Operation 20 'store' 'store_ln125' <Predicate = (!icmp_ln125)> <Delay = 0.42>
ST_1 : Operation 21 [1/1] (0.00ns)   --->   "%br_ln125 = br void %for.body6" [../../../../../overlays/Vitis_Libraries/vision//L1/examples/isppipeline/xf_isp_accel.cpp:125]   --->   Operation 21 'br' 'br_ln125' <Predicate = (!icmp_ln125)> <Delay = 0.00>

State 2 <SV = 1> <Delay = 1.20>
ST_2 : Operation 22 [1/1] (0.00ns)   --->   "%sof_2 = phi i1 0, void %for.body6.split, i1 %sof_read, void %newFuncRoot"   --->   Operation 22 'phi' 'sof_2' <Predicate = true> <Delay = 0.00>
ST_2 : Operation 23 [1/1] (0.00ns)   --->   "%speclooptripcount_ln0 = speclooptripcount void @_ssdm_op_SpecLoopTripCount, i64 1, i64 1920, i64 1920"   --->   Operation 23 'speclooptripcount' 'speclooptripcount_ln0' <Predicate = true> <Delay = 0.00>
ST_2 : Operation 24 [1/1] (0.00ns)   --->   "%specpipeline_ln128 = specpipeline void @_ssdm_op_SpecPipeline, i32 1, i32 0, i32 0, i32 0, void @empty_32" [../../../../../overlays/Vitis_Libraries/vision//L1/examples/isppipeline/xf_isp_accel.cpp:128]   --->   Operation 24 'specpipeline' 'specpipeline_ln128' <Predicate = (!icmp_ln125)> <Delay = 0.00>
ST_2 : Operation 25 [1/1] (0.00ns)   --->   "%specloopname_ln117 = specloopname void @_ssdm_op_SpecLoopName, void @empty_29" [../../../../../overlays/Vitis_Libraries/vision//L1/examples/isppipeline/xf_isp_accel.cpp:117]   --->   Operation 25 'specloopname' 'specloopname_ln117' <Predicate = (!icmp_ln125)> <Delay = 0.00>
ST_2 : Operation 26 [1/1] (1.20ns)   --->   "%srcpixel_V = read i24 @_ssdm_op_Read.ap_fifo.volatile.i24P0A, i24 %p_dst_data219" [../../../../../overlays/Vitis_Libraries/vision//L1/include/common/xf_structs.hpp:542]   --->   Operation 26 'read' 'srcpixel_V' <Predicate = (!icmp_ln125)> <Delay = 1.20> <CoreInst = "FIFO_SRL">   --->   Core 81 'FIFO_SRL' <Latency = 0> <II = 1> <Delay = 1.83> <Storage> <Opcode : 'read' 'write' 'nbread' 'nbwrite'> <Ports = 0> <Width = 24> <Depth = 3> <FIFO>
ST_2 : Operation 27 [1/1] (0.00ns)   --->   "%tmp13 = partselect i8 @_ssdm_op_PartSelect.i8.i24.i32.i32, i24 %srcpixel_V, i32 8, i32 15"   --->   Operation 27 'partselect' 'tmp13' <Predicate = (!icmp_ln125)> <Delay = 0.00>
ST_2 : Operation 28 [1/1] (0.00ns)   --->   "%trunc_ln628 = trunc i24 %srcpixel_V"   --->   Operation 28 'trunc' 'trunc_ln628' <Predicate = (!icmp_ln125)> <Delay = 0.00>
ST_2 : Operation 29 [1/1] (0.00ns)   --->   "%tmp_s = partselect i8 @_ssdm_op_PartSelect.i8.i24.i32.i32, i24 %srcpixel_V, i32 16, i32 23"   --->   Operation 29 'partselect' 'tmp_s' <Predicate = (!icmp_ln125)> <Delay = 0.00>
ST_2 : Operation 30 [1/1] (0.00ns)   --->   "%p_Result_s = bitconcatenate i24 @_ssdm_op_BitConcatenate.i24.i8.i8.i8, i8 %tmp_s, i8 %trunc_ln628, i8 %tmp13"   --->   Operation 30 'bitconcatenate' 'p_Result_s' <Predicate = (!icmp_ln125)> <Delay = 0.00>
ST_2 : Operation 31 [1/1] (0.00ns)   --->   "%write_ln258 = write void @_ssdm_op_Write.axis.volatile.i24P0A.i3P0A.i3P0A.i1P0A.i1P0A.i1P0A.i1P0A, i24 %m_axis_video_V_data_V, i3 %m_axis_video_V_keep_V, i3 %m_axis_video_V_strb_V, i1 %m_axis_video_V_user_V, i1 %m_axis_video_V_last_V, i1 %m_axis_video_V_id_V, i1 %m_axis_video_V_dest_V, i24 %p_Result_s, i3 7, i3 0, i1 %sof_2, i1 %axi_last_V, i1 0, i1 0"   --->   Operation 31 'write' 'write_ln258' <Predicate = (!icmp_ln125)> <Delay = 0.00> <CoreInst = "axis">   --->   Core 123 'axis' <Latency = 0> <II = 1> <Delay = 1.00> <Adapter> <Opcode : >
ST_2 : Operation 32 [1/1] (0.00ns)   --->   "%ret_ln0 = ret"   --->   Operation 32 'ret' 'ret_ln0' <Predicate = (icmp_ln125)> <Delay = 0.00>


============================================================
+ Verbose Summary: Binding
============================================================
STG Binding: 
---------------- STG Properties BEGIN ----------------
- Is combinational: 0
- Is one-state seq: 0
- Is datapath-only: 0
- Is pipelined: 0
- Is top level: 0
Port [ Return ] is wired: 1; IO mode=ap_ctrl_hs:ce=0
Port [ sof]:  wired=1; compound=0; hidden=0; nouse=0; global=0; static=0; extern=0; dir=0; type=0; pingpong=0; private_global=0; IO mode=ap_none:ce=0
Port [ p_read1]:  wired=1; compound=0; hidden=0; nouse=0; global=0; static=0; extern=0; dir=0; type=0; pingpong=0; private_global=0; IO mode=ap_none:ce=0
Port [ sub]:  wired=1; compound=0; hidden=0; nouse=0; global=0; static=0; extern=0; dir=0; type=0; pingpong=0; private_global=0; IO mode=ap_none:ce=0
Port [ p_dst_data219]:  wired=1; compound=1; hidden=0; nouse=0; global=0; static=0; extern=0; dir=0; type=3; pingpong=0; private_global=0; IO mode=ap_fifo:ce=0
Port [ m_axis_video_V_data_V]:  wired=1; compound=1; hidden=0; nouse=0; global=0; static=0; extern=0; dir=1; type=0; pingpong=0; private_global=0; IO mode=axis:ce=0
Port [ m_axis_video_V_keep_V]:  wired=1; compound=1; hidden=0; nouse=0; global=0; static=0; extern=0; dir=1; type=0; pingpong=0; private_global=0; IO mode=axis:ce=0
Port [ m_axis_video_V_strb_V]:  wired=1; compound=1; hidden=0; nouse=0; global=0; static=0; extern=0; dir=1; type=0; pingpong=0; private_global=0; IO mode=axis:ce=0
Port [ m_axis_video_V_user_V]:  wired=1; compound=1; hidden=0; nouse=0; global=0; static=0; extern=0; dir=1; type=0; pingpong=0; private_global=0; IO mode=axis:ce=0
Port [ m_axis_video_V_last_V]:  wired=1; compound=1; hidden=0; nouse=0; global=0; static=0; extern=0; dir=1; type=0; pingpong=0; private_global=0; IO mode=axis:ce=0
Port [ m_axis_video_V_id_V]:  wired=1; compound=1; hidden=0; nouse=0; global=0; static=0; extern=0; dir=1; type=0; pingpong=0; private_global=0; IO mode=axis:ce=0
Port [ m_axis_video_V_dest_V]:  wired=1; compound=1; hidden=0; nouse=0; global=0; static=0; extern=0; dir=1; type=0; pingpong=0; private_global=0; IO mode=axis:ce=0
---------------- STG Properties END ------------------

---------------- Datapath Model BEGIN ----------------

<LifeTime>
<method=bitvector/>
j_1                     (alloca             ) [ 010]
specaxissidechannel_ln0 (specaxissidechannel) [ 000]
specinterface_ln0       (specinterface      ) [ 000]
specinterface_ln0       (specinterface      ) [ 000]
sub_read                (read               ) [ 000]
p_read12                (read               ) [ 000]
sof_read                (read               ) [ 011]
store_ln0               (store              ) [ 000]
br_ln0                  (br                 ) [ 011]
j                       (load               ) [ 000]
zext_ln125              (zext               ) [ 000]
icmp_ln125              (icmp               ) [ 011]
j_2                     (add                ) [ 000]
br_ln125                (br                 ) [ 000]
axi_last_V              (icmp               ) [ 011]
store_ln125             (store              ) [ 000]
br_ln125                (br                 ) [ 011]
sof_2                   (phi                ) [ 011]
speclooptripcount_ln0   (speclooptripcount  ) [ 000]
specpipeline_ln128      (specpipeline       ) [ 000]
specloopname_ln117      (specloopname       ) [ 000]
srcpixel_V              (read               ) [ 000]
tmp13                   (partselect         ) [ 000]
trunc_ln628             (trunc              ) [ 000]
tmp_s                   (partselect         ) [ 000]
p_Result_s              (bitconcatenate     ) [ 000]
write_ln258             (write              ) [ 000]
ret_ln0                 (ret                ) [ 000]
</LifeTime>

<model>

<comp_list>
<comp id="0" class="1000" name="sof">
<pin_list>
<pin id="1" dir="1" index="0" bw="1" slack="0"/>
</pin_list>
<bind>
<StgValue><ssdm name="sof"/></StgValue>
</bind>
</comp>

<comp id="2" class="1000" name="p_read1">
<pin_list>
<pin id="3" dir="1" index="0" bw="1" slack="0"/>
</pin_list>
<bind>
<StgValue><ssdm name="p_read1"/></StgValue>
</bind>
</comp>

<comp id="4" class="1000" name="sub">
<pin_list>
<pin id="5" dir="1" index="0" bw="1" slack="0"/>
</pin_list>
<bind>
<StgValue><ssdm name="sub"/></StgValue>
</bind>
</comp>

<comp id="6" class="1000" name="p_dst_data219">
<pin_list>
<pin id="7" dir="1" index="0" bw="1" slack="0"/>
</pin_list>
<bind>
<StgValue><ssdm name="p_dst_data219"/></StgValue>
</bind>
</comp>

<comp id="8" class="1000" name="m_axis_video_V_data_V">
<pin_list>
<pin id="9" dir="1" index="0" bw="1" slack="0"/>
</pin_list>
<bind>
<StgValue><ssdm name="m_axis_video_V_data_V"/></StgValue>
</bind>
</comp>

<comp id="10" class="1000" name="m_axis_video_V_keep_V">
<pin_list>
<pin id="11" dir="1" index="0" bw="1" slack="0"/>
</pin_list>
<bind>
<StgValue><ssdm name="m_axis_video_V_keep_V"/></StgValue>
</bind>
</comp>

<comp id="12" class="1000" name="m_axis_video_V_strb_V">
<pin_list>
<pin id="13" dir="1" index="0" bw="1" slack="0"/>
</pin_list>
<bind>
<StgValue><ssdm name="m_axis_video_V_strb_V"/></StgValue>
</bind>
</comp>

<comp id="14" class="1000" name="m_axis_video_V_user_V">
<pin_list>
<pin id="15" dir="1" index="0" bw="1" slack="0"/>
</pin_list>
<bind>
<StgValue><ssdm name="m_axis_video_V_user_V"/></StgValue>
</bind>
</comp>

<comp id="16" class="1000" name="m_axis_video_V_last_V">
<pin_list>
<pin id="17" dir="1" index="0" bw="1" slack="0"/>
</pin_list>
<bind>
<StgValue><ssdm name="m_axis_video_V_last_V"/></StgValue>
</bind>
</comp>

<comp id="18" class="1000" name="m_axis_video_V_id_V">
<pin_list>
<pin id="19" dir="1" index="0" bw="1" slack="0"/>
</pin_list>
<bind>
<StgValue><ssdm name="m_axis_video_V_id_V"/></StgValue>
</bind>
</comp>

<comp id="20" class="1000" name="m_axis_video_V_dest_V">
<pin_list>
<pin id="21" dir="1" index="0" bw="1" slack="0"/>
</pin_list>
<bind>
<StgValue><ssdm name="m_axis_video_V_dest_V"/></StgValue>
</bind>
</comp>

<comp id="22" class="1001" name="const_22">
<pin_list>
<pin id="23" dir="1" index="0" bw="1" slack="0"/>
</pin_list>
<bind>
<StgValue><ssdm name=""/></StgValue>
</bind>
</comp>

<comp id="24" class="1001" name="const_24">
<pin_list>
<pin id="25" dir="1" index="0" bw="1" slack="2147483647"/>
</pin_list>
<bind>
<StgValue><ssdm name="_ssdm_op_SpecAXISSideChannel"/></StgValue>
</bind>
</comp>

<comp id="26" class="1001" name="const_26">
<pin_list>
<pin id="27" dir="1" index="0" bw="1" slack="2147483647"/>
</pin_list>
<bind>
<StgValue><ssdm name="empty_28"/></StgValue>
</bind>
</comp>

<comp id="28" class="1001" name="const_28">
<pin_list>
<pin id="29" dir="1" index="0" bw="1" slack="2147483647"/>
</pin_list>
<bind>
<StgValue><ssdm name="_ssdm_op_SpecInterface"/></StgValue>
</bind>
</comp>

<comp id="30" class="1001" name="const_30">
<pin_list>
<pin id="31" dir="1" index="0" bw="1" slack="2147483647"/>
</pin_list>
<bind>
<StgValue><ssdm name="empty_18"/></StgValue>
</bind>
</comp>

<comp id="32" class="1001" name="const_32">
<pin_list>
<pin id="33" dir="1" index="0" bw="1" slack="2147483647"/>
</pin_list>
<bind>
<StgValue><ssdm name=""/></StgValue>
</bind>
</comp>

<comp id="34" class="1001" name="const_34">
<pin_list>
<pin id="35" dir="1" index="0" bw="1" slack="2147483647"/>
</pin_list>
<bind>
<StgValue><ssdm name="empty_19"/></StgValue>
</bind>
</comp>

<comp id="36" class="1001" name="const_36">
<pin_list>
<pin id="37" dir="1" index="0" bw="1" slack="2147483647"/>
</pin_list>
<bind>
<StgValue><ssdm name="empty_32"/></StgValue>
</bind>
</comp>

<comp id="38" class="1001" name="const_38">
<pin_list>
<pin id="39" dir="1" index="0" bw="1" slack="2147483647"/>
</pin_list>
<bind>
<StgValue><ssdm name=""/></StgValue>
</bind>
</comp>

<comp id="40" class="1001" name="const_40">
<pin_list>
<pin id="41" dir="1" index="0" bw="1" slack="2147483647"/>
</pin_list>
<bind>
<StgValue><ssdm name="empty_26"/></StgValue>
</bind>
</comp>

<comp id="42" class="1001" name="const_42">
<pin_list>
<pin id="43" dir="1" index="0" bw="1" slack="0"/>
</pin_list>
<bind>
<StgValue><ssdm name="_ssdm_op_Read.ap_auto.i17"/></StgValue>
</bind>
</comp>

<comp id="44" class="1001" name="const_44">
<pin_list>
<pin id="45" dir="1" index="0" bw="1" slack="0"/>
</pin_list>
<bind>
<StgValue><ssdm name="_ssdm_op_Read.ap_auto.i16"/></StgValue>
</bind>
</comp>

<comp id="46" class="1001" name="const_46">
<pin_list>
<pin id="47" dir="1" index="0" bw="1" slack="0"/>
</pin_list>
<bind>
<StgValue><ssdm name="_ssdm_op_Read.ap_auto.i1"/></StgValue>
</bind>
</comp>

<comp id="48" class="1001" name="const_48">
<pin_list>
<pin id="49" dir="1" index="0" bw="1" slack="0"/>
</pin_list>
<bind>
<StgValue><ssdm name=""/></StgValue>
</bind>
</comp>

<comp id="50" class="1001" name="const_50">
<pin_list>
<pin id="51" dir="1" index="0" bw="1" slack="0"/>
</pin_list>
<bind>
<StgValue><ssdm name=""/></StgValue>
</bind>
</comp>

<comp id="52" class="1001" name="const_52">
<pin_list>
<pin id="53" dir="1" index="0" bw="1" slack="1"/>
</pin_list>
<bind>
<StgValue><ssdm name=""/></StgValue>
</bind>
</comp>

<comp id="54" class="1001" name="const_54">
<pin_list>
<pin id="55" dir="1" index="0" bw="1" slack="2147483647"/>
</pin_list>
<bind>
<StgValue><ssdm name="_ssdm_op_SpecLoopTripCount"/></StgValue>
</bind>
</comp>

<comp id="56" class="1001" name="const_56">
<pin_list>
<pin id="57" dir="1" index="0" bw="1" slack="2147483647"/>
</pin_list>
<bind>
<StgValue><ssdm name=""/></StgValue>
</bind>
</comp>

<comp id="58" class="1001" name="const_58">
<pin_list>
<pin id="59" dir="1" index="0" bw="1" slack="2147483647"/>
</pin_list>
<bind>
<StgValue><ssdm name=""/></StgValue>
</bind>
</comp>

<comp id="60" class="1001" name="const_60">
<pin_list>
<pin id="61" dir="1" index="0" bw="1" slack="2147483647"/>
</pin_list>
<bind>
<StgValue><ssdm name="_ssdm_op_SpecPipeline"/></StgValue>
</bind>
</comp>

<comp id="62" class="1001" name="const_62">
<pin_list>
<pin id="63" dir="1" index="0" bw="1" slack="2147483647"/>
</pin_list>
<bind>
<StgValue><ssdm name="_ssdm_op_SpecLoopName"/></StgValue>
</bind>
</comp>

<comp id="64" class="1001" name="const_64">
<pin_list>
<pin id="65" dir="1" index="0" bw="1" slack="2147483647"/>
</pin_list>
<bind>
<StgValue><ssdm name="empty_29"/></StgValue>
</bind>
</comp>

<comp id="66" class="1001" name="const_66">
<pin_list>
<pin id="67" dir="1" index="0" bw="1" slack="0"/>
</pin_list>
<bind>
<StgValue><ssdm name="_ssdm_op_Read.ap_fifo.volatile.i24P0A"/></StgValue>
</bind>
</comp>

<comp id="68" class="1001" name="const_68">
<pin_list>
<pin id="69" dir="1" index="0" bw="1" slack="0"/>
</pin_list>
<bind>
<StgValue><ssdm name="_ssdm_op_PartSelect.i8.i24.i32.i32"/></StgValue>
</bind>
</comp>

<comp id="70" class="1001" name="const_70">
<pin_list>
<pin id="71" dir="1" index="0" bw="1" slack="0"/>
</pin_list>
<bind>
<StgValue><ssdm name=""/></StgValue>
</bind>
</comp>

<comp id="72" class="1001" name="const_72">
<pin_list>
<pin id="73" dir="1" index="0" bw="1" slack="0"/>
</pin_list>
<bind>
<StgValue><ssdm name=""/></StgValue>
</bind>
</comp>

<comp id="74" class="1001" name="const_74">
<pin_list>
<pin id="75" dir="1" index="0" bw="1" slack="0"/>
</pin_list>
<bind>
<StgValue><ssdm name=""/></StgValue>
</bind>
</comp>

<comp id="76" class="1001" name="const_76">
<pin_list>
<pin id="77" dir="1" index="0" bw="1" slack="0"/>
</pin_list>
<bind>
<StgValue><ssdm name=""/></StgValue>
</bind>
</comp>

<comp id="78" class="1001" name="const_78">
<pin_list>
<pin id="79" dir="1" index="0" bw="1" slack="0"/>
</pin_list>
<bind>
<StgValue><ssdm name="_ssdm_op_BitConcatenate.i24.i8.i8.i8"/></StgValue>
</bind>
</comp>

<comp id="80" class="1001" name="const_80">
<pin_list>
<pin id="81" dir="1" index="0" bw="1" slack="0"/>
</pin_list>
<bind>
<StgValue><ssdm name="_ssdm_op_Write.axis.volatile.i24P0A.i3P0A.i3P0A.i1P0A.i1P0A.i1P0A.i1P0A"/></StgValue>
</bind>
</comp>

<comp id="82" class="1001" name="const_82">
<pin_list>
<pin id="83" dir="1" index="0" bw="1" slack="0"/>
</pin_list>
<bind>
<StgValue><ssdm name=""/></StgValue>
</bind>
</comp>

<comp id="84" class="1001" name="const_84">
<pin_list>
<pin id="85" dir="1" index="0" bw="1" slack="0"/>
</pin_list>
<bind>
<StgValue><ssdm name=""/></StgValue>
</bind>
</comp>

<comp id="86" class="1001" name="const_86">
<pin_list>
<pin id="87" dir="1" index="0" bw="1" slack="0"/>
</pin_list>
<bind>
<StgValue><ssdm name=""/></StgValue>
</bind>
</comp>

<comp id="88" class="1004" name="j_1_fu_88">
<pin_list>
<pin id="89" dir="0" index="0" bw="1" slack="0"/>
<pin id="90" dir="1" index="1" bw="16" slack="0"/>
</pin_list>
<bind>
<opcode="alloca(26) " fcode="alloca"/>
<opset="j_1/1 "/>
</bind>
</comp>

<comp id="92" class="1004" name="sub_read_read_fu_92">
<pin_list>
<pin id="93" dir="0" index="0" bw="17" slack="0"/>
<pin id="94" dir="0" index="1" bw="17" slack="0"/>
<pin id="95" dir="1" index="2" bw="17" slack="0"/>
</pin_list>
<bind>
<opcode="read(1150) " fcode="read"/>
<opset="sub_read/1 "/>
</bind>
</comp>

<comp id="98" class="1004" name="p_read12_read_fu_98">
<pin_list>
<pin id="99" dir="0" index="0" bw="16" slack="0"/>
<pin id="100" dir="0" index="1" bw="16" slack="0"/>
<pin id="101" dir="1" index="2" bw="16" slack="0"/>
</pin_list>
<bind>
<opcode="read(1150) " fcode="read"/>
<opset="p_read12/1 "/>
</bind>
</comp>

<comp id="104" class="1004" name="sof_read_read_fu_104">
<pin_list>
<pin id="105" dir="0" index="0" bw="1" slack="0"/>
<pin id="106" dir="0" index="1" bw="1" slack="0"/>
<pin id="107" dir="1" index="2" bw="1" slack="1"/>
</pin_list>
<bind>
<opcode="read(1150) " fcode="read"/>
<opset="sof_read/1 "/>
</bind>
</comp>

<comp id="110" class="1004" name="srcpixel_V_read_fu_110">
<pin_list>
<pin id="111" dir="0" index="0" bw="24" slack="0"/>
<pin id="112" dir="0" index="1" bw="24" slack="0"/>
<pin id="113" dir="1" index="2" bw="24" slack="0"/>
</pin_list>
<bind>
<opcode="read(1150) " fcode="read"/>
<opset="srcpixel_V/2 "/>
</bind>
</comp>

<comp id="116" class="1004" name="write_ln258_write_fu_116">
<pin_list>
<pin id="117" dir="0" index="0" bw="0" slack="0"/>
<pin id="118" dir="0" index="1" bw="24" slack="0"/>
<pin id="119" dir="0" index="2" bw="3" slack="0"/>
<pin id="120" dir="0" index="3" bw="3" slack="0"/>
<pin id="121" dir="0" index="4" bw="1" slack="0"/>
<pin id="122" dir="0" index="5" bw="1" slack="0"/>
<pin id="123" dir="0" index="6" bw="1" slack="0"/>
<pin id="124" dir="0" index="7" bw="1" slack="0"/>
<pin id="125" dir="0" index="8" bw="24" slack="0"/>
<pin id="126" dir="0" index="9" bw="1" slack="0"/>
<pin id="127" dir="0" index="10" bw="1" slack="0"/>
<pin id="128" dir="0" index="11" bw="1" slack="0"/>
<pin id="129" dir="0" index="12" bw="1" slack="1"/>
<pin id="130" dir="0" index="13" bw="1" slack="0"/>
<pin id="131" dir="0" index="14" bw="1" slack="0"/>
<pin id="132" dir="1" index="15" bw="0" slack="2147483647"/>
</pin_list>
<bind>
<opcode="write(1151) " fcode="write"/>
<opset="write_ln258/2 "/>
</bind>
</comp>

<comp id="145" class="1005" name="sof_2_reg_145">
<pin_list>
<pin id="146" dir="0" index="0" bw="1" slack="1"/>
<pin id="147" dir="1" index="1" bw="1" slack="1"/>
</pin_list>
<bind>
<opset="sof_2 (phireg) "/>
</bind>
</comp>

<comp id="149" class="1004" name="sof_2_phi_fu_149">
<pin_list>
<pin id="150" dir="0" index="0" bw="1" slack="1"/>
<pin id="151" dir="0" index="1" bw="0" slack="2147483647"/>
<pin id="152" dir="0" index="2" bw="1" slack="1"/>
<pin id="153" dir="0" index="3" bw="0" slack="2147483647"/>
<pin id="154" dir="1" index="4" bw="1" slack="0"/>
</pin_list>
<bind>
<opcode="phi(47) " fcode="phi"/>
<opset="sof_2/2 "/>
</bind>
</comp>

<comp id="157" class="1004" name="store_ln0_store_fu_157">
<pin_list>
<pin id="158" dir="0" index="0" bw="1" slack="0"/>
<pin id="159" dir="0" index="1" bw="16" slack="0"/>
<pin id="160" dir="1" index="2" bw="0" slack="2147483647"/>
</pin_list>
<bind>
<opcode="store(28) " fcode="store"/>
<opset="store_ln0/1 "/>
</bind>
</comp>

<comp id="162" class="1004" name="j_load_fu_162">
<pin_list>
<pin id="163" dir="0" index="0" bw="16" slack="0"/>
<pin id="164" dir="1" index="1" bw="16" slack="0"/>
</pin_list>
<bind>
<opcode="load(27) " fcode="load"/>
<opset="j/1 "/>
</bind>
</comp>

<comp id="165" class="1004" name="zext_ln125_fu_165">
<pin_list>
<pin id="166" dir="0" index="0" bw="16" slack="0"/>
<pin id="167" dir="1" index="1" bw="17" slack="0"/>
</pin_list>
<bind>
<opcode="zext(34) " fcode="zext"/>
<opset="zext_ln125/1 "/>
</bind>
</comp>

<comp id="169" class="1004" name="icmp_ln125_fu_169">
<pin_list>
<pin id="170" dir="0" index="0" bw="16" slack="0"/>
<pin id="171" dir="0" index="1" bw="16" slack="0"/>
<pin id="172" dir="1" index="2" bw="1" slack="1"/>
</pin_list>
<bind>
<opcode="icmp(45) " fcode="icmp"/>
<opset="icmp_ln125/1 "/>
</bind>
</comp>

<comp id="175" class="1004" name="j_2_fu_175">
<pin_list>
<pin id="176" dir="0" index="0" bw="16" slack="0"/>
<pin id="177" dir="0" index="1" bw="1" slack="0"/>
<pin id="178" dir="1" index="2" bw="16" slack="0"/>
</pin_list>
<bind>
<opcode="add(8) " fcode="add"/>
<opset="j_2/1 "/>
</bind>
</comp>

<comp id="181" class="1004" name="axi_last_V_fu_181">
<pin_list>
<pin id="182" dir="0" index="0" bw="17" slack="0"/>
<pin id="183" dir="0" index="1" bw="17" slack="0"/>
<pin id="184" dir="1" index="2" bw="1" slack="1"/>
</pin_list>
<bind>
<opcode="icmp(45) " fcode="icmp"/>
<opset="axi_last_V/1 "/>
</bind>
</comp>

<comp id="187" class="1004" name="store_ln125_store_fu_187">
<pin_list>
<pin id="188" dir="0" index="0" bw="16" slack="0"/>
<pin id="189" dir="0" index="1" bw="16" slack="0"/>
<pin id="190" dir="1" index="2" bw="0" slack="2147483647"/>
</pin_list>
<bind>
<opcode="store(28) " fcode="store"/>
<opset="store_ln125/1 "/>
</bind>
</comp>

<comp id="192" class="1004" name="tmp13_fu_192">
<pin_list>
<pin id="193" dir="0" index="0" bw="8" slack="0"/>
<pin id="194" dir="0" index="1" bw="24" slack="0"/>
<pin id="195" dir="0" index="2" bw="5" slack="0"/>
<pin id="196" dir="0" index="3" bw="5" slack="0"/>
<pin id="197" dir="1" index="4" bw="8" slack="0"/>
</pin_list>
<bind>
<opcode="partselect(1002) " fcode="partselect"/>
<opset="tmp13/2 "/>
</bind>
</comp>

<comp id="202" class="1004" name="trunc_ln628_fu_202">
<pin_list>
<pin id="203" dir="0" index="0" bw="24" slack="0"/>
<pin id="204" dir="1" index="1" bw="8" slack="0"/>
</pin_list>
<bind>
<opcode="trunc(33) " fcode="trunc"/>
<opset="trunc_ln628/2 "/>
</bind>
</comp>

<comp id="206" class="1004" name="tmp_s_fu_206">
<pin_list>
<pin id="207" dir="0" index="0" bw="8" slack="0"/>
<pin id="208" dir="0" index="1" bw="24" slack="0"/>
<pin id="209" dir="0" index="2" bw="6" slack="0"/>
<pin id="210" dir="0" index="3" bw="6" slack="0"/>
<pin id="211" dir="1" index="4" bw="8" slack="0"/>
</pin_list>
<bind>
<opcode="partselect(1002) " fcode="partselect"/>
<opset="tmp_s/2 "/>
</bind>
</comp>

<comp id="216" class="1004" name="p_Result_s_fu_216">
<pin_list>
<pin id="217" dir="0" index="0" bw="24" slack="0"/>
<pin id="218" dir="0" index="1" bw="8" slack="0"/>
<pin id="219" dir="0" index="2" bw="8" slack="0"/>
<pin id="220" dir="0" index="3" bw="8" slack="0"/>
<pin id="221" dir="1" index="4" bw="24" slack="0"/>
</pin_list>
<bind>
<opcode="bitconcatenate(1004) " fcode="bitconcatenate"/>
<opset="p_Result_s/2 "/>
</bind>
</comp>

<comp id="227" class="1005" name="j_1_reg_227">
<pin_list>
<pin id="228" dir="0" index="0" bw="16" slack="0"/>
<pin id="229" dir="1" index="1" bw="16" slack="0"/>
</pin_list>
<bind>
<opset="j_1 "/>
</bind>
</comp>

<comp id="234" class="1005" name="sof_read_reg_234">
<pin_list>
<pin id="235" dir="0" index="0" bw="1" slack="1"/>
<pin id="236" dir="1" index="1" bw="1" slack="1"/>
</pin_list>
<bind>
<opset="sof_read "/>
</bind>
</comp>

<comp id="239" class="1005" name="icmp_ln125_reg_239">
<pin_list>
<pin id="240" dir="0" index="0" bw="1" slack="1"/>
<pin id="241" dir="1" index="1" bw="1" slack="2147483647"/>
</pin_list>
<bind>
<opset="icmp_ln125 "/>
</bind>
</comp>

<comp id="243" class="1005" name="axi_last_V_reg_243">
<pin_list>
<pin id="244" dir="0" index="0" bw="1" slack="1"/>
<pin id="245" dir="1" index="1" bw="1" slack="1"/>
</pin_list>
<bind>
<opset="axi_last_V "/>
</bind>
</comp>

</comp_list>

<net_list>
<net id="91"><net_src comp="22" pin="0"/><net_sink comp="88" pin=0"/></net>

<net id="96"><net_src comp="42" pin="0"/><net_sink comp="92" pin=0"/></net>

<net id="97"><net_src comp="4" pin="0"/><net_sink comp="92" pin=1"/></net>

<net id="102"><net_src comp="44" pin="0"/><net_sink comp="98" pin=0"/></net>

<net id="103"><net_src comp="2" pin="0"/><net_sink comp="98" pin=1"/></net>

<net id="108"><net_src comp="46" pin="0"/><net_sink comp="104" pin=0"/></net>

<net id="109"><net_src comp="0" pin="0"/><net_sink comp="104" pin=1"/></net>

<net id="114"><net_src comp="66" pin="0"/><net_sink comp="110" pin=0"/></net>

<net id="115"><net_src comp="6" pin="0"/><net_sink comp="110" pin=1"/></net>

<net id="133"><net_src comp="80" pin="0"/><net_sink comp="116" pin=0"/></net>

<net id="134"><net_src comp="8" pin="0"/><net_sink comp="116" pin=1"/></net>

<net id="135"><net_src comp="10" pin="0"/><net_sink comp="116" pin=2"/></net>

<net id="136"><net_src comp="12" pin="0"/><net_sink comp="116" pin=3"/></net>

<net id="137"><net_src comp="14" pin="0"/><net_sink comp="116" pin=4"/></net>

<net id="138"><net_src comp="16" pin="0"/><net_sink comp="116" pin=5"/></net>

<net id="139"><net_src comp="18" pin="0"/><net_sink comp="116" pin=6"/></net>

<net id="140"><net_src comp="20" pin="0"/><net_sink comp="116" pin=7"/></net>

<net id="141"><net_src comp="82" pin="0"/><net_sink comp="116" pin=9"/></net>

<net id="142"><net_src comp="84" pin="0"/><net_sink comp="116" pin=10"/></net>

<net id="143"><net_src comp="86" pin="0"/><net_sink comp="116" pin=13"/></net>

<net id="144"><net_src comp="86" pin="0"/><net_sink comp="116" pin=14"/></net>

<net id="148"><net_src comp="52" pin="0"/><net_sink comp="145" pin=0"/></net>

<net id="155"><net_src comp="145" pin="1"/><net_sink comp="149" pin=0"/></net>

<net id="156"><net_src comp="149" pin="4"/><net_sink comp="116" pin=11"/></net>

<net id="161"><net_src comp="48" pin="0"/><net_sink comp="157" pin=0"/></net>

<net id="168"><net_src comp="162" pin="1"/><net_sink comp="165" pin=0"/></net>

<net id="173"><net_src comp="162" pin="1"/><net_sink comp="169" pin=0"/></net>

<net id="174"><net_src comp="98" pin="2"/><net_sink comp="169" pin=1"/></net>

<net id="179"><net_src comp="162" pin="1"/><net_sink comp="175" pin=0"/></net>

<net id="180"><net_src comp="50" pin="0"/><net_sink comp="175" pin=1"/></net>

<net id="185"><net_src comp="165" pin="1"/><net_sink comp="181" pin=0"/></net>

<net id="186"><net_src comp="92" pin="2"/><net_sink comp="181" pin=1"/></net>

<net id="191"><net_src comp="175" pin="2"/><net_sink comp="187" pin=0"/></net>

<net id="198"><net_src comp="68" pin="0"/><net_sink comp="192" pin=0"/></net>

<net id="199"><net_src comp="110" pin="2"/><net_sink comp="192" pin=1"/></net>

<net id="200"><net_src comp="70" pin="0"/><net_sink comp="192" pin=2"/></net>

<net id="201"><net_src comp="72" pin="0"/><net_sink comp="192" pin=3"/></net>

<net id="205"><net_src comp="110" pin="2"/><net_sink comp="202" pin=0"/></net>

<net id="212"><net_src comp="68" pin="0"/><net_sink comp="206" pin=0"/></net>

<net id="213"><net_src comp="110" pin="2"/><net_sink comp="206" pin=1"/></net>

<net id="214"><net_src comp="74" pin="0"/><net_sink comp="206" pin=2"/></net>

<net id="215"><net_src comp="76" pin="0"/><net_sink comp="206" pin=3"/></net>

<net id="222"><net_src comp="78" pin="0"/><net_sink comp="216" pin=0"/></net>

<net id="223"><net_src comp="206" pin="4"/><net_sink comp="216" pin=1"/></net>

<net id="224"><net_src comp="202" pin="1"/><net_sink comp="216" pin=2"/></net>

<net id="225"><net_src comp="192" pin="4"/><net_sink comp="216" pin=3"/></net>

<net id="226"><net_src comp="216" pin="4"/><net_sink comp="116" pin=8"/></net>

<net id="230"><net_src comp="88" pin="1"/><net_sink comp="227" pin=0"/></net>

<net id="231"><net_src comp="227" pin="1"/><net_sink comp="157" pin=1"/></net>

<net id="232"><net_src comp="227" pin="1"/><net_sink comp="162" pin=0"/></net>

<net id="233"><net_src comp="227" pin="1"/><net_sink comp="187" pin=1"/></net>

<net id="237"><net_src comp="104" pin="2"/><net_sink comp="234" pin=0"/></net>

<net id="238"><net_src comp="234" pin="1"/><net_sink comp="149" pin=2"/></net>

<net id="242"><net_src comp="169" pin="2"/><net_sink comp="239" pin=0"/></net>

<net id="246"><net_src comp="181" pin="2"/><net_sink comp="243" pin=0"/></net>

<net id="247"><net_src comp="243" pin="1"/><net_sink comp="116" pin=12"/></net>

</net_list>

</model> 
---------------- Datapath Model END ------------------

* FSMD analyzer results:
  - Output states:
	Port: p_dst_data219 | {}
	Port: m_axis_video_V_data_V | {2 }
	Port: m_axis_video_V_keep_V | {2 }
	Port: m_axis_video_V_strb_V | {2 }
	Port: m_axis_video_V_user_V | {2 }
	Port: m_axis_video_V_last_V | {2 }
	Port: m_axis_video_V_id_V | {2 }
	Port: m_axis_video_V_dest_V | {2 }
 - Input state : 
	Port: ColorMat2AXIvideo<9, 1080, 1920, 1, 3>_Pipeline_loop_col_mat2axi : sof | {1 }
	Port: ColorMat2AXIvideo<9, 1080, 1920, 1, 3>_Pipeline_loop_col_mat2axi : p_read1 | {1 }
	Port: ColorMat2AXIvideo<9, 1080, 1920, 1, 3>_Pipeline_loop_col_mat2axi : sub | {1 }
	Port: ColorMat2AXIvideo<9, 1080, 1920, 1, 3>_Pipeline_loop_col_mat2axi : p_dst_data219 | {2 }
	Port: ColorMat2AXIvideo<9, 1080, 1920, 1, 3>_Pipeline_loop_col_mat2axi : m_axis_video_V_data_V | {}
	Port: ColorMat2AXIvideo<9, 1080, 1920, 1, 3>_Pipeline_loop_col_mat2axi : m_axis_video_V_keep_V | {}
	Port: ColorMat2AXIvideo<9, 1080, 1920, 1, 3>_Pipeline_loop_col_mat2axi : m_axis_video_V_strb_V | {}
	Port: ColorMat2AXIvideo<9, 1080, 1920, 1, 3>_Pipeline_loop_col_mat2axi : m_axis_video_V_user_V | {}
	Port: ColorMat2AXIvideo<9, 1080, 1920, 1, 3>_Pipeline_loop_col_mat2axi : m_axis_video_V_last_V | {}
	Port: ColorMat2AXIvideo<9, 1080, 1920, 1, 3>_Pipeline_loop_col_mat2axi : m_axis_video_V_id_V | {}
	Port: ColorMat2AXIvideo<9, 1080, 1920, 1, 3>_Pipeline_loop_col_mat2axi : m_axis_video_V_dest_V | {}
  - Chain level:
	State 1
		store_ln0 : 1
		j : 1
		zext_ln125 : 2
		icmp_ln125 : 2
		j_2 : 2
		br_ln125 : 3
		axi_last_V : 3
		store_ln125 : 3
	State 2
		p_Result_s : 1
		write_ln258 : 2


============================================================
+ Verbose Summary: Datapath Resource usage 
============================================================

* Functional unit list:
|----------|--------------------------|---------|---------|
| Operation|      Functional Unit     |    FF   |   LUT   |
|----------|--------------------------|---------|---------|
|   icmp   |     icmp_ln125_fu_169    |    0    |    13   |
|          |     axi_last_V_fu_181    |    0    |    13   |
|----------|--------------------------|---------|---------|
|    add   |        j_2_fu_175        |    0    |    23   |
|----------|--------------------------|---------|---------|
|          |    sub_read_read_fu_92   |    0    |    0    |
|   read   |    p_read12_read_fu_98   |    0    |    0    |
|          |   sof_read_read_fu_104   |    0    |    0    |
|          |  srcpixel_V_read_fu_110  |    0    |    0    |
|----------|--------------------------|---------|---------|
|   write  | write_ln258_write_fu_116 |    0    |    0    |
|----------|--------------------------|---------|---------|
|   zext   |     zext_ln125_fu_165    |    0    |    0    |
|----------|--------------------------|---------|---------|
|partselect|       tmp13_fu_192       |    0    |    0    |
|          |       tmp_s_fu_206       |    0    |    0    |
|----------|--------------------------|---------|---------|
|   trunc  |    trunc_ln628_fu_202    |    0    |    0    |
|----------|--------------------------|---------|---------|
|bitconcatenate|     p_Result_s_fu_216    |    0    |    0    |
|----------|--------------------------|---------|---------|
|   Total  |                          |    0    |    49   |
|----------|--------------------------|---------|---------|

Memories:
N/A

* Register list:
+------------------+--------+
|                  |   FF   |
+------------------+--------+
|axi_last_V_reg_243|    1   |
|icmp_ln125_reg_239|    1   |
|    j_1_reg_227   |   16   |
|   sof_2_reg_145  |    1   |
| sof_read_reg_234 |    1   |
+------------------+--------+
|       Total      |   20   |
+------------------+--------+

* Multiplexer (MUX) list: 
|--------|------|------|------|--------|
|  Comp  |  Pin | Size |  BW  | S x BW |
|--------|------|------|------|--------|
|  Total |      |      |      |    0   |
|--------|------|------|------|--------|



* Summary:
+-----------+--------+--------+
|           |   FF   |   LUT  |
+-----------+--------+--------+
|  Function |    0   |   49   |
|   Memory  |    -   |    -   |
|Multiplexer|    -   |    -   |
|  Register |   20   |    -   |
+-----------+--------+--------+
|   Total   |   20   |   49   |
+-----------+--------+--------+
