

================================================================
== Vitis HLS Report for 'demosaicing_Pipeline_LineBuffer_VITIS_LOOP_278_1'
================================================================
* Date:           Thu Mar  5 08:42:53 2026

* Version:        2022.2 (Build 3670227 on Oct 13 2022)
* Project:        isppipeline.prj
* Solution:       sol1 (Vivado IP Flow Target)
* Product family: zynquplus
* Target device:  xck26-sfvc784-2LV-c


================================================================
== Performance Estimates
================================================================
+ Timing: 
    * Summary: 
    +--------+---------+----------+------------+
    |  Clock |  Target | Estimated| Uncertainty|
    +--------+---------+----------+------------+
    |ap_clk  |  3.30 ns|  2.805 ns|     0.89 ns|
    +--------+---------+----------+------------+

+ Latency: 
    * Summary: 
    +---------+---------+-----------+-----------+------+------+---------+
    |  Latency (cycles) |   Latency (absolute)  |   Interval  | Pipeline|
    |   min   |   max   |    min    |    max    |  min |  max |   Type  |
    +---------+---------+-----------+-----------+------+------+---------+
    |     3842|     3842|  12.679 us|  12.679 us|  3842|  3842|       no|
    +---------+---------+-----------+-----------+------+------+---------+

    + Detail: 
        * Instance: 
        N/A

        * Loop: 
        +-------------------------------+---------+---------+----------+-----------+-----------+------+----------+
        |                               |  Latency (cycles) | Iteration|  Initiation Interval  | Trip |          |
        |           Loop Name           |   min   |   max   |  Latency |  achieved |   target  | Count| Pipelined|
        +-------------------------------+---------+---------+----------+-----------+-----------+------+----------+
        |- LineBuffer_VITIS_LOOP_278_1  |     3840|     3840|         2|          1|          1|  3840|       yes|
        +-------------------------------+---------+---------+----------+-----------+-----------+------+----------+

============================================================
+ Verbose Summary: Synthesis Manager
============================================================
InlineROM: 1
ExposeGlobal: 0
============================================================
+ Verbose Summary: CDFG Model
============================================================
IsTopModel: 0
ResetActiveHigh: 1
IsCombinational: 0
IsDatapathOnly: 0
HasWiredReturn: 1
HasMFsm: 2
HasVarLatency: 1
IsPipeline: 0
IsRtlPipelined: 0
IsInstanceOverlapped: 0
IsDontTouch: 0
HasImplIP: 0
IsGatedGlobalClock: 0

+ Individual pipeline summary: 
  * Pipeline-0: initiation interval (II) = 1, depth = 3


============================================================
+ Verbose Summary: Schedule
============================================================
* Number of FSM states : 3
* Pipeline : 1
  Pipeline-0 : II = 1, D = 3, States = { 1 2 3 }
* Dataflow Pipeline: 0

* FSM state transitions: 
1 --> 2 
2 --> 3 
3 --> 

* FSM state operations: 

State 1 <SV = 0> <Delay = 0.42>
ST_1 : Operation 5 [1/1] (0.00ns)   --->   "%j = alloca i32 1"   --->   Operation 5 'alloca' 'j' <Predicate = true> <Delay = 0.00>
ST_1 : Operation 6 [1/1] (0.00ns)   --->   "%i = alloca i32 1"   --->   Operation 6 'alloca' 'i' <Predicate = true> <Delay = 0.00>
ST_1 : Operation 7 [1/1] (0.00ns)   --->   "%indvar_flatten = alloca i32 1"   --->   Operation 7 'alloca' 'indvar_flatten' <Predicate = true> <Delay = 0.00>
ST_1 : Operation 8 [1/1] (0.00ns)   --->   "%specmemcore_ln0 = specmemcore void @_ssdm_op_SpecMemCore, i10 %linebuffer_V, i64 666, i64 30, i64 18446744073709551615"   --->   Operation 8 'specmemcore' 'specmemcore_ln0' <Predicate = true> <Delay = 0.00>
ST_1 : Operation 9 [1/1] (0.00ns)   --->   "%specmemcore_ln0 = specmemcore void @_ssdm_op_SpecMemCore, i10 %linebuffer_V_1, i64 666, i64 30, i64 18446744073709551615"   --->   Operation 9 'specmemcore' 'specmemcore_ln0' <Predicate = true> <Delay = 0.00>
ST_1 : Operation 10 [1/1] (0.00ns)   --->   "%specmemcore_ln0 = specmemcore void @_ssdm_op_SpecMemCore, i10 %linebuffer_V_2, i64 666, i64 30, i64 18446744073709551615"   --->   Operation 10 'specmemcore' 'specmemcore_ln0' <Predicate = true> <Delay = 0.00>
ST_1 : Operation 11 [1/1] (0.00ns)   --->   "%specmemcore_ln0 = specmemcore void @_ssdm_op_SpecMemCore, i10 %linebuffer_V_3, i64 666, i64 30, i64 18446744073709551615"   --->   Operation 11 'specmemcore' 'specmemcore_ln0' <Predicate = true> <Delay = 0.00>
ST_1 : Operation 12 [1/1] (0.00ns)   --->   "%specinterface_ln0 = specinterface void @_ssdm_op_SpecInterface, i10 %gain_out_data215, void @empty_26, i32 0, i32 0, void @empty_32, i32 0, i32 0, void @empty_32, void @empty_32, void @empty_32, i32 0, i32 0, i32 0, i32 0, void @empty_32, void @empty_32, i32 4294967295, i32 0"   --->   Operation 12 'specinterface' 'specinterface_ln0' <Predicate = true> <Delay = 0.00>
ST_1 : Operation 13 [1/1] (0.00ns)   --->   "%p_read12 = read i16 @_ssdm_op_Read.ap_auto.i16, i16 %p_read1"   --->   Operation 13 'read' 'p_read12' <Predicate = true> <Delay = 0.00>
ST_1 : Operation 14 [1/1] (0.00ns)   --->   "%bound_read = read i17 @_ssdm_op_Read.ap_auto.i17, i17 %bound"   --->   Operation 14 'read' 'bound_read' <Predicate = true> <Delay = 0.00>
ST_1 : Operation 15 [1/1] (0.42ns)   --->   "%store_ln0 = store i17 0, i17 %indvar_flatten"   --->   Operation 15 'store' 'store_ln0' <Predicate = true> <Delay = 0.42>
ST_1 : Operation 16 [1/1] (0.42ns)   --->   "%store_ln0 = store i2 0, i2 %i"   --->   Operation 16 'store' 'store_ln0' <Predicate = true> <Delay = 0.42>
ST_1 : Operation 17 [1/1] (0.42ns)   --->   "%store_ln0 = store i16 0, i16 %j"   --->   Operation 17 'store' 'store_ln0' <Predicate = true> <Delay = 0.42>
ST_1 : Operation 18 [1/1] (0.00ns)   --->   "%br_ln0 = br void %for.inc"   --->   Operation 18 'br' 'br_ln0' <Predicate = true> <Delay = 0.00>

State 2 <SV = 1> <Delay = 2.80>
ST_2 : Operation 19 [1/1] (0.00ns)   --->   "%indvar_flatten_load = load i17 %indvar_flatten" [../../../../../overlays/Vitis_Libraries/vision//L1/include/imgproc/xf_demosaicing.hpp:274]   --->   Operation 19 'load' 'indvar_flatten_load' <Predicate = true> <Delay = 0.00>
ST_2 : Operation 20 [1/1] (1.09ns)   --->   "%icmp_ln274 = icmp_eq  i17 %indvar_flatten_load, i17 %bound_read" [../../../../../overlays/Vitis_Libraries/vision//L1/include/imgproc/xf_demosaicing.hpp:274]   --->   Operation 20 'icmp' 'icmp_ln274' <Predicate = true> <Delay = 1.09> <CoreInst = "Cmp">   --->   Core 9 'Cmp' <Latency = 0> <II = 1> <Delay = 1.09> <FuncUnit> <Opcode : 'icmp'> <InPorts = 2> <OutPorts = 1>
ST_2 : Operation 21 [1/1] (0.86ns)   --->   "%add_ln274 = add i17 %indvar_flatten_load, i17 1" [../../../../../overlays/Vitis_Libraries/vision//L1/include/imgproc/xf_demosaicing.hpp:274]   --->   Operation 21 'add' 'add_ln274' <Predicate = true> <Delay = 0.86> <CoreInst = "Adder">   --->   Core 1 'Adder' <Latency = 0> <II = 1> <Delay = 0.86> <FuncUnit> <Opcode : 'add' 'sub'> <InPorts = 2> <OutPorts = 1>
ST_2 : Operation 22 [1/1] (0.00ns)   --->   "%br_ln274 = br i1 %icmp_ln274, void %for.inc33.loopexit, void %Row_Loop.exitStub" [../../../../../overlays/Vitis_Libraries/vision//L1/include/imgproc/xf_demosaicing.hpp:274]   --->   Operation 22 'br' 'br_ln274' <Predicate = true> <Delay = 0.00>
ST_2 : Operation 23 [1/1] (0.00ns)   --->   "%j_load = load i16 %j" [../../../../../overlays/Vitis_Libraries/vision//L1/include/imgproc/xf_demosaicing.hpp:278]   --->   Operation 23 'load' 'j_load' <Predicate = (!icmp_ln274)> <Delay = 0.00>
ST_2 : Operation 24 [1/1] (0.00ns)   --->   "%i_load = load i2 %i" [../../../../../overlays/Vitis_Libraries/vision//L1/include/imgproc/xf_demosaicing.hpp:274]   --->   Operation 24 'load' 'i_load' <Predicate = (!icmp_ln274)> <Delay = 0.00>
ST_2 : Operation 25 [1/1] (1.10ns)   --->   "%icmp_ln278 = icmp_eq  i16 %j_load, i16 %p_read12" [../../../../../overlays/Vitis_Libraries/vision//L1/include/imgproc/xf_demosaicing.hpp:278]   --->   Operation 25 'icmp' 'icmp_ln278' <Predicate = (!icmp_ln274)> <Delay = 1.10> <CoreInst = "Cmp">   --->   Core 9 'Cmp' <Latency = 0> <II = 1> <Delay = 1.10> <FuncUnit> <Opcode : 'icmp'> <InPorts = 2> <OutPorts = 1>
ST_2 : Operation 26 [1/1] (0.35ns)   --->   "%select_ln274 = select i1 %icmp_ln278, i16 0, i16 %j_load" [../../../../../overlays/Vitis_Libraries/vision//L1/include/imgproc/xf_demosaicing.hpp:274]   --->   Operation 26 'select' 'select_ln274' <Predicate = (!icmp_ln274)> <Delay = 0.35> <CoreInst = "Sel">   --->   Core 73 'Sel' <Latency = 0> <II = 1> <Delay = 0.35> <FuncUnit> <Opcode : 'select'> <InPorts = 3> <OutPorts = 1>
ST_2 : Operation 27 [1/1] (0.54ns)   --->   "%add_ln274_1 = add i2 %i_load, i2 1" [../../../../../overlays/Vitis_Libraries/vision//L1/include/imgproc/xf_demosaicing.hpp:274]   --->   Operation 27 'add' 'add_ln274_1' <Predicate = (!icmp_ln274)> <Delay = 0.54> <CoreInst = "Adder">   --->   Core 1 'Adder' <Latency = 0> <II = 1> <Delay = 0.54> <FuncUnit> <Opcode : 'add' 'sub'> <InPorts = 2> <OutPorts = 1>
ST_2 : Operation 28 [1/1] (0.17ns)   --->   "%select_ln274_1 = select i1 %icmp_ln278, i2 %add_ln274_1, i2 %i_load" [../../../../../overlays/Vitis_Libraries/vision//L1/include/imgproc/xf_demosaicing.hpp:274]   --->   Operation 28 'select' 'select_ln274_1' <Predicate = (!icmp_ln274)> <Delay = 0.17> <CoreInst = "Sel">   --->   Core 73 'Sel' <Latency = 0> <II = 1> <Delay = 0.17> <FuncUnit> <Opcode : 'select'> <InPorts = 3> <OutPorts = 1>
ST_2 : Operation 29 [1/1] (0.00ns)   --->   "%trunc_ln274 = trunc i2 %select_ln274_1" [../../../../../overlays/Vitis_Libraries/vision//L1/include/imgproc/xf_demosaicing.hpp:274]   --->   Operation 29 'trunc' 'trunc_ln274' <Predicate = (!icmp_ln274)> <Delay = 0.00>
ST_2 : Operation 30 [1/1] (0.00ns)   --->   "%zext_ln278 = zext i16 %select_ln274" [../../../../../overlays/Vitis_Libraries/vision//L1/include/imgproc/xf_demosaicing.hpp:278]   --->   Operation 30 'zext' 'zext_ln278' <Predicate = (!icmp_ln274)> <Delay = 0.00>
ST_2 : Operation 31 [1/1] (0.00ns)   --->   "%linebuffer_V_addr = getelementptr i10 %linebuffer_V, i64 0, i64 %zext_ln278" [../../../../../overlays/Vitis_Libraries/vision//L1/include/imgproc/xf_demosaicing.hpp:284]   --->   Operation 31 'getelementptr' 'linebuffer_V_addr' <Predicate = (!icmp_ln274)> <Delay = 0.00>
ST_2 : Operation 32 [1/1] (0.00ns)   --->   "%linebuffer_V_1_addr = getelementptr i10 %linebuffer_V_1, i64 0, i64 %zext_ln278" [../../../../../overlays/Vitis_Libraries/vision//L1/include/imgproc/xf_demosaicing.hpp:284]   --->   Operation 32 'getelementptr' 'linebuffer_V_1_addr' <Predicate = (!icmp_ln274)> <Delay = 0.00>
ST_2 : Operation 33 [1/1] (0.00ns)   --->   "%br_ln284 = br i1 %trunc_ln274, void %arrayidx3133.case.2, void %arrayidx3133.case.3" [../../../../../overlays/Vitis_Libraries/vision//L1/include/imgproc/xf_demosaicing.hpp:284]   --->   Operation 33 'br' 'br_ln284' <Predicate = (!icmp_ln274)> <Delay = 0.00>
ST_2 : Operation 34 [1/1] (1.23ns)   --->   "%store_ln284 = store i10 0, i11 %linebuffer_V_addr" [../../../../../overlays/Vitis_Libraries/vision//L1/include/imgproc/xf_demosaicing.hpp:284]   --->   Operation 34 'store' 'store_ln284' <Predicate = (!icmp_ln274 & !trunc_ln274)> <Delay = 1.23> <CoreInst = "RAM_T2P_BRAM">   --->   Core 99 'RAM_T2P_BRAM' <Latency = 1> <II = 1> <Delay = 1.23> <Storage> <Opcode : 'load' 'store'> <Ports = 2> <Width = 10> <Depth = 1920> <RAM>
ST_2 : Operation 35 [1/1] (1.23ns)   --->   "%store_ln284 = store i10 0, i11 %linebuffer_V_1_addr" [../../../../../overlays/Vitis_Libraries/vision//L1/include/imgproc/xf_demosaicing.hpp:284]   --->   Operation 35 'store' 'store_ln284' <Predicate = (!icmp_ln274 & trunc_ln274)> <Delay = 1.23> <CoreInst = "RAM_T2P_BRAM">   --->   Core 99 'RAM_T2P_BRAM' <Latency = 1> <II = 1> <Delay = 1.23> <Storage> <Opcode : 'load' 'store'> <Ports = 2> <Width = 10> <Depth = 1920> <RAM>
ST_2 : Operation 36 [1/1] (0.85ns)   --->   "%add_ln278 = add i16 %select_ln274, i16 1" [../../../../../overlays/Vitis_Libraries/vision//L1/include/imgproc/xf_demosaicing.hpp:278]   --->   Operation 36 'add' 'add_ln278' <Predicate = (!icmp_ln274)> <Delay = 0.85> <CoreInst = "Adder">   --->   Core 1 'Adder' <Latency = 0> <II = 1> <Delay = 0.85> <FuncUnit> <Opcode : 'add' 'sub'> <InPorts = 2> <OutPorts = 1>
ST_2 : Operation 37 [1/1] (0.42ns)   --->   "%store_ln278 = store i17 %add_ln274, i17 %indvar_flatten" [../../../../../overlays/Vitis_Libraries/vision//L1/include/imgproc/xf_demosaicing.hpp:278]   --->   Operation 37 'store' 'store_ln278' <Predicate = (!icmp_ln274)> <Delay = 0.42>
ST_2 : Operation 38 [1/1] (0.42ns)   --->   "%store_ln278 = store i2 %select_ln274_1, i2 %i" [../../../../../overlays/Vitis_Libraries/vision//L1/include/imgproc/xf_demosaicing.hpp:278]   --->   Operation 38 'store' 'store_ln278' <Predicate = (!icmp_ln274)> <Delay = 0.42>
ST_2 : Operation 39 [1/1] (0.42ns)   --->   "%store_ln278 = store i16 %add_ln278, i16 %j" [../../../../../overlays/Vitis_Libraries/vision//L1/include/imgproc/xf_demosaicing.hpp:278]   --->   Operation 39 'store' 'store_ln278' <Predicate = (!icmp_ln274)> <Delay = 0.42>
ST_2 : Operation 40 [1/1] (0.00ns)   --->   "%br_ln278 = br void %for.inc" [../../../../../overlays/Vitis_Libraries/vision//L1/include/imgproc/xf_demosaicing.hpp:278]   --->   Operation 40 'br' 'br_ln278' <Predicate = (!icmp_ln274)> <Delay = 0.00>
ST_2 : Operation 52 [1/1] (0.00ns)   --->   "%ret_ln0 = ret"   --->   Operation 52 'ret' 'ret_ln0' <Predicate = (icmp_ln274)> <Delay = 0.00>

State 3 <SV = 2> <Delay = 2.44>
ST_3 : Operation 41 [1/1] (0.00ns)   --->   "%specloopname_ln0 = specloopname void @_ssdm_op_SpecLoopName, void @LineBuffer_VITIS_LOOP_278_1_str"   --->   Operation 41 'specloopname' 'specloopname_ln0' <Predicate = true> <Delay = 0.00>
ST_3 : Operation 42 [1/1] (0.00ns)   --->   "%speclooptripcount_ln0 = speclooptripcount void @_ssdm_op_SpecLoopTripCount, i64 3840, i64 3840, i64 3840"   --->   Operation 42 'speclooptripcount' 'speclooptripcount_ln0' <Predicate = true> <Delay = 0.00>
ST_3 : Operation 43 [1/1] (0.00ns)   --->   "%specpipeline_ln281 = specpipeline void @_ssdm_op_SpecPipeline, i32 1, i32 0, i32 0, i32 0, void @empty_32" [../../../../../overlays/Vitis_Libraries/vision//L1/include/imgproc/xf_demosaicing.hpp:281]   --->   Operation 43 'specpipeline' 'specpipeline_ln281' <Predicate = true> <Delay = 0.00>
ST_3 : Operation 44 [1/1] (0.00ns)   --->   "%specloopname_ln278 = specloopname void @_ssdm_op_SpecLoopName, void @empty_44" [../../../../../overlays/Vitis_Libraries/vision//L1/include/imgproc/xf_demosaicing.hpp:278]   --->   Operation 44 'specloopname' 'specloopname_ln278' <Predicate = true> <Delay = 0.00>
ST_3 : Operation 45 [1/1] (1.20ns)   --->   "%tmp_V = read i10 @_ssdm_op_Read.ap_fifo.volatile.i10P0A, i10 %gain_out_data215" [../../../../../overlays/Vitis_Libraries/vision//L1/include/common/xf_structs.hpp:542]   --->   Operation 45 'read' 'tmp_V' <Predicate = true> <Delay = 1.20> <CoreInst = "FIFO_SRL">   --->   Core 81 'FIFO_SRL' <Latency = 0> <II = 1> <Delay = 1.83> <Storage> <Opcode : 'read' 'write' 'nbread' 'nbwrite'> <Ports = 0> <Width = 10> <Depth = 3> <FIFO>
ST_3 : Operation 46 [1/1] (0.00ns)   --->   "%linebuffer_V_2_addr = getelementptr i10 %linebuffer_V_2, i64 0, i64 %zext_ln278" [../../../../../overlays/Vitis_Libraries/vision//L1/include/imgproc/xf_demosaicing.hpp:285]   --->   Operation 46 'getelementptr' 'linebuffer_V_2_addr' <Predicate = true> <Delay = 0.00>
ST_3 : Operation 47 [1/1] (1.23ns)   --->   "%store_ln285 = store i10 %tmp_V, i11 %linebuffer_V_2_addr" [../../../../../overlays/Vitis_Libraries/vision//L1/include/imgproc/xf_demosaicing.hpp:285]   --->   Operation 47 'store' 'store_ln285' <Predicate = (!trunc_ln274)> <Delay = 1.23> <CoreInst = "RAM_T2P_BRAM">   --->   Core 99 'RAM_T2P_BRAM' <Latency = 1> <II = 1> <Delay = 1.23> <Storage> <Opcode : 'load' 'store'> <Ports = 2> <Width = 10> <Depth = 1920> <RAM>
ST_3 : Operation 48 [1/1] (0.00ns)   --->   "%br_ln285 = br void %arrayidx3133.exit" [../../../../../overlays/Vitis_Libraries/vision//L1/include/imgproc/xf_demosaicing.hpp:285]   --->   Operation 48 'br' 'br_ln285' <Predicate = (!trunc_ln274)> <Delay = 0.00>
ST_3 : Operation 49 [1/1] (0.00ns)   --->   "%linebuffer_V_3_addr = getelementptr i10 %linebuffer_V_3, i64 0, i64 %zext_ln278" [../../../../../overlays/Vitis_Libraries/vision//L1/include/imgproc/xf_demosaicing.hpp:285]   --->   Operation 49 'getelementptr' 'linebuffer_V_3_addr' <Predicate = (trunc_ln274)> <Delay = 0.00>
ST_3 : Operation 50 [1/1] (1.23ns)   --->   "%store_ln285 = store i10 %tmp_V, i11 %linebuffer_V_3_addr" [../../../../../overlays/Vitis_Libraries/vision//L1/include/imgproc/xf_demosaicing.hpp:285]   --->   Operation 50 'store' 'store_ln285' <Predicate = (trunc_ln274)> <Delay = 1.23> <CoreInst = "RAM_T2P_BRAM">   --->   Core 99 'RAM_T2P_BRAM' <Latency = 1> <II = 1> <Delay = 1.23> <Storage> <Opcode : 'load' 'store'> <Ports = 2> <Width = 10> <Depth = 1920> <RAM>
ST_3 : Operation 51 [1/1] (0.00ns)   --->   "%br_ln285 = br void %arrayidx3133.exit" [../../../../../overlays/Vitis_Libraries/vision//L1/include/imgproc/xf_demosaicing.hpp:285]   --->   Operation 51 'br' 'br_ln285' <Predicate = (trunc_ln274)> <Delay = 0.00>


============================================================
+ Verbose Summary: Binding
============================================================
STG Binding: 
---------------- STG Properties BEGIN ----------------
- Is combinational: 0
- Is one-state seq: 0
- Is datapath-only: 0
- Is pipelined: 0
- Is top level: 0
Port [ Return ] is wired: 1; IO mode=ap_ctrl_hs:ce=0
Port [ bound]:  wired=1; compound=0; hidden=0; nouse=0; global=0; static=0; extern=0; dir=0; type=0; pingpong=0; private_global=0; IO mode=ap_none:ce=0
Port [ p_read1]:  wired=1; compound=0; hidden=0; nouse=0; global=0; static=0; extern=0; dir=0; type=0; pingpong=0; private_global=0; IO mode=ap_none:ce=0
Port [ linebuffer_V_3]:  wired=1; compound=1; hidden=0; nouse=0; global=0; static=0; extern=0; dir=1; type=1; pingpong=0; private_global=0; MemPort=[03]; IO mode=ap_memory:ce=0
Port [ linebuffer_V_2]:  wired=1; compound=1; hidden=0; nouse=0; global=0; static=0; extern=0; dir=1; type=1; pingpong=0; private_global=0; MemPort=[03]; IO mode=ap_memory:ce=0
Port [ linebuffer_V_1]:  wired=1; compound=1; hidden=0; nouse=0; global=0; static=0; extern=0; dir=1; type=1; pingpong=0; private_global=0; MemPort=[03]; IO mode=ap_memory:ce=0
Port [ linebuffer_V]:  wired=1; compound=1; hidden=0; nouse=0; global=0; static=0; extern=0; dir=1; type=1; pingpong=0; private_global=0; MemPort=[03]; IO mode=ap_memory:ce=0
Port [ gain_out_data215]:  wired=1; compound=1; hidden=0; nouse=0; global=0; static=0; extern=0; dir=0; type=3; pingpong=0; private_global=0; IO mode=ap_fifo:ce=0
---------------- STG Properties END ------------------

---------------- Datapath Model BEGIN ----------------

<LifeTime>
<method=bitvector/>
j                     (alloca           ) [ 0110]
i                     (alloca           ) [ 0110]
indvar_flatten        (alloca           ) [ 0110]
specmemcore_ln0       (specmemcore      ) [ 0000]
specmemcore_ln0       (specmemcore      ) [ 0000]
specmemcore_ln0       (specmemcore      ) [ 0000]
specmemcore_ln0       (specmemcore      ) [ 0000]
specinterface_ln0     (specinterface    ) [ 0000]
p_read12              (read             ) [ 0110]
bound_read            (read             ) [ 0110]
store_ln0             (store            ) [ 0000]
store_ln0             (store            ) [ 0000]
store_ln0             (store            ) [ 0000]
br_ln0                (br               ) [ 0000]
indvar_flatten_load   (load             ) [ 0000]
icmp_ln274            (icmp             ) [ 0110]
add_ln274             (add              ) [ 0000]
br_ln274              (br               ) [ 0000]
j_load                (load             ) [ 0000]
i_load                (load             ) [ 0000]
icmp_ln278            (icmp             ) [ 0000]
select_ln274          (select           ) [ 0000]
add_ln274_1           (add              ) [ 0000]
select_ln274_1        (select           ) [ 0000]
trunc_ln274           (trunc            ) [ 0111]
zext_ln278            (zext             ) [ 0101]
linebuffer_V_addr     (getelementptr    ) [ 0000]
linebuffer_V_1_addr   (getelementptr    ) [ 0000]
br_ln284              (br               ) [ 0000]
store_ln284           (store            ) [ 0000]
store_ln284           (store            ) [ 0000]
add_ln278             (add              ) [ 0000]
store_ln278           (store            ) [ 0000]
store_ln278           (store            ) [ 0000]
store_ln278           (store            ) [ 0000]
br_ln278              (br               ) [ 0000]
specloopname_ln0      (specloopname     ) [ 0000]
speclooptripcount_ln0 (speclooptripcount) [ 0000]
specpipeline_ln281    (specpipeline     ) [ 0000]
specloopname_ln278    (specloopname     ) [ 0000]
tmp_V                 (read             ) [ 0000]
linebuffer_V_2_addr   (getelementptr    ) [ 0000]
store_ln285           (store            ) [ 0000]
br_ln285              (br               ) [ 0000]
linebuffer_V_3_addr   (getelementptr    ) [ 0000]
store_ln285           (store            ) [ 0000]
br_ln285              (br               ) [ 0000]
ret_ln0               (ret              ) [ 0000]
</LifeTime>

<model>

<comp_list>
<comp id="0" class="1000" name="bound">
<pin_list>
<pin id="1" dir="1" index="0" bw="1" slack="0"/>
</pin_list>
<bind>
<StgValue><ssdm name="bound"/></StgValue>
</bind>
</comp>

<comp id="2" class="1000" name="p_read1">
<pin_list>
<pin id="3" dir="1" index="0" bw="1" slack="0"/>
</pin_list>
<bind>
<StgValue><ssdm name="p_read1"/></StgValue>
</bind>
</comp>

<comp id="4" class="1000" name="linebuffer_V_3">
<pin_list>
<pin id="5" dir="1" index="0" bw="1" slack="0"/>
</pin_list>
<bind>
<StgValue><ssdm name="linebuffer_V_3"/><MemPortTyVec>0 3 </MemPortTyVec>
</StgValue>
</bind>
</comp>

<comp id="6" class="1000" name="linebuffer_V_2">
<pin_list>
<pin id="7" dir="1" index="0" bw="1" slack="0"/>
</pin_list>
<bind>
<StgValue><ssdm name="linebuffer_V_2"/><MemPortTyVec>0 3 </MemPortTyVec>
</StgValue>
</bind>
</comp>

<comp id="8" class="1000" name="linebuffer_V_1">
<pin_list>
<pin id="9" dir="1" index="0" bw="1" slack="0"/>
</pin_list>
<bind>
<StgValue><ssdm name="linebuffer_V_1"/><MemPortTyVec>0 3 </MemPortTyVec>
</StgValue>
</bind>
</comp>

<comp id="10" class="1000" name="linebuffer_V">
<pin_list>
<pin id="11" dir="1" index="0" bw="1" slack="0"/>
</pin_list>
<bind>
<StgValue><ssdm name="linebuffer_V"/><MemPortTyVec>0 3 </MemPortTyVec>
</StgValue>
</bind>
</comp>

<comp id="12" class="1000" name="gain_out_data215">
<pin_list>
<pin id="13" dir="1" index="0" bw="1" slack="0"/>
</pin_list>
<bind>
<StgValue><ssdm name="gain_out_data215"/></StgValue>
</bind>
</comp>

<comp id="14" class="1001" name="const_14">
<pin_list>
<pin id="15" dir="1" index="0" bw="1" slack="0"/>
</pin_list>
<bind>
<StgValue><ssdm name=""/></StgValue>
</bind>
</comp>

<comp id="16" class="1001" name="const_16">
<pin_list>
<pin id="17" dir="1" index="0" bw="1" slack="2147483647"/>
</pin_list>
<bind>
<StgValue><ssdm name="_ssdm_op_SpecMemCore"/></StgValue>
</bind>
</comp>

<comp id="18" class="1001" name="const_18">
<pin_list>
<pin id="19" dir="1" index="0" bw="1" slack="2147483647"/>
</pin_list>
<bind>
<StgValue><ssdm name=""/></StgValue>
</bind>
</comp>

<comp id="20" class="1001" name="const_20">
<pin_list>
<pin id="21" dir="1" index="0" bw="1" slack="2147483647"/>
</pin_list>
<bind>
<StgValue><ssdm name=""/></StgValue>
</bind>
</comp>

<comp id="22" class="1001" name="const_22">
<pin_list>
<pin id="23" dir="1" index="0" bw="1" slack="2147483647"/>
</pin_list>
<bind>
<StgValue><ssdm name=""/></StgValue>
</bind>
</comp>

<comp id="24" class="1001" name="const_24">
<pin_list>
<pin id="25" dir="1" index="0" bw="1" slack="2147483647"/>
</pin_list>
<bind>
<StgValue><ssdm name="_ssdm_op_SpecInterface"/></StgValue>
</bind>
</comp>

<comp id="26" class="1001" name="const_26">
<pin_list>
<pin id="27" dir="1" index="0" bw="1" slack="2147483647"/>
</pin_list>
<bind>
<StgValue><ssdm name="empty_26"/></StgValue>
</bind>
</comp>

<comp id="28" class="1001" name="const_28">
<pin_list>
<pin id="29" dir="1" index="0" bw="1" slack="2147483647"/>
</pin_list>
<bind>
<StgValue><ssdm name=""/></StgValue>
</bind>
</comp>

<comp id="30" class="1001" name="const_30">
<pin_list>
<pin id="31" dir="1" index="0" bw="1" slack="2147483647"/>
</pin_list>
<bind>
<StgValue><ssdm name="empty_32"/></StgValue>
</bind>
</comp>

<comp id="32" class="1001" name="const_32">
<pin_list>
<pin id="33" dir="1" index="0" bw="1" slack="2147483647"/>
</pin_list>
<bind>
<StgValue><ssdm name=""/></StgValue>
</bind>
</comp>

<comp id="34" class="1001" name="const_34">
<pin_list>
<pin id="35" dir="1" index="0" bw="1" slack="0"/>
</pin_list>
<bind>
<StgValue><ssdm name="_ssdm_op_Read.ap_auto.i16"/></StgValue>
</bind>
</comp>

<comp id="36" class="1001" name="const_36">
<pin_list>
<pin id="37" dir="1" index="0" bw="1" slack="0"/>
</pin_list>
<bind>
<StgValue><ssdm name="_ssdm_op_Read.ap_auto.i17"/></StgValue>
</bind>
</comp>

<comp id="38" class="1001" name="const_38">
<pin_list>
<pin id="39" dir="1" index="0" bw="1" slack="0"/>
</pin_list>
<bind>
<StgValue><ssdm name=""/></StgValue>
</bind>
</comp>

<comp id="40" class="1001" name="const_40">
<pin_list>
<pin id="41" dir="1" index="0" bw="1" slack="0"/>
</pin_list>
<bind>
<StgValue><ssdm name=""/></StgValue>
</bind>
</comp>

<comp id="42" class="1001" name="const_42">
<pin_list>
<pin id="43" dir="1" index="0" bw="1" slack="0"/>
</pin_list>
<bind>
<StgValue><ssdm name=""/></StgValue>
</bind>
</comp>

<comp id="44" class="1001" name="const_44">
<pin_list>
<pin id="45" dir="1" index="0" bw="1" slack="0"/>
</pin_list>
<bind>
<StgValue><ssdm name=""/></StgValue>
</bind>
</comp>

<comp id="46" class="1001" name="const_46">
<pin_list>
<pin id="47" dir="1" index="0" bw="1" slack="0"/>
</pin_list>
<bind>
<StgValue><ssdm name=""/></StgValue>
</bind>
</comp>

<comp id="48" class="1001" name="const_48">
<pin_list>
<pin id="49" dir="1" index="0" bw="1" slack="0"/>
</pin_list>
<bind>
<StgValue><ssdm name=""/></StgValue>
</bind>
</comp>

<comp id="50" class="1001" name="const_50">
<pin_list>
<pin id="51" dir="1" index="0" bw="1" slack="0"/>
</pin_list>
<bind>
<StgValue><ssdm name=""/></StgValue>
</bind>
</comp>

<comp id="52" class="1001" name="const_52">
<pin_list>
<pin id="53" dir="1" index="0" bw="1" slack="0"/>
</pin_list>
<bind>
<StgValue><ssdm name=""/></StgValue>
</bind>
</comp>

<comp id="54" class="1001" name="const_54">
<pin_list>
<pin id="55" dir="1" index="0" bw="1" slack="2147483647"/>
</pin_list>
<bind>
<StgValue><ssdm name="_ssdm_op_SpecLoopName"/></StgValue>
</bind>
</comp>

<comp id="56" class="1001" name="const_56">
<pin_list>
<pin id="57" dir="1" index="0" bw="1" slack="2147483647"/>
</pin_list>
<bind>
<StgValue><ssdm name="LineBuffer_VITIS_LOOP_278_1_str"/></StgValue>
</bind>
</comp>

<comp id="58" class="1001" name="const_58">
<pin_list>
<pin id="59" dir="1" index="0" bw="1" slack="2147483647"/>
</pin_list>
<bind>
<StgValue><ssdm name="_ssdm_op_SpecLoopTripCount"/></StgValue>
</bind>
</comp>

<comp id="60" class="1001" name="const_60">
<pin_list>
<pin id="61" dir="1" index="0" bw="1" slack="2147483647"/>
</pin_list>
<bind>
<StgValue><ssdm name=""/></StgValue>
</bind>
</comp>

<comp id="62" class="1001" name="const_62">
<pin_list>
<pin id="63" dir="1" index="0" bw="1" slack="2147483647"/>
</pin_list>
<bind>
<StgValue><ssdm name="_ssdm_op_SpecPipeline"/></StgValue>
</bind>
</comp>

<comp id="64" class="1001" name="const_64">
<pin_list>
<pin id="65" dir="1" index="0" bw="1" slack="2147483647"/>
</pin_list>
<bind>
<StgValue><ssdm name="empty_44"/></StgValue>
</bind>
</comp>

<comp id="66" class="1001" name="const_66">
<pin_list>
<pin id="67" dir="1" index="0" bw="1" slack="0"/>
</pin_list>
<bind>
<StgValue><ssdm name="_ssdm_op_Read.ap_fifo.volatile.i10P0A"/></StgValue>
</bind>
</comp>

<comp id="68" class="1004" name="j_fu_68">
<pin_list>
<pin id="69" dir="0" index="0" bw="1" slack="0"/>
<pin id="70" dir="1" index="1" bw="16" slack="0"/>
</pin_list>
<bind>
<opcode="alloca(26) " fcode="alloca"/>
<opset="j/1 "/>
</bind>
</comp>

<comp id="72" class="1004" name="i_fu_72">
<pin_list>
<pin id="73" dir="0" index="0" bw="1" slack="0"/>
<pin id="74" dir="1" index="1" bw="2" slack="0"/>
</pin_list>
<bind>
<opcode="alloca(26) " fcode="alloca"/>
<opset="i/1 "/>
</bind>
</comp>

<comp id="76" class="1004" name="indvar_flatten_fu_76">
<pin_list>
<pin id="77" dir="0" index="0" bw="1" slack="0"/>
<pin id="78" dir="1" index="1" bw="17" slack="0"/>
</pin_list>
<bind>
<opcode="alloca(26) " fcode="alloca"/>
<opset="indvar_flatten/1 "/>
</bind>
</comp>

<comp id="80" class="1004" name="p_read12_read_fu_80">
<pin_list>
<pin id="81" dir="0" index="0" bw="16" slack="0"/>
<pin id="82" dir="0" index="1" bw="16" slack="0"/>
<pin id="83" dir="1" index="2" bw="16" slack="1"/>
</pin_list>
<bind>
<opcode="read(1150) " fcode="read"/>
<opset="p_read12/1 "/>
</bind>
</comp>

<comp id="86" class="1004" name="bound_read_read_fu_86">
<pin_list>
<pin id="87" dir="0" index="0" bw="17" slack="0"/>
<pin id="88" dir="0" index="1" bw="17" slack="0"/>
<pin id="89" dir="1" index="2" bw="17" slack="1"/>
</pin_list>
<bind>
<opcode="read(1150) " fcode="read"/>
<opset="bound_read/1 "/>
</bind>
</comp>

<comp id="92" class="1004" name="tmp_V_read_fu_92">
<pin_list>
<pin id="93" dir="0" index="0" bw="10" slack="0"/>
<pin id="94" dir="0" index="1" bw="10" slack="0"/>
<pin id="95" dir="1" index="2" bw="10" slack="0"/>
</pin_list>
<bind>
<opcode="read(1150) " fcode="read"/>
<opset="tmp_V/3 "/>
</bind>
</comp>

<comp id="98" class="1004" name="linebuffer_V_addr_gep_fu_98">
<pin_list>
<pin id="99" dir="0" index="0" bw="10" slack="0"/>
<pin id="100" dir="0" index="1" bw="1" slack="0"/>
<pin id="101" dir="0" index="2" bw="16" slack="0"/>
<pin id="102" dir="1" index="3" bw="11" slack="0"/>
</pin_list>
<bind>
<opcode="getelementptr(29) " fcode="getelementptr"/>
<opset="linebuffer_V_addr/2 "/>
</bind>
</comp>

<comp id="105" class="1004" name="linebuffer_V_1_addr_gep_fu_105">
<pin_list>
<pin id="106" dir="0" index="0" bw="10" slack="0"/>
<pin id="107" dir="0" index="1" bw="1" slack="0"/>
<pin id="108" dir="0" index="2" bw="16" slack="0"/>
<pin id="109" dir="1" index="3" bw="11" slack="0"/>
</pin_list>
<bind>
<opcode="getelementptr(29) " fcode="getelementptr"/>
<opset="linebuffer_V_1_addr/2 "/>
</bind>
</comp>

<comp id="112" class="1004" name="store_ln284_access_fu_112">
<pin_list>
<pin id="113" dir="0" index="0" bw="11" slack="0"/>
<pin id="114" dir="0" index="1" bw="10" slack="0"/>
<pin id="115" dir="0" index="2" bw="0" slack="2147483647"/>
<pin id="116" dir="1" index="3" bw="10" slack="2147483647"/>
</pin_list>
<bind>
<opcode="store(28) " fcode="store"/>
<opset="store_ln284/2 "/>
</bind>
</comp>

<comp id="119" class="1004" name="store_ln284_access_fu_119">
<pin_list>
<pin id="120" dir="0" index="0" bw="11" slack="0"/>
<pin id="121" dir="0" index="1" bw="10" slack="0"/>
<pin id="122" dir="0" index="2" bw="0" slack="2147483647"/>
<pin id="123" dir="1" index="3" bw="10" slack="2147483647"/>
</pin_list>
<bind>
<opcode="store(28) " fcode="store"/>
<opset="store_ln284/2 "/>
</bind>
</comp>

<comp id="126" class="1004" name="linebuffer_V_2_addr_gep_fu_126">
<pin_list>
<pin id="127" dir="0" index="0" bw="10" slack="0"/>
<pin id="128" dir="0" index="1" bw="1" slack="0"/>
<pin id="129" dir="0" index="2" bw="16" slack="1"/>
<pin id="130" dir="1" index="3" bw="11" slack="0"/>
</pin_list>
<bind>
<opcode="getelementptr(29) " fcode="getelementptr"/>
<opset="linebuffer_V_2_addr/3 "/>
</bind>
</comp>

<comp id="133" class="1004" name="store_ln285_access_fu_133">
<pin_list>
<pin id="134" dir="0" index="0" bw="11" slack="0"/>
<pin id="135" dir="0" index="1" bw="10" slack="0"/>
<pin id="136" dir="0" index="2" bw="0" slack="2147483647"/>
<pin id="137" dir="1" index="3" bw="10" slack="2147483647"/>
</pin_list>
<bind>
<opcode="store(28) " fcode="store"/>
<opset="store_ln285/3 "/>
</bind>
</comp>

<comp id="140" class="1004" name="linebuffer_V_3_addr_gep_fu_140">
<pin_list>
<pin id="141" dir="0" index="0" bw="10" slack="0"/>
<pin id="142" dir="0" index="1" bw="1" slack="0"/>
<pin id="143" dir="0" index="2" bw="16" slack="1"/>
<pin id="144" dir="1" index="3" bw="11" slack="0"/>
</pin_list>
<bind>
<opcode="getelementptr(29) " fcode="getelementptr"/>
<opset="linebuffer_V_3_addr/3 "/>
</bind>
</comp>

<comp id="147" class="1004" name="store_ln285_access_fu_147">
<pin_list>
<pin id="148" dir="0" index="0" bw="11" slack="0"/>
<pin id="149" dir="0" index="1" bw="10" slack="0"/>
<pin id="150" dir="0" index="2" bw="0" slack="2147483647"/>
<pin id="151" dir="1" index="3" bw="10" slack="2147483647"/>
</pin_list>
<bind>
<opcode="store(28) " fcode="store"/>
<opset="store_ln285/3 "/>
</bind>
</comp>

<comp id="154" class="1004" name="store_ln0_store_fu_154">
<pin_list>
<pin id="155" dir="0" index="0" bw="1" slack="0"/>
<pin id="156" dir="0" index="1" bw="17" slack="0"/>
<pin id="157" dir="1" index="2" bw="0" slack="2147483647"/>
</pin_list>
<bind>
<opcode="store(28) " fcode="store"/>
<opset="store_ln0/1 "/>
</bind>
</comp>

<comp id="159" class="1004" name="store_ln0_store_fu_159">
<pin_list>
<pin id="160" dir="0" index="0" bw="1" slack="0"/>
<pin id="161" dir="0" index="1" bw="2" slack="0"/>
<pin id="162" dir="1" index="2" bw="0" slack="2147483647"/>
</pin_list>
<bind>
<opcode="store(28) " fcode="store"/>
<opset="store_ln0/1 "/>
</bind>
</comp>

<comp id="164" class="1004" name="store_ln0_store_fu_164">
<pin_list>
<pin id="165" dir="0" index="0" bw="1" slack="0"/>
<pin id="166" dir="0" index="1" bw="16" slack="0"/>
<pin id="167" dir="1" index="2" bw="0" slack="2147483647"/>
</pin_list>
<bind>
<opcode="store(28) " fcode="store"/>
<opset="store_ln0/1 "/>
</bind>
</comp>

<comp id="169" class="1004" name="indvar_flatten_load_load_fu_169">
<pin_list>
<pin id="170" dir="0" index="0" bw="17" slack="1"/>
<pin id="171" dir="1" index="1" bw="17" slack="0"/>
</pin_list>
<bind>
<opcode="load(27) " fcode="load"/>
<opset="indvar_flatten_load/2 "/>
</bind>
</comp>

<comp id="172" class="1004" name="icmp_ln274_fu_172">
<pin_list>
<pin id="173" dir="0" index="0" bw="17" slack="0"/>
<pin id="174" dir="0" index="1" bw="17" slack="1"/>
<pin id="175" dir="1" index="2" bw="1" slack="2147483647"/>
</pin_list>
<bind>
<opcode="icmp(45) " fcode="icmp"/>
<opset="icmp_ln274/2 "/>
</bind>
</comp>

<comp id="177" class="1004" name="add_ln274_fu_177">
<pin_list>
<pin id="178" dir="0" index="0" bw="17" slack="0"/>
<pin id="179" dir="0" index="1" bw="1" slack="0"/>
<pin id="180" dir="1" index="2" bw="17" slack="0"/>
</pin_list>
<bind>
<opcode="add(8) " fcode="add"/>
<opset="add_ln274/2 "/>
</bind>
</comp>

<comp id="183" class="1004" name="j_load_load_fu_183">
<pin_list>
<pin id="184" dir="0" index="0" bw="16" slack="1"/>
<pin id="185" dir="1" index="1" bw="16" slack="0"/>
</pin_list>
<bind>
<opcode="load(27) " fcode="load"/>
<opset="j_load/2 "/>
</bind>
</comp>

<comp id="186" class="1004" name="i_load_load_fu_186">
<pin_list>
<pin id="187" dir="0" index="0" bw="2" slack="1"/>
<pin id="188" dir="1" index="1" bw="2" slack="0"/>
</pin_list>
<bind>
<opcode="load(27) " fcode="load"/>
<opset="i_load/2 "/>
</bind>
</comp>

<comp id="189" class="1004" name="icmp_ln278_fu_189">
<pin_list>
<pin id="190" dir="0" index="0" bw="16" slack="0"/>
<pin id="191" dir="0" index="1" bw="16" slack="1"/>
<pin id="192" dir="1" index="2" bw="1" slack="0"/>
</pin_list>
<bind>
<opcode="icmp(45) " fcode="icmp"/>
<opset="icmp_ln278/2 "/>
</bind>
</comp>

<comp id="194" class="1004" name="select_ln274_fu_194">
<pin_list>
<pin id="195" dir="0" index="0" bw="1" slack="0"/>
<pin id="196" dir="0" index="1" bw="1" slack="0"/>
<pin id="197" dir="0" index="2" bw="16" slack="0"/>
<pin id="198" dir="1" index="3" bw="16" slack="0"/>
</pin_list>
<bind>
<opcode="select(49) " fcode="select"/>
<opset="select_ln274/2 "/>
</bind>
</comp>

<comp id="202" class="1004" name="add_ln274_1_fu_202">
<pin_list>
<pin id="203" dir="0" index="0" bw="2" slack="0"/>
<pin id="204" dir="0" index="1" bw="1" slack="0"/>
<pin id="205" dir="1" index="2" bw="2" slack="0"/>
</pin_list>
<bind>
<opcode="add(8) " fcode="add"/>
<opset="add_ln274_1/2 "/>
</bind>
</comp>

<comp id="208" class="1004" name="select_ln274_1_fu_208">
<pin_list>
<pin id="209" dir="0" index="0" bw="1" slack="0"/>
<pin id="210" dir="0" index="1" bw="2" slack="0"/>
<pin id="211" dir="0" index="2" bw="2" slack="0"/>
<pin id="212" dir="1" index="3" bw="2" slack="0"/>
</pin_list>
<bind>
<opcode="select(49) " fcode="select"/>
<opset="select_ln274_1/2 "/>
</bind>
</comp>

<comp id="216" class="1004" name="trunc_ln274_fu_216">
<pin_list>
<pin id="217" dir="0" index="0" bw="2" slack="0"/>
<pin id="218" dir="1" index="1" bw="1" slack="1"/>
</pin_list>
<bind>
<opcode="trunc(33) " fcode="trunc"/>
<opset="trunc_ln274/2 "/>
</bind>
</comp>

<comp id="220" class="1004" name="zext_ln278_fu_220">
<pin_list>
<pin id="221" dir="0" index="0" bw="16" slack="0"/>
<pin id="222" dir="1" index="1" bw="64" slack="0"/>
</pin_list>
<bind>
<opcode="zext(34) " fcode="zext"/>
<opset="zext_ln278/2 "/>
</bind>
</comp>

<comp id="226" class="1004" name="add_ln278_fu_226">
<pin_list>
<pin id="227" dir="0" index="0" bw="16" slack="0"/>
<pin id="228" dir="0" index="1" bw="1" slack="0"/>
<pin id="229" dir="1" index="2" bw="16" slack="0"/>
</pin_list>
<bind>
<opcode="add(8) " fcode="add"/>
<opset="add_ln278/2 "/>
</bind>
</comp>

<comp id="232" class="1004" name="store_ln278_store_fu_232">
<pin_list>
<pin id="233" dir="0" index="0" bw="17" slack="0"/>
<pin id="234" dir="0" index="1" bw="17" slack="1"/>
<pin id="235" dir="1" index="2" bw="0" slack="2147483647"/>
</pin_list>
<bind>
<opcode="store(28) " fcode="store"/>
<opset="store_ln278/2 "/>
</bind>
</comp>

<comp id="237" class="1004" name="store_ln278_store_fu_237">
<pin_list>
<pin id="238" dir="0" index="0" bw="2" slack="0"/>
<pin id="239" dir="0" index="1" bw="2" slack="1"/>
<pin id="240" dir="1" index="2" bw="0" slack="2147483647"/>
</pin_list>
<bind>
<opcode="store(28) " fcode="store"/>
<opset="store_ln278/2 "/>
</bind>
</comp>

<comp id="242" class="1004" name="store_ln278_store_fu_242">
<pin_list>
<pin id="243" dir="0" index="0" bw="16" slack="0"/>
<pin id="244" dir="0" index="1" bw="16" slack="1"/>
<pin id="245" dir="1" index="2" bw="0" slack="2147483647"/>
</pin_list>
<bind>
<opcode="store(28) " fcode="store"/>
<opset="store_ln278/2 "/>
</bind>
</comp>

<comp id="247" class="1005" name="j_reg_247">
<pin_list>
<pin id="248" dir="0" index="0" bw="16" slack="0"/>
<pin id="249" dir="1" index="1" bw="16" slack="0"/>
</pin_list>
<bind>
<opset="j "/>
</bind>
</comp>

<comp id="254" class="1005" name="i_reg_254">
<pin_list>
<pin id="255" dir="0" index="0" bw="2" slack="0"/>
<pin id="256" dir="1" index="1" bw="2" slack="0"/>
</pin_list>
<bind>
<opset="i "/>
</bind>
</comp>

<comp id="261" class="1005" name="indvar_flatten_reg_261">
<pin_list>
<pin id="262" dir="0" index="0" bw="17" slack="0"/>
<pin id="263" dir="1" index="1" bw="17" slack="0"/>
</pin_list>
<bind>
<opset="indvar_flatten "/>
</bind>
</comp>

<comp id="268" class="1005" name="p_read12_reg_268">
<pin_list>
<pin id="269" dir="0" index="0" bw="16" slack="1"/>
<pin id="270" dir="1" index="1" bw="16" slack="1"/>
</pin_list>
<bind>
<opset="p_read12 "/>
</bind>
</comp>

<comp id="273" class="1005" name="bound_read_reg_273">
<pin_list>
<pin id="274" dir="0" index="0" bw="17" slack="1"/>
<pin id="275" dir="1" index="1" bw="17" slack="1"/>
</pin_list>
<bind>
<opset="bound_read "/>
</bind>
</comp>

<comp id="281" class="1005" name="trunc_ln274_reg_281">
<pin_list>
<pin id="282" dir="0" index="0" bw="1" slack="1"/>
<pin id="283" dir="1" index="1" bw="1" slack="2147483647"/>
</pin_list>
<bind>
<opset="trunc_ln274 "/>
</bind>
</comp>

<comp id="285" class="1005" name="zext_ln278_reg_285">
<pin_list>
<pin id="286" dir="0" index="0" bw="64" slack="1"/>
<pin id="287" dir="1" index="1" bw="64" slack="1"/>
</pin_list>
<bind>
<opset="zext_ln278 "/>
</bind>
</comp>

</comp_list>

<net_list>
<net id="71"><net_src comp="14" pin="0"/><net_sink comp="68" pin=0"/></net>

<net id="75"><net_src comp="14" pin="0"/><net_sink comp="72" pin=0"/></net>

<net id="79"><net_src comp="14" pin="0"/><net_sink comp="76" pin=0"/></net>

<net id="84"><net_src comp="34" pin="0"/><net_sink comp="80" pin=0"/></net>

<net id="85"><net_src comp="2" pin="0"/><net_sink comp="80" pin=1"/></net>

<net id="90"><net_src comp="36" pin="0"/><net_sink comp="86" pin=0"/></net>

<net id="91"><net_src comp="0" pin="0"/><net_sink comp="86" pin=1"/></net>

<net id="96"><net_src comp="66" pin="0"/><net_sink comp="92" pin=0"/></net>

<net id="97"><net_src comp="12" pin="0"/><net_sink comp="92" pin=1"/></net>

<net id="103"><net_src comp="10" pin="0"/><net_sink comp="98" pin=0"/></net>

<net id="104"><net_src comp="48" pin="0"/><net_sink comp="98" pin=1"/></net>

<net id="110"><net_src comp="8" pin="0"/><net_sink comp="105" pin=0"/></net>

<net id="111"><net_src comp="48" pin="0"/><net_sink comp="105" pin=1"/></net>

<net id="117"><net_src comp="50" pin="0"/><net_sink comp="112" pin=1"/></net>

<net id="118"><net_src comp="98" pin="3"/><net_sink comp="112" pin=0"/></net>

<net id="124"><net_src comp="50" pin="0"/><net_sink comp="119" pin=1"/></net>

<net id="125"><net_src comp="105" pin="3"/><net_sink comp="119" pin=0"/></net>

<net id="131"><net_src comp="6" pin="0"/><net_sink comp="126" pin=0"/></net>

<net id="132"><net_src comp="48" pin="0"/><net_sink comp="126" pin=1"/></net>

<net id="138"><net_src comp="92" pin="2"/><net_sink comp="133" pin=1"/></net>

<net id="139"><net_src comp="126" pin="3"/><net_sink comp="133" pin=0"/></net>

<net id="145"><net_src comp="4" pin="0"/><net_sink comp="140" pin=0"/></net>

<net id="146"><net_src comp="48" pin="0"/><net_sink comp="140" pin=1"/></net>

<net id="152"><net_src comp="92" pin="2"/><net_sink comp="147" pin=1"/></net>

<net id="153"><net_src comp="140" pin="3"/><net_sink comp="147" pin=0"/></net>

<net id="158"><net_src comp="38" pin="0"/><net_sink comp="154" pin=0"/></net>

<net id="163"><net_src comp="40" pin="0"/><net_sink comp="159" pin=0"/></net>

<net id="168"><net_src comp="42" pin="0"/><net_sink comp="164" pin=0"/></net>

<net id="176"><net_src comp="169" pin="1"/><net_sink comp="172" pin=0"/></net>

<net id="181"><net_src comp="169" pin="1"/><net_sink comp="177" pin=0"/></net>

<net id="182"><net_src comp="44" pin="0"/><net_sink comp="177" pin=1"/></net>

<net id="193"><net_src comp="183" pin="1"/><net_sink comp="189" pin=0"/></net>

<net id="199"><net_src comp="189" pin="2"/><net_sink comp="194" pin=0"/></net>

<net id="200"><net_src comp="42" pin="0"/><net_sink comp="194" pin=1"/></net>

<net id="201"><net_src comp="183" pin="1"/><net_sink comp="194" pin=2"/></net>

<net id="206"><net_src comp="186" pin="1"/><net_sink comp="202" pin=0"/></net>

<net id="207"><net_src comp="46" pin="0"/><net_sink comp="202" pin=1"/></net>

<net id="213"><net_src comp="189" pin="2"/><net_sink comp="208" pin=0"/></net>

<net id="214"><net_src comp="202" pin="2"/><net_sink comp="208" pin=1"/></net>

<net id="215"><net_src comp="186" pin="1"/><net_sink comp="208" pin=2"/></net>

<net id="219"><net_src comp="208" pin="3"/><net_sink comp="216" pin=0"/></net>

<net id="223"><net_src comp="194" pin="3"/><net_sink comp="220" pin=0"/></net>

<net id="224"><net_src comp="220" pin="1"/><net_sink comp="98" pin=2"/></net>

<net id="225"><net_src comp="220" pin="1"/><net_sink comp="105" pin=2"/></net>

<net id="230"><net_src comp="194" pin="3"/><net_sink comp="226" pin=0"/></net>

<net id="231"><net_src comp="52" pin="0"/><net_sink comp="226" pin=1"/></net>

<net id="236"><net_src comp="177" pin="2"/><net_sink comp="232" pin=0"/></net>

<net id="241"><net_src comp="208" pin="3"/><net_sink comp="237" pin=0"/></net>

<net id="246"><net_src comp="226" pin="2"/><net_sink comp="242" pin=0"/></net>

<net id="250"><net_src comp="68" pin="1"/><net_sink comp="247" pin=0"/></net>

<net id="251"><net_src comp="247" pin="1"/><net_sink comp="164" pin=1"/></net>

<net id="252"><net_src comp="247" pin="1"/><net_sink comp="183" pin=0"/></net>

<net id="253"><net_src comp="247" pin="1"/><net_sink comp="242" pin=1"/></net>

<net id="257"><net_src comp="72" pin="1"/><net_sink comp="254" pin=0"/></net>

<net id="258"><net_src comp="254" pin="1"/><net_sink comp="159" pin=1"/></net>

<net id="259"><net_src comp="254" pin="1"/><net_sink comp="186" pin=0"/></net>

<net id="260"><net_src comp="254" pin="1"/><net_sink comp="237" pin=1"/></net>

<net id="264"><net_src comp="76" pin="1"/><net_sink comp="261" pin=0"/></net>

<net id="265"><net_src comp="261" pin="1"/><net_sink comp="154" pin=1"/></net>

<net id="266"><net_src comp="261" pin="1"/><net_sink comp="169" pin=0"/></net>

<net id="267"><net_src comp="261" pin="1"/><net_sink comp="232" pin=1"/></net>

<net id="271"><net_src comp="80" pin="2"/><net_sink comp="268" pin=0"/></net>

<net id="272"><net_src comp="268" pin="1"/><net_sink comp="189" pin=1"/></net>

<net id="276"><net_src comp="86" pin="2"/><net_sink comp="273" pin=0"/></net>

<net id="277"><net_src comp="273" pin="1"/><net_sink comp="172" pin=1"/></net>

<net id="284"><net_src comp="216" pin="1"/><net_sink comp="281" pin=0"/></net>

<net id="288"><net_src comp="220" pin="1"/><net_sink comp="285" pin=0"/></net>

<net id="289"><net_src comp="285" pin="1"/><net_sink comp="126" pin=2"/></net>

<net id="290"><net_src comp="285" pin="1"/><net_sink comp="140" pin=2"/></net>

</net_list>

</model> 
---------------- Datapath Model END ------------------

* FSMD analyzer results:
  - Output states:
	Port: linebuffer_V_3 | {3 }
	Port: linebuffer_V_2 | {3 }
	Port: linebuffer_V_1 | {2 }
	Port: linebuffer_V | {2 }
 - Input state : 
	Port: demosaicing_Pipeline_LineBuffer_VITIS_LOOP_278_1 : bound | {1 }
	Port: demosaicing_Pipeline_LineBuffer_VITIS_LOOP_278_1 : p_read1 | {1 }
	Port: demosaicing_Pipeline_LineBuffer_VITIS_LOOP_278_1 : gain_out_data215 | {3 }
  - Chain level:
	State 1
		store_ln0 : 1
		store_ln0 : 1
		store_ln0 : 1
	State 2
		icmp_ln274 : 1
		add_ln274 : 1
		br_ln274 : 2
		icmp_ln278 : 1
		select_ln274 : 2
		add_ln274_1 : 1
		select_ln274_1 : 2
		trunc_ln274 : 3
		zext_ln278 : 3
		linebuffer_V_addr : 4
		linebuffer_V_1_addr : 4
		br_ln284 : 4
		store_ln284 : 5
		store_ln284 : 5
		add_ln278 : 3
		store_ln278 : 2
		store_ln278 : 3
		store_ln278 : 4
	State 3
		store_ln285 : 1
		store_ln285 : 1


============================================================
+ Verbose Summary: Datapath Resource usage 
============================================================

* Functional unit list:
|----------|-----------------------|---------|---------|
| Operation|    Functional Unit    |    FF   |   LUT   |
|----------|-----------------------|---------|---------|
|          |    add_ln274_fu_177   |    0    |    24   |
|    add   |   add_ln274_1_fu_202  |    0    |    9    |
|          |    add_ln278_fu_226   |    0    |    23   |
|----------|-----------------------|---------|---------|
|   icmp   |   icmp_ln274_fu_172   |    0    |    13   |
|          |   icmp_ln278_fu_189   |    0    |    13   |
|----------|-----------------------|---------|---------|
|  select  |  select_ln274_fu_194  |    0    |    16   |
|          | select_ln274_1_fu_208 |    0    |    2    |
|----------|-----------------------|---------|---------|
|          |  p_read12_read_fu_80  |    0    |    0    |
|   read   | bound_read_read_fu_86 |    0    |    0    |
|          |    tmp_V_read_fu_92   |    0    |    0    |
|----------|-----------------------|---------|---------|
|   trunc  |   trunc_ln274_fu_216  |    0    |    0    |
|----------|-----------------------|---------|---------|
|   zext   |   zext_ln278_fu_220   |    0    |    0    |
|----------|-----------------------|---------|---------|
|   Total  |                       |    0    |   100   |
|----------|-----------------------|---------|---------|

Memories:
N/A

* Register list:
+----------------------+--------+
|                      |   FF   |
+----------------------+--------+
|  bound_read_reg_273  |   17   |
|       i_reg_254      |    2   |
|indvar_flatten_reg_261|   17   |
|       j_reg_247      |   16   |
|   p_read12_reg_268   |   16   |
|  trunc_ln274_reg_281 |    1   |
|  zext_ln278_reg_285  |   64   |
+----------------------+--------+
|         Total        |   133  |
+----------------------+--------+

* Multiplexer (MUX) list: 
|--------|------|------|------|--------|
|  Comp  |  Pin | Size |  BW  | S x BW |
|--------|------|------|------|--------|
|  Total |      |      |      |    0   |
|--------|------|------|------|--------|



* Summary:
+-----------+--------+--------+
|           |   FF   |   LUT  |
+-----------+--------+--------+
|  Function |    0   |   100  |
|   Memory  |    -   |    -   |
|Multiplexer|    -   |    -   |
|  Register |   133  |    -   |
+-----------+--------+--------+
|   Total   |   133  |   100  |
+-----------+--------+--------+
