

================================================================
== Vitis HLS Report for 'demosaicing_3_13_17_1080_1920_1_false_3_3_Pipeline_Zero'
================================================================
* Date:           Thu Mar  5 08:42:53 2026

* Version:        2022.2 (Build 3670227 on Oct 13 2022)
* Project:        isppipeline.prj
* Solution:       sol1 (Vivado IP Flow Target)
* Product family: zynquplus
* Target device:  xck26-sfvc784-2LV-c


================================================================
== Performance Estimates
================================================================
+ Timing: 
    * Summary: 
    +--------+---------+----------+------------+
    |  Clock |  Target | Estimated| Uncertainty|
    +--------+---------+----------+------------+
    |ap_clk  |  3.30 ns|  1.100 ns|     0.89 ns|
    +--------+---------+----------+------------+

+ Latency: 
    * Summary: 
    +---------+---------+-----------+-----------+-----+-----+---------+
    |  Latency (cycles) |   Latency (absolute)  |  Interval | Pipeline|
    |   min   |   max   |    min    |    max    | min | max |   Type  |
    +---------+---------+-----------+-----------+-----+-----+---------+
    |        6|        6|  19.800 ns|  19.800 ns|    6|    6|       no|
    +---------+---------+-----------+-----------+-----+-----+---------+

    + Detail: 
        * Instance: 
        N/A

        * Loop: 
        +----------+---------+---------+----------+-----------+-----------+------+----------+
        |          |  Latency (cycles) | Iteration|  Initiation Interval  | Trip |          |
        | Loop Name|   min   |   max   |  Latency |  achieved |   target  | Count| Pipelined|
        +----------+---------+---------+----------+-----------+-----------+------+----------+
        |- Zero    |        4|        4|         1|          1|          1|     4|       yes|
        +----------+---------+---------+----------+-----------+-----------+------+----------+

============================================================
+ Verbose Summary: Synthesis Manager
============================================================
InlineROM: 1
ExposeGlobal: 0
============================================================
+ Verbose Summary: CDFG Model
============================================================
IsTopModel: 0
ResetActiveHigh: 1
IsCombinational: 0
IsDatapathOnly: 0
HasWiredReturn: 1
HasMFsm: 2
HasVarLatency: 1
IsPipeline: 0
IsRtlPipelined: 0
IsInstanceOverlapped: 0
IsDontTouch: 0
HasImplIP: 0
IsGatedGlobalClock: 0

+ Individual pipeline summary: 
  * Pipeline-0: initiation interval (II) = 1, depth = 1


============================================================
+ Verbose Summary: Schedule
============================================================
* Number of FSM states : 1
* Pipeline : 1
  Pipeline-0 : II = 1, D = 1, States = { 1 }
* Dataflow Pipeline: 0

* FSM state transitions: 
1 --> 

* FSM state operations: 

State 1 <SV = 0> <Delay = 1.09>
ST_1 : Operation 4 [1/1] (0.00ns)   --->   "%p = alloca i32 1"   --->   Operation 4 'alloca' 'p' <Predicate = true> <Delay = 0.00>
ST_1 : Operation 5 [1/1] (0.00ns)   --->   "%imgblock_V_7_1 = alloca i32 1"   --->   Operation 5 'alloca' 'imgblock_V_7_1' <Predicate = true> <Delay = 0.00>
ST_1 : Operation 6 [1/1] (0.00ns)   --->   "%imgblock_V_11_1 = alloca i32 1"   --->   Operation 6 'alloca' 'imgblock_V_11_1' <Predicate = true> <Delay = 0.00>
ST_1 : Operation 7 [1/1] (0.00ns)   --->   "%imgblock_V_12_1 = alloca i32 1"   --->   Operation 7 'alloca' 'imgblock_V_12_1' <Predicate = true> <Delay = 0.00>
ST_1 : Operation 8 [1/1] (0.00ns)   --->   "%imgblock_V_17_1 = alloca i32 1"   --->   Operation 8 'alloca' 'imgblock_V_17_1' <Predicate = true> <Delay = 0.00>
ST_1 : Operation 9 [1/1] (0.00ns)   --->   "%imgblock_V_7_0_read = read i10 @_ssdm_op_Read.ap_auto.i10, i10 %imgblock_V_7_0"   --->   Operation 9 'read' 'imgblock_V_7_0_read' <Predicate = true> <Delay = 0.00>
ST_1 : Operation 10 [1/1] (0.00ns)   --->   "%imgblock_V_11_0_read = read i10 @_ssdm_op_Read.ap_auto.i10, i10 %imgblock_V_11_0"   --->   Operation 10 'read' 'imgblock_V_11_0_read' <Predicate = true> <Delay = 0.00>
ST_1 : Operation 11 [1/1] (0.00ns)   --->   "%imgblock_V_12_0_read = read i10 @_ssdm_op_Read.ap_auto.i10, i10 %imgblock_V_12_0"   --->   Operation 11 'read' 'imgblock_V_12_0_read' <Predicate = true> <Delay = 0.00>
ST_1 : Operation 12 [1/1] (0.00ns)   --->   "%imgblock_V_17_0_read = read i10 @_ssdm_op_Read.ap_auto.i10, i10 %imgblock_V_17_0"   --->   Operation 12 'read' 'imgblock_V_17_0_read' <Predicate = true> <Delay = 0.00>
ST_1 : Operation 13 [1/1] (0.42ns)   --->   "%store_ln0 = store i10 %imgblock_V_17_0_read, i10 %imgblock_V_17_1"   --->   Operation 13 'store' 'store_ln0' <Predicate = true> <Delay = 0.42>
ST_1 : Operation 14 [1/1] (0.42ns)   --->   "%store_ln0 = store i10 %imgblock_V_12_0_read, i10 %imgblock_V_12_1"   --->   Operation 14 'store' 'store_ln0' <Predicate = true> <Delay = 0.42>
ST_1 : Operation 15 [1/1] (0.42ns)   --->   "%store_ln0 = store i10 %imgblock_V_11_0_read, i10 %imgblock_V_11_1"   --->   Operation 15 'store' 'store_ln0' <Predicate = true> <Delay = 0.42>
ST_1 : Operation 16 [1/1] (0.42ns)   --->   "%store_ln0 = store i10 %imgblock_V_7_0_read, i10 %imgblock_V_7_1"   --->   Operation 16 'store' 'store_ln0' <Predicate = true> <Delay = 0.42>
ST_1 : Operation 17 [1/1] (0.42ns)   --->   "%store_ln0 = store i3 0, i3 %p"   --->   Operation 17 'store' 'store_ln0' <Predicate = true> <Delay = 0.42>
ST_1 : Operation 18 [1/1] (0.00ns)   --->   "%br_ln0 = br void %for.inc83"   --->   Operation 18 'br' 'br_ln0' <Predicate = true> <Delay = 0.00>
ST_1 : Operation 19 [1/1] (0.00ns)   --->   "%p_1 = load i3 %p" [../../../../../overlays/Vitis_Libraries/vision//L1/include/imgproc/xf_demosaicing.hpp:332]   --->   Operation 19 'load' 'p_1' <Predicate = true> <Delay = 0.00>
ST_1 : Operation 20 [1/1] (0.58ns)   --->   "%icmp_ln327 = icmp_eq  i3 %p_1, i3 4" [../../../../../overlays/Vitis_Libraries/vision//L1/include/imgproc/xf_demosaicing.hpp:327]   --->   Operation 20 'icmp' 'icmp_ln327' <Predicate = true> <Delay = 0.58> <CoreInst = "Cmp">   --->   Core 9 'Cmp' <Latency = 0> <II = 1> <Delay = 0.58> <FuncUnit> <Opcode : 'icmp'> <InPorts = 2> <OutPorts = 1>
ST_1 : Operation 21 [1/1] (0.00ns)   --->   "%speclooptripcount_ln0 = speclooptripcount void @_ssdm_op_SpecLoopTripCount, i64 4, i64 4, i64 4"   --->   Operation 21 'speclooptripcount' 'speclooptripcount_ln0' <Predicate = true> <Delay = 0.00>
ST_1 : Operation 22 [1/1] (0.67ns)   --->   "%add_ln327 = add i3 %p_1, i3 1" [../../../../../overlays/Vitis_Libraries/vision//L1/include/imgproc/xf_demosaicing.hpp:327]   --->   Operation 22 'add' 'add_ln327' <Predicate = true> <Delay = 0.67> <CoreInst = "Adder">   --->   Core 1 'Adder' <Latency = 0> <II = 1> <Delay = 0.67> <FuncUnit> <Opcode : 'add' 'sub'> <InPorts = 2> <OutPorts = 1>
ST_1 : Operation 23 [1/1] (0.00ns)   --->   "%br_ln327 = br i1 %icmp_ln327, void %for.inc83.split, void %for.inc149.exitStub" [../../../../../overlays/Vitis_Libraries/vision//L1/include/imgproc/xf_demosaicing.hpp:327]   --->   Operation 23 'br' 'br_ln327' <Predicate = true> <Delay = 0.00>
ST_1 : Operation 24 [1/1] (0.00ns)   --->   "%specpipeline_ln329 = specpipeline void @_ssdm_op_SpecPipeline, i32 1, i32 0, i32 0, i32 0, void @empty_32" [../../../../../overlays/Vitis_Libraries/vision//L1/include/imgproc/xf_demosaicing.hpp:329]   --->   Operation 24 'specpipeline' 'specpipeline_ln329' <Predicate = (!icmp_ln327)> <Delay = 0.00>
ST_1 : Operation 25 [1/1] (0.00ns)   --->   "%specloopname_ln327 = specloopname void @_ssdm_op_SpecLoopName, void @empty_31" [../../../../../overlays/Vitis_Libraries/vision//L1/include/imgproc/xf_demosaicing.hpp:327]   --->   Operation 25 'specloopname' 'specloopname_ln327' <Predicate = (!icmp_ln327)> <Delay = 0.00>
ST_1 : Operation 26 [1/1] (0.00ns)   --->   "%trunc_ln332 = trunc i3 %p_1" [../../../../../overlays/Vitis_Libraries/vision//L1/include/imgproc/xf_demosaicing.hpp:332]   --->   Operation 26 'trunc' 'trunc_ln332' <Predicate = (!icmp_ln327)> <Delay = 0.00>
ST_1 : Operation 27 [1/1] (0.44ns)   --->   "%switch_ln332 = switch i2 %trunc_ln332, void %arrayidx8231.2.case.3, i2 0, void %arrayidx8231.2.exit, i2 1, void %for.inc83.split.arrayidx8231.2.exit_crit_edge5, i2 2, void %arrayidx8231.2.case.2" [../../../../../overlays/Vitis_Libraries/vision//L1/include/imgproc/xf_demosaicing.hpp:332]   --->   Operation 27 'switch' 'switch_ln332' <Predicate = (!icmp_ln327)> <Delay = 0.44>
ST_1 : Operation 28 [1/1] (0.42ns)   --->   "%store_ln332 = store i10 0, i10 %imgblock_V_12_1" [../../../../../overlays/Vitis_Libraries/vision//L1/include/imgproc/xf_demosaicing.hpp:332]   --->   Operation 28 'store' 'store_ln332' <Predicate = (!icmp_ln327 & trunc_ln332 == 2)> <Delay = 0.42>
ST_1 : Operation 29 [1/1] (0.42ns)   --->   "%store_ln332 = store i10 0, i10 %imgblock_V_11_1" [../../../../../overlays/Vitis_Libraries/vision//L1/include/imgproc/xf_demosaicing.hpp:332]   --->   Operation 29 'store' 'store_ln332' <Predicate = (!icmp_ln327 & trunc_ln332 == 2)> <Delay = 0.42>
ST_1 : Operation 30 [1/1] (0.00ns)   --->   "%br_ln332 = br void %arrayidx8231.2.exit" [../../../../../overlays/Vitis_Libraries/vision//L1/include/imgproc/xf_demosaicing.hpp:332]   --->   Operation 30 'br' 'br_ln332' <Predicate = (!icmp_ln327 & trunc_ln332 == 2)> <Delay = 0.00>
ST_1 : Operation 31 [1/1] (0.42ns)   --->   "%store_ln332 = store i10 0, i10 %imgblock_V_7_1" [../../../../../overlays/Vitis_Libraries/vision//L1/include/imgproc/xf_demosaicing.hpp:332]   --->   Operation 31 'store' 'store_ln332' <Predicate = (!icmp_ln327 & trunc_ln332 == 1)> <Delay = 0.42>
ST_1 : Operation 32 [1/1] (0.00ns)   --->   "%br_ln332 = br void %arrayidx8231.2.exit" [../../../../../overlays/Vitis_Libraries/vision//L1/include/imgproc/xf_demosaicing.hpp:332]   --->   Operation 32 'br' 'br_ln332' <Predicate = (!icmp_ln327 & trunc_ln332 == 1)> <Delay = 0.00>
ST_1 : Operation 33 [1/1] (0.42ns)   --->   "%store_ln332 = store i10 0, i10 %imgblock_V_17_1" [../../../../../overlays/Vitis_Libraries/vision//L1/include/imgproc/xf_demosaicing.hpp:332]   --->   Operation 33 'store' 'store_ln332' <Predicate = (!icmp_ln327 & trunc_ln332 == 3)> <Delay = 0.42>
ST_1 : Operation 34 [1/1] (0.00ns)   --->   "%br_ln332 = br void %arrayidx8231.2.exit" [../../../../../overlays/Vitis_Libraries/vision//L1/include/imgproc/xf_demosaicing.hpp:332]   --->   Operation 34 'br' 'br_ln332' <Predicate = (!icmp_ln327 & trunc_ln332 == 3)> <Delay = 0.00>
ST_1 : Operation 35 [1/1] (0.42ns)   --->   "%store_ln327 = store i3 %add_ln327, i3 %p" [../../../../../overlays/Vitis_Libraries/vision//L1/include/imgproc/xf_demosaicing.hpp:327]   --->   Operation 35 'store' 'store_ln327' <Predicate = (!icmp_ln327)> <Delay = 0.42>
ST_1 : Operation 36 [1/1] (0.00ns)   --->   "%br_ln327 = br void %for.inc83" [../../../../../overlays/Vitis_Libraries/vision//L1/include/imgproc/xf_demosaicing.hpp:327]   --->   Operation 36 'br' 'br_ln327' <Predicate = (!icmp_ln327)> <Delay = 0.00>
ST_1 : Operation 37 [1/1] (0.00ns)   --->   "%imgblock_V_7_1_load = load i10 %imgblock_V_7_1"   --->   Operation 37 'load' 'imgblock_V_7_1_load' <Predicate = (icmp_ln327)> <Delay = 0.00>
ST_1 : Operation 38 [1/1] (0.00ns)   --->   "%imgblock_V_11_1_load = load i10 %imgblock_V_11_1"   --->   Operation 38 'load' 'imgblock_V_11_1_load' <Predicate = (icmp_ln327)> <Delay = 0.00>
ST_1 : Operation 39 [1/1] (0.00ns)   --->   "%imgblock_V_12_1_load = load i10 %imgblock_V_12_1"   --->   Operation 39 'load' 'imgblock_V_12_1_load' <Predicate = (icmp_ln327)> <Delay = 0.00>
ST_1 : Operation 40 [1/1] (0.00ns)   --->   "%imgblock_V_17_1_load = load i10 %imgblock_V_17_1"   --->   Operation 40 'load' 'imgblock_V_17_1_load' <Predicate = (icmp_ln327)> <Delay = 0.00>
ST_1 : Operation 41 [1/1] (0.00ns)   --->   "%write_ln0 = write void @_ssdm_op_Write.ap_auto.i10P0A, i10 %imgblock_V_17_1_out, i10 %imgblock_V_17_1_load"   --->   Operation 41 'write' 'write_ln0' <Predicate = (icmp_ln327)> <Delay = 0.00>
ST_1 : Operation 42 [1/1] (0.00ns)   --->   "%write_ln0 = write void @_ssdm_op_Write.ap_auto.i10P0A, i10 %imgblock_V_12_1_out, i10 %imgblock_V_12_1_load"   --->   Operation 42 'write' 'write_ln0' <Predicate = (icmp_ln327)> <Delay = 0.00>
ST_1 : Operation 43 [1/1] (0.00ns)   --->   "%write_ln0 = write void @_ssdm_op_Write.ap_auto.i10P0A, i10 %imgblock_V_11_1_out, i10 %imgblock_V_11_1_load"   --->   Operation 43 'write' 'write_ln0' <Predicate = (icmp_ln327)> <Delay = 0.00>
ST_1 : Operation 44 [1/1] (0.00ns)   --->   "%write_ln0 = write void @_ssdm_op_Write.ap_auto.i10P0A, i10 %imgblock_V_7_1_out, i10 %imgblock_V_7_1_load"   --->   Operation 44 'write' 'write_ln0' <Predicate = (icmp_ln327)> <Delay = 0.00>
ST_1 : Operation 45 [1/1] (0.00ns)   --->   "%ret_ln0 = ret"   --->   Operation 45 'ret' 'ret_ln0' <Predicate = (icmp_ln327)> <Delay = 0.00>


============================================================
+ Verbose Summary: Timing violations
============================================================
Target clock period: 3.3ns, clock uncertainty: 0.891ns.

 <State 1>: 1.1ns
The critical path consists of the following:
	'alloca' operation ('p') [9]  (0 ns)
	'load' operation ('p', ../../../../../overlays/Vitis_Libraries/vision//L1/include/imgproc/xf_demosaicing.hpp:332) on local variable 'p' [25]  (0 ns)
	'add' operation ('add_ln327', ../../../../../overlays/Vitis_Libraries/vision//L1/include/imgproc/xf_demosaicing.hpp:327) [28]  (0.673 ns)
	'store' operation ('store_ln327', ../../../../../overlays/Vitis_Libraries/vision//L1/include/imgproc/xf_demosaicing.hpp:327) of variable 'add_ln327', ../../../../../overlays/Vitis_Libraries/vision//L1/include/imgproc/xf_demosaicing.hpp:327 on local variable 'p' [46]  (0.427 ns)


============================================================
+ Verbose Summary: Binding
============================================================
N/A
* FSMD analyzer results:
  - Output states:
 - Input state : 
  - Chain level:
	State 1


============================================================
+ Verbose Summary: Datapath Resource usage 
============================================================
N/A
