

================================================================
== Vitis HLS Report for 'function_awb_17_17_1080_1920_1_3_3_s'
================================================================
* Date:           Thu Mar  5 08:42:58 2026

* Version:        2022.2 (Build 3670227 on Oct 13 2022)
* Project:        isppipeline.prj
* Solution:       sol1 (Vivado IP Flow Target)
* Product family: zynquplus
* Target device:  xck26-sfvc784-2LV-c


================================================================
== Performance Estimates
================================================================
+ Timing: 
    * Summary: 
    +--------+---------+----------+------------+
    |  Clock |  Target | Estimated| Uncertainty|
    +--------+---------+----------+------------+
    |ap_clk  |  3.30 ns|  2.409 ns|     0.89 ns|
    +--------+---------+----------+------------+

+ Latency: 
    * Summary: 
    +---------+---------+----------+----------+---------+---------+---------+
    |  Latency (cycles) |  Latency (absolute) |      Interval     | Pipeline|
    |   min   |   max   |    min   |    max   |   min   |   max   |   Type  |
    +---------+---------+----------+----------+---------+---------+---------+
    |  2079003|  2090230|  6.861 ms|  6.898 ms|  2079003|  2090230|       no|
    +---------+---------+----------+----------+---------+---------+---------+

    + Detail: 
        * Instance: 
        N/A

        * Loop: 
        N/A

============================================================
+ Verbose Summary: Synthesis Manager
============================================================
InlineROM: 1
ExposeGlobal: 0
============================================================
+ Verbose Summary: CDFG Model
============================================================
IsTopModel: 0
ResetActiveHigh: 1
IsCombinational: 2
IsDatapathOnly: 0
HasWiredReturn: 1
HasMFsm: 0
HasVarLatency: 1
IsPipeline: 0
IsRtlPipelined: 0
IsInstanceOverlapped: 0
IsDontTouch: 0
HasImplIP: 0
IsGatedGlobalClock: 0


============================================================
+ Verbose Summary: Schedule
============================================================
* Number of FSM states : 4
* Pipeline : 0
* Dataflow Pipeline: 0

* FSM state transitions: 
1 --> 2 3 
2 --> 4 
3 --> 4 
4 --> 

* FSM state operations: 

State 1 <SV = 0> <Delay = 2.40>
ST_1 : Operation 5 [1/1] (1.20ns)   --->   "%thresh_loc_channel_read = read i32 @_ssdm_op_Read.ap_auto.float, i32 %thresh_loc_channel"   --->   Operation 5 'read' 'thresh_loc_channel_read' <Predicate = true> <Delay = 1.20> <CoreInst = "FIFO_SRL">   --->   Core 81 'FIFO_SRL' <Latency = 0> <II = 1> <Delay = 1.83> <Storage> <Opcode : 'read' 'write' 'nbread' 'nbwrite'> <Ports = 0> <Width = -1> <Depth = -1> <FIFO>
ST_1 : Operation 6 [1/1] (0.00ns)   --->   "%mode_reg_read = read i1 @_ssdm_op_Read.ap_auto.i1, i1 %mode_reg"   --->   Operation 6 'read' 'mode_reg_read' <Predicate = true> <Delay = 0.00>
ST_1 : Operation 7 [1/1] (1.20ns)   --->   "%width_read = read i13 @_ssdm_op_Read.ap_auto.i13, i13 %width"   --->   Operation 7 'read' 'width_read' <Predicate = true> <Delay = 1.20> <CoreInst = "FIFO_SRL">   --->   Core 81 'FIFO_SRL' <Latency = 0> <II = 1> <Delay = 1.83> <Storage> <Opcode : 'read' 'write' 'nbread' 'nbwrite'> <Ports = 0> <Width = -1> <Depth = -1> <FIFO>
ST_1 : Operation 8 [1/1] (0.00ns)   --->   "%height_read = read i16 @_ssdm_op_Read.ap_auto.i16, i16 %height"   --->   Operation 8 'read' 'height_read' <Predicate = true> <Delay = 0.00>
ST_1 : Operation 9 [1/1] (1.20ns)   --->   "%ltm_in_cols_c26_channel_read = read i16 @_ssdm_op_Read.ap_auto.i16, i16 %ltm_in_cols_c26_channel"   --->   Operation 9 'read' 'ltm_in_cols_c26_channel_read' <Predicate = true> <Delay = 1.20> <CoreInst = "FIFO_SRL">   --->   Core 81 'FIFO_SRL' <Latency = 0> <II = 1> <Delay = 1.83> <Storage> <Opcode : 'read' 'write' 'nbread' 'nbwrite'> <Ports = 0> <Width = -1> <Depth = -1> <FIFO>
ST_1 : Operation 10 [1/1] (1.20ns)   --->   "%ltm_in_rows_c25_channel_read = read i16 @_ssdm_op_Read.ap_auto.i16, i16 %ltm_in_rows_c25_channel"   --->   Operation 10 'read' 'ltm_in_rows_c25_channel_read' <Predicate = true> <Delay = 1.20> <CoreInst = "FIFO_SRL">   --->   Core 81 'FIFO_SRL' <Latency = 0> <II = 1> <Delay = 1.83> <Storage> <Opcode : 'read' 'write' 'nbread' 'nbwrite'> <Ports = 0> <Width = -1> <Depth = -1> <FIFO>
ST_1 : Operation 11 [1/1] (1.20ns)   --->   "%demosaic_out_cols_channel_read = read i16 @_ssdm_op_Read.ap_auto.i16, i16 %demosaic_out_cols_channel"   --->   Operation 11 'read' 'demosaic_out_cols_channel_read' <Predicate = true> <Delay = 1.20> <CoreInst = "FIFO_SRL">   --->   Core 81 'FIFO_SRL' <Latency = 0> <II = 1> <Delay = 1.83> <Storage> <Opcode : 'read' 'write' 'nbread' 'nbwrite'> <Ports = 0> <Width = -1> <Depth = -1> <FIFO>
ST_1 : Operation 12 [1/1] (1.20ns)   --->   "%demosaic_out_rows_channel_read = read i16 @_ssdm_op_Read.ap_auto.i16, i16 %demosaic_out_rows_channel"   --->   Operation 12 'read' 'demosaic_out_rows_channel_read' <Predicate = true> <Delay = 1.20> <CoreInst = "FIFO_SRL">   --->   Core 81 'FIFO_SRL' <Latency = 0> <II = 1> <Delay = 1.83> <Storage> <Opcode : 'read' 'write' 'nbread' 'nbwrite'> <Ports = 0> <Width = -1> <Depth = -1> <FIFO>
ST_1 : Operation 13 [1/1] (0.00ns)   --->   "%empty = trunc i16 %ltm_in_rows_c25_channel_read"   --->   Operation 13 'trunc' 'empty' <Predicate = true> <Delay = 0.00>
ST_1 : Operation 14 [1/1] (0.00ns)   --->   "%empty_106 = trunc i16 %ltm_in_cols_c26_channel_read"   --->   Operation 14 'trunc' 'empty_106' <Predicate = true> <Delay = 0.00>
ST_1 : Operation 15 [1/1] (0.00ns)   --->   "%specinterface_ln0 = specinterface void @_ssdm_op_SpecInterface, i11 %ltm_in_cols_c, void @ap_fifo_str, i32 0, i32 0, void @p_str, i32 0, i32 0, void @p_str, void @p_str, void @p_str, i32 2, i32 2, i32 16, i32 16, void @p_str, void @ScalarProp_str, i32 4294967295, i32 0"   --->   Operation 15 'specinterface' 'specinterface_ln0' <Predicate = true> <Delay = 0.00>
ST_1 : Operation 16 [1/1] (1.20ns)   --->   "%write_ln0 = write void @_ssdm_op_Write.ap_fifo.i11P0A, i11 %ltm_in_cols_c, i11 %empty_106"   --->   Operation 16 'write' 'write_ln0' <Predicate = true> <Delay = 1.20> <CoreInst = "FIFO_SRL">   --->   Core 81 'FIFO_SRL' <Latency = 0> <II = 1> <Delay = 1.83> <Storage> <Opcode : 'read' 'write' 'nbread' 'nbwrite'> <Ports = 0> <Width = 11> <Depth = 2> <FIFO>
ST_1 : Operation 17 [1/1] (0.00ns)   --->   "%specinterface_ln0 = specinterface void @_ssdm_op_SpecInterface, i11 %ltm_in_rows_c, void @ap_fifo_str, i32 0, i32 0, void @p_str, i32 0, i32 0, void @p_str, void @p_str, void @p_str, i32 2, i32 2, i32 16, i32 16, void @p_str, void @ScalarProp_str, i32 4294967295, i32 0"   --->   Operation 17 'specinterface' 'specinterface_ln0' <Predicate = true> <Delay = 0.00>
ST_1 : Operation 18 [1/1] (1.20ns)   --->   "%write_ln0 = write void @_ssdm_op_Write.ap_fifo.i11P0A, i11 %ltm_in_rows_c, i11 %empty"   --->   Operation 18 'write' 'write_ln0' <Predicate = true> <Delay = 1.20> <CoreInst = "FIFO_SRL">   --->   Core 81 'FIFO_SRL' <Latency = 0> <II = 1> <Delay = 1.83> <Storage> <Opcode : 'read' 'write' 'nbread' 'nbwrite'> <Ports = 0> <Width = 11> <Depth = 2> <FIFO>
ST_1 : Operation 19 [1/1] (0.00ns)   --->   "%specinterface_ln0 = specinterface void @_ssdm_op_SpecInterface, i30 %ltm_in_data, void @empty_26, i32 0, i32 0, void @empty_32, i32 0, i32 0, void @empty_32, void @empty_32, void @empty_32, i32 0, i32 0, i32 0, i32 0, void @empty_32, void @empty_32, i32 4294967295, i32 0"   --->   Operation 19 'specinterface' 'specinterface_ln0' <Predicate = true> <Delay = 0.00>
ST_1 : Operation 20 [1/1] (0.00ns)   --->   "%specinterface_ln0 = specinterface void @_ssdm_op_SpecInterface, i30 %demosaic_out_data, void @empty_26, i32 0, i32 0, void @empty_32, i32 0, i32 0, void @empty_32, void @empty_32, void @empty_32, i32 0, i32 0, i32 0, i32 0, void @empty_32, void @empty_32, i32 4294967295, i32 0"   --->   Operation 20 'specinterface' 'specinterface_ln0' <Predicate = true> <Delay = 0.00>
ST_1 : Operation 21 [1/1] (0.00ns)   --->   "%br_ln260 = br i1 %mode_reg_read, void %if.else.i.i, void %if.then.i.i" [../../../../../overlays/Vitis_Libraries/vision//L1/examples/isppipeline/xf_isp_accel.cpp:260->../../../../../overlays/Vitis_Libraries/vision//L1/examples/isppipeline/xf_isp_accel.cpp:383->../../../../../overlays/Vitis_Libraries/vision//L1/examples/isppipeline/xf_isp_accel.cpp:383]   --->   Operation 21 'br' 'br_ln260' <Predicate = true> <Delay = 0.00>
ST_1 : Operation 22 [2/2] (0.00ns)   --->   "%call_ln264 = call void @fifo_copy<17, 17, 1080, 1920, 1, 3, 3>, i30 %demosaic_out_data, i30 %ltm_in_data, i16 %height_read, i13 %width_read" [../../../../../overlays/Vitis_Libraries/vision//L1/examples/isppipeline/xf_isp_accel.cpp:264->../../../../../overlays/Vitis_Libraries/vision//L1/examples/isppipeline/xf_isp_accel.cpp:383->../../../../../overlays/Vitis_Libraries/vision//L1/examples/isppipeline/xf_isp_accel.cpp:383]   --->   Operation 22 'call' 'call_ln264' <Predicate = (!mode_reg_read)> <Delay = 0.00> <CoreType = "Generic">   --->   Core 0 '' <Latency = 0> <II = 1> <Delay = 1.00> <Generic> <Opcode : >

State 2 <SV = 1> <Delay = 0.00>
ST_2 : Operation 23 [1/2] (0.00ns)   --->   "%call_ln264 = call void @fifo_copy<17, 17, 1080, 1920, 1, 3, 3>, i30 %demosaic_out_data, i30 %ltm_in_data, i16 %height_read, i13 %width_read" [../../../../../overlays/Vitis_Libraries/vision//L1/examples/isppipeline/xf_isp_accel.cpp:264->../../../../../overlays/Vitis_Libraries/vision//L1/examples/isppipeline/xf_isp_accel.cpp:383->../../../../../overlays/Vitis_Libraries/vision//L1/examples/isppipeline/xf_isp_accel.cpp:383]   --->   Operation 23 'call' 'call_ln264' <Predicate = true> <Delay = 0.00> <CoreType = "Generic">   --->   Core 0 '' <Latency = 0> <II = 1> <Delay = 1.00> <Generic> <Opcode : >
ST_2 : Operation 24 [1/1] (0.00ns)   --->   "%br_ln0 = br void %function_awb<17, 17, 1080, 1920, 1, 3, 3>.exit"   --->   Operation 24 'br' 'br_ln0' <Predicate = true> <Delay = 0.00>

State 3 <SV = 1> <Delay = 2.30>
ST_3 : Operation 25 [2/2] (2.30ns)   --->   "%call_ln261 = call void @fifo_awb<17, 17, 1080, 1920, 1, 3, 3>, i16 %demosaic_out_rows_channel_read, i16 %demosaic_out_cols_channel_read, i30 %demosaic_out_data, i16 %ltm_in_rows_c25_channel_read, i16 %ltm_in_cols_c26_channel_read, i30 %ltm_in_data, i32 %hist0_0, i32 %hist0_1, i32 %hist0_2, i32 %hist1_0, i32 %hist1_1, i32 %hist1_2, i32 %thresh_loc_channel_read, i32 %void_AWBhistogramkernel_Mat_Mat_unsigned_int_1024_float_float_float_float_5, i32 %void_AWBhistogramkernel_Mat_Mat_unsigned_int_1024_float_float_float_float_2, i32 %void_AWBhistogramkernel_Mat_Mat_unsigned_int_1024_float_float_float_float_11, i32 %void_AWBhistogramkernel_Mat_Mat_unsigned_int_1024_float_float_float_float_8, i32 %void_AWBhistogramkernel_Mat_Mat_unsigned_int_1024_float_float_float_float_4, i32 %void_AWBhistogramkernel_Mat_Mat_unsigned_int_1024_float_float_float_float_1, i32 %void_AWBhistogramkernel_Mat_Mat_unsigned_int_1024_float_float_float_float_10, i32 %void_AWBhistogramkernel_Mat_Mat_unsigned_int_1024_float_float_float_float_7, i32 %void_AWBhistogramkernel_Mat_Mat_unsigned_int_1024_float_float_float_float_3, i32 %void_AWBhistogramkernel_Mat_Mat_unsigned_int_1024_float_float_float_float, i32 %void_AWBhistogramkernel_Mat_Mat_unsigned_int_1024_float_float_float_float_9, i32 %void_AWBhistogramkernel_Mat_Mat_unsigned_int_1024_float_float_float_float_6" [../../../../../overlays/Vitis_Libraries/vision//L1/examples/isppipeline/xf_isp_accel.cpp:261->../../../../../overlays/Vitis_Libraries/vision//L1/examples/isppipeline/xf_isp_accel.cpp:383->../../../../../overlays/Vitis_Libraries/vision//L1/examples/isppipeline/xf_isp_accel.cpp:383]   --->   Operation 25 'call' 'call_ln261' <Predicate = true> <Delay = 2.30> <CoreType = "Generic">   --->   Core 0 '' <Latency = 0> <II = 1> <Delay = 1.00> <Generic> <Opcode : >

State 4 <SV = 2> <Delay = 0.00>
ST_4 : Operation 26 [1/2] (0.00ns)   --->   "%call_ln261 = call void @fifo_awb<17, 17, 1080, 1920, 1, 3, 3>, i16 %demosaic_out_rows_channel_read, i16 %demosaic_out_cols_channel_read, i30 %demosaic_out_data, i16 %ltm_in_rows_c25_channel_read, i16 %ltm_in_cols_c26_channel_read, i30 %ltm_in_data, i32 %hist0_0, i32 %hist0_1, i32 %hist0_2, i32 %hist1_0, i32 %hist1_1, i32 %hist1_2, i32 %thresh_loc_channel_read, i32 %void_AWBhistogramkernel_Mat_Mat_unsigned_int_1024_float_float_float_float_5, i32 %void_AWBhistogramkernel_Mat_Mat_unsigned_int_1024_float_float_float_float_2, i32 %void_AWBhistogramkernel_Mat_Mat_unsigned_int_1024_float_float_float_float_11, i32 %void_AWBhistogramkernel_Mat_Mat_unsigned_int_1024_float_float_float_float_8, i32 %void_AWBhistogramkernel_Mat_Mat_unsigned_int_1024_float_float_float_float_4, i32 %void_AWBhistogramkernel_Mat_Mat_unsigned_int_1024_float_float_float_float_1, i32 %void_AWBhistogramkernel_Mat_Mat_unsigned_int_1024_float_float_float_float_10, i32 %void_AWBhistogramkernel_Mat_Mat_unsigned_int_1024_float_float_float_float_7, i32 %void_AWBhistogramkernel_Mat_Mat_unsigned_int_1024_float_float_float_float_3, i32 %void_AWBhistogramkernel_Mat_Mat_unsigned_int_1024_float_float_float_float, i32 %void_AWBhistogramkernel_Mat_Mat_unsigned_int_1024_float_float_float_float_9, i32 %void_AWBhistogramkernel_Mat_Mat_unsigned_int_1024_float_float_float_float_6" [../../../../../overlays/Vitis_Libraries/vision//L1/examples/isppipeline/xf_isp_accel.cpp:261->../../../../../overlays/Vitis_Libraries/vision//L1/examples/isppipeline/xf_isp_accel.cpp:383->../../../../../overlays/Vitis_Libraries/vision//L1/examples/isppipeline/xf_isp_accel.cpp:383]   --->   Operation 26 'call' 'call_ln261' <Predicate = (mode_reg_read)> <Delay = 0.00> <CoreType = "Generic">   --->   Core 0 '' <Latency = 0> <II = 1> <Delay = 1.00> <Generic> <Opcode : >
ST_4 : Operation 27 [1/1] (0.00ns)   --->   "%br_ln263 = br void %function_awb<17, 17, 1080, 1920, 1, 3, 3>.exit" [../../../../../overlays/Vitis_Libraries/vision//L1/examples/isppipeline/xf_isp_accel.cpp:263->../../../../../overlays/Vitis_Libraries/vision//L1/examples/isppipeline/xf_isp_accel.cpp:383->../../../../../overlays/Vitis_Libraries/vision//L1/examples/isppipeline/xf_isp_accel.cpp:383]   --->   Operation 27 'br' 'br_ln263' <Predicate = (mode_reg_read)> <Delay = 0.00>
ST_4 : Operation 28 [1/1] (0.00ns)   --->   "%ret_ln383 = ret" [../../../../../overlays/Vitis_Libraries/vision//L1/examples/isppipeline/xf_isp_accel.cpp:383]   --->   Operation 28 'ret' 'ret_ln383' <Predicate = true> <Delay = 0.00>


============================================================
+ Verbose Summary: Timing violations
============================================================
Target clock period: 3.3ns, clock uncertainty: 0.891ns.

 <State 1>: 2.41ns
The critical path consists of the following:
	wire read operation ('ltm_in_cols_c26_channel_read') on port 'ltm_in_cols_c26_channel' [35]  (1.2 ns)
	fifo write operation ('write_ln0') on port 'ltm_in_cols_c' [42]  (1.2 ns)

 <State 2>: 0ns
The critical path consists of the following:

 <State 3>: 2.31ns
The critical path consists of the following:
	'call' operation ('call_ln261', ../../../../../overlays/Vitis_Libraries/vision//L1/examples/isppipeline/xf_isp_accel.cpp:261->../../../../../overlays/Vitis_Libraries/vision//L1/examples/isppipeline/xf_isp_accel.cpp:383->../../../../../overlays/Vitis_Libraries/vision//L1/examples/isppipeline/xf_isp_accel.cpp:383) to 'fifo_awb<17, 17, 1080, 1920, 1, 3, 3>' [52]  (2.31 ns)

 <State 4>: 0ns
The critical path consists of the following:


============================================================
+ Verbose Summary: Binding
============================================================
N/A
* FSMD analyzer results:
  - Output states:
 - Input state : 
  - Chain level:
	State 1
	State 2
	State 3
	State 4


============================================================
+ Verbose Summary: Datapath Resource usage 
============================================================
N/A
