

================================================================
== Vitis HLS Report for 'gaincontrol_3_13_1080_1920_1_3_3_s'
================================================================
* Date:           Thu Mar  5 08:43:04 2026

* Version:        2022.2 (Build 3670227 on Oct 13 2022)
* Project:        isppipeline.prj
* Solution:       sol1 (Vivado IP Flow Target)
* Product family: zynquplus
* Target device:  xck26-sfvc784-2LV-c


================================================================
== Performance Estimates
================================================================
+ Timing: 
    * Summary: 
    +--------+---------+----------+------------+
    |  Clock |  Target | Estimated| Uncertainty|
    +--------+---------+----------+------------+
    |ap_clk  |  3.30 ns|  1.739 ns|     0.89 ns|
    +--------+---------+----------+------------+

+ Latency: 
    * Summary: 
    +---------+---------+----------+----------+---------+---------+---------+
    |  Latency (cycles) |  Latency (absolute) |      Interval     | Pipeline|
    |   min   |   max   |    min   |    max   |   min   |   max   |   Type  |
    +---------+---------+----------+----------+---------+---------+---------+
    |  2083321|  2083321|  6.875 ms|  6.875 ms|  2083321|  2083321|       no|
    +---------+---------+----------+----------+---------+---------+---------+

    + Detail: 
        * Instance: 
        +-------------------------------------------------------------+---------------------------------------------------+---------+---------+----------+----------+------+------+---------+
        |                                                             |                                                   |  Latency (cycles) |  Latency (absolute) |   Interval  | Pipeline|
        |                           Instance                          |                       Module                      |   min   |   max   |    min   |    max   |  min |  max |   Type  |
        +-------------------------------------------------------------+---------------------------------------------------+---------+---------+----------+----------+------+------+---------+
        |grp_gaincontrol_3_13_1080_1920_1_3_3_Pipeline_ColLoop_fu_82  |gaincontrol_3_13_1080_1920_1_3_3_Pipeline_ColLoop  |     1926|     1926|  6.356 us|  6.356 us|  1926|  1926|       no|
        +-------------------------------------------------------------+---------------------------------------------------+---------+---------+----------+----------+------+------+---------+

        * Loop: 
        +-----------+---------+---------+----------+-----------+-----------+------+----------+
        |           |  Latency (cycles) | Iteration|  Initiation Interval  | Trip |          |
        | Loop Name |   min   |   max   |  Latency |  achieved |   target  | Count| Pipelined|
        +-----------+---------+---------+----------+-----------+-----------+------+----------+
        |- RowLoop  |  2083320|  2083320|      1929|          -|          -|  1080|        no|
        +-----------+---------+---------+----------+-----------+-----------+------+----------+



================================================================
== Utilization Estimates
================================================================
* Summary: 
+-----------------+---------+------+--------+--------+-----+
|       Name      | BRAM_18K|  DSP |   FF   |   LUT  | URAM|
+-----------------+---------+------+--------+--------+-----+
|DSP              |        -|     -|       -|       -|    -|
|Expression       |        -|     -|       0|      35|    -|
|FIFO             |        -|     -|       -|       -|    -|
|Instance         |        -|     2|     205|     221|    -|
|Memory           |        -|     -|       -|       -|    -|
|Multiplexer      |        -|     -|       -|      80|    -|
|Register         |        -|     -|      52|       -|    -|
+-----------------+---------+------+--------+--------+-----+
|Total            |        0|     2|     257|     336|    0|
+-----------------+---------+------+--------+--------+-----+
|Available        |      288|  1248|  234240|  117120|   64|
+-----------------+---------+------+--------+--------+-----+
|Utilization (%)  |        0|    ~0|      ~0|      ~0|    0|
+-----------------+---------+------+--------+--------+-----+

+ Detail: 
    * Instance: 
    +-------------------------------------------------------------+---------------------------------------------------+---------+----+-----+-----+-----+
    |                           Instance                          |                       Module                      | BRAM_18K| DSP|  FF | LUT | URAM|
    +-------------------------------------------------------------+---------------------------------------------------+---------+----+-----+-----+-----+
    |grp_gaincontrol_3_13_1080_1920_1_3_3_Pipeline_ColLoop_fu_82  |gaincontrol_3_13_1080_1920_1_3_3_Pipeline_ColLoop  |        0|   2|  205|  221|    0|
    +-------------------------------------------------------------+---------------------------------------------------+---------+----+-----+-----+-----+
    |Total                                                        |                                                   |        0|   2|  205|  221|    0|
    +-------------------------------------------------------------+---------------------------------------------------+---------+----+-----+-----+-----+

    * DSP: 
    N/A

    * Memory: 
    N/A

    * FIFO: 
    N/A

    * Expression: 
    +-----------------------+----------+----+---+----+------------+------------+
    |     Variable Name     | Operation| DSP| FF| LUT| Bitwidth P0| Bitwidth P1|
    +-----------------------+----------+----+---+----+------------+------------+
    |i_V_6_fu_115_p2        |         +|   0|  0|  20|          13|           1|
    |icmp_ln1027_fu_110_p2  |      icmp|   0|  0|  13|          16|          16|
    |ap_block_state1        |        or|   0|  0|   2|           1|           1|
    +-----------------------+----------+----+---+----+------------+------------+
    |Total                  |          |   0|  0|  35|          30|          18|
    +-----------------------+----------+----+---+----+------------+------------+

    * Multiplexer: 
    +------------------------+----+-----------+-----+-----------+
    |          Name          | LUT| Input Size| Bits| Total Bits|
    +------------------------+----+-----------+-----+-----------+
    |ap_NS_fsm               |  26|          5|    1|          5|
    |ap_done                 |   9|          2|    1|          2|
    |bgain_blk_n             |   9|          2|    1|          2|
    |gain_out_data215_write  |   9|          2|    1|          2|
    |i_V_fu_54               |   9|          2|   13|         26|
    |imgInput2_data214_read  |   9|          2|    1|          2|
    |rgain_blk_n             |   9|          2|    1|          2|
    +------------------------+----+-----------+-----+-----------+
    |Total                   |  80|         17|   19|         41|
    +------------------------+----+-----------+-----+-----------+

    * Register: 
    +--------------------------------------------------------------------------+----+----+-----+-----------+
    |                                   Name                                   | FF | LUT| Bits| Const Bits|
    +--------------------------------------------------------------------------+----+----+-----+-----------+
    |ap_CS_fsm                                                                 |   4|   0|    4|          0|
    |ap_done_reg                                                               |   1|   0|    1|          0|
    |bgain_read_reg_143                                                        |  16|   0|   16|          0|
    |grp_gaincontrol_3_13_1080_1920_1_3_3_Pipeline_ColLoop_fu_82_ap_start_reg  |   1|   0|    1|          0|
    |i_V_fu_54                                                                 |  13|   0|   13|          0|
    |rgain_read_reg_148                                                        |  16|   0|   16|          0|
    |trunc_ln1027_reg_153                                                      |   1|   0|    1|          0|
    +--------------------------------------------------------------------------+----+----+-----+-----------+
    |Total                                                                     |  52|   0|   52|          0|
    +--------------------------------------------------------------------------+----+----+-----+-----------+



================================================================
== Interface
================================================================
* Summary: 
+----------------------------------+-----+-----+------------+-----------------------------------------+--------------+
|             RTL Ports            | Dir | Bits|  Protocol  |              Source Object              |    C Type    |
+----------------------------------+-----+-----+------------+-----------------------------------------+--------------+
|ap_clk                            |   in|    1|  ap_ctrl_hs|  gaincontrol<3, 13, 1080, 1920, 1, 3, 3>|  return value|
|ap_rst                            |   in|    1|  ap_ctrl_hs|  gaincontrol<3, 13, 1080, 1920, 1, 3, 3>|  return value|
|ap_start                          |   in|    1|  ap_ctrl_hs|  gaincontrol<3, 13, 1080, 1920, 1, 3, 3>|  return value|
|ap_done                           |  out|    1|  ap_ctrl_hs|  gaincontrol<3, 13, 1080, 1920, 1, 3, 3>|  return value|
|ap_continue                       |   in|    1|  ap_ctrl_hs|  gaincontrol<3, 13, 1080, 1920, 1, 3, 3>|  return value|
|ap_idle                           |  out|    1|  ap_ctrl_hs|  gaincontrol<3, 13, 1080, 1920, 1, 3, 3>|  return value|
|ap_ready                          |  out|    1|  ap_ctrl_hs|  gaincontrol<3, 13, 1080, 1920, 1, 3, 3>|  return value|
|p_read                            |   in|   16|     ap_none|                                   p_read|        scalar|
|p_read1                           |   in|   16|     ap_none|                                  p_read1|        scalar|
|imgInput2_data214_dout            |   in|   10|     ap_fifo|                        imgInput2_data214|       pointer|
|imgInput2_data214_num_data_valid  |   in|    3|     ap_fifo|                        imgInput2_data214|       pointer|
|imgInput2_data214_fifo_cap        |   in|    3|     ap_fifo|                        imgInput2_data214|       pointer|
|imgInput2_data214_empty_n         |   in|    1|     ap_fifo|                        imgInput2_data214|       pointer|
|imgInput2_data214_read            |  out|    1|     ap_fifo|                        imgInput2_data214|       pointer|
|gain_out_data215_din              |  out|   10|     ap_fifo|                         gain_out_data215|       pointer|
|gain_out_data215_num_data_valid   |   in|    3|     ap_fifo|                         gain_out_data215|       pointer|
|gain_out_data215_fifo_cap         |   in|    3|     ap_fifo|                         gain_out_data215|       pointer|
|gain_out_data215_full_n           |   in|    1|     ap_fifo|                         gain_out_data215|       pointer|
|gain_out_data215_write            |  out|    1|     ap_fifo|                         gain_out_data215|       pointer|
|rgain_dout                        |   in|   16|     ap_fifo|                                    rgain|       pointer|
|rgain_num_data_valid              |   in|    4|     ap_fifo|                                    rgain|       pointer|
|rgain_fifo_cap                    |   in|    4|     ap_fifo|                                    rgain|       pointer|
|rgain_empty_n                     |   in|    1|     ap_fifo|                                    rgain|       pointer|
|rgain_read                        |  out|    1|     ap_fifo|                                    rgain|       pointer|
|bgain_dout                        |   in|   16|     ap_fifo|                                    bgain|       pointer|
|bgain_num_data_valid              |   in|    4|     ap_fifo|                                    bgain|       pointer|
|bgain_fifo_cap                    |   in|    4|     ap_fifo|                                    bgain|       pointer|
|bgain_empty_n                     |   in|    1|     ap_fifo|                                    bgain|       pointer|
|bgain_read                        |  out|    1|     ap_fifo|                                    bgain|       pointer|
+----------------------------------+-----+-----+------------+-----------------------------------------+--------------+

============================================================
+ Verbose Summary: Synthesis Manager
============================================================
InlineROM: 1
ExposeGlobal: 0
============================================================
+ Verbose Summary: CDFG Model
============================================================
IsTopModel: 0
ResetActiveHigh: 1
IsCombinational: 2
IsDatapathOnly: 0
HasWiredReturn: 1
HasMFsm: 0
HasVarLatency: 1
IsPipeline: 0
IsRtlPipelined: 0
IsInstanceOverlapped: 0
IsDontTouch: 0
HasImplIP: 0
IsGatedGlobalClock: 0


============================================================
+ Verbose Summary: Schedule
============================================================
* Number of FSM states : 4
* Pipeline : 0
* Dataflow Pipeline: 0

* FSM state transitions: 
1 --> 2 
2 --> 3 
3 --> 4 
4 --> 2 

* FSM state operations: 

State 1 <SV = 0> <Delay = 1.20>
ST_1 : Operation 5 [1/1] (0.00ns)   --->   "%i_V = alloca i32 1"   --->   Operation 5 'alloca' 'i_V' <Predicate = true> <Delay = 0.00>
ST_1 : Operation 6 [1/1] (0.00ns)   --->   "%specinterface_ln0 = specinterface void @_ssdm_op_SpecInterface, i16 %bgain, void @ap_fifo_str, i32 0, i32 0, void @p_str, i32 0, i32 0, void @p_str, void @p_str, void @p_str, i32 2, i32 2, i32 16, i32 16, void @p_str, void @ScalarProp_str, i32 4294967295, i32 0"   --->   Operation 6 'specinterface' 'specinterface_ln0' <Predicate = true> <Delay = 0.00>
ST_1 : Operation 7 [1/1] (1.20ns)   --->   "%p_read13 = read i16 @_ssdm_op_Read.ap_auto.i16, i16 %p_read1"   --->   Operation 7 'read' 'p_read13' <Predicate = true> <Delay = 1.20> <CoreInst = "FIFO_SRL">   --->   Core 81 'FIFO_SRL' <Latency = 0> <II = 1> <Delay = 1.83> <Storage> <Opcode : 'read' 'write' 'nbread' 'nbwrite'> <Ports = 0> <Width = -1> <Depth = -1> <FIFO>
ST_1 : Operation 8 [1/1] (1.20ns)   --->   "%p_read_20 = read i16 @_ssdm_op_Read.ap_auto.i16, i16 %p_read"   --->   Operation 8 'read' 'p_read_20' <Predicate = true> <Delay = 1.20> <CoreInst = "FIFO_SRL">   --->   Core 81 'FIFO_SRL' <Latency = 0> <II = 1> <Delay = 1.83> <Storage> <Opcode : 'read' 'write' 'nbread' 'nbwrite'> <Ports = 0> <Width = -1> <Depth = -1> <FIFO>
ST_1 : Operation 9 [1/1] (1.20ns)   --->   "%bgain_read = read i16 @_ssdm_op_Read.ap_fifo.i16P0A, i16 %bgain"   --->   Operation 9 'read' 'bgain_read' <Predicate = true> <Delay = 1.20> <CoreInst = "FIFO_SRL">   --->   Core 81 'FIFO_SRL' <Latency = 0> <II = 1> <Delay = 1.86> <Storage> <Opcode : 'read' 'write' 'nbread' 'nbwrite'> <Ports = 0> <Width = 16> <Depth = 5> <FIFO>
ST_1 : Operation 10 [1/1] (0.00ns)   --->   "%specinterface_ln0 = specinterface void @_ssdm_op_SpecInterface, i16 %rgain, void @ap_fifo_str, i32 0, i32 0, void @p_str, i32 0, i32 0, void @p_str, void @p_str, void @p_str, i32 2, i32 2, i32 16, i32 16, void @p_str, void @ScalarProp_str, i32 4294967295, i32 0"   --->   Operation 10 'specinterface' 'specinterface_ln0' <Predicate = true> <Delay = 0.00>
ST_1 : Operation 11 [1/1] (1.20ns)   --->   "%rgain_read = read i16 @_ssdm_op_Read.ap_fifo.i16P0A, i16 %rgain"   --->   Operation 11 'read' 'rgain_read' <Predicate = true> <Delay = 1.20> <CoreInst = "FIFO_SRL">   --->   Core 81 'FIFO_SRL' <Latency = 0> <II = 1> <Delay = 1.86> <Storage> <Opcode : 'read' 'write' 'nbread' 'nbwrite'> <Ports = 0> <Width = 16> <Depth = 5> <FIFO>
ST_1 : Operation 12 [1/1] (0.00ns)   --->   "%specinterface_ln0 = specinterface void @_ssdm_op_SpecInterface, i10 %gain_out_data215, void @empty_26, i32 0, i32 0, void @empty_32, i32 0, i32 0, void @empty_32, void @empty_32, void @empty_32, i32 0, i32 0, i32 0, i32 0, void @empty_32, void @empty_32, i32 4294967295, i32 0"   --->   Operation 12 'specinterface' 'specinterface_ln0' <Predicate = true> <Delay = 0.00>
ST_1 : Operation 13 [1/1] (0.00ns)   --->   "%specinterface_ln0 = specinterface void @_ssdm_op_SpecInterface, i10 %imgInput2_data214, void @empty_26, i32 0, i32 0, void @empty_32, i32 0, i32 0, void @empty_32, void @empty_32, void @empty_32, i32 0, i32 0, i32 0, i32 0, void @empty_32, void @empty_32, i32 4294967295, i32 0"   --->   Operation 13 'specinterface' 'specinterface_ln0' <Predicate = true> <Delay = 0.00>
ST_1 : Operation 14 [1/1] (0.42ns)   --->   "%store_ln88 = store i13 0, i13 %i_V" [../../../../../overlays/Vitis_Libraries/vision//L1/include/imgproc/xf_gaincontrol.hpp:88]   --->   Operation 14 'store' 'store_ln88' <Predicate = true> <Delay = 0.42>
ST_1 : Operation 15 [1/1] (0.00ns)   --->   "%br_ln88 = br void %ColLoop.i" [../../../../../overlays/Vitis_Libraries/vision//L1/include/imgproc/xf_gaincontrol.hpp:88]   --->   Operation 15 'br' 'br_ln88' <Predicate = true> <Delay = 0.00>

State 2 <SV = 1> <Delay = 1.52>
ST_2 : Operation 16 [1/1] (0.00ns)   --->   "%i_V_5 = load i13 %i_V"   --->   Operation 16 'load' 'i_V_5' <Predicate = true> <Delay = 0.00>
ST_2 : Operation 17 [1/1] (0.00ns)   --->   "%trunc_ln1027 = trunc i13 %i_V_5"   --->   Operation 17 'trunc' 'trunc_ln1027' <Predicate = true> <Delay = 0.00>
ST_2 : Operation 18 [1/1] (0.00ns)   --->   "%zext_ln1027 = zext i13 %i_V_5"   --->   Operation 18 'zext' 'zext_ln1027' <Predicate = true> <Delay = 0.00>
ST_2 : Operation 19 [1/1] (1.10ns)   --->   "%icmp_ln1027 = icmp_ult  i16 %zext_ln1027, i16 %p_read_20"   --->   Operation 19 'icmp' 'icmp_ln1027' <Predicate = true> <Delay = 1.10> <CoreInst = "Cmp">   --->   Core 9 'Cmp' <Latency = 0> <II = 1> <Delay = 1.10> <FuncUnit> <Opcode : 'icmp'> <InPorts = 2> <OutPorts = 1>
ST_2 : Operation 20 [1/1] (0.82ns)   --->   "%i_V_6 = add i13 %i_V_5, i13 1"   --->   Operation 20 'add' 'i_V_6' <Predicate = true> <Delay = 0.82> <CoreInst = "Adder">   --->   Core 1 'Adder' <Latency = 0> <II = 1> <Delay = 0.82> <FuncUnit> <Opcode : 'add' 'sub'> <InPorts = 2> <OutPorts = 1>
ST_2 : Operation 21 [1/1] (0.00ns)   --->   "%br_ln88 = br i1 %icmp_ln1027, void %_ZN2xf2cv17gaincontrolkernelILi3ELi13ELi1080ELi1920ELi1ELi3ELi3ELi1ELi17ELi17ELi3ELi3ELi1920EEEvRNS0_3MatIXT0_EXT1_EXT2_EXT3_EXT4_EEERNS2_IXT0_EXT1_EXT2_EXT3_EXT5_EEEtttt.exit.loopexit, void %ColLoop.i.split" [../../../../../overlays/Vitis_Libraries/vision//L1/include/imgproc/xf_gaincontrol.hpp:88]   --->   Operation 21 'br' 'br_ln88' <Predicate = true> <Delay = 0.00>
ST_2 : Operation 22 [1/1] (0.00ns)   --->   "%empty = wait i32 @_ssdm_op_Wait"   --->   Operation 22 'wait' 'empty' <Predicate = (icmp_ln1027)> <Delay = 0.00>
ST_2 : Operation 23 [1/1] (0.42ns)   --->   "%store_ln88 = store i13 %i_V_6, i13 %i_V" [../../../../../overlays/Vitis_Libraries/vision//L1/include/imgproc/xf_gaincontrol.hpp:88]   --->   Operation 23 'store' 'store_ln88' <Predicate = (icmp_ln1027)> <Delay = 0.42>
ST_2 : Operation 24 [1/1] (0.00ns)   --->   "%ret_ln195 = ret" [../../../../../overlays/Vitis_Libraries/vision//L1/include/imgproc/xf_gaincontrol.hpp:195]   --->   Operation 24 'ret' 'ret_ln195' <Predicate = (!icmp_ln1027)> <Delay = 0.00>

State 3 <SV = 2> <Delay = 1.52>
ST_3 : Operation 25 [2/2] (1.52ns)   --->   "%call_ln1027 = call void @gaincontrol<3, 13, 1080, 1920, 1, 3, 3>_Pipeline_ColLoop, i16 %p_read13, i10 %imgInput2_data214, i1 %trunc_ln1027, i16 %rgain_read, i16 %bgain_read, i10 %gain_out_data215"   --->   Operation 25 'call' 'call_ln1027' <Predicate = true> <Delay = 1.52> <CoreType = "Generic">   --->   Core 0 '' <Latency = 0> <II = 1> <Delay = 1.00> <Generic> <Opcode : >

State 4 <SV = 3> <Delay = 0.00>
ST_4 : Operation 26 [1/1] (0.00ns)   --->   "%speclooptripcount_ln89 = speclooptripcount void @_ssdm_op_SpecLoopTripCount, i64 1080, i64 1080, i64 1080" [../../../../../overlays/Vitis_Libraries/vision//L1/include/imgproc/xf_gaincontrol.hpp:89]   --->   Operation 26 'speclooptripcount' 'speclooptripcount_ln89' <Predicate = true> <Delay = 0.00>
ST_4 : Operation 27 [1/1] (0.00ns)   --->   "%specloopname_ln81 = specloopname void @_ssdm_op_SpecLoopName, void @empty_23" [../../../../../overlays/Vitis_Libraries/vision//L1/include/imgproc/xf_gaincontrol.hpp:81]   --->   Operation 27 'specloopname' 'specloopname_ln81' <Predicate = true> <Delay = 0.00>
ST_4 : Operation 28 [1/2] (0.00ns)   --->   "%call_ln1027 = call void @gaincontrol<3, 13, 1080, 1920, 1, 3, 3>_Pipeline_ColLoop, i16 %p_read13, i10 %imgInput2_data214, i1 %trunc_ln1027, i16 %rgain_read, i16 %bgain_read, i10 %gain_out_data215"   --->   Operation 28 'call' 'call_ln1027' <Predicate = true> <Delay = 0.00> <CoreType = "Generic">   --->   Core 0 '' <Latency = 0> <II = 1> <Delay = 1.00> <Generic> <Opcode : >
ST_4 : Operation 29 [1/1] (0.00ns)   --->   "%br_ln88 = br void %ColLoop.i" [../../../../../overlays/Vitis_Libraries/vision//L1/include/imgproc/xf_gaincontrol.hpp:88]   --->   Operation 29 'br' 'br_ln88' <Predicate = true> <Delay = 0.00>


============================================================
+ Verbose Summary: Binding
============================================================
STG Binding: 
---------------- STG Properties BEGIN ----------------
- Is combinational: 0
- Is one-state seq: 0
- Is datapath-only: 0
- Is pipelined: 0
- Is top level: 0
Port [ Return ] is wired: 1; IO mode=ap_ctrl_hs:ce=0
Port [ p_read]:  wired=1; compound=0; hidden=0; nouse=0; global=0; static=0; extern=0; dir=0; type=0; pingpong=0; private_global=0; IO mode=ap_none:ce=0
Port [ p_read1]:  wired=1; compound=0; hidden=0; nouse=0; global=0; static=0; extern=0; dir=0; type=0; pingpong=0; private_global=0; IO mode=ap_none:ce=0
Port [ imgInput2_data214]:  wired=1; compound=1; hidden=0; nouse=0; global=0; static=0; extern=0; dir=0; type=3; pingpong=0; private_global=0; IO mode=ap_fifo:ce=0
Port [ gain_out_data215]:  wired=1; compound=1; hidden=0; nouse=0; global=0; static=0; extern=0; dir=1; type=3; pingpong=0; private_global=0; IO mode=ap_fifo:ce=0
Port [ rgain]:  wired=1; compound=1; hidden=0; nouse=0; global=0; static=0; extern=0; dir=0; type=3; pingpong=0; private_global=0; IO mode=ap_fifo:ce=0
Port [ bgain]:  wired=1; compound=1; hidden=0; nouse=0; global=0; static=0; extern=0; dir=0; type=3; pingpong=0; private_global=0; IO mode=ap_fifo:ce=0
---------------- STG Properties END ------------------

---------------- Datapath Model BEGIN ----------------

<LifeTime>
<method=bitvector/>
i_V                    (alloca           ) [ 01111]
specinterface_ln0      (specinterface    ) [ 00000]
p_read13               (read             ) [ 00111]
p_read_20              (read             ) [ 00111]
bgain_read             (read             ) [ 00111]
specinterface_ln0      (specinterface    ) [ 00000]
rgain_read             (read             ) [ 00111]
specinterface_ln0      (specinterface    ) [ 00000]
specinterface_ln0      (specinterface    ) [ 00000]
store_ln88             (store            ) [ 00000]
br_ln88                (br               ) [ 00000]
i_V_5                  (load             ) [ 00000]
trunc_ln1027           (trunc            ) [ 00011]
zext_ln1027            (zext             ) [ 00000]
icmp_ln1027            (icmp             ) [ 00111]
i_V_6                  (add              ) [ 00000]
br_ln88                (br               ) [ 00000]
empty                  (wait             ) [ 00000]
store_ln88             (store            ) [ 00000]
ret_ln195              (ret              ) [ 00000]
speclooptripcount_ln89 (speclooptripcount) [ 00000]
specloopname_ln81      (specloopname     ) [ 00000]
call_ln1027            (call             ) [ 00000]
br_ln88                (br               ) [ 00000]
</LifeTime>

<model>

<comp_list>
<comp id="0" class="1000" name="p_read">
<pin_list>
<pin id="1" dir="1" index="0" bw="1" slack="0"/>
</pin_list>
<bind>
<StgValue><ssdm name="p_read"/></StgValue>
</bind>
</comp>

<comp id="2" class="1000" name="p_read1">
<pin_list>
<pin id="3" dir="1" index="0" bw="1" slack="0"/>
</pin_list>
<bind>
<StgValue><ssdm name="p_read1"/></StgValue>
</bind>
</comp>

<comp id="4" class="1000" name="imgInput2_data214">
<pin_list>
<pin id="5" dir="1" index="0" bw="1" slack="0"/>
</pin_list>
<bind>
<StgValue><ssdm name="imgInput2_data214"/></StgValue>
</bind>
</comp>

<comp id="6" class="1000" name="gain_out_data215">
<pin_list>
<pin id="7" dir="1" index="0" bw="1" slack="0"/>
</pin_list>
<bind>
<StgValue><ssdm name="gain_out_data215"/></StgValue>
</bind>
</comp>

<comp id="8" class="1000" name="rgain">
<pin_list>
<pin id="9" dir="1" index="0" bw="1" slack="0"/>
</pin_list>
<bind>
<StgValue><ssdm name="rgain"/></StgValue>
</bind>
</comp>

<comp id="10" class="1000" name="bgain">
<pin_list>
<pin id="11" dir="1" index="0" bw="1" slack="0"/>
</pin_list>
<bind>
<StgValue><ssdm name="bgain"/></StgValue>
</bind>
</comp>

<comp id="12" class="1001" name="const_12">
<pin_list>
<pin id="13" dir="1" index="0" bw="1" slack="0"/>
</pin_list>
<bind>
<StgValue><ssdm name=""/></StgValue>
</bind>
</comp>

<comp id="14" class="1001" name="const_14">
<pin_list>
<pin id="15" dir="1" index="0" bw="1" slack="2147483647"/>
</pin_list>
<bind>
<StgValue><ssdm name="_ssdm_op_SpecInterface"/></StgValue>
</bind>
</comp>

<comp id="16" class="1001" name="const_16">
<pin_list>
<pin id="17" dir="1" index="0" bw="1" slack="2147483647"/>
</pin_list>
<bind>
<StgValue><ssdm name="ap_fifo_str"/></StgValue>
</bind>
</comp>

<comp id="18" class="1001" name="const_18">
<pin_list>
<pin id="19" dir="1" index="0" bw="1" slack="2147483647"/>
</pin_list>
<bind>
<StgValue><ssdm name=""/></StgValue>
</bind>
</comp>

<comp id="20" class="1001" name="const_20">
<pin_list>
<pin id="21" dir="1" index="0" bw="1" slack="2147483647"/>
</pin_list>
<bind>
<StgValue><ssdm name="p_str"/></StgValue>
</bind>
</comp>

<comp id="22" class="1001" name="const_22">
<pin_list>
<pin id="23" dir="1" index="0" bw="1" slack="2147483647"/>
</pin_list>
<bind>
<StgValue><ssdm name=""/></StgValue>
</bind>
</comp>

<comp id="24" class="1001" name="const_24">
<pin_list>
<pin id="25" dir="1" index="0" bw="1" slack="2147483647"/>
</pin_list>
<bind>
<StgValue><ssdm name=""/></StgValue>
</bind>
</comp>

<comp id="26" class="1001" name="const_26">
<pin_list>
<pin id="27" dir="1" index="0" bw="1" slack="2147483647"/>
</pin_list>
<bind>
<StgValue><ssdm name="ScalarProp_str"/></StgValue>
</bind>
</comp>

<comp id="28" class="1001" name="const_28">
<pin_list>
<pin id="29" dir="1" index="0" bw="1" slack="2147483647"/>
</pin_list>
<bind>
<StgValue><ssdm name=""/></StgValue>
</bind>
</comp>

<comp id="30" class="1001" name="const_30">
<pin_list>
<pin id="31" dir="1" index="0" bw="1" slack="0"/>
</pin_list>
<bind>
<StgValue><ssdm name="_ssdm_op_Read.ap_auto.i16"/></StgValue>
</bind>
</comp>

<comp id="32" class="1001" name="const_32">
<pin_list>
<pin id="33" dir="1" index="0" bw="1" slack="0"/>
</pin_list>
<bind>
<StgValue><ssdm name="_ssdm_op_Read.ap_fifo.i16P0A"/></StgValue>
</bind>
</comp>

<comp id="34" class="1001" name="const_34">
<pin_list>
<pin id="35" dir="1" index="0" bw="1" slack="2147483647"/>
</pin_list>
<bind>
<StgValue><ssdm name="empty_26"/></StgValue>
</bind>
</comp>

<comp id="36" class="1001" name="const_36">
<pin_list>
<pin id="37" dir="1" index="0" bw="1" slack="2147483647"/>
</pin_list>
<bind>
<StgValue><ssdm name="empty_32"/></StgValue>
</bind>
</comp>

<comp id="38" class="1001" name="const_38">
<pin_list>
<pin id="39" dir="1" index="0" bw="1" slack="0"/>
</pin_list>
<bind>
<StgValue><ssdm name=""/></StgValue>
</bind>
</comp>

<comp id="40" class="1001" name="const_40">
<pin_list>
<pin id="41" dir="1" index="0" bw="1" slack="0"/>
</pin_list>
<bind>
<StgValue><ssdm name=""/></StgValue>
</bind>
</comp>

<comp id="42" class="1001" name="const_42">
<pin_list>
<pin id="43" dir="1" index="0" bw="1" slack="2147483647"/>
</pin_list>
<bind>
<StgValue><ssdm name="_ssdm_op_Wait"/></StgValue>
</bind>
</comp>

<comp id="44" class="1001" name="const_44">
<pin_list>
<pin id="45" dir="1" index="0" bw="1" slack="0"/>
</pin_list>
<bind>
<StgValue><ssdm name="gaincontrol<3, 13, 1080, 1920, 1, 3, 3>_Pipeline_ColLoop"/></StgValue>
</bind>
</comp>

<comp id="46" class="1001" name="const_46">
<pin_list>
<pin id="47" dir="1" index="0" bw="1" slack="2147483647"/>
</pin_list>
<bind>
<StgValue><ssdm name="_ssdm_op_SpecLoopTripCount"/></StgValue>
</bind>
</comp>

<comp id="48" class="1001" name="const_48">
<pin_list>
<pin id="49" dir="1" index="0" bw="1" slack="2147483647"/>
</pin_list>
<bind>
<StgValue><ssdm name=""/></StgValue>
</bind>
</comp>

<comp id="50" class="1001" name="const_50">
<pin_list>
<pin id="51" dir="1" index="0" bw="1" slack="2147483647"/>
</pin_list>
<bind>
<StgValue><ssdm name="_ssdm_op_SpecLoopName"/></StgValue>
</bind>
</comp>

<comp id="52" class="1001" name="const_52">
<pin_list>
<pin id="53" dir="1" index="0" bw="1" slack="2147483647"/>
</pin_list>
<bind>
<StgValue><ssdm name="empty_23"/></StgValue>
</bind>
</comp>

<comp id="54" class="1004" name="i_V_fu_54">
<pin_list>
<pin id="55" dir="0" index="0" bw="1" slack="0"/>
<pin id="56" dir="1" index="1" bw="13" slack="0"/>
</pin_list>
<bind>
<opcode="alloca(26) " fcode="alloca"/>
<opset="i_V/1 "/>
</bind>
</comp>

<comp id="58" class="1004" name="p_read13_read_fu_58">
<pin_list>
<pin id="59" dir="0" index="0" bw="16" slack="0"/>
<pin id="60" dir="0" index="1" bw="16" slack="0"/>
<pin id="61" dir="1" index="2" bw="16" slack="2"/>
</pin_list>
<bind>
<opcode="read(1150) " fcode="read"/>
<opset="p_read13/1 "/>
</bind>
</comp>

<comp id="64" class="1004" name="p_read_20_read_fu_64">
<pin_list>
<pin id="65" dir="0" index="0" bw="16" slack="0"/>
<pin id="66" dir="0" index="1" bw="16" slack="0"/>
<pin id="67" dir="1" index="2" bw="16" slack="1"/>
</pin_list>
<bind>
<opcode="read(1150) " fcode="read"/>
<opset="p_read_20/1 "/>
</bind>
</comp>

<comp id="70" class="1004" name="bgain_read_read_fu_70">
<pin_list>
<pin id="71" dir="0" index="0" bw="16" slack="0"/>
<pin id="72" dir="0" index="1" bw="16" slack="0"/>
<pin id="73" dir="1" index="2" bw="16" slack="2"/>
</pin_list>
<bind>
<opcode="read(1150) " fcode="read"/>
<opset="bgain_read/1 "/>
</bind>
</comp>

<comp id="76" class="1004" name="rgain_read_read_fu_76">
<pin_list>
<pin id="77" dir="0" index="0" bw="16" slack="0"/>
<pin id="78" dir="0" index="1" bw="16" slack="0"/>
<pin id="79" dir="1" index="2" bw="16" slack="2"/>
</pin_list>
<bind>
<opcode="read(1150) " fcode="read"/>
<opset="rgain_read/1 "/>
</bind>
</comp>

<comp id="82" class="1004" name="grp_gaincontrol_3_13_1080_1920_1_3_3_Pipeline_ColLoop_fu_82">
<pin_list>
<pin id="83" dir="0" index="0" bw="0" slack="0"/>
<pin id="84" dir="0" index="1" bw="16" slack="2"/>
<pin id="85" dir="0" index="2" bw="10" slack="0"/>
<pin id="86" dir="0" index="3" bw="1" slack="1"/>
<pin id="87" dir="0" index="4" bw="16" slack="2"/>
<pin id="88" dir="0" index="5" bw="16" slack="2"/>
<pin id="89" dir="0" index="6" bw="10" slack="0"/>
<pin id="90" dir="1" index="7" bw="0" slack="2147483647"/>
</pin_list>
<bind>
<opcode="call(48) " fcode="call"/>
<opset="call_ln1027/3 "/>
</bind>
</comp>

<comp id="94" class="1004" name="store_ln88_store_fu_94">
<pin_list>
<pin id="95" dir="0" index="0" bw="1" slack="0"/>
<pin id="96" dir="0" index="1" bw="13" slack="0"/>
<pin id="97" dir="1" index="2" bw="0" slack="2147483647"/>
</pin_list>
<bind>
<opcode="store(28) " fcode="store"/>
<opset="store_ln88/1 "/>
</bind>
</comp>

<comp id="99" class="1004" name="i_V_5_load_fu_99">
<pin_list>
<pin id="100" dir="0" index="0" bw="13" slack="1"/>
<pin id="101" dir="1" index="1" bw="13" slack="0"/>
</pin_list>
<bind>
<opcode="load(27) " fcode="load"/>
<opset="i_V_5/2 "/>
</bind>
</comp>

<comp id="102" class="1004" name="trunc_ln1027_fu_102">
<pin_list>
<pin id="103" dir="0" index="0" bw="13" slack="0"/>
<pin id="104" dir="1" index="1" bw="1" slack="1"/>
</pin_list>
<bind>
<opcode="trunc(33) " fcode="trunc"/>
<opset="trunc_ln1027/2 "/>
</bind>
</comp>

<comp id="106" class="1004" name="zext_ln1027_fu_106">
<pin_list>
<pin id="107" dir="0" index="0" bw="13" slack="0"/>
<pin id="108" dir="1" index="1" bw="16" slack="0"/>
</pin_list>
<bind>
<opcode="zext(34) " fcode="zext"/>
<opset="zext_ln1027/2 "/>
</bind>
</comp>

<comp id="110" class="1004" name="icmp_ln1027_fu_110">
<pin_list>
<pin id="111" dir="0" index="0" bw="16" slack="0"/>
<pin id="112" dir="0" index="1" bw="16" slack="1"/>
<pin id="113" dir="1" index="2" bw="1" slack="2147483647"/>
</pin_list>
<bind>
<opcode="icmp(45) " fcode="icmp"/>
<opset="icmp_ln1027/2 "/>
</bind>
</comp>

<comp id="115" class="1004" name="i_V_6_fu_115">
<pin_list>
<pin id="116" dir="0" index="0" bw="13" slack="0"/>
<pin id="117" dir="0" index="1" bw="1" slack="0"/>
<pin id="118" dir="1" index="2" bw="13" slack="0"/>
</pin_list>
<bind>
<opcode="add(8) " fcode="add"/>
<opset="i_V_6/2 "/>
</bind>
</comp>

<comp id="121" class="1004" name="store_ln88_store_fu_121">
<pin_list>
<pin id="122" dir="0" index="0" bw="13" slack="0"/>
<pin id="123" dir="0" index="1" bw="13" slack="1"/>
<pin id="124" dir="1" index="2" bw="0" slack="2147483647"/>
</pin_list>
<bind>
<opcode="store(28) " fcode="store"/>
<opset="store_ln88/2 "/>
</bind>
</comp>

<comp id="126" class="1005" name="i_V_reg_126">
<pin_list>
<pin id="127" dir="0" index="0" bw="13" slack="0"/>
<pin id="128" dir="1" index="1" bw="13" slack="0"/>
</pin_list>
<bind>
<opset="i_V "/>
</bind>
</comp>

<comp id="133" class="1005" name="p_read13_reg_133">
<pin_list>
<pin id="134" dir="0" index="0" bw="16" slack="2"/>
<pin id="135" dir="1" index="1" bw="16" slack="2"/>
</pin_list>
<bind>
<opset="p_read13 "/>
</bind>
</comp>

<comp id="138" class="1005" name="p_read_20_reg_138">
<pin_list>
<pin id="139" dir="0" index="0" bw="16" slack="1"/>
<pin id="140" dir="1" index="1" bw="16" slack="1"/>
</pin_list>
<bind>
<opset="p_read_20 "/>
</bind>
</comp>

<comp id="143" class="1005" name="bgain_read_reg_143">
<pin_list>
<pin id="144" dir="0" index="0" bw="16" slack="2"/>
<pin id="145" dir="1" index="1" bw="16" slack="2"/>
</pin_list>
<bind>
<opset="bgain_read "/>
</bind>
</comp>

<comp id="148" class="1005" name="rgain_read_reg_148">
<pin_list>
<pin id="149" dir="0" index="0" bw="16" slack="2"/>
<pin id="150" dir="1" index="1" bw="16" slack="2"/>
</pin_list>
<bind>
<opset="rgain_read "/>
</bind>
</comp>

<comp id="153" class="1005" name="trunc_ln1027_reg_153">
<pin_list>
<pin id="154" dir="0" index="0" bw="1" slack="1"/>
<pin id="155" dir="1" index="1" bw="1" slack="1"/>
</pin_list>
<bind>
<opset="trunc_ln1027 "/>
</bind>
</comp>

</comp_list>

<net_list>
<net id="57"><net_src comp="12" pin="0"/><net_sink comp="54" pin=0"/></net>

<net id="62"><net_src comp="30" pin="0"/><net_sink comp="58" pin=0"/></net>

<net id="63"><net_src comp="2" pin="0"/><net_sink comp="58" pin=1"/></net>

<net id="68"><net_src comp="30" pin="0"/><net_sink comp="64" pin=0"/></net>

<net id="69"><net_src comp="0" pin="0"/><net_sink comp="64" pin=1"/></net>

<net id="74"><net_src comp="32" pin="0"/><net_sink comp="70" pin=0"/></net>

<net id="75"><net_src comp="10" pin="0"/><net_sink comp="70" pin=1"/></net>

<net id="80"><net_src comp="32" pin="0"/><net_sink comp="76" pin=0"/></net>

<net id="81"><net_src comp="8" pin="0"/><net_sink comp="76" pin=1"/></net>

<net id="91"><net_src comp="44" pin="0"/><net_sink comp="82" pin=0"/></net>

<net id="92"><net_src comp="4" pin="0"/><net_sink comp="82" pin=2"/></net>

<net id="93"><net_src comp="6" pin="0"/><net_sink comp="82" pin=6"/></net>

<net id="98"><net_src comp="38" pin="0"/><net_sink comp="94" pin=0"/></net>

<net id="105"><net_src comp="99" pin="1"/><net_sink comp="102" pin=0"/></net>

<net id="109"><net_src comp="99" pin="1"/><net_sink comp="106" pin=0"/></net>

<net id="114"><net_src comp="106" pin="1"/><net_sink comp="110" pin=0"/></net>

<net id="119"><net_src comp="99" pin="1"/><net_sink comp="115" pin=0"/></net>

<net id="120"><net_src comp="40" pin="0"/><net_sink comp="115" pin=1"/></net>

<net id="125"><net_src comp="115" pin="2"/><net_sink comp="121" pin=0"/></net>

<net id="129"><net_src comp="54" pin="1"/><net_sink comp="126" pin=0"/></net>

<net id="130"><net_src comp="126" pin="1"/><net_sink comp="94" pin=1"/></net>

<net id="131"><net_src comp="126" pin="1"/><net_sink comp="99" pin=0"/></net>

<net id="132"><net_src comp="126" pin="1"/><net_sink comp="121" pin=1"/></net>

<net id="136"><net_src comp="58" pin="2"/><net_sink comp="133" pin=0"/></net>

<net id="137"><net_src comp="133" pin="1"/><net_sink comp="82" pin=1"/></net>

<net id="141"><net_src comp="64" pin="2"/><net_sink comp="138" pin=0"/></net>

<net id="142"><net_src comp="138" pin="1"/><net_sink comp="110" pin=1"/></net>

<net id="146"><net_src comp="70" pin="2"/><net_sink comp="143" pin=0"/></net>

<net id="147"><net_src comp="143" pin="1"/><net_sink comp="82" pin=5"/></net>

<net id="151"><net_src comp="76" pin="2"/><net_sink comp="148" pin=0"/></net>

<net id="152"><net_src comp="148" pin="1"/><net_sink comp="82" pin=4"/></net>

<net id="156"><net_src comp="102" pin="1"/><net_sink comp="153" pin=0"/></net>

<net id="157"><net_src comp="153" pin="1"/><net_sink comp="82" pin=3"/></net>

</net_list>

</model> 
---------------- Datapath Model END ------------------

* FSMD analyzer results:
  - Output states:
	Port: gain_out_data215 | {3 4 }
 - Input state : 
	Port: gaincontrol<3, 13, 1080, 1920, 1, 3, 3> : p_read | {1 }
	Port: gaincontrol<3, 13, 1080, 1920, 1, 3, 3> : p_read1 | {1 }
	Port: gaincontrol<3, 13, 1080, 1920, 1, 3, 3> : imgInput2_data214 | {3 4 }
	Port: gaincontrol<3, 13, 1080, 1920, 1, 3, 3> : rgain | {1 }
	Port: gaincontrol<3, 13, 1080, 1920, 1, 3, 3> : bgain | {1 }
  - Chain level:
	State 1
		store_ln88 : 1
	State 2
		trunc_ln1027 : 1
		zext_ln1027 : 1
		icmp_ln1027 : 2
		i_V_6 : 1
		br_ln88 : 3
		store_ln88 : 2
	State 3
	State 4


============================================================
+ Verbose Summary: Datapath Resource usage 
============================================================

* Functional unit list:
|----------|-------------------------------------------------------------|---------|---------|---------|---------|
| Operation|                       Functional Unit                       |   DSP   |  Delay  |    FF   |   LUT   |
|----------|-------------------------------------------------------------|---------|---------|---------|---------|
|   call   | grp_gaincontrol_3_13_1080_1920_1_3_3_Pipeline_ColLoop_fu_82 |    2    |  0.854  |   114   |   117   |
|----------|-------------------------------------------------------------|---------|---------|---------|---------|
|    add   |                         i_V_6_fu_115                        |    0    |    0    |    0    |    20   |
|----------|-------------------------------------------------------------|---------|---------|---------|---------|
|   icmp   |                      icmp_ln1027_fu_110                     |    0    |    0    |    0    |    13   |
|----------|-------------------------------------------------------------|---------|---------|---------|---------|
|          |                     p_read13_read_fu_58                     |    0    |    0    |    0    |    0    |
|   read   |                     p_read_20_read_fu_64                    |    0    |    0    |    0    |    0    |
|          |                    bgain_read_read_fu_70                    |    0    |    0    |    0    |    0    |
|          |                    rgain_read_read_fu_76                    |    0    |    0    |    0    |    0    |
|----------|-------------------------------------------------------------|---------|---------|---------|---------|
|   trunc  |                     trunc_ln1027_fu_102                     |    0    |    0    |    0    |    0    |
|----------|-------------------------------------------------------------|---------|---------|---------|---------|
|   zext   |                      zext_ln1027_fu_106                     |    0    |    0    |    0    |    0    |
|----------|-------------------------------------------------------------|---------|---------|---------|---------|
|   Total  |                                                             |    2    |  0.854  |   114   |   150   |
|----------|-------------------------------------------------------------|---------|---------|---------|---------|

Memories:
N/A

* Register list:
+--------------------+--------+
|                    |   FF   |
+--------------------+--------+
| bgain_read_reg_143 |   16   |
|     i_V_reg_126    |   13   |
|  p_read13_reg_133  |   16   |
|  p_read_20_reg_138 |   16   |
| rgain_read_reg_148 |   16   |
|trunc_ln1027_reg_153|    1   |
+--------------------+--------+
|        Total       |   78   |
+--------------------+--------+

* Multiplexer (MUX) list: 
|--------|------|------|------|--------|
|  Comp  |  Pin | Size |  BW  | S x BW |
|--------|------|------|------|--------|
|  Total |      |      |      |    0   |
|--------|------|------|------|--------|



* Summary:
+-----------+--------+--------+--------+--------+
|           |   DSP  |  Delay |   FF   |   LUT  |
+-----------+--------+--------+--------+--------+
|  Function |    2   |    0   |   114  |   150  |
|   Memory  |    -   |    -   |    -   |    -   |
|Multiplexer|    -   |    -   |    -   |    -   |
|  Register |    -   |    -   |   78   |    -   |
+-----------+--------+--------+--------+--------+
|   Total   |    2   |    0   |   192  |   150  |
+-----------+--------+--------+--------+--------+
