

================================================================
== Vitis HLS Report for 'gaincontrol_3_13_1080_1920_1_3_3_Pipeline_ColLoop'
================================================================
* Date:           Thu Mar  5 08:42:53 2026

* Version:        2022.2 (Build 3670227 on Oct 13 2022)
* Project:        isppipeline.prj
* Solution:       sol1 (Vivado IP Flow Target)
* Product family: zynquplus
* Target device:  xck26-sfvc784-2LV-c


================================================================
== Performance Estimates
================================================================
+ Timing: 
    * Summary: 
    +--------+---------+----------+------------+
    |  Clock |  Target | Estimated| Uncertainty|
    +--------+---------+----------+------------+
    |ap_clk  |  3.30 ns|  1.739 ns|     0.89 ns|
    +--------+---------+----------+------------+

+ Latency: 
    * Summary: 
    +---------+---------+----------+----------+------+------+---------+
    |  Latency (cycles) |  Latency (absolute) |   Interval  | Pipeline|
    |   min   |   max   |    min   |    max   |  min |  max |   Type  |
    +---------+---------+----------+----------+------+------+---------+
    |     1926|     1926|  6.356 us|  6.356 us|  1926|  1926|       no|
    +---------+---------+----------+----------+------+------+---------+

    + Detail: 
        * Instance: 
        N/A

        * Loop: 
        +-----------+---------+---------+----------+-----------+-----------+------+----------+
        |           |  Latency (cycles) | Iteration|  Initiation Interval  | Trip |          |
        | Loop Name |   min   |   max   |  Latency |  achieved |   target  | Count| Pipelined|
        +-----------+---------+---------+----------+-----------+-----------+------+----------+
        |- ColLoop  |     1924|     1924|         6|          1|          1|  1920|       yes|
        +-----------+---------+---------+----------+-----------+-----------+------+----------+

============================================================
+ Verbose Summary: Synthesis Manager
============================================================
InlineROM: 1
ExposeGlobal: 0
============================================================
+ Verbose Summary: CDFG Model
============================================================
IsTopModel: 0
ResetActiveHigh: 1
IsCombinational: 0
IsDatapathOnly: 0
HasWiredReturn: 1
HasMFsm: 2
HasVarLatency: 1
IsPipeline: 0
IsRtlPipelined: 0
IsInstanceOverlapped: 0
IsDontTouch: 0
HasImplIP: 0
IsGatedGlobalClock: 0

+ Individual pipeline summary: 
  * Pipeline-0: initiation interval (II) = 1, depth = 6


============================================================
+ Verbose Summary: Schedule
============================================================
* Number of FSM states : 6
* Pipeline : 1
  Pipeline-0 : II = 1, D = 6, States = { 1 2 3 4 5 6 }
* Dataflow Pipeline: 0

* FSM state transitions: 
1 --> 2 
2 --> 3 
3 --> 4 
4 --> 5 
5 --> 6 
6 --> 

* FSM state operations: 

State 1 <SV = 0> <Delay = 1.52>
ST_1 : Operation 9 [1/1] (0.00ns)   --->   "%j_V = alloca i32 1"   --->   Operation 9 'alloca' 'j_V' <Predicate = true> <Delay = 0.00>
ST_1 : Operation 10 [1/1] (0.00ns)   --->   "%conv3_i11_i_i152_i_read = read i16 @_ssdm_op_Read.ap_auto.i16, i16 %conv3_i11_i_i152_i"   --->   Operation 10 'read' 'conv3_i11_i_i152_i_read' <Predicate = true> <Delay = 0.00>
ST_1 : Operation 11 [1/1] (0.00ns)   --->   "%conv3_i11_i_i214_i_read = read i16 @_ssdm_op_Read.ap_auto.i16, i16 %conv3_i11_i_i214_i"   --->   Operation 11 'read' 'conv3_i11_i_i214_i_read' <Predicate = true> <Delay = 0.00>
ST_1 : Operation 12 [1/1] (0.00ns)   --->   "%trunc_ln_read = read i1 @_ssdm_op_Read.ap_auto.i1, i1 %trunc_ln"   --->   Operation 12 'read' 'trunc_ln_read' <Predicate = true> <Delay = 0.00>
ST_1 : Operation 13 [1/1] (0.00ns)   --->   "%p_read13 = read i16 @_ssdm_op_Read.ap_auto.i16, i16 %p_read1"   --->   Operation 13 'read' 'p_read13' <Predicate = true> <Delay = 0.00>
ST_1 : Operation 14 [1/1] (0.00ns)   --->   "%conv3_i11_i_i152_i_cast = zext i16 %conv3_i11_i_i152_i_read"   --->   Operation 14 'zext' 'conv3_i11_i_i152_i_cast' <Predicate = true> <Delay = 0.00>
ST_1 : Operation 15 [1/1] (0.00ns)   --->   "%conv3_i11_i_i214_i_cast = zext i16 %conv3_i11_i_i214_i_read"   --->   Operation 15 'zext' 'conv3_i11_i_i214_i_cast' <Predicate = true> <Delay = 0.00>
ST_1 : Operation 16 [1/1] (0.00ns)   --->   "%specinterface_ln0 = specinterface void @_ssdm_op_SpecInterface, i10 %imgInput2_data214, void @empty_26, i32 0, i32 0, void @empty_32, i32 0, i32 0, void @empty_32, void @empty_32, void @empty_32, i32 0, i32 0, i32 0, i32 0, void @empty_32, void @empty_32, i32 4294967295, i32 0"   --->   Operation 16 'specinterface' 'specinterface_ln0' <Predicate = true> <Delay = 0.00>
ST_1 : Operation 17 [1/1] (0.00ns)   --->   "%specinterface_ln0 = specinterface void @_ssdm_op_SpecInterface, i10 %gain_out_data215, void @empty_26, i32 0, i32 0, void @empty_32, i32 0, i32 0, void @empty_32, void @empty_32, void @empty_32, i32 0, i32 0, i32 0, i32 0, void @empty_32, void @empty_32, i32 4294967295, i32 0"   --->   Operation 17 'specinterface' 'specinterface_ln0' <Predicate = true> <Delay = 0.00>
ST_1 : Operation 18 [1/1] (0.42ns)   --->   "%store_ln0 = store i13 0, i13 %j_V"   --->   Operation 18 'store' 'store_ln0' <Predicate = true> <Delay = 0.42>
ST_1 : Operation 19 [1/1] (0.00ns)   --->   "%br_ln0 = br void %for.body11.i"   --->   Operation 19 'br' 'br_ln0' <Predicate = true> <Delay = 0.00>
ST_1 : Operation 20 [1/1] (0.00ns)   --->   "%j_V_3 = load i13 %j_V"   --->   Operation 20 'load' 'j_V_3' <Predicate = true> <Delay = 0.00>
ST_1 : Operation 21 [1/1] (0.00ns)   --->   "%zext_ln1027 = zext i13 %j_V_3"   --->   Operation 21 'zext' 'zext_ln1027' <Predicate = true> <Delay = 0.00>
ST_1 : Operation 22 [1/1] (1.10ns)   --->   "%icmp_ln1027 = icmp_ult  i16 %zext_ln1027, i16 %p_read13"   --->   Operation 22 'icmp' 'icmp_ln1027' <Predicate = true> <Delay = 1.10> <CoreInst = "Cmp">   --->   Core 9 'Cmp' <Latency = 0> <II = 1> <Delay = 1.10> <FuncUnit> <Opcode : 'icmp'> <InPorts = 2> <OutPorts = 1>
ST_1 : Operation 23 [1/1] (0.82ns)   --->   "%j_V_4 = add i13 %j_V_3, i13 1"   --->   Operation 23 'add' 'j_V_4' <Predicate = true> <Delay = 0.82> <CoreInst = "Adder">   --->   Core 1 'Adder' <Latency = 0> <II = 1> <Delay = 0.82> <FuncUnit> <Opcode : 'add' 'sub'> <InPorts = 2> <OutPorts = 1>
ST_1 : Operation 24 [1/1] (0.00ns)   --->   "%br_ln92 = br i1 %icmp_ln1027, void %for.inc56.i.loopexit.exitStub, void %for.body11.i.split_ifconv" [../../../../../overlays/Vitis_Libraries/vision//L1/include/imgproc/xf_gaincontrol.hpp:92]   --->   Operation 24 'br' 'br_ln92' <Predicate = true> <Delay = 0.00>
ST_1 : Operation 25 [1/1] (0.00ns)   --->   "%trunc_ln1027 = trunc i13 %j_V_3"   --->   Operation 25 'trunc' 'trunc_ln1027' <Predicate = (icmp_ln1027)> <Delay = 0.00>
ST_1 : Operation 26 [1/1] (0.42ns)   --->   "%store_ln92 = store i13 %j_V_4, i13 %j_V" [../../../../../overlays/Vitis_Libraries/vision//L1/include/imgproc/xf_gaincontrol.hpp:92]   --->   Operation 26 'store' 'store_ln92' <Predicate = (icmp_ln1027)> <Delay = 0.42>

State 2 <SV = 1> <Delay = 1.73>
ST_2 : Operation 27 [1/1] (1.20ns)   --->   "%pxl_pack1_V = read i10 @_ssdm_op_Read.ap_fifo.volatile.i10P0A, i10 %imgInput2_data214" [../../../../../overlays/Vitis_Libraries/vision//L1/include/common/xf_structs.hpp:542]   --->   Operation 27 'read' 'pxl_pack1_V' <Predicate = true> <Delay = 1.20> <CoreInst = "FIFO_SRL">   --->   Core 81 'FIFO_SRL' <Latency = 0> <II = 1> <Delay = 1.83> <Storage> <Opcode : 'read' 'write' 'nbread' 'nbwrite'> <Ports = 0> <Width = 10> <Depth = 3> <FIFO>
ST_2 : Operation 28 [1/1] (0.00ns)   --->   "%zext_ln186 = zext i10 %pxl_pack1_V"   --->   Operation 28 'zext' 'zext_ln186' <Predicate = true> <Delay = 0.00>
ST_2 : Operation 29 [4/4] (0.53ns) (root node of the DSP)   --->   "%ret_V = mul i26 %conv3_i11_i_i214_i_cast, i26 %zext_ln186"   --->   Operation 29 'mul' 'ret_V' <Predicate = true> <Delay = 0.53> <CoreInst = "DSP48">   --->   Core 127 'DSP48' <Latency = 3> <II = 1> <Delay = 0.53> <IPBlock> <Opcode : 'mul' 'add' 'sub' 'select'> <InPorts = 0> <OutPorts = 1> <Sync> <CReg>
ST_2 : Operation 30 [4/4] (0.53ns) (root node of the DSP)   --->   "%ret_V_39 = mul i26 %conv3_i11_i_i152_i_cast, i26 %zext_ln186"   --->   Operation 30 'mul' 'ret_V_39' <Predicate = true> <Delay = 0.53> <CoreInst = "DSP48">   --->   Core 127 'DSP48' <Latency = 3> <II = 1> <Delay = 0.53> <IPBlock> <Opcode : 'mul' 'add' 'sub' 'select'> <InPorts = 0> <OutPorts = 1> <Sync> <CReg>

State 3 <SV = 2> <Delay = 0.53>
ST_3 : Operation 31 [3/4] (0.53ns) (root node of the DSP)   --->   "%ret_V = mul i26 %conv3_i11_i_i214_i_cast, i26 %zext_ln186"   --->   Operation 31 'mul' 'ret_V' <Predicate = true> <Delay = 0.53> <CoreInst = "DSP48">   --->   Core 127 'DSP48' <Latency = 3> <II = 1> <Delay = 0.53> <IPBlock> <Opcode : 'mul' 'add' 'sub' 'select'> <InPorts = 0> <OutPorts = 1> <Sync> <CReg>
ST_3 : Operation 32 [3/4] (0.53ns) (root node of the DSP)   --->   "%ret_V_39 = mul i26 %conv3_i11_i_i152_i_cast, i26 %zext_ln186"   --->   Operation 32 'mul' 'ret_V_39' <Predicate = true> <Delay = 0.53> <CoreInst = "DSP48">   --->   Core 127 'DSP48' <Latency = 3> <II = 1> <Delay = 0.53> <IPBlock> <Opcode : 'mul' 'add' 'sub' 'select'> <InPorts = 0> <OutPorts = 1> <Sync> <CReg>

State 4 <SV = 3> <Delay = 0.53>
ST_4 : Operation 33 [2/4] (0.53ns) (root node of the DSP)   --->   "%ret_V = mul i26 %conv3_i11_i_i214_i_cast, i26 %zext_ln186"   --->   Operation 33 'mul' 'ret_V' <Predicate = true> <Delay = 0.53> <CoreInst = "DSP48">   --->   Core 127 'DSP48' <Latency = 3> <II = 1> <Delay = 0.53> <IPBlock> <Opcode : 'mul' 'add' 'sub' 'select'> <InPorts = 0> <OutPorts = 1> <Sync> <CReg>
ST_4 : Operation 34 [2/4] (0.53ns) (root node of the DSP)   --->   "%ret_V_39 = mul i26 %conv3_i11_i_i152_i_cast, i26 %zext_ln186"   --->   Operation 34 'mul' 'ret_V_39' <Predicate = true> <Delay = 0.53> <CoreInst = "DSP48">   --->   Core 127 'DSP48' <Latency = 3> <II = 1> <Delay = 0.53> <IPBlock> <Opcode : 'mul' 'add' 'sub' 'select'> <InPorts = 0> <OutPorts = 1> <Sync> <CReg>

State 5 <SV = 4> <Delay = 1.68>
ST_5 : Operation 35 [1/1] (0.00ns) (grouped into LUT with out node t_V_2)   --->   "%or_ln114 = or i1 %trunc_ln1027, i1 %trunc_ln_read" [../../../../../overlays/Vitis_Libraries/vision//L1/include/imgproc/xf_gaincontrol.hpp:114]   --->   Operation 35 'or' 'or_ln114' <Predicate = true> <Delay = 0.00> <CoreInst = "LogicGate">   --->   Core 74 'LogicGate' <Latency = 0> <II = 1> <Delay = 0.28> <FuncUnit> <Opcode : 'and' 'or' 'xor'> <InPorts = 2> <OutPorts = 1>
ST_5 : Operation 36 [1/4] (0.00ns) (root node of the DSP)   --->   "%ret_V = mul i26 %conv3_i11_i_i214_i_cast, i26 %zext_ln186"   --->   Operation 36 'mul' 'ret_V' <Predicate = true> <Delay = 0.00> <CoreInst = "DSP48">   --->   Core 127 'DSP48' <Latency = 3> <II = 1> <Delay = 0.53> <IPBlock> <Opcode : 'mul' 'add' 'sub' 'select'> <InPorts = 0> <OutPorts = 1> <Sync> <CReg>
ST_5 : Operation 37 [1/1] (0.00ns)   --->   "%tmp = partselect i9 @_ssdm_op_PartSelect.i9.i26.i32.i32, i26 %ret_V, i32 17, i32 25" [../../../../../overlays/Vitis_Libraries/vision//L1/include/imgproc/xf_gaincontrol.hpp:47]   --->   Operation 37 'partselect' 'tmp' <Predicate = true> <Delay = 0.00>
ST_5 : Operation 38 [1/1] (0.88ns)   --->   "%icmp_ln47 = icmp_ne  i9 %tmp, i9 0" [../../../../../overlays/Vitis_Libraries/vision//L1/include/imgproc/xf_gaincontrol.hpp:47]   --->   Operation 38 'icmp' 'icmp_ln47' <Predicate = true> <Delay = 0.88> <CoreInst = "Cmp">   --->   Core 9 'Cmp' <Latency = 0> <II = 1> <Delay = 0.88> <FuncUnit> <Opcode : 'icmp'> <InPorts = 2> <OutPorts = 1>
ST_5 : Operation 39 [1/1] (0.00ns) (grouped into LUT with out node t_V_2)   --->   "%trunc_ln9 = partselect i10 @_ssdm_op_PartSelect.i10.i26.i32.i32, i26 %ret_V, i32 7, i32 16"   --->   Operation 39 'partselect' 'trunc_ln9' <Predicate = true> <Delay = 0.00>
ST_5 : Operation 40 [1/1] (0.00ns) (grouped into LUT with out node t_V_2)   --->   "%t_V = select i1 %icmp_ln47, i10 1023, i10 %trunc_ln9"   --->   Operation 40 'select' 't_V' <Predicate = true> <Delay = 0.00> <CoreInst = "Sel">   --->   Core 73 'Sel' <Latency = 0> <II = 1> <Delay = 0.40> <FuncUnit> <Opcode : 'select'> <InPorts = 3> <OutPorts = 1>
ST_5 : Operation 41 [1/4] (0.00ns) (root node of the DSP)   --->   "%ret_V_39 = mul i26 %conv3_i11_i_i152_i_cast, i26 %zext_ln186"   --->   Operation 41 'mul' 'ret_V_39' <Predicate = true> <Delay = 0.00> <CoreInst = "DSP48">   --->   Core 127 'DSP48' <Latency = 3> <II = 1> <Delay = 0.53> <IPBlock> <Opcode : 'mul' 'add' 'sub' 'select'> <InPorts = 0> <OutPorts = 1> <Sync> <CReg>
ST_5 : Operation 42 [1/1] (0.00ns)   --->   "%tmp_45 = partselect i9 @_ssdm_op_PartSelect.i9.i26.i32.i32, i26 %ret_V_39, i32 17, i32 25" [../../../../../overlays/Vitis_Libraries/vision//L1/include/imgproc/xf_gaincontrol.hpp:47]   --->   Operation 42 'partselect' 'tmp_45' <Predicate = true> <Delay = 0.00>
ST_5 : Operation 43 [1/1] (0.88ns)   --->   "%icmp_ln47_1 = icmp_ne  i9 %tmp_45, i9 0" [../../../../../overlays/Vitis_Libraries/vision//L1/include/imgproc/xf_gaincontrol.hpp:47]   --->   Operation 43 'icmp' 'icmp_ln47_1' <Predicate = true> <Delay = 0.88> <CoreInst = "Cmp">   --->   Core 9 'Cmp' <Latency = 0> <II = 1> <Delay = 0.88> <FuncUnit> <Opcode : 'icmp'> <InPorts = 2> <OutPorts = 1>
ST_5 : Operation 44 [1/1] (0.00ns) (grouped into LUT with out node t_V_4)   --->   "%trunc_ln214_3 = partselect i10 @_ssdm_op_PartSelect.i10.i26.i32.i32, i26 %ret_V_39, i32 7, i32 16"   --->   Operation 44 'partselect' 'trunc_ln214_3' <Predicate = true> <Delay = 0.00>
ST_5 : Operation 45 [1/1] (0.00ns) (grouped into LUT with out node t_V_4)   --->   "%t_V_1 = select i1 %icmp_ln47_1, i10 1023, i10 %trunc_ln214_3"   --->   Operation 45 'select' 't_V_1' <Predicate = true> <Delay = 0.00> <CoreInst = "Sel">   --->   Core 73 'Sel' <Latency = 0> <II = 1> <Delay = 0.40> <FuncUnit> <Opcode : 'select'> <InPorts = 3> <OutPorts = 1>
ST_5 : Operation 46 [1/1] (0.40ns) (out node of the LUT)   --->   "%t_V_2 = select i1 %or_ln114, i10 %pxl_pack1_V, i10 %t_V" [../../../../../overlays/Vitis_Libraries/vision//L1/include/imgproc/xf_gaincontrol.hpp:114]   --->   Operation 46 'select' 't_V_2' <Predicate = true> <Delay = 0.40> <CoreInst = "Sel">   --->   Core 73 'Sel' <Latency = 0> <II = 1> <Delay = 0.40> <FuncUnit> <Opcode : 'select'> <InPorts = 3> <OutPorts = 1>
ST_5 : Operation 47 [1/1] (0.00ns) (grouped into LUT with out node t_V_4)   --->   "%and_ln118 = and i1 %trunc_ln_read, i1 %trunc_ln1027" [../../../../../overlays/Vitis_Libraries/vision//L1/include/imgproc/xf_gaincontrol.hpp:118]   --->   Operation 47 'and' 'and_ln118' <Predicate = true> <Delay = 0.00> <CoreInst = "LogicGate">   --->   Core 74 'LogicGate' <Latency = 0> <II = 1> <Delay = 0.28> <FuncUnit> <Opcode : 'and' 'or' 'xor'> <InPorts = 2> <OutPorts = 1>
ST_5 : Operation 48 [1/1] (0.40ns) (out node of the LUT)   --->   "%t_V_4 = select i1 %and_ln118, i10 %t_V_1, i10 %t_V_2" [../../../../../overlays/Vitis_Libraries/vision//L1/include/imgproc/xf_gaincontrol.hpp:118]   --->   Operation 48 'select' 't_V_4' <Predicate = true> <Delay = 0.40> <CoreInst = "Sel">   --->   Core 73 'Sel' <Latency = 0> <II = 1> <Delay = 0.40> <FuncUnit> <Opcode : 'select'> <InPorts = 3> <OutPorts = 1>
ST_5 : Operation 54 [1/1] (0.00ns)   --->   "%ret_ln0 = ret"   --->   Operation 54 'ret' 'ret_ln0' <Predicate = (!icmp_ln1027)> <Delay = 0.00>

State 6 <SV = 5> <Delay = 1.20>
ST_6 : Operation 49 [1/1] (0.00ns)   --->   "%specpipeline_ln94 = specpipeline void @_ssdm_op_SpecPipeline, i32 4294967295, i32 0, i32 0, i32 0, void @empty_32" [../../../../../overlays/Vitis_Libraries/vision//L1/include/imgproc/xf_gaincontrol.hpp:94]   --->   Operation 49 'specpipeline' 'specpipeline_ln94' <Predicate = true> <Delay = 0.00>
ST_6 : Operation 50 [1/1] (0.00ns)   --->   "%speclooptripcount_ln93 = speclooptripcount void @_ssdm_op_SpecLoopTripCount, i64 1920, i64 1920, i64 1920" [../../../../../overlays/Vitis_Libraries/vision//L1/include/imgproc/xf_gaincontrol.hpp:93]   --->   Operation 50 'speclooptripcount' 'speclooptripcount_ln93' <Predicate = true> <Delay = 0.00>
ST_6 : Operation 51 [1/1] (0.00ns)   --->   "%specloopname_ln81 = specloopname void @_ssdm_op_SpecLoopName, void @empty_7" [../../../../../overlays/Vitis_Libraries/vision//L1/include/imgproc/xf_gaincontrol.hpp:81]   --->   Operation 51 'specloopname' 'specloopname_ln81' <Predicate = true> <Delay = 0.00>
ST_6 : Operation 52 [1/1] (1.20ns)   --->   "%write_ln553 = write void @_ssdm_op_Write.ap_fifo.volatile.i10P0A, i10 %gain_out_data215, i10 %t_V_4" [../../../../../overlays/Vitis_Libraries/vision//L1/include/common/xf_structs.hpp:553]   --->   Operation 52 'write' 'write_ln553' <Predicate = true> <Delay = 1.20> <CoreInst = "FIFO_SRL">   --->   Core 81 'FIFO_SRL' <Latency = 0> <II = 1> <Delay = 1.83> <Storage> <Opcode : 'read' 'write' 'nbread' 'nbwrite'> <Ports = 0> <Width = 10> <Depth = 3> <FIFO>
ST_6 : Operation 53 [1/1] (0.00ns)   --->   "%br_ln92 = br void %for.body11.i" [../../../../../overlays/Vitis_Libraries/vision//L1/include/imgproc/xf_gaincontrol.hpp:92]   --->   Operation 53 'br' 'br_ln92' <Predicate = true> <Delay = 0.00>


============================================================
+ Verbose Summary: Binding
============================================================
STG Binding: 
---------------- STG Properties BEGIN ----------------
- Is combinational: 0
- Is one-state seq: 0
- Is datapath-only: 0
- Is pipelined: 0
- Is top level: 0
Port [ Return ] is wired: 1; IO mode=ap_ctrl_hs:ce=0
Port [ p_read1]:  wired=1; compound=0; hidden=0; nouse=0; global=0; static=0; extern=0; dir=0; type=0; pingpong=0; private_global=0; IO mode=ap_none:ce=0
Port [ imgInput2_data214]:  wired=1; compound=1; hidden=0; nouse=0; global=0; static=0; extern=0; dir=0; type=3; pingpong=0; private_global=0; IO mode=ap_fifo:ce=0
Port [ trunc_ln]:  wired=1; compound=0; hidden=0; nouse=0; global=0; static=0; extern=0; dir=0; type=0; pingpong=0; private_global=0; IO mode=ap_none:ce=0
Port [ conv3_i11_i_i214_i]:  wired=1; compound=0; hidden=0; nouse=0; global=0; static=0; extern=0; dir=0; type=0; pingpong=0; private_global=0; IO mode=ap_none:ce=0
Port [ conv3_i11_i_i152_i]:  wired=1; compound=0; hidden=0; nouse=0; global=0; static=0; extern=0; dir=0; type=0; pingpong=0; private_global=0; IO mode=ap_none:ce=0
Port [ gain_out_data215]:  wired=1; compound=1; hidden=0; nouse=0; global=0; static=0; extern=0; dir=1; type=3; pingpong=0; private_global=0; IO mode=ap_fifo:ce=0
---------------- STG Properties END ------------------

---------------- Datapath Model BEGIN ----------------

<LifeTime>
<method=bitvector/>
j_V                     (alloca           ) [ 0100000]
conv3_i11_i_i152_i_read (read             ) [ 0000000]
conv3_i11_i_i214_i_read (read             ) [ 0000000]
trunc_ln_read           (read             ) [ 0111110]
p_read13                (read             ) [ 0000000]
conv3_i11_i_i152_i_cast (zext             ) [ 0111110]
conv3_i11_i_i214_i_cast (zext             ) [ 0111110]
specinterface_ln0       (specinterface    ) [ 0000000]
specinterface_ln0       (specinterface    ) [ 0000000]
store_ln0               (store            ) [ 0000000]
br_ln0                  (br               ) [ 0000000]
j_V_3                   (load             ) [ 0000000]
zext_ln1027             (zext             ) [ 0000000]
icmp_ln1027             (icmp             ) [ 0111110]
j_V_4                   (add              ) [ 0000000]
br_ln92                 (br               ) [ 0000000]
trunc_ln1027            (trunc            ) [ 0111110]
store_ln92              (store            ) [ 0000000]
pxl_pack1_V             (read             ) [ 0101110]
zext_ln186              (zext             ) [ 0101110]
or_ln114                (or               ) [ 0000000]
ret_V                   (mul              ) [ 0000000]
tmp                     (partselect       ) [ 0000000]
icmp_ln47               (icmp             ) [ 0000000]
trunc_ln9               (partselect       ) [ 0000000]
t_V                     (select           ) [ 0000000]
ret_V_39                (mul              ) [ 0000000]
tmp_45                  (partselect       ) [ 0000000]
icmp_ln47_1             (icmp             ) [ 0000000]
trunc_ln214_3           (partselect       ) [ 0000000]
t_V_1                   (select           ) [ 0000000]
t_V_2                   (select           ) [ 0000000]
and_ln118               (and              ) [ 0000000]
t_V_4                   (select           ) [ 0100001]
specpipeline_ln94       (specpipeline     ) [ 0000000]
speclooptripcount_ln93  (speclooptripcount) [ 0000000]
specloopname_ln81       (specloopname     ) [ 0000000]
write_ln553             (write            ) [ 0000000]
br_ln92                 (br               ) [ 0000000]
ret_ln0                 (ret              ) [ 0000000]
</LifeTime>

<model>

<comp_list>
<comp id="0" class="1000" name="p_read1">
<pin_list>
<pin id="1" dir="1" index="0" bw="1" slack="0"/>
</pin_list>
<bind>
<StgValue><ssdm name="p_read1"/></StgValue>
</bind>
</comp>

<comp id="2" class="1000" name="imgInput2_data214">
<pin_list>
<pin id="3" dir="1" index="0" bw="1" slack="0"/>
</pin_list>
<bind>
<StgValue><ssdm name="imgInput2_data214"/></StgValue>
</bind>
</comp>

<comp id="4" class="1000" name="trunc_ln">
<pin_list>
<pin id="5" dir="1" index="0" bw="1" slack="0"/>
</pin_list>
<bind>
<StgValue><ssdm name="trunc_ln"/></StgValue>
</bind>
</comp>

<comp id="6" class="1000" name="conv3_i11_i_i214_i">
<pin_list>
<pin id="7" dir="1" index="0" bw="1" slack="0"/>
</pin_list>
<bind>
<StgValue><ssdm name="conv3_i11_i_i214_i"/></StgValue>
</bind>
</comp>

<comp id="8" class="1000" name="conv3_i11_i_i152_i">
<pin_list>
<pin id="9" dir="1" index="0" bw="1" slack="0"/>
</pin_list>
<bind>
<StgValue><ssdm name="conv3_i11_i_i152_i"/></StgValue>
</bind>
</comp>

<comp id="10" class="1000" name="gain_out_data215">
<pin_list>
<pin id="11" dir="1" index="0" bw="1" slack="0"/>
</pin_list>
<bind>
<StgValue><ssdm name="gain_out_data215"/></StgValue>
</bind>
</comp>

<comp id="12" class="1001" name="const_12">
<pin_list>
<pin id="13" dir="1" index="0" bw="1" slack="0"/>
</pin_list>
<bind>
<StgValue><ssdm name=""/></StgValue>
</bind>
</comp>

<comp id="14" class="1001" name="const_14">
<pin_list>
<pin id="15" dir="1" index="0" bw="1" slack="0"/>
</pin_list>
<bind>
<StgValue><ssdm name="_ssdm_op_Read.ap_auto.i16"/></StgValue>
</bind>
</comp>

<comp id="16" class="1001" name="const_16">
<pin_list>
<pin id="17" dir="1" index="0" bw="1" slack="0"/>
</pin_list>
<bind>
<StgValue><ssdm name="_ssdm_op_Read.ap_auto.i1"/></StgValue>
</bind>
</comp>

<comp id="18" class="1001" name="const_18">
<pin_list>
<pin id="19" dir="1" index="0" bw="1" slack="2147483647"/>
</pin_list>
<bind>
<StgValue><ssdm name="_ssdm_op_SpecInterface"/></StgValue>
</bind>
</comp>

<comp id="20" class="1001" name="const_20">
<pin_list>
<pin id="21" dir="1" index="0" bw="1" slack="2147483647"/>
</pin_list>
<bind>
<StgValue><ssdm name="empty_26"/></StgValue>
</bind>
</comp>

<comp id="22" class="1001" name="const_22">
<pin_list>
<pin id="23" dir="1" index="0" bw="1" slack="2147483647"/>
</pin_list>
<bind>
<StgValue><ssdm name=""/></StgValue>
</bind>
</comp>

<comp id="24" class="1001" name="const_24">
<pin_list>
<pin id="25" dir="1" index="0" bw="1" slack="2147483647"/>
</pin_list>
<bind>
<StgValue><ssdm name="empty_32"/></StgValue>
</bind>
</comp>

<comp id="26" class="1001" name="const_26">
<pin_list>
<pin id="27" dir="1" index="0" bw="1" slack="2147483647"/>
</pin_list>
<bind>
<StgValue><ssdm name=""/></StgValue>
</bind>
</comp>

<comp id="28" class="1001" name="const_28">
<pin_list>
<pin id="29" dir="1" index="0" bw="1" slack="0"/>
</pin_list>
<bind>
<StgValue><ssdm name=""/></StgValue>
</bind>
</comp>

<comp id="30" class="1001" name="const_30">
<pin_list>
<pin id="31" dir="1" index="0" bw="1" slack="0"/>
</pin_list>
<bind>
<StgValue><ssdm name=""/></StgValue>
</bind>
</comp>

<comp id="32" class="1001" name="const_32">
<pin_list>
<pin id="33" dir="1" index="0" bw="1" slack="0"/>
</pin_list>
<bind>
<StgValue><ssdm name="_ssdm_op_Read.ap_fifo.volatile.i10P0A"/></StgValue>
</bind>
</comp>

<comp id="34" class="1001" name="const_34">
<pin_list>
<pin id="35" dir="1" index="0" bw="1" slack="0"/>
</pin_list>
<bind>
<StgValue><ssdm name="_ssdm_op_PartSelect.i9.i26.i32.i32"/></StgValue>
</bind>
</comp>

<comp id="36" class="1001" name="const_36">
<pin_list>
<pin id="37" dir="1" index="0" bw="1" slack="0"/>
</pin_list>
<bind>
<StgValue><ssdm name=""/></StgValue>
</bind>
</comp>

<comp id="38" class="1001" name="const_38">
<pin_list>
<pin id="39" dir="1" index="0" bw="1" slack="0"/>
</pin_list>
<bind>
<StgValue><ssdm name=""/></StgValue>
</bind>
</comp>

<comp id="40" class="1001" name="const_40">
<pin_list>
<pin id="41" dir="1" index="0" bw="1" slack="0"/>
</pin_list>
<bind>
<StgValue><ssdm name=""/></StgValue>
</bind>
</comp>

<comp id="42" class="1001" name="const_42">
<pin_list>
<pin id="43" dir="1" index="0" bw="1" slack="0"/>
</pin_list>
<bind>
<StgValue><ssdm name="_ssdm_op_PartSelect.i10.i26.i32.i32"/></StgValue>
</bind>
</comp>

<comp id="44" class="1001" name="const_44">
<pin_list>
<pin id="45" dir="1" index="0" bw="1" slack="0"/>
</pin_list>
<bind>
<StgValue><ssdm name=""/></StgValue>
</bind>
</comp>

<comp id="46" class="1001" name="const_46">
<pin_list>
<pin id="47" dir="1" index="0" bw="1" slack="0"/>
</pin_list>
<bind>
<StgValue><ssdm name=""/></StgValue>
</bind>
</comp>

<comp id="48" class="1001" name="const_48">
<pin_list>
<pin id="49" dir="1" index="0" bw="1" slack="0"/>
</pin_list>
<bind>
<StgValue><ssdm name=""/></StgValue>
</bind>
</comp>

<comp id="50" class="1001" name="const_50">
<pin_list>
<pin id="51" dir="1" index="0" bw="1" slack="2147483647"/>
</pin_list>
<bind>
<StgValue><ssdm name="_ssdm_op_SpecPipeline"/></StgValue>
</bind>
</comp>

<comp id="52" class="1001" name="const_52">
<pin_list>
<pin id="53" dir="1" index="0" bw="1" slack="2147483647"/>
</pin_list>
<bind>
<StgValue><ssdm name="_ssdm_op_SpecLoopTripCount"/></StgValue>
</bind>
</comp>

<comp id="54" class="1001" name="const_54">
<pin_list>
<pin id="55" dir="1" index="0" bw="1" slack="2147483647"/>
</pin_list>
<bind>
<StgValue><ssdm name=""/></StgValue>
</bind>
</comp>

<comp id="56" class="1001" name="const_56">
<pin_list>
<pin id="57" dir="1" index="0" bw="1" slack="2147483647"/>
</pin_list>
<bind>
<StgValue><ssdm name="_ssdm_op_SpecLoopName"/></StgValue>
</bind>
</comp>

<comp id="58" class="1001" name="const_58">
<pin_list>
<pin id="59" dir="1" index="0" bw="1" slack="2147483647"/>
</pin_list>
<bind>
<StgValue><ssdm name="empty_7"/></StgValue>
</bind>
</comp>

<comp id="60" class="1001" name="const_60">
<pin_list>
<pin id="61" dir="1" index="0" bw="1" slack="0"/>
</pin_list>
<bind>
<StgValue><ssdm name="_ssdm_op_Write.ap_fifo.volatile.i10P0A"/></StgValue>
</bind>
</comp>

<comp id="62" class="1004" name="j_V_fu_62">
<pin_list>
<pin id="63" dir="0" index="0" bw="1" slack="0"/>
<pin id="64" dir="1" index="1" bw="13" slack="0"/>
</pin_list>
<bind>
<opcode="alloca(26) " fcode="alloca"/>
<opset="j_V/1 "/>
</bind>
</comp>

<comp id="66" class="1004" name="conv3_i11_i_i152_i_read_read_fu_66">
<pin_list>
<pin id="67" dir="0" index="0" bw="16" slack="0"/>
<pin id="68" dir="0" index="1" bw="16" slack="0"/>
<pin id="69" dir="1" index="2" bw="16" slack="0"/>
</pin_list>
<bind>
<opcode="read(1150) " fcode="read"/>
<opset="conv3_i11_i_i152_i_read/1 "/>
</bind>
</comp>

<comp id="72" class="1004" name="conv3_i11_i_i214_i_read_read_fu_72">
<pin_list>
<pin id="73" dir="0" index="0" bw="16" slack="0"/>
<pin id="74" dir="0" index="1" bw="16" slack="0"/>
<pin id="75" dir="1" index="2" bw="16" slack="0"/>
</pin_list>
<bind>
<opcode="read(1150) " fcode="read"/>
<opset="conv3_i11_i_i214_i_read/1 "/>
</bind>
</comp>

<comp id="78" class="1004" name="trunc_ln_read_read_fu_78">
<pin_list>
<pin id="79" dir="0" index="0" bw="1" slack="0"/>
<pin id="80" dir="0" index="1" bw="1" slack="0"/>
<pin id="81" dir="1" index="2" bw="1" slack="4"/>
</pin_list>
<bind>
<opcode="read(1150) " fcode="read"/>
<opset="trunc_ln_read/1 "/>
</bind>
</comp>

<comp id="84" class="1004" name="p_read13_read_fu_84">
<pin_list>
<pin id="85" dir="0" index="0" bw="16" slack="0"/>
<pin id="86" dir="0" index="1" bw="16" slack="0"/>
<pin id="87" dir="1" index="2" bw="16" slack="0"/>
</pin_list>
<bind>
<opcode="read(1150) " fcode="read"/>
<opset="p_read13/1 "/>
</bind>
</comp>

<comp id="90" class="1004" name="pxl_pack1_V_read_fu_90">
<pin_list>
<pin id="91" dir="0" index="0" bw="10" slack="0"/>
<pin id="92" dir="0" index="1" bw="10" slack="0"/>
<pin id="93" dir="1" index="2" bw="10" slack="0"/>
</pin_list>
<bind>
<opcode="read(1150) " fcode="read"/>
<opset="pxl_pack1_V/2 "/>
</bind>
</comp>

<comp id="96" class="1004" name="write_ln553_write_fu_96">
<pin_list>
<pin id="97" dir="0" index="0" bw="0" slack="0"/>
<pin id="98" dir="0" index="1" bw="10" slack="0"/>
<pin id="99" dir="0" index="2" bw="10" slack="1"/>
<pin id="100" dir="1" index="3" bw="0" slack="2147483647"/>
</pin_list>
<bind>
<opcode="write(1151) " fcode="write"/>
<opset="write_ln553/6 "/>
</bind>
</comp>

<comp id="103" class="1004" name="conv3_i11_i_i152_i_cast_fu_103">
<pin_list>
<pin id="104" dir="0" index="0" bw="16" slack="0"/>
<pin id="105" dir="1" index="1" bw="26" slack="1"/>
</pin_list>
<bind>
<opcode="zext(34) " fcode="zext"/>
<opset="conv3_i11_i_i152_i_cast/1 "/>
</bind>
</comp>

<comp id="107" class="1004" name="conv3_i11_i_i214_i_cast_fu_107">
<pin_list>
<pin id="108" dir="0" index="0" bw="16" slack="0"/>
<pin id="109" dir="1" index="1" bw="26" slack="1"/>
</pin_list>
<bind>
<opcode="zext(34) " fcode="zext"/>
<opset="conv3_i11_i_i214_i_cast/1 "/>
</bind>
</comp>

<comp id="111" class="1004" name="store_ln0_store_fu_111">
<pin_list>
<pin id="112" dir="0" index="0" bw="1" slack="0"/>
<pin id="113" dir="0" index="1" bw="13" slack="0"/>
<pin id="114" dir="1" index="2" bw="0" slack="2147483647"/>
</pin_list>
<bind>
<opcode="store(28) " fcode="store"/>
<opset="store_ln0/1 "/>
</bind>
</comp>

<comp id="116" class="1004" name="j_V_3_load_fu_116">
<pin_list>
<pin id="117" dir="0" index="0" bw="13" slack="0"/>
<pin id="118" dir="1" index="1" bw="13" slack="0"/>
</pin_list>
<bind>
<opcode="load(27) " fcode="load"/>
<opset="j_V_3/1 "/>
</bind>
</comp>

<comp id="119" class="1004" name="zext_ln1027_fu_119">
<pin_list>
<pin id="120" dir="0" index="0" bw="13" slack="0"/>
<pin id="121" dir="1" index="1" bw="16" slack="0"/>
</pin_list>
<bind>
<opcode="zext(34) " fcode="zext"/>
<opset="zext_ln1027/1 "/>
</bind>
</comp>

<comp id="123" class="1004" name="icmp_ln1027_fu_123">
<pin_list>
<pin id="124" dir="0" index="0" bw="13" slack="0"/>
<pin id="125" dir="0" index="1" bw="16" slack="0"/>
<pin id="126" dir="1" index="2" bw="1" slack="4"/>
</pin_list>
<bind>
<opcode="icmp(45) " fcode="icmp"/>
<opset="icmp_ln1027/1 "/>
</bind>
</comp>

<comp id="129" class="1004" name="j_V_4_fu_129">
<pin_list>
<pin id="130" dir="0" index="0" bw="13" slack="0"/>
<pin id="131" dir="0" index="1" bw="1" slack="0"/>
<pin id="132" dir="1" index="2" bw="13" slack="0"/>
</pin_list>
<bind>
<opcode="add(8) " fcode="add"/>
<opset="j_V_4/1 "/>
</bind>
</comp>

<comp id="135" class="1004" name="trunc_ln1027_fu_135">
<pin_list>
<pin id="136" dir="0" index="0" bw="13" slack="0"/>
<pin id="137" dir="1" index="1" bw="1" slack="4"/>
</pin_list>
<bind>
<opcode="trunc(33) " fcode="trunc"/>
<opset="trunc_ln1027/1 "/>
</bind>
</comp>

<comp id="139" class="1004" name="store_ln92_store_fu_139">
<pin_list>
<pin id="140" dir="0" index="0" bw="13" slack="0"/>
<pin id="141" dir="0" index="1" bw="13" slack="0"/>
<pin id="142" dir="1" index="2" bw="0" slack="2147483647"/>
</pin_list>
<bind>
<opcode="store(28) " fcode="store"/>
<opset="store_ln92/1 "/>
</bind>
</comp>

<comp id="144" class="1004" name="zext_ln186_fu_144">
<pin_list>
<pin id="145" dir="0" index="0" bw="10" slack="0"/>
<pin id="146" dir="1" index="1" bw="26" slack="0"/>
</pin_list>
<bind>
<opcode="zext(34) " fcode="zext"/>
<opset="zext_ln186/2 "/>
</bind>
</comp>

<comp id="148" class="1004" name="or_ln114_fu_148">
<pin_list>
<pin id="149" dir="0" index="0" bw="1" slack="4"/>
<pin id="150" dir="0" index="1" bw="1" slack="4"/>
<pin id="151" dir="1" index="2" bw="1" slack="0"/>
</pin_list>
<bind>
<opcode="or(24) " fcode="or"/>
<opset="or_ln114/5 "/>
</bind>
</comp>

<comp id="152" class="1004" name="tmp_fu_152">
<pin_list>
<pin id="153" dir="0" index="0" bw="9" slack="0"/>
<pin id="154" dir="0" index="1" bw="26" slack="0"/>
<pin id="155" dir="0" index="2" bw="6" slack="0"/>
<pin id="156" dir="0" index="3" bw="6" slack="0"/>
<pin id="157" dir="1" index="4" bw="9" slack="0"/>
</pin_list>
<bind>
<opcode="partselect(1002) " fcode="partselect"/>
<opset="tmp/5 "/>
</bind>
</comp>

<comp id="161" class="1004" name="icmp_ln47_fu_161">
<pin_list>
<pin id="162" dir="0" index="0" bw="9" slack="0"/>
<pin id="163" dir="0" index="1" bw="1" slack="0"/>
<pin id="164" dir="1" index="2" bw="1" slack="0"/>
</pin_list>
<bind>
<opcode="icmp(45) " fcode="icmp"/>
<opset="icmp_ln47/5 "/>
</bind>
</comp>

<comp id="167" class="1004" name="trunc_ln9_fu_167">
<pin_list>
<pin id="168" dir="0" index="0" bw="10" slack="0"/>
<pin id="169" dir="0" index="1" bw="26" slack="0"/>
<pin id="170" dir="0" index="2" bw="4" slack="0"/>
<pin id="171" dir="0" index="3" bw="6" slack="0"/>
<pin id="172" dir="1" index="4" bw="10" slack="0"/>
</pin_list>
<bind>
<opcode="partselect(1002) " fcode="partselect"/>
<opset="trunc_ln9/5 "/>
</bind>
</comp>

<comp id="176" class="1004" name="t_V_fu_176">
<pin_list>
<pin id="177" dir="0" index="0" bw="1" slack="0"/>
<pin id="178" dir="0" index="1" bw="1" slack="0"/>
<pin id="179" dir="0" index="2" bw="10" slack="0"/>
<pin id="180" dir="1" index="3" bw="10" slack="0"/>
</pin_list>
<bind>
<opcode="select(49) " fcode="select"/>
<opset="t_V/5 "/>
</bind>
</comp>

<comp id="184" class="1004" name="tmp_45_fu_184">
<pin_list>
<pin id="185" dir="0" index="0" bw="9" slack="0"/>
<pin id="186" dir="0" index="1" bw="26" slack="0"/>
<pin id="187" dir="0" index="2" bw="6" slack="0"/>
<pin id="188" dir="0" index="3" bw="6" slack="0"/>
<pin id="189" dir="1" index="4" bw="9" slack="0"/>
</pin_list>
<bind>
<opcode="partselect(1002) " fcode="partselect"/>
<opset="tmp_45/5 "/>
</bind>
</comp>

<comp id="193" class="1004" name="icmp_ln47_1_fu_193">
<pin_list>
<pin id="194" dir="0" index="0" bw="9" slack="0"/>
<pin id="195" dir="0" index="1" bw="1" slack="0"/>
<pin id="196" dir="1" index="2" bw="1" slack="0"/>
</pin_list>
<bind>
<opcode="icmp(45) " fcode="icmp"/>
<opset="icmp_ln47_1/5 "/>
</bind>
</comp>

<comp id="199" class="1004" name="trunc_ln214_3_fu_199">
<pin_list>
<pin id="200" dir="0" index="0" bw="10" slack="0"/>
<pin id="201" dir="0" index="1" bw="26" slack="0"/>
<pin id="202" dir="0" index="2" bw="4" slack="0"/>
<pin id="203" dir="0" index="3" bw="6" slack="0"/>
<pin id="204" dir="1" index="4" bw="10" slack="0"/>
</pin_list>
<bind>
<opcode="partselect(1002) " fcode="partselect"/>
<opset="trunc_ln214_3/5 "/>
</bind>
</comp>

<comp id="208" class="1004" name="t_V_1_fu_208">
<pin_list>
<pin id="209" dir="0" index="0" bw="1" slack="0"/>
<pin id="210" dir="0" index="1" bw="1" slack="0"/>
<pin id="211" dir="0" index="2" bw="10" slack="0"/>
<pin id="212" dir="1" index="3" bw="10" slack="0"/>
</pin_list>
<bind>
<opcode="select(49) " fcode="select"/>
<opset="t_V_1/5 "/>
</bind>
</comp>

<comp id="216" class="1004" name="t_V_2_fu_216">
<pin_list>
<pin id="217" dir="0" index="0" bw="1" slack="0"/>
<pin id="218" dir="0" index="1" bw="10" slack="3"/>
<pin id="219" dir="0" index="2" bw="10" slack="0"/>
<pin id="220" dir="1" index="3" bw="10" slack="0"/>
</pin_list>
<bind>
<opcode="select(49) " fcode="select"/>
<opset="t_V_2/5 "/>
</bind>
</comp>

<comp id="223" class="1004" name="and_ln118_fu_223">
<pin_list>
<pin id="224" dir="0" index="0" bw="1" slack="4"/>
<pin id="225" dir="0" index="1" bw="1" slack="4"/>
<pin id="226" dir="1" index="2" bw="1" slack="0"/>
</pin_list>
<bind>
<opcode="and(23) " fcode="and"/>
<opset="and_ln118/5 "/>
</bind>
</comp>

<comp id="227" class="1004" name="t_V_4_fu_227">
<pin_list>
<pin id="228" dir="0" index="0" bw="1" slack="0"/>
<pin id="229" dir="0" index="1" bw="10" slack="0"/>
<pin id="230" dir="0" index="2" bw="10" slack="0"/>
<pin id="231" dir="1" index="3" bw="10" slack="1"/>
</pin_list>
<bind>
<opcode="select(49) " fcode="select"/>
<opset="t_V_4/5 "/>
</bind>
</comp>

<comp id="235" class="1007" name="grp_fu_235">
<pin_list>
<pin id="236" dir="0" index="0" bw="16" slack="1"/>
<pin id="237" dir="0" index="1" bw="10" slack="0"/>
<pin id="238" dir="1" index="2" bw="26" slack="0"/>
</pin_list>
<bind>
<opcode="mul(12) " fcode="mul"/>
<opset="ret_V/2 "/>
</bind>
</comp>

<comp id="242" class="1007" name="grp_fu_242">
<pin_list>
<pin id="243" dir="0" index="0" bw="16" slack="1"/>
<pin id="244" dir="0" index="1" bw="10" slack="0"/>
<pin id="245" dir="1" index="2" bw="26" slack="0"/>
</pin_list>
<bind>
<opcode="mul(12) " fcode="mul"/>
<opset="ret_V_39/2 "/>
</bind>
</comp>

<comp id="249" class="1005" name="j_V_reg_249">
<pin_list>
<pin id="250" dir="0" index="0" bw="13" slack="0"/>
<pin id="251" dir="1" index="1" bw="13" slack="0"/>
</pin_list>
<bind>
<opset="j_V "/>
</bind>
</comp>

<comp id="256" class="1005" name="trunc_ln_read_reg_256">
<pin_list>
<pin id="257" dir="0" index="0" bw="1" slack="4"/>
<pin id="258" dir="1" index="1" bw="1" slack="4"/>
</pin_list>
<bind>
<opset="trunc_ln_read "/>
</bind>
</comp>

<comp id="262" class="1005" name="conv3_i11_i_i152_i_cast_reg_262">
<pin_list>
<pin id="263" dir="0" index="0" bw="26" slack="1"/>
<pin id="264" dir="1" index="1" bw="26" slack="1"/>
</pin_list>
<bind>
<opset="conv3_i11_i_i152_i_cast "/>
</bind>
</comp>

<comp id="267" class="1005" name="conv3_i11_i_i214_i_cast_reg_267">
<pin_list>
<pin id="268" dir="0" index="0" bw="26" slack="1"/>
<pin id="269" dir="1" index="1" bw="26" slack="1"/>
</pin_list>
<bind>
<opset="conv3_i11_i_i214_i_cast "/>
</bind>
</comp>

<comp id="272" class="1005" name="icmp_ln1027_reg_272">
<pin_list>
<pin id="273" dir="0" index="0" bw="1" slack="4"/>
<pin id="274" dir="1" index="1" bw="1" slack="2147483647"/>
</pin_list>
<bind>
<opset="icmp_ln1027 "/>
</bind>
</comp>

<comp id="276" class="1005" name="trunc_ln1027_reg_276">
<pin_list>
<pin id="277" dir="0" index="0" bw="1" slack="4"/>
<pin id="278" dir="1" index="1" bw="1" slack="4"/>
</pin_list>
<bind>
<opset="trunc_ln1027 "/>
</bind>
</comp>

<comp id="282" class="1005" name="pxl_pack1_V_reg_282">
<pin_list>
<pin id="283" dir="0" index="0" bw="10" slack="3"/>
<pin id="284" dir="1" index="1" bw="10" slack="3"/>
</pin_list>
<bind>
<opset="pxl_pack1_V "/>
</bind>
</comp>

<comp id="287" class="1005" name="zext_ln186_reg_287">
<pin_list>
<pin id="288" dir="0" index="0" bw="26" slack="1"/>
<pin id="289" dir="1" index="1" bw="26" slack="1"/>
</pin_list>
<bind>
<opset="zext_ln186 "/>
</bind>
</comp>

<comp id="293" class="1005" name="t_V_4_reg_293">
<pin_list>
<pin id="294" dir="0" index="0" bw="10" slack="1"/>
<pin id="295" dir="1" index="1" bw="10" slack="1"/>
</pin_list>
<bind>
<opset="t_V_4 "/>
</bind>
</comp>

</comp_list>

<net_list>
<net id="65"><net_src comp="12" pin="0"/><net_sink comp="62" pin=0"/></net>

<net id="70"><net_src comp="14" pin="0"/><net_sink comp="66" pin=0"/></net>

<net id="71"><net_src comp="8" pin="0"/><net_sink comp="66" pin=1"/></net>

<net id="76"><net_src comp="14" pin="0"/><net_sink comp="72" pin=0"/></net>

<net id="77"><net_src comp="6" pin="0"/><net_sink comp="72" pin=1"/></net>

<net id="82"><net_src comp="16" pin="0"/><net_sink comp="78" pin=0"/></net>

<net id="83"><net_src comp="4" pin="0"/><net_sink comp="78" pin=1"/></net>

<net id="88"><net_src comp="14" pin="0"/><net_sink comp="84" pin=0"/></net>

<net id="89"><net_src comp="0" pin="0"/><net_sink comp="84" pin=1"/></net>

<net id="94"><net_src comp="32" pin="0"/><net_sink comp="90" pin=0"/></net>

<net id="95"><net_src comp="2" pin="0"/><net_sink comp="90" pin=1"/></net>

<net id="101"><net_src comp="60" pin="0"/><net_sink comp="96" pin=0"/></net>

<net id="102"><net_src comp="10" pin="0"/><net_sink comp="96" pin=1"/></net>

<net id="106"><net_src comp="66" pin="2"/><net_sink comp="103" pin=0"/></net>

<net id="110"><net_src comp="72" pin="2"/><net_sink comp="107" pin=0"/></net>

<net id="115"><net_src comp="28" pin="0"/><net_sink comp="111" pin=0"/></net>

<net id="122"><net_src comp="116" pin="1"/><net_sink comp="119" pin=0"/></net>

<net id="127"><net_src comp="119" pin="1"/><net_sink comp="123" pin=0"/></net>

<net id="128"><net_src comp="84" pin="2"/><net_sink comp="123" pin=1"/></net>

<net id="133"><net_src comp="116" pin="1"/><net_sink comp="129" pin=0"/></net>

<net id="134"><net_src comp="30" pin="0"/><net_sink comp="129" pin=1"/></net>

<net id="138"><net_src comp="116" pin="1"/><net_sink comp="135" pin=0"/></net>

<net id="143"><net_src comp="129" pin="2"/><net_sink comp="139" pin=0"/></net>

<net id="147"><net_src comp="90" pin="2"/><net_sink comp="144" pin=0"/></net>

<net id="158"><net_src comp="34" pin="0"/><net_sink comp="152" pin=0"/></net>

<net id="159"><net_src comp="36" pin="0"/><net_sink comp="152" pin=2"/></net>

<net id="160"><net_src comp="38" pin="0"/><net_sink comp="152" pin=3"/></net>

<net id="165"><net_src comp="152" pin="4"/><net_sink comp="161" pin=0"/></net>

<net id="166"><net_src comp="40" pin="0"/><net_sink comp="161" pin=1"/></net>

<net id="173"><net_src comp="42" pin="0"/><net_sink comp="167" pin=0"/></net>

<net id="174"><net_src comp="44" pin="0"/><net_sink comp="167" pin=2"/></net>

<net id="175"><net_src comp="46" pin="0"/><net_sink comp="167" pin=3"/></net>

<net id="181"><net_src comp="161" pin="2"/><net_sink comp="176" pin=0"/></net>

<net id="182"><net_src comp="48" pin="0"/><net_sink comp="176" pin=1"/></net>

<net id="183"><net_src comp="167" pin="4"/><net_sink comp="176" pin=2"/></net>

<net id="190"><net_src comp="34" pin="0"/><net_sink comp="184" pin=0"/></net>

<net id="191"><net_src comp="36" pin="0"/><net_sink comp="184" pin=2"/></net>

<net id="192"><net_src comp="38" pin="0"/><net_sink comp="184" pin=3"/></net>

<net id="197"><net_src comp="184" pin="4"/><net_sink comp="193" pin=0"/></net>

<net id="198"><net_src comp="40" pin="0"/><net_sink comp="193" pin=1"/></net>

<net id="205"><net_src comp="42" pin="0"/><net_sink comp="199" pin=0"/></net>

<net id="206"><net_src comp="44" pin="0"/><net_sink comp="199" pin=2"/></net>

<net id="207"><net_src comp="46" pin="0"/><net_sink comp="199" pin=3"/></net>

<net id="213"><net_src comp="193" pin="2"/><net_sink comp="208" pin=0"/></net>

<net id="214"><net_src comp="48" pin="0"/><net_sink comp="208" pin=1"/></net>

<net id="215"><net_src comp="199" pin="4"/><net_sink comp="208" pin=2"/></net>

<net id="221"><net_src comp="148" pin="2"/><net_sink comp="216" pin=0"/></net>

<net id="222"><net_src comp="176" pin="3"/><net_sink comp="216" pin=2"/></net>

<net id="232"><net_src comp="223" pin="2"/><net_sink comp="227" pin=0"/></net>

<net id="233"><net_src comp="208" pin="3"/><net_sink comp="227" pin=1"/></net>

<net id="234"><net_src comp="216" pin="3"/><net_sink comp="227" pin=2"/></net>

<net id="239"><net_src comp="144" pin="1"/><net_sink comp="235" pin=1"/></net>

<net id="240"><net_src comp="235" pin="2"/><net_sink comp="152" pin=1"/></net>

<net id="241"><net_src comp="235" pin="2"/><net_sink comp="167" pin=1"/></net>

<net id="246"><net_src comp="144" pin="1"/><net_sink comp="242" pin=1"/></net>

<net id="247"><net_src comp="242" pin="2"/><net_sink comp="184" pin=1"/></net>

<net id="248"><net_src comp="242" pin="2"/><net_sink comp="199" pin=1"/></net>

<net id="252"><net_src comp="62" pin="1"/><net_sink comp="249" pin=0"/></net>

<net id="253"><net_src comp="249" pin="1"/><net_sink comp="111" pin=1"/></net>

<net id="254"><net_src comp="249" pin="1"/><net_sink comp="116" pin=0"/></net>

<net id="255"><net_src comp="249" pin="1"/><net_sink comp="139" pin=1"/></net>

<net id="259"><net_src comp="78" pin="2"/><net_sink comp="256" pin=0"/></net>

<net id="260"><net_src comp="256" pin="1"/><net_sink comp="148" pin=1"/></net>

<net id="261"><net_src comp="256" pin="1"/><net_sink comp="223" pin=0"/></net>

<net id="265"><net_src comp="103" pin="1"/><net_sink comp="262" pin=0"/></net>

<net id="266"><net_src comp="262" pin="1"/><net_sink comp="242" pin=0"/></net>

<net id="270"><net_src comp="107" pin="1"/><net_sink comp="267" pin=0"/></net>

<net id="271"><net_src comp="267" pin="1"/><net_sink comp="235" pin=0"/></net>

<net id="275"><net_src comp="123" pin="2"/><net_sink comp="272" pin=0"/></net>

<net id="279"><net_src comp="135" pin="1"/><net_sink comp="276" pin=0"/></net>

<net id="280"><net_src comp="276" pin="1"/><net_sink comp="148" pin=0"/></net>

<net id="281"><net_src comp="276" pin="1"/><net_sink comp="223" pin=1"/></net>

<net id="285"><net_src comp="90" pin="2"/><net_sink comp="282" pin=0"/></net>

<net id="286"><net_src comp="282" pin="1"/><net_sink comp="216" pin=1"/></net>

<net id="290"><net_src comp="144" pin="1"/><net_sink comp="287" pin=0"/></net>

<net id="291"><net_src comp="287" pin="1"/><net_sink comp="235" pin=1"/></net>

<net id="292"><net_src comp="287" pin="1"/><net_sink comp="242" pin=1"/></net>

<net id="296"><net_src comp="227" pin="3"/><net_sink comp="293" pin=0"/></net>

<net id="297"><net_src comp="293" pin="1"/><net_sink comp="96" pin=2"/></net>

</net_list>

</model> 
---------------- Datapath Model END ------------------

* FSMD analyzer results:
  - Output states:
	Port: gain_out_data215 | {6 }
 - Input state : 
	Port: gaincontrol<3, 13, 1080, 1920, 1, 3, 3>_Pipeline_ColLoop : p_read1 | {1 }
	Port: gaincontrol<3, 13, 1080, 1920, 1, 3, 3>_Pipeline_ColLoop : imgInput2_data214 | {2 }
	Port: gaincontrol<3, 13, 1080, 1920, 1, 3, 3>_Pipeline_ColLoop : trunc_ln | {1 }
	Port: gaincontrol<3, 13, 1080, 1920, 1, 3, 3>_Pipeline_ColLoop : conv3_i11_i_i214_i | {1 }
	Port: gaincontrol<3, 13, 1080, 1920, 1, 3, 3>_Pipeline_ColLoop : conv3_i11_i_i152_i | {1 }
  - Chain level:
	State 1
		store_ln0 : 1
		j_V_3 : 1
		zext_ln1027 : 2
		icmp_ln1027 : 3
		j_V_4 : 2
		br_ln92 : 4
		trunc_ln1027 : 2
		store_ln92 : 3
	State 2
		ret_V : 1
		ret_V_39 : 1
	State 3
	State 4
	State 5
		tmp : 1
		icmp_ln47 : 2
		trunc_ln9 : 1
		t_V : 3
		tmp_45 : 1
		icmp_ln47_1 : 2
		trunc_ln214_3 : 1
		t_V_1 : 3
		t_V_2 : 4
		t_V_4 : 5
	State 6


============================================================
+ Verbose Summary: Datapath Resource usage 
============================================================

* Functional unit list:
|----------|------------------------------------|---------|---------|---------|
| Operation|           Functional Unit          |   DSP   |    FF   |   LUT   |
|----------|------------------------------------|---------|---------|---------|
|          |             t_V_fu_176             |    0    |    0    |    10   |
|  select  |            t_V_1_fu_208            |    0    |    0    |    10   |
|          |            t_V_2_fu_216            |    0    |    0    |    10   |
|          |            t_V_4_fu_227            |    0    |    0    |    10   |
|----------|------------------------------------|---------|---------|---------|
|          |         icmp_ln1027_fu_123         |    0    |    0    |    13   |
|   icmp   |          icmp_ln47_fu_161          |    0    |    0    |    11   |
|          |         icmp_ln47_1_fu_193         |    0    |    0    |    11   |
|----------|------------------------------------|---------|---------|---------|
|    add   |            j_V_4_fu_129            |    0    |    0    |    20   |
|----------|------------------------------------|---------|---------|---------|
|    or    |           or_ln114_fu_148          |    0    |    0    |    2    |
|----------|------------------------------------|---------|---------|---------|
|    and   |          and_ln118_fu_223          |    0    |    0    |    2    |
|----------|------------------------------------|---------|---------|---------|
|    mul   |             grp_fu_235             |    1    |    0    |    0    |
|          |             grp_fu_242             |    1    |    0    |    0    |
|----------|------------------------------------|---------|---------|---------|
|          | conv3_i11_i_i152_i_read_read_fu_66 |    0    |    0    |    0    |
|          | conv3_i11_i_i214_i_read_read_fu_72 |    0    |    0    |    0    |
|   read   |      trunc_ln_read_read_fu_78      |    0    |    0    |    0    |
|          |         p_read13_read_fu_84        |    0    |    0    |    0    |
|          |       pxl_pack1_V_read_fu_90       |    0    |    0    |    0    |
|----------|------------------------------------|---------|---------|---------|
|   write  |       write_ln553_write_fu_96      |    0    |    0    |    0    |
|----------|------------------------------------|---------|---------|---------|
|          |   conv3_i11_i_i152_i_cast_fu_103   |    0    |    0    |    0    |
|   zext   |   conv3_i11_i_i214_i_cast_fu_107   |    0    |    0    |    0    |
|          |         zext_ln1027_fu_119         |    0    |    0    |    0    |
|          |          zext_ln186_fu_144         |    0    |    0    |    0    |
|----------|------------------------------------|---------|---------|---------|
|   trunc  |         trunc_ln1027_fu_135        |    0    |    0    |    0    |
|----------|------------------------------------|---------|---------|---------|
|          |             tmp_fu_152             |    0    |    0    |    0    |
|partselect|          trunc_ln9_fu_167          |    0    |    0    |    0    |
|          |            tmp_45_fu_184           |    0    |    0    |    0    |
|          |        trunc_ln214_3_fu_199        |    0    |    0    |    0    |
|----------|------------------------------------|---------|---------|---------|
|   Total  |                                    |    2    |    0    |    99   |
|----------|------------------------------------|---------|---------|---------|

Memories:
N/A

* Register list:
+-------------------------------+--------+
|                               |   FF   |
+-------------------------------+--------+
|conv3_i11_i_i152_i_cast_reg_262|   26   |
|conv3_i11_i_i214_i_cast_reg_267|   26   |
|      icmp_ln1027_reg_272      |    1   |
|          j_V_reg_249          |   13   |
|      pxl_pack1_V_reg_282      |   10   |
|         t_V_4_reg_293         |   10   |
|      trunc_ln1027_reg_276     |    1   |
|     trunc_ln_read_reg_256     |    1   |
|       zext_ln186_reg_287      |   26   |
+-------------------------------+--------+
|             Total             |   114  |
+-------------------------------+--------+

* Multiplexer (MUX) list: 
|------------|------|------|------|--------||---------||---------|
|    Comp    |  Pin | Size |  BW  | S x BW ||  Delay  ||   LUT   |
|------------|------|------|------|--------||---------||---------|
| grp_fu_235 |  p1  |   2  |  10  |   20   ||    9    |
| grp_fu_242 |  p1  |   2  |  10  |   20   ||    9    |
|------------|------|------|------|--------||---------||---------|
|    Total   |      |      |      |   40   ||  0.854  ||    18   |
|------------|------|------|------|--------||---------||---------|



* Summary:
+-----------+--------+--------+--------+--------+
|           |   DSP  |  Delay |   FF   |   LUT  |
+-----------+--------+--------+--------+--------+
|  Function |    2   |    -   |    0   |   99   |
|   Memory  |    -   |    -   |    -   |    -   |
|Multiplexer|    -   |    0   |    -   |   18   |
|  Register |    -   |    -   |   114  |    -   |
+-----------+--------+--------+--------+--------+
|   Total   |    2   |    0   |   114  |   117  |
+-----------+--------+--------+--------+--------+
