

================================================================
== Vitis HLS Report for 'gaincontrol_3_13_1080_1920_1_3_3_s'
================================================================
* Date:           Thu Mar  5 08:42:53 2026

* Version:        2022.2 (Build 3670227 on Oct 13 2022)
* Project:        isppipeline.prj
* Solution:       sol1 (Vivado IP Flow Target)
* Product family: zynquplus
* Target device:  xck26-sfvc784-2LV-c


================================================================
== Performance Estimates
================================================================
+ Timing: 
    * Summary: 
    +--------+---------+----------+------------+
    |  Clock |  Target | Estimated| Uncertainty|
    +--------+---------+----------+------------+
    |ap_clk  |  3.30 ns|  1.739 ns|     0.89 ns|
    +--------+---------+----------+------------+

+ Latency: 
    * Summary: 
    +---------+---------+----------+----------+---------+---------+---------+
    |  Latency (cycles) |  Latency (absolute) |      Interval     | Pipeline|
    |   min   |   max   |    min   |    max   |   min   |   max   |   Type  |
    +---------+---------+----------+----------+---------+---------+---------+
    |  2083321|  2083321|  6.875 ms|  6.875 ms|  2083321|  2083321|       no|
    +---------+---------+----------+----------+---------+---------+---------+

    + Detail: 
        * Instance: 
        N/A

        * Loop: 
        +-----------+---------+---------+----------+-----------+-----------+------+----------+
        |           |  Latency (cycles) | Iteration|  Initiation Interval  | Trip |          |
        | Loop Name |   min   |   max   |  Latency |  achieved |   target  | Count| Pipelined|
        +-----------+---------+---------+----------+-----------+-----------+------+----------+
        |- RowLoop  |  2083320|  2083320|      1929|          -|          -|  1080|        no|
        +-----------+---------+---------+----------+-----------+-----------+------+----------+

============================================================
+ Verbose Summary: Synthesis Manager
============================================================
InlineROM: 1
ExposeGlobal: 0
============================================================
+ Verbose Summary: CDFG Model
============================================================
IsTopModel: 0
ResetActiveHigh: 1
IsCombinational: 2
IsDatapathOnly: 0
HasWiredReturn: 1
HasMFsm: 0
HasVarLatency: 1
IsPipeline: 0
IsRtlPipelined: 0
IsInstanceOverlapped: 0
IsDontTouch: 0
HasImplIP: 0
IsGatedGlobalClock: 0


============================================================
+ Verbose Summary: Schedule
============================================================
* Number of FSM states : 4
* Pipeline : 0
* Dataflow Pipeline: 0

* FSM state transitions: 
1 --> 2 
2 --> 3 
3 --> 4 
4 --> 2 

* FSM state operations: 

State 1 <SV = 0> <Delay = 1.20>
ST_1 : Operation 5 [1/1] (0.00ns)   --->   "%i_V = alloca i32 1"   --->   Operation 5 'alloca' 'i_V' <Predicate = true> <Delay = 0.00>
ST_1 : Operation 6 [1/1] (0.00ns)   --->   "%specinterface_ln0 = specinterface void @_ssdm_op_SpecInterface, i16 %bgain, void @ap_fifo_str, i32 0, i32 0, void @p_str, i32 0, i32 0, void @p_str, void @p_str, void @p_str, i32 2, i32 2, i32 16, i32 16, void @p_str, void @ScalarProp_str, i32 4294967295, i32 0"   --->   Operation 6 'specinterface' 'specinterface_ln0' <Predicate = true> <Delay = 0.00>
ST_1 : Operation 7 [1/1] (1.20ns)   --->   "%p_read13 = read i16 @_ssdm_op_Read.ap_auto.i16, i16 %p_read1"   --->   Operation 7 'read' 'p_read13' <Predicate = true> <Delay = 1.20> <CoreInst = "FIFO_SRL">   --->   Core 81 'FIFO_SRL' <Latency = 0> <II = 1> <Delay = 1.83> <Storage> <Opcode : 'read' 'write' 'nbread' 'nbwrite'> <Ports = 0> <Width = -1> <Depth = -1> <FIFO>
ST_1 : Operation 8 [1/1] (1.20ns)   --->   "%p_read_20 = read i16 @_ssdm_op_Read.ap_auto.i16, i16 %p_read"   --->   Operation 8 'read' 'p_read_20' <Predicate = true> <Delay = 1.20> <CoreInst = "FIFO_SRL">   --->   Core 81 'FIFO_SRL' <Latency = 0> <II = 1> <Delay = 1.83> <Storage> <Opcode : 'read' 'write' 'nbread' 'nbwrite'> <Ports = 0> <Width = -1> <Depth = -1> <FIFO>
ST_1 : Operation 9 [1/1] (1.20ns)   --->   "%bgain_read = read i16 @_ssdm_op_Read.ap_fifo.i16P0A, i16 %bgain"   --->   Operation 9 'read' 'bgain_read' <Predicate = true> <Delay = 1.20> <CoreInst = "FIFO_SRL">   --->   Core 81 'FIFO_SRL' <Latency = 0> <II = 1> <Delay = 1.86> <Storage> <Opcode : 'read' 'write' 'nbread' 'nbwrite'> <Ports = 0> <Width = 16> <Depth = 5> <FIFO>
ST_1 : Operation 10 [1/1] (0.00ns)   --->   "%specinterface_ln0 = specinterface void @_ssdm_op_SpecInterface, i16 %rgain, void @ap_fifo_str, i32 0, i32 0, void @p_str, i32 0, i32 0, void @p_str, void @p_str, void @p_str, i32 2, i32 2, i32 16, i32 16, void @p_str, void @ScalarProp_str, i32 4294967295, i32 0"   --->   Operation 10 'specinterface' 'specinterface_ln0' <Predicate = true> <Delay = 0.00>
ST_1 : Operation 11 [1/1] (1.20ns)   --->   "%rgain_read = read i16 @_ssdm_op_Read.ap_fifo.i16P0A, i16 %rgain"   --->   Operation 11 'read' 'rgain_read' <Predicate = true> <Delay = 1.20> <CoreInst = "FIFO_SRL">   --->   Core 81 'FIFO_SRL' <Latency = 0> <II = 1> <Delay = 1.86> <Storage> <Opcode : 'read' 'write' 'nbread' 'nbwrite'> <Ports = 0> <Width = 16> <Depth = 5> <FIFO>
ST_1 : Operation 12 [1/1] (0.00ns)   --->   "%specinterface_ln0 = specinterface void @_ssdm_op_SpecInterface, i10 %gain_out_data215, void @empty_26, i32 0, i32 0, void @empty_32, i32 0, i32 0, void @empty_32, void @empty_32, void @empty_32, i32 0, i32 0, i32 0, i32 0, void @empty_32, void @empty_32, i32 4294967295, i32 0"   --->   Operation 12 'specinterface' 'specinterface_ln0' <Predicate = true> <Delay = 0.00>
ST_1 : Operation 13 [1/1] (0.00ns)   --->   "%specinterface_ln0 = specinterface void @_ssdm_op_SpecInterface, i10 %imgInput2_data214, void @empty_26, i32 0, i32 0, void @empty_32, i32 0, i32 0, void @empty_32, void @empty_32, void @empty_32, i32 0, i32 0, i32 0, i32 0, void @empty_32, void @empty_32, i32 4294967295, i32 0"   --->   Operation 13 'specinterface' 'specinterface_ln0' <Predicate = true> <Delay = 0.00>
ST_1 : Operation 14 [1/1] (0.42ns)   --->   "%store_ln88 = store i13 0, i13 %i_V" [../../../../../overlays/Vitis_Libraries/vision//L1/include/imgproc/xf_gaincontrol.hpp:88]   --->   Operation 14 'store' 'store_ln88' <Predicate = true> <Delay = 0.42>
ST_1 : Operation 15 [1/1] (0.00ns)   --->   "%br_ln88 = br void %ColLoop.i" [../../../../../overlays/Vitis_Libraries/vision//L1/include/imgproc/xf_gaincontrol.hpp:88]   --->   Operation 15 'br' 'br_ln88' <Predicate = true> <Delay = 0.00>

State 2 <SV = 1> <Delay = 1.52>
ST_2 : Operation 16 [1/1] (0.00ns)   --->   "%i_V_5 = load i13 %i_V"   --->   Operation 16 'load' 'i_V_5' <Predicate = true> <Delay = 0.00>
ST_2 : Operation 17 [1/1] (0.00ns)   --->   "%trunc_ln1027 = trunc i13 %i_V_5"   --->   Operation 17 'trunc' 'trunc_ln1027' <Predicate = true> <Delay = 0.00>
ST_2 : Operation 18 [1/1] (0.00ns)   --->   "%zext_ln1027 = zext i13 %i_V_5"   --->   Operation 18 'zext' 'zext_ln1027' <Predicate = true> <Delay = 0.00>
ST_2 : Operation 19 [1/1] (1.10ns)   --->   "%icmp_ln1027 = icmp_ult  i16 %zext_ln1027, i16 %p_read_20"   --->   Operation 19 'icmp' 'icmp_ln1027' <Predicate = true> <Delay = 1.10> <CoreInst = "Cmp">   --->   Core 9 'Cmp' <Latency = 0> <II = 1> <Delay = 1.10> <FuncUnit> <Opcode : 'icmp'> <InPorts = 2> <OutPorts = 1>
ST_2 : Operation 20 [1/1] (0.82ns)   --->   "%i_V_6 = add i13 %i_V_5, i13 1"   --->   Operation 20 'add' 'i_V_6' <Predicate = true> <Delay = 0.82> <CoreInst = "Adder">   --->   Core 1 'Adder' <Latency = 0> <II = 1> <Delay = 0.82> <FuncUnit> <Opcode : 'add' 'sub'> <InPorts = 2> <OutPorts = 1>
ST_2 : Operation 21 [1/1] (0.00ns)   --->   "%br_ln88 = br i1 %icmp_ln1027, void %_ZN2xf2cv17gaincontrolkernelILi3ELi13ELi1080ELi1920ELi1ELi3ELi3ELi1ELi17ELi17ELi3ELi3ELi1920EEEvRNS0_3MatIXT0_EXT1_EXT2_EXT3_EXT4_EEERNS2_IXT0_EXT1_EXT2_EXT3_EXT5_EEEtttt.exit.loopexit, void %ColLoop.i.split" [../../../../../overlays/Vitis_Libraries/vision//L1/include/imgproc/xf_gaincontrol.hpp:88]   --->   Operation 21 'br' 'br_ln88' <Predicate = true> <Delay = 0.00>
ST_2 : Operation 22 [1/1] (0.00ns)   --->   "%empty = wait i32 @_ssdm_op_Wait"   --->   Operation 22 'wait' 'empty' <Predicate = (icmp_ln1027)> <Delay = 0.00>
ST_2 : Operation 23 [1/1] (0.42ns)   --->   "%store_ln88 = store i13 %i_V_6, i13 %i_V" [../../../../../overlays/Vitis_Libraries/vision//L1/include/imgproc/xf_gaincontrol.hpp:88]   --->   Operation 23 'store' 'store_ln88' <Predicate = (icmp_ln1027)> <Delay = 0.42>
ST_2 : Operation 24 [1/1] (0.00ns)   --->   "%ret_ln195 = ret" [../../../../../overlays/Vitis_Libraries/vision//L1/include/imgproc/xf_gaincontrol.hpp:195]   --->   Operation 24 'ret' 'ret_ln195' <Predicate = (!icmp_ln1027)> <Delay = 0.00>

State 3 <SV = 2> <Delay = 1.52>
ST_3 : Operation 25 [2/2] (1.52ns)   --->   "%call_ln1027 = call void @gaincontrol<3, 13, 1080, 1920, 1, 3, 3>_Pipeline_ColLoop, i16 %p_read13, i10 %imgInput2_data214, i1 %trunc_ln1027, i16 %rgain_read, i16 %bgain_read, i10 %gain_out_data215"   --->   Operation 25 'call' 'call_ln1027' <Predicate = true> <Delay = 1.52> <CoreType = "Generic">   --->   Core 0 '' <Latency = 0> <II = 1> <Delay = 1.00> <Generic> <Opcode : >

State 4 <SV = 3> <Delay = 0.00>
ST_4 : Operation 26 [1/1] (0.00ns)   --->   "%speclooptripcount_ln89 = speclooptripcount void @_ssdm_op_SpecLoopTripCount, i64 1080, i64 1080, i64 1080" [../../../../../overlays/Vitis_Libraries/vision//L1/include/imgproc/xf_gaincontrol.hpp:89]   --->   Operation 26 'speclooptripcount' 'speclooptripcount_ln89' <Predicate = true> <Delay = 0.00>
ST_4 : Operation 27 [1/1] (0.00ns)   --->   "%specloopname_ln81 = specloopname void @_ssdm_op_SpecLoopName, void @empty_23" [../../../../../overlays/Vitis_Libraries/vision//L1/include/imgproc/xf_gaincontrol.hpp:81]   --->   Operation 27 'specloopname' 'specloopname_ln81' <Predicate = true> <Delay = 0.00>
ST_4 : Operation 28 [1/2] (0.00ns)   --->   "%call_ln1027 = call void @gaincontrol<3, 13, 1080, 1920, 1, 3, 3>_Pipeline_ColLoop, i16 %p_read13, i10 %imgInput2_data214, i1 %trunc_ln1027, i16 %rgain_read, i16 %bgain_read, i10 %gain_out_data215"   --->   Operation 28 'call' 'call_ln1027' <Predicate = true> <Delay = 0.00> <CoreType = "Generic">   --->   Core 0 '' <Latency = 0> <II = 1> <Delay = 1.00> <Generic> <Opcode : >
ST_4 : Operation 29 [1/1] (0.00ns)   --->   "%br_ln88 = br void %ColLoop.i" [../../../../../overlays/Vitis_Libraries/vision//L1/include/imgproc/xf_gaincontrol.hpp:88]   --->   Operation 29 'br' 'br_ln88' <Predicate = true> <Delay = 0.00>


============================================================
+ Verbose Summary: Timing violations
============================================================
Target clock period: 3.3ns, clock uncertainty: 0.891ns.

 <State 1>: 1.2ns
The critical path consists of the following:
	wire read operation ('p_read13') on port 'p_read1' [9]  (1.2 ns)

 <State 2>: 1.53ns
The critical path consists of the following:
	'load' operation ('i.V') on local variable 'i.V' [19]  (0 ns)
	'add' operation ('i.V') [23]  (0.82 ns)
	'store' operation ('store_ln88', ../../../../../overlays/Vitis_Libraries/vision//L1/include/imgproc/xf_gaincontrol.hpp:88) of variable 'i.V' on local variable 'i.V' [30]  (0.427 ns)
	blocking operation 0.282 ns on control path)

 <State 3>: 1.53ns
The critical path consists of the following:
	'call' operation ('call_ln1027') to 'gaincontrol<3, 13, 1080, 1920, 1, 3, 3>_Pipeline_ColLoop' [29]  (1.53 ns)

 <State 4>: 0ns
The critical path consists of the following:


============================================================
+ Verbose Summary: Binding
============================================================
N/A
* FSMD analyzer results:
  - Output states:
 - Input state : 
  - Chain level:
	State 1
	State 2
	State 3
	State 4


============================================================
+ Verbose Summary: Datapath Resource usage 
============================================================
N/A
