

================================================================
== Vitis HLS Report for 'gammacorrection_9_9_1080_1920_1_3_3_s'
================================================================
* Date:           Thu Mar  5 08:43:00 2026

* Version:        2022.2 (Build 3670227 on Oct 13 2022)
* Project:        isppipeline.prj
* Solution:       sol1 (Vivado IP Flow Target)
* Product family: zynquplus
* Target device:  xck26-sfvc784-2LV-c


================================================================
== Performance Estimates
================================================================
+ Timing: 
    * Summary: 
    +--------+---------+----------+------------+
    |  Clock |  Target | Estimated| Uncertainty|
    +--------+---------+----------+------------+
    |ap_clk  |  3.30 ns|  1.964 ns|     0.89 ns|
    +--------+---------+----------+------------+

+ Latency: 
    * Summary: 
    +---------+---------+----------+----------+---------+---------+---------+
    |  Latency (cycles) |  Latency (absolute) |      Interval     | Pipeline|
    |   min   |   max   |    min   |    max   |   min   |   max   |   Type  |
    +---------+---------+----------+----------+---------+---------+---------+
    |  2083014|  2083014|  6.874 ms|  6.874 ms|  2083014|  2083014|       no|
    +---------+---------+----------+----------+---------+---------+---------+

    + Detail: 
        * Instance: 
        +--------------------------------------------------------------------+----------------------------------------------------------+---------+---------+----------+----------+------+------+---------+
        |                                                                    |                                                          |  Latency (cycles) |  Latency (absolute) |   Interval  | Pipeline|
        |                              Instance                              |                          Module                          |   min   |   max   |    min   |    max   |  min |  max |   Type  |
        +--------------------------------------------------------------------+----------------------------------------------------------+---------+---------+----------+----------+------+------+---------+
        |grp_gammacorrection_Pipeline_VITIS_LOOP_57_2_VITIS_LOOP_58_3_fu_80  |gammacorrection_Pipeline_VITIS_LOOP_57_2_VITIS_LOOP_58_3  |      772|      772|  2.548 us|  2.548 us|   772|   772|       no|
        |grp_gammacorrection_9_9_1080_1920_1_3_3_Pipeline_colLoop_fu_92      |gammacorrection_9_9_1080_1920_1_3_3_Pipeline_colLoop      |     1925|     1925|  6.352 us|  6.352 us|  1925|  1925|       no|
        +--------------------------------------------------------------------+----------------------------------------------------------+---------+---------+----------+----------+------+------+---------+

        * Loop: 
        +-----------+---------+---------+----------+-----------+-----------+------+----------+
        |           |  Latency (cycles) | Iteration|  Initiation Interval  | Trip |          |
        | Loop Name |   min   |   max   |  Latency |  achieved |   target  | Count| Pipelined|
        +-----------+---------+---------+----------+-----------+-----------+------+----------+
        |- rowLoop  |  2082240|  2082240|      1928|          -|          -|  1080|        no|
        +-----------+---------+---------+----------+-----------+-----------+------+----------+

============================================================
+ Verbose Summary: Synthesis Manager
============================================================
InlineROM: 1
ExposeGlobal: 0
============================================================
+ Verbose Summary: CDFG Model
============================================================
IsTopModel: 0
ResetActiveHigh: 1
IsCombinational: 2
IsDatapathOnly: 0
HasWiredReturn: 1
HasMFsm: 0
HasVarLatency: 1
IsPipeline: 0
IsRtlPipelined: 0
IsInstanceOverlapped: 0
IsDontTouch: 0
HasImplIP: 0
IsGatedGlobalClock: 0


============================================================
+ Verbose Summary: Schedule
============================================================
* Number of FSM states : 5
* Pipeline : 0
* Dataflow Pipeline: 0

* FSM state transitions: 
1 --> 2 
2 --> 3 
3 --> 4 
4 --> 5 
5 --> 3 

* FSM state operations: 

State 1 <SV = 0> <Delay = 1.23>
ST_1 : Operation 6 [1/1] (0.00ns)   --->   "%i_V = alloca i32 1"   --->   Operation 6 'alloca' 'i_V' <Predicate = true> <Delay = 0.00>
ST_1 : Operation 7 [1/1] (1.23ns)   --->   "%lut_p = alloca i64 1" [../../../../../overlays/Vitis_Libraries/vision//L1/include/imgproc/xf_gammacorrection.hpp:47]   --->   Operation 7 'alloca' 'lut_p' <Predicate = true> <Delay = 1.23>
ST_1 : Operation 8 [1/1] (1.23ns)   --->   "%lut_p_1 = alloca i64 1" [../../../../../overlays/Vitis_Libraries/vision//L1/include/imgproc/xf_gammacorrection.hpp:47]   --->   Operation 8 'alloca' 'lut_p_1' <Predicate = true> <Delay = 1.23>
ST_1 : Operation 9 [1/1] (1.23ns)   --->   "%lut_p_2 = alloca i64 1" [../../../../../overlays/Vitis_Libraries/vision//L1/include/imgproc/xf_gammacorrection.hpp:47]   --->   Operation 9 'alloca' 'lut_p_2' <Predicate = true> <Delay = 1.23>
ST_1 : Operation 10 [2/2] (0.00ns)   --->   "%call_ln0 = call void @gammacorrection_Pipeline_VITIS_LOOP_57_2_VITIS_LOOP_58_3, i8 %gamma_lut, i8 %lut_p, i8 %lut_p_1, i8 %lut_p_2"   --->   Operation 10 'call' 'call_ln0' <Predicate = true> <Delay = 0.00> <CoreType = "Generic">   --->   Core 0 '' <Latency = 0> <II = 1> <Delay = 1.00> <Generic> <Opcode : >
ST_1 : Operation 11 [1/1] (0.42ns)   --->   "%store_ln1027 = store i13 0, i13 %i_V"   --->   Operation 11 'store' 'store_ln1027' <Predicate = true> <Delay = 0.42>

State 2 <SV = 1> <Delay = 1.20>
ST_2 : Operation 12 [1/1] (0.00ns)   --->   "%specmemcore_ln0 = specmemcore void @_ssdm_op_SpecMemCore, i8 %gamma_lut, i64 666, i64 207, i64 1"   --->   Operation 12 'specmemcore' 'specmemcore_ln0' <Predicate = true> <Delay = 0.00>
ST_2 : Operation 13 [1/1] (0.00ns)   --->   "%specinterface_ln0 = specinterface void @_ssdm_op_SpecInterface, i24 %aecin_data220, void @empty_26, i32 0, i32 0, void @empty_32, i32 0, i32 0, void @empty_32, void @empty_32, void @empty_32, i32 0, i32 0, i32 0, i32 0, void @empty_32, void @empty_32, i32 4294967295, i32 0"   --->   Operation 13 'specinterface' 'specinterface_ln0' <Predicate = true> <Delay = 0.00>
ST_2 : Operation 14 [1/1] (0.00ns)   --->   "%specinterface_ln0 = specinterface void @_ssdm_op_SpecInterface, i24 %p_dst_data219, void @empty_26, i32 0, i32 0, void @empty_32, i32 0, i32 0, void @empty_32, void @empty_32, void @empty_32, i32 0, i32 0, i32 0, i32 0, void @empty_32, void @empty_32, i32 4294967295, i32 0"   --->   Operation 14 'specinterface' 'specinterface_ln0' <Predicate = true> <Delay = 0.00>
ST_2 : Operation 15 [1/1] (0.00ns)   --->   "%specinterface_ln0 = specinterface void @_ssdm_op_SpecInterface, i8 %gamma_lut, void @empty_11, i32 0, i32 0, void @empty_32, i32 1, i32 0, void @empty_32, void @empty_32, void @empty_32, i32 0, i32 0, i32 0, i32 0, void @empty_32, void @empty_32, i32 4294967295, i32 0"   --->   Operation 15 'specinterface' 'specinterface_ln0' <Predicate = true> <Delay = 0.00>
ST_2 : Operation 16 [1/1] (1.20ns)   --->   "%p_read_19 = read i16 @_ssdm_op_Read.ap_auto.i16, i16 %p_read1"   --->   Operation 16 'read' 'p_read_19' <Predicate = true> <Delay = 1.20> <CoreInst = "FIFO_SRL">   --->   Core 81 'FIFO_SRL' <Latency = 0> <II = 1> <Delay = 1.83> <Storage> <Opcode : 'read' 'write' 'nbread' 'nbwrite'> <Ports = 0> <Width = -1> <Depth = -1> <FIFO>
ST_2 : Operation 17 [1/1] (1.20ns)   --->   "%p_read44 = read i16 @_ssdm_op_Read.ap_auto.i16, i16 %p_read"   --->   Operation 17 'read' 'p_read44' <Predicate = true> <Delay = 1.20> <CoreInst = "FIFO_SRL">   --->   Core 81 'FIFO_SRL' <Latency = 0> <II = 1> <Delay = 1.83> <Storage> <Opcode : 'read' 'write' 'nbread' 'nbwrite'> <Ports = 0> <Width = -1> <Depth = -1> <FIFO>
ST_2 : Operation 18 [1/2] (0.00ns)   --->   "%call_ln0 = call void @gammacorrection_Pipeline_VITIS_LOOP_57_2_VITIS_LOOP_58_3, i8 %gamma_lut, i8 %lut_p, i8 %lut_p_1, i8 %lut_p_2"   --->   Operation 18 'call' 'call_ln0' <Predicate = true> <Delay = 0.00> <CoreType = "Generic">   --->   Core 0 '' <Latency = 0> <II = 1> <Delay = 1.00> <Generic> <Opcode : >
ST_2 : Operation 19 [1/1] (0.00ns)   --->   "%br_ln1027 = br void %colLoop.i"   --->   Operation 19 'br' 'br_ln1027' <Predicate = true> <Delay = 0.00>

State 3 <SV = 2> <Delay = 1.52>
ST_3 : Operation 20 [1/1] (0.00ns)   --->   "%i_V_3 = load i13 %i_V"   --->   Operation 20 'load' 'i_V_3' <Predicate = true> <Delay = 0.00>
ST_3 : Operation 21 [1/1] (0.00ns)   --->   "%zext_ln1027 = zext i13 %i_V_3"   --->   Operation 21 'zext' 'zext_ln1027' <Predicate = true> <Delay = 0.00>
ST_3 : Operation 22 [1/1] (1.10ns)   --->   "%icmp_ln1027_1 = icmp_ult  i16 %zext_ln1027, i16 %p_read44"   --->   Operation 22 'icmp' 'icmp_ln1027_1' <Predicate = true> <Delay = 1.10> <CoreInst = "Cmp">   --->   Core 9 'Cmp' <Latency = 0> <II = 1> <Delay = 1.10> <FuncUnit> <Opcode : 'icmp'> <InPorts = 2> <OutPorts = 1>
ST_3 : Operation 23 [1/1] (0.82ns)   --->   "%i_V_4 = add i13 %i_V_3, i13 1"   --->   Operation 23 'add' 'i_V_4' <Predicate = true> <Delay = 0.82> <CoreInst = "Adder">   --->   Core 1 'Adder' <Latency = 0> <II = 1> <Delay = 0.82> <FuncUnit> <Opcode : 'add' 'sub'> <InPorts = 2> <OutPorts = 1>
ST_3 : Operation 24 [1/1] (0.00ns)   --->   "%br_ln70 = br i1 %icmp_ln1027_1, void %_ZN2xf2cv13xFGAMMAKernelILi9ELi1080ELi1920ELi3ELi15ELi1ELi3ELi3ELi9ELi9ELi1920EEEvRNS0_3MatIXT_EXT0_EXT1_EXT4_EXT5_EEERNS2_IXT_EXT0_EXT1_EXT4_EXT6_EEEPhtt.exit.loopexit, void %colLoop.i.split" [../../../../../overlays/Vitis_Libraries/vision//L1/include/imgproc/xf_gammacorrection.hpp:70]   --->   Operation 24 'br' 'br_ln70' <Predicate = true> <Delay = 0.00>
ST_3 : Operation 25 [1/1] (0.00ns)   --->   "%empty = wait i32 @_ssdm_op_Wait"   --->   Operation 25 'wait' 'empty' <Predicate = (icmp_ln1027_1)> <Delay = 0.00>
ST_3 : Operation 26 [1/1] (0.42ns)   --->   "%store_ln70 = store i13 %i_V_4, i13 %i_V" [../../../../../overlays/Vitis_Libraries/vision//L1/include/imgproc/xf_gammacorrection.hpp:70]   --->   Operation 26 'store' 'store_ln70' <Predicate = (icmp_ln1027_1)> <Delay = 0.42>
ST_3 : Operation 27 [1/1] (0.00ns)   --->   "%ret_ln120 = ret" [../../../../../overlays/Vitis_Libraries/vision//L1/include/imgproc/xf_gammacorrection.hpp:120]   --->   Operation 27 'ret' 'ret_ln120' <Predicate = (!icmp_ln1027_1)> <Delay = 0.00>

State 4 <SV = 3> <Delay = 1.52>
ST_4 : Operation 28 [2/2] (1.52ns)   --->   "%call_ln0 = call void @gammacorrection<9, 9, 1080, 1920, 1, 3, 3>_Pipeline_colLoop, i16 %p_read_19, i24 %aecin_data220, i8 %lut_p, i8 %lut_p_1, i8 %lut_p_2, i24 %p_dst_data219"   --->   Operation 28 'call' 'call_ln0' <Predicate = true> <Delay = 1.52> <CoreType = "Generic">   --->   Core 0 '' <Latency = 0> <II = 1> <Delay = 1.00> <Generic> <Opcode : >

State 5 <SV = 4> <Delay = 0.00>
ST_5 : Operation 29 [1/1] (0.00ns)   --->   "%speclooptripcount_ln72 = speclooptripcount void @_ssdm_op_SpecLoopTripCount, i64 1080, i64 1080, i64 1080" [../../../../../overlays/Vitis_Libraries/vision//L1/include/imgproc/xf_gammacorrection.hpp:72]   --->   Operation 29 'speclooptripcount' 'speclooptripcount_ln72' <Predicate = true> <Delay = 0.00>
ST_5 : Operation 30 [1/1] (0.00ns)   --->   "%specloopname_ln44 = specloopname void @_ssdm_op_SpecLoopName, void @empty_2" [../../../../../overlays/Vitis_Libraries/vision//L1/include/imgproc/xf_gammacorrection.hpp:44]   --->   Operation 30 'specloopname' 'specloopname_ln44' <Predicate = true> <Delay = 0.00>
ST_5 : Operation 31 [1/2] (0.00ns)   --->   "%call_ln0 = call void @gammacorrection<9, 9, 1080, 1920, 1, 3, 3>_Pipeline_colLoop, i16 %p_read_19, i24 %aecin_data220, i8 %lut_p, i8 %lut_p_1, i8 %lut_p_2, i24 %p_dst_data219"   --->   Operation 31 'call' 'call_ln0' <Predicate = true> <Delay = 0.00> <CoreType = "Generic">   --->   Core 0 '' <Latency = 0> <II = 1> <Delay = 1.00> <Generic> <Opcode : >
ST_5 : Operation 32 [1/1] (0.00ns)   --->   "%br_ln70 = br void %colLoop.i" [../../../../../overlays/Vitis_Libraries/vision//L1/include/imgproc/xf_gammacorrection.hpp:70]   --->   Operation 32 'br' 'br_ln70' <Predicate = true> <Delay = 0.00>


============================================================
+ Verbose Summary: Binding
============================================================
STG Binding: 
---------------- STG Properties BEGIN ----------------
- Is combinational: 0
- Is one-state seq: 0
- Is datapath-only: 0
- Is pipelined: 0
- Is top level: 0
Port [ Return ] is wired: 1; IO mode=ap_ctrl_hs:ce=0
Port [ p_read]:  wired=1; compound=0; hidden=0; nouse=0; global=0; static=0; extern=0; dir=0; type=0; pingpong=0; private_global=0; IO mode=ap_none:ce=0
Port [ p_read1]:  wired=1; compound=0; hidden=0; nouse=0; global=0; static=0; extern=0; dir=0; type=0; pingpong=0; private_global=0; IO mode=ap_none:ce=0
Port [ aecin_data220]:  wired=1; compound=1; hidden=0; nouse=0; global=0; static=0; extern=0; dir=0; type=3; pingpong=0; private_global=0; IO mode=ap_fifo:ce=0
Port [ p_dst_data219]:  wired=1; compound=1; hidden=0; nouse=0; global=0; static=0; extern=0; dir=1; type=3; pingpong=0; private_global=0; IO mode=ap_fifo:ce=0
Port [ gamma_lut]:  wired=1; compound=1; hidden=0; nouse=0; global=0; static=0; extern=0; dir=0; type=1; pingpong=0; private_global=0; MemPort=[1]; IO mode=ap_memory:ce=0
---------------- STG Properties END ------------------

---------------- Datapath Model BEGIN ----------------

<LifeTime>
<method=bitvector/>
i_V                    (alloca           ) [ 011111]
lut_p                  (alloca           ) [ 001111]
lut_p_1                (alloca           ) [ 001111]
lut_p_2                (alloca           ) [ 001111]
store_ln1027           (store            ) [ 000000]
specmemcore_ln0        (specmemcore      ) [ 000000]
specinterface_ln0      (specinterface    ) [ 000000]
specinterface_ln0      (specinterface    ) [ 000000]
specinterface_ln0      (specinterface    ) [ 000000]
p_read_19              (read             ) [ 000111]
p_read44               (read             ) [ 000111]
call_ln0               (call             ) [ 000000]
br_ln1027              (br               ) [ 000000]
i_V_3                  (load             ) [ 000000]
zext_ln1027            (zext             ) [ 000000]
icmp_ln1027_1          (icmp             ) [ 000111]
i_V_4                  (add              ) [ 000000]
br_ln70                (br               ) [ 000000]
empty                  (wait             ) [ 000000]
store_ln70             (store            ) [ 000000]
ret_ln120              (ret              ) [ 000000]
speclooptripcount_ln72 (speclooptripcount) [ 000000]
specloopname_ln44      (specloopname     ) [ 000000]
call_ln0               (call             ) [ 000000]
br_ln70                (br               ) [ 000000]
</LifeTime>

<model>

<comp_list>
<comp id="0" class="1000" name="p_read">
<pin_list>
<pin id="1" dir="1" index="0" bw="1" slack="0"/>
</pin_list>
<bind>
<StgValue><ssdm name="p_read"/></StgValue>
</bind>
</comp>

<comp id="2" class="1000" name="p_read1">
<pin_list>
<pin id="3" dir="1" index="0" bw="1" slack="0"/>
</pin_list>
<bind>
<StgValue><ssdm name="p_read1"/></StgValue>
</bind>
</comp>

<comp id="4" class="1000" name="aecin_data220">
<pin_list>
<pin id="5" dir="1" index="0" bw="1" slack="0"/>
</pin_list>
<bind>
<StgValue><ssdm name="aecin_data220"/></StgValue>
</bind>
</comp>

<comp id="6" class="1000" name="p_dst_data219">
<pin_list>
<pin id="7" dir="1" index="0" bw="1" slack="0"/>
</pin_list>
<bind>
<StgValue><ssdm name="p_dst_data219"/></StgValue>
</bind>
</comp>

<comp id="8" class="1000" name="gamma_lut">
<pin_list>
<pin id="9" dir="1" index="0" bw="1" slack="0"/>
</pin_list>
<bind>
<StgValue><ssdm name="gamma_lut"/><MemPortTyVec>1 </MemPortTyVec>
</StgValue>
</bind>
</comp>

<comp id="10" class="1001" name="const_10">
<pin_list>
<pin id="11" dir="1" index="0" bw="1" slack="0"/>
</pin_list>
<bind>
<StgValue><ssdm name=""/></StgValue>
</bind>
</comp>

<comp id="12" class="1001" name="const_12">
<pin_list>
<pin id="13" dir="1" index="0" bw="1" slack="0"/>
</pin_list>
<bind>
<StgValue><ssdm name=""/></StgValue>
</bind>
</comp>

<comp id="14" class="1001" name="const_14">
<pin_list>
<pin id="15" dir="1" index="0" bw="1" slack="0"/>
</pin_list>
<bind>
<StgValue><ssdm name="gammacorrection_Pipeline_VITIS_LOOP_57_2_VITIS_LOOP_58_3"/></StgValue>
</bind>
</comp>

<comp id="16" class="1001" name="const_16">
<pin_list>
<pin id="17" dir="1" index="0" bw="1" slack="0"/>
</pin_list>
<bind>
<StgValue><ssdm name=""/></StgValue>
</bind>
</comp>

<comp id="18" class="1001" name="const_18">
<pin_list>
<pin id="19" dir="1" index="0" bw="1" slack="2147483647"/>
</pin_list>
<bind>
<StgValue><ssdm name="_ssdm_op_SpecMemCore"/></StgValue>
</bind>
</comp>

<comp id="20" class="1001" name="const_20">
<pin_list>
<pin id="21" dir="1" index="0" bw="1" slack="2147483647"/>
</pin_list>
<bind>
<StgValue><ssdm name=""/></StgValue>
</bind>
</comp>

<comp id="22" class="1001" name="const_22">
<pin_list>
<pin id="23" dir="1" index="0" bw="1" slack="2147483647"/>
</pin_list>
<bind>
<StgValue><ssdm name=""/></StgValue>
</bind>
</comp>

<comp id="24" class="1001" name="const_24">
<pin_list>
<pin id="25" dir="1" index="0" bw="1" slack="2147483647"/>
</pin_list>
<bind>
<StgValue><ssdm name="_ssdm_op_SpecInterface"/></StgValue>
</bind>
</comp>

<comp id="26" class="1001" name="const_26">
<pin_list>
<pin id="27" dir="1" index="0" bw="1" slack="2147483647"/>
</pin_list>
<bind>
<StgValue><ssdm name="empty_26"/></StgValue>
</bind>
</comp>

<comp id="28" class="1001" name="const_28">
<pin_list>
<pin id="29" dir="1" index="0" bw="1" slack="2147483647"/>
</pin_list>
<bind>
<StgValue><ssdm name=""/></StgValue>
</bind>
</comp>

<comp id="30" class="1001" name="const_30">
<pin_list>
<pin id="31" dir="1" index="0" bw="1" slack="2147483647"/>
</pin_list>
<bind>
<StgValue><ssdm name="empty_32"/></StgValue>
</bind>
</comp>

<comp id="32" class="1001" name="const_32">
<pin_list>
<pin id="33" dir="1" index="0" bw="1" slack="2147483647"/>
</pin_list>
<bind>
<StgValue><ssdm name=""/></StgValue>
</bind>
</comp>

<comp id="34" class="1001" name="const_34">
<pin_list>
<pin id="35" dir="1" index="0" bw="1" slack="2147483647"/>
</pin_list>
<bind>
<StgValue><ssdm name="empty_11"/></StgValue>
</bind>
</comp>

<comp id="36" class="1001" name="const_36">
<pin_list>
<pin id="37" dir="1" index="0" bw="1" slack="0"/>
</pin_list>
<bind>
<StgValue><ssdm name="_ssdm_op_Read.ap_auto.i16"/></StgValue>
</bind>
</comp>

<comp id="38" class="1001" name="const_38">
<pin_list>
<pin id="39" dir="1" index="0" bw="1" slack="0"/>
</pin_list>
<bind>
<StgValue><ssdm name=""/></StgValue>
</bind>
</comp>

<comp id="40" class="1001" name="const_40">
<pin_list>
<pin id="41" dir="1" index="0" bw="1" slack="2147483647"/>
</pin_list>
<bind>
<StgValue><ssdm name="_ssdm_op_Wait"/></StgValue>
</bind>
</comp>

<comp id="42" class="1001" name="const_42">
<pin_list>
<pin id="43" dir="1" index="0" bw="1" slack="0"/>
</pin_list>
<bind>
<StgValue><ssdm name="gammacorrection<9, 9, 1080, 1920, 1, 3, 3>_Pipeline_colLoop"/></StgValue>
</bind>
</comp>

<comp id="44" class="1001" name="const_44">
<pin_list>
<pin id="45" dir="1" index="0" bw="1" slack="2147483647"/>
</pin_list>
<bind>
<StgValue><ssdm name="_ssdm_op_SpecLoopTripCount"/></StgValue>
</bind>
</comp>

<comp id="46" class="1001" name="const_46">
<pin_list>
<pin id="47" dir="1" index="0" bw="1" slack="2147483647"/>
</pin_list>
<bind>
<StgValue><ssdm name=""/></StgValue>
</bind>
</comp>

<comp id="48" class="1001" name="const_48">
<pin_list>
<pin id="49" dir="1" index="0" bw="1" slack="2147483647"/>
</pin_list>
<bind>
<StgValue><ssdm name="_ssdm_op_SpecLoopName"/></StgValue>
</bind>
</comp>

<comp id="50" class="1001" name="const_50">
<pin_list>
<pin id="51" dir="1" index="0" bw="1" slack="2147483647"/>
</pin_list>
<bind>
<StgValue><ssdm name="empty_2"/></StgValue>
</bind>
</comp>

<comp id="52" class="1004" name="i_V_fu_52">
<pin_list>
<pin id="53" dir="0" index="0" bw="1" slack="0"/>
<pin id="54" dir="1" index="1" bw="13" slack="0"/>
</pin_list>
<bind>
<opcode="alloca(26) " fcode="alloca"/>
<opset="i_V/1 "/>
</bind>
</comp>

<comp id="56" class="1004" name="lut_p_alloca_fu_56">
<pin_list>
<pin id="57" dir="0" index="0" bw="1" slack="0"/>
<pin id="58" dir="1" index="1" bw="8" slack="0"/>
</pin_list>
<bind>
<opcode="alloca(26) " fcode="alloca"/>
<opset="lut_p/1 "/>
</bind>
</comp>

<comp id="60" class="1004" name="lut_p_1_alloca_fu_60">
<pin_list>
<pin id="61" dir="0" index="0" bw="1" slack="0"/>
<pin id="62" dir="1" index="1" bw="8" slack="0"/>
</pin_list>
<bind>
<opcode="alloca(26) " fcode="alloca"/>
<opset="lut_p_1/1 "/>
</bind>
</comp>

<comp id="64" class="1004" name="lut_p_2_alloca_fu_64">
<pin_list>
<pin id="65" dir="0" index="0" bw="1" slack="0"/>
<pin id="66" dir="1" index="1" bw="8" slack="0"/>
</pin_list>
<bind>
<opcode="alloca(26) " fcode="alloca"/>
<opset="lut_p_2/1 "/>
</bind>
</comp>

<comp id="68" class="1004" name="p_read_19_read_fu_68">
<pin_list>
<pin id="69" dir="0" index="0" bw="16" slack="0"/>
<pin id="70" dir="0" index="1" bw="16" slack="0"/>
<pin id="71" dir="1" index="2" bw="16" slack="2"/>
</pin_list>
<bind>
<opcode="read(1150) " fcode="read"/>
<opset="p_read_19/2 "/>
</bind>
</comp>

<comp id="74" class="1004" name="p_read44_read_fu_74">
<pin_list>
<pin id="75" dir="0" index="0" bw="16" slack="0"/>
<pin id="76" dir="0" index="1" bw="16" slack="0"/>
<pin id="77" dir="1" index="2" bw="16" slack="1"/>
</pin_list>
<bind>
<opcode="read(1150) " fcode="read"/>
<opset="p_read44/2 "/>
</bind>
</comp>

<comp id="80" class="1004" name="grp_gammacorrection_Pipeline_VITIS_LOOP_57_2_VITIS_LOOP_58_3_fu_80">
<pin_list>
<pin id="81" dir="0" index="0" bw="0" slack="0"/>
<pin id="82" dir="0" index="1" bw="8" slack="0"/>
<pin id="83" dir="0" index="2" bw="8" slack="0"/>
<pin id="84" dir="0" index="3" bw="8" slack="0"/>
<pin id="85" dir="0" index="4" bw="8" slack="0"/>
<pin id="86" dir="1" index="5" bw="0" slack="2147483647"/>
</pin_list>
<bind>
<opcode="call(48) " fcode="call"/>
<opset="call_ln0/1 "/>
</bind>
</comp>

<comp id="92" class="1004" name="grp_gammacorrection_9_9_1080_1920_1_3_3_Pipeline_colLoop_fu_92">
<pin_list>
<pin id="93" dir="0" index="0" bw="0" slack="0"/>
<pin id="94" dir="0" index="1" bw="16" slack="2"/>
<pin id="95" dir="0" index="2" bw="24" slack="0"/>
<pin id="96" dir="0" index="3" bw="8" slack="2147483647"/>
<pin id="97" dir="0" index="4" bw="8" slack="2147483647"/>
<pin id="98" dir="0" index="5" bw="8" slack="2147483647"/>
<pin id="99" dir="0" index="6" bw="24" slack="0"/>
<pin id="100" dir="1" index="7" bw="0" slack="2147483647"/>
</pin_list>
<bind>
<opcode="call(48) " fcode="call"/>
<opset="call_ln0/4 "/>
</bind>
</comp>

<comp id="104" class="1004" name="store_ln1027_store_fu_104">
<pin_list>
<pin id="105" dir="0" index="0" bw="1" slack="0"/>
<pin id="106" dir="0" index="1" bw="13" slack="0"/>
<pin id="107" dir="1" index="2" bw="0" slack="2147483647"/>
</pin_list>
<bind>
<opcode="store(28) " fcode="store"/>
<opset="store_ln1027/1 "/>
</bind>
</comp>

<comp id="109" class="1004" name="i_V_3_load_fu_109">
<pin_list>
<pin id="110" dir="0" index="0" bw="13" slack="2"/>
<pin id="111" dir="1" index="1" bw="13" slack="0"/>
</pin_list>
<bind>
<opcode="load(27) " fcode="load"/>
<opset="i_V_3/3 "/>
</bind>
</comp>

<comp id="112" class="1004" name="zext_ln1027_fu_112">
<pin_list>
<pin id="113" dir="0" index="0" bw="13" slack="0"/>
<pin id="114" dir="1" index="1" bw="16" slack="0"/>
</pin_list>
<bind>
<opcode="zext(34) " fcode="zext"/>
<opset="zext_ln1027/3 "/>
</bind>
</comp>

<comp id="116" class="1004" name="icmp_ln1027_1_fu_116">
<pin_list>
<pin id="117" dir="0" index="0" bw="13" slack="0"/>
<pin id="118" dir="0" index="1" bw="16" slack="1"/>
<pin id="119" dir="1" index="2" bw="1" slack="2147483647"/>
</pin_list>
<bind>
<opcode="icmp(45) " fcode="icmp"/>
<opset="icmp_ln1027_1/3 "/>
</bind>
</comp>

<comp id="121" class="1004" name="i_V_4_fu_121">
<pin_list>
<pin id="122" dir="0" index="0" bw="13" slack="0"/>
<pin id="123" dir="0" index="1" bw="1" slack="0"/>
<pin id="124" dir="1" index="2" bw="13" slack="0"/>
</pin_list>
<bind>
<opcode="add(8) " fcode="add"/>
<opset="i_V_4/3 "/>
</bind>
</comp>

<comp id="127" class="1004" name="store_ln70_store_fu_127">
<pin_list>
<pin id="128" dir="0" index="0" bw="13" slack="0"/>
<pin id="129" dir="0" index="1" bw="13" slack="2"/>
<pin id="130" dir="1" index="2" bw="0" slack="2147483647"/>
</pin_list>
<bind>
<opcode="store(28) " fcode="store"/>
<opset="store_ln70/3 "/>
</bind>
</comp>

<comp id="132" class="1005" name="i_V_reg_132">
<pin_list>
<pin id="133" dir="0" index="0" bw="13" slack="0"/>
<pin id="134" dir="1" index="1" bw="13" slack="0"/>
</pin_list>
<bind>
<opset="i_V "/>
</bind>
</comp>

<comp id="139" class="1005" name="p_read_19_reg_139">
<pin_list>
<pin id="140" dir="0" index="0" bw="16" slack="2"/>
<pin id="141" dir="1" index="1" bw="16" slack="2"/>
</pin_list>
<bind>
<opset="p_read_19 "/>
</bind>
</comp>

<comp id="144" class="1005" name="p_read44_reg_144">
<pin_list>
<pin id="145" dir="0" index="0" bw="16" slack="1"/>
<pin id="146" dir="1" index="1" bw="16" slack="1"/>
</pin_list>
<bind>
<opset="p_read44 "/>
</bind>
</comp>

</comp_list>

<net_list>
<net id="55"><net_src comp="10" pin="0"/><net_sink comp="52" pin=0"/></net>

<net id="59"><net_src comp="12" pin="0"/><net_sink comp="56" pin=0"/></net>

<net id="63"><net_src comp="12" pin="0"/><net_sink comp="60" pin=0"/></net>

<net id="67"><net_src comp="12" pin="0"/><net_sink comp="64" pin=0"/></net>

<net id="72"><net_src comp="36" pin="0"/><net_sink comp="68" pin=0"/></net>

<net id="73"><net_src comp="2" pin="0"/><net_sink comp="68" pin=1"/></net>

<net id="78"><net_src comp="36" pin="0"/><net_sink comp="74" pin=0"/></net>

<net id="79"><net_src comp="0" pin="0"/><net_sink comp="74" pin=1"/></net>

<net id="87"><net_src comp="14" pin="0"/><net_sink comp="80" pin=0"/></net>

<net id="88"><net_src comp="8" pin="0"/><net_sink comp="80" pin=1"/></net>

<net id="89"><net_src comp="56" pin="1"/><net_sink comp="80" pin=2"/></net>

<net id="90"><net_src comp="60" pin="1"/><net_sink comp="80" pin=3"/></net>

<net id="91"><net_src comp="64" pin="1"/><net_sink comp="80" pin=4"/></net>

<net id="101"><net_src comp="42" pin="0"/><net_sink comp="92" pin=0"/></net>

<net id="102"><net_src comp="4" pin="0"/><net_sink comp="92" pin=2"/></net>

<net id="103"><net_src comp="6" pin="0"/><net_sink comp="92" pin=6"/></net>

<net id="108"><net_src comp="16" pin="0"/><net_sink comp="104" pin=0"/></net>

<net id="115"><net_src comp="109" pin="1"/><net_sink comp="112" pin=0"/></net>

<net id="120"><net_src comp="112" pin="1"/><net_sink comp="116" pin=0"/></net>

<net id="125"><net_src comp="109" pin="1"/><net_sink comp="121" pin=0"/></net>

<net id="126"><net_src comp="38" pin="0"/><net_sink comp="121" pin=1"/></net>

<net id="131"><net_src comp="121" pin="2"/><net_sink comp="127" pin=0"/></net>

<net id="135"><net_src comp="52" pin="1"/><net_sink comp="132" pin=0"/></net>

<net id="136"><net_src comp="132" pin="1"/><net_sink comp="104" pin=1"/></net>

<net id="137"><net_src comp="132" pin="1"/><net_sink comp="109" pin=0"/></net>

<net id="138"><net_src comp="132" pin="1"/><net_sink comp="127" pin=1"/></net>

<net id="142"><net_src comp="68" pin="2"/><net_sink comp="139" pin=0"/></net>

<net id="143"><net_src comp="139" pin="1"/><net_sink comp="92" pin=1"/></net>

<net id="147"><net_src comp="74" pin="2"/><net_sink comp="144" pin=0"/></net>

<net id="148"><net_src comp="144" pin="1"/><net_sink comp="116" pin=1"/></net>

</net_list>

</model> 
---------------- Datapath Model END ------------------

* FSMD analyzer results:
  - Output states:
	Port: p_dst_data219 | {4 5 }
 - Input state : 
	Port: gammacorrection<9, 9, 1080, 1920, 1, 3, 3> : p_read | {2 }
	Port: gammacorrection<9, 9, 1080, 1920, 1, 3, 3> : p_read1 | {2 }
	Port: gammacorrection<9, 9, 1080, 1920, 1, 3, 3> : aecin_data220 | {4 5 }
	Port: gammacorrection<9, 9, 1080, 1920, 1, 3, 3> : gamma_lut | {1 2 }
  - Chain level:
	State 1
		call_ln0 : 1
		store_ln1027 : 1
	State 2
	State 3
		zext_ln1027 : 1
		icmp_ln1027_1 : 2
		i_V_4 : 1
		br_ln70 : 3
		store_ln70 : 2
	State 4
	State 5


============================================================
+ Verbose Summary: Datapath Resource usage 
============================================================

* Functional unit list:
|----------|--------------------------------------------------------------------|---------|---------|---------|
| Operation|                           Functional Unit                          |  Delay  |    FF   |   LUT   |
|----------|--------------------------------------------------------------------|---------|---------|---------|
|   call   | grp_gammacorrection_Pipeline_VITIS_LOOP_57_2_VITIS_LOOP_58_3_fu_80 |  0.427  |    60   |    84   |
|          |   grp_gammacorrection_9_9_1080_1920_1_3_3_Pipeline_colLoop_fu_92   |  1.281  |    89   |    63   |
|----------|--------------------------------------------------------------------|---------|---------|---------|
|    add   |                            i_V_4_fu_121                            |    0    |    0    |    20   |
|----------|--------------------------------------------------------------------|---------|---------|---------|
|   icmp   |                        icmp_ln1027_1_fu_116                        |    0    |    0    |    13   |
|----------|--------------------------------------------------------------------|---------|---------|---------|
|   read   |                        p_read_19_read_fu_68                        |    0    |    0    |    0    |
|          |                         p_read44_read_fu_74                        |    0    |    0    |    0    |
|----------|--------------------------------------------------------------------|---------|---------|---------|
|   zext   |                         zext_ln1027_fu_112                         |    0    |    0    |    0    |
|----------|--------------------------------------------------------------------|---------|---------|---------|
|   Total  |                                                                    |  1.708  |   149   |   180   |
|----------|--------------------------------------------------------------------|---------|---------|---------|

Memories:
+-------+--------+--------+--------+--------+
|       |  BRAM  |   FF   |   LUT  |  URAM  |
+-------+--------+--------+--------+--------+
| lut_p |    1   |    0   |    0   |    0   |
|lut_p_1|    1   |    0   |    0   |    0   |
|lut_p_2|    1   |    0   |    0   |    0   |
+-------+--------+--------+--------+--------+
| Total |    3   |    0   |    0   |    0   |
+-------+--------+--------+--------+--------+

* Register list:
+-----------------+--------+
|                 |   FF   |
+-----------------+--------+
|   i_V_reg_132   |   13   |
| p_read44_reg_144|   16   |
|p_read_19_reg_139|   16   |
+-----------------+--------+
|      Total      |   45   |
+-----------------+--------+

* Multiplexer (MUX) list: 
|--------|------|------|------|--------|
|  Comp  |  Pin | Size |  BW  | S x BW |
|--------|------|------|------|--------|
|  Total |      |      |      |    0   |
|--------|------|------|------|--------|



* Summary:
+-----------+--------+--------+--------+--------+--------+
|           |  BRAM  |  Delay |   FF   |   LUT  |  URAM  |
+-----------+--------+--------+--------+--------+--------+
|  Function |    -   |    1   |   149  |   180  |    -   |
|   Memory  |    3   |    -   |    0   |    0   |    0   |
|Multiplexer|    -   |    -   |    -   |    -   |    -   |
|  Register |    -   |    -   |   45   |    -   |    -   |
+-----------+--------+--------+--------+--------+--------+
|   Total   |    3   |    1   |   194  |   180  |    0   |
+-----------+--------+--------+--------+--------+--------+
