

================================================================
== Vitis HLS Report for 'gammacorrection_Pipeline_VITIS_LOOP_57_2_VITIS_LOOP_58_3'
================================================================
* Date:           Thu Mar  5 08:43:00 2026

* Version:        2022.2 (Build 3670227 on Oct 13 2022)
* Project:        isppipeline.prj
* Solution:       sol1 (Vivado IP Flow Target)
* Product family: zynquplus
* Target device:  xck26-sfvc784-2LV-c


================================================================
== Performance Estimates
================================================================
+ Timing: 
    * Summary: 
    +--------+---------+----------+------------+
    |  Clock |  Target | Estimated| Uncertainty|
    +--------+---------+----------+------------+
    |ap_clk  |  3.30 ns|  1.964 ns|     0.89 ns|
    +--------+---------+----------+------------+

+ Latency: 
    * Summary: 
    +---------+---------+----------+----------+-----+-----+---------+
    |  Latency (cycles) |  Latency (absolute) |  Interval | Pipeline|
    |   min   |   max   |    min   |    max   | min | max |   Type  |
    +---------+---------+----------+----------+-----+-----+---------+
    |      772|      772|  2.548 us|  2.548 us|  772|  772|       no|
    +---------+---------+----------+----------+-----+-----+---------+

    + Detail: 
        * Instance: 
        N/A

        * Loop: 
        +-----------------------------------+---------+---------+----------+-----------+-----------+------+----------+
        |                                   |  Latency (cycles) | Iteration|  Initiation Interval  | Trip |          |
        |             Loop Name             |   min   |   max   |  Latency |  achieved |   target  | Count| Pipelined|
        +-----------------------------------+---------+---------+----------+-----------+-----------+------+----------+
        |- VITIS_LOOP_57_2_VITIS_LOOP_58_3  |      770|      770|         4|          1|          1|   768|       yes|
        +-----------------------------------+---------+---------+----------+-----------+-----------+------+----------+

============================================================
+ Verbose Summary: Synthesis Manager
============================================================
InlineROM: 1
ExposeGlobal: 0
============================================================
+ Verbose Summary: CDFG Model
============================================================
IsTopModel: 0
ResetActiveHigh: 1
IsCombinational: 0
IsDatapathOnly: 0
HasWiredReturn: 1
HasMFsm: 2
HasVarLatency: 1
IsPipeline: 0
IsRtlPipelined: 0
IsInstanceOverlapped: 0
IsDontTouch: 0
HasImplIP: 0
IsGatedGlobalClock: 0

+ Individual pipeline summary: 
  * Pipeline-0: initiation interval (II) = 1, depth = 4


============================================================
+ Verbose Summary: Schedule
============================================================
* Number of FSM states : 4
* Pipeline : 1
  Pipeline-0 : II = 1, D = 4, States = { 1 2 3 4 }
* Dataflow Pipeline: 0

* FSM state transitions: 
1 --> 2 
2 --> 3 
3 --> 4 
4 --> 

* FSM state operations: 

State 1 <SV = 0> <Delay = 1.33>
ST_1 : Operation 7 [1/1] (0.00ns)   --->   "%j_V = alloca i32 1"   --->   Operation 7 'alloca' 'j_V' <Predicate = true> <Delay = 0.00>
ST_1 : Operation 8 [1/1] (0.00ns)   --->   "%k_V = alloca i32 1"   --->   Operation 8 'alloca' 'k_V' <Predicate = true> <Delay = 0.00>
ST_1 : Operation 9 [1/1] (0.00ns)   --->   "%indvar_flatten = alloca i32 1"   --->   Operation 9 'alloca' 'indvar_flatten' <Predicate = true> <Delay = 0.00>
ST_1 : Operation 10 [1/1] (0.00ns)   --->   "%specmemcore_ln0 = specmemcore void @_ssdm_op_SpecMemCore, i8 %gamma_lut, i64 666, i64 207, i64 1"   --->   Operation 10 'specmemcore' 'specmemcore_ln0' <Predicate = true> <Delay = 0.00>
ST_1 : Operation 11 [1/1] (0.00ns)   --->   "%specinterface_ln0 = specinterface void @_ssdm_op_SpecInterface, i8 %gamma_lut, void @empty_11, i32 0, i32 0, void @empty_32, i32 1, i32 0, void @empty_32, void @empty_32, void @empty_32, i32 0, i32 0, i32 0, i32 0, void @empty_32, void @empty_32, i32 4294967295, i32 0"   --->   Operation 11 'specinterface' 'specinterface_ln0' <Predicate = true> <Delay = 0.00>
ST_1 : Operation 12 [1/1] (0.42ns)   --->   "%store_ln0 = store i10 0, i10 %indvar_flatten"   --->   Operation 12 'store' 'store_ln0' <Predicate = true> <Delay = 0.42>
ST_1 : Operation 13 [1/1] (0.42ns)   --->   "%store_ln0 = store i2 0, i2 %k_V"   --->   Operation 13 'store' 'store_ln0' <Predicate = true> <Delay = 0.42>
ST_1 : Operation 14 [1/1] (0.42ns)   --->   "%store_ln0 = store i9 0, i9 %j_V"   --->   Operation 14 'store' 'store_ln0' <Predicate = true> <Delay = 0.42>
ST_1 : Operation 15 [1/1] (0.00ns)   --->   "%br_ln0 = br void %for.inc.i"   --->   Operation 15 'br' 'br_ln0' <Predicate = true> <Delay = 0.00>
ST_1 : Operation 16 [1/1] (0.00ns)   --->   "%indvar_flatten_load = load i10 %indvar_flatten"   --->   Operation 16 'load' 'indvar_flatten_load' <Predicate = true> <Delay = 0.00>
ST_1 : Operation 17 [1/1] (0.00ns)   --->   "%specpipeline_ln0 = specpipeline void @_ssdm_op_SpecPipeline, i32 4294967295, i32 0, i32 1, i32 0, void @p_str"   --->   Operation 17 'specpipeline' 'specpipeline_ln0' <Predicate = true> <Delay = 0.00>
ST_1 : Operation 18 [1/1] (0.91ns)   --->   "%icmp_ln1027 = icmp_eq  i10 %indvar_flatten_load, i10 768"   --->   Operation 18 'icmp' 'icmp_ln1027' <Predicate = true> <Delay = 0.91> <CoreInst = "Cmp">   --->   Core 9 'Cmp' <Latency = 0> <II = 1> <Delay = 0.91> <FuncUnit> <Opcode : 'icmp'> <InPorts = 2> <OutPorts = 1>
ST_1 : Operation 19 [1/1] (0.78ns)   --->   "%add_ln1027 = add i10 %indvar_flatten_load, i10 1"   --->   Operation 19 'add' 'add_ln1027' <Predicate = true> <Delay = 0.78> <CoreInst = "Adder">   --->   Core 1 'Adder' <Latency = 0> <II = 1> <Delay = 0.78> <FuncUnit> <Opcode : 'add' 'sub'> <InPorts = 2> <OutPorts = 1>
ST_1 : Operation 20 [1/1] (0.00ns)   --->   "%br_ln1027 = br i1 %icmp_ln1027, void %for.inc18.i, void %colLoop.i.preheader.exitStub"   --->   Operation 20 'br' 'br_ln1027' <Predicate = true> <Delay = 0.00>
ST_1 : Operation 21 [1/1] (0.00ns)   --->   "%j_V_load = load i9 %j_V"   --->   Operation 21 'load' 'j_V_load' <Predicate = (!icmp_ln1027)> <Delay = 0.00>
ST_1 : Operation 22 [1/1] (0.88ns)   --->   "%icmp_ln1027_1 = icmp_eq  i9 %j_V_load, i9 256"   --->   Operation 22 'icmp' 'icmp_ln1027_1' <Predicate = (!icmp_ln1027)> <Delay = 0.88> <CoreInst = "Cmp">   --->   Core 9 'Cmp' <Latency = 0> <II = 1> <Delay = 0.88> <FuncUnit> <Opcode : 'icmp'> <InPorts = 2> <OutPorts = 1>
ST_1 : Operation 23 [1/1] (0.39ns)   --->   "%select_ln44 = select i1 %icmp_ln1027_1, i9 0, i9 %j_V_load" [../../../../../overlays/Vitis_Libraries/vision//L1/include/imgproc/xf_gammacorrection.hpp:44]   --->   Operation 23 'select' 'select_ln44' <Predicate = (!icmp_ln1027)> <Delay = 0.39> <CoreInst = "Sel">   --->   Core 73 'Sel' <Latency = 0> <II = 1> <Delay = 0.39> <FuncUnit> <Opcode : 'select'> <InPorts = 3> <OutPorts = 1>
ST_1 : Operation 24 [1/1] (0.00ns)   --->   "%rhs = trunc i9 %select_ln44"   --->   Operation 24 'trunc' 'rhs' <Predicate = (!icmp_ln1027)> <Delay = 0.00>
ST_1 : Operation 25 [1/1] (0.42ns)   --->   "%store_ln58 = store i10 %add_ln1027, i10 %indvar_flatten" [../../../../../overlays/Vitis_Libraries/vision//L1/include/imgproc/xf_gammacorrection.hpp:58]   --->   Operation 25 'store' 'store_ln58' <Predicate = (!icmp_ln1027)> <Delay = 0.42>

State 2 <SV = 1> <Delay = 1.96>
ST_2 : Operation 26 [1/1] (0.00ns)   --->   "%k_V_load = load i2 %k_V"   --->   Operation 26 'load' 'k_V_load' <Predicate = true> <Delay = 0.00>
ST_2 : Operation 27 [1/1] (0.54ns)   --->   "%add_ln840_1 = add i2 %k_V_load, i2 1"   --->   Operation 27 'add' 'add_ln840_1' <Predicate = (icmp_ln1027_1)> <Delay = 0.54> <CoreInst = "Adder">   --->   Core 1 'Adder' <Latency = 0> <II = 1> <Delay = 0.54> <FuncUnit> <Opcode : 'add' 'sub'> <InPorts = 2> <OutPorts = 1>
ST_2 : Operation 28 [1/1] (0.17ns)   --->   "%select_ln1027 = select i1 %icmp_ln1027_1, i2 %add_ln840_1, i2 %k_V_load"   --->   Operation 28 'select' 'select_ln1027' <Predicate = true> <Delay = 0.17> <CoreInst = "Sel">   --->   Core 73 'Sel' <Latency = 0> <II = 1> <Delay = 0.17> <FuncUnit> <Opcode : 'select'> <InPorts = 3> <OutPorts = 1>
ST_2 : Operation 29 [1/1] (0.00ns)   --->   "%ret_V = bitconcatenate i10 @_ssdm_op_BitConcatenate.i10.i2.i8, i2 %select_ln1027, i8 %rhs"   --->   Operation 29 'bitconcatenate' 'ret_V' <Predicate = true> <Delay = 0.00>
ST_2 : Operation 30 [1/1] (0.00ns)   --->   "%zext_ln541 = zext i10 %ret_V"   --->   Operation 30 'zext' 'zext_ln541' <Predicate = true> <Delay = 0.00>
ST_2 : Operation 31 [1/1] (0.00ns)   --->   "%gamma_lut_addr = getelementptr i8 %gamma_lut, i64 0, i64 %zext_ln541" [../../../../../overlays/Vitis_Libraries/vision//L1/include/imgproc/xf_gammacorrection.hpp:59]   --->   Operation 31 'getelementptr' 'gamma_lut_addr' <Predicate = true> <Delay = 0.00>
ST_2 : Operation 32 [2/2] (1.23ns)   --->   "%gamma_lut_load = load i10 %gamma_lut_addr" [../../../../../overlays/Vitis_Libraries/vision//L1/include/imgproc/xf_gammacorrection.hpp:59]   --->   Operation 32 'load' 'gamma_lut_load' <Predicate = true> <Delay = 1.23> <CoreInst = "RAM_1P">   --->   Core 88 'RAM_1P' <Latency = 1> <II = 1> <Delay = 1.23> <Storage> <Opcode : 'load' 'store'> <Ports = 1> <Width = 8> <Depth = 768> <RAM>
ST_2 : Operation 33 [1/1] (0.44ns)   --->   "%switch_ln59 = switch i2 %select_ln1027, void %arrayidx162.i.case.2, i2 0, void %arrayidx162.i.case.0, i2 1, void %arrayidx162.i.case.1" [../../../../../overlays/Vitis_Libraries/vision//L1/include/imgproc/xf_gammacorrection.hpp:59]   --->   Operation 33 'switch' 'switch_ln59' <Predicate = true> <Delay = 0.44>
ST_2 : Operation 34 [1/1] (0.77ns)   --->   "%add_ln840 = add i9 %select_ln44, i9 1"   --->   Operation 34 'add' 'add_ln840' <Predicate = true> <Delay = 0.77> <CoreInst = "Adder">   --->   Core 1 'Adder' <Latency = 0> <II = 1> <Delay = 0.77> <FuncUnit> <Opcode : 'add' 'sub'> <InPorts = 2> <OutPorts = 1>
ST_2 : Operation 35 [1/1] (0.42ns)   --->   "%store_ln58 = store i2 %select_ln1027, i2 %k_V" [../../../../../overlays/Vitis_Libraries/vision//L1/include/imgproc/xf_gammacorrection.hpp:58]   --->   Operation 35 'store' 'store_ln58' <Predicate = true> <Delay = 0.42>
ST_2 : Operation 36 [1/1] (0.42ns)   --->   "%store_ln58 = store i9 %add_ln840, i9 %j_V" [../../../../../overlays/Vitis_Libraries/vision//L1/include/imgproc/xf_gammacorrection.hpp:58]   --->   Operation 36 'store' 'store_ln58' <Predicate = true> <Delay = 0.42>
ST_2 : Operation 37 [1/1] (0.00ns)   --->   "%br_ln58 = br void %for.inc.i" [../../../../../overlays/Vitis_Libraries/vision//L1/include/imgproc/xf_gammacorrection.hpp:58]   --->   Operation 37 'br' 'br_ln58' <Predicate = true> <Delay = 0.00>

State 3 <SV = 2> <Delay = 1.23>
ST_3 : Operation 38 [1/2] (1.23ns)   --->   "%gamma_lut_load = load i10 %gamma_lut_addr" [../../../../../overlays/Vitis_Libraries/vision//L1/include/imgproc/xf_gammacorrection.hpp:59]   --->   Operation 38 'load' 'gamma_lut_load' <Predicate = true> <Delay = 1.23> <CoreInst = "RAM_1P">   --->   Core 88 'RAM_1P' <Latency = 1> <II = 1> <Delay = 1.23> <Storage> <Opcode : 'load' 'store'> <Ports = 1> <Width = 8> <Depth = 768> <RAM>
ST_3 : Operation 53 [1/1] (0.00ns)   --->   "%ret_ln0 = ret"   --->   Operation 53 'ret' 'ret_ln0' <Predicate = (icmp_ln1027)> <Delay = 0.00>

State 4 <SV = 3> <Delay = 1.23>
ST_4 : Operation 39 [1/1] (0.00ns)   --->   "%specloopname_ln0 = specloopname void @_ssdm_op_SpecLoopName, void @VITIS_LOOP_57_2_VITIS_LOOP_58_3_str"   --->   Operation 39 'specloopname' 'specloopname_ln0' <Predicate = true> <Delay = 0.00>
ST_4 : Operation 40 [1/1] (0.00ns)   --->   "%speclooptripcount_ln0 = speclooptripcount void @_ssdm_op_SpecLoopTripCount, i64 768, i64 768, i64 768"   --->   Operation 40 'speclooptripcount' 'speclooptripcount_ln0' <Predicate = true> <Delay = 0.00>
ST_4 : Operation 41 [1/1] (0.00ns)   --->   "%specpipeline_ln0 = specpipeline void @_ssdm_op_SpecPipeline, i32 4294967295, i32 0, i32 1, i32 0, void @p_str"   --->   Operation 41 'specpipeline' 'specpipeline_ln0' <Predicate = true> <Delay = 0.00>
ST_4 : Operation 42 [1/1] (0.00ns)   --->   "%j_V_cast = zext i9 %select_ln44" [../../../../../overlays/Vitis_Libraries/vision//L1/include/imgproc/xf_gammacorrection.hpp:44]   --->   Operation 42 'zext' 'j_V_cast' <Predicate = true> <Delay = 0.00>
ST_4 : Operation 43 [1/1] (0.00ns)   --->   "%specloopname_ln1495 = specloopname void @_ssdm_op_SpecLoopName, void @empty_6"   --->   Operation 43 'specloopname' 'specloopname_ln1495' <Predicate = true> <Delay = 0.00>
ST_4 : Operation 44 [1/1] (0.00ns)   --->   "%lut_p_addr = getelementptr i8 %lut_p, i64 0, i64 %j_V_cast" [../../../../../overlays/Vitis_Libraries/vision//L1/include/imgproc/xf_gammacorrection.hpp:59]   --->   Operation 44 'getelementptr' 'lut_p_addr' <Predicate = true> <Delay = 0.00>
ST_4 : Operation 45 [1/1] (0.00ns)   --->   "%lut_p_1_addr = getelementptr i8 %lut_p_1, i64 0, i64 %j_V_cast" [../../../../../overlays/Vitis_Libraries/vision//L1/include/imgproc/xf_gammacorrection.hpp:59]   --->   Operation 45 'getelementptr' 'lut_p_1_addr' <Predicate = true> <Delay = 0.00>
ST_4 : Operation 46 [1/1] (0.00ns)   --->   "%lut_p_2_addr = getelementptr i8 %lut_p_2, i64 0, i64 %j_V_cast" [../../../../../overlays/Vitis_Libraries/vision//L1/include/imgproc/xf_gammacorrection.hpp:59]   --->   Operation 46 'getelementptr' 'lut_p_2_addr' <Predicate = true> <Delay = 0.00>
ST_4 : Operation 47 [1/1] (1.23ns)   --->   "%store_ln59 = store i8 %gamma_lut_load, i8 %lut_p_1_addr" [../../../../../overlays/Vitis_Libraries/vision//L1/include/imgproc/xf_gammacorrection.hpp:59]   --->   Operation 47 'store' 'store_ln59' <Predicate = (select_ln1027 == 1)> <Delay = 1.23> <CoreInst = "RAM">   --->   Core 83 'RAM' <Latency = 1> <II = 1> <Delay = 1.23> <Storage> <Opcode : 'load' 'store'> <Ports = 2> <Width = 8> <Depth = 256> <RAM>
ST_4 : Operation 48 [1/1] (0.00ns)   --->   "%br_ln59 = br void %arrayidx162.i.exit" [../../../../../overlays/Vitis_Libraries/vision//L1/include/imgproc/xf_gammacorrection.hpp:59]   --->   Operation 48 'br' 'br_ln59' <Predicate = (select_ln1027 == 1)> <Delay = 0.00>
ST_4 : Operation 49 [1/1] (1.23ns)   --->   "%store_ln59 = store i8 %gamma_lut_load, i8 %lut_p_addr" [../../../../../overlays/Vitis_Libraries/vision//L1/include/imgproc/xf_gammacorrection.hpp:59]   --->   Operation 49 'store' 'store_ln59' <Predicate = (select_ln1027 == 0)> <Delay = 1.23> <CoreInst = "RAM">   --->   Core 83 'RAM' <Latency = 1> <II = 1> <Delay = 1.23> <Storage> <Opcode : 'load' 'store'> <Ports = 2> <Width = 8> <Depth = 256> <RAM>
ST_4 : Operation 50 [1/1] (0.00ns)   --->   "%br_ln59 = br void %arrayidx162.i.exit" [../../../../../overlays/Vitis_Libraries/vision//L1/include/imgproc/xf_gammacorrection.hpp:59]   --->   Operation 50 'br' 'br_ln59' <Predicate = (select_ln1027 == 0)> <Delay = 0.00>
ST_4 : Operation 51 [1/1] (1.23ns)   --->   "%store_ln59 = store i8 %gamma_lut_load, i8 %lut_p_2_addr" [../../../../../overlays/Vitis_Libraries/vision//L1/include/imgproc/xf_gammacorrection.hpp:59]   --->   Operation 51 'store' 'store_ln59' <Predicate = (select_ln1027 != 0 & select_ln1027 != 1)> <Delay = 1.23> <CoreInst = "RAM">   --->   Core 83 'RAM' <Latency = 1> <II = 1> <Delay = 1.23> <Storage> <Opcode : 'load' 'store'> <Ports = 2> <Width = 8> <Depth = 256> <RAM>
ST_4 : Operation 52 [1/1] (0.00ns)   --->   "%br_ln59 = br void %arrayidx162.i.exit" [../../../../../overlays/Vitis_Libraries/vision//L1/include/imgproc/xf_gammacorrection.hpp:59]   --->   Operation 52 'br' 'br_ln59' <Predicate = (select_ln1027 != 0 & select_ln1027 != 1)> <Delay = 0.00>


============================================================
+ Verbose Summary: Binding
============================================================
STG Binding: 
---------------- STG Properties BEGIN ----------------
- Is combinational: 0
- Is one-state seq: 0
- Is datapath-only: 0
- Is pipelined: 0
- Is top level: 0
Port [ Return ] is wired: 1; IO mode=ap_ctrl_hs:ce=0
Port [ gamma_lut]:  wired=1; compound=1; hidden=0; nouse=0; global=0; static=0; extern=0; dir=0; type=1; pingpong=0; private_global=0; MemPort=[1]; IO mode=ap_memory:ce=0
Port [ lut_p]:  wired=1; compound=1; hidden=0; nouse=0; global=0; static=0; extern=0; dir=1; type=1; pingpong=0; private_global=0; MemPort=[03]; IO mode=ap_memory:ce=0
Port [ lut_p_1]:  wired=1; compound=1; hidden=0; nouse=0; global=0; static=0; extern=0; dir=1; type=1; pingpong=0; private_global=0; MemPort=[03]; IO mode=ap_memory:ce=0
Port [ lut_p_2]:  wired=1; compound=1; hidden=0; nouse=0; global=0; static=0; extern=0; dir=1; type=1; pingpong=0; private_global=0; MemPort=[03]; IO mode=ap_memory:ce=0
---------------- STG Properties END ------------------

---------------- Datapath Model BEGIN ----------------

<LifeTime>
<method=bitvector/>
j_V                   (alloca           ) [ 01100]
k_V                   (alloca           ) [ 01100]
indvar_flatten        (alloca           ) [ 01000]
specmemcore_ln0       (specmemcore      ) [ 00000]
specinterface_ln0     (specinterface    ) [ 00000]
store_ln0             (store            ) [ 00000]
store_ln0             (store            ) [ 00000]
store_ln0             (store            ) [ 00000]
br_ln0                (br               ) [ 00000]
indvar_flatten_load   (load             ) [ 00000]
specpipeline_ln0      (specpipeline     ) [ 00000]
icmp_ln1027           (icmp             ) [ 01110]
add_ln1027            (add              ) [ 00000]
br_ln1027             (br               ) [ 00000]
j_V_load              (load             ) [ 00000]
icmp_ln1027_1         (icmp             ) [ 01100]
select_ln44           (select           ) [ 01111]
rhs                   (trunc            ) [ 01100]
store_ln58            (store            ) [ 00000]
k_V_load              (load             ) [ 00000]
add_ln840_1           (add              ) [ 00000]
select_ln1027         (select           ) [ 01011]
ret_V                 (bitconcatenate   ) [ 00000]
zext_ln541            (zext             ) [ 00000]
gamma_lut_addr        (getelementptr    ) [ 01010]
switch_ln59           (switch           ) [ 00000]
add_ln840             (add              ) [ 00000]
store_ln58            (store            ) [ 00000]
store_ln58            (store            ) [ 00000]
br_ln58               (br               ) [ 00000]
gamma_lut_load        (load             ) [ 01001]
specloopname_ln0      (specloopname     ) [ 00000]
speclooptripcount_ln0 (speclooptripcount) [ 00000]
specpipeline_ln0      (specpipeline     ) [ 00000]
j_V_cast              (zext             ) [ 00000]
specloopname_ln1495   (specloopname     ) [ 00000]
lut_p_addr            (getelementptr    ) [ 00000]
lut_p_1_addr          (getelementptr    ) [ 00000]
lut_p_2_addr          (getelementptr    ) [ 00000]
store_ln59            (store            ) [ 00000]
br_ln59               (br               ) [ 00000]
store_ln59            (store            ) [ 00000]
br_ln59               (br               ) [ 00000]
store_ln59            (store            ) [ 00000]
br_ln59               (br               ) [ 00000]
ret_ln0               (ret              ) [ 00000]
</LifeTime>

<model>

<comp_list>
<comp id="0" class="1000" name="gamma_lut">
<pin_list>
<pin id="1" dir="1" index="0" bw="1" slack="0"/>
</pin_list>
<bind>
<StgValue><ssdm name="gamma_lut"/><MemPortTyVec>1 </MemPortTyVec>
</StgValue>
</bind>
</comp>

<comp id="2" class="1000" name="lut_p">
<pin_list>
<pin id="3" dir="1" index="0" bw="1" slack="0"/>
</pin_list>
<bind>
<StgValue><ssdm name="lut_p"/><MemPortTyVec>0 3 </MemPortTyVec>
</StgValue>
</bind>
</comp>

<comp id="4" class="1000" name="lut_p_1">
<pin_list>
<pin id="5" dir="1" index="0" bw="1" slack="0"/>
</pin_list>
<bind>
<StgValue><ssdm name="lut_p_1"/><MemPortTyVec>0 3 </MemPortTyVec>
</StgValue>
</bind>
</comp>

<comp id="6" class="1000" name="lut_p_2">
<pin_list>
<pin id="7" dir="1" index="0" bw="1" slack="0"/>
</pin_list>
<bind>
<StgValue><ssdm name="lut_p_2"/><MemPortTyVec>0 3 </MemPortTyVec>
</StgValue>
</bind>
</comp>

<comp id="8" class="1001" name="const_8">
<pin_list>
<pin id="9" dir="1" index="0" bw="1" slack="0"/>
</pin_list>
<bind>
<StgValue><ssdm name=""/></StgValue>
</bind>
</comp>

<comp id="10" class="1001" name="const_10">
<pin_list>
<pin id="11" dir="1" index="0" bw="1" slack="2147483647"/>
</pin_list>
<bind>
<StgValue><ssdm name="_ssdm_op_SpecMemCore"/></StgValue>
</bind>
</comp>

<comp id="12" class="1001" name="const_12">
<pin_list>
<pin id="13" dir="1" index="0" bw="1" slack="2147483647"/>
</pin_list>
<bind>
<StgValue><ssdm name=""/></StgValue>
</bind>
</comp>

<comp id="14" class="1001" name="const_14">
<pin_list>
<pin id="15" dir="1" index="0" bw="1" slack="2147483647"/>
</pin_list>
<bind>
<StgValue><ssdm name=""/></StgValue>
</bind>
</comp>

<comp id="16" class="1001" name="const_16">
<pin_list>
<pin id="17" dir="1" index="0" bw="1" slack="2147483647"/>
</pin_list>
<bind>
<StgValue><ssdm name=""/></StgValue>
</bind>
</comp>

<comp id="18" class="1001" name="const_18">
<pin_list>
<pin id="19" dir="1" index="0" bw="1" slack="2147483647"/>
</pin_list>
<bind>
<StgValue><ssdm name="_ssdm_op_SpecInterface"/></StgValue>
</bind>
</comp>

<comp id="20" class="1001" name="const_20">
<pin_list>
<pin id="21" dir="1" index="0" bw="1" slack="2147483647"/>
</pin_list>
<bind>
<StgValue><ssdm name="empty_11"/></StgValue>
</bind>
</comp>

<comp id="22" class="1001" name="const_22">
<pin_list>
<pin id="23" dir="1" index="0" bw="1" slack="2147483647"/>
</pin_list>
<bind>
<StgValue><ssdm name=""/></StgValue>
</bind>
</comp>

<comp id="24" class="1001" name="const_24">
<pin_list>
<pin id="25" dir="1" index="0" bw="1" slack="2147483647"/>
</pin_list>
<bind>
<StgValue><ssdm name="empty_32"/></StgValue>
</bind>
</comp>

<comp id="26" class="1001" name="const_26">
<pin_list>
<pin id="27" dir="1" index="0" bw="1" slack="2147483647"/>
</pin_list>
<bind>
<StgValue><ssdm name=""/></StgValue>
</bind>
</comp>

<comp id="28" class="1001" name="const_28">
<pin_list>
<pin id="29" dir="1" index="0" bw="1" slack="0"/>
</pin_list>
<bind>
<StgValue><ssdm name=""/></StgValue>
</bind>
</comp>

<comp id="30" class="1001" name="const_30">
<pin_list>
<pin id="31" dir="1" index="0" bw="1" slack="0"/>
</pin_list>
<bind>
<StgValue><ssdm name=""/></StgValue>
</bind>
</comp>

<comp id="32" class="1001" name="const_32">
<pin_list>
<pin id="33" dir="1" index="0" bw="1" slack="0"/>
</pin_list>
<bind>
<StgValue><ssdm name=""/></StgValue>
</bind>
</comp>

<comp id="34" class="1001" name="const_34">
<pin_list>
<pin id="35" dir="1" index="0" bw="1" slack="2147483647"/>
</pin_list>
<bind>
<StgValue><ssdm name="_ssdm_op_SpecPipeline"/></StgValue>
</bind>
</comp>

<comp id="36" class="1001" name="const_36">
<pin_list>
<pin id="37" dir="1" index="0" bw="1" slack="2147483647"/>
</pin_list>
<bind>
<StgValue><ssdm name="p_str"/></StgValue>
</bind>
</comp>

<comp id="38" class="1001" name="const_38">
<pin_list>
<pin id="39" dir="1" index="0" bw="1" slack="0"/>
</pin_list>
<bind>
<StgValue><ssdm name=""/></StgValue>
</bind>
</comp>

<comp id="40" class="1001" name="const_40">
<pin_list>
<pin id="41" dir="1" index="0" bw="1" slack="0"/>
</pin_list>
<bind>
<StgValue><ssdm name=""/></StgValue>
</bind>
</comp>

<comp id="42" class="1001" name="const_42">
<pin_list>
<pin id="43" dir="1" index="0" bw="1" slack="0"/>
</pin_list>
<bind>
<StgValue><ssdm name=""/></StgValue>
</bind>
</comp>

<comp id="44" class="1001" name="const_44">
<pin_list>
<pin id="45" dir="1" index="0" bw="1" slack="0"/>
</pin_list>
<bind>
<StgValue><ssdm name=""/></StgValue>
</bind>
</comp>

<comp id="46" class="1001" name="const_46">
<pin_list>
<pin id="47" dir="1" index="0" bw="1" slack="0"/>
</pin_list>
<bind>
<StgValue><ssdm name="_ssdm_op_BitConcatenate.i10.i2.i8"/></StgValue>
</bind>
</comp>

<comp id="48" class="1001" name="const_48">
<pin_list>
<pin id="49" dir="1" index="0" bw="1" slack="0"/>
</pin_list>
<bind>
<StgValue><ssdm name=""/></StgValue>
</bind>
</comp>

<comp id="50" class="1001" name="const_50">
<pin_list>
<pin id="51" dir="1" index="0" bw="1" slack="0"/>
</pin_list>
<bind>
<StgValue><ssdm name=""/></StgValue>
</bind>
</comp>

<comp id="52" class="1001" name="const_52">
<pin_list>
<pin id="53" dir="1" index="0" bw="1" slack="2147483647"/>
</pin_list>
<bind>
<StgValue><ssdm name="_ssdm_op_SpecLoopName"/></StgValue>
</bind>
</comp>

<comp id="54" class="1001" name="const_54">
<pin_list>
<pin id="55" dir="1" index="0" bw="1" slack="2147483647"/>
</pin_list>
<bind>
<StgValue><ssdm name="VITIS_LOOP_57_2_VITIS_LOOP_58_3_str"/></StgValue>
</bind>
</comp>

<comp id="56" class="1001" name="const_56">
<pin_list>
<pin id="57" dir="1" index="0" bw="1" slack="2147483647"/>
</pin_list>
<bind>
<StgValue><ssdm name="_ssdm_op_SpecLoopTripCount"/></StgValue>
</bind>
</comp>

<comp id="58" class="1001" name="const_58">
<pin_list>
<pin id="59" dir="1" index="0" bw="1" slack="2147483647"/>
</pin_list>
<bind>
<StgValue><ssdm name=""/></StgValue>
</bind>
</comp>

<comp id="60" class="1001" name="const_60">
<pin_list>
<pin id="61" dir="1" index="0" bw="1" slack="2147483647"/>
</pin_list>
<bind>
<StgValue><ssdm name="empty_6"/></StgValue>
</bind>
</comp>

<comp id="62" class="1004" name="j_V_fu_62">
<pin_list>
<pin id="63" dir="0" index="0" bw="1" slack="0"/>
<pin id="64" dir="1" index="1" bw="9" slack="0"/>
</pin_list>
<bind>
<opcode="alloca(26) " fcode="alloca"/>
<opset="j_V/1 "/>
</bind>
</comp>

<comp id="66" class="1004" name="k_V_fu_66">
<pin_list>
<pin id="67" dir="0" index="0" bw="1" slack="0"/>
<pin id="68" dir="1" index="1" bw="2" slack="0"/>
</pin_list>
<bind>
<opcode="alloca(26) " fcode="alloca"/>
<opset="k_V/1 "/>
</bind>
</comp>

<comp id="70" class="1004" name="indvar_flatten_fu_70">
<pin_list>
<pin id="71" dir="0" index="0" bw="1" slack="0"/>
<pin id="72" dir="1" index="1" bw="10" slack="0"/>
</pin_list>
<bind>
<opcode="alloca(26) " fcode="alloca"/>
<opset="indvar_flatten/1 "/>
</bind>
</comp>

<comp id="74" class="1004" name="gamma_lut_addr_gep_fu_74">
<pin_list>
<pin id="75" dir="0" index="0" bw="8" slack="0"/>
<pin id="76" dir="0" index="1" bw="1" slack="0"/>
<pin id="77" dir="0" index="2" bw="10" slack="0"/>
<pin id="78" dir="1" index="3" bw="10" slack="0"/>
</pin_list>
<bind>
<opcode="getelementptr(29) " fcode="getelementptr"/>
<opset="gamma_lut_addr/2 "/>
</bind>
</comp>

<comp id="81" class="1004" name="grp_access_fu_81">
<pin_list>
<pin id="82" dir="0" index="0" bw="10" slack="0"/>
<pin id="83" dir="0" index="1" bw="8" slack="2147483647"/>
<pin id="84" dir="0" index="2" bw="0" slack="2147483647"/>
<pin id="85" dir="1" index="3" bw="8" slack="1"/>
</pin_list>
<bind>
<opcode="load(27) " fcode="load"/>
<opset="gamma_lut_load/2 "/>
</bind>
</comp>

<comp id="87" class="1004" name="lut_p_addr_gep_fu_87">
<pin_list>
<pin id="88" dir="0" index="0" bw="8" slack="0"/>
<pin id="89" dir="0" index="1" bw="1" slack="0"/>
<pin id="90" dir="0" index="2" bw="9" slack="0"/>
<pin id="91" dir="1" index="3" bw="8" slack="0"/>
</pin_list>
<bind>
<opcode="getelementptr(29) " fcode="getelementptr"/>
<opset="lut_p_addr/4 "/>
</bind>
</comp>

<comp id="94" class="1004" name="lut_p_1_addr_gep_fu_94">
<pin_list>
<pin id="95" dir="0" index="0" bw="8" slack="0"/>
<pin id="96" dir="0" index="1" bw="1" slack="0"/>
<pin id="97" dir="0" index="2" bw="9" slack="0"/>
<pin id="98" dir="1" index="3" bw="8" slack="0"/>
</pin_list>
<bind>
<opcode="getelementptr(29) " fcode="getelementptr"/>
<opset="lut_p_1_addr/4 "/>
</bind>
</comp>

<comp id="101" class="1004" name="lut_p_2_addr_gep_fu_101">
<pin_list>
<pin id="102" dir="0" index="0" bw="8" slack="0"/>
<pin id="103" dir="0" index="1" bw="1" slack="0"/>
<pin id="104" dir="0" index="2" bw="9" slack="0"/>
<pin id="105" dir="1" index="3" bw="8" slack="0"/>
</pin_list>
<bind>
<opcode="getelementptr(29) " fcode="getelementptr"/>
<opset="lut_p_2_addr/4 "/>
</bind>
</comp>

<comp id="108" class="1004" name="store_ln59_access_fu_108">
<pin_list>
<pin id="109" dir="0" index="0" bw="8" slack="0"/>
<pin id="110" dir="0" index="1" bw="8" slack="1"/>
<pin id="111" dir="0" index="2" bw="0" slack="2147483647"/>
<pin id="112" dir="1" index="3" bw="8" slack="2147483647"/>
</pin_list>
<bind>
<opcode="store(28) " fcode="store"/>
<opset="store_ln59/4 "/>
</bind>
</comp>

<comp id="114" class="1004" name="store_ln59_access_fu_114">
<pin_list>
<pin id="115" dir="0" index="0" bw="8" slack="0"/>
<pin id="116" dir="0" index="1" bw="8" slack="1"/>
<pin id="117" dir="0" index="2" bw="0" slack="2147483647"/>
<pin id="118" dir="1" index="3" bw="8" slack="2147483647"/>
</pin_list>
<bind>
<opcode="store(28) " fcode="store"/>
<opset="store_ln59/4 "/>
</bind>
</comp>

<comp id="120" class="1004" name="store_ln59_access_fu_120">
<pin_list>
<pin id="121" dir="0" index="0" bw="8" slack="0"/>
<pin id="122" dir="0" index="1" bw="8" slack="1"/>
<pin id="123" dir="0" index="2" bw="0" slack="2147483647"/>
<pin id="124" dir="1" index="3" bw="8" slack="2147483647"/>
</pin_list>
<bind>
<opcode="store(28) " fcode="store"/>
<opset="store_ln59/4 "/>
</bind>
</comp>

<comp id="126" class="1004" name="store_ln0_store_fu_126">
<pin_list>
<pin id="127" dir="0" index="0" bw="1" slack="0"/>
<pin id="128" dir="0" index="1" bw="10" slack="0"/>
<pin id="129" dir="1" index="2" bw="0" slack="2147483647"/>
</pin_list>
<bind>
<opcode="store(28) " fcode="store"/>
<opset="store_ln0/1 "/>
</bind>
</comp>

<comp id="131" class="1004" name="store_ln0_store_fu_131">
<pin_list>
<pin id="132" dir="0" index="0" bw="1" slack="0"/>
<pin id="133" dir="0" index="1" bw="2" slack="0"/>
<pin id="134" dir="1" index="2" bw="0" slack="2147483647"/>
</pin_list>
<bind>
<opcode="store(28) " fcode="store"/>
<opset="store_ln0/1 "/>
</bind>
</comp>

<comp id="136" class="1004" name="store_ln0_store_fu_136">
<pin_list>
<pin id="137" dir="0" index="0" bw="1" slack="0"/>
<pin id="138" dir="0" index="1" bw="9" slack="0"/>
<pin id="139" dir="1" index="2" bw="0" slack="2147483647"/>
</pin_list>
<bind>
<opcode="store(28) " fcode="store"/>
<opset="store_ln0/1 "/>
</bind>
</comp>

<comp id="141" class="1004" name="indvar_flatten_load_load_fu_141">
<pin_list>
<pin id="142" dir="0" index="0" bw="10" slack="0"/>
<pin id="143" dir="1" index="1" bw="10" slack="0"/>
</pin_list>
<bind>
<opcode="load(27) " fcode="load"/>
<opset="indvar_flatten_load/1 "/>
</bind>
</comp>

<comp id="144" class="1004" name="icmp_ln1027_fu_144">
<pin_list>
<pin id="145" dir="0" index="0" bw="10" slack="0"/>
<pin id="146" dir="0" index="1" bw="9" slack="0"/>
<pin id="147" dir="1" index="2" bw="1" slack="2"/>
</pin_list>
<bind>
<opcode="icmp(45) " fcode="icmp"/>
<opset="icmp_ln1027/1 "/>
</bind>
</comp>

<comp id="150" class="1004" name="add_ln1027_fu_150">
<pin_list>
<pin id="151" dir="0" index="0" bw="10" slack="0"/>
<pin id="152" dir="0" index="1" bw="1" slack="0"/>
<pin id="153" dir="1" index="2" bw="10" slack="0"/>
</pin_list>
<bind>
<opcode="add(8) " fcode="add"/>
<opset="add_ln1027/1 "/>
</bind>
</comp>

<comp id="156" class="1004" name="j_V_load_load_fu_156">
<pin_list>
<pin id="157" dir="0" index="0" bw="9" slack="0"/>
<pin id="158" dir="1" index="1" bw="9" slack="0"/>
</pin_list>
<bind>
<opcode="load(27) " fcode="load"/>
<opset="j_V_load/1 "/>
</bind>
</comp>

<comp id="159" class="1004" name="icmp_ln1027_1_fu_159">
<pin_list>
<pin id="160" dir="0" index="0" bw="9" slack="0"/>
<pin id="161" dir="0" index="1" bw="9" slack="0"/>
<pin id="162" dir="1" index="2" bw="1" slack="0"/>
</pin_list>
<bind>
<opcode="icmp(45) " fcode="icmp"/>
<opset="icmp_ln1027_1/1 "/>
</bind>
</comp>

<comp id="165" class="1004" name="select_ln44_fu_165">
<pin_list>
<pin id="166" dir="0" index="0" bw="1" slack="0"/>
<pin id="167" dir="0" index="1" bw="1" slack="0"/>
<pin id="168" dir="0" index="2" bw="9" slack="0"/>
<pin id="169" dir="1" index="3" bw="9" slack="0"/>
</pin_list>
<bind>
<opcode="select(49) " fcode="select"/>
<opset="select_ln44/1 "/>
</bind>
</comp>

<comp id="173" class="1004" name="rhs_fu_173">
<pin_list>
<pin id="174" dir="0" index="0" bw="9" slack="0"/>
<pin id="175" dir="1" index="1" bw="8" slack="1"/>
</pin_list>
<bind>
<opcode="trunc(33) " fcode="trunc"/>
<opset="rhs/1 "/>
</bind>
</comp>

<comp id="177" class="1004" name="store_ln58_store_fu_177">
<pin_list>
<pin id="178" dir="0" index="0" bw="10" slack="0"/>
<pin id="179" dir="0" index="1" bw="10" slack="0"/>
<pin id="180" dir="1" index="2" bw="0" slack="2147483647"/>
</pin_list>
<bind>
<opcode="store(28) " fcode="store"/>
<opset="store_ln58/1 "/>
</bind>
</comp>

<comp id="182" class="1004" name="k_V_load_load_fu_182">
<pin_list>
<pin id="183" dir="0" index="0" bw="2" slack="1"/>
<pin id="184" dir="1" index="1" bw="2" slack="0"/>
</pin_list>
<bind>
<opcode="load(27) " fcode="load"/>
<opset="k_V_load/2 "/>
</bind>
</comp>

<comp id="185" class="1004" name="add_ln840_1_fu_185">
<pin_list>
<pin id="186" dir="0" index="0" bw="2" slack="0"/>
<pin id="187" dir="0" index="1" bw="1" slack="0"/>
<pin id="188" dir="1" index="2" bw="2" slack="0"/>
</pin_list>
<bind>
<opcode="add(8) " fcode="add"/>
<opset="add_ln840_1/2 "/>
</bind>
</comp>

<comp id="191" class="1004" name="select_ln1027_fu_191">
<pin_list>
<pin id="192" dir="0" index="0" bw="1" slack="1"/>
<pin id="193" dir="0" index="1" bw="2" slack="0"/>
<pin id="194" dir="0" index="2" bw="2" slack="0"/>
<pin id="195" dir="1" index="3" bw="2" slack="0"/>
</pin_list>
<bind>
<opcode="select(49) " fcode="select"/>
<opset="select_ln1027/2 "/>
</bind>
</comp>

<comp id="198" class="1004" name="ret_V_fu_198">
<pin_list>
<pin id="199" dir="0" index="0" bw="10" slack="0"/>
<pin id="200" dir="0" index="1" bw="2" slack="0"/>
<pin id="201" dir="0" index="2" bw="8" slack="1"/>
<pin id="202" dir="1" index="3" bw="10" slack="0"/>
</pin_list>
<bind>
<opcode="bitconcatenate(1004) " fcode="bitconcatenate"/>
<opset="ret_V/2 "/>
</bind>
</comp>

<comp id="205" class="1004" name="zext_ln541_fu_205">
<pin_list>
<pin id="206" dir="0" index="0" bw="10" slack="0"/>
<pin id="207" dir="1" index="1" bw="64" slack="0"/>
</pin_list>
<bind>
<opcode="zext(34) " fcode="zext"/>
<opset="zext_ln541/2 "/>
</bind>
</comp>

<comp id="210" class="1004" name="add_ln840_fu_210">
<pin_list>
<pin id="211" dir="0" index="0" bw="9" slack="1"/>
<pin id="212" dir="0" index="1" bw="1" slack="0"/>
<pin id="213" dir="1" index="2" bw="9" slack="0"/>
</pin_list>
<bind>
<opcode="add(8) " fcode="add"/>
<opset="add_ln840/2 "/>
</bind>
</comp>

<comp id="215" class="1004" name="store_ln58_store_fu_215">
<pin_list>
<pin id="216" dir="0" index="0" bw="2" slack="0"/>
<pin id="217" dir="0" index="1" bw="2" slack="1"/>
<pin id="218" dir="1" index="2" bw="0" slack="2147483647"/>
</pin_list>
<bind>
<opcode="store(28) " fcode="store"/>
<opset="store_ln58/2 "/>
</bind>
</comp>

<comp id="220" class="1004" name="store_ln58_store_fu_220">
<pin_list>
<pin id="221" dir="0" index="0" bw="9" slack="0"/>
<pin id="222" dir="0" index="1" bw="9" slack="1"/>
<pin id="223" dir="1" index="2" bw="0" slack="2147483647"/>
</pin_list>
<bind>
<opcode="store(28) " fcode="store"/>
<opset="store_ln58/2 "/>
</bind>
</comp>

<comp id="225" class="1004" name="j_V_cast_fu_225">
<pin_list>
<pin id="226" dir="0" index="0" bw="9" slack="3"/>
<pin id="227" dir="1" index="1" bw="64" slack="0"/>
</pin_list>
<bind>
<opcode="zext(34) " fcode="zext"/>
<opset="j_V_cast/4 "/>
</bind>
</comp>

<comp id="231" class="1005" name="j_V_reg_231">
<pin_list>
<pin id="232" dir="0" index="0" bw="9" slack="0"/>
<pin id="233" dir="1" index="1" bw="9" slack="0"/>
</pin_list>
<bind>
<opset="j_V "/>
</bind>
</comp>

<comp id="238" class="1005" name="k_V_reg_238">
<pin_list>
<pin id="239" dir="0" index="0" bw="2" slack="0"/>
<pin id="240" dir="1" index="1" bw="2" slack="0"/>
</pin_list>
<bind>
<opset="k_V "/>
</bind>
</comp>

<comp id="245" class="1005" name="indvar_flatten_reg_245">
<pin_list>
<pin id="246" dir="0" index="0" bw="10" slack="0"/>
<pin id="247" dir="1" index="1" bw="10" slack="0"/>
</pin_list>
<bind>
<opset="indvar_flatten "/>
</bind>
</comp>

<comp id="252" class="1005" name="icmp_ln1027_reg_252">
<pin_list>
<pin id="253" dir="0" index="0" bw="1" slack="2"/>
<pin id="254" dir="1" index="1" bw="1" slack="2147483647"/>
</pin_list>
<bind>
<opset="icmp_ln1027 "/>
</bind>
</comp>

<comp id="256" class="1005" name="icmp_ln1027_1_reg_256">
<pin_list>
<pin id="257" dir="0" index="0" bw="1" slack="1"/>
<pin id="258" dir="1" index="1" bw="1" slack="1"/>
</pin_list>
<bind>
<opset="icmp_ln1027_1 "/>
</bind>
</comp>

<comp id="261" class="1005" name="select_ln44_reg_261">
<pin_list>
<pin id="262" dir="0" index="0" bw="9" slack="1"/>
<pin id="263" dir="1" index="1" bw="9" slack="1"/>
</pin_list>
<bind>
<opset="select_ln44 "/>
</bind>
</comp>

<comp id="267" class="1005" name="rhs_reg_267">
<pin_list>
<pin id="268" dir="0" index="0" bw="8" slack="1"/>
<pin id="269" dir="1" index="1" bw="8" slack="1"/>
</pin_list>
<bind>
<opset="rhs "/>
</bind>
</comp>

<comp id="272" class="1005" name="select_ln1027_reg_272">
<pin_list>
<pin id="273" dir="0" index="0" bw="2" slack="2"/>
<pin id="274" dir="1" index="1" bw="2" slack="2147483647"/>
</pin_list>
<bind>
<opset="select_ln1027 "/>
</bind>
</comp>

<comp id="276" class="1005" name="gamma_lut_addr_reg_276">
<pin_list>
<pin id="277" dir="0" index="0" bw="10" slack="1"/>
<pin id="278" dir="1" index="1" bw="10" slack="1"/>
</pin_list>
<bind>
<opset="gamma_lut_addr "/>
</bind>
</comp>

<comp id="281" class="1005" name="gamma_lut_load_reg_281">
<pin_list>
<pin id="282" dir="0" index="0" bw="8" slack="1"/>
<pin id="283" dir="1" index="1" bw="8" slack="1"/>
</pin_list>
<bind>
<opset="gamma_lut_load "/>
</bind>
</comp>

</comp_list>

<net_list>
<net id="65"><net_src comp="8" pin="0"/><net_sink comp="62" pin=0"/></net>

<net id="69"><net_src comp="8" pin="0"/><net_sink comp="66" pin=0"/></net>

<net id="73"><net_src comp="8" pin="0"/><net_sink comp="70" pin=0"/></net>

<net id="79"><net_src comp="0" pin="0"/><net_sink comp="74" pin=0"/></net>

<net id="80"><net_src comp="48" pin="0"/><net_sink comp="74" pin=1"/></net>

<net id="86"><net_src comp="74" pin="3"/><net_sink comp="81" pin=0"/></net>

<net id="92"><net_src comp="2" pin="0"/><net_sink comp="87" pin=0"/></net>

<net id="93"><net_src comp="48" pin="0"/><net_sink comp="87" pin=1"/></net>

<net id="99"><net_src comp="4" pin="0"/><net_sink comp="94" pin=0"/></net>

<net id="100"><net_src comp="48" pin="0"/><net_sink comp="94" pin=1"/></net>

<net id="106"><net_src comp="6" pin="0"/><net_sink comp="101" pin=0"/></net>

<net id="107"><net_src comp="48" pin="0"/><net_sink comp="101" pin=1"/></net>

<net id="113"><net_src comp="94" pin="3"/><net_sink comp="108" pin=0"/></net>

<net id="119"><net_src comp="87" pin="3"/><net_sink comp="114" pin=0"/></net>

<net id="125"><net_src comp="101" pin="3"/><net_sink comp="120" pin=0"/></net>

<net id="130"><net_src comp="28" pin="0"/><net_sink comp="126" pin=0"/></net>

<net id="135"><net_src comp="30" pin="0"/><net_sink comp="131" pin=0"/></net>

<net id="140"><net_src comp="32" pin="0"/><net_sink comp="136" pin=0"/></net>

<net id="148"><net_src comp="141" pin="1"/><net_sink comp="144" pin=0"/></net>

<net id="149"><net_src comp="38" pin="0"/><net_sink comp="144" pin=1"/></net>

<net id="154"><net_src comp="141" pin="1"/><net_sink comp="150" pin=0"/></net>

<net id="155"><net_src comp="40" pin="0"/><net_sink comp="150" pin=1"/></net>

<net id="163"><net_src comp="156" pin="1"/><net_sink comp="159" pin=0"/></net>

<net id="164"><net_src comp="42" pin="0"/><net_sink comp="159" pin=1"/></net>

<net id="170"><net_src comp="159" pin="2"/><net_sink comp="165" pin=0"/></net>

<net id="171"><net_src comp="32" pin="0"/><net_sink comp="165" pin=1"/></net>

<net id="172"><net_src comp="156" pin="1"/><net_sink comp="165" pin=2"/></net>

<net id="176"><net_src comp="165" pin="3"/><net_sink comp="173" pin=0"/></net>

<net id="181"><net_src comp="150" pin="2"/><net_sink comp="177" pin=0"/></net>

<net id="189"><net_src comp="182" pin="1"/><net_sink comp="185" pin=0"/></net>

<net id="190"><net_src comp="44" pin="0"/><net_sink comp="185" pin=1"/></net>

<net id="196"><net_src comp="185" pin="2"/><net_sink comp="191" pin=1"/></net>

<net id="197"><net_src comp="182" pin="1"/><net_sink comp="191" pin=2"/></net>

<net id="203"><net_src comp="46" pin="0"/><net_sink comp="198" pin=0"/></net>

<net id="204"><net_src comp="191" pin="3"/><net_sink comp="198" pin=1"/></net>

<net id="208"><net_src comp="198" pin="3"/><net_sink comp="205" pin=0"/></net>

<net id="209"><net_src comp="205" pin="1"/><net_sink comp="74" pin=2"/></net>

<net id="214"><net_src comp="50" pin="0"/><net_sink comp="210" pin=1"/></net>

<net id="219"><net_src comp="191" pin="3"/><net_sink comp="215" pin=0"/></net>

<net id="224"><net_src comp="210" pin="2"/><net_sink comp="220" pin=0"/></net>

<net id="228"><net_src comp="225" pin="1"/><net_sink comp="87" pin=2"/></net>

<net id="229"><net_src comp="225" pin="1"/><net_sink comp="94" pin=2"/></net>

<net id="230"><net_src comp="225" pin="1"/><net_sink comp="101" pin=2"/></net>

<net id="234"><net_src comp="62" pin="1"/><net_sink comp="231" pin=0"/></net>

<net id="235"><net_src comp="231" pin="1"/><net_sink comp="136" pin=1"/></net>

<net id="236"><net_src comp="231" pin="1"/><net_sink comp="156" pin=0"/></net>

<net id="237"><net_src comp="231" pin="1"/><net_sink comp="220" pin=1"/></net>

<net id="241"><net_src comp="66" pin="1"/><net_sink comp="238" pin=0"/></net>

<net id="242"><net_src comp="238" pin="1"/><net_sink comp="131" pin=1"/></net>

<net id="243"><net_src comp="238" pin="1"/><net_sink comp="182" pin=0"/></net>

<net id="244"><net_src comp="238" pin="1"/><net_sink comp="215" pin=1"/></net>

<net id="248"><net_src comp="70" pin="1"/><net_sink comp="245" pin=0"/></net>

<net id="249"><net_src comp="245" pin="1"/><net_sink comp="126" pin=1"/></net>

<net id="250"><net_src comp="245" pin="1"/><net_sink comp="141" pin=0"/></net>

<net id="251"><net_src comp="245" pin="1"/><net_sink comp="177" pin=1"/></net>

<net id="255"><net_src comp="144" pin="2"/><net_sink comp="252" pin=0"/></net>

<net id="259"><net_src comp="159" pin="2"/><net_sink comp="256" pin=0"/></net>

<net id="260"><net_src comp="256" pin="1"/><net_sink comp="191" pin=0"/></net>

<net id="264"><net_src comp="165" pin="3"/><net_sink comp="261" pin=0"/></net>

<net id="265"><net_src comp="261" pin="1"/><net_sink comp="210" pin=0"/></net>

<net id="266"><net_src comp="261" pin="1"/><net_sink comp="225" pin=0"/></net>

<net id="270"><net_src comp="173" pin="1"/><net_sink comp="267" pin=0"/></net>

<net id="271"><net_src comp="267" pin="1"/><net_sink comp="198" pin=2"/></net>

<net id="275"><net_src comp="191" pin="3"/><net_sink comp="272" pin=0"/></net>

<net id="279"><net_src comp="74" pin="3"/><net_sink comp="276" pin=0"/></net>

<net id="280"><net_src comp="276" pin="1"/><net_sink comp="81" pin=0"/></net>

<net id="284"><net_src comp="81" pin="3"/><net_sink comp="281" pin=0"/></net>

<net id="285"><net_src comp="281" pin="1"/><net_sink comp="108" pin=1"/></net>

<net id="286"><net_src comp="281" pin="1"/><net_sink comp="114" pin=1"/></net>

<net id="287"><net_src comp="281" pin="1"/><net_sink comp="120" pin=1"/></net>

</net_list>

</model> 
---------------- Datapath Model END ------------------

* FSMD analyzer results:
  - Output states:
	Port: lut_p | {4 }
	Port: lut_p_1 | {4 }
	Port: lut_p_2 | {4 }
 - Input state : 
	Port: gammacorrection_Pipeline_VITIS_LOOP_57_2_VITIS_LOOP_58_3 : gamma_lut | {2 3 }
  - Chain level:
	State 1
		store_ln0 : 1
		store_ln0 : 1
		store_ln0 : 1
		indvar_flatten_load : 1
		icmp_ln1027 : 2
		add_ln1027 : 2
		br_ln1027 : 3
		j_V_load : 1
		icmp_ln1027_1 : 2
		select_ln44 : 3
		rhs : 4
		store_ln58 : 3
	State 2
		add_ln840_1 : 1
		select_ln1027 : 2
		ret_V : 3
		zext_ln541 : 4
		gamma_lut_addr : 5
		gamma_lut_load : 6
		switch_ln59 : 3
		store_ln58 : 3
		store_ln58 : 1
	State 3
	State 4
		lut_p_addr : 1
		lut_p_1_addr : 1
		lut_p_2_addr : 1
		store_ln59 : 2
		store_ln59 : 2
		store_ln59 : 2


============================================================
+ Verbose Summary: Datapath Resource usage 
============================================================

* Functional unit list:
|----------|----------------------|---------|---------|
| Operation|    Functional Unit   |    FF   |   LUT   |
|----------|----------------------|---------|---------|
|          |   add_ln1027_fu_150  |    0    |    17   |
|    add   |  add_ln840_1_fu_185  |    0    |    9    |
|          |   add_ln840_fu_210   |    0    |    16   |
|----------|----------------------|---------|---------|
|   icmp   |  icmp_ln1027_fu_144  |    0    |    11   |
|          | icmp_ln1027_1_fu_159 |    0    |    11   |
|----------|----------------------|---------|---------|
|  select  |  select_ln44_fu_165  |    0    |    9    |
|          | select_ln1027_fu_191 |    0    |    2    |
|----------|----------------------|---------|---------|
|   trunc  |      rhs_fu_173      |    0    |    0    |
|----------|----------------------|---------|---------|
|bitconcatenate|     ret_V_fu_198     |    0    |    0    |
|----------|----------------------|---------|---------|
|   zext   |   zext_ln541_fu_205  |    0    |    0    |
|          |    j_V_cast_fu_225   |    0    |    0    |
|----------|----------------------|---------|---------|
|   Total  |                      |    0    |    75   |
|----------|----------------------|---------|---------|

Memories:
N/A

* Register list:
+----------------------+--------+
|                      |   FF   |
+----------------------+--------+
|gamma_lut_addr_reg_276|   10   |
|gamma_lut_load_reg_281|    8   |
| icmp_ln1027_1_reg_256|    1   |
|  icmp_ln1027_reg_252 |    1   |
|indvar_flatten_reg_245|   10   |
|      j_V_reg_231     |    9   |
|      k_V_reg_238     |    2   |
|      rhs_reg_267     |    8   |
| select_ln1027_reg_272|    2   |
|  select_ln44_reg_261 |    9   |
+----------------------+--------+
|         Total        |   60   |
+----------------------+--------+

* Multiplexer (MUX) list: 
|------------------|------|------|------|--------||---------||---------|
|       Comp       |  Pin | Size |  BW  | S x BW ||  Delay  ||   LUT   |
|------------------|------|------|------|--------||---------||---------|
| grp_access_fu_81 |  p0  |   2  |  10  |   20   ||    9    |
|------------------|------|------|------|--------||---------||---------|
|       Total      |      |      |      |   20   ||  0.427  ||    9    |
|------------------|------|------|------|--------||---------||---------|



* Summary:
+-----------+--------+--------+--------+
|           |  Delay |   FF   |   LUT  |
+-----------+--------+--------+--------+
|  Function |    -   |    0   |   75   |
|   Memory  |    -   |    -   |    -   |
|Multiplexer|    0   |    -   |    9   |
|  Register |    -   |   60   |    -   |
+-----------+--------+--------+--------+
|   Total   |    0   |   60   |   84   |
+-----------+--------+--------+--------+
