

================================================================
== Vitis HLS Report for 'gammacorrection_9_9_1080_1920_1_3_3_s'
================================================================
* Date:           Thu Mar  5 08:43:00 2026

* Version:        2022.2 (Build 3670227 on Oct 13 2022)
* Project:        isppipeline.prj
* Solution:       sol1 (Vivado IP Flow Target)
* Product family: zynquplus
* Target device:  xck26-sfvc784-2LV-c


================================================================
== Performance Estimates
================================================================
+ Timing: 
    * Summary: 
    +--------+---------+----------+------------+
    |  Clock |  Target | Estimated| Uncertainty|
    +--------+---------+----------+------------+
    |ap_clk  |  3.30 ns|  1.964 ns|     0.89 ns|
    +--------+---------+----------+------------+

+ Latency: 
    * Summary: 
    +---------+---------+----------+----------+---------+---------+---------+
    |  Latency (cycles) |  Latency (absolute) |      Interval     | Pipeline|
    |   min   |   max   |    min   |    max   |   min   |   max   |   Type  |
    +---------+---------+----------+----------+---------+---------+---------+
    |  2083014|  2083014|  6.874 ms|  6.874 ms|  2083014|  2083014|       no|
    +---------+---------+----------+----------+---------+---------+---------+

    + Detail: 
        * Instance: 
        N/A

        * Loop: 
        +-----------+---------+---------+----------+-----------+-----------+------+----------+
        |           |  Latency (cycles) | Iteration|  Initiation Interval  | Trip |          |
        | Loop Name |   min   |   max   |  Latency |  achieved |   target  | Count| Pipelined|
        +-----------+---------+---------+----------+-----------+-----------+------+----------+
        |- rowLoop  |  2082240|  2082240|      1928|          -|          -|  1080|        no|
        +-----------+---------+---------+----------+-----------+-----------+------+----------+

============================================================
+ Verbose Summary: Synthesis Manager
============================================================
InlineROM: 1
ExposeGlobal: 0
============================================================
+ Verbose Summary: CDFG Model
============================================================
IsTopModel: 0
ResetActiveHigh: 1
IsCombinational: 2
IsDatapathOnly: 0
HasWiredReturn: 1
HasMFsm: 0
HasVarLatency: 1
IsPipeline: 0
IsRtlPipelined: 0
IsInstanceOverlapped: 0
IsDontTouch: 0
HasImplIP: 0
IsGatedGlobalClock: 0


============================================================
+ Verbose Summary: Schedule
============================================================
* Number of FSM states : 5
* Pipeline : 0
* Dataflow Pipeline: 0

* FSM state transitions: 
1 --> 2 
2 --> 3 
3 --> 4 
4 --> 5 
5 --> 3 

* FSM state operations: 

State 1 <SV = 0> <Delay = 0.42>
ST_1 : Operation 6 [1/1] (0.00ns)   --->   "%i_V = alloca i32 1"   --->   Operation 6 'alloca' 'i_V' <Predicate = true> <Delay = 0.00>
ST_1 : Operation 7 [1/1] (0.00ns)   --->   "%lut_p = alloca i64 1" [../../../../../overlays/Vitis_Libraries/vision//L1/include/imgproc/xf_gammacorrection.hpp:47]   --->   Operation 7 'alloca' 'lut_p' <Predicate = true> <Delay = 0.00>
ST_1 : Operation 8 [1/1] (0.00ns)   --->   "%lut_p_1 = alloca i64 1" [../../../../../overlays/Vitis_Libraries/vision//L1/include/imgproc/xf_gammacorrection.hpp:47]   --->   Operation 8 'alloca' 'lut_p_1' <Predicate = true> <Delay = 0.00>
ST_1 : Operation 9 [1/1] (0.00ns)   --->   "%lut_p_2 = alloca i64 1" [../../../../../overlays/Vitis_Libraries/vision//L1/include/imgproc/xf_gammacorrection.hpp:47]   --->   Operation 9 'alloca' 'lut_p_2' <Predicate = true> <Delay = 0.00>
ST_1 : Operation 10 [2/2] (0.00ns)   --->   "%call_ln0 = call void @gammacorrection_Pipeline_VITIS_LOOP_57_2_VITIS_LOOP_58_3, i8 %gamma_lut, i8 %lut_p, i8 %lut_p_1, i8 %lut_p_2"   --->   Operation 10 'call' 'call_ln0' <Predicate = true> <Delay = 0.00> <CoreType = "Generic">   --->   Core 0 '' <Latency = 0> <II = 1> <Delay = 1.00> <Generic> <Opcode : >
ST_1 : Operation 11 [1/1] (0.42ns)   --->   "%store_ln1027 = store i13 0, i13 %i_V"   --->   Operation 11 'store' 'store_ln1027' <Predicate = true> <Delay = 0.42>

State 2 <SV = 1> <Delay = 1.20>
ST_2 : Operation 12 [1/1] (0.00ns)   --->   "%specmemcore_ln0 = specmemcore void @_ssdm_op_SpecMemCore, i8 %gamma_lut, i64 666, i64 207, i64 1"   --->   Operation 12 'specmemcore' 'specmemcore_ln0' <Predicate = true> <Delay = 0.00>
ST_2 : Operation 13 [1/1] (0.00ns)   --->   "%specinterface_ln0 = specinterface void @_ssdm_op_SpecInterface, i24 %aecin_data220, void @empty_26, i32 0, i32 0, void @empty_32, i32 0, i32 0, void @empty_32, void @empty_32, void @empty_32, i32 0, i32 0, i32 0, i32 0, void @empty_32, void @empty_32, i32 4294967295, i32 0"   --->   Operation 13 'specinterface' 'specinterface_ln0' <Predicate = true> <Delay = 0.00>
ST_2 : Operation 14 [1/1] (0.00ns)   --->   "%specinterface_ln0 = specinterface void @_ssdm_op_SpecInterface, i24 %p_dst_data219, void @empty_26, i32 0, i32 0, void @empty_32, i32 0, i32 0, void @empty_32, void @empty_32, void @empty_32, i32 0, i32 0, i32 0, i32 0, void @empty_32, void @empty_32, i32 4294967295, i32 0"   --->   Operation 14 'specinterface' 'specinterface_ln0' <Predicate = true> <Delay = 0.00>
ST_2 : Operation 15 [1/1] (0.00ns)   --->   "%specinterface_ln0 = specinterface void @_ssdm_op_SpecInterface, i8 %gamma_lut, void @empty_11, i32 0, i32 0, void @empty_32, i32 1, i32 0, void @empty_32, void @empty_32, void @empty_32, i32 0, i32 0, i32 0, i32 0, void @empty_32, void @empty_32, i32 4294967295, i32 0"   --->   Operation 15 'specinterface' 'specinterface_ln0' <Predicate = true> <Delay = 0.00>
ST_2 : Operation 16 [1/1] (1.20ns)   --->   "%p_read_19 = read i16 @_ssdm_op_Read.ap_auto.i16, i16 %p_read1"   --->   Operation 16 'read' 'p_read_19' <Predicate = true> <Delay = 1.20> <CoreInst = "FIFO_SRL">   --->   Core 81 'FIFO_SRL' <Latency = 0> <II = 1> <Delay = 1.83> <Storage> <Opcode : 'read' 'write' 'nbread' 'nbwrite'> <Ports = 0> <Width = -1> <Depth = -1> <FIFO>
ST_2 : Operation 17 [1/1] (1.20ns)   --->   "%p_read44 = read i16 @_ssdm_op_Read.ap_auto.i16, i16 %p_read"   --->   Operation 17 'read' 'p_read44' <Predicate = true> <Delay = 1.20> <CoreInst = "FIFO_SRL">   --->   Core 81 'FIFO_SRL' <Latency = 0> <II = 1> <Delay = 1.83> <Storage> <Opcode : 'read' 'write' 'nbread' 'nbwrite'> <Ports = 0> <Width = -1> <Depth = -1> <FIFO>
ST_2 : Operation 18 [1/2] (0.00ns)   --->   "%call_ln0 = call void @gammacorrection_Pipeline_VITIS_LOOP_57_2_VITIS_LOOP_58_3, i8 %gamma_lut, i8 %lut_p, i8 %lut_p_1, i8 %lut_p_2"   --->   Operation 18 'call' 'call_ln0' <Predicate = true> <Delay = 0.00> <CoreType = "Generic">   --->   Core 0 '' <Latency = 0> <II = 1> <Delay = 1.00> <Generic> <Opcode : >
ST_2 : Operation 19 [1/1] (0.00ns)   --->   "%br_ln1027 = br void %colLoop.i"   --->   Operation 19 'br' 'br_ln1027' <Predicate = true> <Delay = 0.00>

State 3 <SV = 2> <Delay = 1.52>
ST_3 : Operation 20 [1/1] (0.00ns)   --->   "%i_V_3 = load i13 %i_V"   --->   Operation 20 'load' 'i_V_3' <Predicate = true> <Delay = 0.00>
ST_3 : Operation 21 [1/1] (0.00ns)   --->   "%zext_ln1027 = zext i13 %i_V_3"   --->   Operation 21 'zext' 'zext_ln1027' <Predicate = true> <Delay = 0.00>
ST_3 : Operation 22 [1/1] (1.10ns)   --->   "%icmp_ln1027_1 = icmp_ult  i16 %zext_ln1027, i16 %p_read44"   --->   Operation 22 'icmp' 'icmp_ln1027_1' <Predicate = true> <Delay = 1.10> <CoreInst = "Cmp">   --->   Core 9 'Cmp' <Latency = 0> <II = 1> <Delay = 1.10> <FuncUnit> <Opcode : 'icmp'> <InPorts = 2> <OutPorts = 1>
ST_3 : Operation 23 [1/1] (0.82ns)   --->   "%i_V_4 = add i13 %i_V_3, i13 1"   --->   Operation 23 'add' 'i_V_4' <Predicate = true> <Delay = 0.82> <CoreInst = "Adder">   --->   Core 1 'Adder' <Latency = 0> <II = 1> <Delay = 0.82> <FuncUnit> <Opcode : 'add' 'sub'> <InPorts = 2> <OutPorts = 1>
ST_3 : Operation 24 [1/1] (0.00ns)   --->   "%br_ln70 = br i1 %icmp_ln1027_1, void %_ZN2xf2cv13xFGAMMAKernelILi9ELi1080ELi1920ELi3ELi15ELi1ELi3ELi3ELi9ELi9ELi1920EEEvRNS0_3MatIXT_EXT0_EXT1_EXT4_EXT5_EEERNS2_IXT_EXT0_EXT1_EXT4_EXT6_EEEPhtt.exit.loopexit, void %colLoop.i.split" [../../../../../overlays/Vitis_Libraries/vision//L1/include/imgproc/xf_gammacorrection.hpp:70]   --->   Operation 24 'br' 'br_ln70' <Predicate = true> <Delay = 0.00>
ST_3 : Operation 25 [1/1] (0.00ns)   --->   "%empty = wait i32 @_ssdm_op_Wait"   --->   Operation 25 'wait' 'empty' <Predicate = (icmp_ln1027_1)> <Delay = 0.00>
ST_3 : Operation 26 [1/1] (0.42ns)   --->   "%store_ln70 = store i13 %i_V_4, i13 %i_V" [../../../../../overlays/Vitis_Libraries/vision//L1/include/imgproc/xf_gammacorrection.hpp:70]   --->   Operation 26 'store' 'store_ln70' <Predicate = (icmp_ln1027_1)> <Delay = 0.42>
ST_3 : Operation 27 [1/1] (0.00ns)   --->   "%ret_ln120 = ret" [../../../../../overlays/Vitis_Libraries/vision//L1/include/imgproc/xf_gammacorrection.hpp:120]   --->   Operation 27 'ret' 'ret_ln120' <Predicate = (!icmp_ln1027_1)> <Delay = 0.00>

State 4 <SV = 3> <Delay = 1.52>
ST_4 : Operation 28 [2/2] (1.52ns)   --->   "%call_ln0 = call void @gammacorrection<9, 9, 1080, 1920, 1, 3, 3>_Pipeline_colLoop, i16 %p_read_19, i24 %aecin_data220, i8 %lut_p, i8 %lut_p_1, i8 %lut_p_2, i24 %p_dst_data219"   --->   Operation 28 'call' 'call_ln0' <Predicate = true> <Delay = 1.52> <CoreType = "Generic">   --->   Core 0 '' <Latency = 0> <II = 1> <Delay = 1.00> <Generic> <Opcode : >

State 5 <SV = 4> <Delay = 0.00>
ST_5 : Operation 29 [1/1] (0.00ns)   --->   "%speclooptripcount_ln72 = speclooptripcount void @_ssdm_op_SpecLoopTripCount, i64 1080, i64 1080, i64 1080" [../../../../../overlays/Vitis_Libraries/vision//L1/include/imgproc/xf_gammacorrection.hpp:72]   --->   Operation 29 'speclooptripcount' 'speclooptripcount_ln72' <Predicate = true> <Delay = 0.00>
ST_5 : Operation 30 [1/1] (0.00ns)   --->   "%specloopname_ln44 = specloopname void @_ssdm_op_SpecLoopName, void @empty_2" [../../../../../overlays/Vitis_Libraries/vision//L1/include/imgproc/xf_gammacorrection.hpp:44]   --->   Operation 30 'specloopname' 'specloopname_ln44' <Predicate = true> <Delay = 0.00>
ST_5 : Operation 31 [1/2] (0.00ns)   --->   "%call_ln0 = call void @gammacorrection<9, 9, 1080, 1920, 1, 3, 3>_Pipeline_colLoop, i16 %p_read_19, i24 %aecin_data220, i8 %lut_p, i8 %lut_p_1, i8 %lut_p_2, i24 %p_dst_data219"   --->   Operation 31 'call' 'call_ln0' <Predicate = true> <Delay = 0.00> <CoreType = "Generic">   --->   Core 0 '' <Latency = 0> <II = 1> <Delay = 1.00> <Generic> <Opcode : >
ST_5 : Operation 32 [1/1] (0.00ns)   --->   "%br_ln70 = br void %colLoop.i" [../../../../../overlays/Vitis_Libraries/vision//L1/include/imgproc/xf_gammacorrection.hpp:70]   --->   Operation 32 'br' 'br_ln70' <Predicate = true> <Delay = 0.00>


============================================================
+ Verbose Summary: Timing violations
============================================================
Target clock period: 3.3ns, clock uncertainty: 0.891ns.

 <State 1>: 0.427ns
The critical path consists of the following:
	'alloca' operation ('i.V') [6]  (0 ns)
	'store' operation ('store_ln1027') of constant 0 on local variable 'i.V' [17]  (0.427 ns)

 <State 2>: 1.2ns
The critical path consists of the following:
	wire read operation ('p_read_19') on port 'p_read1' [11]  (1.2 ns)

 <State 3>: 1.53ns
The critical path consists of the following:
	'load' operation ('i.V') on local variable 'i.V' [20]  (0 ns)
	'add' operation ('i.V') [23]  (0.82 ns)
	'store' operation ('store_ln70', ../../../../../overlays/Vitis_Libraries/vision//L1/include/imgproc/xf_gammacorrection.hpp:70) of variable 'i.V' on local variable 'i.V' [30]  (0.427 ns)
	blocking operation 0.282 ns on control path)

 <State 4>: 1.53ns
The critical path consists of the following:
	'call' operation ('call_ln0') to 'gammacorrection<9, 9, 1080, 1920, 1, 3, 3>_Pipeline_colLoop' [29]  (1.53 ns)

 <State 5>: 0ns
The critical path consists of the following:


============================================================
+ Verbose Summary: Binding
============================================================
N/A
* FSMD analyzer results:
  - Output states:
 - Input state : 
  - Chain level:
	State 1
	State 2
	State 3
	State 4
	State 5


============================================================
+ Verbose Summary: Datapath Resource usage 
============================================================
N/A
