

================================================================
== Vitis HLS Report for 'ISPPipeline_accel'
================================================================
* Date:           Thu Mar  5 08:43:02 2026

* Version:        2022.2 (Build 3670227 on Oct 13 2022)
* Project:        isppipeline.prj
* Solution:       sol1 (Vivado IP Flow Target)
* Product family: zynquplus
* Target device:  xck26-sfvc784-2LV-c


================================================================
== Performance Estimates
================================================================
+ Timing: 
    * Summary: 
    +--------+---------+----------+------------+
    |  Clock |  Target | Estimated| Uncertainty|
    +--------+---------+----------+------------+
    |ap_clk  |  3.30 ns|  3.239 ns|     0.89 ns|
    +--------+---------+----------+------------+

+ Latency: 
    * Summary: 
    +---------+---------+----------+----------+---------+---------+---------+
    |  Latency (cycles) |  Latency (absolute) |      Interval     | Pipeline|
    |   min   |   max   |    min   |    max   |   min   |   max   |   Type  |
    +---------+---------+----------+----------+---------+---------+---------+
    |  2084563|  2097985|  6.879 ms|  6.923 ms|  2084564|  2097986|       no|
    +---------+---------+----------+----------+---------+---------+---------+

    + Detail: 
        * Instance: 
        N/A

        * Loop: 
        N/A

============================================================
+ Verbose Summary: Synthesis Manager
============================================================
InlineROM: 1
ExposeGlobal: 0
============================================================
+ Verbose Summary: CDFG Model
============================================================
IsTopModel: 1
ResetActiveHigh: 1
IsCombinational: 0
IsDatapathOnly: 0
HasWiredReturn: 1
HasMFsm: 0
HasVarLatency: 1
IsPipeline: 0
IsRtlPipelined: 0
IsInstanceOverlapped: 0
IsDontTouch: 0
HasImplIP: 0
IsGatedGlobalClock: 0


============================================================
+ Verbose Summary: Schedule
============================================================
* Number of FSM states : 6
* Pipeline : 0
* Dataflow Pipeline: 0

* FSM state transitions: 
1 --> 2 4 
2 --> 3 
3 --> 6 
4 --> 5 
5 --> 6 
6 --> 

* FSM state operations: 

State 1 <SV = 0> <Delay = 1.00>
ST_1 : Operation 7 [1/1] (1.00ns)   --->   "%pawb_read = read i16 @_ssdm_op_Read.s_axilite.i16, i16 %pawb" [../../../../../overlays/Vitis_Libraries/vision//L1/examples/isppipeline/xf_isp_accel.cpp:411]   --->   Operation 7 'read' 'pawb_read' <Predicate = true> <Delay = 1.00> <CoreInst = "s_axilite">   --->   Core 122 's_axilite' <Latency = 0> <II = 1> <Delay = 1.00> <Adapter> <Opcode : 'read' 'write'>
ST_1 : Operation 8 [1/1] (1.00ns)   --->   "%mode_reg_read = read i8 @_ssdm_op_Read.s_axilite.i8, i8 %mode_reg" [../../../../../overlays/Vitis_Libraries/vision//L1/examples/isppipeline/xf_isp_accel.cpp:411]   --->   Operation 8 'read' 'mode_reg_read' <Predicate = true> <Delay = 1.00> <CoreInst = "s_axilite">   --->   Core 122 's_axilite' <Latency = 0> <II = 1> <Delay = 1.00> <Adapter> <Opcode : 'read' 'write'>
ST_1 : Operation 9 [1/1] (1.00ns)   --->   "%bgain_read = read i16 @_ssdm_op_Read.s_axilite.i16, i16 %bgain" [../../../../../overlays/Vitis_Libraries/vision//L1/examples/isppipeline/xf_isp_accel.cpp:411]   --->   Operation 9 'read' 'bgain_read' <Predicate = true> <Delay = 1.00> <CoreInst = "s_axilite">   --->   Core 122 's_axilite' <Latency = 0> <II = 1> <Delay = 1.00> <Adapter> <Opcode : 'read' 'write'>
ST_1 : Operation 10 [1/1] (1.00ns)   --->   "%rgain_read = read i16 @_ssdm_op_Read.s_axilite.i16, i16 %rgain" [../../../../../overlays/Vitis_Libraries/vision//L1/examples/isppipeline/xf_isp_accel.cpp:411]   --->   Operation 10 'read' 'rgain_read' <Predicate = true> <Delay = 1.00> <CoreInst = "s_axilite">   --->   Core 122 's_axilite' <Latency = 0> <II = 1> <Delay = 1.00> <Adapter> <Opcode : 'read' 'write'>
ST_1 : Operation 11 [1/1] (1.00ns)   --->   "%height_read = read i16 @_ssdm_op_Read.s_axilite.i16, i16 %height" [../../../../../overlays/Vitis_Libraries/vision//L1/examples/isppipeline/xf_isp_accel.cpp:411]   --->   Operation 11 'read' 'height_read' <Predicate = true> <Delay = 1.00> <CoreInst = "s_axilite">   --->   Core 122 's_axilite' <Latency = 0> <II = 1> <Delay = 1.00> <Adapter> <Opcode : 'read' 'write'>
ST_1 : Operation 12 [1/1] (1.00ns)   --->   "%width_read = read i16 @_ssdm_op_Read.s_axilite.i16, i16 %width" [../../../../../overlays/Vitis_Libraries/vision//L1/examples/isppipeline/xf_isp_accel.cpp:411]   --->   Operation 12 'read' 'width_read' <Predicate = true> <Delay = 1.00> <CoreInst = "s_axilite">   --->   Core 122 's_axilite' <Latency = 0> <II = 1> <Delay = 1.00> <Adapter> <Opcode : 'read' 'write'>
ST_1 : Operation 13 [1/1] (0.00ns)   --->   "%trunc_ln411 = trunc i8 %mode_reg_read" [../../../../../overlays/Vitis_Libraries/vision//L1/examples/isppipeline/xf_isp_accel.cpp:411]   --->   Operation 13 'trunc' 'trunc_ln411' <Predicate = true> <Delay = 0.00>
ST_1 : Operation 14 [1/1] (0.00ns)   --->   "%spectopmodule_ln411 = spectopmodule void @_ssdm_op_SpecTopModule, void @empty_25" [../../../../../overlays/Vitis_Libraries/vision//L1/examples/isppipeline/xf_isp_accel.cpp:411]   --->   Operation 14 'spectopmodule' 'spectopmodule_ln411' <Predicate = true> <Delay = 0.00>
ST_1 : Operation 15 [1/1] (0.00ns)   --->   "%specbitsmap_ln0 = specbitsmap void @_ssdm_op_SpecBitsMap, i16 %width"   --->   Operation 15 'specbitsmap' 'specbitsmap_ln0' <Predicate = true> <Delay = 0.00>
ST_1 : Operation 16 [1/1] (0.00ns)   --->   "%specinterface_ln0 = specinterface void @_ssdm_op_SpecInterface, i16 %width, void @empty_34, i32 0, i32 0, void @empty_32, i32 0, i32 0, void @empty_17, void @empty_36, void @empty_32, i32 0, i32 0, i32 0, i32 0, void @empty_32, void @empty_32, i32 4294967295, i32 0"   --->   Operation 16 'specinterface' 'specinterface_ln0' <Predicate = true> <Delay = 0.00>
ST_1 : Operation 17 [1/1] (0.00ns)   --->   "%specinterface_ln0 = specinterface void @_ssdm_op_SpecInterface, i16 %width, void @empty_42, i32 0, i32 0, void @empty_32, i32 0, i32 0, void @empty_32, void @empty_32, void @empty_32, i32 0, i32 0, i32 0, i32 0, void @empty_32, void @empty_32, i32 4294967295, i32 0"   --->   Operation 17 'specinterface' 'specinterface_ln0' <Predicate = true> <Delay = 0.00>
ST_1 : Operation 18 [1/1] (0.00ns)   --->   "%specbitsmap_ln0 = specbitsmap void @_ssdm_op_SpecBitsMap, i16 %height"   --->   Operation 18 'specbitsmap' 'specbitsmap_ln0' <Predicate = true> <Delay = 0.00>
ST_1 : Operation 19 [1/1] (0.00ns)   --->   "%specinterface_ln0 = specinterface void @_ssdm_op_SpecInterface, i16 %height, void @empty_34, i32 0, i32 0, void @empty_32, i32 0, i32 0, void @empty_17, void @empty_41, void @empty_32, i32 0, i32 0, i32 0, i32 0, void @empty_32, void @empty_32, i32 4294967295, i32 0"   --->   Operation 19 'specinterface' 'specinterface_ln0' <Predicate = true> <Delay = 0.00>
ST_1 : Operation 20 [1/1] (0.00ns)   --->   "%specinterface_ln0 = specinterface void @_ssdm_op_SpecInterface, i16 %height, void @empty_42, i32 0, i32 0, void @empty_32, i32 0, i32 0, void @empty_32, void @empty_32, void @empty_32, i32 0, i32 0, i32 0, i32 0, void @empty_32, void @empty_32, i32 4294967295, i32 0"   --->   Operation 20 'specinterface' 'specinterface_ln0' <Predicate = true> <Delay = 0.00>
ST_1 : Operation 21 [1/1] (0.00ns)   --->   "%specinterface_ln0 = specinterface void @_ssdm_op_SpecInterface, i16 %s_axis_video_V_data_V, i2 %s_axis_video_V_keep_V, i2 %s_axis_video_V_strb_V, i1 %s_axis_video_V_user_V, i1 %s_axis_video_V_last_V, i1 %s_axis_video_V_id_V, i1 %s_axis_video_V_dest_V, void @empty_18, i32 1, i32 1, void @empty_19, i32 0, i32 0, void @empty_32, void @empty_32, void @empty_32, i32 0, i32 0, i32 0, i32 0, void @empty_32, void @empty_32, i32 4294967295, i32 0"   --->   Operation 21 'specinterface' 'specinterface_ln0' <Predicate = true> <Delay = 0.00>
ST_1 : Operation 22 [1/1] (0.00ns)   --->   "%specbitsmap_ln0 = specbitsmap void @_ssdm_op_SpecBitsMap, i16 %s_axis_video_V_data_V"   --->   Operation 22 'specbitsmap' 'specbitsmap_ln0' <Predicate = true> <Delay = 0.00>
ST_1 : Operation 23 [1/1] (0.00ns)   --->   "%specbitsmap_ln0 = specbitsmap void @_ssdm_op_SpecBitsMap, i2 %s_axis_video_V_keep_V"   --->   Operation 23 'specbitsmap' 'specbitsmap_ln0' <Predicate = true> <Delay = 0.00>
ST_1 : Operation 24 [1/1] (0.00ns)   --->   "%specbitsmap_ln0 = specbitsmap void @_ssdm_op_SpecBitsMap, i2 %s_axis_video_V_strb_V"   --->   Operation 24 'specbitsmap' 'specbitsmap_ln0' <Predicate = true> <Delay = 0.00>
ST_1 : Operation 25 [1/1] (0.00ns)   --->   "%specbitsmap_ln0 = specbitsmap void @_ssdm_op_SpecBitsMap, i1 %s_axis_video_V_user_V"   --->   Operation 25 'specbitsmap' 'specbitsmap_ln0' <Predicate = true> <Delay = 0.00>
ST_1 : Operation 26 [1/1] (0.00ns)   --->   "%specbitsmap_ln0 = specbitsmap void @_ssdm_op_SpecBitsMap, i1 %s_axis_video_V_last_V"   --->   Operation 26 'specbitsmap' 'specbitsmap_ln0' <Predicate = true> <Delay = 0.00>
ST_1 : Operation 27 [1/1] (0.00ns)   --->   "%specbitsmap_ln0 = specbitsmap void @_ssdm_op_SpecBitsMap, i1 %s_axis_video_V_id_V"   --->   Operation 27 'specbitsmap' 'specbitsmap_ln0' <Predicate = true> <Delay = 0.00>
ST_1 : Operation 28 [1/1] (0.00ns)   --->   "%specbitsmap_ln0 = specbitsmap void @_ssdm_op_SpecBitsMap, i1 %s_axis_video_V_dest_V"   --->   Operation 28 'specbitsmap' 'specbitsmap_ln0' <Predicate = true> <Delay = 0.00>
ST_1 : Operation 29 [1/1] (0.00ns)   --->   "%specinterface_ln0 = specinterface void @_ssdm_op_SpecInterface, i24 %m_axis_video_V_data_V, i3 %m_axis_video_V_keep_V, i3 %m_axis_video_V_strb_V, i1 %m_axis_video_V_user_V, i1 %m_axis_video_V_last_V, i1 %m_axis_video_V_id_V, i1 %m_axis_video_V_dest_V, void @empty_18, i32 1, i32 1, void @empty_19, i32 0, i32 0, void @empty_32, void @empty_32, void @empty_32, i32 0, i32 0, i32 0, i32 0, void @empty_32, void @empty_32, i32 4294967295, i32 0"   --->   Operation 29 'specinterface' 'specinterface_ln0' <Predicate = true> <Delay = 0.00>
ST_1 : Operation 30 [1/1] (0.00ns)   --->   "%specbitsmap_ln0 = specbitsmap void @_ssdm_op_SpecBitsMap, i24 %m_axis_video_V_data_V"   --->   Operation 30 'specbitsmap' 'specbitsmap_ln0' <Predicate = true> <Delay = 0.00>
ST_1 : Operation 31 [1/1] (0.00ns)   --->   "%specbitsmap_ln0 = specbitsmap void @_ssdm_op_SpecBitsMap, i3 %m_axis_video_V_keep_V"   --->   Operation 31 'specbitsmap' 'specbitsmap_ln0' <Predicate = true> <Delay = 0.00>
ST_1 : Operation 32 [1/1] (0.00ns)   --->   "%specbitsmap_ln0 = specbitsmap void @_ssdm_op_SpecBitsMap, i3 %m_axis_video_V_strb_V"   --->   Operation 32 'specbitsmap' 'specbitsmap_ln0' <Predicate = true> <Delay = 0.00>
ST_1 : Operation 33 [1/1] (0.00ns)   --->   "%specbitsmap_ln0 = specbitsmap void @_ssdm_op_SpecBitsMap, i1 %m_axis_video_V_user_V"   --->   Operation 33 'specbitsmap' 'specbitsmap_ln0' <Predicate = true> <Delay = 0.00>
ST_1 : Operation 34 [1/1] (0.00ns)   --->   "%specbitsmap_ln0 = specbitsmap void @_ssdm_op_SpecBitsMap, i1 %m_axis_video_V_last_V"   --->   Operation 34 'specbitsmap' 'specbitsmap_ln0' <Predicate = true> <Delay = 0.00>
ST_1 : Operation 35 [1/1] (0.00ns)   --->   "%specbitsmap_ln0 = specbitsmap void @_ssdm_op_SpecBitsMap, i1 %m_axis_video_V_id_V"   --->   Operation 35 'specbitsmap' 'specbitsmap_ln0' <Predicate = true> <Delay = 0.00>
ST_1 : Operation 36 [1/1] (0.00ns)   --->   "%specbitsmap_ln0 = specbitsmap void @_ssdm_op_SpecBitsMap, i1 %m_axis_video_V_dest_V"   --->   Operation 36 'specbitsmap' 'specbitsmap_ln0' <Predicate = true> <Delay = 0.00>
ST_1 : Operation 37 [1/1] (0.00ns)   --->   "%specbitsmap_ln0 = specbitsmap void @_ssdm_op_SpecBitsMap, i16 %rgain"   --->   Operation 37 'specbitsmap' 'specbitsmap_ln0' <Predicate = true> <Delay = 0.00>
ST_1 : Operation 38 [1/1] (0.00ns)   --->   "%specinterface_ln0 = specinterface void @_ssdm_op_SpecInterface, i16 %rgain, void @empty_34, i32 0, i32 0, void @empty_32, i32 0, i32 0, void @empty_17, void @empty_16, void @empty_32, i32 0, i32 0, i32 0, i32 0, void @empty_32, void @empty_32, i32 4294967295, i32 0"   --->   Operation 38 'specinterface' 'specinterface_ln0' <Predicate = true> <Delay = 0.00>
ST_1 : Operation 39 [1/1] (0.00ns)   --->   "%specinterface_ln0 = specinterface void @_ssdm_op_SpecInterface, i16 %rgain, void @empty_42, i32 0, i32 0, void @empty_32, i32 0, i32 0, void @empty_32, void @empty_32, void @empty_32, i32 0, i32 0, i32 0, i32 0, void @empty_32, void @empty_32, i32 4294967295, i32 0"   --->   Operation 39 'specinterface' 'specinterface_ln0' <Predicate = true> <Delay = 0.00>
ST_1 : Operation 40 [1/1] (0.00ns)   --->   "%specbitsmap_ln0 = specbitsmap void @_ssdm_op_SpecBitsMap, i16 %bgain"   --->   Operation 40 'specbitsmap' 'specbitsmap_ln0' <Predicate = true> <Delay = 0.00>
ST_1 : Operation 41 [1/1] (0.00ns)   --->   "%specinterface_ln0 = specinterface void @_ssdm_op_SpecInterface, i16 %bgain, void @empty_34, i32 0, i32 0, void @empty_32, i32 0, i32 0, void @empty_17, void @empty_1, void @empty_32, i32 0, i32 0, i32 0, i32 0, void @empty_32, void @empty_32, i32 4294967295, i32 0"   --->   Operation 41 'specinterface' 'specinterface_ln0' <Predicate = true> <Delay = 0.00>
ST_1 : Operation 42 [1/1] (0.00ns)   --->   "%specinterface_ln0 = specinterface void @_ssdm_op_SpecInterface, i16 %bgain, void @empty_42, i32 0, i32 0, void @empty_32, i32 0, i32 0, void @empty_32, void @empty_32, void @empty_32, i32 0, i32 0, i32 0, i32 0, void @empty_32, void @empty_32, i32 4294967295, i32 0"   --->   Operation 42 'specinterface' 'specinterface_ln0' <Predicate = true> <Delay = 0.00>
ST_1 : Operation 43 [1/1] (0.00ns)   --->   "%specinterface_ln0 = specinterface void @_ssdm_op_SpecInterface, i8 %gamma_lut, void @empty_34, i32 0, i32 0, void @empty_32, i32 0, i32 0, void @empty_17, void @empty_30, void @empty_32, i32 0, i32 0, i32 0, i32 0, void @empty_32, void @empty_32, i32 4294967295, i32 0"   --->   Operation 43 'specinterface' 'specinterface_ln0' <Predicate = true> <Delay = 0.00>
ST_1 : Operation 44 [1/1] (0.00ns)   --->   "%specinterface_ln0 = specinterface void @_ssdm_op_SpecInterface, i8 %gamma_lut, void @empty_11, i32 0, i32 0, void @empty_32, i32 1, i32 0, void @empty_32, void @empty_32, void @empty_32, i32 0, i32 0, i32 0, i32 0, void @empty_32, void @empty_32, i32 4294967295, i32 0"   --->   Operation 44 'specinterface' 'specinterface_ln0' <Predicate = true> <Delay = 0.00>
ST_1 : Operation 45 [1/1] (0.00ns)   --->   "%specmemcore_ln0 = specmemcore void @_ssdm_op_SpecMemCore, i8 %gamma_lut, i64 666, i64 207, i64 1"   --->   Operation 45 'specmemcore' 'specmemcore_ln0' <Predicate = true> <Delay = 0.00>
ST_1 : Operation 46 [1/1] (0.00ns)   --->   "%specbitsmap_ln0 = specbitsmap void @_ssdm_op_SpecBitsMap, i8 %gamma_lut"   --->   Operation 46 'specbitsmap' 'specbitsmap_ln0' <Predicate = true> <Delay = 0.00>
ST_1 : Operation 47 [1/1] (0.00ns)   --->   "%specbitsmap_ln0 = specbitsmap void @_ssdm_op_SpecBitsMap, i8 %mode_reg"   --->   Operation 47 'specbitsmap' 'specbitsmap_ln0' <Predicate = true> <Delay = 0.00>
ST_1 : Operation 48 [1/1] (0.00ns)   --->   "%specinterface_ln0 = specinterface void @_ssdm_op_SpecInterface, i8 %mode_reg, void @empty_34, i32 0, i32 0, void @empty_32, i32 0, i32 0, void @empty_17, void @empty_9, void @empty_32, i32 0, i32 0, i32 0, i32 0, void @empty_32, void @empty_32, i32 4294967295, i32 0"   --->   Operation 48 'specinterface' 'specinterface_ln0' <Predicate = true> <Delay = 0.00>
ST_1 : Operation 49 [1/1] (0.00ns)   --->   "%specinterface_ln0 = specinterface void @_ssdm_op_SpecInterface, i8 %mode_reg, void @empty_42, i32 0, i32 0, void @empty_32, i32 0, i32 0, void @empty_32, void @empty_32, void @empty_32, i32 0, i32 0, i32 0, i32 0, void @empty_32, void @empty_32, i32 4294967295, i32 0"   --->   Operation 49 'specinterface' 'specinterface_ln0' <Predicate = true> <Delay = 0.00>
ST_1 : Operation 50 [1/1] (0.00ns)   --->   "%specbitsmap_ln0 = specbitsmap void @_ssdm_op_SpecBitsMap, i16 %pawb"   --->   Operation 50 'specbitsmap' 'specbitsmap_ln0' <Predicate = true> <Delay = 0.00>
ST_1 : Operation 51 [1/1] (0.00ns)   --->   "%specinterface_ln0 = specinterface void @_ssdm_op_SpecInterface, i16 %pawb, void @empty_34, i32 0, i32 0, void @empty_32, i32 0, i32 0, void @empty_17, void @empty_38, void @empty_32, i32 0, i32 0, i32 0, i32 0, void @empty_32, void @empty_32, i32 4294967295, i32 0"   --->   Operation 51 'specinterface' 'specinterface_ln0' <Predicate = true> <Delay = 0.00>
ST_1 : Operation 52 [1/1] (0.00ns)   --->   "%specinterface_ln0 = specinterface void @_ssdm_op_SpecInterface, i16 %pawb, void @empty_42, i32 0, i32 0, void @empty_32, i32 0, i32 0, void @empty_32, void @empty_32, void @empty_32, i32 0, i32 0, i32 0, i32 0, void @empty_32, void @empty_32, i32 4294967295, i32 0"   --->   Operation 52 'specinterface' 'specinterface_ln0' <Predicate = true> <Delay = 0.00>
ST_1 : Operation 53 [1/1] (0.00ns)   --->   "%specinterface_ln0 = specinterface void @_ssdm_op_SpecInterface, i32 0, void @empty_34, i32 0, i32 0, void @empty_32, i32 0, i32 0, void @empty_17, void @empty_32, void @empty_32, i32 0, i32 0, i32 0, i32 0, void @empty_32, void @empty_32, i32 4294967295, i32 0"   --->   Operation 53 'specinterface' 'specinterface_ln0' <Predicate = true> <Delay = 0.00>
ST_1 : Operation 54 [1/1] (0.00ns)   --->   "%flag_load = load i1 %flag" [../../../../../overlays/Vitis_Libraries/vision//L1/examples/isppipeline/xf_isp_accel.cpp:440]   --->   Operation 54 'load' 'flag_load' <Predicate = true> <Delay = 0.00>
ST_1 : Operation 55 [1/1] (0.00ns)   --->   "%specaxissidechannel_ln440 = specaxissidechannel void @_ssdm_op_SpecAXISSideChannel, i24 %m_axis_video_V_data_V, i3 %m_axis_video_V_keep_V, i3 %m_axis_video_V_strb_V, i1 %m_axis_video_V_user_V, i1 %m_axis_video_V_last_V, i1 %m_axis_video_V_id_V, i1 %m_axis_video_V_dest_V, void @empty_28" [../../../../../overlays/Vitis_Libraries/vision//L1/examples/isppipeline/xf_isp_accel.cpp:440]   --->   Operation 55 'specaxissidechannel' 'specaxissidechannel_ln440' <Predicate = true> <Delay = 0.00>
ST_1 : Operation 56 [1/1] (0.00ns)   --->   "%specaxissidechannel_ln440 = specaxissidechannel void @_ssdm_op_SpecAXISSideChannel, i16 %s_axis_video_V_data_V, i2 %s_axis_video_V_keep_V, i2 %s_axis_video_V_strb_V, i1 %s_axis_video_V_user_V, i1 %s_axis_video_V_last_V, i1 %s_axis_video_V_id_V, i1 %s_axis_video_V_dest_V, void @empty_37" [../../../../../overlays/Vitis_Libraries/vision//L1/examples/isppipeline/xf_isp_accel.cpp:440]   --->   Operation 56 'specaxissidechannel' 'specaxissidechannel_ln440' <Predicate = true> <Delay = 0.00>
ST_1 : Operation 57 [1/1] (0.00ns)   --->   "%br_ln440 = br i1 %flag_load, void %if.then, void %if.else" [../../../../../overlays/Vitis_Libraries/vision//L1/examples/isppipeline/xf_isp_accel.cpp:440]   --->   Operation 57 'br' 'br_ln440' <Predicate = true> <Delay = 0.00>

State 2 <SV = 1> <Delay = 3.23>
ST_2 : Operation 58 [2/2] (3.23ns)   --->   "%call_ln441 = call void @ISPpipeline, i16 %s_axis_video_V_data_V, i2 %s_axis_video_V_keep_V, i2 %s_axis_video_V_strb_V, i1 %s_axis_video_V_user_V, i1 %s_axis_video_V_last_V, i1 %s_axis_video_V_id_V, i1 %s_axis_video_V_dest_V, i24 %m_axis_video_V_data_V, i3 %m_axis_video_V_keep_V, i3 %m_axis_video_V_strb_V, i1 %m_axis_video_V_user_V, i1 %m_axis_video_V_last_V, i1 %m_axis_video_V_id_V, i1 %m_axis_video_V_dest_V, i16 %height_read, i16 %width_read, i32 %p_ZL9hist0_awb_0, i32 %p_ZL9hist0_awb_1, i32 %p_ZL9hist0_awb_2, i32 %p_ZL9hist1_awb_0, i32 %p_ZL9hist1_awb_1, i32 %p_ZL9hist1_awb_2, i16 %rgain_read, i16 %bgain_read, i8 %gamma_lut, i1 %trunc_ln411, i16 %pawb_read, i32 %void_AWBhistogramkernel_Mat_Mat_unsigned_int_1024_float_float_float_float_5, i32 %void_AWBhistogramkernel_Mat_Mat_unsigned_int_1024_float_float_float_float_2, i32 %void_AWBhistogramkernel_Mat_Mat_unsigned_int_1024_float_float_float_float_11, i32 %void_AWBhistogramkernel_Mat_Mat_unsigned_int_1024_float_float_float_float_8, i32 %void_AWBhistogramkernel_Mat_Mat_unsigned_int_1024_float_float_float_float_4, i32 %void_AWBhistogramkernel_Mat_Mat_unsigned_int_1024_float_float_float_float_1, i32 %void_AWBhistogramkernel_Mat_Mat_unsigned_int_1024_float_float_float_float_10, i32 %void_AWBhistogramkernel_Mat_Mat_unsigned_int_1024_float_float_float_float_7, i32 %void_AWBhistogramkernel_Mat_Mat_unsigned_int_1024_float_float_float_float_3, i32 %void_AWBhistogramkernel_Mat_Mat_unsigned_int_1024_float_float_float_float, i32 %void_AWBhistogramkernel_Mat_Mat_unsigned_int_1024_float_float_float_float_9, i32 %void_AWBhistogramkernel_Mat_Mat_unsigned_int_1024_float_float_float_float_6" [../../../../../overlays/Vitis_Libraries/vision//L1/examples/isppipeline/xf_isp_accel.cpp:441]   --->   Operation 58 'call' 'call_ln441' <Predicate = true> <Delay = 3.23> <CoreType = "Generic">   --->   Core 0 '' <Latency = 0> <II = 1> <Delay = 1.00> <Generic> <Opcode : >

State 3 <SV = 2> <Delay = 0.42>
ST_3 : Operation 59 [1/2] (0.00ns)   --->   "%call_ln441 = call void @ISPpipeline, i16 %s_axis_video_V_data_V, i2 %s_axis_video_V_keep_V, i2 %s_axis_video_V_strb_V, i1 %s_axis_video_V_user_V, i1 %s_axis_video_V_last_V, i1 %s_axis_video_V_id_V, i1 %s_axis_video_V_dest_V, i24 %m_axis_video_V_data_V, i3 %m_axis_video_V_keep_V, i3 %m_axis_video_V_strb_V, i1 %m_axis_video_V_user_V, i1 %m_axis_video_V_last_V, i1 %m_axis_video_V_id_V, i1 %m_axis_video_V_dest_V, i16 %height_read, i16 %width_read, i32 %p_ZL9hist0_awb_0, i32 %p_ZL9hist0_awb_1, i32 %p_ZL9hist0_awb_2, i32 %p_ZL9hist1_awb_0, i32 %p_ZL9hist1_awb_1, i32 %p_ZL9hist1_awb_2, i16 %rgain_read, i16 %bgain_read, i8 %gamma_lut, i1 %trunc_ln411, i16 %pawb_read, i32 %void_AWBhistogramkernel_Mat_Mat_unsigned_int_1024_float_float_float_float_5, i32 %void_AWBhistogramkernel_Mat_Mat_unsigned_int_1024_float_float_float_float_2, i32 %void_AWBhistogramkernel_Mat_Mat_unsigned_int_1024_float_float_float_float_11, i32 %void_AWBhistogramkernel_Mat_Mat_unsigned_int_1024_float_float_float_float_8, i32 %void_AWBhistogramkernel_Mat_Mat_unsigned_int_1024_float_float_float_float_4, i32 %void_AWBhistogramkernel_Mat_Mat_unsigned_int_1024_float_float_float_float_1, i32 %void_AWBhistogramkernel_Mat_Mat_unsigned_int_1024_float_float_float_float_10, i32 %void_AWBhistogramkernel_Mat_Mat_unsigned_int_1024_float_float_float_float_7, i32 %void_AWBhistogramkernel_Mat_Mat_unsigned_int_1024_float_float_float_float_3, i32 %void_AWBhistogramkernel_Mat_Mat_unsigned_int_1024_float_float_float_float, i32 %void_AWBhistogramkernel_Mat_Mat_unsigned_int_1024_float_float_float_float_9, i32 %void_AWBhistogramkernel_Mat_Mat_unsigned_int_1024_float_float_float_float_6" [../../../../../overlays/Vitis_Libraries/vision//L1/examples/isppipeline/xf_isp_accel.cpp:441]   --->   Operation 59 'call' 'call_ln441' <Predicate = true> <Delay = 0.00> <CoreType = "Generic">   --->   Core 0 '' <Latency = 0> <II = 1> <Delay = 1.00> <Generic> <Opcode : >
ST_3 : Operation 60 [1/1] (0.42ns)   --->   "%br_ln445 = br void %if.end" [../../../../../overlays/Vitis_Libraries/vision//L1/examples/isppipeline/xf_isp_accel.cpp:445]   --->   Operation 60 'br' 'br_ln445' <Predicate = true> <Delay = 0.42>

State 4 <SV = 1> <Delay = 3.23>
ST_4 : Operation 61 [2/2] (3.23ns)   --->   "%call_ln446 = call void @ISPpipeline, i16 %s_axis_video_V_data_V, i2 %s_axis_video_V_keep_V, i2 %s_axis_video_V_strb_V, i1 %s_axis_video_V_user_V, i1 %s_axis_video_V_last_V, i1 %s_axis_video_V_id_V, i1 %s_axis_video_V_dest_V, i24 %m_axis_video_V_data_V, i3 %m_axis_video_V_keep_V, i3 %m_axis_video_V_strb_V, i1 %m_axis_video_V_user_V, i1 %m_axis_video_V_last_V, i1 %m_axis_video_V_id_V, i1 %m_axis_video_V_dest_V, i16 %height_read, i16 %width_read, i32 %p_ZL9hist1_awb_0, i32 %p_ZL9hist1_awb_1, i32 %p_ZL9hist1_awb_2, i32 %p_ZL9hist0_awb_0, i32 %p_ZL9hist0_awb_1, i32 %p_ZL9hist0_awb_2, i16 %rgain_read, i16 %bgain_read, i8 %gamma_lut, i1 %trunc_ln411, i16 %pawb_read, i32 %void_AWBhistogramkernel_Mat_Mat_unsigned_int_1024_float_float_float_float_5, i32 %void_AWBhistogramkernel_Mat_Mat_unsigned_int_1024_float_float_float_float_2, i32 %void_AWBhistogramkernel_Mat_Mat_unsigned_int_1024_float_float_float_float_11, i32 %void_AWBhistogramkernel_Mat_Mat_unsigned_int_1024_float_float_float_float_8, i32 %void_AWBhistogramkernel_Mat_Mat_unsigned_int_1024_float_float_float_float_4, i32 %void_AWBhistogramkernel_Mat_Mat_unsigned_int_1024_float_float_float_float_1, i32 %void_AWBhistogramkernel_Mat_Mat_unsigned_int_1024_float_float_float_float_10, i32 %void_AWBhistogramkernel_Mat_Mat_unsigned_int_1024_float_float_float_float_7, i32 %void_AWBhistogramkernel_Mat_Mat_unsigned_int_1024_float_float_float_float_3, i32 %void_AWBhistogramkernel_Mat_Mat_unsigned_int_1024_float_float_float_float, i32 %void_AWBhistogramkernel_Mat_Mat_unsigned_int_1024_float_float_float_float_9, i32 %void_AWBhistogramkernel_Mat_Mat_unsigned_int_1024_float_float_float_float_6" [../../../../../overlays/Vitis_Libraries/vision//L1/examples/isppipeline/xf_isp_accel.cpp:446]   --->   Operation 61 'call' 'call_ln446' <Predicate = true> <Delay = 3.23> <CoreType = "Generic">   --->   Core 0 '' <Latency = 0> <II = 1> <Delay = 1.00> <Generic> <Opcode : >

State 5 <SV = 2> <Delay = 0.42>
ST_5 : Operation 62 [1/2] (0.00ns)   --->   "%call_ln446 = call void @ISPpipeline, i16 %s_axis_video_V_data_V, i2 %s_axis_video_V_keep_V, i2 %s_axis_video_V_strb_V, i1 %s_axis_video_V_user_V, i1 %s_axis_video_V_last_V, i1 %s_axis_video_V_id_V, i1 %s_axis_video_V_dest_V, i24 %m_axis_video_V_data_V, i3 %m_axis_video_V_keep_V, i3 %m_axis_video_V_strb_V, i1 %m_axis_video_V_user_V, i1 %m_axis_video_V_last_V, i1 %m_axis_video_V_id_V, i1 %m_axis_video_V_dest_V, i16 %height_read, i16 %width_read, i32 %p_ZL9hist1_awb_0, i32 %p_ZL9hist1_awb_1, i32 %p_ZL9hist1_awb_2, i32 %p_ZL9hist0_awb_0, i32 %p_ZL9hist0_awb_1, i32 %p_ZL9hist0_awb_2, i16 %rgain_read, i16 %bgain_read, i8 %gamma_lut, i1 %trunc_ln411, i16 %pawb_read, i32 %void_AWBhistogramkernel_Mat_Mat_unsigned_int_1024_float_float_float_float_5, i32 %void_AWBhistogramkernel_Mat_Mat_unsigned_int_1024_float_float_float_float_2, i32 %void_AWBhistogramkernel_Mat_Mat_unsigned_int_1024_float_float_float_float_11, i32 %void_AWBhistogramkernel_Mat_Mat_unsigned_int_1024_float_float_float_float_8, i32 %void_AWBhistogramkernel_Mat_Mat_unsigned_int_1024_float_float_float_float_4, i32 %void_AWBhistogramkernel_Mat_Mat_unsigned_int_1024_float_float_float_float_1, i32 %void_AWBhistogramkernel_Mat_Mat_unsigned_int_1024_float_float_float_float_10, i32 %void_AWBhistogramkernel_Mat_Mat_unsigned_int_1024_float_float_float_float_7, i32 %void_AWBhistogramkernel_Mat_Mat_unsigned_int_1024_float_float_float_float_3, i32 %void_AWBhistogramkernel_Mat_Mat_unsigned_int_1024_float_float_float_float, i32 %void_AWBhistogramkernel_Mat_Mat_unsigned_int_1024_float_float_float_float_9, i32 %void_AWBhistogramkernel_Mat_Mat_unsigned_int_1024_float_float_float_float_6" [../../../../../overlays/Vitis_Libraries/vision//L1/examples/isppipeline/xf_isp_accel.cpp:446]   --->   Operation 62 'call' 'call_ln446' <Predicate = true> <Delay = 0.00> <CoreType = "Generic">   --->   Core 0 '' <Latency = 0> <II = 1> <Delay = 1.00> <Generic> <Opcode : >
ST_5 : Operation 63 [1/1] (0.42ns)   --->   "%br_ln0 = br void %if.end"   --->   Operation 63 'br' 'br_ln0' <Predicate = true> <Delay = 0.42>

State 6 <SV = 3> <Delay = 0.00>
ST_6 : Operation 64 [1/1] (0.00ns)   --->   "%storemerge = phi i1 1, void %if.then, i1 0, void %if.else"   --->   Operation 64 'phi' 'storemerge' <Predicate = true> <Delay = 0.00>
ST_6 : Operation 65 [1/1] (0.00ns)   --->   "%store_ln448 = store i1 %storemerge, i1 %flag" [../../../../../overlays/Vitis_Libraries/vision//L1/examples/isppipeline/xf_isp_accel.cpp:448]   --->   Operation 65 'store' 'store_ln448' <Predicate = true> <Delay = 0.00>
ST_6 : Operation 66 [1/1] (0.00ns)   --->   "%ret_ln450 = ret" [../../../../../overlays/Vitis_Libraries/vision//L1/examples/isppipeline/xf_isp_accel.cpp:450]   --->   Operation 66 'ret' 'ret_ln450' <Predicate = true> <Delay = 0.00>


============================================================
+ Verbose Summary: Timing violations
============================================================
Target clock period: 3.3ns, clock uncertainty: 0.891ns.

 <State 1>: 1ns
The critical path consists of the following:
	s_axi read operation ('pawb_read', ../../../../../overlays/Vitis_Libraries/vision//L1/examples/isppipeline/xf_isp_accel.cpp:411) on port 'pawb' (../../../../../overlays/Vitis_Libraries/vision//L1/examples/isppipeline/xf_isp_accel.cpp:411) [41]  (1 ns)

 <State 2>: 3.24ns
The critical path consists of the following:
	'call' operation ('call_ln441', ../../../../../overlays/Vitis_Libraries/vision//L1/examples/isppipeline/xf_isp_accel.cpp:441) to 'ISPpipeline' [93]  (3.24 ns)

 <State 3>: 0.427ns
The critical path consists of the following:
	multiplexor before 'phi' operation ('storemerge') [99]  (0.427 ns)

 <State 4>: 3.24ns
The critical path consists of the following:
	'call' operation ('call_ln446', ../../../../../overlays/Vitis_Libraries/vision//L1/examples/isppipeline/xf_isp_accel.cpp:446) to 'ISPpipeline' [96]  (3.24 ns)

 <State 5>: 0.427ns
The critical path consists of the following:
	multiplexor before 'phi' operation ('storemerge') [99]  (0.427 ns)

 <State 6>: 0ns
The critical path consists of the following:


============================================================
+ Verbose Summary: Binding
============================================================
N/A
* FSMD analyzer results:
  - Output states:
 - Input state : 
  - Chain level:
	State 1
	State 2
	State 3
	State 4
	State 5
	State 6


============================================================
+ Verbose Summary: Datapath Resource usage 
============================================================
N/A
