

================================================================
== Vitis HLS Report for 'ISPpipeline'
================================================================
* Date:           Thu Mar  5 08:43:01 2026

* Version:        2022.2 (Build 3670227 on Oct 13 2022)
* Project:        isppipeline.prj
* Solution:       sol1 (Vivado IP Flow Target)
* Product family: zynquplus
* Target device:  xck26-sfvc784-2LV-c


================================================================
== Performance Estimates
================================================================
+ Timing: 
    * Summary: 
    +--------+---------+----------+------------+
    |  Clock |  Target | Estimated| Uncertainty|
    +--------+---------+----------+------------+
    |ap_clk  |  3.30 ns|  3.239 ns|     0.89 ns|
    +--------+---------+----------+------------+

+ Latency: 
    * Summary: 
    +---------+---------+----------+----------+---------+---------+----------+
    |  Latency (cycles) |  Latency (absolute) |      Interval     | Pipeline |
    |   min   |   max   |    min   |    max   |   min   |   max   |   Type   |
    +---------+---------+----------+----------+---------+---------+----------+
    |  2084560|  2097982|  6.879 ms|  6.923 ms|  2084403|  2097967|  dataflow|
    +---------+---------+----------+----------+---------+---------+----------+

    + Detail: 
        * Instance: 
        N/A

        * Loop: 
        N/A

============================================================
+ Verbose Summary: Synthesis Manager
============================================================
InlineROM: 1
ExposeGlobal: 0
============================================================
+ Verbose Summary: CDFG Model
============================================================
IsTopModel: 0
ResetActiveHigh: 1
IsCombinational: 2
IsDatapathOnly: 0
HasWiredReturn: 1
HasMFsm: 0
HasVarLatency: 1
IsPipeline: 0
IsRtlPipelined: 0
IsInstanceOverlapped: 0
IsDontTouch: 0
HasImplIP: 0
IsGatedGlobalClock: 0


============================================================
+ Verbose Summary: Schedule
============================================================
* Number of FSM states : 20
* Pipeline : 0
* Dataflow Pipeline: 1
  DF-Pipeline-0: Size = 20, States = { 1 2 3 4 5 6 7 8 9 10 11 12 13 14 15 16 17 18 19 20 }

* FSM state transitions: 
1 --> 2 
2 --> 3 
3 --> 4 
4 --> 5 
5 --> 6 
6 --> 7 
7 --> 8 
8 --> 9 
9 --> 10 
10 --> 11 
11 --> 12 
12 --> 13 
13 --> 14 
14 --> 15 
15 --> 16 
16 --> 17 
17 --> 18 
18 --> 19 
19 --> 20 
20 --> 

* FSM state operations: 

State 1 <SV = 0> <Delay = 3.23>
ST_1 : Operation 21 [1/1] (0.00ns)   --->   "%pawb_read = read i16 @_ssdm_op_Read.ap_auto.i16, i16 %pawb"   --->   Operation 21 'read' 'pawb_read' <Predicate = true> <Delay = 0.00>
ST_1 : Operation 22 [1/1] (0.00ns)   --->   "%bgain_read = read i16 @_ssdm_op_Read.ap_auto.i16, i16 %bgain"   --->   Operation 22 'read' 'bgain_read' <Predicate = true> <Delay = 0.00>
ST_1 : Operation 23 [1/1] (0.00ns)   --->   "%rgain_read = read i16 @_ssdm_op_Read.ap_auto.i16, i16 %rgain"   --->   Operation 23 'read' 'rgain_read' <Predicate = true> <Delay = 0.00>
ST_1 : Operation 24 [1/1] (0.00ns)   --->   "%width_read = read i16 @_ssdm_op_Read.ap_auto.i16, i16 %width"   --->   Operation 24 'read' 'width_read' <Predicate = true> <Delay = 0.00>
ST_1 : Operation 25 [1/1] (0.00ns)   --->   "%height_read = read i16 @_ssdm_op_Read.ap_auto.i16, i16 %height"   --->   Operation 25 'read' 'height_read' <Predicate = true> <Delay = 0.00>
ST_1 : Operation 26 [1/1] (0.00ns)   --->   "%empty = trunc i16 %width_read"   --->   Operation 26 'trunc' 'empty' <Predicate = true> <Delay = 0.00>
ST_1 : Operation 27 [1/1] (0.00ns)   --->   "%ltm_in_cols_c = alloca i64 1"   --->   Operation 27 'alloca' 'ltm_in_cols_c' <Predicate = true> <Delay = 0.00> <CoreInst = "FIFO_SRL">   --->   Core 81 'FIFO_SRL' <Latency = 0> <II = 1> <Delay = 1.83> <Storage> <Opcode : 'read' 'write' 'nbread' 'nbwrite'> <Ports = 0> <Width = 11> <Depth = 2> <FIFO>
ST_1 : Operation 28 [1/1] (0.00ns)   --->   "%ltm_in_rows_c = alloca i64 1"   --->   Operation 28 'alloca' 'ltm_in_rows_c' <Predicate = true> <Delay = 0.00> <CoreInst = "FIFO_SRL">   --->   Core 81 'FIFO_SRL' <Latency = 0> <II = 1> <Delay = 1.83> <Storage> <Opcode : 'read' 'write' 'nbread' 'nbwrite'> <Ports = 0> <Width = 11> <Depth = 2> <FIFO>
ST_1 : Operation 29 [1/1] (0.00ns)   --->   "%imgInput1_cols_c = alloca i64 1"   --->   Operation 29 'alloca' 'imgInput1_cols_c' <Predicate = true> <Delay = 0.00> <CoreInst = "FIFO_SRL">   --->   Core 81 'FIFO_SRL' <Latency = 0> <II = 1> <Delay = 1.83> <Storage> <Opcode : 'read' 'write' 'nbread' 'nbwrite'> <Ports = 0> <Width = 16> <Depth = 2> <FIFO>
ST_1 : Operation 30 [1/1] (0.00ns)   --->   "%imgInput1_rows_c = alloca i64 1"   --->   Operation 30 'alloca' 'imgInput1_rows_c' <Predicate = true> <Delay = 0.00> <CoreInst = "FIFO_SRL">   --->   Core 81 'FIFO_SRL' <Latency = 0> <II = 1> <Delay = 1.83> <Storage> <Opcode : 'read' 'write' 'nbread' 'nbwrite'> <Ports = 0> <Width = 16> <Depth = 2> <FIFO>
ST_1 : Operation 31 [1/1] (0.00ns)   --->   "%bgain_c = alloca i64 1"   --->   Operation 31 'alloca' 'bgain_c' <Predicate = true> <Delay = 0.00> <CoreInst = "FIFO_SRL">   --->   Core 81 'FIFO_SRL' <Latency = 0> <II = 1> <Delay = 1.86> <Storage> <Opcode : 'read' 'write' 'nbread' 'nbwrite'> <Ports = 0> <Width = 16> <Depth = 5> <FIFO>
ST_1 : Operation 32 [1/1] (0.00ns)   --->   "%rgain_c = alloca i64 1"   --->   Operation 32 'alloca' 'rgain_c' <Predicate = true> <Delay = 0.00> <CoreInst = "FIFO_SRL">   --->   Core 81 'FIFO_SRL' <Latency = 0> <II = 1> <Delay = 1.86> <Storage> <Opcode : 'read' 'write' 'nbread' 'nbwrite'> <Ports = 0> <Width = 16> <Depth = 5> <FIFO>
ST_1 : Operation 33 [1/1] (0.00ns)   --->   "%imgInput1_data = alloca i64 1" [../../../../../overlays/Vitis_Libraries/vision//L1/examples/isppipeline/xf_isp_accel.cpp:351]   --->   Operation 33 'alloca' 'imgInput1_data' <Predicate = true> <Delay = 0.00> <CoreInst = "FIFO_SRL">   --->   Core 81 'FIFO_SRL' <Latency = 0> <II = 1> <Delay = 1.83> <Storage> <Opcode : 'read' 'write' 'nbread' 'nbwrite'> <Ports = 0> <Width = 10> <Depth = 3> <FIFO>
ST_1 : Operation 34 [1/1] (0.00ns)   --->   "%imgInput2_data = alloca i64 1" [../../../../../overlays/Vitis_Libraries/vision//L1/examples/isppipeline/xf_isp_accel.cpp:352]   --->   Operation 34 'alloca' 'imgInput2_data' <Predicate = true> <Delay = 0.00> <CoreInst = "FIFO_SRL">   --->   Core 81 'FIFO_SRL' <Latency = 0> <II = 1> <Delay = 1.83> <Storage> <Opcode : 'read' 'write' 'nbread' 'nbwrite'> <Ports = 0> <Width = 10> <Depth = 3> <FIFO>
ST_1 : Operation 35 [1/1] (0.00ns)   --->   "%gain_out_data = alloca i64 1" [../../../../../overlays/Vitis_Libraries/vision//L1/examples/isppipeline/xf_isp_accel.cpp:354]   --->   Operation 35 'alloca' 'gain_out_data' <Predicate = true> <Delay = 0.00> <CoreInst = "FIFO_SRL">   --->   Core 81 'FIFO_SRL' <Latency = 0> <II = 1> <Delay = 1.83> <Storage> <Opcode : 'read' 'write' 'nbread' 'nbwrite'> <Ports = 0> <Width = 10> <Depth = 3> <FIFO>
ST_1 : Operation 36 [1/1] (0.00ns)   --->   "%demosaic_out_data = alloca i64 1" [../../../../../overlays/Vitis_Libraries/vision//L1/examples/isppipeline/xf_isp_accel.cpp:355]   --->   Operation 36 'alloca' 'demosaic_out_data' <Predicate = true> <Delay = 0.00> <CoreInst = "FIFO_SRL">   --->   Core 81 'FIFO_SRL' <Latency = 0> <II = 1> <Delay = 1.83> <Storage> <Opcode : 'read' 'write' 'nbread' 'nbwrite'> <Ports = 0> <Width = 30> <Depth = 3> <FIFO>
ST_1 : Operation 37 [1/1] (0.00ns)   --->   "%ltm_in_data = alloca i64 1" [../../../../../overlays/Vitis_Libraries/vision//L1/examples/isppipeline/xf_isp_accel.cpp:357]   --->   Operation 37 'alloca' 'ltm_in_data' <Predicate = true> <Delay = 0.00> <CoreInst = "FIFO_SRL">   --->   Core 81 'FIFO_SRL' <Latency = 0> <II = 1> <Delay = 1.83> <Storage> <Opcode : 'read' 'write' 'nbread' 'nbwrite'> <Ports = 0> <Width = 30> <Depth = 3> <FIFO>
ST_1 : Operation 38 [1/1] (0.00ns)   --->   "%lsc_out_data = alloca i64 1" [../../../../../overlays/Vitis_Libraries/vision//L1/examples/isppipeline/xf_isp_accel.cpp:358]   --->   Operation 38 'alloca' 'lsc_out_data' <Predicate = true> <Delay = 0.00> <CoreInst = "FIFO_SRL">   --->   Core 81 'FIFO_SRL' <Latency = 0> <II = 1> <Delay = 1.83> <Storage> <Opcode : 'read' 'write' 'nbread' 'nbwrite'> <Ports = 0> <Width = 30> <Depth = 3> <FIFO>
ST_1 : Operation 39 [1/1] (0.00ns)   --->   "%p_dst_data = alloca i64 1" [../../../../../overlays/Vitis_Libraries/vision//L1/examples/isppipeline/xf_isp_accel.cpp:359]   --->   Operation 39 'alloca' 'p_dst_data' <Predicate = true> <Delay = 0.00> <CoreInst = "FIFO_SRL">   --->   Core 81 'FIFO_SRL' <Latency = 0> <II = 1> <Delay = 1.83> <Storage> <Opcode : 'read' 'write' 'nbread' 'nbwrite'> <Ports = 0> <Width = 24> <Depth = 3> <FIFO>
ST_1 : Operation 40 [1/1] (0.00ns)   --->   "%aecin_data = alloca i64 1" [../../../../../overlays/Vitis_Libraries/vision//L1/examples/isppipeline/xf_isp_accel.cpp:360]   --->   Operation 40 'alloca' 'aecin_data' <Predicate = true> <Delay = 0.00> <CoreInst = "FIFO_SRL">   --->   Core 81 'FIFO_SRL' <Latency = 0> <II = 1> <Delay = 1.83> <Storage> <Opcode : 'read' 'write' 'nbread' 'nbwrite'> <Ports = 0> <Width = 24> <Depth = 3> <FIFO>
ST_1 : Operation 41 [1/1] (1.20ns)   --->   "%call_ln0 = call void @entry_proc, i16 %rgain_read, i16 %rgain_c, i16 %bgain_read, i16 %bgain_c"   --->   Operation 41 'call' 'call_ln0' <Predicate = true> <Delay = 1.20> <CoreType = "Generic">   --->   Core 0 '' <Latency = 0> <II = 1> <Delay = 1.00> <Generic> <Opcode : >
ST_1 : Operation 42 [2/2] (3.23ns)   --->   "%call_ret = call i288 @ISPpipeline_Block_entry2_proc, i16 %height_read, i16 %width_read, i16 %pawb_read"   --->   Operation 42 'call' 'call_ret' <Predicate = true> <Delay = 3.23> <CoreType = "Generic">   --->   Core 0 '' <Latency = 0> <II = 1> <Delay = 1.00> <Generic> <Opcode : >

State 2 <SV = 1> <Delay = 1.72>
ST_2 : Operation 43 [1/2] (1.72ns)   --->   "%call_ret = call i288 @ISPpipeline_Block_entry2_proc, i16 %height_read, i16 %width_read, i16 %pawb_read"   --->   Operation 43 'call' 'call_ret' <Predicate = true> <Delay = 1.72> <CoreType = "Generic">   --->   Core 0 '' <Latency = 0> <II = 1> <Delay = 1.00> <Generic> <Opcode : >
ST_2 : Operation 44 [1/1] (0.00ns)   --->   "%ltm_in_cols_c26_channel = extractvalue i288 %call_ret"   --->   Operation 44 'extractvalue' 'ltm_in_cols_c26_channel' <Predicate = true> <Delay = 0.00> <CoreInst = "FIFO_SRL">   --->   Core 81 'FIFO_SRL' <Latency = 0> <II = 1> <Delay = 1.83> <Storage> <Opcode : 'read' 'write' 'nbread' 'nbwrite'> <Ports = 0> <Width = 16> <Depth = 2> <FIFO>
ST_2 : Operation 45 [1/1] (0.00ns)   --->   "%ltm_in_rows_c25_channel = extractvalue i288 %call_ret"   --->   Operation 45 'extractvalue' 'ltm_in_rows_c25_channel' <Predicate = true> <Delay = 0.00> <CoreInst = "FIFO_SRL">   --->   Core 81 'FIFO_SRL' <Latency = 0> <II = 1> <Delay = 1.83> <Storage> <Opcode : 'read' 'write' 'nbread' 'nbwrite'> <Ports = 0> <Width = 16> <Depth = 2> <FIFO>
ST_2 : Operation 46 [1/1] (0.00ns)   --->   "%imgInput1_cols_c24_channel = extractvalue i288 %call_ret"   --->   Operation 46 'extractvalue' 'imgInput1_cols_c24_channel' <Predicate = true> <Delay = 0.00> <CoreInst = "FIFO_SRL">   --->   Core 81 'FIFO_SRL' <Latency = 0> <II = 1> <Delay = 1.83> <Storage> <Opcode : 'read' 'write' 'nbread' 'nbwrite'> <Ports = 0> <Width = 16> <Depth = 2> <FIFO>
ST_2 : Operation 47 [1/1] (0.00ns)   --->   "%imgInput1_rows_c23_channel = extractvalue i288 %call_ret"   --->   Operation 47 'extractvalue' 'imgInput1_rows_c23_channel' <Predicate = true> <Delay = 0.00> <CoreInst = "FIFO_SRL">   --->   Core 81 'FIFO_SRL' <Latency = 0> <II = 1> <Delay = 1.83> <Storage> <Opcode : 'read' 'write' 'nbread' 'nbwrite'> <Ports = 0> <Width = 16> <Depth = 2> <FIFO>
ST_2 : Operation 48 [1/1] (0.00ns)   --->   "%thresh_loc_channel = extractvalue i288 %call_ret"   --->   Operation 48 'extractvalue' 'thresh_loc_channel' <Predicate = true> <Delay = 0.00> <CoreInst = "FIFO_SRL">   --->   Core 81 'FIFO_SRL' <Latency = 0> <II = 1> <Delay = 1.83> <Storage> <Opcode : 'read' 'write' 'nbread' 'nbwrite'> <Ports = 0> <Width = 32> <Depth = 2> <FIFO>
ST_2 : Operation 49 [1/1] (0.00ns)   --->   "%aecin_cols_channel = extractvalue i288 %call_ret"   --->   Operation 49 'extractvalue' 'aecin_cols_channel' <Predicate = true> <Delay = 0.00> <CoreInst = "FIFO_SRL">   --->   Core 81 'FIFO_SRL' <Latency = 0> <II = 1> <Delay = 1.83> <Storage> <Opcode : 'read' 'write' 'nbread' 'nbwrite'> <Ports = 0> <Width = 16> <Depth = 2> <FIFO>
ST_2 : Operation 50 [1/1] (0.00ns)   --->   "%aecin_rows_channel = extractvalue i288 %call_ret"   --->   Operation 50 'extractvalue' 'aecin_rows_channel' <Predicate = true> <Delay = 0.00> <CoreInst = "FIFO_SRL">   --->   Core 81 'FIFO_SRL' <Latency = 0> <II = 1> <Delay = 1.83> <Storage> <Opcode : 'read' 'write' 'nbread' 'nbwrite'> <Ports = 0> <Width = 16> <Depth = 2> <FIFO>
ST_2 : Operation 51 [1/1] (0.00ns)   --->   "%p_dst_cols_channel = extractvalue i288 %call_ret"   --->   Operation 51 'extractvalue' 'p_dst_cols_channel' <Predicate = true> <Delay = 0.00> <CoreInst = "FIFO_SRL">   --->   Core 81 'FIFO_SRL' <Latency = 0> <II = 1> <Delay = 1.83> <Storage> <Opcode : 'read' 'write' 'nbread' 'nbwrite'> <Ports = 0> <Width = 16> <Depth = 2> <FIFO>
ST_2 : Operation 52 [1/1] (0.00ns)   --->   "%p_dst_rows_channel = extractvalue i288 %call_ret"   --->   Operation 52 'extractvalue' 'p_dst_rows_channel' <Predicate = true> <Delay = 0.00> <CoreInst = "FIFO_SRL">   --->   Core 81 'FIFO_SRL' <Latency = 0> <II = 1> <Delay = 1.83> <Storage> <Opcode : 'read' 'write' 'nbread' 'nbwrite'> <Ports = 0> <Width = 16> <Depth = 2> <FIFO>
ST_2 : Operation 53 [1/1] (0.00ns)   --->   "%lsc_out_cols_channel = extractvalue i288 %call_ret"   --->   Operation 53 'extractvalue' 'lsc_out_cols_channel' <Predicate = true> <Delay = 0.00> <CoreInst = "FIFO_SRL">   --->   Core 81 'FIFO_SRL' <Latency = 0> <II = 1> <Delay = 1.83> <Storage> <Opcode : 'read' 'write' 'nbread' 'nbwrite'> <Ports = 0> <Width = 16> <Depth = 2> <FIFO>
ST_2 : Operation 54 [1/1] (0.00ns)   --->   "%lsc_out_rows_channel = extractvalue i288 %call_ret"   --->   Operation 54 'extractvalue' 'lsc_out_rows_channel' <Predicate = true> <Delay = 0.00> <CoreInst = "FIFO_SRL">   --->   Core 81 'FIFO_SRL' <Latency = 0> <II = 1> <Delay = 1.83> <Storage> <Opcode : 'read' 'write' 'nbread' 'nbwrite'> <Ports = 0> <Width = 16> <Depth = 2> <FIFO>
ST_2 : Operation 55 [1/1] (0.00ns)   --->   "%gain_out_cols_channel = extractvalue i288 %call_ret"   --->   Operation 55 'extractvalue' 'gain_out_cols_channel' <Predicate = true> <Delay = 0.00> <CoreInst = "FIFO_SRL">   --->   Core 81 'FIFO_SRL' <Latency = 0> <II = 1> <Delay = 1.83> <Storage> <Opcode : 'read' 'write' 'nbread' 'nbwrite'> <Ports = 0> <Width = 16> <Depth = 2> <FIFO>
ST_2 : Operation 56 [1/1] (0.00ns)   --->   "%gain_out_rows_channel = extractvalue i288 %call_ret"   --->   Operation 56 'extractvalue' 'gain_out_rows_channel' <Predicate = true> <Delay = 0.00> <CoreInst = "FIFO_SRL">   --->   Core 81 'FIFO_SRL' <Latency = 0> <II = 1> <Delay = 1.83> <Storage> <Opcode : 'read' 'write' 'nbread' 'nbwrite'> <Ports = 0> <Width = 16> <Depth = 2> <FIFO>
ST_2 : Operation 57 [1/1] (0.00ns)   --->   "%imgInput2_cols_channel = extractvalue i288 %call_ret"   --->   Operation 57 'extractvalue' 'imgInput2_cols_channel' <Predicate = true> <Delay = 0.00> <CoreInst = "FIFO_SRL">   --->   Core 81 'FIFO_SRL' <Latency = 0> <II = 1> <Delay = 1.83> <Storage> <Opcode : 'read' 'write' 'nbread' 'nbwrite'> <Ports = 0> <Width = 16> <Depth = 2> <FIFO>
ST_2 : Operation 58 [1/1] (0.00ns)   --->   "%imgInput2_rows_channel = extractvalue i288 %call_ret"   --->   Operation 58 'extractvalue' 'imgInput2_rows_channel' <Predicate = true> <Delay = 0.00> <CoreInst = "FIFO_SRL">   --->   Core 81 'FIFO_SRL' <Latency = 0> <II = 1> <Delay = 1.83> <Storage> <Opcode : 'read' 'write' 'nbread' 'nbwrite'> <Ports = 0> <Width = 16> <Depth = 2> <FIFO>
ST_2 : Operation 59 [1/1] (0.00ns)   --->   "%demosaic_out_rows_channel = extractvalue i288 %call_ret"   --->   Operation 59 'extractvalue' 'demosaic_out_rows_channel' <Predicate = true> <Delay = 0.00> <CoreInst = "FIFO_SRL">   --->   Core 81 'FIFO_SRL' <Latency = 0> <II = 1> <Delay = 1.83> <Storage> <Opcode : 'read' 'write' 'nbread' 'nbwrite'> <Ports = 0> <Width = 16> <Depth = 2> <FIFO>
ST_2 : Operation 60 [1/1] (0.00ns)   --->   "%demosaic_out_cols_channel = extractvalue i288 %call_ret"   --->   Operation 60 'extractvalue' 'demosaic_out_cols_channel' <Predicate = true> <Delay = 0.00> <CoreInst = "FIFO_SRL">   --->   Core 81 'FIFO_SRL' <Latency = 0> <II = 1> <Delay = 1.83> <Storage> <Opcode : 'read' 'write' 'nbread' 'nbwrite'> <Ports = 0> <Width = 16> <Depth = 2> <FIFO>

State 3 <SV = 2> <Delay = 2.40>
ST_3 : Operation 61 [2/2] (2.40ns)   --->   "%call_ln374 = call void @AXIVideo2BayerMat<13, 1080, 1920, 1, 3>, i16 %s_axis_video_V_data_V, i2 %s_axis_video_V_keep_V, i2 %s_axis_video_V_strb_V, i1 %s_axis_video_V_user_V, i1 %s_axis_video_V_last_V, i1 %s_axis_video_V_id_V, i1 %s_axis_video_V_dest_V, i16 %imgInput1_rows_c23_channel, i16 %imgInput1_cols_c24_channel, i10 %imgInput1_data, i16 %imgInput1_rows_c, i16 %imgInput1_cols_c" [../../../../../overlays/Vitis_Libraries/vision//L1/examples/isppipeline/xf_isp_accel.cpp:374]   --->   Operation 61 'call' 'call_ln374' <Predicate = true> <Delay = 2.40> <CoreType = "Generic">   --->   Core 0 '' <Latency = 0> <II = 1> <Delay = 1.00> <Generic> <Opcode : >

State 4 <SV = 3> <Delay = 0.00>
ST_4 : Operation 62 [1/2] (0.00ns)   --->   "%call_ln374 = call void @AXIVideo2BayerMat<13, 1080, 1920, 1, 3>, i16 %s_axis_video_V_data_V, i2 %s_axis_video_V_keep_V, i2 %s_axis_video_V_strb_V, i1 %s_axis_video_V_user_V, i1 %s_axis_video_V_last_V, i1 %s_axis_video_V_id_V, i1 %s_axis_video_V_dest_V, i16 %imgInput1_rows_c23_channel, i16 %imgInput1_cols_c24_channel, i10 %imgInput1_data, i16 %imgInput1_rows_c, i16 %imgInput1_cols_c" [../../../../../overlays/Vitis_Libraries/vision//L1/examples/isppipeline/xf_isp_accel.cpp:374]   --->   Operation 62 'call' 'call_ln374' <Predicate = true> <Delay = 0.00> <CoreType = "Generic">   --->   Core 0 '' <Latency = 0> <II = 1> <Delay = 1.00> <Generic> <Opcode : >

State 5 <SV = 4> <Delay = 0.00>
ST_5 : Operation 63 [2/2] (0.00ns)   --->   "%call_ln375 = call void @blackLevelCorrection<13, 1080, 1920, 1, 16, 15, 1, 3, 3>, i16 %imgInput1_rows_c, i16 %imgInput1_cols_c, i10 %imgInput1_data, i10 %imgInput2_data" [../../../../../overlays/Vitis_Libraries/vision//L1/examples/isppipeline/xf_isp_accel.cpp:375]   --->   Operation 63 'call' 'call_ln375' <Predicate = true> <Delay = 0.00> <CoreType = "Generic">   --->   Core 0 '' <Latency = 0> <II = 1> <Delay = 1.00> <Generic> <Opcode : >

State 6 <SV = 5> <Delay = 0.00>
ST_6 : Operation 64 [1/2] (0.00ns)   --->   "%call_ln375 = call void @blackLevelCorrection<13, 1080, 1920, 1, 16, 15, 1, 3, 3>, i16 %imgInput1_rows_c, i16 %imgInput1_cols_c, i10 %imgInput1_data, i10 %imgInput2_data" [../../../../../overlays/Vitis_Libraries/vision//L1/examples/isppipeline/xf_isp_accel.cpp:375]   --->   Operation 64 'call' 'call_ln375' <Predicate = true> <Delay = 0.00> <CoreType = "Generic">   --->   Core 0 '' <Latency = 0> <II = 1> <Delay = 1.00> <Generic> <Opcode : >

State 7 <SV = 6> <Delay = 1.20>
ST_7 : Operation 65 [2/2] (1.20ns)   --->   "%call_ln378 = call void @gaincontrol<3, 13, 1080, 1920, 1, 3, 3>, i16 %imgInput2_rows_channel, i16 %imgInput2_cols_channel, i10 %imgInput2_data, i10 %gain_out_data, i16 %rgain_c, i16 %bgain_c" [../../../../../overlays/Vitis_Libraries/vision//L1/examples/isppipeline/xf_isp_accel.cpp:378]   --->   Operation 65 'call' 'call_ln378' <Predicate = true> <Delay = 1.20> <CoreType = "Generic">   --->   Core 0 '' <Latency = 0> <II = 1> <Delay = 1.00> <Generic> <Opcode : >

State 8 <SV = 7> <Delay = 0.00>
ST_8 : Operation 66 [1/2] (0.00ns)   --->   "%call_ln378 = call void @gaincontrol<3, 13, 1080, 1920, 1, 3, 3>, i16 %imgInput2_rows_channel, i16 %imgInput2_cols_channel, i10 %imgInput2_data, i10 %gain_out_data, i16 %rgain_c, i16 %bgain_c" [../../../../../overlays/Vitis_Libraries/vision//L1/examples/isppipeline/xf_isp_accel.cpp:378]   --->   Operation 66 'call' 'call_ln378' <Predicate = true> <Delay = 0.00> <CoreType = "Generic">   --->   Core 0 '' <Latency = 0> <II = 1> <Delay = 1.00> <Generic> <Opcode : >

State 9 <SV = 8> <Delay = 1.20>
ST_9 : Operation 67 [2/2] (1.20ns)   --->   "%call_ln380 = call void @demosaicing<3, 13, 17, 1080, 1920, 1, false, 3, 3>, i16 %gain_out_rows_channel, i16 %gain_out_cols_channel, i10 %gain_out_data, i30 %demosaic_out_data" [../../../../../overlays/Vitis_Libraries/vision//L1/examples/isppipeline/xf_isp_accel.cpp:380]   --->   Operation 67 'call' 'call_ln380' <Predicate = true> <Delay = 1.20> <CoreType = "Generic">   --->   Core 0 '' <Latency = 0> <II = 1> <Delay = 1.00> <Generic> <Opcode : >

State 10 <SV = 9> <Delay = 0.00>
ST_10 : Operation 68 [1/2] (0.00ns)   --->   "%call_ln380 = call void @demosaicing<3, 13, 17, 1080, 1920, 1, false, 3, 3>, i16 %gain_out_rows_channel, i16 %gain_out_cols_channel, i10 %gain_out_data, i30 %demosaic_out_data" [../../../../../overlays/Vitis_Libraries/vision//L1/examples/isppipeline/xf_isp_accel.cpp:380]   --->   Operation 68 'call' 'call_ln380' <Predicate = true> <Delay = 0.00> <CoreType = "Generic">   --->   Core 0 '' <Latency = 0> <II = 1> <Delay = 1.00> <Generic> <Opcode : >

State 11 <SV = 10> <Delay = 2.40>
ST_11 : Operation 69 [1/1] (0.00ns)   --->   "%mode_reg_read = read i1 @_ssdm_op_Read.ap_auto.i1, i1 %mode_reg"   --->   Operation 69 'read' 'mode_reg_read' <Predicate = true> <Delay = 0.00>
ST_11 : Operation 70 [2/2] (2.40ns)   --->   "%call_ln383 = call void @function_awb<17, 17, 1080, 1920, 1, 3, 3>, i16 %demosaic_out_rows_channel, i16 %demosaic_out_cols_channel, i30 %demosaic_out_data, i16 %ltm_in_rows_c25_channel, i16 %ltm_in_cols_c26_channel, i30 %ltm_in_data, i32 %hist0_0, i32 %hist0_1, i32 %hist0_2, i32 %hist1_0, i32 %hist1_1, i32 %hist1_2, i16 %height_read, i13 %empty, i1 %mode_reg_read, i32 %thresh_loc_channel, i11 %ltm_in_rows_c, i11 %ltm_in_cols_c, i32 %void_AWBhistogramkernel_Mat_Mat_unsigned_int_1024_float_float_float_float_5, i32 %void_AWBhistogramkernel_Mat_Mat_unsigned_int_1024_float_float_float_float_2, i32 %void_AWBhistogramkernel_Mat_Mat_unsigned_int_1024_float_float_float_float_11, i32 %void_AWBhistogramkernel_Mat_Mat_unsigned_int_1024_float_float_float_float_8, i32 %void_AWBhistogramkernel_Mat_Mat_unsigned_int_1024_float_float_float_float_4, i32 %void_AWBhistogramkernel_Mat_Mat_unsigned_int_1024_float_float_float_float_1, i32 %void_AWBhistogramkernel_Mat_Mat_unsigned_int_1024_float_float_float_float_10, i32 %void_AWBhistogramkernel_Mat_Mat_unsigned_int_1024_float_float_float_float_7, i32 %void_AWBhistogramkernel_Mat_Mat_unsigned_int_1024_float_float_float_float_3, i32 %void_AWBhistogramkernel_Mat_Mat_unsigned_int_1024_float_float_float_float, i32 %void_AWBhistogramkernel_Mat_Mat_unsigned_int_1024_float_float_float_float_9, i32 %void_AWBhistogramkernel_Mat_Mat_unsigned_int_1024_float_float_float_float_6" [../../../../../overlays/Vitis_Libraries/vision//L1/examples/isppipeline/xf_isp_accel.cpp:383]   --->   Operation 70 'call' 'call_ln383' <Predicate = true> <Delay = 2.40> <CoreType = "Generic">   --->   Core 0 '' <Latency = 0> <II = 1> <Delay = 1.00> <Generic> <Opcode : >

State 12 <SV = 11> <Delay = 0.00>
ST_12 : Operation 71 [1/2] (0.00ns)   --->   "%call_ln383 = call void @function_awb<17, 17, 1080, 1920, 1, 3, 3>, i16 %demosaic_out_rows_channel, i16 %demosaic_out_cols_channel, i30 %demosaic_out_data, i16 %ltm_in_rows_c25_channel, i16 %ltm_in_cols_c26_channel, i30 %ltm_in_data, i32 %hist0_0, i32 %hist0_1, i32 %hist0_2, i32 %hist1_0, i32 %hist1_1, i32 %hist1_2, i16 %height_read, i13 %empty, i1 %mode_reg_read, i32 %thresh_loc_channel, i11 %ltm_in_rows_c, i11 %ltm_in_cols_c, i32 %void_AWBhistogramkernel_Mat_Mat_unsigned_int_1024_float_float_float_float_5, i32 %void_AWBhistogramkernel_Mat_Mat_unsigned_int_1024_float_float_float_float_2, i32 %void_AWBhistogramkernel_Mat_Mat_unsigned_int_1024_float_float_float_float_11, i32 %void_AWBhistogramkernel_Mat_Mat_unsigned_int_1024_float_float_float_float_8, i32 %void_AWBhistogramkernel_Mat_Mat_unsigned_int_1024_float_float_float_float_4, i32 %void_AWBhistogramkernel_Mat_Mat_unsigned_int_1024_float_float_float_float_1, i32 %void_AWBhistogramkernel_Mat_Mat_unsigned_int_1024_float_float_float_float_10, i32 %void_AWBhistogramkernel_Mat_Mat_unsigned_int_1024_float_float_float_float_7, i32 %void_AWBhistogramkernel_Mat_Mat_unsigned_int_1024_float_float_float_float_3, i32 %void_AWBhistogramkernel_Mat_Mat_unsigned_int_1024_float_float_float_float, i32 %void_AWBhistogramkernel_Mat_Mat_unsigned_int_1024_float_float_float_float_9, i32 %void_AWBhistogramkernel_Mat_Mat_unsigned_int_1024_float_float_float_float_6" [../../../../../overlays/Vitis_Libraries/vision//L1/examples/isppipeline/xf_isp_accel.cpp:383]   --->   Operation 71 'call' 'call_ln383' <Predicate = true> <Delay = 0.00> <CoreType = "Generic">   --->   Core 0 '' <Latency = 0> <II = 1> <Delay = 1.00> <Generic> <Opcode : >

State 13 <SV = 12> <Delay = 0.00>
ST_13 : Operation 72 [2/2] (0.00ns)   --->   "%call_ln386 = call void @colorcorrectionmatrix<0, 17, 17, 1080, 1920, 1, 3, 3>, i11 %ltm_in_rows_c, i11 %ltm_in_cols_c, i30 %ltm_in_data, i30 %lsc_out_data" [../../../../../overlays/Vitis_Libraries/vision//L1/examples/isppipeline/xf_isp_accel.cpp:386]   --->   Operation 72 'call' 'call_ln386' <Predicate = true> <Delay = 0.00> <CoreType = "Generic">   --->   Core 0 '' <Latency = 0> <II = 1> <Delay = 1.00> <Generic> <Opcode : >

State 14 <SV = 13> <Delay = 0.00>
ST_14 : Operation 73 [1/2] (0.00ns)   --->   "%call_ln386 = call void @colorcorrectionmatrix<0, 17, 17, 1080, 1920, 1, 3, 3>, i11 %ltm_in_rows_c, i11 %ltm_in_cols_c, i30 %ltm_in_data, i30 %lsc_out_data" [../../../../../overlays/Vitis_Libraries/vision//L1/examples/isppipeline/xf_isp_accel.cpp:386]   --->   Operation 73 'call' 'call_ln386' <Predicate = true> <Delay = 0.00> <CoreType = "Generic">   --->   Core 0 '' <Latency = 0> <II = 1> <Delay = 1.00> <Generic> <Opcode : >

State 15 <SV = 14> <Delay = 1.73>
ST_15 : Operation 74 [2/2] (1.73ns)   --->   "%call_ln393 = call void @xf_QuatizationDithering<17, 9, 1080, 1920, 256, 1024, 1, 3, 3>, i16 %lsc_out_rows_channel, i16 %lsc_out_cols_channel, i30 %lsc_out_data, i24 %aecin_data" [../../../../../overlays/Vitis_Libraries/vision//L1/examples/isppipeline/xf_isp_accel.cpp:393]   --->   Operation 74 'call' 'call_ln393' <Predicate = true> <Delay = 1.73> <CoreType = "Generic">   --->   Core 0 '' <Latency = 0> <II = 1> <Delay = 1.00> <Generic> <Opcode : >

State 16 <SV = 15> <Delay = 0.00>
ST_16 : Operation 75 [1/2] (0.00ns)   --->   "%call_ln393 = call void @xf_QuatizationDithering<17, 9, 1080, 1920, 256, 1024, 1, 3, 3>, i16 %lsc_out_rows_channel, i16 %lsc_out_cols_channel, i30 %lsc_out_data, i24 %aecin_data" [../../../../../overlays/Vitis_Libraries/vision//L1/examples/isppipeline/xf_isp_accel.cpp:393]   --->   Operation 75 'call' 'call_ln393' <Predicate = true> <Delay = 0.00> <CoreType = "Generic">   --->   Core 0 '' <Latency = 0> <II = 1> <Delay = 1.00> <Generic> <Opcode : >

State 17 <SV = 16> <Delay = 1.20>
ST_17 : Operation 76 [2/2] (1.20ns)   --->   "%call_ln396 = call void @gammacorrection<9, 9, 1080, 1920, 1, 3, 3>, i16 %aecin_rows_channel, i16 %aecin_cols_channel, i24 %aecin_data, i24 %p_dst_data, i8 %gamma_lut" [../../../../../overlays/Vitis_Libraries/vision//L1/examples/isppipeline/xf_isp_accel.cpp:396]   --->   Operation 76 'call' 'call_ln396' <Predicate = true> <Delay = 1.20> <CoreType = "Generic">   --->   Core 0 '' <Latency = 0> <II = 1> <Delay = 1.00> <Generic> <Opcode : >

State 18 <SV = 17> <Delay = 0.00>
ST_18 : Operation 77 [1/2] (0.00ns)   --->   "%call_ln396 = call void @gammacorrection<9, 9, 1080, 1920, 1, 3, 3>, i16 %aecin_rows_channel, i16 %aecin_cols_channel, i24 %aecin_data, i24 %p_dst_data, i8 %gamma_lut" [../../../../../overlays/Vitis_Libraries/vision//L1/examples/isppipeline/xf_isp_accel.cpp:396]   --->   Operation 77 'call' 'call_ln396' <Predicate = true> <Delay = 0.00> <CoreType = "Generic">   --->   Core 0 '' <Latency = 0> <II = 1> <Delay = 1.00> <Generic> <Opcode : >

State 19 <SV = 18> <Delay = 2.30>
ST_19 : Operation 78 [2/2] (2.30ns)   --->   "%call_ln398 = call void @ColorMat2AXIvideo<9, 1080, 1920, 1, 3>, i16 %p_dst_rows_channel, i16 %p_dst_cols_channel, i24 %p_dst_data, i24 %m_axis_video_V_data_V, i3 %m_axis_video_V_keep_V, i3 %m_axis_video_V_strb_V, i1 %m_axis_video_V_user_V, i1 %m_axis_video_V_last_V, i1 %m_axis_video_V_id_V, i1 %m_axis_video_V_dest_V" [../../../../../overlays/Vitis_Libraries/vision//L1/examples/isppipeline/xf_isp_accel.cpp:398]   --->   Operation 78 'call' 'call_ln398' <Predicate = true> <Delay = 2.30> <CoreType = "Generic">   --->   Core 0 '' <Latency = 0> <II = 1> <Delay = 1.00> <Generic> <Opcode : >

State 20 <SV = 19> <Delay = 0.00>
ST_20 : Operation 79 [1/1] (0.00ns)   --->   "%empty_261 = specchannel i32 @_ssdm_op_SpecChannel, void @ltm_in_OC_cols_c_str, i32 1, void @p_str, void @p_str, i32 2, i32 0, i11 %ltm_in_cols_c, i11 %ltm_in_cols_c"   --->   Operation 79 'specchannel' 'empty_261' <Predicate = true> <Delay = 0.00>
ST_20 : Operation 80 [1/1] (0.00ns)   --->   "%specinterface_ln0 = specinterface void @_ssdm_op_SpecInterface, i11 %ltm_in_cols_c, void @ap_fifo_str, i32 0, i32 0, void @p_str, i32 0, i32 0, void @p_str, void @p_str, void @p_str, i32 2, i32 2, i32 16, i32 16, void @p_str, void @p_str, i32 4294967295, i32 0"   --->   Operation 80 'specinterface' 'specinterface_ln0' <Predicate = true> <Delay = 0.00>
ST_20 : Operation 81 [1/1] (0.00ns)   --->   "%empty_262 = specchannel i32 @_ssdm_op_SpecChannel, void @ltm_in_OC_rows_c_str, i32 1, void @p_str, void @p_str, i32 2, i32 0, i11 %ltm_in_rows_c, i11 %ltm_in_rows_c"   --->   Operation 81 'specchannel' 'empty_262' <Predicate = true> <Delay = 0.00>
ST_20 : Operation 82 [1/1] (0.00ns)   --->   "%specinterface_ln0 = specinterface void @_ssdm_op_SpecInterface, i11 %ltm_in_rows_c, void @ap_fifo_str, i32 0, i32 0, void @p_str, i32 0, i32 0, void @p_str, void @p_str, void @p_str, i32 2, i32 2, i32 16, i32 16, void @p_str, void @p_str, i32 4294967295, i32 0"   --->   Operation 82 'specinterface' 'specinterface_ln0' <Predicate = true> <Delay = 0.00>
ST_20 : Operation 83 [1/1] (0.00ns)   --->   "%empty_263 = specchannel i32 @_ssdm_op_SpecChannel, void @imgInput1_OC_cols_c_str, i32 1, void @p_str, void @p_str, i32 2, i32 0, i16 %imgInput1_cols_c, i16 %imgInput1_cols_c"   --->   Operation 83 'specchannel' 'empty_263' <Predicate = true> <Delay = 0.00>
ST_20 : Operation 84 [1/1] (0.00ns)   --->   "%specinterface_ln0 = specinterface void @_ssdm_op_SpecInterface, i16 %imgInput1_cols_c, void @ap_fifo_str, i32 0, i32 0, void @p_str, i32 0, i32 0, void @p_str, void @p_str, void @p_str, i32 2, i32 2, i32 16, i32 16, void @p_str, void @p_str, i32 4294967295, i32 0"   --->   Operation 84 'specinterface' 'specinterface_ln0' <Predicate = true> <Delay = 0.00>
ST_20 : Operation 85 [1/1] (0.00ns)   --->   "%empty_264 = specchannel i32 @_ssdm_op_SpecChannel, void @imgInput1_OC_rows_c_str, i32 1, void @p_str, void @p_str, i32 2, i32 0, i16 %imgInput1_rows_c, i16 %imgInput1_rows_c"   --->   Operation 85 'specchannel' 'empty_264' <Predicate = true> <Delay = 0.00>
ST_20 : Operation 86 [1/1] (0.00ns)   --->   "%specinterface_ln0 = specinterface void @_ssdm_op_SpecInterface, i16 %imgInput1_rows_c, void @ap_fifo_str, i32 0, i32 0, void @p_str, i32 0, i32 0, void @p_str, void @p_str, void @p_str, i32 2, i32 2, i32 16, i32 16, void @p_str, void @p_str, i32 4294967295, i32 0"   --->   Operation 86 'specinterface' 'specinterface_ln0' <Predicate = true> <Delay = 0.00>
ST_20 : Operation 87 [1/1] (0.00ns)   --->   "%empty_265 = specchannel i32 @_ssdm_op_SpecChannel, void @bgain_c_str, i32 1, void @p_str, void @p_str, i32 5, i32 0, i16 %bgain_c, i16 %bgain_c"   --->   Operation 87 'specchannel' 'empty_265' <Predicate = true> <Delay = 0.00>
ST_20 : Operation 88 [1/1] (0.00ns)   --->   "%specinterface_ln0 = specinterface void @_ssdm_op_SpecInterface, i16 %bgain_c, void @ap_fifo_str, i32 0, i32 0, void @p_str, i32 0, i32 0, void @p_str, void @p_str, void @p_str, i32 2, i32 2, i32 16, i32 16, void @p_str, void @p_str, i32 4294967295, i32 0"   --->   Operation 88 'specinterface' 'specinterface_ln0' <Predicate = true> <Delay = 0.00>
ST_20 : Operation 89 [1/1] (0.00ns)   --->   "%empty_266 = specchannel i32 @_ssdm_op_SpecChannel, void @rgain_c_str, i32 1, void @p_str, void @p_str, i32 5, i32 0, i16 %rgain_c, i16 %rgain_c"   --->   Operation 89 'specchannel' 'empty_266' <Predicate = true> <Delay = 0.00>
ST_20 : Operation 90 [1/1] (0.00ns)   --->   "%specinterface_ln0 = specinterface void @_ssdm_op_SpecInterface, i16 %rgain_c, void @ap_fifo_str, i32 0, i32 0, void @p_str, i32 0, i32 0, void @p_str, void @p_str, void @p_str, i32 2, i32 2, i32 16, i32 16, void @p_str, void @p_str, i32 4294967295, i32 0"   --->   Operation 90 'specinterface' 'specinterface_ln0' <Predicate = true> <Delay = 0.00>
ST_20 : Operation 91 [1/1] (0.00ns)   --->   "%specdataflowpipeline_ln0 = specdataflowpipeline void @_ssdm_op_SpecDataflowPipeline, i32 4294967295, i32 0, void @empty_32"   --->   Operation 91 'specdataflowpipeline' 'specdataflowpipeline_ln0' <Predicate = true> <Delay = 0.00>
ST_20 : Operation 92 [1/1] (0.00ns)   --->   "%specaxissidechannel_ln0 = specaxissidechannel void @_ssdm_op_SpecAXISSideChannel, i24 %m_axis_video_V_data_V, i3 %m_axis_video_V_keep_V, i3 %m_axis_video_V_strb_V, i1 %m_axis_video_V_user_V, i1 %m_axis_video_V_last_V, i1 %m_axis_video_V_id_V, i1 %m_axis_video_V_dest_V, void @empty_28"   --->   Operation 92 'specaxissidechannel' 'specaxissidechannel_ln0' <Predicate = true> <Delay = 0.00>
ST_20 : Operation 93 [1/1] (0.00ns)   --->   "%specaxissidechannel_ln0 = specaxissidechannel void @_ssdm_op_SpecAXISSideChannel, i16 %s_axis_video_V_data_V, i2 %s_axis_video_V_keep_V, i2 %s_axis_video_V_strb_V, i1 %s_axis_video_V_user_V, i1 %s_axis_video_V_last_V, i1 %s_axis_video_V_id_V, i1 %s_axis_video_V_dest_V, void @empty_37"   --->   Operation 93 'specaxissidechannel' 'specaxissidechannel_ln0' <Predicate = true> <Delay = 0.00>
ST_20 : Operation 94 [1/1] (0.00ns)   --->   "%specmemcore_ln0 = specmemcore void @_ssdm_op_SpecMemCore, i8 %gamma_lut, i64 666, i64 207, i64 1"   --->   Operation 94 'specmemcore' 'specmemcore_ln0' <Predicate = true> <Delay = 0.00>
ST_20 : Operation 95 [1/1] (0.00ns)   --->   "%specinterface_ln0 = specinterface void @_ssdm_op_SpecInterface, i8 %gamma_lut, void @empty_11, i32 0, i32 0, void @empty_32, i32 1, i32 0, void @empty_32, void @empty_32, void @empty_32, i32 0, i32 0, i32 0, i32 0, void @empty_32, void @empty_32, i32 4294967295, i32 0"   --->   Operation 95 'specinterface' 'specinterface_ln0' <Predicate = true> <Delay = 0.00>
ST_20 : Operation 96 [1/1] (0.00ns)   --->   "%specinterface_ln0 = specinterface void @_ssdm_op_SpecInterface, i1 %m_axis_video_V_dest_V, i1 %m_axis_video_V_id_V, i1 %m_axis_video_V_last_V, i1 %m_axis_video_V_user_V, i3 %m_axis_video_V_strb_V, i3 %m_axis_video_V_keep_V, i24 %m_axis_video_V_data_V, void @empty_18, i32 0, i32 0, void @empty_19, i32 0, i32 0, void @empty_32, void @empty_32, void @empty_32, i32 0, i32 0, i32 0, i32 0, void @empty_32, void @empty_32, i32 4294967295, i32 0"   --->   Operation 96 'specinterface' 'specinterface_ln0' <Predicate = true> <Delay = 0.00>
ST_20 : Operation 97 [1/1] (0.00ns)   --->   "%specinterface_ln0 = specinterface void @_ssdm_op_SpecInterface, i1 %s_axis_video_V_dest_V, i1 %s_axis_video_V_id_V, i1 %s_axis_video_V_last_V, i1 %s_axis_video_V_user_V, i2 %s_axis_video_V_strb_V, i2 %s_axis_video_V_keep_V, i16 %s_axis_video_V_data_V, void @empty_18, i32 0, i32 0, void @empty_19, i32 0, i32 0, void @empty_32, void @empty_32, void @empty_32, i32 0, i32 0, i32 0, i32 0, void @empty_32, void @empty_32, i32 4294967295, i32 0"   --->   Operation 97 'specinterface' 'specinterface_ln0' <Predicate = true> <Delay = 0.00>
ST_20 : Operation 98 [1/1] (0.00ns)   --->   "%empty_267 = specchannel i32 @_ssdm_op_SpecChannel, void @imgInput1_OC_data_str, i32 1, void @p_str, void @p_str, i32 3, i32 3, i10 %imgInput1_data, i10 %imgInput1_data"   --->   Operation 98 'specchannel' 'empty_267' <Predicate = true> <Delay = 0.00>
ST_20 : Operation 99 [1/1] (0.00ns)   --->   "%specinterface_ln0 = specinterface void @_ssdm_op_SpecInterface, i10 %imgInput1_data, void @empty_26, i32 0, i32 0, void @empty_32, i32 0, i32 0, void @empty_32, void @empty_32, void @empty_32, i32 0, i32 0, i32 0, i32 0, void @empty_32, void @empty_32, i32 4294967295, i32 0"   --->   Operation 99 'specinterface' 'specinterface_ln0' <Predicate = true> <Delay = 0.00>
ST_20 : Operation 100 [1/1] (0.00ns)   --->   "%empty_268 = specchannel i32 @_ssdm_op_SpecChannel, void @imgInput2_OC_data_str, i32 1, void @p_str, void @p_str, i32 3, i32 3, i10 %imgInput2_data, i10 %imgInput2_data"   --->   Operation 100 'specchannel' 'empty_268' <Predicate = true> <Delay = 0.00>
ST_20 : Operation 101 [1/1] (0.00ns)   --->   "%specinterface_ln0 = specinterface void @_ssdm_op_SpecInterface, i10 %imgInput2_data, void @empty_26, i32 0, i32 0, void @empty_32, i32 0, i32 0, void @empty_32, void @empty_32, void @empty_32, i32 0, i32 0, i32 0, i32 0, void @empty_32, void @empty_32, i32 4294967295, i32 0"   --->   Operation 101 'specinterface' 'specinterface_ln0' <Predicate = true> <Delay = 0.00>
ST_20 : Operation 102 [1/1] (0.00ns)   --->   "%empty_269 = specchannel i32 @_ssdm_op_SpecChannel, void @gain_out_OC_data_str, i32 1, void @p_str, void @p_str, i32 3, i32 3, i10 %gain_out_data, i10 %gain_out_data"   --->   Operation 102 'specchannel' 'empty_269' <Predicate = true> <Delay = 0.00>
ST_20 : Operation 103 [1/1] (0.00ns)   --->   "%specinterface_ln0 = specinterface void @_ssdm_op_SpecInterface, i10 %gain_out_data, void @empty_26, i32 0, i32 0, void @empty_32, i32 0, i32 0, void @empty_32, void @empty_32, void @empty_32, i32 0, i32 0, i32 0, i32 0, void @empty_32, void @empty_32, i32 4294967295, i32 0"   --->   Operation 103 'specinterface' 'specinterface_ln0' <Predicate = true> <Delay = 0.00>
ST_20 : Operation 104 [1/1] (0.00ns)   --->   "%empty_270 = specchannel i32 @_ssdm_op_SpecChannel, void @demosaic_out_OC_data_str, i32 1, void @p_str, void @p_str, i32 3, i32 3, i30 %demosaic_out_data, i30 %demosaic_out_data"   --->   Operation 104 'specchannel' 'empty_270' <Predicate = true> <Delay = 0.00>
ST_20 : Operation 105 [1/1] (0.00ns)   --->   "%specinterface_ln0 = specinterface void @_ssdm_op_SpecInterface, i30 %demosaic_out_data, void @empty_26, i32 0, i32 0, void @empty_32, i32 0, i32 0, void @empty_32, void @empty_32, void @empty_32, i32 0, i32 0, i32 0, i32 0, void @empty_32, void @empty_32, i32 4294967295, i32 0"   --->   Operation 105 'specinterface' 'specinterface_ln0' <Predicate = true> <Delay = 0.00>
ST_20 : Operation 106 [1/1] (0.00ns)   --->   "%empty_271 = specchannel i32 @_ssdm_op_SpecChannel, void @ltm_in_OC_data_str, i32 1, void @p_str, void @p_str, i32 3, i32 3, i30 %ltm_in_data, i30 %ltm_in_data"   --->   Operation 106 'specchannel' 'empty_271' <Predicate = true> <Delay = 0.00>
ST_20 : Operation 107 [1/1] (0.00ns)   --->   "%specinterface_ln0 = specinterface void @_ssdm_op_SpecInterface, i30 %ltm_in_data, void @empty_26, i32 0, i32 0, void @empty_32, i32 0, i32 0, void @empty_32, void @empty_32, void @empty_32, i32 0, i32 0, i32 0, i32 0, void @empty_32, void @empty_32, i32 4294967295, i32 0"   --->   Operation 107 'specinterface' 'specinterface_ln0' <Predicate = true> <Delay = 0.00>
ST_20 : Operation 108 [1/1] (0.00ns)   --->   "%empty_272 = specchannel i32 @_ssdm_op_SpecChannel, void @lsc_out_OC_data_str, i32 1, void @p_str, void @p_str, i32 3, i32 3, i30 %lsc_out_data, i30 %lsc_out_data"   --->   Operation 108 'specchannel' 'empty_272' <Predicate = true> <Delay = 0.00>
ST_20 : Operation 109 [1/1] (0.00ns)   --->   "%specinterface_ln0 = specinterface void @_ssdm_op_SpecInterface, i30 %lsc_out_data, void @empty_26, i32 0, i32 0, void @empty_32, i32 0, i32 0, void @empty_32, void @empty_32, void @empty_32, i32 0, i32 0, i32 0, i32 0, void @empty_32, void @empty_32, i32 4294967295, i32 0"   --->   Operation 109 'specinterface' 'specinterface_ln0' <Predicate = true> <Delay = 0.00>
ST_20 : Operation 110 [1/1] (0.00ns)   --->   "%empty_273 = specchannel i32 @_ssdm_op_SpecChannel, void @p_dst_OC_data_str, i32 1, void @p_str, void @p_str, i32 3, i32 3, i24 %p_dst_data, i24 %p_dst_data"   --->   Operation 110 'specchannel' 'empty_273' <Predicate = true> <Delay = 0.00>
ST_20 : Operation 111 [1/1] (0.00ns)   --->   "%specinterface_ln0 = specinterface void @_ssdm_op_SpecInterface, i24 %p_dst_data, void @empty_26, i32 0, i32 0, void @empty_32, i32 0, i32 0, void @empty_32, void @empty_32, void @empty_32, i32 0, i32 0, i32 0, i32 0, void @empty_32, void @empty_32, i32 4294967295, i32 0"   --->   Operation 111 'specinterface' 'specinterface_ln0' <Predicate = true> <Delay = 0.00>
ST_20 : Operation 112 [1/1] (0.00ns)   --->   "%empty_274 = specchannel i32 @_ssdm_op_SpecChannel, void @aecin_OC_data_str, i32 1, void @p_str, void @p_str, i32 3, i32 3, i24 %aecin_data, i24 %aecin_data"   --->   Operation 112 'specchannel' 'empty_274' <Predicate = true> <Delay = 0.00>
ST_20 : Operation 113 [1/1] (0.00ns)   --->   "%specinterface_ln0 = specinterface void @_ssdm_op_SpecInterface, i24 %aecin_data, void @empty_26, i32 0, i32 0, void @empty_32, i32 0, i32 0, void @empty_32, void @empty_32, void @empty_32, i32 0, i32 0, i32 0, i32 0, void @empty_32, void @empty_32, i32 4294967295, i32 0"   --->   Operation 113 'specinterface' 'specinterface_ln0' <Predicate = true> <Delay = 0.00>
ST_20 : Operation 114 [1/2] (0.00ns)   --->   "%call_ln398 = call void @ColorMat2AXIvideo<9, 1080, 1920, 1, 3>, i16 %p_dst_rows_channel, i16 %p_dst_cols_channel, i24 %p_dst_data, i24 %m_axis_video_V_data_V, i3 %m_axis_video_V_keep_V, i3 %m_axis_video_V_strb_V, i1 %m_axis_video_V_user_V, i1 %m_axis_video_V_last_V, i1 %m_axis_video_V_id_V, i1 %m_axis_video_V_dest_V" [../../../../../overlays/Vitis_Libraries/vision//L1/examples/isppipeline/xf_isp_accel.cpp:398]   --->   Operation 114 'call' 'call_ln398' <Predicate = true> <Delay = 0.00> <CoreType = "Generic">   --->   Core 0 '' <Latency = 0> <II = 1> <Delay = 1.00> <Generic> <Opcode : >
ST_20 : Operation 115 [1/1] (0.00ns)   --->   "%ret_ln402 = ret" [../../../../../overlays/Vitis_Libraries/vision//L1/examples/isppipeline/xf_isp_accel.cpp:402]   --->   Operation 115 'ret' 'ret_ln402' <Predicate = true> <Delay = 0.00>


============================================================
+ Verbose Summary: Timing violations
============================================================
Target clock period: 3.3ns, clock uncertainty: 0.891ns.

 <State 1>: 3.24ns
The critical path consists of the following:
	wire read operation ('pawb_read') on port 'pawb' [40]  (0 ns)
	'call' operation ('call_ret') to 'ISPpipeline_Block_entry2_proc' [97]  (3.24 ns)

 <State 2>: 1.72ns
The critical path consists of the following:
	'call' operation ('call_ret') to 'ISPpipeline_Block_entry2_proc' [97]  (1.72 ns)

 <State 3>: 2.41ns
The critical path consists of the following:
	'call' operation ('call_ln374', ../../../../../overlays/Vitis_Libraries/vision//L1/examples/isppipeline/xf_isp_accel.cpp:374) to 'AXIVideo2BayerMat<13, 1080, 1920, 1, 3>' [115]  (2.41 ns)

 <State 4>: 0ns
The critical path consists of the following:

 <State 5>: 0ns
The critical path consists of the following:

 <State 6>: 0ns
The critical path consists of the following:

 <State 7>: 1.2ns
The critical path consists of the following:
	'call' operation ('call_ln378', ../../../../../overlays/Vitis_Libraries/vision//L1/examples/isppipeline/xf_isp_accel.cpp:378) to 'gaincontrol<3, 13, 1080, 1920, 1, 3, 3>' [117]  (1.2 ns)

 <State 8>: 0ns
The critical path consists of the following:

 <State 9>: 1.2ns
The critical path consists of the following:
	'call' operation ('call_ln380', ../../../../../overlays/Vitis_Libraries/vision//L1/examples/isppipeline/xf_isp_accel.cpp:380) to 'demosaicing<3, 13, 17, 1080, 1920, 1, false, 3, 3>' [118]  (1.2 ns)

 <State 10>: 0ns
The critical path consists of the following:

 <State 11>: 2.41ns
The critical path consists of the following:
	wire read operation ('mode_reg_read') on port 'mode_reg' [41]  (0 ns)
	'call' operation ('call_ln383', ../../../../../overlays/Vitis_Libraries/vision//L1/examples/isppipeline/xf_isp_accel.cpp:383) to 'function_awb<17, 17, 1080, 1920, 1, 3, 3>' [119]  (2.41 ns)

 <State 12>: 0ns
The critical path consists of the following:

 <State 13>: 0ns
The critical path consists of the following:

 <State 14>: 0ns
The critical path consists of the following:

 <State 15>: 1.74ns
The critical path consists of the following:
	'call' operation ('call_ln393', ../../../../../overlays/Vitis_Libraries/vision//L1/examples/isppipeline/xf_isp_accel.cpp:393) to 'xf_QuatizationDithering<17, 9, 1080, 1920, 256, 1024, 1, 3, 3>' [121]  (1.74 ns)

 <State 16>: 0ns
The critical path consists of the following:

 <State 17>: 1.2ns
The critical path consists of the following:
	'call' operation ('call_ln396', ../../../../../overlays/Vitis_Libraries/vision//L1/examples/isppipeline/xf_isp_accel.cpp:396) to 'gammacorrection<9, 9, 1080, 1920, 1, 3, 3>' [122]  (1.2 ns)

 <State 18>: 0ns
The critical path consists of the following:

 <State 19>: 2.31ns
The critical path consists of the following:
	'call' operation ('call_ln398', ../../../../../overlays/Vitis_Libraries/vision//L1/examples/isppipeline/xf_isp_accel.cpp:398) to 'ColorMat2AXIvideo<9, 1080, 1920, 1, 3>' [123]  (2.31 ns)

 <State 20>: 0ns
The critical path consists of the following:


============================================================
+ Verbose Summary: Binding
============================================================
N/A
* FSMD analyzer results:
  - Output states:
 - Input state : 
  - Chain level:
	State 1
	State 2
	State 3
	State 4
	State 5
	State 6
	State 7
	State 8
	State 9
	State 10
	State 11
	State 12
	State 13
	State 14
	State 15
	State 16
	State 17
	State 18
	State 19
	State 20


============================================================
+ Verbose Summary: Datapath Resource usage 
============================================================
N/A
