

================================================================
== Vitis HLS Report for 'xf_QuatizationDithering_Pipeline_LOOP_ROW_LOOP_COL'
================================================================
* Date:           Thu Mar  5 08:42:59 2026

* Version:        2022.2 (Build 3670227 on Oct 13 2022)
* Project:        isppipeline.prj
* Solution:       sol1 (Vivado IP Flow Target)
* Product family: zynquplus
* Target device:  xck26-sfvc784-2LV-c


================================================================
== Performance Estimates
================================================================
+ Timing: 
    * Summary: 
    +--------+---------+----------+------------+
    |  Clock |  Target | Estimated| Uncertainty|
    +--------+---------+----------+------------+
    |ap_clk  |  3.30 ns|  2.666 ns|     0.89 ns|
    +--------+---------+----------+------------+

+ Latency: 
    * Summary: 
    +---------+---------+----------+----------+---------+---------+---------+
    |  Latency (cycles) |  Latency (absolute) |      Interval     | Pipeline|
    |   min   |   max   |    min   |    max   |   min   |   max   |   Type  |
    +---------+---------+----------+----------+---------+---------+---------+
    |  2073604|  2073604|  6.843 ms|  6.843 ms|  2073604|  2073604|       no|
    +---------+---------+----------+----------+---------+---------+---------+

    + Detail: 
        * Instance: 
        N/A

        * Loop: 
        +---------------------+---------+---------+----------+-----------+-----------+---------+----------+
        |                     |  Latency (cycles) | Iteration|  Initiation Interval  |   Trip  |          |
        |      Loop Name      |   min   |   max   |  Latency |  achieved |   target  |  Count  | Pipelined|
        +---------------------+---------+---------+----------+-----------+-----------+---------+----------+
        |- LOOP_ROW_LOOP_COL  |  2073602|  2073602|         4|          1|          1|  2073600|       yes|
        +---------------------+---------+---------+----------+-----------+-----------+---------+----------+

============================================================
+ Verbose Summary: Synthesis Manager
============================================================
InlineROM: 1
ExposeGlobal: 0
============================================================
+ Verbose Summary: CDFG Model
============================================================
IsTopModel: 0
ResetActiveHigh: 1
IsCombinational: 0
IsDatapathOnly: 0
HasWiredReturn: 1
HasMFsm: 2
HasVarLatency: 1
IsPipeline: 0
IsRtlPipelined: 0
IsInstanceOverlapped: 0
IsDontTouch: 0
HasImplIP: 0
IsGatedGlobalClock: 0

+ Individual pipeline summary: 
  * Pipeline-0: initiation interval (II) = 1, depth = 5


============================================================
+ Verbose Summary: Schedule
============================================================
* Number of FSM states : 5
* Pipeline : 1
  Pipeline-0 : II = 1, D = 5, States = { 1 2 3 4 5 }
* Dataflow Pipeline: 0

* FSM state transitions: 
1 --> 2 
2 --> 3 
3 --> 4 
4 --> 5 
5 --> 

* FSM state operations: 

State 1 <SV = 0> <Delay = 0.42>
ST_1 : Operation 7 [1/1] (0.00ns)   --->   "%empty = alloca i32 1"   --->   Operation 7 'alloca' 'empty' <Predicate = true> <Delay = 0.00>
ST_1 : Operation 8 [1/1] (0.00ns)   --->   "%p_0_0_045228 = alloca i32 1"   --->   Operation 8 'alloca' 'p_0_0_045228' <Predicate = true> <Delay = 0.00>
ST_1 : Operation 9 [1/1] (0.00ns)   --->   "%empty_104 = alloca i32 1"   --->   Operation 9 'alloca' 'empty_104' <Predicate = true> <Delay = 0.00>
ST_1 : Operation 10 [1/1] (0.00ns)   --->   "%p_0_0_0452_132 = alloca i32 1"   --->   Operation 10 'alloca' 'p_0_0_0452_132' <Predicate = true> <Delay = 0.00>
ST_1 : Operation 11 [1/1] (0.00ns)   --->   "%empty_105 = alloca i32 1"   --->   Operation 11 'alloca' 'empty_105' <Predicate = true> <Delay = 0.00>
ST_1 : Operation 12 [1/1] (0.00ns)   --->   "%p_0_0_0452_236 = alloca i32 1"   --->   Operation 12 'alloca' 'p_0_0_0452_236' <Predicate = true> <Delay = 0.00>
ST_1 : Operation 13 [1/1] (0.00ns)   --->   "%conv_i5870 = alloca i32 1"   --->   Operation 13 'alloca' 'conv_i5870' <Predicate = true> <Delay = 0.00>
ST_1 : Operation 14 [1/1] (0.00ns)   --->   "%conv_i58_172 = alloca i32 1"   --->   Operation 14 'alloca' 'conv_i58_172' <Predicate = true> <Delay = 0.00>
ST_1 : Operation 15 [1/1] (0.00ns)   --->   "%conv_i58_274 = alloca i32 1"   --->   Operation 15 'alloca' 'conv_i58_274' <Predicate = true> <Delay = 0.00>
ST_1 : Operation 16 [1/1] (0.00ns)   --->   "%col_index_1 = alloca i32 1"   --->   Operation 16 'alloca' 'col_index_1' <Predicate = true> <Delay = 0.00>
ST_1 : Operation 17 [1/1] (0.00ns)   --->   "%indvar_flatten = alloca i32 1"   --->   Operation 17 'alloca' 'indvar_flatten' <Predicate = true> <Delay = 0.00>
ST_1 : Operation 18 [1/1] (0.00ns)   --->   "%specinterface_ln0 = specinterface void @_ssdm_op_SpecInterface, i30 %lsc_out_data218, void @empty_26, i32 0, i32 0, void @empty_32, i32 0, i32 0, void @empty_32, void @empty_32, void @empty_32, i32 0, i32 0, i32 0, i32 0, void @empty_32, void @empty_32, i32 4294967295, i32 0"   --->   Operation 18 'specinterface' 'specinterface_ln0' <Predicate = true> <Delay = 0.00>
ST_1 : Operation 19 [1/1] (0.00ns)   --->   "%specinterface_ln0 = specinterface void @_ssdm_op_SpecInterface, i24 %aecin_data220, void @empty_26, i32 0, i32 0, void @empty_32, i32 0, i32 0, void @empty_32, void @empty_32, void @empty_32, i32 0, i32 0, i32 0, i32 0, void @empty_32, void @empty_32, i32 4294967295, i32 0"   --->   Operation 19 'specinterface' 'specinterface_ln0' <Predicate = true> <Delay = 0.00>
ST_1 : Operation 20 [1/1] (0.00ns)   --->   "%p_read = read i16 @_ssdm_op_Read.ap_auto.i16, i16 %p_read1"   --->   Operation 20 'read' 'p_read' <Predicate = true> <Delay = 0.00>
ST_1 : Operation 21 [1/1] (0.00ns)   --->   "%sub238_read = read i17 @_ssdm_op_Read.ap_auto.i17, i17 %sub238"   --->   Operation 21 'read' 'sub238_read' <Predicate = true> <Delay = 0.00>
ST_1 : Operation 22 [1/1] (0.00ns)   --->   "%bound_read = read i32 @_ssdm_op_Read.ap_auto.i32, i32 %bound"   --->   Operation 22 'read' 'bound_read' <Predicate = true> <Delay = 0.00>
ST_1 : Operation 23 [1/1] (0.00ns)   --->   "%in_col_loop_bound_read = read i16 @_ssdm_op_Read.ap_auto.i16, i16 %in_col_loop_bound"   --->   Operation 23 'read' 'in_col_loop_bound_read' <Predicate = true> <Delay = 0.00>
ST_1 : Operation 24 [1/1] (0.42ns)   --->   "%store_ln0 = store i32 0, i32 %indvar_flatten"   --->   Operation 24 'store' 'store_ln0' <Predicate = true> <Delay = 0.42>
ST_1 : Operation 25 [1/1] (0.42ns)   --->   "%store_ln0 = store i15 0, i15 %col_index_1"   --->   Operation 25 'store' 'store_ln0' <Predicate = true> <Delay = 0.42>
ST_1 : Operation 26 [1/1] (0.42ns)   --->   "%store_ln0 = store i3 0, i3 %conv_i58_274"   --->   Operation 26 'store' 'store_ln0' <Predicate = true> <Delay = 0.42>
ST_1 : Operation 27 [1/1] (0.42ns)   --->   "%store_ln0 = store i3 0, i3 %conv_i58_172"   --->   Operation 27 'store' 'store_ln0' <Predicate = true> <Delay = 0.42>
ST_1 : Operation 28 [1/1] (0.42ns)   --->   "%store_ln0 = store i3 0, i3 %conv_i5870"   --->   Operation 28 'store' 'store_ln0' <Predicate = true> <Delay = 0.42>
ST_1 : Operation 29 [1/1] (0.42ns)   --->   "%store_ln0 = store i3 0, i3 %empty_105"   --->   Operation 29 'store' 'store_ln0' <Predicate = true> <Delay = 0.42>
ST_1 : Operation 30 [1/1] (0.42ns)   --->   "%store_ln0 = store i3 0, i3 %empty_104"   --->   Operation 30 'store' 'store_ln0' <Predicate = true> <Delay = 0.42>
ST_1 : Operation 31 [1/1] (0.42ns)   --->   "%store_ln0 = store i3 0, i3 %empty"   --->   Operation 31 'store' 'store_ln0' <Predicate = true> <Delay = 0.42>
ST_1 : Operation 32 [1/1] (0.00ns)   --->   "%br_ln0 = br void %for.body147"   --->   Operation 32 'br' 'br_ln0' <Predicate = true> <Delay = 0.00>

State 2 <SV = 1> <Delay = 2.66>
ST_2 : Operation 33 [1/1] (0.00ns)   --->   "%col_index = load i15 %col_index_1" [../../../../../overlays/Vitis_Libraries/vision//L1/include/imgproc/xf_quantizationdithering.hpp:178]   --->   Operation 33 'load' 'col_index' <Predicate = true> <Delay = 0.00>
ST_2 : Operation 34 [1/1] (0.00ns)   --->   "%indvar_flatten_load = load i32 %indvar_flatten" [../../../../../overlays/Vitis_Libraries/vision//L1/include/imgproc/xf_quantizationdithering.hpp:173]   --->   Operation 34 'load' 'indvar_flatten_load' <Predicate = true> <Delay = 0.00>
ST_2 : Operation 35 [1/1] (0.00ns)   --->   "%zext_ln178_1 = zext i15 %col_index" [../../../../../overlays/Vitis_Libraries/vision//L1/include/imgproc/xf_quantizationdithering.hpp:178]   --->   Operation 35 'zext' 'zext_ln178_1' <Predicate = true> <Delay = 0.00>
ST_2 : Operation 36 [1/1] (1.10ns)   --->   "%icmp_ln178 = icmp_slt  i16 %zext_ln178_1, i16 %in_col_loop_bound_read" [../../../../../overlays/Vitis_Libraries/vision//L1/include/imgproc/xf_quantizationdithering.hpp:178]   --->   Operation 36 'icmp' 'icmp_ln178' <Predicate = true> <Delay = 1.10> <CoreInst = "Cmp">   --->   Core 9 'Cmp' <Latency = 0> <II = 1> <Delay = 1.10> <FuncUnit> <Opcode : 'icmp'> <InPorts = 2> <OutPorts = 1>
ST_2 : Operation 37 [1/1] (0.99ns)   --->   "%icmp_ln173 = icmp_eq  i32 %indvar_flatten_load, i32 %bound_read" [../../../../../overlays/Vitis_Libraries/vision//L1/include/imgproc/xf_quantizationdithering.hpp:173]   --->   Operation 37 'icmp' 'icmp_ln173' <Predicate = true> <Delay = 0.99> <CoreInst = "Cmp">   --->   Core 9 'Cmp' <Latency = 0> <II = 1> <Delay = 0.99> <FuncUnit> <Opcode : 'icmp'> <InPorts = 2> <OutPorts = 1>
ST_2 : Operation 38 [1/1] (1.01ns)   --->   "%add_ln173 = add i32 %indvar_flatten_load, i32 1" [../../../../../overlays/Vitis_Libraries/vision//L1/include/imgproc/xf_quantizationdithering.hpp:173]   --->   Operation 38 'add' 'add_ln173' <Predicate = true> <Delay = 1.01> <CoreInst = "Adder">   --->   Core 1 'Adder' <Latency = 0> <II = 1> <Delay = 1.01> <FuncUnit> <Opcode : 'add' 'sub'> <InPorts = 2> <OutPorts = 1>
ST_2 : Operation 39 [1/1] (0.00ns)   --->   "%br_ln173 = br i1 %icmp_ln173, void %for.inc334.loopexit, void %for.end336.loopexit.exitStub" [../../../../../overlays/Vitis_Libraries/vision//L1/include/imgproc/xf_quantizationdithering.hpp:173]   --->   Operation 39 'br' 'br_ln173' <Predicate = true> <Delay = 0.00>
ST_2 : Operation 40 [1/1] (0.29ns)   --->   "%select_ln173 = select i1 %icmp_ln178, i15 %col_index, i15 0" [../../../../../overlays/Vitis_Libraries/vision//L1/include/imgproc/xf_quantizationdithering.hpp:173]   --->   Operation 40 'select' 'select_ln173' <Predicate = (!icmp_ln173)> <Delay = 0.29> <CoreInst = "Sel">   --->   Core 73 'Sel' <Latency = 0> <II = 1> <Delay = 0.29> <FuncUnit> <Opcode : 'select'> <InPorts = 3> <OutPorts = 1>
ST_2 : Operation 41 [1/1] (0.00ns)   --->   "%zext_ln178_2 = zext i15 %select_ln173" [../../../../../overlays/Vitis_Libraries/vision//L1/include/imgproc/xf_quantizationdithering.hpp:178]   --->   Operation 41 'zext' 'zext_ln178_2' <Predicate = (!icmp_ln173)> <Delay = 0.00>
ST_2 : Operation 42 [1/1] (0.00ns)   --->   "%zext_ln178 = zext i15 %select_ln173" [../../../../../overlays/Vitis_Libraries/vision//L1/include/imgproc/xf_quantizationdithering.hpp:178]   --->   Operation 42 'zext' 'zext_ln178' <Predicate = (!icmp_ln173)> <Delay = 0.00>
ST_2 : Operation 43 [1/1] (0.00ns)   --->   "%trunc_ln187 = trunc i15 %select_ln173" [../../../../../overlays/Vitis_Libraries/vision//L1/include/imgproc/xf_quantizationdithering.hpp:187]   --->   Operation 43 'trunc' 'trunc_ln187' <Predicate = (!icmp_ln173)> <Delay = 0.00>
ST_2 : Operation 44 [1/1] (1.10ns)   --->   "%icmp_ln187 = icmp_ult  i16 %zext_ln178_2, i16 %p_read" [../../../../../overlays/Vitis_Libraries/vision//L1/include/imgproc/xf_quantizationdithering.hpp:187]   --->   Operation 44 'icmp' 'icmp_ln187' <Predicate = (!icmp_ln173)> <Delay = 1.10> <CoreInst = "Cmp">   --->   Core 9 'Cmp' <Latency = 0> <II = 1> <Delay = 1.10> <FuncUnit> <Opcode : 'icmp'> <InPorts = 2> <OutPorts = 1>
ST_2 : Operation 45 [1/1] (0.00ns)   --->   "%br_ln187 = br i1 %icmp_ln187, void %for.body173, void %if.then" [../../../../../overlays/Vitis_Libraries/vision//L1/include/imgproc/xf_quantizationdithering.hpp:187]   --->   Operation 45 'br' 'br_ln187' <Predicate = (!icmp_ln173)> <Delay = 0.00>
ST_2 : Operation 46 [1/1] (0.00ns)   --->   "%offset_buffer_V_addr = getelementptr i9 %offset_buffer_V, i64 0, i64 %zext_ln178" [../../../../../overlays/Vitis_Libraries/vision//L1/include/imgproc/xf_quantizationdithering.hpp:209]   --->   Operation 46 'getelementptr' 'offset_buffer_V_addr' <Predicate = (!icmp_ln173)> <Delay = 0.00>
ST_2 : Operation 47 [2/2] (1.23ns)   --->   "%offset_buffer_V_load = load i11 %offset_buffer_V_addr" [../../../../../overlays/Vitis_Libraries/vision//L1/include/imgproc/xf_quantizationdithering.hpp:209]   --->   Operation 47 'load' 'offset_buffer_V_load' <Predicate = (!icmp_ln173)> <Delay = 1.23> <CoreInst = "RAM">   --->   Core 83 'RAM' <Latency = 1> <II = 1> <Delay = 1.23> <Storage> <Opcode : 'load' 'store'> <Ports = 2> <Width = 9> <Depth = 1920> <RAM>
ST_2 : Operation 48 [1/1] (0.00ns)   --->   "%offset_buffer_V_1_addr = getelementptr i9 %offset_buffer_V_1, i64 0, i64 %zext_ln178" [../../../../../overlays/Vitis_Libraries/vision//L1/include/imgproc/xf_quantizationdithering.hpp:209]   --->   Operation 48 'getelementptr' 'offset_buffer_V_1_addr' <Predicate = (!icmp_ln173)> <Delay = 0.00>
ST_2 : Operation 49 [2/2] (1.23ns)   --->   "%offset_buffer_V_1_load = load i11 %offset_buffer_V_1_addr" [../../../../../overlays/Vitis_Libraries/vision//L1/include/imgproc/xf_quantizationdithering.hpp:209]   --->   Operation 49 'load' 'offset_buffer_V_1_load' <Predicate = (!icmp_ln173)> <Delay = 1.23> <CoreInst = "RAM">   --->   Core 83 'RAM' <Latency = 1> <II = 1> <Delay = 1.23> <Storage> <Opcode : 'load' 'store'> <Ports = 2> <Width = 9> <Depth = 1920> <RAM>
ST_2 : Operation 50 [1/1] (0.00ns)   --->   "%offset_buffer_V_2_addr = getelementptr i9 %offset_buffer_V_2, i64 0, i64 %zext_ln178" [../../../../../overlays/Vitis_Libraries/vision//L1/include/imgproc/xf_quantizationdithering.hpp:209]   --->   Operation 50 'getelementptr' 'offset_buffer_V_2_addr' <Predicate = (!icmp_ln173)> <Delay = 0.00>
ST_2 : Operation 51 [2/2] (1.23ns)   --->   "%offset_buffer_V_2_load = load i11 %offset_buffer_V_2_addr" [../../../../../overlays/Vitis_Libraries/vision//L1/include/imgproc/xf_quantizationdithering.hpp:209]   --->   Operation 51 'load' 'offset_buffer_V_2_load' <Predicate = (!icmp_ln173)> <Delay = 1.23> <CoreInst = "RAM">   --->   Core 83 'RAM' <Latency = 1> <II = 1> <Delay = 1.23> <Storage> <Opcode : 'load' 'store'> <Ports = 2> <Width = 9> <Depth = 1920> <RAM>
ST_2 : Operation 52 [1/1] (0.00ns)   --->   "%br_ln256 = br i1 %icmp_ln187, void %for.inc331, void %if.then328" [../../../../../overlays/Vitis_Libraries/vision//L1/include/imgproc/xf_quantizationdithering.hpp:256]   --->   Operation 52 'br' 'br_ln256' <Predicate = (!icmp_ln173)> <Delay = 0.00>
ST_2 : Operation 53 [1/1] (0.84ns)   --->   "%add_ln178 = add i15 %select_ln173, i15 1" [../../../../../overlays/Vitis_Libraries/vision//L1/include/imgproc/xf_quantizationdithering.hpp:178]   --->   Operation 53 'add' 'add_ln178' <Predicate = (!icmp_ln173)> <Delay = 0.84> <CoreInst = "Adder">   --->   Core 1 'Adder' <Latency = 0> <II = 1> <Delay = 0.84> <FuncUnit> <Opcode : 'add' 'sub'> <InPorts = 2> <OutPorts = 1>
ST_2 : Operation 54 [1/1] (0.42ns)   --->   "%store_ln178 = store i32 %add_ln173, i32 %indvar_flatten" [../../../../../overlays/Vitis_Libraries/vision//L1/include/imgproc/xf_quantizationdithering.hpp:178]   --->   Operation 54 'store' 'store_ln178' <Predicate = (!icmp_ln173)> <Delay = 0.42>
ST_2 : Operation 55 [1/1] (0.42ns)   --->   "%store_ln178 = store i15 %add_ln178, i15 %col_index_1" [../../../../../overlays/Vitis_Libraries/vision//L1/include/imgproc/xf_quantizationdithering.hpp:178]   --->   Operation 55 'store' 'store_ln178' <Predicate = (!icmp_ln173)> <Delay = 0.42>

State 3 <SV = 2> <Delay = 1.23>
ST_3 : Operation 56 [1/1] (0.00ns)   --->   "%specloopname_ln0 = specloopname void @_ssdm_op_SpecLoopName, void @LOOP_ROW_LOOP_COL_str"   --->   Operation 56 'specloopname' 'specloopname_ln0' <Predicate = (!icmp_ln173)> <Delay = 0.00>
ST_3 : Operation 57 [1/1] (0.00ns)   --->   "%speclooptripcount_ln0 = speclooptripcount void @_ssdm_op_SpecLoopTripCount, i64 2073600, i64 2073600, i64 2073600"   --->   Operation 57 'speclooptripcount' 'speclooptripcount_ln0' <Predicate = (!icmp_ln173)> <Delay = 0.00>
ST_3 : Operation 58 [1/1] (0.00ns)   --->   "%specpipeline_ln181 = specpipeline void @_ssdm_op_SpecPipeline, i32 1, i32 0, i32 0, i32 0, void @empty_32" [../../../../../overlays/Vitis_Libraries/vision//L1/include/imgproc/xf_quantizationdithering.hpp:181]   --->   Operation 58 'specpipeline' 'specpipeline_ln181' <Predicate = (!icmp_ln173)> <Delay = 0.00>
ST_3 : Operation 59 [1/1] (0.00ns)   --->   "%specloopname_ln178 = specloopname void @_ssdm_op_SpecLoopName, void @empty_43" [../../../../../overlays/Vitis_Libraries/vision//L1/include/imgproc/xf_quantizationdithering.hpp:178]   --->   Operation 59 'specloopname' 'specloopname_ln178' <Predicate = (!icmp_ln173)> <Delay = 0.00>
ST_3 : Operation 60 [1/1] (0.00ns)   --->   "%zext_ln187 = zext i15 %select_ln173" [../../../../../overlays/Vitis_Libraries/vision//L1/include/imgproc/xf_quantizationdithering.hpp:187]   --->   Operation 60 'zext' 'zext_ln187' <Predicate = (!icmp_ln173)> <Delay = 0.00>
ST_3 : Operation 61 [1/1] (1.20ns)   --->   "%read_word_V = read i30 @_ssdm_op_Read.ap_fifo.volatile.i30P0A, i30 %lsc_out_data218" [../../../../../overlays/Vitis_Libraries/vision//L1/include/common/xf_structs.hpp:542]   --->   Operation 61 'read' 'read_word_V' <Predicate = (!icmp_ln173 & icmp_ln187)> <Delay = 1.20> <CoreInst = "FIFO_SRL">   --->   Core 81 'FIFO_SRL' <Latency = 0> <II = 1> <Delay = 1.83> <Storage> <Opcode : 'read' 'write' 'nbread' 'nbwrite'> <Ports = 0> <Width = 30> <Depth = 3> <FIFO>
ST_3 : Operation 62 [1/1] (0.00ns)   --->   "%br_ln187 = br void %for.body173" [../../../../../overlays/Vitis_Libraries/vision//L1/include/imgproc/xf_quantizationdithering.hpp:187]   --->   Operation 62 'br' 'br_ln187' <Predicate = (!icmp_ln173 & icmp_ln187)> <Delay = 0.00>
ST_3 : Operation 63 [1/1] (1.07ns)   --->   "%cmp221 = icmp_ne  i15 %select_ln173, i15 0" [../../../../../overlays/Vitis_Libraries/vision//L1/include/imgproc/xf_quantizationdithering.hpp:173]   --->   Operation 63 'icmp' 'cmp221' <Predicate = true> <Delay = 1.07> <CoreInst = "Cmp">   --->   Core 9 'Cmp' <Latency = 0> <II = 1> <Delay = 1.07> <FuncUnit> <Opcode : 'icmp'> <InPorts = 2> <OutPorts = 1>
ST_3 : Operation 64 [1/1] (1.09ns)   --->   "%cmp239 = icmp_eq  i17 %sub238_read, i17 %zext_ln187" [../../../../../overlays/Vitis_Libraries/vision//L1/include/imgproc/xf_quantizationdithering.hpp:187]   --->   Operation 64 'icmp' 'cmp239' <Predicate = true> <Delay = 1.09> <CoreInst = "Cmp">   --->   Core 9 'Cmp' <Latency = 0> <II = 1> <Delay = 1.09> <FuncUnit> <Opcode : 'icmp'> <InPorts = 2> <OutPorts = 1>
ST_3 : Operation 65 [1/2] (1.23ns)   --->   "%offset_buffer_V_load = load i11 %offset_buffer_V_addr" [../../../../../overlays/Vitis_Libraries/vision//L1/include/imgproc/xf_quantizationdithering.hpp:209]   --->   Operation 65 'load' 'offset_buffer_V_load' <Predicate = true> <Delay = 1.23> <CoreInst = "RAM">   --->   Core 83 'RAM' <Latency = 1> <II = 1> <Delay = 1.23> <Storage> <Opcode : 'load' 'store'> <Ports = 2> <Width = 9> <Depth = 1920> <RAM>
ST_3 : Operation 66 [1/1] (0.00ns)   --->   "%trunc_ln209_2 = trunc i9 %offset_buffer_V_load" [../../../../../overlays/Vitis_Libraries/vision//L1/include/imgproc/xf_quantizationdithering.hpp:209]   --->   Operation 66 'trunc' 'trunc_ln209_2' <Predicate = true> <Delay = 0.00>
ST_3 : Operation 67 [1/1] (0.00ns)   --->   "%br_ln224 = br i1 %cmp221, void %if.end235_ifconv, void %if.then222" [../../../../../overlays/Vitis_Libraries/vision//L1/include/imgproc/xf_quantizationdithering.hpp:224]   --->   Operation 67 'br' 'br_ln224' <Predicate = true> <Delay = 0.00>
ST_3 : Operation 68 [1/2] (1.23ns)   --->   "%offset_buffer_V_1_load = load i11 %offset_buffer_V_1_addr" [../../../../../overlays/Vitis_Libraries/vision//L1/include/imgproc/xf_quantizationdithering.hpp:209]   --->   Operation 68 'load' 'offset_buffer_V_1_load' <Predicate = true> <Delay = 1.23> <CoreInst = "RAM">   --->   Core 83 'RAM' <Latency = 1> <II = 1> <Delay = 1.23> <Storage> <Opcode : 'load' 'store'> <Ports = 2> <Width = 9> <Depth = 1920> <RAM>
ST_3 : Operation 69 [1/1] (0.00ns)   --->   "%trunc_ln209_5 = trunc i9 %offset_buffer_V_1_load" [../../../../../overlays/Vitis_Libraries/vision//L1/include/imgproc/xf_quantizationdithering.hpp:209]   --->   Operation 69 'trunc' 'trunc_ln209_5' <Predicate = true> <Delay = 0.00>
ST_3 : Operation 70 [1/1] (0.00ns)   --->   "%br_ln224 = br i1 %cmp221, void %if.end235.1_ifconv, void %if.then222.1" [../../../../../overlays/Vitis_Libraries/vision//L1/include/imgproc/xf_quantizationdithering.hpp:224]   --->   Operation 70 'br' 'br_ln224' <Predicate = true> <Delay = 0.00>
ST_3 : Operation 71 [1/2] (1.23ns)   --->   "%offset_buffer_V_2_load = load i11 %offset_buffer_V_2_addr" [../../../../../overlays/Vitis_Libraries/vision//L1/include/imgproc/xf_quantizationdithering.hpp:209]   --->   Operation 71 'load' 'offset_buffer_V_2_load' <Predicate = true> <Delay = 1.23> <CoreInst = "RAM">   --->   Core 83 'RAM' <Latency = 1> <II = 1> <Delay = 1.23> <Storage> <Opcode : 'load' 'store'> <Ports = 2> <Width = 9> <Depth = 1920> <RAM>
ST_3 : Operation 72 [1/1] (0.00ns)   --->   "%trunc_ln209_8 = trunc i9 %offset_buffer_V_2_load" [../../../../../overlays/Vitis_Libraries/vision//L1/include/imgproc/xf_quantizationdithering.hpp:209]   --->   Operation 72 'trunc' 'trunc_ln209_8' <Predicate = true> <Delay = 0.00>
ST_3 : Operation 73 [1/1] (0.00ns)   --->   "%br_ln224 = br i1 %cmp221, void %if.end235.2_ifconv, void %if.then222.2" [../../../../../overlays/Vitis_Libraries/vision//L1/include/imgproc/xf_quantizationdithering.hpp:224]   --->   Operation 73 'br' 'br_ln224' <Predicate = true> <Delay = 0.00>

State 4 <SV = 3> <Delay = 2.43>
ST_4 : Operation 74 [1/1] (0.00ns)   --->   "%p_Val2_s = phi i30 %read_word_V, void %if.then, i30 0, void %for.inc334.loopexit"   --->   Operation 74 'phi' 'p_Val2_s' <Predicate = true> <Delay = 0.00>
ST_4 : Operation 75 [1/1] (0.00ns)   --->   "%p_load79 = load i3 %empty" [../../../../../overlays/Vitis_Libraries/vision//L1/include/imgproc/xf_quantizationdithering.hpp:221]   --->   Operation 75 'load' 'p_load79' <Predicate = true> <Delay = 0.00>
ST_4 : Operation 76 [1/1] (0.00ns)   --->   "%conv_i5870_load = load i3 %conv_i5870" [../../../../../overlays/Vitis_Libraries/vision//L1/include/imgproc/xf_quantizationdithering.hpp:205]   --->   Operation 76 'load' 'conv_i5870_load' <Predicate = true> <Delay = 0.00>
ST_4 : Operation 77 [1/1] (0.00ns)   --->   "%in_pixel = trunc i30 %p_Val2_s"   --->   Operation 77 'trunc' 'in_pixel' <Predicate = true> <Delay = 0.00>
ST_4 : Operation 78 [1/1] (0.00ns)   --->   "%sext_ln1494 = sext i3 %conv_i5870_load"   --->   Operation 78 'sext' 'sext_ln1494' <Predicate = true> <Delay = 0.00>
ST_4 : Operation 79 [1/1] (0.00ns)   --->   "%tmp_24 = bitconcatenate i6 @_ssdm_op_BitConcatenate.i6.i3.i3, i3 %conv_i5870_load, i3 0" [../../../../../overlays/Vitis_Libraries/vision//L1/include/imgproc/xf_quantizationdithering.hpp:205]   --->   Operation 79 'bitconcatenate' 'tmp_24' <Predicate = true> <Delay = 0.00>
ST_4 : Operation 80 [1/1] (0.00ns)   --->   "%sext_ln205 = sext i6 %tmp_24" [../../../../../overlays/Vitis_Libraries/vision//L1/include/imgproc/xf_quantizationdithering.hpp:205]   --->   Operation 80 'sext' 'sext_ln205' <Predicate = true> <Delay = 0.00>
ST_4 : Operation 81 [1/1] (0.78ns)   --->   "%q_2nd_err_scale7_2 = sub i12 %sext_ln205, i12 %sext_ln1494" [../../../../../overlays/Vitis_Libraries/vision//L1/include/imgproc/xf_quantizationdithering.hpp:205]   --->   Operation 81 'sub' 'q_2nd_err_scale7_2' <Predicate = true> <Delay = 0.78> <CoreInst = "Adder">   --->   Core 1 'Adder' <Latency = 0> <II = 1> <Delay = 0.78> <FuncUnit> <Opcode : 'add' 'sub'> <InPorts = 2> <OutPorts = 1>
ST_4 : Operation 82 [1/1] (0.00ns)   --->   "%q_2nd_err_scale7by16_V = partselect i8 @_ssdm_op_PartSelect.i8.i12.i32.i32, i12 %q_2nd_err_scale7_2, i32 4, i32 11"   --->   Operation 82 'partselect' 'q_2nd_err_scale7by16_V' <Predicate = true> <Delay = 0.00>
ST_4 : Operation 83 [1/1] (0.00ns)   --->   "%sext_ln209 = sext i9 %offset_buffer_V_load" [../../../../../overlays/Vitis_Libraries/vision//L1/include/imgproc/xf_quantizationdithering.hpp:209]   --->   Operation 83 'sext' 'sext_ln209' <Predicate = true> <Delay = 0.00>
ST_4 : Operation 84 [1/1] (0.00ns)   --->   "%zext_ln209 = zext i10 %in_pixel" [../../../../../overlays/Vitis_Libraries/vision//L1/include/imgproc/xf_quantizationdithering.hpp:209]   --->   Operation 84 'zext' 'zext_ln209' <Predicate = true> <Delay = 0.00>
ST_4 : Operation 85 [1/1] (0.00ns)   --->   "%sext_ln209_1 = sext i8 %q_2nd_err_scale7by16_V" [../../../../../overlays/Vitis_Libraries/vision//L1/include/imgproc/xf_quantizationdithering.hpp:209]   --->   Operation 85 'sext' 'sext_ln209_1' <Predicate = true> <Delay = 0.00>
ST_4 : Operation 86 [1/1] (0.00ns)   --->   "%trunc_ln209 = trunc i30 %p_Val2_s" [../../../../../overlays/Vitis_Libraries/vision//L1/include/imgproc/xf_quantizationdithering.hpp:209]   --->   Operation 86 'trunc' 'trunc_ln209' <Predicate = true> <Delay = 0.00>
ST_4 : Operation 87 [1/1] (0.00ns)   --->   "%trunc_ln209_1 = partselect i2 @_ssdm_op_PartSelect.i2.i12.i32.i32, i12 %q_2nd_err_scale7_2, i32 4, i32 5" [../../../../../overlays/Vitis_Libraries/vision//L1/include/imgproc/xf_quantizationdithering.hpp:209]   --->   Operation 87 'partselect' 'trunc_ln209_1' <Predicate = true> <Delay = 0.00>
ST_4 : Operation 88 [1/1] (0.00ns) (grouped into TernaryAdder)   --->   "%add_ln209 = add i12 %sext_ln209, i12 %zext_ln209" [../../../../../overlays/Vitis_Libraries/vision//L1/include/imgproc/xf_quantizationdithering.hpp:209]   --->   Operation 88 'add' 'add_ln209' <Predicate = true> <Delay = 0.00> <CoreInst = "TAddSub">   --->   Core 10 'TAddSub' <Latency = 0> <II = 1> <Delay = 0.38> <IPBlock> <Opcode : 'add' 'sub'> <InPorts = 3> <OutPorts = 1> <Sync> <CReg>
ST_4 : Operation 89 [1/1] (0.86ns) (root node of TernaryAdder)   --->   "%quatizer_in_V_2 = add i12 %add_ln209, i12 %sext_ln209_1" [../../../../../overlays/Vitis_Libraries/vision//L1/include/imgproc/xf_quantizationdithering.hpp:209]   --->   Operation 89 'add' 'quatizer_in_V_2' <Predicate = true> <Delay = 0.86> <CoreInst = "TAddSub">   --->   Core 10 'TAddSub' <Latency = 0> <II = 1> <Delay = 0.38> <IPBlock> <Opcode : 'add' 'sub'> <InPorts = 3> <OutPorts = 1> <Sync> <CReg>
ST_4 : Operation 90 [1/1] (0.00ns) (grouped into TernaryAdder)   --->   "%add_ln208 = add i2 %trunc_ln209, i2 %trunc_ln209_2" [../../../../../overlays/Vitis_Libraries/vision//L1/include/imgproc/xf_quantizationdithering.hpp:208]   --->   Operation 90 'add' 'add_ln208' <Predicate = true> <Delay = 0.00> <CoreInst = "TAddSub">   --->   Core 10 'TAddSub' <Latency = 0> <II = 1> <Delay = 0.38> <IPBlock> <Opcode : 'add' 'sub'> <InPorts = 3> <OutPorts = 1> <Sync> <CReg>
ST_4 : Operation 91 [1/1] (0.14ns) (root node of TernaryAdder)   --->   "%add_ln208_1 = add i2 %add_ln208, i2 %trunc_ln209_1" [../../../../../overlays/Vitis_Libraries/vision//L1/include/imgproc/xf_quantizationdithering.hpp:208]   --->   Operation 91 'add' 'add_ln208_1' <Predicate = true> <Delay = 0.14> <CoreInst = "TAddSub">   --->   Core 10 'TAddSub' <Latency = 0> <II = 1> <Delay = 0.38> <IPBlock> <Opcode : 'add' 'sub'> <InPorts = 3> <OutPorts = 1> <Sync> <CReg>
ST_4 : Operation 92 [1/1] (0.00ns)   --->   "%lhs_V = partselect i10 @_ssdm_op_PartSelect.i10.i12.i32.i32, i12 %quatizer_in_V_2, i32 2, i32 11"   --->   Operation 92 'partselect' 'lhs_V' <Predicate = true> <Delay = 0.00>
ST_4 : Operation 93 [1/1] (0.00ns)   --->   "%p_Result_s = bitselect i1 @_ssdm_op_BitSelect.i1.i2.i32, i2 %add_ln208_1, i32 1"   --->   Operation 93 'bitselect' 'p_Result_s' <Predicate = true> <Delay = 0.00>
ST_4 : Operation 94 [1/1] (0.00ns)   --->   "%tmp_26 = bitselect i1 @_ssdm_op_BitSelect.i1.i2.i32, i2 %add_ln208_1, i32 1"   --->   Operation 94 'bitselect' 'tmp_26' <Predicate = true> <Delay = 0.00>
ST_4 : Operation 95 [1/1] (0.00ns)   --->   "%zext_ln1495 = zext i1 %tmp_26"   --->   Operation 95 'zext' 'zext_ln1495' <Predicate = true> <Delay = 0.00>
ST_4 : Operation 96 [1/1] (0.00ns)   --->   "%tmp = partselect i9 @_ssdm_op_PartSelect.i9.i12.i32.i32, i12 %quatizer_in_V_2, i32 2, i32 10"   --->   Operation 96 'partselect' 'tmp' <Predicate = true> <Delay = 0.00>
ST_4 : Operation 97 [1/1] (0.78ns)   --->   "%p_Val2_4 = add i10 %lhs_V, i10 %zext_ln1495"   --->   Operation 97 'add' 'p_Val2_4' <Predicate = true> <Delay = 0.78> <CoreInst = "Adder">   --->   Core 1 'Adder' <Latency = 0> <II = 1> <Delay = 0.78> <FuncUnit> <Opcode : 'add' 'sub'> <InPorts = 2> <OutPorts = 1>
ST_4 : Operation 98 [1/1] (0.00ns)   --->   "%trunc_ln628 = trunc i12 %quatizer_in_V_2"   --->   Operation 98 'trunc' 'trunc_ln628' <Predicate = true> <Delay = 0.00>
ST_4 : Operation 99 [1/1] (0.00ns)   --->   "%q_err_3rd_local_V = bitconcatenate i3 @_ssdm_op_BitConcatenate.i3.i1.i2, i1 %p_Result_s, i2 %trunc_ln628"   --->   Operation 99 'bitconcatenate' 'q_err_3rd_local_V' <Predicate = true> <Delay = 0.00>
ST_4 : Operation 100 [1/1] (0.00ns)   --->   "%p_load78 = load i3 %empty_104" [../../../../../overlays/Vitis_Libraries/vision//L1/include/imgproc/xf_quantizationdithering.hpp:221]   --->   Operation 100 'load' 'p_load78' <Predicate = true> <Delay = 0.00>
ST_4 : Operation 101 [1/1] (0.00ns)   --->   "%conv_i5870_load_1 = load i3 %conv_i5870" [../../../../../overlays/Vitis_Libraries/vision//L1/include/imgproc/xf_quantizationdithering.hpp:226]   --->   Operation 101 'load' 'conv_i5870_load_1' <Predicate = (!cmp239)> <Delay = 0.00>
ST_4 : Operation 102 [1/1] (0.00ns)   --->   "%conv_i58_172_load = load i3 %conv_i58_172" [../../../../../overlays/Vitis_Libraries/vision//L1/include/imgproc/xf_quantizationdithering.hpp:205]   --->   Operation 102 'load' 'conv_i58_172_load' <Predicate = true> <Delay = 0.00>
ST_4 : Operation 103 [1/1] (0.20ns)   --->   "%select_ln226 = select i1 %cmp239, i3 0, i3 %q_err_3rd_local_V" [../../../../../overlays/Vitis_Libraries/vision//L1/include/imgproc/xf_quantizationdithering.hpp:226]   --->   Operation 103 'select' 'select_ln226' <Predicate = true> <Delay = 0.20> <CoreInst = "Sel">   --->   Core 73 'Sel' <Latency = 0> <II = 1> <Delay = 0.20> <FuncUnit> <Opcode : 'select'> <InPorts = 3> <OutPorts = 1>
ST_4 : Operation 104 [1/1] (0.20ns)   --->   "%select_ln226_1 = select i1 %cmp239, i3 0, i3 %conv_i5870_load_1" [../../../../../overlays/Vitis_Libraries/vision//L1/include/imgproc/xf_quantizationdithering.hpp:226]   --->   Operation 104 'select' 'select_ln226_1' <Predicate = true> <Delay = 0.20> <CoreInst = "Sel">   --->   Core 73 'Sel' <Latency = 0> <II = 1> <Delay = 0.20> <FuncUnit> <Opcode : 'select'> <InPorts = 3> <OutPorts = 1>
ST_4 : Operation 105 [1/1] (0.00ns)   --->   "%in_pixel_1 = partselect i10 @_ssdm_op_PartSelect.i10.i30.i32.i32, i30 %p_Val2_s, i32 10, i32 19"   --->   Operation 105 'partselect' 'in_pixel_1' <Predicate = true> <Delay = 0.00>
ST_4 : Operation 106 [1/1] (0.00ns)   --->   "%sext_ln1494_1 = sext i3 %conv_i58_172_load"   --->   Operation 106 'sext' 'sext_ln1494_1' <Predicate = true> <Delay = 0.00>
ST_4 : Operation 107 [1/1] (0.00ns)   --->   "%tmp_30 = bitconcatenate i6 @_ssdm_op_BitConcatenate.i6.i3.i3, i3 %conv_i58_172_load, i3 0" [../../../../../overlays/Vitis_Libraries/vision//L1/include/imgproc/xf_quantizationdithering.hpp:205]   --->   Operation 107 'bitconcatenate' 'tmp_30' <Predicate = true> <Delay = 0.00>
ST_4 : Operation 108 [1/1] (0.00ns)   --->   "%sext_ln205_1 = sext i6 %tmp_30" [../../../../../overlays/Vitis_Libraries/vision//L1/include/imgproc/xf_quantizationdithering.hpp:205]   --->   Operation 108 'sext' 'sext_ln205_1' <Predicate = true> <Delay = 0.00>
ST_4 : Operation 109 [1/1] (0.78ns)   --->   "%q_2nd_err_scale7_1 = sub i12 %sext_ln205_1, i12 %sext_ln1494_1" [../../../../../overlays/Vitis_Libraries/vision//L1/include/imgproc/xf_quantizationdithering.hpp:205]   --->   Operation 109 'sub' 'q_2nd_err_scale7_1' <Predicate = true> <Delay = 0.78> <CoreInst = "Adder">   --->   Core 1 'Adder' <Latency = 0> <II = 1> <Delay = 0.78> <FuncUnit> <Opcode : 'add' 'sub'> <InPorts = 2> <OutPorts = 1>
ST_4 : Operation 110 [1/1] (0.00ns)   --->   "%q_2nd_err_scale7by16_V_1 = partselect i8 @_ssdm_op_PartSelect.i8.i12.i32.i32, i12 %q_2nd_err_scale7_1, i32 4, i32 11"   --->   Operation 110 'partselect' 'q_2nd_err_scale7by16_V_1' <Predicate = true> <Delay = 0.00>
ST_4 : Operation 111 [1/1] (0.00ns)   --->   "%sext_ln209_2 = sext i9 %offset_buffer_V_1_load" [../../../../../overlays/Vitis_Libraries/vision//L1/include/imgproc/xf_quantizationdithering.hpp:209]   --->   Operation 111 'sext' 'sext_ln209_2' <Predicate = true> <Delay = 0.00>
ST_4 : Operation 112 [1/1] (0.00ns)   --->   "%zext_ln209_1 = zext i10 %in_pixel_1" [../../../../../overlays/Vitis_Libraries/vision//L1/include/imgproc/xf_quantizationdithering.hpp:209]   --->   Operation 112 'zext' 'zext_ln209_1' <Predicate = true> <Delay = 0.00>
ST_4 : Operation 113 [1/1] (0.00ns)   --->   "%sext_ln209_3 = sext i8 %q_2nd_err_scale7by16_V_1" [../../../../../overlays/Vitis_Libraries/vision//L1/include/imgproc/xf_quantizationdithering.hpp:209]   --->   Operation 113 'sext' 'sext_ln209_3' <Predicate = true> <Delay = 0.00>
ST_4 : Operation 114 [1/1] (0.00ns)   --->   "%trunc_ln209_3 = partselect i2 @_ssdm_op_PartSelect.i2.i30.i32.i32, i30 %p_Val2_s, i32 10, i32 11" [../../../../../overlays/Vitis_Libraries/vision//L1/include/imgproc/xf_quantizationdithering.hpp:209]   --->   Operation 114 'partselect' 'trunc_ln209_3' <Predicate = true> <Delay = 0.00>
ST_4 : Operation 115 [1/1] (0.00ns)   --->   "%trunc_ln209_4 = partselect i2 @_ssdm_op_PartSelect.i2.i12.i32.i32, i12 %q_2nd_err_scale7_1, i32 4, i32 5" [../../../../../overlays/Vitis_Libraries/vision//L1/include/imgproc/xf_quantizationdithering.hpp:209]   --->   Operation 115 'partselect' 'trunc_ln209_4' <Predicate = true> <Delay = 0.00>
ST_4 : Operation 116 [1/1] (0.00ns) (grouped into TernaryAdder)   --->   "%add_ln209_2 = add i12 %sext_ln209_2, i12 %zext_ln209_1" [../../../../../overlays/Vitis_Libraries/vision//L1/include/imgproc/xf_quantizationdithering.hpp:209]   --->   Operation 116 'add' 'add_ln209_2' <Predicate = true> <Delay = 0.00> <CoreInst = "TAddSub">   --->   Core 10 'TAddSub' <Latency = 0> <II = 1> <Delay = 0.38> <IPBlock> <Opcode : 'add' 'sub'> <InPorts = 3> <OutPorts = 1> <Sync> <CReg>
ST_4 : Operation 117 [1/1] (0.86ns) (root node of TernaryAdder)   --->   "%quatizer_in_V_1 = add i12 %add_ln209_2, i12 %sext_ln209_3" [../../../../../overlays/Vitis_Libraries/vision//L1/include/imgproc/xf_quantizationdithering.hpp:209]   --->   Operation 117 'add' 'quatizer_in_V_1' <Predicate = true> <Delay = 0.86> <CoreInst = "TAddSub">   --->   Core 10 'TAddSub' <Latency = 0> <II = 1> <Delay = 0.38> <IPBlock> <Opcode : 'add' 'sub'> <InPorts = 3> <OutPorts = 1> <Sync> <CReg>
ST_4 : Operation 118 [1/1] (0.00ns) (grouped into TernaryAdder)   --->   "%add_ln208_2 = add i2 %trunc_ln209_3, i2 %trunc_ln209_5" [../../../../../overlays/Vitis_Libraries/vision//L1/include/imgproc/xf_quantizationdithering.hpp:208]   --->   Operation 118 'add' 'add_ln208_2' <Predicate = true> <Delay = 0.00> <CoreInst = "TAddSub">   --->   Core 10 'TAddSub' <Latency = 0> <II = 1> <Delay = 0.38> <IPBlock> <Opcode : 'add' 'sub'> <InPorts = 3> <OutPorts = 1> <Sync> <CReg>
ST_4 : Operation 119 [1/1] (0.14ns) (root node of TernaryAdder)   --->   "%add_ln208_3 = add i2 %add_ln208_2, i2 %trunc_ln209_4" [../../../../../overlays/Vitis_Libraries/vision//L1/include/imgproc/xf_quantizationdithering.hpp:208]   --->   Operation 119 'add' 'add_ln208_3' <Predicate = true> <Delay = 0.14> <CoreInst = "TAddSub">   --->   Core 10 'TAddSub' <Latency = 0> <II = 1> <Delay = 0.38> <IPBlock> <Opcode : 'add' 'sub'> <InPorts = 3> <OutPorts = 1> <Sync> <CReg>
ST_4 : Operation 120 [1/1] (0.00ns)   --->   "%lhs_V_6 = partselect i10 @_ssdm_op_PartSelect.i10.i12.i32.i32, i12 %quatizer_in_V_1, i32 2, i32 11"   --->   Operation 120 'partselect' 'lhs_V_6' <Predicate = true> <Delay = 0.00>
ST_4 : Operation 121 [1/1] (0.00ns)   --->   "%p_Result_7 = bitselect i1 @_ssdm_op_BitSelect.i1.i2.i32, i2 %add_ln208_3, i32 1"   --->   Operation 121 'bitselect' 'p_Result_7' <Predicate = true> <Delay = 0.00>
ST_4 : Operation 122 [1/1] (0.00ns)   --->   "%tmp_32 = bitselect i1 @_ssdm_op_BitSelect.i1.i2.i32, i2 %add_ln208_3, i32 1"   --->   Operation 122 'bitselect' 'tmp_32' <Predicate = true> <Delay = 0.00>
ST_4 : Operation 123 [1/1] (0.00ns)   --->   "%zext_ln1495_2 = zext i1 %tmp_32"   --->   Operation 123 'zext' 'zext_ln1495_2' <Predicate = true> <Delay = 0.00>
ST_4 : Operation 124 [1/1] (0.00ns)   --->   "%tmp_s = partselect i9 @_ssdm_op_PartSelect.i9.i12.i32.i32, i12 %quatizer_in_V_1, i32 2, i32 10"   --->   Operation 124 'partselect' 'tmp_s' <Predicate = true> <Delay = 0.00>
ST_4 : Operation 125 [1/1] (0.78ns)   --->   "%p_Val2_8 = add i10 %lhs_V_6, i10 %zext_ln1495_2"   --->   Operation 125 'add' 'p_Val2_8' <Predicate = true> <Delay = 0.78> <CoreInst = "Adder">   --->   Core 1 'Adder' <Latency = 0> <II = 1> <Delay = 0.78> <FuncUnit> <Opcode : 'add' 'sub'> <InPorts = 2> <OutPorts = 1>
ST_4 : Operation 126 [1/1] (0.00ns)   --->   "%trunc_ln628_2 = trunc i12 %quatizer_in_V_1"   --->   Operation 126 'trunc' 'trunc_ln628_2' <Predicate = true> <Delay = 0.00>
ST_4 : Operation 127 [1/1] (0.00ns)   --->   "%q_err_3rd_local_V_1 = bitconcatenate i3 @_ssdm_op_BitConcatenate.i3.i1.i2, i1 %p_Result_7, i2 %trunc_ln628_2"   --->   Operation 127 'bitconcatenate' 'q_err_3rd_local_V_1' <Predicate = true> <Delay = 0.00>
ST_4 : Operation 128 [1/1] (0.00ns)   --->   "%p_load = load i3 %empty_105" [../../../../../overlays/Vitis_Libraries/vision//L1/include/imgproc/xf_quantizationdithering.hpp:221]   --->   Operation 128 'load' 'p_load' <Predicate = true> <Delay = 0.00>
ST_4 : Operation 129 [1/1] (0.00ns)   --->   "%conv_i58_172_load_1 = load i3 %conv_i58_172" [../../../../../overlays/Vitis_Libraries/vision//L1/include/imgproc/xf_quantizationdithering.hpp:226]   --->   Operation 129 'load' 'conv_i58_172_load_1' <Predicate = (!cmp239)> <Delay = 0.00>
ST_4 : Operation 130 [1/1] (0.00ns)   --->   "%conv_i58_274_load = load i3 %conv_i58_274" [../../../../../overlays/Vitis_Libraries/vision//L1/include/imgproc/xf_quantizationdithering.hpp:205]   --->   Operation 130 'load' 'conv_i58_274_load' <Predicate = true> <Delay = 0.00>
ST_4 : Operation 131 [1/1] (0.20ns)   --->   "%select_ln226_2 = select i1 %cmp239, i3 0, i3 %q_err_3rd_local_V_1" [../../../../../overlays/Vitis_Libraries/vision//L1/include/imgproc/xf_quantizationdithering.hpp:226]   --->   Operation 131 'select' 'select_ln226_2' <Predicate = true> <Delay = 0.20> <CoreInst = "Sel">   --->   Core 73 'Sel' <Latency = 0> <II = 1> <Delay = 0.20> <FuncUnit> <Opcode : 'select'> <InPorts = 3> <OutPorts = 1>
ST_4 : Operation 132 [1/1] (0.20ns)   --->   "%select_ln226_3 = select i1 %cmp239, i3 0, i3 %conv_i58_172_load_1" [../../../../../overlays/Vitis_Libraries/vision//L1/include/imgproc/xf_quantizationdithering.hpp:226]   --->   Operation 132 'select' 'select_ln226_3' <Predicate = true> <Delay = 0.20> <CoreInst = "Sel">   --->   Core 73 'Sel' <Latency = 0> <II = 1> <Delay = 0.20> <FuncUnit> <Opcode : 'select'> <InPorts = 3> <OutPorts = 1>
ST_4 : Operation 133 [1/1] (0.00ns)   --->   "%in_pixel_2 = partselect i10 @_ssdm_op_PartSelect.i10.i30.i32.i32, i30 %p_Val2_s, i32 20, i32 29"   --->   Operation 133 'partselect' 'in_pixel_2' <Predicate = true> <Delay = 0.00>
ST_4 : Operation 134 [1/1] (0.00ns)   --->   "%sext_ln1494_2 = sext i3 %conv_i58_274_load"   --->   Operation 134 'sext' 'sext_ln1494_2' <Predicate = true> <Delay = 0.00>
ST_4 : Operation 135 [1/1] (0.00ns)   --->   "%tmp_36 = bitconcatenate i6 @_ssdm_op_BitConcatenate.i6.i3.i3, i3 %conv_i58_274_load, i3 0" [../../../../../overlays/Vitis_Libraries/vision//L1/include/imgproc/xf_quantizationdithering.hpp:205]   --->   Operation 135 'bitconcatenate' 'tmp_36' <Predicate = true> <Delay = 0.00>
ST_4 : Operation 136 [1/1] (0.00ns)   --->   "%sext_ln205_2 = sext i6 %tmp_36" [../../../../../overlays/Vitis_Libraries/vision//L1/include/imgproc/xf_quantizationdithering.hpp:205]   --->   Operation 136 'sext' 'sext_ln205_2' <Predicate = true> <Delay = 0.00>
ST_4 : Operation 137 [1/1] (0.78ns)   --->   "%q_2nd_err_scale7 = sub i12 %sext_ln205_2, i12 %sext_ln1494_2" [../../../../../overlays/Vitis_Libraries/vision//L1/include/imgproc/xf_quantizationdithering.hpp:205]   --->   Operation 137 'sub' 'q_2nd_err_scale7' <Predicate = true> <Delay = 0.78> <CoreInst = "Adder">   --->   Core 1 'Adder' <Latency = 0> <II = 1> <Delay = 0.78> <FuncUnit> <Opcode : 'add' 'sub'> <InPorts = 2> <OutPorts = 1>
ST_4 : Operation 138 [1/1] (0.00ns)   --->   "%q_2nd_err_scale7by16_V_2 = partselect i8 @_ssdm_op_PartSelect.i8.i12.i32.i32, i12 %q_2nd_err_scale7, i32 4, i32 11"   --->   Operation 138 'partselect' 'q_2nd_err_scale7by16_V_2' <Predicate = true> <Delay = 0.00>
ST_4 : Operation 139 [1/1] (0.00ns)   --->   "%sext_ln209_4 = sext i9 %offset_buffer_V_2_load" [../../../../../overlays/Vitis_Libraries/vision//L1/include/imgproc/xf_quantizationdithering.hpp:209]   --->   Operation 139 'sext' 'sext_ln209_4' <Predicate = true> <Delay = 0.00>
ST_4 : Operation 140 [1/1] (0.00ns)   --->   "%zext_ln209_2 = zext i10 %in_pixel_2" [../../../../../overlays/Vitis_Libraries/vision//L1/include/imgproc/xf_quantizationdithering.hpp:209]   --->   Operation 140 'zext' 'zext_ln209_2' <Predicate = true> <Delay = 0.00>
ST_4 : Operation 141 [1/1] (0.00ns)   --->   "%sext_ln209_5 = sext i8 %q_2nd_err_scale7by16_V_2" [../../../../../overlays/Vitis_Libraries/vision//L1/include/imgproc/xf_quantizationdithering.hpp:209]   --->   Operation 141 'sext' 'sext_ln209_5' <Predicate = true> <Delay = 0.00>
ST_4 : Operation 142 [1/1] (0.00ns)   --->   "%trunc_ln209_6 = partselect i2 @_ssdm_op_PartSelect.i2.i30.i32.i32, i30 %p_Val2_s, i32 20, i32 21" [../../../../../overlays/Vitis_Libraries/vision//L1/include/imgproc/xf_quantizationdithering.hpp:209]   --->   Operation 142 'partselect' 'trunc_ln209_6' <Predicate = true> <Delay = 0.00>
ST_4 : Operation 143 [1/1] (0.00ns)   --->   "%trunc_ln209_7 = partselect i2 @_ssdm_op_PartSelect.i2.i12.i32.i32, i12 %q_2nd_err_scale7, i32 4, i32 5" [../../../../../overlays/Vitis_Libraries/vision//L1/include/imgproc/xf_quantizationdithering.hpp:209]   --->   Operation 143 'partselect' 'trunc_ln209_7' <Predicate = true> <Delay = 0.00>
ST_4 : Operation 144 [1/1] (0.00ns) (grouped into TernaryAdder)   --->   "%add_ln209_4 = add i12 %sext_ln209_4, i12 %zext_ln209_2" [../../../../../overlays/Vitis_Libraries/vision//L1/include/imgproc/xf_quantizationdithering.hpp:209]   --->   Operation 144 'add' 'add_ln209_4' <Predicate = true> <Delay = 0.00> <CoreInst = "TAddSub">   --->   Core 10 'TAddSub' <Latency = 0> <II = 1> <Delay = 0.38> <IPBlock> <Opcode : 'add' 'sub'> <InPorts = 3> <OutPorts = 1> <Sync> <CReg>
ST_4 : Operation 145 [1/1] (0.86ns) (root node of TernaryAdder)   --->   "%quatizer_in_V = add i12 %add_ln209_4, i12 %sext_ln209_5" [../../../../../overlays/Vitis_Libraries/vision//L1/include/imgproc/xf_quantizationdithering.hpp:209]   --->   Operation 145 'add' 'quatizer_in_V' <Predicate = true> <Delay = 0.86> <CoreInst = "TAddSub">   --->   Core 10 'TAddSub' <Latency = 0> <II = 1> <Delay = 0.38> <IPBlock> <Opcode : 'add' 'sub'> <InPorts = 3> <OutPorts = 1> <Sync> <CReg>
ST_4 : Operation 146 [1/1] (0.00ns) (grouped into TernaryAdder)   --->   "%add_ln208_4 = add i2 %trunc_ln209_6, i2 %trunc_ln209_8" [../../../../../overlays/Vitis_Libraries/vision//L1/include/imgproc/xf_quantizationdithering.hpp:208]   --->   Operation 146 'add' 'add_ln208_4' <Predicate = true> <Delay = 0.00> <CoreInst = "TAddSub">   --->   Core 10 'TAddSub' <Latency = 0> <II = 1> <Delay = 0.38> <IPBlock> <Opcode : 'add' 'sub'> <InPorts = 3> <OutPorts = 1> <Sync> <CReg>
ST_4 : Operation 147 [1/1] (0.14ns) (root node of TernaryAdder)   --->   "%add_ln208_5 = add i2 %add_ln208_4, i2 %trunc_ln209_7" [../../../../../overlays/Vitis_Libraries/vision//L1/include/imgproc/xf_quantizationdithering.hpp:208]   --->   Operation 147 'add' 'add_ln208_5' <Predicate = true> <Delay = 0.14> <CoreInst = "TAddSub">   --->   Core 10 'TAddSub' <Latency = 0> <II = 1> <Delay = 0.38> <IPBlock> <Opcode : 'add' 'sub'> <InPorts = 3> <OutPorts = 1> <Sync> <CReg>
ST_4 : Operation 148 [1/1] (0.00ns)   --->   "%lhs_V_7 = partselect i10 @_ssdm_op_PartSelect.i10.i12.i32.i32, i12 %quatizer_in_V, i32 2, i32 11"   --->   Operation 148 'partselect' 'lhs_V_7' <Predicate = true> <Delay = 0.00>
ST_4 : Operation 149 [1/1] (0.00ns)   --->   "%p_Result_10 = bitselect i1 @_ssdm_op_BitSelect.i1.i2.i32, i2 %add_ln208_5, i32 1"   --->   Operation 149 'bitselect' 'p_Result_10' <Predicate = true> <Delay = 0.00>
ST_4 : Operation 150 [1/1] (0.00ns)   --->   "%tmp_38 = bitselect i1 @_ssdm_op_BitSelect.i1.i2.i32, i2 %add_ln208_5, i32 1"   --->   Operation 150 'bitselect' 'tmp_38' <Predicate = true> <Delay = 0.00>
ST_4 : Operation 151 [1/1] (0.00ns)   --->   "%zext_ln1495_4 = zext i1 %tmp_38"   --->   Operation 151 'zext' 'zext_ln1495_4' <Predicate = true> <Delay = 0.00>
ST_4 : Operation 152 [1/1] (0.00ns)   --->   "%tmp_8 = partselect i9 @_ssdm_op_PartSelect.i9.i12.i32.i32, i12 %quatizer_in_V, i32 2, i32 10"   --->   Operation 152 'partselect' 'tmp_8' <Predicate = true> <Delay = 0.00>
ST_4 : Operation 153 [1/1] (0.78ns)   --->   "%p_Val2_12 = add i10 %lhs_V_7, i10 %zext_ln1495_4"   --->   Operation 153 'add' 'p_Val2_12' <Predicate = true> <Delay = 0.78> <CoreInst = "Adder">   --->   Core 1 'Adder' <Latency = 0> <II = 1> <Delay = 0.78> <FuncUnit> <Opcode : 'add' 'sub'> <InPorts = 2> <OutPorts = 1>
ST_4 : Operation 154 [1/1] (0.00ns)   --->   "%trunc_ln628_4 = trunc i12 %quatizer_in_V"   --->   Operation 154 'trunc' 'trunc_ln628_4' <Predicate = true> <Delay = 0.00>
ST_4 : Operation 155 [1/1] (0.00ns)   --->   "%q_err_3rd_local_V_2 = bitconcatenate i3 @_ssdm_op_BitConcatenate.i3.i1.i2, i1 %p_Result_10, i2 %trunc_ln628_4"   --->   Operation 155 'bitconcatenate' 'q_err_3rd_local_V_2' <Predicate = true> <Delay = 0.00>
ST_4 : Operation 156 [1/1] (0.00ns)   --->   "%conv_i58_274_load_1 = load i3 %conv_i58_274" [../../../../../overlays/Vitis_Libraries/vision//L1/include/imgproc/xf_quantizationdithering.hpp:226]   --->   Operation 156 'load' 'conv_i58_274_load_1' <Predicate = (!cmp239)> <Delay = 0.00>
ST_4 : Operation 157 [1/1] (0.20ns)   --->   "%select_ln226_4 = select i1 %cmp239, i3 0, i3 %q_err_3rd_local_V_2" [../../../../../overlays/Vitis_Libraries/vision//L1/include/imgproc/xf_quantizationdithering.hpp:226]   --->   Operation 157 'select' 'select_ln226_4' <Predicate = true> <Delay = 0.20> <CoreInst = "Sel">   --->   Core 73 'Sel' <Latency = 0> <II = 1> <Delay = 0.20> <FuncUnit> <Opcode : 'select'> <InPorts = 3> <OutPorts = 1>
ST_4 : Operation 158 [1/1] (0.20ns)   --->   "%select_ln226_5 = select i1 %cmp239, i3 0, i3 %conv_i58_274_load_1" [../../../../../overlays/Vitis_Libraries/vision//L1/include/imgproc/xf_quantizationdithering.hpp:226]   --->   Operation 158 'select' 'select_ln226_5' <Predicate = true> <Delay = 0.20> <CoreInst = "Sel">   --->   Core 73 'Sel' <Latency = 0> <II = 1> <Delay = 0.20> <FuncUnit> <Opcode : 'select'> <InPorts = 3> <OutPorts = 1>
ST_4 : Operation 159 [1/1] (0.42ns)   --->   "%store_ln178 = store i3 %select_ln226_4, i3 %conv_i58_274" [../../../../../overlays/Vitis_Libraries/vision//L1/include/imgproc/xf_quantizationdithering.hpp:178]   --->   Operation 159 'store' 'store_ln178' <Predicate = true> <Delay = 0.42>
ST_4 : Operation 160 [1/1] (0.42ns)   --->   "%store_ln178 = store i3 %select_ln226_2, i3 %conv_i58_172" [../../../../../overlays/Vitis_Libraries/vision//L1/include/imgproc/xf_quantizationdithering.hpp:178]   --->   Operation 160 'store' 'store_ln178' <Predicate = true> <Delay = 0.42>
ST_4 : Operation 161 [1/1] (0.42ns)   --->   "%store_ln178 = store i3 %select_ln226, i3 %conv_i5870" [../../../../../overlays/Vitis_Libraries/vision//L1/include/imgproc/xf_quantizationdithering.hpp:178]   --->   Operation 161 'store' 'store_ln178' <Predicate = true> <Delay = 0.42>
ST_4 : Operation 162 [1/1] (0.42ns)   --->   "%store_ln178 = store i3 %select_ln226_5, i3 %empty_105" [../../../../../overlays/Vitis_Libraries/vision//L1/include/imgproc/xf_quantizationdithering.hpp:178]   --->   Operation 162 'store' 'store_ln178' <Predicate = true> <Delay = 0.42>
ST_4 : Operation 163 [1/1] (0.42ns)   --->   "%store_ln178 = store i3 %select_ln226_3, i3 %empty_104" [../../../../../overlays/Vitis_Libraries/vision//L1/include/imgproc/xf_quantizationdithering.hpp:178]   --->   Operation 163 'store' 'store_ln178' <Predicate = true> <Delay = 0.42>
ST_4 : Operation 164 [1/1] (0.42ns)   --->   "%store_ln178 = store i3 %select_ln226_1, i3 %empty" [../../../../../overlays/Vitis_Libraries/vision//L1/include/imgproc/xf_quantizationdithering.hpp:178]   --->   Operation 164 'store' 'store_ln178' <Predicate = true> <Delay = 0.42>
ST_4 : Operation 261 [1/1] (0.00ns)   --->   "%ret_ln0 = ret"   --->   Operation 261 'ret' 'ret_ln0' <Predicate = (icmp_ln173)> <Delay = 0.00>

State 5 <SV = 4> <Delay = 2.37>
ST_5 : Operation 165 [1/1] (0.79ns)   --->   "%sub232 = add i11 %trunc_ln187, i11 2047" [../../../../../overlays/Vitis_Libraries/vision//L1/include/imgproc/xf_quantizationdithering.hpp:187]   --->   Operation 165 'add' 'sub232' <Predicate = true> <Delay = 0.79> <CoreInst = "Adder">   --->   Core 1 'Adder' <Latency = 0> <II = 1> <Delay = 0.79> <FuncUnit> <Opcode : 'add' 'sub'> <InPorts = 2> <OutPorts = 1>
ST_5 : Operation 166 [1/1] (0.00ns)   --->   "%idxprom233 = zext i11 %sub232" [../../../../../overlays/Vitis_Libraries/vision//L1/include/imgproc/xf_quantizationdithering.hpp:187]   --->   Operation 166 'zext' 'idxprom233' <Predicate = true> <Delay = 0.00>
ST_5 : Operation 167 [1/1] (0.00ns)   --->   "%sext_ln1494_3 = sext i3 %conv_i5870_load"   --->   Operation 167 'sext' 'sext_ln1494_3' <Predicate = true> <Delay = 0.00>
ST_5 : Operation 168 [1/1] (0.00ns)   --->   "%zext_ln1495_1 = zext i1 %tmp_26"   --->   Operation 168 'zext' 'zext_ln1495_1' <Predicate = true> <Delay = 0.00>
ST_5 : Operation 169 [1/1] (0.77ns)   --->   "%add_ln212 = add i9 %tmp, i9 %zext_ln1495_1" [../../../../../overlays/Vitis_Libraries/vision//L1/include/imgproc/xf_quantizationdithering.hpp:212]   --->   Operation 169 'add' 'add_ln212' <Predicate = true> <Delay = 0.77> <CoreInst = "Adder">   --->   Core 1 'Adder' <Latency = 0> <II = 1> <Delay = 0.77> <FuncUnit> <Opcode : 'add' 'sub'> <InPorts = 2> <OutPorts = 1>
ST_5 : Operation 170 [1/1] (0.00ns)   --->   "%shl_ln1 = bitconcatenate i5 @_ssdm_op_BitConcatenate.i5.i3.i2, i3 %conv_i5870_load, i2 0" [../../../../../overlays/Vitis_Libraries/vision//L1/include/imgproc/xf_quantizationdithering.hpp:221]   --->   Operation 170 'bitconcatenate' 'shl_ln1' <Predicate = true> <Delay = 0.00>
ST_5 : Operation 171 [1/1] (0.00ns)   --->   "%sext_ln221 = sext i5 %shl_ln1" [../../../../../overlays/Vitis_Libraries/vision//L1/include/imgproc/xf_quantizationdithering.hpp:221]   --->   Operation 171 'sext' 'sext_ln221' <Predicate = true> <Delay = 0.00>
ST_5 : Operation 172 [1/1] (0.00ns)   --->   "%sext_ln221_1 = sext i3 %p_load79" [../../../../../overlays/Vitis_Libraries/vision//L1/include/imgproc/xf_quantizationdithering.hpp:221]   --->   Operation 172 'sext' 'sext_ln221_1' <Predicate = true> <Delay = 0.00>
ST_5 : Operation 173 [1/1] (0.00ns)   --->   "%sext_ln221_2 = sext i3 %q_err_3rd_local_V" [../../../../../overlays/Vitis_Libraries/vision//L1/include/imgproc/xf_quantizationdithering.hpp:221]   --->   Operation 173 'sext' 'sext_ln221_2' <Predicate = true> <Delay = 0.00>
ST_5 : Operation 174 [1/1] (0.00ns)   --->   "%shl_ln221_1 = bitconcatenate i5 @_ssdm_op_BitConcatenate.i5.i1.i2.i2, i1 %p_Result_s, i2 %trunc_ln628, i2 0" [../../../../../overlays/Vitis_Libraries/vision//L1/include/imgproc/xf_quantizationdithering.hpp:221]   --->   Operation 174 'bitconcatenate' 'shl_ln221_1' <Predicate = true> <Delay = 0.00>
ST_5 : Operation 175 [1/1] (0.00ns)   --->   "%sext_ln221_3 = sext i5 %shl_ln221_1" [../../../../../overlays/Vitis_Libraries/vision//L1/include/imgproc/xf_quantizationdithering.hpp:221]   --->   Operation 175 'sext' 'sext_ln221_3' <Predicate = true> <Delay = 0.00>
ST_5 : Operation 176 [1/1] (0.00ns) (grouped into TernaryAdder)   --->   "%sub_ln221 = sub i6 %sext_ln221_3, i6 %sext_ln221_2" [../../../../../overlays/Vitis_Libraries/vision//L1/include/imgproc/xf_quantizationdithering.hpp:221]   --->   Operation 176 'sub' 'sub_ln221' <Predicate = true> <Delay = 0.00> <CoreInst = "TAddSub">   --->   Core 10 'TAddSub' <Latency = 0> <II = 1> <Delay = 0.38> <IPBlock> <Opcode : 'add' 'sub'> <InPorts = 3> <OutPorts = 1> <Sync> <CReg>
ST_5 : Operation 177 [1/1] (0.78ns)   --->   "%add_ln221 = add i6 %sext_ln221, i6 %sext_ln1494_3" [../../../../../overlays/Vitis_Libraries/vision//L1/include/imgproc/xf_quantizationdithering.hpp:221]   --->   Operation 177 'add' 'add_ln221' <Predicate = true> <Delay = 0.78> <CoreInst = "Adder">   --->   Core 1 'Adder' <Latency = 0> <II = 1> <Delay = 0.78> <FuncUnit> <Opcode : 'add' 'sub'> <InPorts = 2> <OutPorts = 1>
ST_5 : Operation 178 [1/1] (0.00ns)   --->   "%sext_ln221_4 = sext i6 %add_ln221" [../../../../../overlays/Vitis_Libraries/vision//L1/include/imgproc/xf_quantizationdithering.hpp:221]   --->   Operation 178 'sext' 'sext_ln221_4' <Predicate = true> <Delay = 0.00>
ST_5 : Operation 179 [1/1] (0.76ns) (root node of TernaryAdder)   --->   "%add_ln221_1 = add i6 %sext_ln221_1, i6 %sub_ln221" [../../../../../overlays/Vitis_Libraries/vision//L1/include/imgproc/xf_quantizationdithering.hpp:221]   --->   Operation 179 'add' 'add_ln221_1' <Predicate = true> <Delay = 0.76> <CoreInst = "TAddSub">   --->   Core 10 'TAddSub' <Latency = 0> <II = 1> <Delay = 0.38> <IPBlock> <Opcode : 'add' 'sub'> <InPorts = 3> <OutPorts = 1> <Sync> <CReg>
ST_5 : Operation 180 [1/1] (0.00ns)   --->   "%sext_ln221_5 = sext i6 %add_ln221_1" [../../../../../overlays/Vitis_Libraries/vision//L1/include/imgproc/xf_quantizationdithering.hpp:221]   --->   Operation 180 'sext' 'sext_ln221_5' <Predicate = true> <Delay = 0.00>
ST_5 : Operation 181 [1/1] (0.78ns)   --->   "%sum_tmp_V_2 = add i7 %sext_ln221_5, i7 %sext_ln221_4" [../../../../../overlays/Vitis_Libraries/vision//L1/include/imgproc/xf_quantizationdithering.hpp:221]   --->   Operation 181 'add' 'sum_tmp_V_2' <Predicate = true> <Delay = 0.78> <CoreInst = "Adder">   --->   Core 1 'Adder' <Latency = 0> <II = 1> <Delay = 0.78> <FuncUnit> <Opcode : 'add' 'sub'> <InPorts = 2> <OutPorts = 1>
ST_5 : Operation 182 [1/1] (0.00ns)   --->   "%tmp_27 = partselect i3 @_ssdm_op_PartSelect.i3.i7.i32.i32, i7 %sum_tmp_V_2, i32 4, i32 6"   --->   Operation 182 'partselect' 'tmp_27' <Predicate = true> <Delay = 0.00>
ST_5 : Operation 183 [1/1] (0.00ns)   --->   "%sext_ln628 = sext i3 %tmp_27"   --->   Operation 183 'sext' 'sext_ln628' <Predicate = true> <Delay = 0.00>
ST_5 : Operation 184 [1/1] (0.00ns)   --->   "%p_0_0_045228_load = load i9 %p_0_0_045228" [../../../../../overlays/Vitis_Libraries/vision//L1/include/imgproc/xf_quantizationdithering.hpp:224]   --->   Operation 184 'load' 'p_0_0_045228_load' <Predicate = (cmp221)> <Delay = 0.00>
ST_5 : Operation 185 [1/1] (0.00ns)   --->   "%offset_buffer_V_addr_1 = getelementptr i9 %offset_buffer_V, i64 0, i64 %idxprom233" [../../../../../overlays/Vitis_Libraries/vision//L1/include/imgproc/xf_quantizationdithering.hpp:224]   --->   Operation 185 'getelementptr' 'offset_buffer_V_addr_1' <Predicate = (cmp221)> <Delay = 0.00>
ST_5 : Operation 186 [1/1] (1.23ns)   --->   "%store_ln224 = store i9 %p_0_0_045228_load, i11 %offset_buffer_V_addr_1" [../../../../../overlays/Vitis_Libraries/vision//L1/include/imgproc/xf_quantizationdithering.hpp:224]   --->   Operation 186 'store' 'store_ln224' <Predicate = (cmp221)> <Delay = 1.23> <CoreInst = "RAM">   --->   Core 83 'RAM' <Latency = 1> <II = 1> <Delay = 1.23> <Storage> <Opcode : 'load' 'store'> <Ports = 2> <Width = 9> <Depth = 1920> <RAM>
ST_5 : Operation 187 [1/1] (0.00ns)   --->   "%br_ln224 = br void %if.end235_ifconv" [../../../../../overlays/Vitis_Libraries/vision//L1/include/imgproc/xf_quantizationdithering.hpp:224]   --->   Operation 187 'br' 'br_ln224' <Predicate = (cmp221)> <Delay = 0.00>
ST_5 : Operation 188 [1/1] (0.00ns)   --->   "%p_Result_6 = bitselect i1 @_ssdm_op_BitSelect.i1.i10.i32, i10 %p_Val2_4, i32 9"   --->   Operation 188 'bitselect' 'p_Result_6' <Predicate = true> <Delay = 0.00>
ST_5 : Operation 189 [1/1] (0.28ns)   --->   "%or_ln240 = or i1 %cmp239, i1 %p_Result_6" [../../../../../overlays/Vitis_Libraries/vision//L1/include/imgproc/xf_quantizationdithering.hpp:240]   --->   Operation 189 'or' 'or_ln240' <Predicate = true> <Delay = 0.28> <CoreInst = "LogicGate">   --->   Core 74 'LogicGate' <Latency = 0> <II = 1> <Delay = 0.28> <FuncUnit> <Opcode : 'and' 'or' 'xor'> <InPorts = 2> <OutPorts = 1>
ST_5 : Operation 190 [1/1] (0.00ns) (grouped into LUT with out node out_tmp_V_1)   --->   "%tmp_29 = bitselect i1 @_ssdm_op_BitSelect.i1.i9.i32, i9 %add_ln212, i32 8"   --->   Operation 190 'bitselect' 'tmp_29' <Predicate = true> <Delay = 0.00>
ST_5 : Operation 191 [1/1] (0.00ns) (grouped into LUT with out node out_tmp_V_1)   --->   "%out_tmp_V = trunc i10 %p_Val2_4"   --->   Operation 191 'trunc' 'out_tmp_V' <Predicate = true> <Delay = 0.00>
ST_5 : Operation 192 [1/1] (0.00ns) (grouped into LUT with out node out_tmp_V_1)   --->   "%or_ln779 = or i1 %tmp_29, i1 %or_ln240"   --->   Operation 192 'or' 'or_ln779' <Predicate = true> <Delay = 0.00> <CoreInst = "LogicGate">   --->   Core 74 'LogicGate' <Latency = 0> <II = 1> <Delay = 0.28> <FuncUnit> <Opcode : 'and' 'or' 'xor'> <InPorts = 2> <OutPorts = 1>
ST_5 : Operation 193 [1/1] (0.00ns) (grouped into LUT with out node out_tmp_V_1)   --->   "%select_ln240 = select i1 %or_ln240, i8 0, i8 255" [../../../../../overlays/Vitis_Libraries/vision//L1/include/imgproc/xf_quantizationdithering.hpp:240]   --->   Operation 193 'select' 'select_ln240' <Predicate = true> <Delay = 0.00> <CoreInst = "Sel">   --->   Core 73 'Sel' <Latency = 0> <II = 1> <Delay = 0.17> <FuncUnit> <Opcode : 'select'> <InPorts = 3> <OutPorts = 1>
ST_5 : Operation 194 [1/1] (0.00ns) (grouped into LUT with out node out_tmp_V_1)   --->   "%or_ln240_3 = or i1 %or_ln240, i1 %or_ln779" [../../../../../overlays/Vitis_Libraries/vision//L1/include/imgproc/xf_quantizationdithering.hpp:240]   --->   Operation 194 'or' 'or_ln240_3' <Predicate = true> <Delay = 0.00> <CoreInst = "LogicGate">   --->   Core 74 'LogicGate' <Latency = 0> <II = 1> <Delay = 0.28> <FuncUnit> <Opcode : 'and' 'or' 'xor'> <InPorts = 2> <OutPorts = 1>
ST_5 : Operation 195 [1/1] (0.39ns) (out node of the LUT)   --->   "%out_tmp_V_1 = select i1 %or_ln240_3, i8 %select_ln240, i8 %out_tmp_V" [../../../../../overlays/Vitis_Libraries/vision//L1/include/imgproc/xf_quantizationdithering.hpp:240]   --->   Operation 195 'select' 'out_tmp_V_1' <Predicate = true> <Delay = 0.39> <CoreInst = "Sel">   --->   Core 73 'Sel' <Latency = 0> <II = 1> <Delay = 0.39> <FuncUnit> <Opcode : 'select'> <InPorts = 3> <OutPorts = 1>
ST_5 : Operation 196 [1/1] (0.00ns)   --->   "%sext_ln1494_4 = sext i3 %conv_i58_172_load"   --->   Operation 196 'sext' 'sext_ln1494_4' <Predicate = true> <Delay = 0.00>
ST_5 : Operation 197 [1/1] (0.00ns)   --->   "%zext_ln1495_3 = zext i1 %tmp_32"   --->   Operation 197 'zext' 'zext_ln1495_3' <Predicate = true> <Delay = 0.00>
ST_5 : Operation 198 [1/1] (0.77ns)   --->   "%add_ln212_1 = add i9 %tmp_s, i9 %zext_ln1495_3" [../../../../../overlays/Vitis_Libraries/vision//L1/include/imgproc/xf_quantizationdithering.hpp:212]   --->   Operation 198 'add' 'add_ln212_1' <Predicate = true> <Delay = 0.77> <CoreInst = "Adder">   --->   Core 1 'Adder' <Latency = 0> <II = 1> <Delay = 0.77> <FuncUnit> <Opcode : 'add' 'sub'> <InPorts = 2> <OutPorts = 1>
ST_5 : Operation 199 [1/1] (0.00ns)   --->   "%shl_ln221_2 = bitconcatenate i5 @_ssdm_op_BitConcatenate.i5.i3.i2, i3 %conv_i58_172_load, i2 0" [../../../../../overlays/Vitis_Libraries/vision//L1/include/imgproc/xf_quantizationdithering.hpp:221]   --->   Operation 199 'bitconcatenate' 'shl_ln221_2' <Predicate = true> <Delay = 0.00>
ST_5 : Operation 200 [1/1] (0.00ns)   --->   "%sext_ln221_6 = sext i5 %shl_ln221_2" [../../../../../overlays/Vitis_Libraries/vision//L1/include/imgproc/xf_quantizationdithering.hpp:221]   --->   Operation 200 'sext' 'sext_ln221_6' <Predicate = true> <Delay = 0.00>
ST_5 : Operation 201 [1/1] (0.00ns)   --->   "%sext_ln221_9 = sext i3 %p_load78" [../../../../../overlays/Vitis_Libraries/vision//L1/include/imgproc/xf_quantizationdithering.hpp:221]   --->   Operation 201 'sext' 'sext_ln221_9' <Predicate = true> <Delay = 0.00>
ST_5 : Operation 202 [1/1] (0.00ns)   --->   "%sext_ln221_7 = sext i3 %q_err_3rd_local_V_1" [../../../../../overlays/Vitis_Libraries/vision//L1/include/imgproc/xf_quantizationdithering.hpp:221]   --->   Operation 202 'sext' 'sext_ln221_7' <Predicate = true> <Delay = 0.00>
ST_5 : Operation 203 [1/1] (0.00ns)   --->   "%shl_ln221_3 = bitconcatenate i5 @_ssdm_op_BitConcatenate.i5.i1.i2.i2, i1 %p_Result_7, i2 %trunc_ln628_2, i2 0" [../../../../../overlays/Vitis_Libraries/vision//L1/include/imgproc/xf_quantizationdithering.hpp:221]   --->   Operation 203 'bitconcatenate' 'shl_ln221_3' <Predicate = true> <Delay = 0.00>
ST_5 : Operation 204 [1/1] (0.00ns)   --->   "%sext_ln221_8 = sext i5 %shl_ln221_3" [../../../../../overlays/Vitis_Libraries/vision//L1/include/imgproc/xf_quantizationdithering.hpp:221]   --->   Operation 204 'sext' 'sext_ln221_8' <Predicate = true> <Delay = 0.00>
ST_5 : Operation 205 [1/1] (0.78ns)   --->   "%add_ln221_3 = add i6 %sext_ln221_6, i6 %sext_ln1494_4" [../../../../../overlays/Vitis_Libraries/vision//L1/include/imgproc/xf_quantizationdithering.hpp:221]   --->   Operation 205 'add' 'add_ln221_3' <Predicate = true> <Delay = 0.78> <CoreInst = "Adder">   --->   Core 1 'Adder' <Latency = 0> <II = 1> <Delay = 0.78> <FuncUnit> <Opcode : 'add' 'sub'> <InPorts = 2> <OutPorts = 1>
ST_5 : Operation 206 [1/1] (0.00ns)   --->   "%sext_ln221_10 = sext i6 %add_ln221_3" [../../../../../overlays/Vitis_Libraries/vision//L1/include/imgproc/xf_quantizationdithering.hpp:221]   --->   Operation 206 'sext' 'sext_ln221_10' <Predicate = true> <Delay = 0.00>
ST_5 : Operation 207 [1/1] (0.00ns) (grouped into TernaryAdder)   --->   "%newFirst80 = add i6 %sext_ln221_8, i6 %sext_ln221_9" [../../../../../overlays/Vitis_Libraries/vision//L1/include/imgproc/xf_quantizationdithering.hpp:221]   --->   Operation 207 'add' 'newFirst80' <Predicate = true> <Delay = 0.00> <CoreInst = "TAddSub">   --->   Core 10 'TAddSub' <Latency = 0> <II = 1> <Delay = 0.38> <IPBlock> <Opcode : 'add' 'sub'> <InPorts = 3> <OutPorts = 1> <Sync> <CReg>
ST_5 : Operation 208 [1/1] (0.76ns) (root node of TernaryAdder)   --->   "%newSecond81 = sub i6 %newFirst80, i6 %sext_ln221_7" [../../../../../overlays/Vitis_Libraries/vision//L1/include/imgproc/xf_quantizationdithering.hpp:221]   --->   Operation 208 'sub' 'newSecond81' <Predicate = true> <Delay = 0.76> <CoreInst = "TAddSub">   --->   Core 10 'TAddSub' <Latency = 0> <II = 1> <Delay = 0.38> <IPBlock> <Opcode : 'add' 'sub'> <InPorts = 3> <OutPorts = 1> <Sync> <CReg>
ST_5 : Operation 209 [1/1] (0.00ns)   --->   "%sext_ln221_11 = sext i6 %newSecond81" [../../../../../overlays/Vitis_Libraries/vision//L1/include/imgproc/xf_quantizationdithering.hpp:221]   --->   Operation 209 'sext' 'sext_ln221_11' <Predicate = true> <Delay = 0.00>
ST_5 : Operation 210 [1/1] (0.78ns)   --->   "%sum_tmp_V_1 = add i7 %sext_ln221_11, i7 %sext_ln221_10" [../../../../../overlays/Vitis_Libraries/vision//L1/include/imgproc/xf_quantizationdithering.hpp:221]   --->   Operation 210 'add' 'sum_tmp_V_1' <Predicate = true> <Delay = 0.78> <CoreInst = "Adder">   --->   Core 1 'Adder' <Latency = 0> <II = 1> <Delay = 0.78> <FuncUnit> <Opcode : 'add' 'sub'> <InPorts = 2> <OutPorts = 1>
ST_5 : Operation 211 [1/1] (0.00ns)   --->   "%tmp_33 = partselect i3 @_ssdm_op_PartSelect.i3.i7.i32.i32, i7 %sum_tmp_V_1, i32 4, i32 6"   --->   Operation 211 'partselect' 'tmp_33' <Predicate = true> <Delay = 0.00>
ST_5 : Operation 212 [1/1] (0.00ns)   --->   "%sext_ln628_1 = sext i3 %tmp_33"   --->   Operation 212 'sext' 'sext_ln628_1' <Predicate = true> <Delay = 0.00>
ST_5 : Operation 213 [1/1] (0.00ns)   --->   "%p_0_0_0452_132_load = load i9 %p_0_0_0452_132" [../../../../../overlays/Vitis_Libraries/vision//L1/include/imgproc/xf_quantizationdithering.hpp:224]   --->   Operation 213 'load' 'p_0_0_0452_132_load' <Predicate = (cmp221)> <Delay = 0.00>
ST_5 : Operation 214 [1/1] (0.00ns)   --->   "%offset_buffer_V_1_addr_1 = getelementptr i9 %offset_buffer_V_1, i64 0, i64 %idxprom233" [../../../../../overlays/Vitis_Libraries/vision//L1/include/imgproc/xf_quantizationdithering.hpp:224]   --->   Operation 214 'getelementptr' 'offset_buffer_V_1_addr_1' <Predicate = (cmp221)> <Delay = 0.00>
ST_5 : Operation 215 [1/1] (1.23ns)   --->   "%store_ln224 = store i9 %p_0_0_0452_132_load, i11 %offset_buffer_V_1_addr_1" [../../../../../overlays/Vitis_Libraries/vision//L1/include/imgproc/xf_quantizationdithering.hpp:224]   --->   Operation 215 'store' 'store_ln224' <Predicate = (cmp221)> <Delay = 1.23> <CoreInst = "RAM">   --->   Core 83 'RAM' <Latency = 1> <II = 1> <Delay = 1.23> <Storage> <Opcode : 'load' 'store'> <Ports = 2> <Width = 9> <Depth = 1920> <RAM>
ST_5 : Operation 216 [1/1] (0.00ns)   --->   "%br_ln224 = br void %if.end235.1_ifconv" [../../../../../overlays/Vitis_Libraries/vision//L1/include/imgproc/xf_quantizationdithering.hpp:224]   --->   Operation 216 'br' 'br_ln224' <Predicate = (cmp221)> <Delay = 0.00>
ST_5 : Operation 217 [1/1] (0.00ns)   --->   "%p_Result_9 = bitselect i1 @_ssdm_op_BitSelect.i1.i10.i32, i10 %p_Val2_8, i32 9"   --->   Operation 217 'bitselect' 'p_Result_9' <Predicate = true> <Delay = 0.00>
ST_5 : Operation 218 [1/1] (0.28ns)   --->   "%or_ln240_1 = or i1 %cmp239, i1 %p_Result_9" [../../../../../overlays/Vitis_Libraries/vision//L1/include/imgproc/xf_quantizationdithering.hpp:240]   --->   Operation 218 'or' 'or_ln240_1' <Predicate = true> <Delay = 0.28> <CoreInst = "LogicGate">   --->   Core 74 'LogicGate' <Latency = 0> <II = 1> <Delay = 0.28> <FuncUnit> <Opcode : 'and' 'or' 'xor'> <InPorts = 2> <OutPorts = 1>
ST_5 : Operation 219 [1/1] (0.00ns) (grouped into LUT with out node out_tmp_V_3)   --->   "%tmp_35 = bitselect i1 @_ssdm_op_BitSelect.i1.i9.i32, i9 %add_ln212_1, i32 8"   --->   Operation 219 'bitselect' 'tmp_35' <Predicate = true> <Delay = 0.00>
ST_5 : Operation 220 [1/1] (0.00ns) (grouped into LUT with out node out_tmp_V_3)   --->   "%out_tmp_V_2 = trunc i10 %p_Val2_8"   --->   Operation 220 'trunc' 'out_tmp_V_2' <Predicate = true> <Delay = 0.00>
ST_5 : Operation 221 [1/1] (0.00ns) (grouped into LUT with out node out_tmp_V_3)   --->   "%or_ln779_1 = or i1 %tmp_35, i1 %or_ln240_1"   --->   Operation 221 'or' 'or_ln779_1' <Predicate = true> <Delay = 0.00> <CoreInst = "LogicGate">   --->   Core 74 'LogicGate' <Latency = 0> <II = 1> <Delay = 0.28> <FuncUnit> <Opcode : 'and' 'or' 'xor'> <InPorts = 2> <OutPorts = 1>
ST_5 : Operation 222 [1/1] (0.00ns) (grouped into LUT with out node out_tmp_V_3)   --->   "%select_ln240_2 = select i1 %or_ln240_1, i8 0, i8 255" [../../../../../overlays/Vitis_Libraries/vision//L1/include/imgproc/xf_quantizationdithering.hpp:240]   --->   Operation 222 'select' 'select_ln240_2' <Predicate = true> <Delay = 0.00> <CoreInst = "Sel">   --->   Core 73 'Sel' <Latency = 0> <II = 1> <Delay = 0.17> <FuncUnit> <Opcode : 'select'> <InPorts = 3> <OutPorts = 1>
ST_5 : Operation 223 [1/1] (0.00ns) (grouped into LUT with out node out_tmp_V_3)   --->   "%or_ln240_4 = or i1 %or_ln240_1, i1 %or_ln779_1" [../../../../../overlays/Vitis_Libraries/vision//L1/include/imgproc/xf_quantizationdithering.hpp:240]   --->   Operation 223 'or' 'or_ln240_4' <Predicate = true> <Delay = 0.00> <CoreInst = "LogicGate">   --->   Core 74 'LogicGate' <Latency = 0> <II = 1> <Delay = 0.28> <FuncUnit> <Opcode : 'and' 'or' 'xor'> <InPorts = 2> <OutPorts = 1>
ST_5 : Operation 224 [1/1] (0.39ns) (out node of the LUT)   --->   "%out_tmp_V_3 = select i1 %or_ln240_4, i8 %select_ln240_2, i8 %out_tmp_V_2" [../../../../../overlays/Vitis_Libraries/vision//L1/include/imgproc/xf_quantizationdithering.hpp:240]   --->   Operation 224 'select' 'out_tmp_V_3' <Predicate = true> <Delay = 0.39> <CoreInst = "Sel">   --->   Core 73 'Sel' <Latency = 0> <II = 1> <Delay = 0.39> <FuncUnit> <Opcode : 'select'> <InPorts = 3> <OutPorts = 1>
ST_5 : Operation 225 [1/1] (0.00ns)   --->   "%sext_ln1494_5 = sext i3 %conv_i58_274_load"   --->   Operation 225 'sext' 'sext_ln1494_5' <Predicate = true> <Delay = 0.00>
ST_5 : Operation 226 [1/1] (0.00ns)   --->   "%zext_ln1495_5 = zext i1 %tmp_38"   --->   Operation 226 'zext' 'zext_ln1495_5' <Predicate = true> <Delay = 0.00>
ST_5 : Operation 227 [1/1] (0.77ns)   --->   "%add_ln212_2 = add i9 %tmp_8, i9 %zext_ln1495_5" [../../../../../overlays/Vitis_Libraries/vision//L1/include/imgproc/xf_quantizationdithering.hpp:212]   --->   Operation 227 'add' 'add_ln212_2' <Predicate = true> <Delay = 0.77> <CoreInst = "Adder">   --->   Core 1 'Adder' <Latency = 0> <II = 1> <Delay = 0.77> <FuncUnit> <Opcode : 'add' 'sub'> <InPorts = 2> <OutPorts = 1>
ST_5 : Operation 228 [1/1] (0.00ns)   --->   "%shl_ln221_4 = bitconcatenate i5 @_ssdm_op_BitConcatenate.i5.i3.i2, i3 %conv_i58_274_load, i2 0" [../../../../../overlays/Vitis_Libraries/vision//L1/include/imgproc/xf_quantizationdithering.hpp:221]   --->   Operation 228 'bitconcatenate' 'shl_ln221_4' <Predicate = true> <Delay = 0.00>
ST_5 : Operation 229 [1/1] (0.00ns)   --->   "%sext_ln221_14 = sext i5 %shl_ln221_4" [../../../../../overlays/Vitis_Libraries/vision//L1/include/imgproc/xf_quantizationdithering.hpp:221]   --->   Operation 229 'sext' 'sext_ln221_14' <Predicate = true> <Delay = 0.00>
ST_5 : Operation 230 [1/1] (0.00ns)   --->   "%sext_ln221_15 = sext i3 %p_load" [../../../../../overlays/Vitis_Libraries/vision//L1/include/imgproc/xf_quantizationdithering.hpp:221]   --->   Operation 230 'sext' 'sext_ln221_15' <Predicate = true> <Delay = 0.00>
ST_5 : Operation 231 [1/1] (0.00ns)   --->   "%sext_ln221_12 = sext i3 %q_err_3rd_local_V_2" [../../../../../overlays/Vitis_Libraries/vision//L1/include/imgproc/xf_quantizationdithering.hpp:221]   --->   Operation 231 'sext' 'sext_ln221_12' <Predicate = true> <Delay = 0.00>
ST_5 : Operation 232 [1/1] (0.00ns)   --->   "%shl_ln221_5 = bitconcatenate i5 @_ssdm_op_BitConcatenate.i5.i1.i2.i2, i1 %p_Result_10, i2 %trunc_ln628_4, i2 0" [../../../../../overlays/Vitis_Libraries/vision//L1/include/imgproc/xf_quantizationdithering.hpp:221]   --->   Operation 232 'bitconcatenate' 'shl_ln221_5' <Predicate = true> <Delay = 0.00>
ST_5 : Operation 233 [1/1] (0.00ns)   --->   "%sext_ln221_13 = sext i5 %shl_ln221_5" [../../../../../overlays/Vitis_Libraries/vision//L1/include/imgproc/xf_quantizationdithering.hpp:221]   --->   Operation 233 'sext' 'sext_ln221_13' <Predicate = true> <Delay = 0.00>
ST_5 : Operation 234 [1/1] (0.78ns)   --->   "%add_ln221_5 = add i6 %sext_ln221_14, i6 %sext_ln1494_5" [../../../../../overlays/Vitis_Libraries/vision//L1/include/imgproc/xf_quantizationdithering.hpp:221]   --->   Operation 234 'add' 'add_ln221_5' <Predicate = true> <Delay = 0.78> <CoreInst = "Adder">   --->   Core 1 'Adder' <Latency = 0> <II = 1> <Delay = 0.78> <FuncUnit> <Opcode : 'add' 'sub'> <InPorts = 2> <OutPorts = 1>
ST_5 : Operation 235 [1/1] (0.00ns)   --->   "%sext_ln221_16 = sext i6 %add_ln221_5" [../../../../../overlays/Vitis_Libraries/vision//L1/include/imgproc/xf_quantizationdithering.hpp:221]   --->   Operation 235 'sext' 'sext_ln221_16' <Predicate = true> <Delay = 0.00>
ST_5 : Operation 236 [1/1] (0.00ns) (grouped into TernaryAdder)   --->   "%newFirst = add i6 %sext_ln221_13, i6 %sext_ln221_15" [../../../../../overlays/Vitis_Libraries/vision//L1/include/imgproc/xf_quantizationdithering.hpp:221]   --->   Operation 236 'add' 'newFirst' <Predicate = true> <Delay = 0.00> <CoreInst = "TAddSub">   --->   Core 10 'TAddSub' <Latency = 0> <II = 1> <Delay = 0.38> <IPBlock> <Opcode : 'add' 'sub'> <InPorts = 3> <OutPorts = 1> <Sync> <CReg>
ST_5 : Operation 237 [1/1] (0.76ns) (root node of TernaryAdder)   --->   "%newSecond = sub i6 %newFirst, i6 %sext_ln221_12" [../../../../../overlays/Vitis_Libraries/vision//L1/include/imgproc/xf_quantizationdithering.hpp:221]   --->   Operation 237 'sub' 'newSecond' <Predicate = true> <Delay = 0.76> <CoreInst = "TAddSub">   --->   Core 10 'TAddSub' <Latency = 0> <II = 1> <Delay = 0.38> <IPBlock> <Opcode : 'add' 'sub'> <InPorts = 3> <OutPorts = 1> <Sync> <CReg>
ST_5 : Operation 238 [1/1] (0.00ns)   --->   "%sext_ln221_17 = sext i6 %newSecond" [../../../../../overlays/Vitis_Libraries/vision//L1/include/imgproc/xf_quantizationdithering.hpp:221]   --->   Operation 238 'sext' 'sext_ln221_17' <Predicate = true> <Delay = 0.00>
ST_5 : Operation 239 [1/1] (0.78ns)   --->   "%sum_tmp_V = add i7 %sext_ln221_17, i7 %sext_ln221_16" [../../../../../overlays/Vitis_Libraries/vision//L1/include/imgproc/xf_quantizationdithering.hpp:221]   --->   Operation 239 'add' 'sum_tmp_V' <Predicate = true> <Delay = 0.78> <CoreInst = "Adder">   --->   Core 1 'Adder' <Latency = 0> <II = 1> <Delay = 0.78> <FuncUnit> <Opcode : 'add' 'sub'> <InPorts = 2> <OutPorts = 1>
ST_5 : Operation 240 [1/1] (0.00ns)   --->   "%tmp_39 = partselect i3 @_ssdm_op_PartSelect.i3.i7.i32.i32, i7 %sum_tmp_V, i32 4, i32 6"   --->   Operation 240 'partselect' 'tmp_39' <Predicate = true> <Delay = 0.00>
ST_5 : Operation 241 [1/1] (0.00ns)   --->   "%sext_ln628_2 = sext i3 %tmp_39"   --->   Operation 241 'sext' 'sext_ln628_2' <Predicate = true> <Delay = 0.00>
ST_5 : Operation 242 [1/1] (0.00ns)   --->   "%p_0_0_0452_236_load = load i9 %p_0_0_0452_236" [../../../../../overlays/Vitis_Libraries/vision//L1/include/imgproc/xf_quantizationdithering.hpp:224]   --->   Operation 242 'load' 'p_0_0_0452_236_load' <Predicate = (cmp221)> <Delay = 0.00>
ST_5 : Operation 243 [1/1] (0.00ns)   --->   "%offset_buffer_V_2_addr_1 = getelementptr i9 %offset_buffer_V_2, i64 0, i64 %idxprom233" [../../../../../overlays/Vitis_Libraries/vision//L1/include/imgproc/xf_quantizationdithering.hpp:224]   --->   Operation 243 'getelementptr' 'offset_buffer_V_2_addr_1' <Predicate = (cmp221)> <Delay = 0.00>
ST_5 : Operation 244 [1/1] (1.23ns)   --->   "%store_ln224 = store i9 %p_0_0_0452_236_load, i11 %offset_buffer_V_2_addr_1" [../../../../../overlays/Vitis_Libraries/vision//L1/include/imgproc/xf_quantizationdithering.hpp:224]   --->   Operation 244 'store' 'store_ln224' <Predicate = (cmp221)> <Delay = 1.23> <CoreInst = "RAM">   --->   Core 83 'RAM' <Latency = 1> <II = 1> <Delay = 1.23> <Storage> <Opcode : 'load' 'store'> <Ports = 2> <Width = 9> <Depth = 1920> <RAM>
ST_5 : Operation 245 [1/1] (0.00ns)   --->   "%br_ln224 = br void %if.end235.2_ifconv" [../../../../../overlays/Vitis_Libraries/vision//L1/include/imgproc/xf_quantizationdithering.hpp:224]   --->   Operation 245 'br' 'br_ln224' <Predicate = (cmp221)> <Delay = 0.00>
ST_5 : Operation 246 [1/1] (0.00ns)   --->   "%p_Result_12 = bitselect i1 @_ssdm_op_BitSelect.i1.i10.i32, i10 %p_Val2_12, i32 9"   --->   Operation 246 'bitselect' 'p_Result_12' <Predicate = true> <Delay = 0.00>
ST_5 : Operation 247 [1/1] (0.28ns)   --->   "%or_ln240_2 = or i1 %cmp239, i1 %p_Result_12" [../../../../../overlays/Vitis_Libraries/vision//L1/include/imgproc/xf_quantizationdithering.hpp:240]   --->   Operation 247 'or' 'or_ln240_2' <Predicate = true> <Delay = 0.28> <CoreInst = "LogicGate">   --->   Core 74 'LogicGate' <Latency = 0> <II = 1> <Delay = 0.28> <FuncUnit> <Opcode : 'and' 'or' 'xor'> <InPorts = 2> <OutPorts = 1>
ST_5 : Operation 248 [1/1] (0.00ns) (grouped into LUT with out node out_tmp_V_5)   --->   "%tmp_41 = bitselect i1 @_ssdm_op_BitSelect.i1.i9.i32, i9 %add_ln212_2, i32 8"   --->   Operation 248 'bitselect' 'tmp_41' <Predicate = true> <Delay = 0.00>
ST_5 : Operation 249 [1/1] (0.00ns) (grouped into LUT with out node out_tmp_V_5)   --->   "%out_tmp_V_4 = trunc i10 %p_Val2_12"   --->   Operation 249 'trunc' 'out_tmp_V_4' <Predicate = true> <Delay = 0.00>
ST_5 : Operation 250 [1/1] (0.00ns) (grouped into LUT with out node out_tmp_V_5)   --->   "%or_ln779_2 = or i1 %tmp_41, i1 %or_ln240_2"   --->   Operation 250 'or' 'or_ln779_2' <Predicate = true> <Delay = 0.00> <CoreInst = "LogicGate">   --->   Core 74 'LogicGate' <Latency = 0> <II = 1> <Delay = 0.28> <FuncUnit> <Opcode : 'and' 'or' 'xor'> <InPorts = 2> <OutPorts = 1>
ST_5 : Operation 251 [1/1] (0.00ns) (grouped into LUT with out node out_tmp_V_5)   --->   "%select_ln240_4 = select i1 %or_ln240_2, i8 0, i8 255" [../../../../../overlays/Vitis_Libraries/vision//L1/include/imgproc/xf_quantizationdithering.hpp:240]   --->   Operation 251 'select' 'select_ln240_4' <Predicate = true> <Delay = 0.00> <CoreInst = "Sel">   --->   Core 73 'Sel' <Latency = 0> <II = 1> <Delay = 0.17> <FuncUnit> <Opcode : 'select'> <InPorts = 3> <OutPorts = 1>
ST_5 : Operation 252 [1/1] (0.00ns) (grouped into LUT with out node out_tmp_V_5)   --->   "%or_ln240_5 = or i1 %or_ln240_2, i1 %or_ln779_2" [../../../../../overlays/Vitis_Libraries/vision//L1/include/imgproc/xf_quantizationdithering.hpp:240]   --->   Operation 252 'or' 'or_ln240_5' <Predicate = true> <Delay = 0.00> <CoreInst = "LogicGate">   --->   Core 74 'LogicGate' <Latency = 0> <II = 1> <Delay = 0.28> <FuncUnit> <Opcode : 'and' 'or' 'xor'> <InPorts = 2> <OutPorts = 1>
ST_5 : Operation 253 [1/1] (0.39ns) (out node of the LUT)   --->   "%out_tmp_V_5 = select i1 %or_ln240_5, i8 %select_ln240_4, i8 %out_tmp_V_4" [../../../../../overlays/Vitis_Libraries/vision//L1/include/imgproc/xf_quantizationdithering.hpp:240]   --->   Operation 253 'select' 'out_tmp_V_5' <Predicate = true> <Delay = 0.39> <CoreInst = "Sel">   --->   Core 73 'Sel' <Latency = 0> <II = 1> <Delay = 0.39> <FuncUnit> <Opcode : 'select'> <InPorts = 3> <OutPorts = 1>
ST_5 : Operation 254 [1/1] (0.00ns)   --->   "%p_Result_14 = bitconcatenate i24 @_ssdm_op_BitConcatenate.i24.i8.i8.i8, i8 %out_tmp_V_5, i8 %out_tmp_V_3, i8 %out_tmp_V_1"   --->   Operation 254 'bitconcatenate' 'p_Result_14' <Predicate = true> <Delay = 0.00>
ST_5 : Operation 255 [1/1] (1.20ns)   --->   "%write_ln553 = write void @_ssdm_op_Write.ap_fifo.volatile.i24P0A, i24 %aecin_data220, i24 %p_Result_14" [../../../../../overlays/Vitis_Libraries/vision//L1/include/common/xf_structs.hpp:553]   --->   Operation 255 'write' 'write_ln553' <Predicate = (icmp_ln187)> <Delay = 1.20> <CoreInst = "FIFO_SRL">   --->   Core 81 'FIFO_SRL' <Latency = 0> <II = 1> <Delay = 1.83> <Storage> <Opcode : 'read' 'write' 'nbread' 'nbwrite'> <Ports = 0> <Width = 24> <Depth = 3> <FIFO>
ST_5 : Operation 256 [1/1] (0.00ns)   --->   "%br_ln256 = br void %for.inc331" [../../../../../overlays/Vitis_Libraries/vision//L1/include/imgproc/xf_quantizationdithering.hpp:256]   --->   Operation 256 'br' 'br_ln256' <Predicate = (icmp_ln187)> <Delay = 0.00>
ST_5 : Operation 257 [1/1] (0.00ns)   --->   "%store_ln178 = store i9 %sext_ln628_2, i9 %p_0_0_0452_236" [../../../../../overlays/Vitis_Libraries/vision//L1/include/imgproc/xf_quantizationdithering.hpp:178]   --->   Operation 257 'store' 'store_ln178' <Predicate = true> <Delay = 0.00>
ST_5 : Operation 258 [1/1] (0.00ns)   --->   "%store_ln178 = store i9 %sext_ln628_1, i9 %p_0_0_0452_132" [../../../../../overlays/Vitis_Libraries/vision//L1/include/imgproc/xf_quantizationdithering.hpp:178]   --->   Operation 258 'store' 'store_ln178' <Predicate = true> <Delay = 0.00>
ST_5 : Operation 259 [1/1] (0.00ns)   --->   "%store_ln178 = store i9 %sext_ln628, i9 %p_0_0_045228" [../../../../../overlays/Vitis_Libraries/vision//L1/include/imgproc/xf_quantizationdithering.hpp:178]   --->   Operation 259 'store' 'store_ln178' <Predicate = true> <Delay = 0.00>
ST_5 : Operation 260 [1/1] (0.00ns)   --->   "%br_ln178 = br void %for.body147" [../../../../../overlays/Vitis_Libraries/vision//L1/include/imgproc/xf_quantizationdithering.hpp:178]   --->   Operation 260 'br' 'br_ln178' <Predicate = true> <Delay = 0.00>


============================================================
+ Verbose Summary: Timing violations
============================================================
Target clock period: 3.3ns, clock uncertainty: 0.891ns.

 <State 1>: 0.427ns
The critical path consists of the following:
	'alloca' operation ('indvar_flatten') [20]  (0 ns)
	'store' operation ('store_ln0') of constant 0 on local variable 'indvar_flatten' [27]  (0.427 ns)

 <State 2>: 2.67ns
The critical path consists of the following:
	'load' operation ('col_index', ../../../../../overlays/Vitis_Libraries/vision//L1/include/imgproc/xf_quantizationdithering.hpp:178) on local variable 'col_index' [37]  (0 ns)
	'icmp' operation ('icmp_ln178', ../../../../../overlays/Vitis_Libraries/vision//L1/include/imgproc/xf_quantizationdithering.hpp:178) [40]  (1.1 ns)
	'select' operation ('select_ln173', ../../../../../overlays/Vitis_Libraries/vision//L1/include/imgproc/xf_quantizationdithering.hpp:173) [47]  (0.294 ns)
	'add' operation ('add_ln178', ../../../../../overlays/Vitis_Libraries/vision//L1/include/imgproc/xf_quantizationdithering.hpp:178) [260]  (0.842 ns)
	'store' operation ('store_ln178', ../../../../../overlays/Vitis_Libraries/vision//L1/include/imgproc/xf_quantizationdithering.hpp:178) of variable 'add_ln178', ../../../../../overlays/Vitis_Libraries/vision//L1/include/imgproc/xf_quantizationdithering.hpp:178 on local variable 'col_index' [262]  (0.427 ns)

 <State 3>: 1.24ns
The critical path consists of the following:
	'load' operation ('offset_buffer_V_load', ../../../../../overlays/Vitis_Libraries/vision//L1/include/imgproc/xf_quantizationdithering.hpp:209) on array 'offset_buffer_V' [75]  (1.24 ns)

 <State 4>: 2.44ns
The critical path consists of the following:
	'load' operation ('conv_i5870_load', ../../../../../overlays/Vitis_Libraries/vision//L1/include/imgproc/xf_quantizationdithering.hpp:205) on local variable 'conv_i5870' [62]  (0 ns)
	'sub' operation ('q_2nd_err_scale7', ../../../../../overlays/Vitis_Libraries/vision//L1/include/imgproc/xf_quantizationdithering.hpp:205) [72]  (0.781 ns)
	'add' operation ('quatizer_in.V', ../../../../../overlays/Vitis_Libraries/vision//L1/include/imgproc/xf_quantizationdithering.hpp:209) [83]  (0.869 ns)
	'add' operation ('ret.V') [92]  (0.787 ns)

 <State 5>: 2.37ns
The critical path consists of the following:
	'add' operation ('add_ln212', ../../../../../overlays/Vitis_Libraries/vision//L1/include/imgproc/xf_quantizationdithering.hpp:212) [93]  (0.776 ns)
	'or' operation ('or_ln779') [126]  (0 ns)
	'or' operation ('or_ln240_3', ../../../../../overlays/Vitis_Libraries/vision//L1/include/imgproc/xf_quantizationdithering.hpp:240) [128]  (0 ns)
	'select' operation ('out_tmp.V', ../../../../../overlays/Vitis_Libraries/vision//L1/include/imgproc/xf_quantizationdithering.hpp:240) [129]  (0.393 ns)
	fifo write operation ('write_ln553', ../../../../../overlays/Vitis_Libraries/vision//L1/include/common/xf_structs.hpp:553) on port 'aecin_data220' (../../../../../overlays/Vitis_Libraries/vision//L1/include/common/xf_structs.hpp:553) [257]  (1.2 ns)


============================================================
+ Verbose Summary: Binding
============================================================
N/A
* FSMD analyzer results:
  - Output states:
 - Input state : 
  - Chain level:
	State 1
	State 2
	State 3
	State 4
	State 5


============================================================
+ Verbose Summary: Datapath Resource usage 
============================================================
N/A
