

================================================================
== Vitis HLS Report for 'xf_QuatizationDithering_17_9_1080_1920_256_1024_1_3_3_s'
================================================================
* Date:           Thu Mar  5 08:43:00 2026

* Version:        2022.2 (Build 3670227 on Oct 13 2022)
* Project:        isppipeline.prj
* Solution:       sol1 (Vivado IP Flow Target)
* Product family: zynquplus
* Target device:  xck26-sfvc784-2LV-c


================================================================
== Performance Estimates
================================================================
+ Timing: 
    * Summary: 
    +--------+---------+----------+------------+
    |  Clock |  Target | Estimated| Uncertainty|
    +--------+---------+----------+------------+
    |ap_clk  |  3.30 ns|  2.666 ns|     0.89 ns|
    +--------+---------+----------+------------+

+ Latency: 
    * Summary: 
    +---------+---------+----------+----------+---------+---------+---------+
    |  Latency (cycles) |  Latency (absolute) |      Interval     | Pipeline|
    |   min   |   max   |    min   |    max   |   min   |   max   |   Type  |
    +---------+---------+----------+----------+---------+---------+---------+
    |  2075531|  2075531|  6.849 ms|  6.849 ms|  2075531|  2075531|       no|
    +---------+---------+----------+----------+---------+---------+---------+

    + Detail: 
        * Instance: 
        +--------------------------------------------------------------+----------------------------------------------------+---------+---------+----------+----------+---------+---------+---------+
        |                                                              |                                                    |  Latency (cycles) |  Latency (absolute) |      Interval     | Pipeline|
        |                           Instance                           |                       Module                       |   min   |   max   |    min   |    max   |   min   |   max   |   Type  |
        +--------------------------------------------------------------+----------------------------------------------------+---------+---------+----------+----------+---------+---------+---------+
        |grp_xf_QuatizationDithering_Pipeline_VITIS_LOOP_118_1_fu_56   |xf_QuatizationDithering_Pipeline_VITIS_LOOP_118_1   |     1922|     1922|  6.343 us|  6.343 us|     1922|     1922|       no|
        |grp_xf_QuatizationDithering_Pipeline_LOOP_ROW_LOOP_COL_fu_64  |xf_QuatizationDithering_Pipeline_LOOP_ROW_LOOP_COL  |  2073604|  2073604|  6.843 ms|  6.843 ms|  2073604|  2073604|       no|
        +--------------------------------------------------------------+----------------------------------------------------+---------+---------+----------+----------+---------+---------+---------+

        * Loop: 
        N/A

============================================================
+ Verbose Summary: Synthesis Manager
============================================================
InlineROM: 1
ExposeGlobal: 0
============================================================
+ Verbose Summary: CDFG Model
============================================================
IsTopModel: 0
ResetActiveHigh: 1
IsCombinational: 2
IsDatapathOnly: 0
HasWiredReturn: 1
HasMFsm: 0
HasVarLatency: 1
IsPipeline: 0
IsRtlPipelined: 0
IsInstanceOverlapped: 0
IsDontTouch: 0
HasImplIP: 0
IsGatedGlobalClock: 0


============================================================
+ Verbose Summary: Schedule
============================================================
* Number of FSM states : 6
* Pipeline : 0
* Dataflow Pipeline: 0

* FSM state transitions: 
1 --> 2 
2 --> 3 
3 --> 4 
4 --> 5 
5 --> 6 
6 --> 

* FSM state operations: 

State 1 <SV = 0> <Delay = 1.23>
ST_1 : Operation 7 [1/1] (1.20ns)   --->   "%p_read_1 = read i16 @_ssdm_op_Read.ap_auto.i16, i16 %p_read1"   --->   Operation 7 'read' 'p_read_1' <Predicate = true> <Delay = 1.20> <CoreInst = "FIFO_SRL">   --->   Core 81 'FIFO_SRL' <Latency = 0> <II = 1> <Delay = 1.83> <Storage> <Opcode : 'read' 'write' 'nbread' 'nbwrite'> <Ports = 0> <Width = -1> <Depth = -1> <FIFO>
ST_1 : Operation 8 [1/1] (1.23ns)   --->   "%offset_buffer_V = alloca i64 1" [../../../../../overlays/Vitis_Libraries/vision//L1/include/imgproc/xf_quantizationdithering.hpp:112]   --->   Operation 8 'alloca' 'offset_buffer_V' <Predicate = true> <Delay = 1.23>
ST_1 : Operation 9 [1/1] (1.23ns)   --->   "%offset_buffer_V_1 = alloca i64 1" [../../../../../overlays/Vitis_Libraries/vision//L1/include/imgproc/xf_quantizationdithering.hpp:112]   --->   Operation 9 'alloca' 'offset_buffer_V_1' <Predicate = true> <Delay = 1.23>
ST_1 : Operation 10 [1/1] (1.23ns)   --->   "%offset_buffer_V_2 = alloca i64 1" [../../../../../overlays/Vitis_Libraries/vision//L1/include/imgproc/xf_quantizationdithering.hpp:112]   --->   Operation 10 'alloca' 'offset_buffer_V_2' <Predicate = true> <Delay = 1.23>

State 2 <SV = 1> <Delay = 2.33>
ST_2 : Operation 11 [1/1] (1.20ns)   --->   "%p_read_2 = read i16 @_ssdm_op_Read.ap_auto.i16, i16 %p_read"   --->   Operation 11 'read' 'p_read_2' <Predicate = true> <Delay = 1.20> <CoreInst = "FIFO_SRL">   --->   Core 81 'FIFO_SRL' <Latency = 0> <II = 1> <Delay = 1.83> <Storage> <Opcode : 'read' 'write' 'nbread' 'nbwrite'> <Ports = 0> <Width = -1> <Depth = -1> <FIFO>
ST_2 : Operation 12 [1/1] (0.85ns)   --->   "%in_col_loop_bound = add i16 %p_read_1, i16 1" [../../../../../overlays/Vitis_Libraries/vision//L1/include/imgproc/xf_quantizationdithering.hpp:109]   --->   Operation 12 'add' 'in_col_loop_bound' <Predicate = true> <Delay = 0.85> <CoreInst = "Adder">   --->   Core 1 'Adder' <Latency = 0> <II = 1> <Delay = 0.85> <FuncUnit> <Opcode : 'add' 'sub'> <InPorts = 2> <OutPorts = 1>
ST_2 : Operation 13 [2/2] (2.33ns)   --->   "%call_ln0 = call void @xf_QuatizationDithering_Pipeline_VITIS_LOOP_118_1, i16 %p_read_1, i9 %offset_buffer_V_2, i9 %offset_buffer_V_1, i9 %offset_buffer_V"   --->   Operation 13 'call' 'call_ln0' <Predicate = true> <Delay = 2.33> <CoreType = "Generic">   --->   Core 0 '' <Latency = 0> <II = 1> <Delay = 1.00> <Generic> <Opcode : >
ST_2 : Operation 14 [1/1] (0.00ns)   --->   "%cast = zext i16 %p_read_2"   --->   Operation 14 'zext' 'cast' <Predicate = true> <Delay = 0.00>
ST_2 : Operation 15 [1/1] (0.00ns)   --->   "%cast1 = zext i16 %in_col_loop_bound" [../../../../../overlays/Vitis_Libraries/vision//L1/include/imgproc/xf_quantizationdithering.hpp:109]   --->   Operation 15 'zext' 'cast1' <Predicate = true> <Delay = 0.00>
ST_2 : Operation 16 [4/4] (0.53ns) (root node of the DSP)   --->   "%bound = mul i32 %cast, i32 %cast1" [../../../../../overlays/Vitis_Libraries/vision//L1/include/imgproc/xf_quantizationdithering.hpp:109]   --->   Operation 16 'mul' 'bound' <Predicate = true> <Delay = 0.53> <CoreInst = "DSP48">   --->   Core 127 'DSP48' <Latency = 3> <II = 1> <Delay = 0.53> <IPBlock> <Opcode : 'mul' 'add' 'sub' 'select'> <InPorts = 0> <OutPorts = 1> <Sync> <CReg>

State 3 <SV = 2> <Delay = 0.53>
ST_3 : Operation 17 [1/2] (0.00ns)   --->   "%call_ln0 = call void @xf_QuatizationDithering_Pipeline_VITIS_LOOP_118_1, i16 %p_read_1, i9 %offset_buffer_V_2, i9 %offset_buffer_V_1, i9 %offset_buffer_V"   --->   Operation 17 'call' 'call_ln0' <Predicate = true> <Delay = 0.00> <CoreType = "Generic">   --->   Core 0 '' <Latency = 0> <II = 1> <Delay = 1.00> <Generic> <Opcode : >
ST_3 : Operation 18 [3/4] (0.53ns) (root node of the DSP)   --->   "%bound = mul i32 %cast, i32 %cast1" [../../../../../overlays/Vitis_Libraries/vision//L1/include/imgproc/xf_quantizationdithering.hpp:109]   --->   Operation 18 'mul' 'bound' <Predicate = true> <Delay = 0.53> <CoreInst = "DSP48">   --->   Core 127 'DSP48' <Latency = 3> <II = 1> <Delay = 0.53> <IPBlock> <Opcode : 'mul' 'add' 'sub' 'select'> <InPorts = 0> <OutPorts = 1> <Sync> <CReg>

State 4 <SV = 3> <Delay = 0.53>
ST_4 : Operation 19 [2/4] (0.53ns) (root node of the DSP)   --->   "%bound = mul i32 %cast, i32 %cast1" [../../../../../overlays/Vitis_Libraries/vision//L1/include/imgproc/xf_quantizationdithering.hpp:109]   --->   Operation 19 'mul' 'bound' <Predicate = true> <Delay = 0.53> <CoreInst = "DSP48">   --->   Core 127 'DSP48' <Latency = 3> <II = 1> <Delay = 0.53> <IPBlock> <Opcode : 'mul' 'add' 'sub' 'select'> <InPorts = 0> <OutPorts = 1> <Sync> <CReg>
ST_4 : Operation 20 [1/1] (0.00ns)   --->   "%empty = wait i32 @_ssdm_op_Wait"   --->   Operation 20 'wait' 'empty' <Predicate = true> <Delay = 0.00>

State 5 <SV = 4> <Delay = 0.85>
ST_5 : Operation 21 [1/1] (0.00ns)   --->   "%in_col_loop_bound_cast = sext i16 %in_col_loop_bound" [../../../../../overlays/Vitis_Libraries/vision//L1/include/imgproc/xf_quantizationdithering.hpp:109]   --->   Operation 21 'sext' 'in_col_loop_bound_cast' <Predicate = true> <Delay = 0.00>
ST_5 : Operation 22 [1/1] (0.85ns)   --->   "%sub238 = add i17 %in_col_loop_bound_cast, i17 131071" [../../../../../overlays/Vitis_Libraries/vision//L1/include/imgproc/xf_quantizationdithering.hpp:109]   --->   Operation 22 'add' 'sub238' <Predicate = true> <Delay = 0.85> <CoreInst = "Adder">   --->   Core 1 'Adder' <Latency = 0> <II = 1> <Delay = 0.85> <FuncUnit> <Opcode : 'add' 'sub'> <InPorts = 2> <OutPorts = 1>
ST_5 : Operation 23 [1/4] (0.00ns) (root node of the DSP)   --->   "%bound = mul i32 %cast, i32 %cast1" [../../../../../overlays/Vitis_Libraries/vision//L1/include/imgproc/xf_quantizationdithering.hpp:109]   --->   Operation 23 'mul' 'bound' <Predicate = true> <Delay = 0.00> <CoreInst = "DSP48">   --->   Core 127 'DSP48' <Latency = 3> <II = 1> <Delay = 0.53> <IPBlock> <Opcode : 'mul' 'add' 'sub' 'select'> <InPorts = 0> <OutPorts = 1> <Sync> <CReg>
ST_5 : Operation 24 [2/2] (0.00ns)   --->   "%call_ln109 = call void @xf_QuatizationDithering_Pipeline_LOOP_ROW_LOOP_COL, i16 %in_col_loop_bound, i32 %bound, i24 %aecin_data220, i9 %offset_buffer_V_2, i9 %offset_buffer_V_1, i17 %sub238, i9 %offset_buffer_V, i16 %p_read_1, i30 %lsc_out_data218" [../../../../../overlays/Vitis_Libraries/vision//L1/include/imgproc/xf_quantizationdithering.hpp:109]   --->   Operation 24 'call' 'call_ln109' <Predicate = true> <Delay = 0.00> <CoreType = "Generic">   --->   Core 0 '' <Latency = 0> <II = 1> <Delay = 1.00> <Generic> <Opcode : >

State 6 <SV = 5> <Delay = 0.00>
ST_6 : Operation 25 [1/1] (0.00ns)   --->   "%specinterface_ln0 = specinterface void @_ssdm_op_SpecInterface, i24 %aecin_data220, void @empty_26, i32 0, i32 0, void @empty_32, i32 0, i32 0, void @empty_32, void @empty_32, void @empty_32, i32 0, i32 0, i32 0, i32 0, void @empty_32, void @empty_32, i32 4294967295, i32 0"   --->   Operation 25 'specinterface' 'specinterface_ln0' <Predicate = true> <Delay = 0.00>
ST_6 : Operation 26 [1/1] (0.00ns)   --->   "%specinterface_ln0 = specinterface void @_ssdm_op_SpecInterface, i30 %lsc_out_data218, void @empty_26, i32 0, i32 0, void @empty_32, i32 0, i32 0, void @empty_32, void @empty_32, void @empty_32, i32 0, i32 0, i32 0, i32 0, void @empty_32, void @empty_32, i32 4294967295, i32 0"   --->   Operation 26 'specinterface' 'specinterface_ln0' <Predicate = true> <Delay = 0.00>
ST_6 : Operation 27 [1/2] (0.00ns)   --->   "%call_ln109 = call void @xf_QuatizationDithering_Pipeline_LOOP_ROW_LOOP_COL, i16 %in_col_loop_bound, i32 %bound, i24 %aecin_data220, i9 %offset_buffer_V_2, i9 %offset_buffer_V_1, i17 %sub238, i9 %offset_buffer_V, i16 %p_read_1, i30 %lsc_out_data218" [../../../../../overlays/Vitis_Libraries/vision//L1/include/imgproc/xf_quantizationdithering.hpp:109]   --->   Operation 27 'call' 'call_ln109' <Predicate = true> <Delay = 0.00> <CoreType = "Generic">   --->   Core 0 '' <Latency = 0> <II = 1> <Delay = 1.00> <Generic> <Opcode : >
ST_6 : Operation 28 [1/1] (0.00ns)   --->   "%ret_ln260 = ret" [../../../../../overlays/Vitis_Libraries/vision//L1/include/imgproc/xf_quantizationdithering.hpp:260]   --->   Operation 28 'ret' 'ret_ln260' <Predicate = true> <Delay = 0.00>


============================================================
+ Verbose Summary: Binding
============================================================
STG Binding: 
---------------- STG Properties BEGIN ----------------
- Is combinational: 0
- Is one-state seq: 0
- Is datapath-only: 0
- Is pipelined: 0
- Is top level: 0
Port [ Return ] is wired: 1; IO mode=ap_ctrl_hs:ce=0
Port [ p_read]:  wired=1; compound=0; hidden=0; nouse=0; global=0; static=0; extern=0; dir=0; type=0; pingpong=0; private_global=0; IO mode=ap_none:ce=0
Port [ p_read1]:  wired=1; compound=0; hidden=0; nouse=0; global=0; static=0; extern=0; dir=0; type=0; pingpong=0; private_global=0; IO mode=ap_none:ce=0
Port [ lsc_out_data218]:  wired=1; compound=1; hidden=0; nouse=0; global=0; static=0; extern=0; dir=0; type=3; pingpong=0; private_global=0; IO mode=ap_fifo:ce=0
Port [ aecin_data220]:  wired=1; compound=1; hidden=0; nouse=0; global=0; static=0; extern=0; dir=1; type=3; pingpong=0; private_global=0; IO mode=ap_fifo:ce=0
---------------- STG Properties END ------------------

---------------- Datapath Model BEGIN ----------------

<LifeTime>
<method=bitvector/>
p_read_1               (read         ) [ 0011111]
offset_buffer_V        (alloca       ) [ 0011111]
offset_buffer_V_1      (alloca       ) [ 0011111]
offset_buffer_V_2      (alloca       ) [ 0011111]
p_read_2               (read         ) [ 0000000]
in_col_loop_bound      (add          ) [ 0001111]
cast                   (zext         ) [ 0001110]
cast1                  (zext         ) [ 0001110]
call_ln0               (call         ) [ 0000000]
empty                  (wait         ) [ 0000000]
in_col_loop_bound_cast (sext         ) [ 0000000]
sub238                 (add          ) [ 0000001]
bound                  (mul          ) [ 0000001]
specinterface_ln0      (specinterface) [ 0000000]
specinterface_ln0      (specinterface) [ 0000000]
call_ln109             (call         ) [ 0000000]
ret_ln260              (ret          ) [ 0000000]
</LifeTime>

<model>

<comp_list>
<comp id="0" class="1000" name="p_read">
<pin_list>
<pin id="1" dir="1" index="0" bw="1" slack="0"/>
</pin_list>
<bind>
<StgValue><ssdm name="p_read"/></StgValue>
</bind>
</comp>

<comp id="2" class="1000" name="p_read1">
<pin_list>
<pin id="3" dir="1" index="0" bw="1" slack="0"/>
</pin_list>
<bind>
<StgValue><ssdm name="p_read1"/></StgValue>
</bind>
</comp>

<comp id="4" class="1000" name="lsc_out_data218">
<pin_list>
<pin id="5" dir="1" index="0" bw="1" slack="0"/>
</pin_list>
<bind>
<StgValue><ssdm name="lsc_out_data218"/></StgValue>
</bind>
</comp>

<comp id="6" class="1000" name="aecin_data220">
<pin_list>
<pin id="7" dir="1" index="0" bw="1" slack="0"/>
</pin_list>
<bind>
<StgValue><ssdm name="aecin_data220"/></StgValue>
</bind>
</comp>

<comp id="8" class="1001" name="const_8">
<pin_list>
<pin id="9" dir="1" index="0" bw="1" slack="0"/>
</pin_list>
<bind>
<StgValue><ssdm name="_ssdm_op_Read.ap_auto.i16"/></StgValue>
</bind>
</comp>

<comp id="10" class="1001" name="const_10">
<pin_list>
<pin id="11" dir="1" index="0" bw="1" slack="0"/>
</pin_list>
<bind>
<StgValue><ssdm name=""/></StgValue>
</bind>
</comp>

<comp id="12" class="1001" name="const_12">
<pin_list>
<pin id="13" dir="1" index="0" bw="1" slack="0"/>
</pin_list>
<bind>
<StgValue><ssdm name=""/></StgValue>
</bind>
</comp>

<comp id="14" class="1001" name="const_14">
<pin_list>
<pin id="15" dir="1" index="0" bw="1" slack="0"/>
</pin_list>
<bind>
<StgValue><ssdm name="xf_QuatizationDithering_Pipeline_VITIS_LOOP_118_1"/></StgValue>
</bind>
</comp>

<comp id="16" class="1001" name="const_16">
<pin_list>
<pin id="17" dir="1" index="0" bw="1" slack="2147483647"/>
</pin_list>
<bind>
<StgValue><ssdm name="_ssdm_op_Wait"/></StgValue>
</bind>
</comp>

<comp id="18" class="1001" name="const_18">
<pin_list>
<pin id="19" dir="1" index="0" bw="1" slack="0"/>
</pin_list>
<bind>
<StgValue><ssdm name=""/></StgValue>
</bind>
</comp>

<comp id="20" class="1001" name="const_20">
<pin_list>
<pin id="21" dir="1" index="0" bw="1" slack="0"/>
</pin_list>
<bind>
<StgValue><ssdm name="xf_QuatizationDithering_Pipeline_LOOP_ROW_LOOP_COL"/></StgValue>
</bind>
</comp>

<comp id="22" class="1001" name="const_22">
<pin_list>
<pin id="23" dir="1" index="0" bw="1" slack="2147483647"/>
</pin_list>
<bind>
<StgValue><ssdm name="_ssdm_op_SpecInterface"/></StgValue>
</bind>
</comp>

<comp id="24" class="1001" name="const_24">
<pin_list>
<pin id="25" dir="1" index="0" bw="1" slack="2147483647"/>
</pin_list>
<bind>
<StgValue><ssdm name="empty_26"/></StgValue>
</bind>
</comp>

<comp id="26" class="1001" name="const_26">
<pin_list>
<pin id="27" dir="1" index="0" bw="1" slack="2147483647"/>
</pin_list>
<bind>
<StgValue><ssdm name=""/></StgValue>
</bind>
</comp>

<comp id="28" class="1001" name="const_28">
<pin_list>
<pin id="29" dir="1" index="0" bw="1" slack="2147483647"/>
</pin_list>
<bind>
<StgValue><ssdm name="empty_32"/></StgValue>
</bind>
</comp>

<comp id="30" class="1001" name="const_30">
<pin_list>
<pin id="31" dir="1" index="0" bw="1" slack="2147483647"/>
</pin_list>
<bind>
<StgValue><ssdm name=""/></StgValue>
</bind>
</comp>

<comp id="32" class="1004" name="offset_buffer_V_alloca_fu_32">
<pin_list>
<pin id="33" dir="0" index="0" bw="1" slack="0"/>
<pin id="34" dir="1" index="1" bw="9" slack="2147483647"/>
</pin_list>
<bind>
<opcode="alloca(26) " fcode="alloca"/>
<opset="offset_buffer_V/1 "/>
</bind>
</comp>

<comp id="36" class="1004" name="offset_buffer_V_1_alloca_fu_36">
<pin_list>
<pin id="37" dir="0" index="0" bw="1" slack="0"/>
<pin id="38" dir="1" index="1" bw="9" slack="2147483647"/>
</pin_list>
<bind>
<opcode="alloca(26) " fcode="alloca"/>
<opset="offset_buffer_V_1/1 "/>
</bind>
</comp>

<comp id="40" class="1004" name="offset_buffer_V_2_alloca_fu_40">
<pin_list>
<pin id="41" dir="0" index="0" bw="1" slack="0"/>
<pin id="42" dir="1" index="1" bw="9" slack="2147483647"/>
</pin_list>
<bind>
<opcode="alloca(26) " fcode="alloca"/>
<opset="offset_buffer_V_2/1 "/>
</bind>
</comp>

<comp id="44" class="1004" name="p_read_1_read_fu_44">
<pin_list>
<pin id="45" dir="0" index="0" bw="16" slack="0"/>
<pin id="46" dir="0" index="1" bw="16" slack="0"/>
<pin id="47" dir="1" index="2" bw="16" slack="1"/>
</pin_list>
<bind>
<opcode="read(1150) " fcode="read"/>
<opset="p_read_1/1 "/>
</bind>
</comp>

<comp id="50" class="1004" name="p_read_2_read_fu_50">
<pin_list>
<pin id="51" dir="0" index="0" bw="16" slack="0"/>
<pin id="52" dir="0" index="1" bw="16" slack="0"/>
<pin id="53" dir="1" index="2" bw="16" slack="0"/>
</pin_list>
<bind>
<opcode="read(1150) " fcode="read"/>
<opset="p_read_2/2 "/>
</bind>
</comp>

<comp id="56" class="1004" name="grp_xf_QuatizationDithering_Pipeline_VITIS_LOOP_118_1_fu_56">
<pin_list>
<pin id="57" dir="0" index="0" bw="0" slack="0"/>
<pin id="58" dir="0" index="1" bw="16" slack="1"/>
<pin id="59" dir="0" index="2" bw="9" slack="2147483647"/>
<pin id="60" dir="0" index="3" bw="9" slack="2147483647"/>
<pin id="61" dir="0" index="4" bw="9" slack="2147483647"/>
<pin id="62" dir="1" index="5" bw="0" slack="2147483647"/>
</pin_list>
<bind>
<opcode="call(48) " fcode="call"/>
<opset="call_ln0/2 "/>
</bind>
</comp>

<comp id="64" class="1004" name="grp_xf_QuatizationDithering_Pipeline_LOOP_ROW_LOOP_COL_fu_64">
<pin_list>
<pin id="65" dir="0" index="0" bw="0" slack="0"/>
<pin id="66" dir="0" index="1" bw="16" slack="3"/>
<pin id="67" dir="0" index="2" bw="32" slack="0"/>
<pin id="68" dir="0" index="3" bw="24" slack="0"/>
<pin id="69" dir="0" index="4" bw="9" slack="2147483647"/>
<pin id="70" dir="0" index="5" bw="9" slack="2147483647"/>
<pin id="71" dir="0" index="6" bw="17" slack="0"/>
<pin id="72" dir="0" index="7" bw="9" slack="2147483647"/>
<pin id="73" dir="0" index="8" bw="16" slack="4"/>
<pin id="74" dir="0" index="9" bw="30" slack="0"/>
<pin id="75" dir="1" index="10" bw="0" slack="2147483647"/>
</pin_list>
<bind>
<opcode="call(48) " fcode="call"/>
<opset="call_ln109/5 "/>
</bind>
</comp>

<comp id="79" class="1004" name="in_col_loop_bound_fu_79">
<pin_list>
<pin id="80" dir="0" index="0" bw="16" slack="1"/>
<pin id="81" dir="0" index="1" bw="1" slack="0"/>
<pin id="82" dir="1" index="2" bw="16" slack="0"/>
</pin_list>
<bind>
<opcode="add(8) " fcode="add"/>
<opset="in_col_loop_bound/2 "/>
</bind>
</comp>

<comp id="84" class="1004" name="cast_fu_84">
<pin_list>
<pin id="85" dir="0" index="0" bw="16" slack="0"/>
<pin id="86" dir="1" index="1" bw="32" slack="0"/>
</pin_list>
<bind>
<opcode="zext(34) " fcode="zext"/>
<opset="cast/2 "/>
</bind>
</comp>

<comp id="88" class="1004" name="cast1_fu_88">
<pin_list>
<pin id="89" dir="0" index="0" bw="16" slack="0"/>
<pin id="90" dir="1" index="1" bw="32" slack="0"/>
</pin_list>
<bind>
<opcode="zext(34) " fcode="zext"/>
<opset="cast1/2 "/>
</bind>
</comp>

<comp id="92" class="1004" name="in_col_loop_bound_cast_fu_92">
<pin_list>
<pin id="93" dir="0" index="0" bw="16" slack="3"/>
<pin id="94" dir="1" index="1" bw="17" slack="0"/>
</pin_list>
<bind>
<opcode="sext(35) " fcode="sext"/>
<opset="in_col_loop_bound_cast/5 "/>
</bind>
</comp>

<comp id="95" class="1004" name="sub238_fu_95">
<pin_list>
<pin id="96" dir="0" index="0" bw="16" slack="0"/>
<pin id="97" dir="0" index="1" bw="1" slack="0"/>
<pin id="98" dir="1" index="2" bw="17" slack="0"/>
</pin_list>
<bind>
<opcode="add(8) " fcode="add"/>
<opset="sub238/5 "/>
</bind>
</comp>

<comp id="102" class="1007" name="grp_fu_102">
<pin_list>
<pin id="103" dir="0" index="0" bw="16" slack="0"/>
<pin id="104" dir="0" index="1" bw="16" slack="0"/>
<pin id="105" dir="1" index="2" bw="32" slack="0"/>
</pin_list>
<bind>
<opcode="mul(12) " fcode="mul"/>
<opset="bound/2 "/>
</bind>
</comp>

<comp id="109" class="1005" name="p_read_1_reg_109">
<pin_list>
<pin id="110" dir="0" index="0" bw="16" slack="1"/>
<pin id="111" dir="1" index="1" bw="16" slack="1"/>
</pin_list>
<bind>
<opset="p_read_1 "/>
</bind>
</comp>

<comp id="116" class="1005" name="in_col_loop_bound_reg_116">
<pin_list>
<pin id="117" dir="0" index="0" bw="16" slack="3"/>
<pin id="118" dir="1" index="1" bw="16" slack="3"/>
</pin_list>
<bind>
<opset="in_col_loop_bound "/>
</bind>
</comp>

<comp id="122" class="1005" name="cast_reg_122">
<pin_list>
<pin id="123" dir="0" index="0" bw="32" slack="1"/>
<pin id="124" dir="1" index="1" bw="32" slack="1"/>
</pin_list>
<bind>
<opset="cast "/>
</bind>
</comp>

<comp id="127" class="1005" name="cast1_reg_127">
<pin_list>
<pin id="128" dir="0" index="0" bw="32" slack="1"/>
<pin id="129" dir="1" index="1" bw="32" slack="1"/>
</pin_list>
<bind>
<opset="cast1 "/>
</bind>
</comp>

<comp id="132" class="1005" name="sub238_reg_132">
<pin_list>
<pin id="133" dir="0" index="0" bw="17" slack="1"/>
<pin id="134" dir="1" index="1" bw="17" slack="1"/>
</pin_list>
<bind>
<opset="sub238 "/>
</bind>
</comp>

<comp id="137" class="1005" name="bound_reg_137">
<pin_list>
<pin id="138" dir="0" index="0" bw="32" slack="1"/>
<pin id="139" dir="1" index="1" bw="32" slack="1"/>
</pin_list>
<bind>
<opset="bound "/>
</bind>
</comp>

</comp_list>

<net_list>
<net id="35"><net_src comp="10" pin="0"/><net_sink comp="32" pin=0"/></net>

<net id="39"><net_src comp="10" pin="0"/><net_sink comp="36" pin=0"/></net>

<net id="43"><net_src comp="10" pin="0"/><net_sink comp="40" pin=0"/></net>

<net id="48"><net_src comp="8" pin="0"/><net_sink comp="44" pin=0"/></net>

<net id="49"><net_src comp="2" pin="0"/><net_sink comp="44" pin=1"/></net>

<net id="54"><net_src comp="8" pin="0"/><net_sink comp="50" pin=0"/></net>

<net id="55"><net_src comp="0" pin="0"/><net_sink comp="50" pin=1"/></net>

<net id="63"><net_src comp="14" pin="0"/><net_sink comp="56" pin=0"/></net>

<net id="76"><net_src comp="20" pin="0"/><net_sink comp="64" pin=0"/></net>

<net id="77"><net_src comp="6" pin="0"/><net_sink comp="64" pin=3"/></net>

<net id="78"><net_src comp="4" pin="0"/><net_sink comp="64" pin=9"/></net>

<net id="83"><net_src comp="12" pin="0"/><net_sink comp="79" pin=1"/></net>

<net id="87"><net_src comp="50" pin="2"/><net_sink comp="84" pin=0"/></net>

<net id="91"><net_src comp="79" pin="2"/><net_sink comp="88" pin=0"/></net>

<net id="99"><net_src comp="92" pin="1"/><net_sink comp="95" pin=0"/></net>

<net id="100"><net_src comp="18" pin="0"/><net_sink comp="95" pin=1"/></net>

<net id="101"><net_src comp="95" pin="2"/><net_sink comp="64" pin=6"/></net>

<net id="106"><net_src comp="84" pin="1"/><net_sink comp="102" pin=0"/></net>

<net id="107"><net_src comp="88" pin="1"/><net_sink comp="102" pin=1"/></net>

<net id="108"><net_src comp="102" pin="2"/><net_sink comp="64" pin=2"/></net>

<net id="112"><net_src comp="44" pin="2"/><net_sink comp="109" pin=0"/></net>

<net id="113"><net_src comp="109" pin="1"/><net_sink comp="79" pin=0"/></net>

<net id="114"><net_src comp="109" pin="1"/><net_sink comp="56" pin=1"/></net>

<net id="115"><net_src comp="109" pin="1"/><net_sink comp="64" pin=8"/></net>

<net id="119"><net_src comp="79" pin="2"/><net_sink comp="116" pin=0"/></net>

<net id="120"><net_src comp="116" pin="1"/><net_sink comp="92" pin=0"/></net>

<net id="121"><net_src comp="116" pin="1"/><net_sink comp="64" pin=1"/></net>

<net id="125"><net_src comp="84" pin="1"/><net_sink comp="122" pin=0"/></net>

<net id="126"><net_src comp="122" pin="1"/><net_sink comp="102" pin=0"/></net>

<net id="130"><net_src comp="88" pin="1"/><net_sink comp="127" pin=0"/></net>

<net id="131"><net_src comp="127" pin="1"/><net_sink comp="102" pin=1"/></net>

<net id="135"><net_src comp="95" pin="2"/><net_sink comp="132" pin=0"/></net>

<net id="136"><net_src comp="132" pin="1"/><net_sink comp="64" pin=6"/></net>

<net id="140"><net_src comp="102" pin="2"/><net_sink comp="137" pin=0"/></net>

<net id="141"><net_src comp="137" pin="1"/><net_sink comp="64" pin=2"/></net>

</net_list>

</model> 
---------------- Datapath Model END ------------------

* FSMD analyzer results:
  - Output states:
	Port: aecin_data220 | {5 6 }
 - Input state : 
	Port: xf_QuatizationDithering<17, 9, 1080, 1920, 256, 1024, 1, 3, 3> : p_read | {2 }
	Port: xf_QuatizationDithering<17, 9, 1080, 1920, 256, 1024, 1, 3, 3> : p_read1 | {1 }
	Port: xf_QuatizationDithering<17, 9, 1080, 1920, 256, 1024, 1, 3, 3> : lsc_out_data218 | {5 6 }
  - Chain level:
	State 1
	State 2
		cast1 : 1
		bound : 2
	State 3
	State 4
	State 5
		sub238 : 1
		call_ln109 : 2
	State 6


============================================================
+ Verbose Summary: Datapath Resource usage 
============================================================

* Functional unit list:
|----------|--------------------------------------------------------------|---------|---------|---------|---------|
| Operation|                        Functional Unit                       |   DSP   |  Delay  |    FF   |   LUT   |
|----------|--------------------------------------------------------------|---------|---------|---------|---------|
|   call   |  grp_xf_QuatizationDithering_Pipeline_VITIS_LOOP_118_1_fu_56 |    0    |    0    |    16   |    36   |
|          | grp_xf_QuatizationDithering_Pipeline_LOOP_ROW_LOOP_COL_fu_64 |    0    |  1.281  |   425   |   657   |
|----------|--------------------------------------------------------------|---------|---------|---------|---------|
|    add   |                    in_col_loop_bound_fu_79                   |    0    |    0    |    0    |    23   |
|          |                         sub238_fu_95                         |    0    |    0    |    0    |    23   |
|----------|--------------------------------------------------------------|---------|---------|---------|---------|
|    mul   |                          grp_fu_102                          |    1    |    0    |    0    |    0    |
|----------|--------------------------------------------------------------|---------|---------|---------|---------|
|   read   |                      p_read_1_read_fu_44                     |    0    |    0    |    0    |    0    |
|          |                      p_read_2_read_fu_50                     |    0    |    0    |    0    |    0    |
|----------|--------------------------------------------------------------|---------|---------|---------|---------|
|   zext   |                          cast_fu_84                          |    0    |    0    |    0    |    0    |
|          |                          cast1_fu_88                         |    0    |    0    |    0    |    0    |
|----------|--------------------------------------------------------------|---------|---------|---------|---------|
|   sext   |                 in_col_loop_bound_cast_fu_92                 |    0    |    0    |    0    |    0    |
|----------|--------------------------------------------------------------|---------|---------|---------|---------|
|   Total  |                                                              |    1    |  1.281  |   441   |   739   |
|----------|--------------------------------------------------------------|---------|---------|---------|---------|

Memories:
+-----------------+--------+--------+--------+--------+
|                 |  BRAM  |   FF   |   LUT  |  URAM  |
+-----------------+--------+--------+--------+--------+
| offset_buffer_V |    1   |    0   |    0   |    0   |
|offset_buffer_V_1|    1   |    0   |    0   |    0   |
|offset_buffer_V_2|    1   |    0   |    0   |    0   |
+-----------------+--------+--------+--------+--------+
|      Total      |    3   |    0   |    0   |    0   |
+-----------------+--------+--------+--------+--------+

* Register list:
+-------------------------+--------+
|                         |   FF   |
+-------------------------+--------+
|      bound_reg_137      |   32   |
|      cast1_reg_127      |   32   |
|       cast_reg_122      |   32   |
|in_col_loop_bound_reg_116|   16   |
|     p_read_1_reg_109    |   16   |
|      sub238_reg_132     |   17   |
+-------------------------+--------+
|          Total          |   145  |
+-------------------------+--------+

* Multiplexer (MUX) list: 
|--------------------------------------------------------------|------|------|------|--------||---------||---------|
|                             Comp                             |  Pin | Size |  BW  | S x BW ||  Delay  ||   LUT   |
|--------------------------------------------------------------|------|------|------|--------||---------||---------|
| grp_xf_QuatizationDithering_Pipeline_LOOP_ROW_LOOP_COL_fu_64 |  p2  |   2  |  32  |   64   ||    9    |
| grp_xf_QuatizationDithering_Pipeline_LOOP_ROW_LOOP_COL_fu_64 |  p6  |   2  |  17  |   34   ||    9    |
|                          grp_fu_102                          |  p0  |   2  |  16  |   32   ||    9    |
|                          grp_fu_102                          |  p1  |   2  |  16  |   32   ||    9    |
|--------------------------------------------------------------|------|------|------|--------||---------||---------|
|                             Total                            |      |      |      |   162  ||  1.708  ||    36   |
|--------------------------------------------------------------|------|------|------|--------||---------||---------|



* Summary:
+-----------+--------+--------+--------+--------+--------+--------+
|           |  BRAM  |   DSP  |  Delay |   FF   |   LUT  |  URAM  |
+-----------+--------+--------+--------+--------+--------+--------+
|  Function |    -   |    1   |    1   |   441  |   739  |    -   |
|   Memory  |    3   |    -   |    -   |    0   |    0   |    0   |
|Multiplexer|    -   |    -   |    1   |    -   |   36   |    -   |
|  Register |    -   |    -   |    -   |   145  |    -   |    -   |
+-----------+--------+--------+--------+--------+--------+--------+
|   Total   |    3   |    1   |    2   |   586  |   775  |    0   |
+-----------+--------+--------+--------+--------+--------+--------+
