Copyright 1986-2022 Xilinx, Inc. All Rights Reserved.
-------------------------------------------------------------------------------------------------------------------------------------------------
| Tool Version     : Vivado v.2022.2 (win64) Build 3671981 Fri Oct 14 05:00:03 MDT 2022
| Date             : Fri Dec  5 18:57:50 2025
| Host             : DESKTOP-S4UD1KI running 64-bit major release  (build 9200)
| Command          : report_power -file top_level_power_routed.rpt -pb top_level_power_summary_routed.pb -rpx top_level_power_routed.rpx
| Design           : top_level
| Device           : xck26-sfvc784-2LV-c
| Design State     : routed
| Grade            : commercial
| Process          : typical
| Characterization : Production
-------------------------------------------------------------------------------------------------------------------------------------------------

Power Report

Table of Contents
-----------------
1. Summary
1.1 On-Chip Components
1.2 Power Supply Summary
1.3 Confidence Level
2. Settings
2.1 Environment
2.2 Clock Constraints
3. Detailed Reports
3.1 By Hierarchy

1. Summary
----------

+--------------------------+--------------+
| Total On-Chip Power (W)  | 6.410        |
| Design Power Budget (W)  | Unspecified* |
| Power Budget Margin (W)  | NA           |
| Dynamic (W)              | 6.080        |
| Device Static (W)        | 0.330        |
| Effective TJA (C/W)      | 2.3          |
| Max Ambient (C)          | 70.1         |
| Junction Temperature (C) | 39.9         |
| Confidence Level         | Medium       |
| Setting File             | ---          |
| Simulation Activity File | ---          |
| Design Nets Matched      | NA           |
+--------------------------+--------------+
* Specify Design Power Budget using, set_operating_conditions -design_power_budget <value in Watts>


1.1 On-Chip Components
----------------------

+--------------------------+-----------+----------+-----------+-----------------+
| On-Chip                  | Power (W) | Used     | Available | Utilization (%) |
+--------------------------+-----------+----------+-----------+-----------------+
| Clocks                   |     0.711 |        7 |       --- |             --- |
| CLB Logic                |     0.554 |   178350 |       --- |             --- |
|   LUT as Logic           |     0.298 |    42673 |    117120 |           36.44 |
|   LUT as Shift Register  |     0.137 |     4267 |     57600 |            7.41 |
|   Register               |     0.069 |   100141 |    234240 |           42.75 |
|   LUT as Distributed RAM |     0.039 |     3256 |     57600 |            5.65 |
|   CARRY8                 |     0.012 |     1268 |     14640 |            8.66 |
|   Others                 |     0.000 |     5274 |       --- |             --- |
|   F7/F8 Muxes            |     0.000 |     2329 |    117120 |            1.99 |
| Signals                  |     1.024 |   160075 |       --- |             --- |
| Block RAM                |     0.195 |    137.5 |       144 |           95.49 |
| URAM                     |     0.190 |       32 |        64 |           50.00 |
| PLL                      |     0.056 |        1 |       --- |             --- |
| DSPs                     |     0.642 |      678 |      1248 |           54.33 |
| PS8                      |     2.708 |        1 |       --- |             --- |
| Static Power             |     0.330 |          |           |                 |
|   PS Static              |     0.000 |          |           |                 |
|   PL Static              |     0.330 |          |           |                 |
| Total                    |     6.410 |          |           |                 |
+--------------------------+-----------+----------+-----------+-----------------+


1.2 Power Supply Summary
------------------------

+-----------------+-------------+-----------+-------------+------------+-------------+-------------+------------+
| Source          | Voltage (V) | Total (A) | Dynamic (A) | Static (A) | Powerup (A) | Budget (A)  | Margin (A) |
+-----------------+-------------+-----------+-------------+------------+-------------+-------------+------------+
| Vccint          |       0.720 |     4.717 |       4.588 |      0.128 |       NA    | Unspecified | NA         |
| Vccint_io       |       0.850 |     0.038 |       0.000 |      0.038 |       NA    | Unspecified | NA         |
| Vccbram         |       0.850 |     0.019 |       0.016 |      0.003 |       NA    | Unspecified | NA         |
| Vccaux          |       1.800 |     0.104 |       0.030 |      0.073 |       NA    | Unspecified | NA         |
| Vccaux_io       |       1.800 |     0.031 |       0.000 |      0.031 |       NA    | Unspecified | NA         |
| Vcco33          |       3.300 |     0.000 |       0.000 |      0.000 |       NA    | Unspecified | NA         |
| Vcco25          |       2.500 |     0.000 |       0.000 |      0.000 |       NA    | Unspecified | NA         |
| Vcco18          |       1.800 |     0.000 |       0.000 |      0.000 |       NA    | Unspecified | NA         |
| Vcco15          |       1.500 |     0.000 |       0.000 |      0.000 |       NA    | Unspecified | NA         |
| Vcco135         |       1.350 |     0.000 |       0.000 |      0.000 |       NA    | Unspecified | NA         |
| Vcco12          |       1.200 |     0.000 |       0.000 |      0.000 |       NA    | Unspecified | NA         |
| Vcco10          |       1.000 |     0.000 |       0.000 |      0.000 |       NA    | Unspecified | NA         |
| Vccadc          |       1.800 |     0.008 |       0.000 |      0.008 |       NA    | Unspecified | NA         |
| VCC_PSINTFP     |       0.850 |     1.071 |       1.071 |      0.000 |       NA    | Unspecified | NA         |
| VCC_PSINTLP     |       0.850 |     0.244 |       0.244 |      0.000 |       NA    | Unspecified | NA         |
| VPS_MGTRAVCC    |       0.850 |     0.138 |       0.138 |      0.000 |       NA    | Unspecified | NA         |
| VCC_PSINTFP_DDR |       0.850 |     0.725 |       0.725 |      0.000 |       NA    | Unspecified | NA         |
| VCC_PSPLL       |       1.200 |     0.070 |       0.070 |      0.000 |       NA    | Unspecified | NA         |
| VPS_MGTRAVTT    |       1.800 |     0.033 |       0.033 |      0.000 |       NA    | Unspecified | NA         |
| VCCO_PSDDR_504  |       1.200 |     0.592 |       0.592 |      0.000 |       NA    | Unspecified | NA         |
| VCC_PSAUX       |       1.800 |     0.000 |       0.000 |      0.000 |       NA    | Unspecified | NA         |
| VCC_PSBATT      |       1.200 |     0.000 |       0.000 |      0.000 |       NA    | Unspecified | NA         |
| VCC_PSDDR_PLL   |       1.800 |     0.000 |       0.000 |      0.000 |       NA    | Unspecified | NA         |
| VCCO_PSIO0_500  |       1.800 |     0.001 |       0.001 |      0.000 |       NA    | Unspecified | NA         |
| VCCO_PSIO1_501  |       1.800 |     0.000 |       0.000 |      0.000 |       NA    | Unspecified | NA         |
| VCCO_PSIO2_502  |       1.800 |     0.000 |       0.000 |      0.000 |       NA    | Unspecified | NA         |
| VCCO_PSIO3_503  |       1.800 |     0.000 |       0.000 |      0.000 |       NA    | Unspecified | NA         |
| VCC_PSADC       |       1.800 |     0.000 |       0.000 |      0.000 |       NA    | Unspecified | NA         |
| MGTAVcc         |       0.900 |     0.000 |       0.000 |      0.000 |       NA    | Unspecified | NA         |
| MGTAVtt         |       1.200 |     0.000 |       0.000 |      0.000 |       NA    | Unspecified | NA         |
| MGTVccaux       |       1.800 |     0.000 |       0.000 |      0.000 |       NA    | Unspecified | NA         |
+-----------------+-------------+-----------+-------------+------------+-------------+-------------+------------+


1.3 Confidence Level
--------------------

+-----------------------------+------------+------------------------------------------------+------------------------------------------------------------------------------------------------------------+
| User Input Data             | Confidence | Details                                        | Action                                                                                                     |
+-----------------------------+------------+------------------------------------------------+------------------------------------------------------------------------------------------------------------+
| Design implementation state | High       | Design is routed                               |                                                                                                            |
| Clock nodes activity        | High       | User specified more than 95% of clocks         |                                                                                                            |
| I/O nodes activity          | High       | User specified more than 95% of inputs         |                                                                                                            |
| Internal nodes activity     | Medium     | User specified less than 25% of internal nodes | Provide missing internal nodes activity with simulation results or by editing the "By Resource Type" views |
| Device models               | High       | Device models are Production                   |                                                                                                            |
|                             |            |                                                |                                                                                                            |
| Overall confidence level    | Medium     |                                                |                                                                                                            |
+-----------------------------+------------+------------------------------------------------+------------------------------------------------------------------------------------------------------------+


2. Settings
-----------

2.1 Environment
---------------

+-----------------------+--------------------------+
| Ambient Temp (C)      | 25.0                     |
| ThetaJA (C/W)         | 2.3                      |
| Airflow (LFM)         | 250                      |
| Heat Sink             | medium (Medium Profile)  |
| ThetaSA (C/W)         | 5.5                      |
| Board Selection       | medium (10"x10")         |
| # of Board Layers     | 12to15 (12 to 15 Layers) |
| Board Temperature (C) | 25.0                     |
+-----------------------+--------------------------+


2.2 Clock Constraints
---------------------

+---------------------------+------------------------------------------------------------------------+-----------------+
| Clock                     | Domain                                                                 | Constraint (ns) |
+---------------------------+------------------------------------------------------------------------+-----------------+
| clk_dsp_top_dpu_clk_wiz_0 | top_i/hier_dpu/hier_dpu_clk/dpu_clk_wiz/inst/clk_dsp_top_dpu_clk_wiz_0 |             1.8 |
| clk_pl_0                  | top_i/zynq_ultra_ps_e/U0/pl_clk0                                       |            10.0 |
| clk_pl_0                  | top_i/zynq_ultra_ps_e/U0/pl_clk_unbuffered[0]                          |            10.0 |
| clk_pl_1                  | top_i/zynq_ultra_ps_e/U0/pl_clk_unbuffered[1]                          |             3.7 |
| hier_dpu_clk_DPU_CLK      | top_i/hier_dpu/hier_dpu_clk/dpu_clk_wiz/inst/clk_dpu                   |             3.6 |
+---------------------------+------------------------------------------------------------------------+-----------------+


3. Detailed Reports
-------------------

3.1 By Hierarchy
----------------

+------------------------+-----------+
| Name                   | Power (W) |
+------------------------+-----------+
| top_level              |     6.080 |
|   top_i                |     6.080 |
|     axi_dma_0          |     0.004 |
|       U0               |     0.004 |
|     axi_interconnect_0 |     0.008 |
|       m00_couplers     |     0.002 |
|       m02_couplers     |     0.002 |
|       xbar             |     0.004 |
|     hier_dpu           |     3.357 |
|       DPUCZDX8G        |     3.257 |
|       hier_dpu_clk     |     0.056 |
|       hier_dpu_ghp     |     0.044 |
|     zynq_ultra_ps_e    |     2.710 |
|       U0               |     2.710 |
+------------------------+-----------+


