#-----------------------------------------------------------
# Vivado v2022.2 (64-bit)
# SW Build 3671981 on Fri Oct 14 04:59:54 MDT 2022
# IP Build 3669848 on Fri Oct 14 08:30:02 MDT 2022
# Start of session at: Thu Mar  5 08:44:29 2026
# Process ID: 67699
# Current directory: /home/user/Documents/kria-vitis-platforms/kv260
# Command line: vivado
# Log file: /home/user/Documents/kria-vitis-platforms/kv260/vivado.log
# Journal file: /home/user/Documents/kria-vitis-platforms/kv260/vivado.jou
# Running On: ubuntu, OS: Linux, CPU Frequency: 2803.212 MHz, CPU Physical cores: 4, Host memory: 16728 MB
#-----------------------------------------------------------
start_gui
WARNING: [Board 49-26] cannot add Board Part xilinx.com:ac701:part0:1.4 available at /tools/Xilinx/Vivado/2022.2/data/xhub/boards/XilinxBoardStore/boards/Xilinx/ac701/1.4/board.xml as part xc7a200tfbg676-2 specified in board_part file is either invalid or not available
WARNING: [Board 49-26] cannot add Board Part xilinx.com:kc705:part0:1.6 available at /tools/Xilinx/Vivado/2022.2/data/xhub/boards/XilinxBoardStore/boards/Xilinx/kc705/1.6/board.xml as part xc7k325tffg900-2 specified in board_part file is either invalid or not available
WARNING: [Board 49-26] cannot add Board Part xilinx.com:kcu105:part0:1.6 available at /tools/Xilinx/Vivado/2022.2/data/xhub/boards/XilinxBoardStore/boards/Xilinx/kcu105/1.6/board.xml as part xcku040-ffva1156-2-e specified in board_part file is either invalid or not available
WARNING: [Board 49-26] cannot add Board Part xilinx.com:kcu105:part0:1.7 available at /tools/Xilinx/Vivado/2022.2/data/xhub/boards/XilinxBoardStore/boards/Xilinx/kcu105/1.7/board.xml as part xcku040-ffva1156-2-e specified in board_part file is either invalid or not available
WARNING: [Board 49-26] cannot add Board Part xilinx.com:kcu1500:part0:1.2 available at /tools/Xilinx/Vivado/2022.2/data/xhub/boards/XilinxBoardStore/boards/Xilinx/kcu1500/1.2/board.xml as part xcku115-flvb2104-2-e specified in board_part file is either invalid or not available
WARNING: [Board 49-26] cannot add Board Part xilinx.com:sp701:part0:1.0 available at /tools/Xilinx/Vivado/2022.2/data/xhub/boards/XilinxBoardStore/boards/Xilinx/sp701/1.0/board.xml as part xc7s100fgga676-2 specified in board_part file is either invalid or not available
WARNING: [Board 49-26] cannot add Board Part xilinx.com:sp701:part0:1.1 available at /tools/Xilinx/Vivado/2022.2/data/xhub/boards/XilinxBoardStore/boards/Xilinx/sp701/1.1/board.xml as part xc7s100fgga676-2 specified in board_part file is either invalid or not available
WARNING: [Board 49-26] cannot add Board Part xilinx.com:vc707:part0:1.4 available at /tools/Xilinx/Vivado/2022.2/data/xhub/boards/XilinxBoardStore/boards/Xilinx/vc707/1.4/board.xml as part xc7vx485tffg1761-2 specified in board_part file is either invalid or not available
WARNING: [Board 49-26] cannot add Board Part xilinx.com:vc709:part0:1.8 available at /tools/Xilinx/Vivado/2022.2/data/xhub/boards/XilinxBoardStore/boards/Xilinx/vc709/1.8/board.xml as part xc7vx690tffg1761-2 specified in board_part file is either invalid or not available
WARNING: [Board 49-26] cannot add Board Part xilinx.com:vck190:part0:2.2 available at /tools/Xilinx/Vivado/2022.2/data/xhub/boards/XilinxBoardStore/boards/Xilinx/vck190/production/2.2/board.xml as part xcvc1902-vsva2197-2mp-e-s specified in board_part file is either invalid or not available
WARNING: [Board 49-26] cannot add Board Part xilinx.com:vck190:part0:3.0 available at /tools/Xilinx/Vivado/2022.2/data/xhub/boards/XilinxBoardStore/boards/Xilinx/vck190/production/3.0/board.xml as part xcvc1902-vsva2197-2mp-e-s specified in board_part file is either invalid or not available
WARNING: [Board 49-26] cannot add Board Part xilinx.com:vck190:part0:3.1 available at /tools/Xilinx/Vivado/2022.2/data/xhub/boards/XilinxBoardStore/boards/Xilinx/vck190/production/3.1/board.xml as part xcvc1902-vsva2197-2mp-e-s specified in board_part file is either invalid or not available
WARNING: [Board 49-26] cannot add Board Part xilinx.com:vck190_newl:part0:1.0 available at /tools/Xilinx/Vivado/2022.2/data/xhub/boards/XilinxBoardStore/boards/Xilinx/vck190_newl/production/1.0/board.xml as part xcvc1902-vsva2197-2mp-e-s specified in board_part file is either invalid or not available
WARNING: [Board 49-26] cannot add Board Part xilinx.com:vcu108:part0:1.6 available at /tools/Xilinx/Vivado/2022.2/data/xhub/boards/XilinxBoardStore/boards/Xilinx/vcu108/1.6/board.xml as part xcvu095-ffva2104-2-e specified in board_part file is either invalid or not available
WARNING: [Board 49-26] cannot add Board Part xilinx.com:vcu108:part0:1.7 available at /tools/Xilinx/Vivado/2022.2/data/xhub/boards/XilinxBoardStore/boards/Xilinx/vcu108/1.7/board.xml as part xcvu095-ffva2104-2-e specified in board_part file is either invalid or not available
WARNING: [Board 49-26] cannot add Board Part xilinx.com:vcu110:part0:1.4 available at /tools/Xilinx/Vivado/2022.2/data/xhub/boards/XilinxBoardStore/boards/Xilinx/vcu110/1.4/board.xml as part xcvu190-flgc2104-2-e specified in board_part file is either invalid or not available
WARNING: [Board 49-26] cannot add Board Part xilinx.com:vek280_es:part0:1.0 available at /tools/Xilinx/Vivado/2022.2/data/xhub/boards/XilinxBoardStore/boards/Xilinx/vek280/es/1.0/board.xml as part xcve2802-vsvh1760-2lp-e-s-es1 specified in board_part file is either invalid or not available
WARNING: [Board 49-26] cannot add Board Part xilinx.com:vermeo_t1_rfsoc:part0:1.0 available at /tools/Xilinx/Vivado/2022.2/data/xhub/boards/XilinxBoardStore/boards/Xilinx/vermeo_t1_rfsoc/1.0/board.xml as part xczu21dr-ffvd1156-2l-e specified in board_part file is either invalid or not available
WARNING: [Board 49-26] cannot add Board Part xilinx.com:vhk158_es:part0:1.0 available at /tools/Xilinx/Vivado/2022.2/data/xhub/boards/XilinxBoardStore/boards/Xilinx/vhk158/es/1.0/board.xml as part xcvh1582-vsva3697-2mp-e-s-es1 specified in board_part file is either invalid or not available
WARNING: [Board 49-26] cannot add Board Part xilinx.com:vmk180:part0:2.2 available at /tools/Xilinx/Vivado/2022.2/data/xhub/boards/XilinxBoardStore/boards/Xilinx/vmk180/production/2.2/board.xml as part xcvm1802-vsva2197-2mp-e-s specified in board_part file is either invalid or not available
WARNING: [Board 49-26] cannot add Board Part xilinx.com:vmk180:part0:3.0 available at /tools/Xilinx/Vivado/2022.2/data/xhub/boards/XilinxBoardStore/boards/Xilinx/vmk180/production/3.0/board.xml as part xcvm1802-vsva2197-2mp-e-s specified in board_part file is either invalid or not available
WARNING: [Board 49-26] cannot add Board Part xilinx.com:vmk180:part0:3.1 available at /tools/Xilinx/Vivado/2022.2/data/xhub/boards/XilinxBoardStore/boards/Xilinx/vmk180/production/3.1/board.xml as part xcvm1802-vsva2197-2mp-e-s specified in board_part file is either invalid or not available
WARNING: [Board 49-26] cannot add Board Part xilinx.com:vmk180_newl:part0:1.0 available at /tools/Xilinx/Vivado/2022.2/data/xhub/boards/XilinxBoardStore/boards/Xilinx/vmk180_newl/production/1.0/board.xml as part xcvm1802-vsva2197-2mp-e-s specified in board_part file is either invalid or not available
WARNING: [Board 49-26] cannot add Board Part xilinx.com:vpk120:part0:1.0 available at /tools/Xilinx/Vivado/2022.2/data/xhub/boards/XilinxBoardStore/boards/Xilinx/vpk120/production/1.0/board.xml as part xcvp1202-vsva2785-2mp-e-s specified in board_part file is either invalid or not available
WARNING: [Board 49-26] cannot add Board Part xilinx.com:vpk120_es:part0:1.2 available at /tools/Xilinx/Vivado/2022.2/data/xhub/boards/XilinxBoardStore/boards/Xilinx/vpk120/es/1.2/board.xml as part xcvp1202-vsva2785-2mp-e-s-es1 specified in board_part file is either invalid or not available
WARNING: [Board 49-26] cannot add Board Part xilinx.com:vpk120_es_revb:part0:1.0 available at /tools/Xilinx/Vivado/2022.2/data/xhub/boards/XilinxBoardStore/boards/Xilinx/vpk120_revb/es/1.0/board.xml as part xcvp1202-vsva2785-2mp-e-s-es1 specified in board_part file is either invalid or not available
WARNING: [Board 49-26] cannot add Board Part xilinx.com:vpk180_es:part0:1.0 available at /tools/Xilinx/Vivado/2022.2/data/xhub/boards/XilinxBoardStore/boards/Xilinx/vpk180/es/1.0/board.xml as part xcvp1802-lsvc4072-2mp-e-s-es1 specified in board_part file is either invalid or not available
WARNING: [Board 49-26] cannot add Board Part xilinx.com:zc702:part0:1.4 available at /tools/Xilinx/Vivado/2022.2/data/xhub/boards/XilinxBoardStore/boards/Xilinx/zc702/1.4/board.xml as part xc7z020clg484-1 specified in board_part file is either invalid or not available
WARNING: [Board 49-26] cannot add Board Part xilinx.com:zc706:part0:1.4 available at /tools/Xilinx/Vivado/2022.2/data/xhub/boards/XilinxBoardStore/boards/Xilinx/zc706/1.4/board.xml as part xc7z045ffg900-2 specified in board_part file is either invalid or not available
WARNING: [Board 49-26] cannot add Board Part xilinx.com:zcu111:part0:1.2 available at /tools/Xilinx/Vivado/2022.2/data/xhub/boards/XilinxBoardStore/boards/Xilinx/zcu111/1.2/board.xml as part xczu28dr-ffvg1517-2-e specified in board_part file is either invalid or not available
WARNING: [Board 49-26] cannot add Board Part xilinx.com:zcu111:part0:1.3 available at /tools/Xilinx/Vivado/2022.2/data/xhub/boards/XilinxBoardStore/boards/Xilinx/zcu111/1.3/board.xml as part xczu28dr-ffvg1517-2-e specified in board_part file is either invalid or not available
WARNING: [Board 49-26] cannot add Board Part xilinx.com:zcu111:part0:1.4 available at /tools/Xilinx/Vivado/2022.2/data/xhub/boards/XilinxBoardStore/boards/Xilinx/zcu111/1.4/board.xml as part xczu28dr-ffvg1517-2-e specified in board_part file is either invalid or not available
WARNING: [Board 49-26] cannot add Board Part xilinx.com:zcu1275:part0:1.0 available at /tools/Xilinx/Vivado/2022.2/data/xhub/boards/XilinxBoardStore/boards/Xilinx/zcu1275/1.0/board.xml as part xczu29dr-ffvf1760-2-e specified in board_part file is either invalid or not available
WARNING: [Board 49-26] cannot add Board Part xilinx.com:zcu1285:part0:1.0 available at /tools/Xilinx/Vivado/2022.2/data/xhub/boards/XilinxBoardStore/boards/Xilinx/zcu1285/1.0/board.xml as part xczu39dr-ffvf1760-2-i specified in board_part file is either invalid or not available
WARNING: [Board 49-26] cannot add Board Part xilinx.com:zcu208:part0:2.0 available at /tools/Xilinx/Vivado/2022.2/data/xhub/boards/XilinxBoardStore/boards/Xilinx/zcu208/production/2.0/board.xml as part xczu48dr-fsvg1517-2-e specified in board_part file is either invalid or not available
WARNING: [Board 49-26] cannot add Board Part xilinx.com:zcu208ld:part0:2.0 available at /tools/Xilinx/Vivado/2022.2/data/xhub/boards/XilinxBoardStore/boards/Xilinx/zcu208ld/production/2.0/board.xml as part xczu58dr-fsvg1517-2-i specified in board_part file is either invalid or not available
WARNING: [Board 49-26] cannot add Board Part xilinx.com:zcu216:part0:2.0 available at /tools/Xilinx/Vivado/2022.2/data/xhub/boards/XilinxBoardStore/boards/Xilinx/zcu216/production/2.0/board.xml as part xczu49dr-ffvf1760-2-e specified in board_part file is either invalid or not available
WARNING: [Board 49-26] cannot add Board Part xilinx.com:zcu216ld:part0:2.0 available at /tools/Xilinx/Vivado/2022.2/data/xhub/boards/XilinxBoardStore/boards/Xilinx/zcu216ld/production/2.0/board.xml as part xczu59dr-ffvf1760-2-i specified in board_part file is either invalid or not available
WARNING: [Board 49-26] cannot add Board Part xilinx.com:zcu670:part0:2.0 available at /tools/Xilinx/Vivado/2022.2/data/xhub/boards/XilinxBoardStore/boards/Xilinx/zcu670/2.0/board.xml as part xczu67dr-fsve1156-2-i specified in board_part file is either invalid or not available
WARNING: [Board 49-26] cannot add Board Part xilinx.com:zcu670ld:part0:1.0 available at /tools/Xilinx/Vivado/2022.2/data/xhub/boards/XilinxBoardStore/boards/Xilinx/zcu670ld/1.0/board.xml as part xczu57dr-fsve1156-2-i specified in board_part file is either invalid or not available
open_project /home/user/Documents/kria-vitis-platforms/kv260/platforms/vivado/kv260_ispMipiRx_vcu_DP/project/kv260_ispMipiRx_vcu_DP.xpr
Scanning sources...
Finished scanning sources
INFO: [IP_Flow 19-234] Refreshing IP repositories
INFO: [IP_Flow 19-1700] Loaded user IP repository '/home/user/Documents/kria-vitis-platforms/kv260/platforms/vivado/kv260_ispMipiRx_vcu_DP/ip'.
INFO: [IP_Flow 19-2313] Loaded Vivado IP repository '/tools/Xilinx/Vivado/2022.2/data/ip'.
WARNING: [IP_Flow 19-3664] IP 'kv260_ispMipiRx_vcu_DP_v_frmbuf_wr_0_0' generated file not found '/home/user/Documents/kria-vitis-platforms/kv260/platforms/vivado/kv260_ispMipiRx_vcu_DP/project/kv260_ispMipiRx_vcu_DP.gen/sources_1/bd/kv260_ispMipiRx_vcu_DP/ip/kv260_ispMipiRx_vcu_DP_v_frmbuf_wr_0_0/kv260_ispMipiRx_vcu_DP_v_frmbuf_wr_0_0.dcp'. Please regenerate to continue.
WARNING: [IP_Flow 19-3664] IP 'kv260_ispMipiRx_vcu_DP_v_frmbuf_wr_0_0' generated file not found '/home/user/Documents/kria-vitis-platforms/kv260/platforms/vivado/kv260_ispMipiRx_vcu_DP/project/kv260_ispMipiRx_vcu_DP.gen/sources_1/bd/kv260_ispMipiRx_vcu_DP/ip/kv260_ispMipiRx_vcu_DP_v_frmbuf_wr_0_0/kv260_ispMipiRx_vcu_DP_v_frmbuf_wr_0_0_stub.v'. Please regenerate to continue.
WARNING: [IP_Flow 19-3664] IP 'kv260_ispMipiRx_vcu_DP_v_frmbuf_wr_0_0' generated file not found '/home/user/Documents/kria-vitis-platforms/kv260/platforms/vivado/kv260_ispMipiRx_vcu_DP/project/kv260_ispMipiRx_vcu_DP.gen/sources_1/bd/kv260_ispMipiRx_vcu_DP/ip/kv260_ispMipiRx_vcu_DP_v_frmbuf_wr_0_0/kv260_ispMipiRx_vcu_DP_v_frmbuf_wr_0_0_stub.vhdl'. Please regenerate to continue.
WARNING: [IP_Flow 19-3664] IP 'kv260_ispMipiRx_vcu_DP_v_frmbuf_wr_0_0' generated file not found '/home/user/Documents/kria-vitis-platforms/kv260/platforms/vivado/kv260_ispMipiRx_vcu_DP/project/kv260_ispMipiRx_vcu_DP.gen/sources_1/bd/kv260_ispMipiRx_vcu_DP/ip/kv260_ispMipiRx_vcu_DP_v_frmbuf_wr_0_0/kv260_ispMipiRx_vcu_DP_v_frmbuf_wr_0_0_sim_netlist.v'. Please regenerate to continue.
WARNING: [IP_Flow 19-3664] IP 'kv260_ispMipiRx_vcu_DP_v_frmbuf_wr_0_0' generated file not found '/home/user/Documents/kria-vitis-platforms/kv260/platforms/vivado/kv260_ispMipiRx_vcu_DP/project/kv260_ispMipiRx_vcu_DP.gen/sources_1/bd/kv260_ispMipiRx_vcu_DP/ip/kv260_ispMipiRx_vcu_DP_v_frmbuf_wr_0_0/kv260_ispMipiRx_vcu_DP_v_frmbuf_wr_0_0_sim_netlist.vhdl'. Please regenerate to continue.
open_project: Time (s): cpu = 00:00:15 ; elapsed = 00:00:08 . Memory (MB): peak = 6799.941 ; gain = 503.211 ; free physical = 3577 ; free virtual = 13843
update_compile_order -fileset sources_1
source capture_pipeline_raspi.tcl
# namespace eval _tcl {
# proc get_script_folder {} {
#    set script_path [file normalize [info script]]
#    set script_folder [file dirname $script_path]
#    return $script_folder
# }
# }
# variable script_folder
# set script_folder [_tcl::get_script_folder]
# set scripts_vivado_version 2022.2
# set current_vivado_version [version -short]
# if { [string first $scripts_vivado_version $current_vivado_version] == -1 } {
#    puts ""
#    catch {common::send_gid_msg -ssname BD::TCL -id 2041 -severity "ERROR" "This script was generated using Vivado <$scripts_vivado_version> and is being run in <$current_vivado_version> of Vivado. Please run the script in Vivado <$scripts_vivado_version> then open the design in Vivado <$current_vivado_version>. Upgrade the design by running \"Tools => Report => Report IP Status...\", then run write_bd_tcl to create an updated script."}
# 
#    return 1
# }
# set bCheckIPsPassed 1
# set bCheckIPs 1
# if { $bCheckIPs == 1 } {
#    set list_check_ips "\ 
# xilinx.com:hls:ISPPipeline_accel:1.0\
# xilinx.com:ip:mipi_csi2_rx_subsystem:5.1\
# xilinx.com:ip:v_frmbuf_wr:2.4\
# xilinx.com:ip:v_proc_ss:2.3\
# xilinx.com:ip:xlslice:1.0\
# "
# 
#    set list_ips_missing ""
#    common::send_gid_msg -ssname BD::TCL -id 2011 -severity "INFO" "Checking if the following IPs exist in the project's IP catalog: $list_check_ips ."
# 
#    foreach ip_vlnv $list_check_ips {
#       set ip_obj [get_ipdefs -all $ip_vlnv]
#       if { $ip_obj eq "" } {
#          lappend list_ips_missing $ip_vlnv
#       }
#    }
# 
#    if { $list_ips_missing ne "" } {
#       catch {common::send_gid_msg -ssname BD::TCL -id 2012 -severity "ERROR" "The following IPs are not found in the IP Catalog:\n  $list_ips_missing\n\nResolution: Please add the repository containing the IP(s) to the project." }
#       set bCheckIPsPassed 0
#    }
# 
# }
INFO: [BD::TCL 103-2011] Checking if the following IPs exist in the project's IP catalog:  
xilinx.com:hls:ISPPipeline_accel:1.0 xilinx.com:ip:mipi_csi2_rx_subsystem:5.1 xilinx.com:ip:v_frmbuf_wr:2.4 xilinx.com:ip:v_proc_ss:2.3 xilinx.com:ip:xlslice:1.0  .
WARNING: [Coretcl 2-175] No Catalog IPs found
ERROR: [BD::TCL 103-2012] The following IPs are not found in the IP Catalog:
  xilinx.com:ip:mipi_csi2_rx_subsystem:5.1

Resolution: Please add the repository containing the IP(s) to the project.
# if { $bCheckIPsPassed != 1 } {
#   common::send_gid_msg -ssname BD::TCL -id 2023 -severity "WARNING" "Will not continue with creation of design due to the error(s) above."
#   return 3
# }
WARNING: [BD::TCL 103-2023] Will not continue with creation of design due to the error(s) above.
3
source capture_pipeline_raspi.tcl
# namespace eval _tcl {
# proc get_script_folder {} {
#    set script_path [file normalize [info script]]
#    set script_folder [file dirname $script_path]
#    return $script_folder
# }
# }
# variable script_folder
# set script_folder [_tcl::get_script_folder]
# set scripts_vivado_version 2022.2
# set current_vivado_version [version -short]
# if { [string first $scripts_vivado_version $current_vivado_version] == -1 } {
#    puts ""
#    catch {common::send_gid_msg -ssname BD::TCL -id 2041 -severity "ERROR" "This script was generated using Vivado <$scripts_vivado_version> and is being run in <$current_vivado_version> of Vivado. Please run the script in Vivado <$scripts_vivado_version> then open the design in Vivado <$current_vivado_version>. Upgrade the design by running \"Tools => Report => Report IP Status...\", then run write_bd_tcl to create an updated script."}
# 
#    return 1
# }
# set bCheckIPsPassed 1
# set bCheckIPs 1
# if { $bCheckIPs == 1 } {
#    set list_check_ips "\ 
# xilinx.com:hls:ISPPipeline_accel:1.0\
# xilinx.com:ip:mipi_csi2_rx_subsystem:5.1\
# xilinx.com:ip:v_frmbuf_wr:2.4\
# xilinx.com:ip:v_proc_ss:2.3\
# xilinx.com:ip:xlslice:1.0\
# "
# 
#    set list_ips_missing ""
#    common::send_gid_msg -ssname BD::TCL -id 2011 -severity "INFO" "Checking if the following IPs exist in the project's IP catalog: $list_check_ips ."
# 
#    foreach ip_vlnv $list_check_ips {
#       set ip_obj [get_ipdefs -all $ip_vlnv]
#       if { $ip_obj eq "" } {
#          lappend list_ips_missing $ip_vlnv
#       }
#    }
# 
#    if { $list_ips_missing ne "" } {
#       catch {common::send_gid_msg -ssname BD::TCL -id 2012 -severity "ERROR" "The following IPs are not found in the IP Catalog:\n  $list_ips_missing\n\nResolution: Please add the repository containing the IP(s) to the project." }
#       set bCheckIPsPassed 0
#    }
# 
# }
INFO: [BD::TCL 103-2011] Checking if the following IPs exist in the project's IP catalog:  
xilinx.com:hls:ISPPipeline_accel:1.0 xilinx.com:ip:mipi_csi2_rx_subsystem:5.1 xilinx.com:ip:v_frmbuf_wr:2.4 xilinx.com:ip:v_proc_ss:2.3 xilinx.com:ip:xlslice:1.0  .
WARNING: [Coretcl 2-175] No Catalog IPs found
ERROR: [BD::TCL 103-2012] The following IPs are not found in the IP Catalog:
  xilinx.com:ip:mipi_csi2_rx_subsystem:5.1

Resolution: Please add the repository containing the IP(s) to the project.
# if { $bCheckIPsPassed != 1 } {
#   common::send_gid_msg -ssname BD::TCL -id 2023 -severity "WARNING" "Will not continue with creation of design due to the error(s) above."
#   return 3
# }
WARNING: [BD::TCL 103-2023] Will not continue with creation of design due to the error(s) above.
3
INFO: [Device 21-403] Loading part xck26-sfvc784-2LV-c
source capture_pipeline_raspi.tcl
# namespace eval _tcl {
# proc get_script_folder {} {
#    set script_path [file normalize [info script]]
#    set script_folder [file dirname $script_path]
#    return $script_folder
# }
# }
# variable script_folder
# set script_folder [_tcl::get_script_folder]
# set scripts_vivado_version 2022.2
# set current_vivado_version [version -short]
# if { [string first $scripts_vivado_version $current_vivado_version] == -1 } {
#    puts ""
#    catch {common::send_gid_msg -ssname BD::TCL -id 2041 -severity "ERROR" "This script was generated using Vivado <$scripts_vivado_version> and is being run in <$current_vivado_version> of Vivado. Please run the script in Vivado <$scripts_vivado_version> then open the design in Vivado <$current_vivado_version>. Upgrade the design by running \"Tools => Report => Report IP Status...\", then run write_bd_tcl to create an updated script."}
# 
#    return 1
# }
# set bCheckIPsPassed 1
# set bCheckIPs 1
# if { $bCheckIPs == 1 } {
#    set list_check_ips "\ 
# xilinx.com:hls:ISPPipeline_accel:1.0\
# xilinx.com:ip:mipi_csi2_rx_subsystem:5.2\
# xilinx.com:ip:v_frmbuf_wr:2.4\
# xilinx.com:ip:v_proc_ss:2.3\
# xilinx.com:ip:xlslice:1.0\
# "
# 
#    set list_ips_missing ""
#    common::send_gid_msg -ssname BD::TCL -id 2011 -severity "INFO" "Checking if the following IPs exist in the project's IP catalog: $list_check_ips ."
# 
#    foreach ip_vlnv $list_check_ips {
#       set ip_obj [get_ipdefs -all $ip_vlnv]
#       if { $ip_obj eq "" } {
#          lappend list_ips_missing $ip_vlnv
#       }
#    }
# 
#    if { $list_ips_missing ne "" } {
#       catch {common::send_gid_msg -ssname BD::TCL -id 2012 -severity "ERROR" "The following IPs are not found in the IP Catalog:\n  $list_ips_missing\n\nResolution: Please add the repository containing the IP(s) to the project." }
#       set bCheckIPsPassed 0
#    }
# 
# }
INFO: [BD::TCL 103-2011] Checking if the following IPs exist in the project's IP catalog:  
xilinx.com:hls:ISPPipeline_accel:1.0 xilinx.com:ip:mipi_csi2_rx_subsystem:5.2 xilinx.com:ip:v_frmbuf_wr:2.4 xilinx.com:ip:v_proc_ss:2.3 xilinx.com:ip:xlslice:1.0  .
# if { $bCheckIPsPassed != 1 } {
#   common::send_gid_msg -ssname BD::TCL -id 2023 -severity "WARNING" "Will not continue with creation of design due to the error(s) above."
#   return 3
# }
# proc create_hier_cell_capture_pipeline_raspi { parentCell nameHier } {
# 
#   variable script_folder
# 
#   if { $parentCell eq "" || $nameHier eq "" } {
#      catch {common::send_gid_msg -ssname BD::TCL -id 2092 -severity "ERROR" "create_hier_cell_capture_pipeline_raspi() - Empty argument(s)!"}
#      return
#   }
# 
#   # Get object for parentCell
#   set parentObj [get_bd_cells $parentCell]
#   if { $parentObj == "" } {
#      catch {common::send_gid_msg -ssname BD::TCL -id 2090 -severity "ERROR" "Unable to find parent cell <$parentCell>!"}
#      return
#   }
# 
#   # Make sure parentObj is hier blk
#   set parentType [get_property TYPE $parentObj]
#   if { $parentType ne "hier" } {
#      catch {common::send_gid_msg -ssname BD::TCL -id 2091 -severity "ERROR" "Parent <$parentObj> has TYPE = <$parentType>. Expected to be <hier>."}
#      return
#   }
# 
#   # Save current instance; Restore later
#   set oldCurInst [current_bd_instance .]
# 
#   # Set parent object as current
#   current_bd_instance $parentObj
# 
#   # Create cell and set as current instance
#   set hier_obj [create_bd_cell -type hier $nameHier]
#   current_bd_instance $hier_obj
# 
#   # Create interface pins
#   create_bd_intf_pin -mode Slave -vlnv xilinx.com:interface:aximm_rtl:1.0 csirxss_s_axi
# 
#   create_bd_intf_pin -mode Master -vlnv xilinx.com:interface:aximm_rtl:1.0 m_axi_mm_video
# 
#   create_bd_intf_pin -mode Slave -vlnv xilinx.com:interface:mipi_phy_rtl:1.0 mipi_phy_if
# 
#   create_bd_intf_pin -mode Slave -vlnv xilinx.com:interface:aximm_rtl:1.0 s_axi_ctrl_dem
# 
#   create_bd_intf_pin -mode Slave -vlnv xilinx.com:interface:aximm_rtl:1.0 s_axi_ctrl_frmbuf
# 
#   create_bd_intf_pin -mode Slave -vlnv xilinx.com:interface:aximm_rtl:1.0 s_axi_ctrl_vpss
# 
# 
#   # Create pins
#   create_bd_pin -dir I -from 91 -to 0 Din
#   create_bd_pin -dir I -type clk aclk
#   create_bd_pin -dir I -type rst aresetn
#   create_bd_pin -dir O -type intr csirxss_csi_irq
#   create_bd_pin -dir O -type intr dem_irq
#   create_bd_pin -dir I -type clk dphy_clk_200M
#   create_bd_pin -dir O -type intr frm_buf_irq
#   create_bd_pin -dir I -type clk lite_aclk
#   create_bd_pin -dir I -type rst lite_aresetn
# 
#   # Create instance: ISPPipeline_accel_0, and set properties
#   set ISPPipeline_accel_0 [ create_bd_cell -type ip -vlnv xilinx.com:hls:ISPPipeline_accel:1.0 ISPPipeline_accel_0 ]
# 
#   # Create instance: mipi_csi2_rx_subsyst_0, and set properties
#   set mipi_csi2_rx_subsyst_0 [ create_bd_cell -type ip -vlnv xilinx.com:ip:mipi_csi2_rx_subsystem:5.1 mipi_csi2_rx_subsyst_0 ]
#   set_property -dict [ list \
#    CONFIG.AXIS_TDEST_WIDTH {4} \
#    CONFIG.CLK_LANE_IO_LOC {D7} \
#    CONFIG.CLK_LANE_IO_LOC_NAME {IO_L13P_T2L_N0_GC_QBC_66} \
#    CONFIG.CMN_NUM_LANES {2} \
#    CONFIG.CMN_NUM_PIXELS {1} \
#    CONFIG.CMN_PXL_FORMAT {RAW10} \
#    CONFIG.CMN_VC {All} \
#    CONFIG.CSI_BUF_DEPTH {512} \
#    CONFIG.C_CLK_LANE_IO_POSITION {26} \
#    CONFIG.C_CSI_EN_ACTIVELANES {false} \
#    CONFIG.C_CSI_EN_CRC {false} \
#    CONFIG.C_CSI_FILTER_USERDATATYPE {false} \
#    CONFIG.C_DATA_LANE0_IO_POSITION {28} \
#    CONFIG.C_DATA_LANE1_IO_POSITION {30} \
#    CONFIG.C_DATA_LANE2_IO_POSITION {19} \
#    CONFIG.C_DATA_LANE3_IO_POSITION {21} \
#    CONFIG.C_DPHY_LANES {2} \
#    CONFIG.C_EN_BG0_PIN0 {false} \
#    CONFIG.C_EN_BG1_PIN0 {false} \
#    CONFIG.C_EN_CSI_V2_0 {false} \
#    CONFIG.C_HS_LINE_RATE {912} \
#    CONFIG.C_HS_SETTLE_NS {145} \
#    CONFIG.C_STRETCH_LINE_RATE {1500} \
#    CONFIG.DATA_LANE0_IO_LOC {E5} \
#    CONFIG.DATA_LANE0_IO_LOC_NAME {IO_L14P_T2L_N2_GC_66} \
#    CONFIG.DATA_LANE1_IO_LOC {G6} \
#    CONFIG.DATA_LANE1_IO_LOC_NAME {IO_L15P_T2L_N4_AD11P_66} \
#    CONFIG.DPHYRX_BOARD_INTERFACE {som240_1_connector_mipi_csi_raspi} \
#    CONFIG.DPY_EN_REG_IF {true} \
#    CONFIG.DPY_LINE_RATE {912} \
#    CONFIG.HP_IO_BANK_SELECTION {66} \
#    CONFIG.SupportLevel {1} \
#  ] $mipi_csi2_rx_subsyst_0
# 
#   # Create instance: v_frmbuf_wr_0, and set properties
#   set v_frmbuf_wr_0 [ create_bd_cell -type ip -vlnv xilinx.com:ip:v_frmbuf_wr:2.4 v_frmbuf_wr_0 ]
#   set_property -dict [ list \
#    CONFIG.AXIMM_DATA_WIDTH {64} \
#    CONFIG.C_M_AXI_MM_VIDEO_DATA_WIDTH {64} \
#    CONFIG.HAS_BGR8 {1} \
#    CONFIG.HAS_BGRX8 {0} \
#    CONFIG.HAS_RGB8 {1} \
#    CONFIG.HAS_UYVY8 {0} \
#    CONFIG.HAS_YUV8 {0} \
#    CONFIG.HAS_Y_UV8 {0} \
#    CONFIG.HAS_Y_UV8_420 {1} \
#    CONFIG.MAX_COLS {1920} \
#    CONFIG.MAX_NR_PLANES {2} \
#    CONFIG.MAX_ROWS {1080} \
#    CONFIG.SAMPLES_PER_CLOCK {1} \
#  ] $v_frmbuf_wr_0
# 
#   # Create instance: v_proc_ss_0, and set properties
#   set v_proc_ss_0 [ create_bd_cell -type ip -vlnv xilinx.com:ip:v_proc_ss:2.3 v_proc_ss_0 ]
#   set_property -dict [ list \
#    CONFIG.C_COLORSPACE_SUPPORT {0} \
#    CONFIG.C_ENABLE_CSC {true} \
#    CONFIG.C_MAX_COLS {1920} \
#    CONFIG.C_MAX_DATA_WIDTH {8} \
#    CONFIG.C_MAX_ROWS {1080} \
#    CONFIG.C_SAMPLES_PER_CLK {1} \
#    CONFIG.C_TOPOLOGY {0} \
#  ] $v_proc_ss_0
# 
#   # Create instance: xlslice_4, and set properties
#   set xlslice_4 [ create_bd_cell -type ip -vlnv xilinx.com:ip:xlslice:1.0 xlslice_4 ]
#   set_property -dict [ list \
#    CONFIG.DIN_FROM {4} \
#    CONFIG.DIN_TO {4} \
#    CONFIG.DIN_WIDTH {92} \
#    CONFIG.DOUT_WIDTH {1} \
#  ] $xlslice_4
# 
#   # Create instance: xlslice_5, and set properties
#   set xlslice_5 [ create_bd_cell -type ip -vlnv xilinx.com:ip:xlslice:1.0 xlslice_5 ]
#   set_property -dict [ list \
#    CONFIG.DIN_FROM {5} \
#    CONFIG.DIN_TO {5} \
#    CONFIG.DIN_WIDTH {92} \
#    CONFIG.DOUT_WIDTH {1} \
#  ] $xlslice_5
# 
#   # Create instance: xlslice_6, and set properties
#   set xlslice_6 [ create_bd_cell -type ip -vlnv xilinx.com:ip:xlslice:1.0 xlslice_6 ]
#   set_property -dict [ list \
#    CONFIG.DIN_FROM {6} \
#    CONFIG.DIN_TO {6} \
#    CONFIG.DIN_WIDTH {92} \
#    CONFIG.DOUT_WIDTH {1} \
#  ] $xlslice_6
# 
#   # Create interface connections
#   connect_bd_intf_net -intf_net Conn2 [get_bd_intf_pins s_axi_ctrl_vpss] [get_bd_intf_pins v_proc_ss_0/s_axi_ctrl]
#   connect_bd_intf_net -intf_net ISPPipeline_accel_0_m_axis_video [get_bd_intf_pins ISPPipeline_accel_0/m_axis_video] [get_bd_intf_pins v_proc_ss_0/s_axis]
#   connect_bd_intf_net -intf_net axi_interconnect_0_M00_AXI [get_bd_intf_pins csirxss_s_axi] [get_bd_intf_pins mipi_csi2_rx_subsyst_0/csirxss_s_axi]
#   connect_bd_intf_net -intf_net axi_interconnect_0_M11_AXI [get_bd_intf_pins s_axi_ctrl_frmbuf] [get_bd_intf_pins v_frmbuf_wr_0/s_axi_CTRL]
#   connect_bd_intf_net -intf_net mipi_csi2_rx_subsyst_0_video_out [get_bd_intf_pins ISPPipeline_accel_0/s_axis_video] [get_bd_intf_pins mipi_csi2_rx_subsyst_0/video_out]
#   connect_bd_intf_net -intf_net mipi_phy_if_1 [get_bd_intf_pins mipi_phy_if] [get_bd_intf_pins mipi_csi2_rx_subsyst_0/mipi_phy_if]
#   connect_bd_intf_net -intf_net s_axi_ctrl_dem_1 [get_bd_intf_pins s_axi_ctrl_dem] [get_bd_intf_pins ISPPipeline_accel_0/s_axi_CTRL]
#   connect_bd_intf_net -intf_net v_frmbuf_wr_1_m_axi_mm_video [get_bd_intf_pins m_axi_mm_video] [get_bd_intf_pins v_frmbuf_wr_0/m_axi_mm_video]
#   connect_bd_intf_net -intf_net v_proc_ss_0_m_axis [get_bd_intf_pins v_frmbuf_wr_0/s_axis_video] [get_bd_intf_pins v_proc_ss_0/m_axis]
# 
#   # Create port connections
#   connect_bd_net -net Din_1 [get_bd_pins Din] [get_bd_pins xlslice_4/Din] [get_bd_pins xlslice_5/Din] [get_bd_pins xlslice_6/Din]
#   connect_bd_net -net ISPPipeline_accel_0_interrupt [get_bd_pins dem_irq] [get_bd_pins ISPPipeline_accel_0/interrupt]
#   connect_bd_net -net clk_wiz_0_clk_100M [get_bd_pins lite_aclk] [get_bd_pins mipi_csi2_rx_subsyst_0/lite_aclk]
#   connect_bd_net -net clk_wiz_0_clk_200M [get_bd_pins dphy_clk_200M] [get_bd_pins mipi_csi2_rx_subsyst_0/dphy_clk_200M]
#   connect_bd_net -net clk_wiz_0_clk_300M [get_bd_pins aclk] [get_bd_pins ISPPipeline_accel_0/ap_clk] [get_bd_pins mipi_csi2_rx_subsyst_0/video_aclk] [get_bd_pins v_frmbuf_wr_0/ap_clk] [get_bd_pins v_proc_ss_0/aclk_axis] [get_bd_pins v_proc_ss_0/aclk_ctrl]
#   connect_bd_net -net mipi_csi2_rx_subsyst_0_csirxss_csi_irq [get_bd_pins csirxss_csi_irq] [get_bd_pins mipi_csi2_rx_subsyst_0/csirxss_csi_irq]
#   connect_bd_net -net proc_sys_reset_1_peripheral_aresetn [get_bd_pins aresetn] [get_bd_pins mipi_csi2_rx_subsyst_0/video_aresetn]
#   connect_bd_net -net proc_sys_reset_2_peripheral_aresetn [get_bd_pins lite_aresetn] [get_bd_pins mipi_csi2_rx_subsyst_0/lite_aresetn]
#   connect_bd_net -net v_frmbuf_wr_1_interrupt [get_bd_pins frm_buf_irq] [get_bd_pins v_frmbuf_wr_0/interrupt]
#   connect_bd_net -net xlslice_1_Dout [get_bd_pins v_proc_ss_0/aresetn_ctrl] [get_bd_pins xlslice_5/Dout]
#   connect_bd_net -net xlslice_2_Dout [get_bd_pins v_frmbuf_wr_0/ap_rst_n] [get_bd_pins xlslice_6/Dout]
#   connect_bd_net -net xlslice_4_Dout [get_bd_pins ISPPipeline_accel_0/ap_rst_n] [get_bd_pins xlslice_4/Dout]
# 
#   # Restore current instance
#   current_bd_instance $oldCurInst
# }
# proc available_tcl_procs { } {
#    puts "##################################################################"
#    puts "# Available Tcl procedures to recreate hierarchical blocks:"
#    puts "#"
#    puts "#    create_hier_cell_capture_pipeline_raspi parentCell nameHier"
#    puts "#"
#    puts "##################################################################"
# }
# available_tcl_procs
##################################################################
# Available Tcl procedures to recreate hierarchical blocks:
#
#    create_hier_cell_capture_pipeline_raspi parentCell nameHier
#
##################################################################
open_bd_design {/home/user/Documents/kria-vitis-platforms/kv260/platforms/vivado/kv260_ispMipiRx_vcu_DP/project/kv260_ispMipiRx_vcu_DP.srcs/sources_1/bd/kv260_ispMipiRx_vcu_DP/kv260_ispMipiRx_vcu_DP.bd}
Reading block design file </home/user/Documents/kria-vitis-platforms/kv260/platforms/vivado/kv260_ispMipiRx_vcu_DP/project/kv260_ispMipiRx_vcu_DP.srcs/sources_1/bd/kv260_ispMipiRx_vcu_DP/kv260_ispMipiRx_vcu_DP.bd>...
Adding component instance block -- xilinx.com:ip:zynq_ultra_ps_e:3.4 - PS_0
Adding component instance block -- xilinx.com:ip:audio_formatter:1.0 - audio_formatter_0
Adding component instance block -- xilinx.com:ip:axi_clock_converter:2.1 - axi_clock_converter_mm2s
Adding component instance block -- xilinx.com:ip:axi_clock_converter:2.1 - axi_clock_converter_s2mm
Adding component instance block -- xilinx.com:ip:clk_wiz:6.0 - clk_wiz_audio
Adding component instance block -- xilinx.com:ip:i2s_receiver:1.0 - i2s_receiver_0
Adding component instance block -- xilinx.com:ip:i2s_transmitter:1.0 - i2s_transmitter_0
Adding component instance block -- xilinx.com:ip:oddr:1.0 - oddr_rx
Adding component instance block -- xilinx.com:ip:oddr:1.0 - oddr_tx
Adding component instance block -- xilinx.com:ip:proc_sys_reset:5.0 - proc_sys_reset_18MHz
Adding component instance block -- xilinx.com:ip:axi_interconnect:2.1 - axi_ic_accel_ctrl
Adding component instance block -- xilinx.com:ip:axi_register_slice:2.1 - s00_regslice
Adding component instance block -- xilinx.com:ip:axi_interconnect:2.1 - axi_ic_audio_mcu
Adding component instance block -- xilinx.com:ip:axi_crossbar:2.1 - xbar
Adding component instance block -- xilinx.com:ip:axi_register_slice:2.1 - s00_regslice
Adding component instance block -- xilinx.com:ip:axi_dwidth_converter:2.1 - auto_us
Adding component instance block -- xilinx.com:ip:axi_register_slice:2.1 - s01_regslice
Adding component instance block -- xilinx.com:ip:axi_dwidth_converter:2.1 - auto_us
Adding component instance block -- xilinx.com:ip:axi_register_slice:2.1 - s02_regslice
Adding component instance block -- xilinx.com:ip:axi_dwidth_converter:2.1 - auto_us
Adding component instance block -- xilinx.com:ip:axi_register_slice:2.1 - m00_regslice
Adding component instance block -- xilinx.com:ip:axi_mmu:2.1 - s00_mmu
Adding component instance block -- xilinx.com:ip:axi_mmu:2.1 - s01_mmu
Adding component instance block -- xilinx.com:ip:axi_mmu:2.1 - s02_mmu
Adding component instance block -- xilinx.com:ip:axi_interconnect:2.1 - axi_ic_ctrl_100
Adding component instance block -- xilinx.com:ip:axi_crossbar:2.1 - xbar
Adding component instance block -- xilinx.com:ip:axi_register_slice:2.1 - s00_regslice
Adding component instance block -- xilinx.com:ip:axi_protocol_converter:2.1 - auto_pc
Adding component instance block -- xilinx.com:ip:axi_interconnect:2.1 - axi_ic_ctrl_300
Adding component instance block -- xilinx.com:ip:axi_protocol_converter:2.1 - auto_pc
Adding component instance block -- xilinx.com:ip:axi_iic:2.1 - axi_iic_0
Adding component instance block -- xilinx.com:ip:axi_vip:1.1 - axi_vip_0
Adding component instance block -- xilinx.com:ip:axis_data_fifo:2.0 - axis_data_fifo_cap
Adding component instance block -- xilinx.com:ip:axis_subset_converter:1.1 - axis_subset_converter_0
Adding component instance block -- xilinx.com:ip:mipi_csi2_rx_subsystem:5.2 - mipi_csi2_rx_subsyst_0
Adding component instance block -- xilinx.com:ip:v_frmbuf_wr:2.4 - v_frmbuf_wr_0
Adding component instance block -- xilinx.com:ip:xlslice:1.0 - xlslice_0
Adding component instance block -- xilinx.com:ip:clk_wiz:6.0 - clk_wiz_0
Adding component instance block -- xilinx.com:ip:proc_sys_reset:5.0 - proc_sys_reset_100MHz
Adding component instance block -- xilinx.com:ip:proc_sys_reset:5.0 - proc_sys_reset_300MHz
Adding component instance block -- xilinx.com:ip:proc_sys_reset:5.0 - proc_sys_reset_600MHz
Adding component instance block -- xilinx.com:ip:axi_interconnect:2.1 - axi_ic_vcu_dec
Adding component instance block -- xilinx.com:ip:axi_crossbar:2.1 - xbar
Adding component instance block -- xilinx.com:ip:axi_register_slice:2.1 - s00_regslice
Adding component instance block -- xilinx.com:ip:axi_register_slice:2.1 - s01_regslice
Adding component instance block -- xilinx.com:ip:axi_register_slice:2.1 - m00_regslice
Adding component instance block -- xilinx.com:ip:axi_mmu:2.1 - s00_mmu
Adding component instance block -- xilinx.com:ip:axi_mmu:2.1 - s01_mmu
Adding component instance block -- xilinx.com:ip:axi_interconnect:2.1 - axi_ic_vcu_enc
Adding component instance block -- xilinx.com:ip:axi_crossbar:2.1 - xbar
Adding component instance block -- xilinx.com:ip:axi_register_slice:2.1 - s00_regslice
Adding component instance block -- xilinx.com:ip:axi_register_slice:2.1 - s01_regslice
Adding component instance block -- xilinx.com:ip:axi_register_slice:2.1 - m00_regslice
Adding component instance block -- xilinx.com:ip:axi_mmu:2.1 - s00_mmu
Adding component instance block -- xilinx.com:ip:axi_mmu:2.1 - s01_mmu
Adding component instance block -- xilinx.com:ip:axi_register_slice:2.1 - axi_reg_slice_vmcu
Adding component instance block -- xilinx.com:ip:vcu:1.2 - vcu_0
INFO: [xilinx.com:ip:vcu:1.2-17] /vcu/vcu_0: Init 
Adding component instance block -- xilinx.com:ip:xlslice:1.0 - xlslice_0
Adding component instance block -- xilinx.com:ip:xlconcat:2.1 - xlconcat_0_0
Adding component instance block -- xilinx.com:ip:xlconstant:1.1 - xlconstant_0
Adding component instance block -- xilinx.com:ip:xlslice:1.0 - xlslice_0
Adding component instance block -- xilinx.com:ip:xlslice:1.0 - xlslice_ttc_0
Successfully read diagram <kv260_ispMipiRx_vcu_DP> from block design file </home/user/Documents/kria-vitis-platforms/kv260/platforms/vivado/kv260_ispMipiRx_vcu_DP/project/kv260_ispMipiRx_vcu_DP.srcs/sources_1/bd/kv260_ispMipiRx_vcu_DP/kv260_ispMipiRx_vcu_DP.bd>
open_bd_design: Time (s): cpu = 00:00:09 ; elapsed = 00:00:06 . Memory (MB): peak = 7813.438 ; gain = 2.352 ; free physical = 2272 ; free virtual = 12735
create_hier_cell_capture_pipeline_raspi ./ raspi_pipeline
ERROR: [BD 5-390] IP definition not found for VLNV: xilinx.com:ip:mipi_csi2_rx_subsystem:5.1 
ERROR: [Common 17-39] 'create_bd_cell' failed due to earlier errors.
undo
INFO: [Common 17-17] undo 'create_bd_cell'
undo
INFO: [Common 17-17] undo 'create_bd_pin'
undo
INFO: [Common 17-17] undo 'create_bd_pin'
undo
INFO: [Common 17-17] undo 'create_bd_pin'
undo
INFO: [Common 17-17] undo 'create_bd_pin'
undo
INFO: [Common 17-17] undo 'create_bd_pin'
undo
INFO: [Common 17-17] undo 'create_bd_pin'
undo
INFO: [Common 17-17] undo 'create_bd_pin'
undo
INFO: [Common 17-17] undo 'create_bd_pin'
undo
INFO: [Common 17-17] undo 'create_bd_pin'
undo
INFO: [Common 17-17] undo 'create_bd_intf_pin'
undo
INFO: [Common 17-17] undo 'create_bd_intf_pin'
undo
INFO: [Common 17-17] undo 'create_bd_intf_pin'
undo
INFO: [Common 17-17] undo 'create_bd_intf_pin'
undo
INFO: [Common 17-17] undo 'create_bd_intf_pin'
undo
INFO: [Common 17-17] undo 'create_bd_intf_pin'
undo
INFO: [Common 17-17] undo 'create_bd_cell'
get_ipdefs *mipi_csi2*
xilinx.com:ip:mipi_csi2_rx_subsystem:5.2 xilinx.com:ip:mipi_csi2_tx_subsystem:2.2
create_hier_cell_capture_pipeline_raspi ./ raspi_pipeline
ERROR: [BD 5-390] IP definition not found for VLNV: xilinx.com:ip:mipi_csi2_rx_subsystem:5.1 
ERROR: [Common 17-39] 'create_bd_cell' failed due to earlier errors.
source capture_pipeline_raspi.tcl
# namespace eval _tcl {
# proc get_script_folder {} {
#    set script_path [file normalize [info script]]
#    set script_folder [file dirname $script_path]
#    return $script_folder
# }
# }
# variable script_folder
# set script_folder [_tcl::get_script_folder]
# set scripts_vivado_version 2022.2
# set current_vivado_version [version -short]
# if { [string first $scripts_vivado_version $current_vivado_version] == -1 } {
#    puts ""
#    catch {common::send_gid_msg -ssname BD::TCL -id 2041 -severity "ERROR" "This script was generated using Vivado <$scripts_vivado_version> and is being run in <$current_vivado_version> of Vivado. Please run the script in Vivado <$scripts_vivado_version> then open the design in Vivado <$current_vivado_version>. Upgrade the design by running \"Tools => Report => Report IP Status...\", then run write_bd_tcl to create an updated script."}
# 
#    return 1
# }
# set bCheckIPsPassed 1
# set bCheckIPs 1
# if { $bCheckIPs == 1 } {
#    set list_check_ips "\ 
# xilinx.com:hls:ISPPipeline_accel:1.0\
# xilinx.com:ip:mipi_csi2_rx_subsystem:5.2\
# xilinx.com:ip:v_frmbuf_wr:2.4\
# xilinx.com:ip:v_proc_ss:2.3\
# xilinx.com:ip:xlslice:1.0\
# "
# 
#    set list_ips_missing ""
#    common::send_gid_msg -ssname BD::TCL -id 2011 -severity "INFO" "Checking if the following IPs exist in the project's IP catalog: $list_check_ips ."
# 
#    foreach ip_vlnv $list_check_ips {
#       set ip_obj [get_ipdefs -all $ip_vlnv]
#       if { $ip_obj eq "" } {
#          lappend list_ips_missing $ip_vlnv
#       }
#    }
# 
#    if { $list_ips_missing ne "" } {
#       catch {common::send_gid_msg -ssname BD::TCL -id 2012 -severity "ERROR" "The following IPs are not found in the IP Catalog:\n  $list_ips_missing\n\nResolution: Please add the repository containing the IP(s) to the project." }
#       set bCheckIPsPassed 0
#    }
# 
# }
INFO: [BD::TCL 103-2011] Checking if the following IPs exist in the project's IP catalog:  
xilinx.com:hls:ISPPipeline_accel:1.0 xilinx.com:ip:mipi_csi2_rx_subsystem:5.2 xilinx.com:ip:v_frmbuf_wr:2.4 xilinx.com:ip:v_proc_ss:2.3 xilinx.com:ip:xlslice:1.0  .
# if { $bCheckIPsPassed != 1 } {
#   common::send_gid_msg -ssname BD::TCL -id 2023 -severity "WARNING" "Will not continue with creation of design due to the error(s) above."
#   return 3
# }
# proc create_hier_cell_capture_pipeline_raspi { parentCell nameHier } {
# 
#   variable script_folder
# 
#   if { $parentCell eq "" || $nameHier eq "" } {
#      catch {common::send_gid_msg -ssname BD::TCL -id 2092 -severity "ERROR" "create_hier_cell_capture_pipeline_raspi() - Empty argument(s)!"}
#      return
#   }
# 
#   # Get object for parentCell
#   set parentObj [get_bd_cells $parentCell]
#   if { $parentObj == "" } {
#      catch {common::send_gid_msg -ssname BD::TCL -id 2090 -severity "ERROR" "Unable to find parent cell <$parentCell>!"}
#      return
#   }
# 
#   # Make sure parentObj is hier blk
#   set parentType [get_property TYPE $parentObj]
#   if { $parentType ne "hier" } {
#      catch {common::send_gid_msg -ssname BD::TCL -id 2091 -severity "ERROR" "Parent <$parentObj> has TYPE = <$parentType>. Expected to be <hier>."}
#      return
#   }
# 
#   # Save current instance; Restore later
#   set oldCurInst [current_bd_instance .]
# 
#   # Set parent object as current
#   current_bd_instance $parentObj
# 
#   # Create cell and set as current instance
#   set hier_obj [create_bd_cell -type hier $nameHier]
#   current_bd_instance $hier_obj
# 
#   # Create interface pins
#   create_bd_intf_pin -mode Slave -vlnv xilinx.com:interface:aximm_rtl:1.0 csirxss_s_axi
# 
#   create_bd_intf_pin -mode Master -vlnv xilinx.com:interface:aximm_rtl:1.0 m_axi_mm_video
# 
#   create_bd_intf_pin -mode Slave -vlnv xilinx.com:interface:mipi_phy_rtl:1.0 mipi_phy_if
# 
#   create_bd_intf_pin -mode Slave -vlnv xilinx.com:interface:aximm_rtl:1.0 s_axi_ctrl_dem
# 
#   create_bd_intf_pin -mode Slave -vlnv xilinx.com:interface:aximm_rtl:1.0 s_axi_ctrl_frmbuf
# 
#   create_bd_intf_pin -mode Slave -vlnv xilinx.com:interface:aximm_rtl:1.0 s_axi_ctrl_vpss
# 
# 
#   # Create pins
#   create_bd_pin -dir I -from 91 -to 0 Din
#   create_bd_pin -dir I -type clk aclk
#   create_bd_pin -dir I -type rst aresetn
#   create_bd_pin -dir O -type intr csirxss_csi_irq
#   create_bd_pin -dir O -type intr dem_irq
#   create_bd_pin -dir I -type clk dphy_clk_200M
#   create_bd_pin -dir O -type intr frm_buf_irq
#   create_bd_pin -dir I -type clk lite_aclk
#   create_bd_pin -dir I -type rst lite_aresetn
# 
#   # Create instance: ISPPipeline_accel_0, and set properties
#   set ISPPipeline_accel_0 [ create_bd_cell -type ip -vlnv xilinx.com:hls:ISPPipeline_accel:1.0 ISPPipeline_accel_0 ]
# 
#   # Create instance: mipi_csi2_rx_subsyst_0, and set properties
#   set mipi_csi2_rx_subsyst_0 [ create_bd_cell -type ip -vlnv xilinx.com:ip:mipi_csi2_rx_subsystem:5.2 mipi_csi2_rx_subsyst_0 ]
#   set_property -dict [ list \
#    CONFIG.AXIS_TDEST_WIDTH {4} \
#    CONFIG.CLK_LANE_IO_LOC {D7} \
#    CONFIG.CLK_LANE_IO_LOC_NAME {IO_L13P_T2L_N0_GC_QBC_66} \
#    CONFIG.CMN_NUM_LANES {2} \
#    CONFIG.CMN_NUM_PIXELS {1} \
#    CONFIG.CMN_PXL_FORMAT {RAW10} \
#    CONFIG.CMN_VC {All} \
#    CONFIG.CSI_BUF_DEPTH {512} \
#    CONFIG.C_CLK_LANE_IO_POSITION {26} \
#    CONFIG.C_CSI_EN_ACTIVELANES {false} \
#    CONFIG.C_CSI_EN_CRC {false} \
#    CONFIG.C_CSI_FILTER_USERDATATYPE {false} \
#    CONFIG.C_DATA_LANE0_IO_POSITION {28} \
#    CONFIG.C_DATA_LANE1_IO_POSITION {30} \
#    CONFIG.C_DATA_LANE2_IO_POSITION {19} \
#    CONFIG.C_DATA_LANE3_IO_POSITION {21} \
#    CONFIG.C_DPHY_LANES {2} \
#    CONFIG.C_EN_BG0_PIN0 {false} \
#    CONFIG.C_EN_BG1_PIN0 {false} \
#    CONFIG.C_EN_CSI_V2_0 {false} \
#    CONFIG.C_HS_LINE_RATE {912} \
#    CONFIG.C_HS_SETTLE_NS {145} \
#    CONFIG.C_STRETCH_LINE_RATE {1500} \
#    CONFIG.DATA_LANE0_IO_LOC {E5} \
#    CONFIG.DATA_LANE0_IO_LOC_NAME {IO_L14P_T2L_N2_GC_66} \
#    CONFIG.DATA_LANE1_IO_LOC {G6} \
#    CONFIG.DATA_LANE1_IO_LOC_NAME {IO_L15P_T2L_N4_AD11P_66} \
#    CONFIG.DPHYRX_BOARD_INTERFACE {som240_1_connector_mipi_csi_raspi} \
#    CONFIG.DPY_EN_REG_IF {true} \
#    CONFIG.DPY_LINE_RATE {912} \
#    CONFIG.HP_IO_BANK_SELECTION {66} \
#    CONFIG.SupportLevel {1} \
#  ] $mipi_csi2_rx_subsyst_0
# 
#   # Create instance: v_frmbuf_wr_0, and set properties
#   set v_frmbuf_wr_0 [ create_bd_cell -type ip -vlnv xilinx.com:ip:v_frmbuf_wr:2.4 v_frmbuf_wr_0 ]
#   set_property -dict [ list \
#    CONFIG.AXIMM_DATA_WIDTH {64} \
#    CONFIG.C_M_AXI_MM_VIDEO_DATA_WIDTH {64} \
#    CONFIG.HAS_BGR8 {1} \
#    CONFIG.HAS_BGRX8 {0} \
#    CONFIG.HAS_RGB8 {1} \
#    CONFIG.HAS_UYVY8 {0} \
#    CONFIG.HAS_YUV8 {0} \
#    CONFIG.HAS_Y_UV8 {0} \
#    CONFIG.HAS_Y_UV8_420 {1} \
#    CONFIG.MAX_COLS {1920} \
#    CONFIG.MAX_NR_PLANES {2} \
#    CONFIG.MAX_ROWS {1080} \
#    CONFIG.SAMPLES_PER_CLOCK {1} \
#  ] $v_frmbuf_wr_0
# 
#   # Create instance: v_proc_ss_0, and set properties
#   set v_proc_ss_0 [ create_bd_cell -type ip -vlnv xilinx.com:ip:v_proc_ss:2.3 v_proc_ss_0 ]
#   set_property -dict [ list \
#    CONFIG.C_COLORSPACE_SUPPORT {0} \
#    CONFIG.C_ENABLE_CSC {true} \
#    CONFIG.C_MAX_COLS {1920} \
#    CONFIG.C_MAX_DATA_WIDTH {8} \
#    CONFIG.C_MAX_ROWS {1080} \
#    CONFIG.C_SAMPLES_PER_CLK {1} \
#    CONFIG.C_TOPOLOGY {0} \
#  ] $v_proc_ss_0
# 
#   # Create instance: xlslice_4, and set properties
#   set xlslice_4 [ create_bd_cell -type ip -vlnv xilinx.com:ip:xlslice:1.0 xlslice_4 ]
#   set_property -dict [ list \
#    CONFIG.DIN_FROM {4} \
#    CONFIG.DIN_TO {4} \
#    CONFIG.DIN_WIDTH {92} \
#    CONFIG.DOUT_WIDTH {1} \
#  ] $xlslice_4
# 
#   # Create instance: xlslice_5, and set properties
#   set xlslice_5 [ create_bd_cell -type ip -vlnv xilinx.com:ip:xlslice:1.0 xlslice_5 ]
#   set_property -dict [ list \
#    CONFIG.DIN_FROM {5} \
#    CONFIG.DIN_TO {5} \
#    CONFIG.DIN_WIDTH {92} \
#    CONFIG.DOUT_WIDTH {1} \
#  ] $xlslice_5
# 
#   # Create instance: xlslice_6, and set properties
#   set xlslice_6 [ create_bd_cell -type ip -vlnv xilinx.com:ip:xlslice:1.0 xlslice_6 ]
#   set_property -dict [ list \
#    CONFIG.DIN_FROM {6} \
#    CONFIG.DIN_TO {6} \
#    CONFIG.DIN_WIDTH {92} \
#    CONFIG.DOUT_WIDTH {1} \
#  ] $xlslice_6
# 
#   # Create interface connections
#   connect_bd_intf_net -intf_net Conn2 [get_bd_intf_pins s_axi_ctrl_vpss] [get_bd_intf_pins v_proc_ss_0/s_axi_ctrl]
#   connect_bd_intf_net -intf_net ISPPipeline_accel_0_m_axis_video [get_bd_intf_pins ISPPipeline_accel_0/m_axis_video] [get_bd_intf_pins v_proc_ss_0/s_axis]
#   connect_bd_intf_net -intf_net axi_interconnect_0_M00_AXI [get_bd_intf_pins csirxss_s_axi] [get_bd_intf_pins mipi_csi2_rx_subsyst_0/csirxss_s_axi]
#   connect_bd_intf_net -intf_net axi_interconnect_0_M11_AXI [get_bd_intf_pins s_axi_ctrl_frmbuf] [get_bd_intf_pins v_frmbuf_wr_0/s_axi_CTRL]
#   connect_bd_intf_net -intf_net mipi_csi2_rx_subsyst_0_video_out [get_bd_intf_pins ISPPipeline_accel_0/s_axis_video] [get_bd_intf_pins mipi_csi2_rx_subsyst_0/video_out]
#   connect_bd_intf_net -intf_net mipi_phy_if_1 [get_bd_intf_pins mipi_phy_if] [get_bd_intf_pins mipi_csi2_rx_subsyst_0/mipi_phy_if]
#   connect_bd_intf_net -intf_net s_axi_ctrl_dem_1 [get_bd_intf_pins s_axi_ctrl_dem] [get_bd_intf_pins ISPPipeline_accel_0/s_axi_CTRL]
#   connect_bd_intf_net -intf_net v_frmbuf_wr_1_m_axi_mm_video [get_bd_intf_pins m_axi_mm_video] [get_bd_intf_pins v_frmbuf_wr_0/m_axi_mm_video]
#   connect_bd_intf_net -intf_net v_proc_ss_0_m_axis [get_bd_intf_pins v_frmbuf_wr_0/s_axis_video] [get_bd_intf_pins v_proc_ss_0/m_axis]
# 
#   # Create port connections
#   connect_bd_net -net Din_1 [get_bd_pins Din] [get_bd_pins xlslice_4/Din] [get_bd_pins xlslice_5/Din] [get_bd_pins xlslice_6/Din]
#   connect_bd_net -net ISPPipeline_accel_0_interrupt [get_bd_pins dem_irq] [get_bd_pins ISPPipeline_accel_0/interrupt]
#   connect_bd_net -net clk_wiz_0_clk_100M [get_bd_pins lite_aclk] [get_bd_pins mipi_csi2_rx_subsyst_0/lite_aclk]
#   connect_bd_net -net clk_wiz_0_clk_200M [get_bd_pins dphy_clk_200M] [get_bd_pins mipi_csi2_rx_subsyst_0/dphy_clk_200M]
#   connect_bd_net -net clk_wiz_0_clk_300M [get_bd_pins aclk] [get_bd_pins ISPPipeline_accel_0/ap_clk] [get_bd_pins mipi_csi2_rx_subsyst_0/video_aclk] [get_bd_pins v_frmbuf_wr_0/ap_clk] [get_bd_pins v_proc_ss_0/aclk_axis] [get_bd_pins v_proc_ss_0/aclk_ctrl]
#   connect_bd_net -net mipi_csi2_rx_subsyst_0_csirxss_csi_irq [get_bd_pins csirxss_csi_irq] [get_bd_pins mipi_csi2_rx_subsyst_0/csirxss_csi_irq]
#   connect_bd_net -net proc_sys_reset_1_peripheral_aresetn [get_bd_pins aresetn] [get_bd_pins mipi_csi2_rx_subsyst_0/video_aresetn]
#   connect_bd_net -net proc_sys_reset_2_peripheral_aresetn [get_bd_pins lite_aresetn] [get_bd_pins mipi_csi2_rx_subsyst_0/lite_aresetn]
#   connect_bd_net -net v_frmbuf_wr_1_interrupt [get_bd_pins frm_buf_irq] [get_bd_pins v_frmbuf_wr_0/interrupt]
#   connect_bd_net -net xlslice_1_Dout [get_bd_pins v_proc_ss_0/aresetn_ctrl] [get_bd_pins xlslice_5/Dout]
#   connect_bd_net -net xlslice_2_Dout [get_bd_pins v_frmbuf_wr_0/ap_rst_n] [get_bd_pins xlslice_6/Dout]
#   connect_bd_net -net xlslice_4_Dout [get_bd_pins ISPPipeline_accel_0/ap_rst_n] [get_bd_pins xlslice_4/Dout]
# 
#   # Restore current instance
#   current_bd_instance $oldCurInst
# }
# proc available_tcl_procs { } {
#    puts "##################################################################"
#    puts "# Available Tcl procedures to recreate hierarchical blocks:"
#    puts "#"
#    puts "#    create_hier_cell_capture_pipeline_raspi parentCell nameHier"
#    puts "#"
#    puts "##################################################################"
# }
# available_tcl_procs
##################################################################
# Available Tcl procedures to recreate hierarchical blocks:
#
#    create_hier_cell_capture_pipeline_raspi parentCell nameHier
#
##################################################################
create_hier_cell_capture_pipeline_raspi ./ raspi_pipeline
INFO: [Ipptcl 7-1463] No Compatible Board Interface found. Board Tab not created in customize GUI
too many nested evaluations (infinite loop?)
INFO: [Ipptcl 7-1463] No Compatible Board Interface found. Board Tab not created in customize GUI
too many nested evaluations (infinite loop?)
m_axi_mm_width = 128
m_axi_mm_width = 128
m_axi_mm_width = 128
m_axi_mm_width = 128
m_axi_mm_width = 128
m_axi_mm_width = 128
m_axi_mm_width = 128
INFO: [Ipptcl 7-1463] No Compatible Board Interface found. Board Tab not created in customize GUI
INFO: [Ipptcl 7-1463] No Compatible Board Interface found. Board Tab not created in customize GUI
deint_m_axi_mm_width = 128
WARNING: [BD 41-1306] The connection to interface pin </reset_sel_axi_mm/gpio_io_o> is being overridden by the user with net <net_reset_sel_axi_mm_gpio_io_o>. This pin will not be connected as a part of interface connection <GPIO>.
WARNING: [BD 41-1306] The connection to interface pin </reset_sel_axi_mm/gpio_io_i> is being overridden by the user with net <net_reset_sel_axi_mm_gpio_io_o>. This pin will not be connected as a part of interface connection <GPIO>.
WARNING: [BD 41-1306] The connection to interface pin </reset_sel_axis/gpio_io_o> is being overridden by the user with net <net_reset_sel_axis_gpio_io_o>. This pin will not be connected as a part of interface connection <GPIO>.
WARNING: [BD 41-1306] The connection to interface pin </reset_sel_axis/gpio_io_i> is being overridden by the user with net <net_reset_sel_axis_gpio_io_o>. This pin will not be connected as a part of interface connection <GPIO>.
WARNING: [BD 41-1306] The connection to interface pin </deint_ss/m_axis_tuser> is being overridden by the user with net <net_deint_ss_m_axis_tuser>. This pin will not be connected as a part of interface connection <M_AXIS>.
WARNING: [BD 41-1306] The connection to interface pin </deint_cc/s_axis_tuser> is being overridden by the user with net <net_deint_concat_dout>. This pin will not be connected as a part of interface connection <S_AXIS>.
WARNING: [BD 41-1306] The connection to interface pin </deint_cc/m_axis_tuser> is being overridden by the user with net <net_deint_cc_m_axis_tuser>. This pin will not be connected as a part of interface connection <M_AXIS>.
WARNING: [BD 41-1306] The connection to interface pin </dint/s_axis_video_TUSER> is being overridden by the user with net <net_deint_tuser_tap_Dout>. This pin will not be connected as a part of interface connection <s_axis_video>.
1
true
true
Slave segment '/axi_vdma/S_AXI_LITE/Reg' is being assigned into address space '/s_axi_ctrl' at <0x0000_0000 [ 64K ]>.
Slave segment '/csc/s_axi_CTRL/Reg' is being assigned into address space '/s_axi_ctrl' at <0x0001_0000 [ 64K ]>.
Slave segment '/dint/s_axi_CTRL/Reg' is being assigned into address space '/s_axi_ctrl' at <0x0002_0000 [ 64K ]>.
Slave segment '/hcr/s_axi_CTRL/Reg' is being assigned into address space '/s_axi_ctrl' at <0x0003_0000 [ 64K ]>.
Slave segment '/hsc/s_axi_CTRL/Reg' is being assigned into address space '/s_axi_ctrl' at <0x0004_0000 [ 64K ]>.
Slave segment '/ltr/s_axi_CTRL/Reg' is being assigned into address space '/s_axi_ctrl' at <0x0005_0000 [ 64K ]>.
Slave segment '/reset_sel_axi_mm/S_AXI/Reg' is being assigned into address space '/s_axi_ctrl' at <0x0006_0000 [ 64K ]>.
Slave segment '/reset_sel_axis/S_AXI/Reg' is being assigned into address space '/s_axi_ctrl' at <0x0007_0000 [ 64K ]>.
Slave segment '/vcr_i/s_axi_CTRL/Reg' is being assigned into address space '/s_axi_ctrl' at <0x0008_0000 [ 64K ]>.
Slave segment '/vcr_o/s_axi_CTRL/Reg' is being assigned into address space '/s_axi_ctrl' at <0x0009_0000 [ 64K ]>.
Slave segment '/video_router/xbar/S_AXI_CTRL/Reg' is being assigned into address space '/s_axi_ctrl' at <0x000A_0000 [ 64K ]>.
Slave segment '/vsc/s_axi_CTRL/Reg' is being assigned into address space '/s_axi_ctrl' at <0x000B_0000 [ 64K ]>.
m_axi_mm_width = 64
m_axi_mm_width = 64
m_axi_mm_width = 64
m_axi_mm_width = 64
m_axi_mm_width = 64
INFO: [Ipptcl 7-1463] No Compatible Board Interface found. Board Tab not created in customize GUI
WARNING: [BD 41-1306] The connection to interface pin </reset_sel_axis/gpio_io_i> is being overridden by the user with net <net_reset_sel_axis_gpio_io_i>. This pin will not be connected as a part of interface connection <GPIO>.
WARNING: [BD 41-1306] The connection to interface pin </reset_sel_axis/gpio_io_o> is being overridden by the user with net <net_reset_sel_axis_gpio_io_i>. This pin will not be connected as a part of interface connection <GPIO>.
0
true
true
Slave segment '/hsc/s_axi_CTRL/Reg' is being assigned into address space '/s_axi_ctrl' at <0x0000_0000 [ 64K ]>.
Slave segment '/reset_sel_axis/S_AXI/Reg' is being assigned into address space '/s_axi_ctrl' at <0x0001_0000 [ 64K ]>.
Slave segment '/vsc/s_axi_CTRL/Reg' is being assigned into address space '/s_axi_ctrl' at <0x0002_0000 [ 64K ]>.
/raspi_pipeline
current_bd_instance
save_bd_design
Wrote  : </home/user/Documents/kria-vitis-platforms/kv260/platforms/vivado/kv260_ispMipiRx_vcu_DP/project/kv260_ispMipiRx_vcu_DP.srcs/sources_1/bd/kv260_ispMipiRx_vcu_DP/kv260_ispMipiRx_vcu_DP.bd> 
Wrote  : </home/user/Documents/kria-vitis-platforms/kv260/platforms/vivado/kv260_ispMipiRx_vcu_DP/project/kv260_ispMipiRx_vcu_DP.srcs/sources_1/bd/kv260_ispMipiRx_vcu_DP/ui/bd_f4be94df.ui> 
Wrote  : </home/user/Documents/kria-vitis-platforms/kv260/platforms/vivado/kv260_ispMipiRx_vcu_DP/project/kv260_ispMipiRx_vcu_DP.srcs/sources_1/bd/kv260_ispMipiRx_vcu_DP/ui/bd_a372afa3.ui> 
Wrote  : </home/user/Documents/kria-vitis-platforms/kv260/platforms/vivado/kv260_ispMipiRx_vcu_DP/project/kv260_ispMipiRx_vcu_DP.srcs/sources_1/bd/kv260_ispMipiRx_vcu_DP/ui/bd_7196c690.ui> 
exit
INFO: [Common 17-206] Exiting Vivado at Thu Mar  5 09:30:48 2026...
