#-----------------------------------------------------------
# Vivado v2024.2 (64-bit)
# SW Build 5239630 on Fri Nov 08 22:35:27 MST 2024
# IP Build 5239520 on Sun Nov 10 16:12:51 MST 2024
# SharedData Build 5239561 on Fri Nov 08 14:39:27 MST 2024
# Start of session at: Thu Oct 23 17:28:04 2025
# Process ID         : 25708
# Current directory  : S:/prj/Vivado/hw/prj/KV260.runs/impl_1_01
# Command line       : vivado.exe -log top_wrapper.vdi -applog -product Vivado -messageDb vivado.pb -mode batch -source top_wrapper.tcl -notrace
# Log file           : S:/prj/Vivado/hw/prj/KV260.runs/impl_1_01/top_wrapper.vdi
# Journal file       : S:/prj/Vivado/hw/prj/KV260.runs/impl_1_01\vivado.jou
# Running On         : DESKTOP-S4UD1KI
# Platform           : Windows Server 2016 or Windows 10
# Operating System   : 26100
# Processor Detail   : Intel(R) Core(TM) i9-10900K CPU @ 3.70GHz
# CPU Frequency      : 3696 MHz
# CPU Physical cores : 10
# CPU Logical cores  : 20
# Host memory        : 51356 MB
# Swap memory        : 3221 MB
# Total Virtual      : 54577 MB
# Available Virtual  : 34393 MB
#-----------------------------------------------------------
source top_wrapper.tcl -notrace
