

================================================================
== Vitis HLS Report for 'FrmbufWrHlsDataFlow'
================================================================
* Date:           Fri Mar  6 02:26:42 2026

* Version:        2022.2 (Build 3670227 on Oct 13 2022)
* Project:        prj
* Solution:       sol (Vivado IP Flow Target)
* Product family: zynquplus
* Target device:  xck26-sfvc784-2LV-c


================================================================
== Performance Estimates
================================================================
+ Timing: 
    * Summary: 
    +--------+---------+----------+------------+
    |  Clock |  Target | Estimated| Uncertainty|
    +--------+---------+----------+------------+
    |ap_clk  |  5.00 ns|  3.650 ns|     1.35 ns|
    +--------+---------+----------+------------+

+ Latency: 
    * Summary: 
    +---------+----------+-----------+-----------+-----+----------+----------+
    |  Latency (cycles)  |   Latency (absolute)  |    Interval    | Pipeline |
    |   min   |    max   |    min    |    max    | min |    max   |   Type   |
    +---------+----------+-----------+-----------+-----+----------+----------+
    |       12|  71733612|  60.000 ns|  0.359 sec|    7|  71733602|  dataflow|
    +---------+----------+-----------+-----------+-----+----------+----------+

    + Detail: 
        * Instance: 
        +----------------------------+-------------------------+---------+----------+-----------+-----------+-----+----------+---------+
        |                            |                         |  Latency (cycles)  |   Latency (absolute)  |    Interval    | Pipeline|
        |          Instance          |          Module         |   min   |    max   |    min    |    max    | min |    max   |   Type  |
        +----------------------------+-------------------------+---------+----------+-----------+-----------+-----+----------+---------+
        |AXIvideo2MultiPixStream_U0  |AXIvideo2MultiPixStream  |        6|   2084406|  30.000 ns|  10.422 ms|    6|   2084406|       no|
        |entry_proc_U0               |entry_proc               |        0|         0|       0 ns|       0 ns|    0|         0|       no|
        |MultiPixStream2Bytes_U0     |MultiPixStream2Bytes     |        1|  70809122|   5.000 ns|  0.354 sec|    1|  70809122|       no|
        |Bytes2AXIMMvideo_U0         |Bytes2AXIMMvideo         |        1|  71733601|   5.000 ns|  0.359 sec|    1|  71733601|       no|
        +----------------------------+-------------------------+---------+----------+-----------+-----------+-----+----------+---------+

        * Loop: 
        N/A



================================================================
== Utilization Estimates
================================================================
* Summary: 
+-----------------+---------+------+--------+--------+-----+
|       Name      | BRAM_18K|  DSP |   FF   |   LUT  | URAM|
+-----------------+---------+------+--------+--------+-----+
|DSP              |        -|     -|       -|       -|    -|
|Expression       |        -|     -|       0|      14|    -|
|FIFO             |        8|     -|    1413|     853|    -|
|Instance         |        -|     2|    2286|    5120|    -|
|Memory           |        -|     -|       -|       -|    -|
|Multiplexer      |        -|     -|       -|      18|    -|
|Register         |        -|     -|       2|       -|    -|
+-----------------+---------+------+--------+--------+-----+
|Total            |        8|     2|    3701|    6005|    0|
+-----------------+---------+------+--------+--------+-----+
|Available        |      288|  1248|  234240|  117120|   64|
+-----------------+---------+------+--------+--------+-----+
|Utilization (%)  |        2|    ~0|       1|       5|    0|
+-----------------+---------+------+--------+--------+-----+

+ Detail: 
    * Instance: 
    +----------------------------+-------------------------+---------+----+------+------+-----+
    |          Instance          |          Module         | BRAM_18K| DSP|  FF  |  LUT | URAM|
    +----------------------------+-------------------------+---------+----+------+------+-----+
    |AXIvideo2MultiPixStream_U0  |AXIvideo2MultiPixStream  |        0|   0|   207|   508|    0|
    |Bytes2AXIMMvideo_U0         |Bytes2AXIMMvideo         |        0|   0|   678|  2117|    0|
    |MultiPixStream2Bytes_U0     |MultiPixStream2Bytes     |        0|   2|  1398|  2430|    0|
    |entry_proc_U0               |entry_proc               |        0|   0|     3|    65|    0|
    +----------------------------+-------------------------+---------+----+------+------+-----+
    |Total                       |                         |        0|   2|  2286|  5120|    0|
    +----------------------------+-------------------------+---------+----+------+------+-----+

    * DSP: 
    N/A

    * Memory: 
    N/A

    * FIFO: 
    +-----------------------+---------+-----+----+-----+------+-----+---------+
    |          Name         | BRAM_18K|  FF | LUT| URAM| Depth| Bits| Size:D*B|
    +-----------------------+---------+-----+----+-----+------+-----+---------+
    |HwReg_frm_buffer2_c_U  |        0|   99|   0|    -|     4|   32|      128|
    |HwReg_frm_buffer_c_U   |        0|   99|   0|    -|     4|   32|      128|
    |WidthInBytes_c9_U      |        0|   99|   0|    -|     3|   14|       42|
    |WidthInBytes_c_U       |        0|   99|   0|    -|     2|   14|       28|
    |bytePlanes_plane0_U    |        4|  162|   0|    -|   480|   64|    30720|
    |bytePlanes_plane1_U    |        4|  162|   0|    -|   480|   64|    30720|
    |height_c10_U           |        0|   99|   0|    -|     2|   11|       22|
    |height_c_U             |        0|   99|   0|    -|     2|   11|       22|
    |img_U                  |        0|   99|   0|    -|     2|   24|       48|
    |stride_c_U             |        0|   99|   0|    -|     4|   16|       64|
    |video_format_c11_U     |        0|   99|   0|    -|     3|    6|       18|
    |video_format_c_U       |        0|   99|   0|    -|     2|    6|       12|
    |width_c_U              |        0|   99|   0|    -|     2|    3|        6|
    +-----------------------+---------+-----+----+-----+------+-----+---------+
    |Total                  |        8| 1413|   0|    0|   990|  297|    61958|
    +-----------------------+---------+-----+----+-----+------+-----+---------+

    * Expression: 
    +---------------------------------------------+----------+----+---+----+------------+------------+
    |                Variable Name                | Operation| DSP| FF| LUT| Bitwidth P0| Bitwidth P1|
    +---------------------------------------------+----------+----+---+----+------------+------------+
    |AXIvideo2MultiPixStream_U0_ap_start          |       and|   0|  0|   2|           1|           1|
    |ap_idle                                      |       and|   0|  0|   2|           1|           1|
    |ap_sync_ready                                |       and|   0|  0|   2|           1|           1|
    |entry_proc_U0_ap_start                       |       and|   0|  0|   2|           1|           1|
    |entry_proc_U0_start_full_n                   |       and|   0|  0|   2|           1|           1|
    |ap_sync_AXIvideo2MultiPixStream_U0_ap_ready  |        or|   0|  0|   2|           1|           1|
    |ap_sync_entry_proc_U0_ap_ready               |        or|   0|  0|   2|           1|           1|
    +---------------------------------------------+----------+----+---+----+------------+------------+
    |Total                                        |          |   0|  0|  14|           7|           7|
    +---------------------------------------------+----------+----+---+----+------------+------------+

    * Multiplexer: 
    +-------------------------------------------------+----+-----------+-----+-----------+
    |                       Name                      | LUT| Input Size| Bits| Total Bits|
    +-------------------------------------------------+----+-----------+-----+-----------+
    |ap_sync_reg_AXIvideo2MultiPixStream_U0_ap_ready  |   9|          2|    1|          2|
    |ap_sync_reg_entry_proc_U0_ap_ready               |   9|          2|    1|          2|
    +-------------------------------------------------+----+-----------+-----+-----------+
    |Total                                            |  18|          4|    2|          4|
    +-------------------------------------------------+----+-----------+-----+-----------+

    * Register: 
    +-------------------------------------------------+---+----+-----+-----------+
    |                       Name                      | FF| LUT| Bits| Const Bits|
    +-------------------------------------------------+---+----+-----+-----------+
    |ap_sync_reg_AXIvideo2MultiPixStream_U0_ap_ready  |  1|   0|    1|          0|
    |ap_sync_reg_entry_proc_U0_ap_ready               |  1|   0|    1|          0|
    +-------------------------------------------------+---+----+-----+-----------+
    |Total                                            |  2|   0|    2|          0|
    +-------------------------------------------------+---+----+-----+-----------+



================================================================
== Interface
================================================================
* Summary: 
+--------------------------+-----+-----+------------+-----------------------+--------------+
|         RTL Ports        | Dir | Bits|  Protocol  |     Source Object     |    C Type    |
+--------------------------+-----+-----+------------+-----------------------+--------------+
|s_axis_video_TDATA        |   in|   24|        axis|  s_axis_video_V_data_V|       pointer|
|s_axis_video_TKEEP        |   in|    3|        axis|  s_axis_video_V_keep_V|       pointer|
|s_axis_video_TSTRB        |   in|    3|        axis|  s_axis_video_V_strb_V|       pointer|
|s_axis_video_TUSER        |   in|    1|        axis|  s_axis_video_V_user_V|       pointer|
|s_axis_video_TLAST        |   in|    1|        axis|  s_axis_video_V_last_V|       pointer|
|s_axis_video_TID          |   in|    1|        axis|    s_axis_video_V_id_V|       pointer|
|s_axis_video_TDEST        |   in|    1|        axis|  s_axis_video_V_dest_V|       pointer|
|s_axis_video_TVALID       |   in|    1|        axis|  s_axis_video_V_dest_V|       pointer|
|s_axis_video_TREADY       |  out|    1|        axis|  s_axis_video_V_dest_V|       pointer|
|m_axi_mm_video_AWVALID    |  out|    1|       m_axi|               mm_video|       pointer|
|m_axi_mm_video_AWREADY    |   in|    1|       m_axi|               mm_video|       pointer|
|m_axi_mm_video_AWADDR     |  out|   32|       m_axi|               mm_video|       pointer|
|m_axi_mm_video_AWID       |  out|    1|       m_axi|               mm_video|       pointer|
|m_axi_mm_video_AWLEN      |  out|   32|       m_axi|               mm_video|       pointer|
|m_axi_mm_video_AWSIZE     |  out|    3|       m_axi|               mm_video|       pointer|
|m_axi_mm_video_AWBURST    |  out|    2|       m_axi|               mm_video|       pointer|
|m_axi_mm_video_AWLOCK     |  out|    2|       m_axi|               mm_video|       pointer|
|m_axi_mm_video_AWCACHE    |  out|    4|       m_axi|               mm_video|       pointer|
|m_axi_mm_video_AWPROT     |  out|    3|       m_axi|               mm_video|       pointer|
|m_axi_mm_video_AWQOS      |  out|    4|       m_axi|               mm_video|       pointer|
|m_axi_mm_video_AWREGION   |  out|    4|       m_axi|               mm_video|       pointer|
|m_axi_mm_video_AWUSER     |  out|    1|       m_axi|               mm_video|       pointer|
|m_axi_mm_video_WVALID     |  out|    1|       m_axi|               mm_video|       pointer|
|m_axi_mm_video_WREADY     |   in|    1|       m_axi|               mm_video|       pointer|
|m_axi_mm_video_WDATA      |  out|   64|       m_axi|               mm_video|       pointer|
|m_axi_mm_video_WSTRB      |  out|    8|       m_axi|               mm_video|       pointer|
|m_axi_mm_video_WLAST      |  out|    1|       m_axi|               mm_video|       pointer|
|m_axi_mm_video_WID        |  out|    1|       m_axi|               mm_video|       pointer|
|m_axi_mm_video_WUSER      |  out|    1|       m_axi|               mm_video|       pointer|
|m_axi_mm_video_ARVALID    |  out|    1|       m_axi|               mm_video|       pointer|
|m_axi_mm_video_ARREADY    |   in|    1|       m_axi|               mm_video|       pointer|
|m_axi_mm_video_ARADDR     |  out|   32|       m_axi|               mm_video|       pointer|
|m_axi_mm_video_ARID       |  out|    1|       m_axi|               mm_video|       pointer|
|m_axi_mm_video_ARLEN      |  out|   32|       m_axi|               mm_video|       pointer|
|m_axi_mm_video_ARSIZE     |  out|    3|       m_axi|               mm_video|       pointer|
|m_axi_mm_video_ARBURST    |  out|    2|       m_axi|               mm_video|       pointer|
|m_axi_mm_video_ARLOCK     |  out|    2|       m_axi|               mm_video|       pointer|
|m_axi_mm_video_ARCACHE    |  out|    4|       m_axi|               mm_video|       pointer|
|m_axi_mm_video_ARPROT     |  out|    3|       m_axi|               mm_video|       pointer|
|m_axi_mm_video_ARQOS      |  out|    4|       m_axi|               mm_video|       pointer|
|m_axi_mm_video_ARREGION   |  out|    4|       m_axi|               mm_video|       pointer|
|m_axi_mm_video_ARUSER     |  out|    1|       m_axi|               mm_video|       pointer|
|m_axi_mm_video_RVALID     |   in|    1|       m_axi|               mm_video|       pointer|
|m_axi_mm_video_RREADY     |  out|    1|       m_axi|               mm_video|       pointer|
|m_axi_mm_video_RDATA      |   in|   64|       m_axi|               mm_video|       pointer|
|m_axi_mm_video_RLAST      |   in|    1|       m_axi|               mm_video|       pointer|
|m_axi_mm_video_RID        |   in|    1|       m_axi|               mm_video|       pointer|
|m_axi_mm_video_RFIFONUM   |   in|    9|       m_axi|               mm_video|       pointer|
|m_axi_mm_video_RUSER      |   in|    1|       m_axi|               mm_video|       pointer|
|m_axi_mm_video_RRESP      |   in|    2|       m_axi|               mm_video|       pointer|
|m_axi_mm_video_BVALID     |   in|    1|       m_axi|               mm_video|       pointer|
|m_axi_mm_video_BREADY     |  out|    1|       m_axi|               mm_video|       pointer|
|m_axi_mm_video_BRESP      |   in|    2|       m_axi|               mm_video|       pointer|
|m_axi_mm_video_BID        |   in|    1|       m_axi|               mm_video|       pointer|
|m_axi_mm_video_BUSER      |   in|    1|       m_axi|               mm_video|       pointer|
|HwReg_frm_buffer          |   in|   32|     ap_none|       HwReg_frm_buffer|        scalar|
|HwReg_frm_buffer_ap_vld   |   in|    1|     ap_none|       HwReg_frm_buffer|        scalar|
|HwReg_frm_buffer2         |   in|   32|     ap_none|      HwReg_frm_buffer2|        scalar|
|HwReg_frm_buffer2_ap_vld  |   in|    1|     ap_none|      HwReg_frm_buffer2|        scalar|
|p_read                    |   in|   14|     ap_none|                 p_read|        scalar|
|p_read_ap_vld             |   in|    1|     ap_none|                 p_read|        scalar|
|p_read1                   |   in|    3|     ap_none|                p_read1|        scalar|
|p_read1_ap_vld            |   in|    1|     ap_none|                p_read1|        scalar|
|p_read2                   |   in|   11|     ap_none|                p_read2|        scalar|
|p_read2_ap_vld            |   in|    1|     ap_none|                p_read2|        scalar|
|p_read3                   |   in|   11|     ap_none|                p_read3|        scalar|
|p_read3_ap_vld            |   in|    1|     ap_none|                p_read3|        scalar|
|p_read14                  |   in|   16|     ap_none|               p_read14|        scalar|
|p_read14_ap_vld           |   in|    1|     ap_none|               p_read14|        scalar|
|p_read25                  |   in|    6|     ap_none|               p_read25|        scalar|
|p_read25_ap_vld           |   in|    1|     ap_none|               p_read25|        scalar|
|ap_clk                    |   in|    1|  ap_ctrl_hs|    FrmbufWrHlsDataFlow|  return value|
|ap_rst                    |   in|    1|  ap_ctrl_hs|    FrmbufWrHlsDataFlow|  return value|
|ap_start                  |   in|    1|  ap_ctrl_hs|    FrmbufWrHlsDataFlow|  return value|
|ap_done                   |  out|    1|  ap_ctrl_hs|    FrmbufWrHlsDataFlow|  return value|
|ap_ready                  |  out|    1|  ap_ctrl_hs|    FrmbufWrHlsDataFlow|  return value|
|ap_idle                   |  out|    1|  ap_ctrl_hs|    FrmbufWrHlsDataFlow|  return value|
|ap_continue               |   in|    1|  ap_ctrl_hs|    FrmbufWrHlsDataFlow|  return value|
+--------------------------+-----+-----+------------+-----------------------+--------------+

============================================================
+ Verbose Summary: Synthesis Manager
============================================================
InlineROM: 1
ExposeGlobal: 0
============================================================
+ Verbose Summary: CDFG Model
============================================================
IsTopModel: 0
ResetActiveHigh: 1
IsCombinational: 2
IsDatapathOnly: 2
HasWiredReturn: 1
HasMFsm: 0
HasVarLatency: 1
IsPipeline: 0
IsRtlPipelined: 0
IsInstanceOverlapped: 0
IsDontTouch: 0
HasImplIP: 0
IsGatedGlobalClock: 0


============================================================
+ Verbose Summary: Schedule
============================================================
* Number of FSM states : 6
* Pipeline : 0
* Dataflow Pipeline: 1
  DF-Pipeline-0: Size = 6, States = { 1 2 3 4 5 6 }

* FSM state transitions: 
1 --> 2 
2 --> 3 
3 --> 4 
4 --> 5 
5 --> 6 
6 --> 

* FSM state operations: 

State 1 <SV = 0> <Delay = 1.82>
ST_1 : Operation 7 [1/1] (0.00ns)   --->   "%p_read_6 = read i11 @_ssdm_op_Read.ap_auto.i11, i11 %p_read3"   --->   Operation 7 'read' 'p_read_6' <Predicate = true> <Delay = 0.00>
ST_1 : Operation 8 [1/1] (0.00ns)   --->   "%p_read26 = read i11 @_ssdm_op_Read.ap_auto.i11, i11 %p_read2"   --->   Operation 8 'read' 'p_read26' <Predicate = true> <Delay = 0.00>
ST_1 : Operation 9 [1/1] (0.00ns)   --->   "%p_read15 = read i3 @_ssdm_op_Read.ap_auto.i3, i3 %p_read1"   --->   Operation 9 'read' 'p_read15' <Predicate = true> <Delay = 0.00>
ST_1 : Operation 10 [1/1] (0.00ns)   --->   "%video_format_c11 = alloca i32 1"   --->   Operation 10 'alloca' 'video_format_c11' <Predicate = true> <Delay = 0.00> <CoreInst = "FIFO_SRL">   --->   Core 81 'FIFO_SRL' <Latency = 0> <II = 1> <Delay = 1.83> <Storage> <Opcode : 'read' 'write' 'nbread' 'nbwrite'> <Ports = 0> <Width = 6> <Depth = 3> <FIFO>
ST_1 : Operation 11 [1/1] (0.00ns)   --->   "%video_format_c = alloca i32 1"   --->   Operation 11 'alloca' 'video_format_c' <Predicate = true> <Delay = 0.00> <CoreInst = "FIFO_SRL">   --->   Core 81 'FIFO_SRL' <Latency = 0> <II = 1> <Delay = 1.83> <Storage> <Opcode : 'read' 'write' 'nbread' 'nbwrite'> <Ports = 0> <Width = 6> <Depth = 2> <FIFO>
ST_1 : Operation 12 [1/1] (0.00ns)   --->   "%stride_c = alloca i32 1"   --->   Operation 12 'alloca' 'stride_c' <Predicate = true> <Delay = 0.00> <CoreInst = "FIFO_SRL">   --->   Core 81 'FIFO_SRL' <Latency = 0> <II = 1> <Delay = 1.83> <Storage> <Opcode : 'read' 'write' 'nbread' 'nbwrite'> <Ports = 0> <Width = 16> <Depth = 4> <FIFO>
ST_1 : Operation 13 [1/1] (0.00ns)   --->   "%height_c10 = alloca i32 1"   --->   Operation 13 'alloca' 'height_c10' <Predicate = true> <Delay = 0.00> <CoreInst = "FIFO_SRL">   --->   Core 81 'FIFO_SRL' <Latency = 0> <II = 1> <Delay = 1.83> <Storage> <Opcode : 'read' 'write' 'nbread' 'nbwrite'> <Ports = 0> <Width = 11> <Depth = 2> <FIFO>
ST_1 : Operation 14 [1/1] (0.00ns)   --->   "%height_c = alloca i32 1"   --->   Operation 14 'alloca' 'height_c' <Predicate = true> <Delay = 0.00> <CoreInst = "FIFO_SRL">   --->   Core 81 'FIFO_SRL' <Latency = 0> <II = 1> <Delay = 1.83> <Storage> <Opcode : 'read' 'write' 'nbread' 'nbwrite'> <Ports = 0> <Width = 11> <Depth = 2> <FIFO>
ST_1 : Operation 15 [1/1] (0.00ns)   --->   "%width_c = alloca i32 1"   --->   Operation 15 'alloca' 'width_c' <Predicate = true> <Delay = 0.00> <CoreInst = "FIFO_SRL">   --->   Core 81 'FIFO_SRL' <Latency = 0> <II = 1> <Delay = 1.83> <Storage> <Opcode : 'read' 'write' 'nbread' 'nbwrite'> <Ports = 0> <Width = 3> <Depth = 2> <FIFO>
ST_1 : Operation 16 [1/1] (0.00ns)   --->   "%WidthInBytes_c9 = alloca i32 1"   --->   Operation 16 'alloca' 'WidthInBytes_c9' <Predicate = true> <Delay = 0.00> <CoreInst = "FIFO_SRL">   --->   Core 81 'FIFO_SRL' <Latency = 0> <II = 1> <Delay = 1.83> <Storage> <Opcode : 'read' 'write' 'nbread' 'nbwrite'> <Ports = 0> <Width = 14> <Depth = 3> <FIFO>
ST_1 : Operation 17 [1/1] (0.00ns)   --->   "%WidthInBytes_c = alloca i32 1"   --->   Operation 17 'alloca' 'WidthInBytes_c' <Predicate = true> <Delay = 0.00> <CoreInst = "FIFO_SRL">   --->   Core 81 'FIFO_SRL' <Latency = 0> <II = 1> <Delay = 1.83> <Storage> <Opcode : 'read' 'write' 'nbread' 'nbwrite'> <Ports = 0> <Width = 14> <Depth = 2> <FIFO>
ST_1 : Operation 18 [1/1] (0.00ns)   --->   "%HwReg_frm_buffer2_c = alloca i32 1"   --->   Operation 18 'alloca' 'HwReg_frm_buffer2_c' <Predicate = true> <Delay = 0.00> <CoreInst = "FIFO_SRL">   --->   Core 81 'FIFO_SRL' <Latency = 0> <II = 1> <Delay = 1.83> <Storage> <Opcode : 'read' 'write' 'nbread' 'nbwrite'> <Ports = 0> <Width = 32> <Depth = 4> <FIFO>
ST_1 : Operation 19 [1/1] (0.00ns)   --->   "%HwReg_frm_buffer_c = alloca i32 1"   --->   Operation 19 'alloca' 'HwReg_frm_buffer_c' <Predicate = true> <Delay = 0.00> <CoreInst = "FIFO_SRL">   --->   Core 81 'FIFO_SRL' <Latency = 0> <II = 1> <Delay = 1.83> <Storage> <Opcode : 'read' 'write' 'nbread' 'nbwrite'> <Ports = 0> <Width = 32> <Depth = 4> <FIFO>
ST_1 : Operation 20 [1/1] (0.00ns)   --->   "%img = alloca i32 1"   --->   Operation 20 'alloca' 'img' <Predicate = true> <Delay = 0.00> <CoreInst = "FIFO_SRL">   --->   Core 81 'FIFO_SRL' <Latency = 0> <II = 1> <Delay = 1.83> <Storage> <Opcode : 'read' 'write' 'nbread' 'nbwrite'> <Ports = 0> <Width = 24> <Depth = 2> <FIFO>
ST_1 : Operation 21 [1/1] (0.00ns)   --->   "%bytePlanes_plane0 = alloca i32 1" [/home/user/Documents/kria-vitis-platforms/kv260/platforms/vivado/kv260_ispMipiRx_vcu_DP/project/kv260_ispMipiRx_vcu_DP.runs/kv260_ispMipiRx_vcu_DP_v_frmbuf_wr_0_1_synth_1/prj/sol/.autopilot/db/v_frmbuf_wr.cpp:35]   --->   Operation 21 'alloca' 'bytePlanes_plane0' <Predicate = true> <Delay = 0.00> <CoreInst = "FIFO_BRAM">   --->   Core 79 'FIFO_BRAM' <Latency = 0> <II = 1> <Delay = 1.74> <Storage> <Opcode : 'read' 'write' 'nbread' 'nbwrite'> <Ports = 0> <Width = 64> <Depth = 480> <FIFO>
ST_1 : Operation 22 [1/1] (0.00ns)   --->   "%bytePlanes_plane1 = alloca i32 1" [/home/user/Documents/kria-vitis-platforms/kv260/platforms/vivado/kv260_ispMipiRx_vcu_DP/project/kv260_ispMipiRx_vcu_DP.runs/kv260_ispMipiRx_vcu_DP_v_frmbuf_wr_0_1_synth_1/prj/sol/.autopilot/db/v_frmbuf_wr.cpp:35]   --->   Operation 22 'alloca' 'bytePlanes_plane1' <Predicate = true> <Delay = 0.00> <CoreInst = "FIFO_BRAM">   --->   Core 79 'FIFO_BRAM' <Latency = 0> <II = 1> <Delay = 1.74> <Storage> <Opcode : 'read' 'write' 'nbread' 'nbwrite'> <Ports = 0> <Width = 64> <Depth = 480> <FIFO>
ST_1 : Operation 23 [2/2] (1.82ns)   --->   "%call_ln57 = call void @AXIvideo2MultiPixStream, i24 %s_axis_video_V_data_V, i3 %s_axis_video_V_keep_V, i3 %s_axis_video_V_strb_V, i1 %s_axis_video_V_user_V, i1 %s_axis_video_V_last_V, i1 %s_axis_video_V_id_V, i1 %s_axis_video_V_dest_V, i24 %img, i11 %p_read_6, i11 %p_read26, i3 %p_read15, i3 %width_c, i11 %height_c10" [/home/user/Documents/kria-vitis-platforms/kv260/platforms/vivado/kv260_ispMipiRx_vcu_DP/project/kv260_ispMipiRx_vcu_DP.runs/kv260_ispMipiRx_vcu_DP_v_frmbuf_wr_0_1_synth_1/prj/sol/.autopilot/db/v_frmbuf_wr.cpp:57]   --->   Operation 23 'call' 'call_ln57' <Predicate = true> <Delay = 1.82> <CoreType = "Generic">   --->   Core 0 '' <Latency = 0> <II = 1> <Delay = 1.00> <Generic> <Opcode : >

State 2 <SV = 1> <Delay = 1.82>
ST_2 : Operation 24 [1/1] (0.00ns)   --->   "%p_read_4 = read i6 @_ssdm_op_Read.ap_auto.i6, i6 %p_read25"   --->   Operation 24 'read' 'p_read_4' <Predicate = true> <Delay = 0.00>
ST_2 : Operation 25 [1/1] (0.00ns)   --->   "%p_read_5 = read i16 @_ssdm_op_Read.ap_auto.i16, i16 %p_read14"   --->   Operation 25 'read' 'p_read_5' <Predicate = true> <Delay = 0.00>
ST_2 : Operation 26 [1/1] (0.00ns)   --->   "%p_read_7 = read i14 @_ssdm_op_Read.ap_auto.i14, i14 %p_read"   --->   Operation 26 'read' 'p_read_7' <Predicate = true> <Delay = 0.00>
ST_2 : Operation 27 [1/1] (0.00ns)   --->   "%HwReg_frm_buffer2_read = read i32 @_ssdm_op_Read.ap_auto.i32, i32 %HwReg_frm_buffer2"   --->   Operation 27 'read' 'HwReg_frm_buffer2_read' <Predicate = true> <Delay = 0.00>
ST_2 : Operation 28 [1/1] (0.00ns)   --->   "%HwReg_frm_buffer_read = read i32 @_ssdm_op_Read.ap_auto.i32, i32 %HwReg_frm_buffer"   --->   Operation 28 'read' 'HwReg_frm_buffer_read' <Predicate = true> <Delay = 0.00>
ST_2 : Operation 29 [1/1] (1.82ns)   --->   "%call_ln0 = call void @entry_proc, i32 %HwReg_frm_buffer_read, i32 %HwReg_frm_buffer_c, i32 %HwReg_frm_buffer2_read, i32 %HwReg_frm_buffer2_c, i14 %p_read_7, i14 %WidthInBytes_c9, i16 %p_read_5, i16 %stride_c, i6 %p_read_4, i6 %video_format_c11"   --->   Operation 29 'call' 'call_ln0' <Predicate = true> <Delay = 1.82> <CoreType = "Generic">   --->   Core 0 '' <Latency = 0> <II = 1> <Delay = 1.00> <Generic> <Opcode : >
ST_2 : Operation 30 [1/2] (0.00ns)   --->   "%call_ln57 = call void @AXIvideo2MultiPixStream, i24 %s_axis_video_V_data_V, i3 %s_axis_video_V_keep_V, i3 %s_axis_video_V_strb_V, i1 %s_axis_video_V_user_V, i1 %s_axis_video_V_last_V, i1 %s_axis_video_V_id_V, i1 %s_axis_video_V_dest_V, i24 %img, i11 %p_read_6, i11 %p_read26, i3 %p_read15, i3 %width_c, i11 %height_c10" [/home/user/Documents/kria-vitis-platforms/kv260/platforms/vivado/kv260_ispMipiRx_vcu_DP/project/kv260_ispMipiRx_vcu_DP.runs/kv260_ispMipiRx_vcu_DP_v_frmbuf_wr_0_1_synth_1/prj/sol/.autopilot/db/v_frmbuf_wr.cpp:57]   --->   Operation 30 'call' 'call_ln57' <Predicate = true> <Delay = 0.00> <CoreType = "Generic">   --->   Core 0 '' <Latency = 0> <II = 1> <Delay = 1.00> <Generic> <Opcode : >

State 3 <SV = 2> <Delay = 0.00>
ST_3 : Operation 31 [2/2] (0.00ns)   --->   "%call_ln60 = call void @MultiPixStream2Bytes, i24 %img, i64 %bytePlanes_plane0, i64 %bytePlanes_plane1, i11 %height_c10, i3 %width_c, i14 %WidthInBytes_c9, i6 %video_format_c11, i14 %WidthInBytes_c, i11 %height_c, i6 %video_format_c" [/home/user/Documents/kria-vitis-platforms/kv260/platforms/vivado/kv260_ispMipiRx_vcu_DP/project/kv260_ispMipiRx_vcu_DP.runs/kv260_ispMipiRx_vcu_DP_v_frmbuf_wr_0_1_synth_1/prj/sol/.autopilot/db/v_frmbuf_wr.cpp:60]   --->   Operation 31 'call' 'call_ln60' <Predicate = true> <Delay = 0.00> <CoreType = "Generic">   --->   Core 0 '' <Latency = 0> <II = 1> <Delay = 1.00> <Generic> <Opcode : >

State 4 <SV = 3> <Delay = 0.00>
ST_4 : Operation 32 [1/2] (0.00ns)   --->   "%call_ln60 = call void @MultiPixStream2Bytes, i24 %img, i64 %bytePlanes_plane0, i64 %bytePlanes_plane1, i11 %height_c10, i3 %width_c, i14 %WidthInBytes_c9, i6 %video_format_c11, i14 %WidthInBytes_c, i11 %height_c, i6 %video_format_c" [/home/user/Documents/kria-vitis-platforms/kv260/platforms/vivado/kv260_ispMipiRx_vcu_DP/project/kv260_ispMipiRx_vcu_DP.runs/kv260_ispMipiRx_vcu_DP_v_frmbuf_wr_0_1_synth_1/prj/sol/.autopilot/db/v_frmbuf_wr.cpp:60]   --->   Operation 32 'call' 'call_ln60' <Predicate = true> <Delay = 0.00> <CoreType = "Generic">   --->   Core 0 '' <Latency = 0> <II = 1> <Delay = 1.00> <Generic> <Opcode : >

State 5 <SV = 4> <Delay = 0.00>
ST_5 : Operation 33 [2/2] (0.00ns)   --->   "%call_ln63 = call void @Bytes2AXIMMvideo, i64 %bytePlanes_plane0, i64 %bytePlanes_plane1, i64 %mm_video, i32 %HwReg_frm_buffer_c, i32 %HwReg_frm_buffer2_c, i11 %height_c, i14 %WidthInBytes_c, i16 %stride_c, i6 %video_format_c" [/home/user/Documents/kria-vitis-platforms/kv260/platforms/vivado/kv260_ispMipiRx_vcu_DP/project/kv260_ispMipiRx_vcu_DP.runs/kv260_ispMipiRx_vcu_DP_v_frmbuf_wr_0_1_synth_1/prj/sol/.autopilot/db/v_frmbuf_wr.cpp:63]   --->   Operation 33 'call' 'call_ln63' <Predicate = true> <Delay = 0.00> <CoreType = "Generic">   --->   Core 0 '' <Latency = 0> <II = 1> <Delay = 1.00> <Generic> <Opcode : >

State 6 <SV = 5> <Delay = 0.00>
ST_6 : Operation 34 [1/1] (0.00ns)   --->   "%specstablecontent_ln0 = specstablecontent void @_ssdm_op_SpecStableContent, i16 %p_read14, void "   --->   Operation 34 'specstablecontent' 'specstablecontent_ln0' <Predicate = true> <Delay = 0.00>
ST_6 : Operation 35 [1/1] (0.00ns)   --->   "%empty = specchannel i32 @_ssdm_op_SpecChannel, void @video_format_c11_str, i32 1, void @p_str, void @p_str, i32 3, i32 0, i6 %video_format_c11, i6 %video_format_c11"   --->   Operation 35 'specchannel' 'empty' <Predicate = true> <Delay = 0.00>
ST_6 : Operation 36 [1/1] (0.00ns)   --->   "%specinterface_ln0 = specinterface void @_ssdm_op_SpecInterface, i6 %video_format_c11, void @ap_fifo_str, i32 0, i32 0, void @p_str, i32 0, i32 0, void @p_str, void @p_str, void @p_str, i32 2, i32 2, i32 16, i32 16, void @p_str, void @p_str, i32 4294967295, i32 0"   --->   Operation 36 'specinterface' 'specinterface_ln0' <Predicate = true> <Delay = 0.00>
ST_6 : Operation 37 [1/1] (0.00ns)   --->   "%empty_124 = specchannel i32 @_ssdm_op_SpecChannel, void @video_format_c_str, i32 1, void @p_str, void @p_str, i32 2, i32 0, i6 %video_format_c, i6 %video_format_c"   --->   Operation 37 'specchannel' 'empty_124' <Predicate = true> <Delay = 0.00>
ST_6 : Operation 38 [1/1] (0.00ns)   --->   "%specinterface_ln0 = specinterface void @_ssdm_op_SpecInterface, i6 %video_format_c, void @ap_fifo_str, i32 0, i32 0, void @p_str, i32 0, i32 0, void @p_str, void @p_str, void @p_str, i32 2, i32 2, i32 16, i32 16, void @p_str, void @p_str, i32 4294967295, i32 0"   --->   Operation 38 'specinterface' 'specinterface_ln0' <Predicate = true> <Delay = 0.00>
ST_6 : Operation 39 [1/1] (0.00ns)   --->   "%empty_125 = specchannel i32 @_ssdm_op_SpecChannel, void @stride_c_str, i32 1, void @p_str, void @p_str, i32 4, i32 0, i16 %stride_c, i16 %stride_c"   --->   Operation 39 'specchannel' 'empty_125' <Predicate = true> <Delay = 0.00>
ST_6 : Operation 40 [1/1] (0.00ns)   --->   "%specinterface_ln0 = specinterface void @_ssdm_op_SpecInterface, i16 %stride_c, void @ap_fifo_str, i32 0, i32 0, void @p_str, i32 0, i32 0, void @p_str, void @p_str, void @p_str, i32 2, i32 2, i32 16, i32 16, void @p_str, void @p_str, i32 4294967295, i32 0"   --->   Operation 40 'specinterface' 'specinterface_ln0' <Predicate = true> <Delay = 0.00>
ST_6 : Operation 41 [1/1] (0.00ns)   --->   "%empty_126 = specchannel i32 @_ssdm_op_SpecChannel, void @height_c10_str, i32 1, void @p_str, void @p_str, i32 2, i32 0, i11 %height_c10, i11 %height_c10"   --->   Operation 41 'specchannel' 'empty_126' <Predicate = true> <Delay = 0.00>
ST_6 : Operation 42 [1/1] (0.00ns)   --->   "%specinterface_ln0 = specinterface void @_ssdm_op_SpecInterface, i11 %height_c10, void @ap_fifo_str, i32 0, i32 0, void @p_str, i32 0, i32 0, void @p_str, void @p_str, void @p_str, i32 2, i32 2, i32 16, i32 16, void @p_str, void @p_str, i32 4294967295, i32 0"   --->   Operation 42 'specinterface' 'specinterface_ln0' <Predicate = true> <Delay = 0.00>
ST_6 : Operation 43 [1/1] (0.00ns)   --->   "%empty_127 = specchannel i32 @_ssdm_op_SpecChannel, void @height_c_str, i32 1, void @p_str, void @p_str, i32 2, i32 0, i11 %height_c, i11 %height_c"   --->   Operation 43 'specchannel' 'empty_127' <Predicate = true> <Delay = 0.00>
ST_6 : Operation 44 [1/1] (0.00ns)   --->   "%specinterface_ln0 = specinterface void @_ssdm_op_SpecInterface, i11 %height_c, void @ap_fifo_str, i32 0, i32 0, void @p_str, i32 0, i32 0, void @p_str, void @p_str, void @p_str, i32 2, i32 2, i32 16, i32 16, void @p_str, void @p_str, i32 4294967295, i32 0"   --->   Operation 44 'specinterface' 'specinterface_ln0' <Predicate = true> <Delay = 0.00>
ST_6 : Operation 45 [1/1] (0.00ns)   --->   "%empty_128 = specchannel i32 @_ssdm_op_SpecChannel, void @width_c_str, i32 1, void @p_str, void @p_str, i32 2, i32 0, i3 %width_c, i3 %width_c"   --->   Operation 45 'specchannel' 'empty_128' <Predicate = true> <Delay = 0.00>
ST_6 : Operation 46 [1/1] (0.00ns)   --->   "%specinterface_ln0 = specinterface void @_ssdm_op_SpecInterface, i3 %width_c, void @ap_fifo_str, i32 0, i32 0, void @p_str, i32 0, i32 0, void @p_str, void @p_str, void @p_str, i32 2, i32 2, i32 16, i32 16, void @p_str, void @p_str, i32 4294967295, i32 0"   --->   Operation 46 'specinterface' 'specinterface_ln0' <Predicate = true> <Delay = 0.00>
ST_6 : Operation 47 [1/1] (0.00ns)   --->   "%empty_129 = specchannel i32 @_ssdm_op_SpecChannel, void @WidthInBytes_c9_str, i32 1, void @p_str, void @p_str, i32 3, i32 0, i14 %WidthInBytes_c9, i14 %WidthInBytes_c9"   --->   Operation 47 'specchannel' 'empty_129' <Predicate = true> <Delay = 0.00>
ST_6 : Operation 48 [1/1] (0.00ns)   --->   "%specinterface_ln0 = specinterface void @_ssdm_op_SpecInterface, i14 %WidthInBytes_c9, void @ap_fifo_str, i32 0, i32 0, void @p_str, i32 0, i32 0, void @p_str, void @p_str, void @p_str, i32 2, i32 2, i32 16, i32 16, void @p_str, void @p_str, i32 4294967295, i32 0"   --->   Operation 48 'specinterface' 'specinterface_ln0' <Predicate = true> <Delay = 0.00>
ST_6 : Operation 49 [1/1] (0.00ns)   --->   "%empty_130 = specchannel i32 @_ssdm_op_SpecChannel, void @WidthInBytes_c_str, i32 1, void @p_str, void @p_str, i32 2, i32 0, i14 %WidthInBytes_c, i14 %WidthInBytes_c"   --->   Operation 49 'specchannel' 'empty_130' <Predicate = true> <Delay = 0.00>
ST_6 : Operation 50 [1/1] (0.00ns)   --->   "%specinterface_ln0 = specinterface void @_ssdm_op_SpecInterface, i14 %WidthInBytes_c, void @ap_fifo_str, i32 0, i32 0, void @p_str, i32 0, i32 0, void @p_str, void @p_str, void @p_str, i32 2, i32 2, i32 16, i32 16, void @p_str, void @p_str, i32 4294967295, i32 0"   --->   Operation 50 'specinterface' 'specinterface_ln0' <Predicate = true> <Delay = 0.00>
ST_6 : Operation 51 [1/1] (0.00ns)   --->   "%empty_131 = specchannel i32 @_ssdm_op_SpecChannel, void @HwReg_frm_buffer2_c_str, i32 1, void @p_str, void @p_str, i32 4, i32 0, i32 %HwReg_frm_buffer2_c, i32 %HwReg_frm_buffer2_c"   --->   Operation 51 'specchannel' 'empty_131' <Predicate = true> <Delay = 0.00>
ST_6 : Operation 52 [1/1] (0.00ns)   --->   "%specinterface_ln0 = specinterface void @_ssdm_op_SpecInterface, i32 %HwReg_frm_buffer2_c, void @ap_fifo_str, i32 0, i32 0, void @p_str, i32 0, i32 0, void @p_str, void @p_str, void @p_str, i32 2, i32 2, i32 16, i32 16, void @p_str, void @p_str, i32 4294967295, i32 0"   --->   Operation 52 'specinterface' 'specinterface_ln0' <Predicate = true> <Delay = 0.00>
ST_6 : Operation 53 [1/1] (0.00ns)   --->   "%empty_132 = specchannel i32 @_ssdm_op_SpecChannel, void @HwReg_frm_buffer_c_str, i32 1, void @p_str, void @p_str, i32 4, i32 0, i32 %HwReg_frm_buffer_c, i32 %HwReg_frm_buffer_c"   --->   Operation 53 'specchannel' 'empty_132' <Predicate = true> <Delay = 0.00>
ST_6 : Operation 54 [1/1] (0.00ns)   --->   "%specinterface_ln0 = specinterface void @_ssdm_op_SpecInterface, i32 %HwReg_frm_buffer_c, void @ap_fifo_str, i32 0, i32 0, void @p_str, i32 0, i32 0, void @p_str, void @p_str, void @p_str, i32 2, i32 2, i32 16, i32 16, void @p_str, void @p_str, i32 4294967295, i32 0"   --->   Operation 54 'specinterface' 'specinterface_ln0' <Predicate = true> <Delay = 0.00>
ST_6 : Operation 55 [1/1] (0.00ns)   --->   "%specdataflowpipeline_ln0 = specdataflowpipeline void @_ssdm_op_SpecDataflowPipeline, i32 4294967295, i32 0, void @empty_25"   --->   Operation 55 'specdataflowpipeline' 'specdataflowpipeline_ln0' <Predicate = true> <Delay = 0.00>
ST_6 : Operation 56 [1/1] (0.00ns)   --->   "%specaxissidechannel_ln0 = specaxissidechannel void @_ssdm_op_SpecAXISSideChannel, i24 %s_axis_video_V_data_V, i3 %s_axis_video_V_keep_V, i3 %s_axis_video_V_strb_V, i1 %s_axis_video_V_user_V, i1 %s_axis_video_V_last_V, i1 %s_axis_video_V_id_V, i1 %s_axis_video_V_dest_V, void @empty_7"   --->   Operation 56 'specaxissidechannel' 'specaxissidechannel_ln0' <Predicate = true> <Delay = 0.00>
ST_6 : Operation 57 [1/1] (0.00ns)   --->   "%specinterface_ln0 = specinterface void @_ssdm_op_SpecInterface, i1 %s_axis_video_V_dest_V, i1 %s_axis_video_V_id_V, i1 %s_axis_video_V_last_V, i1 %s_axis_video_V_user_V, i3 %s_axis_video_V_strb_V, i3 %s_axis_video_V_keep_V, i24 %s_axis_video_V_data_V, void @empty_5, i32 0, i32 0, void @empty_19, i32 0, i32 0, void @empty_25, void @empty_25, void @empty_25, i32 0, i32 0, i32 0, i32 0, void @empty_25, void @empty_25, i32 4294967295, i32 0"   --->   Operation 57 'specinterface' 'specinterface_ln0' <Predicate = true> <Delay = 0.00>
ST_6 : Operation 58 [1/1] (0.00ns)   --->   "%specinterface_ln0 = specinterface void @_ssdm_op_SpecInterface, i64 %mm_video, void @empty_24, i32 0, i32 0, void @empty_25, i32 100, i32 2073600, void @empty_26, void @empty_27, void @empty_25, i32 16, i32 4, i32 16, i32 16, void @empty_25, void @empty_25, i32 4294967295, i32 0"   --->   Operation 58 'specinterface' 'specinterface_ln0' <Predicate = true> <Delay = 0.00>
ST_6 : Operation 59 [1/1] (0.00ns)   --->   "%empty_133 = specchannel i32 @_ssdm_op_SpecChannel, void @img_str, i32 1, void @p_str, void @p_str, i32 2, i32 2, i24 %img, i24 %img"   --->   Operation 59 'specchannel' 'empty_133' <Predicate = true> <Delay = 0.00>
ST_6 : Operation 60 [1/1] (0.00ns)   --->   "%specinterface_ln0 = specinterface void @_ssdm_op_SpecInterface, i24 %img, void @empty_8, i32 0, i32 0, void @empty_25, i32 0, i32 0, void @empty_25, void @empty_25, void @empty_25, i32 0, i32 0, i32 0, i32 0, void @empty_25, void @empty_25, i32 4294967295, i32 0"   --->   Operation 60 'specinterface' 'specinterface_ln0' <Predicate = true> <Delay = 0.00>
ST_6 : Operation 61 [1/1] (0.00ns)   --->   "%empty_134 = specchannel i32 @_ssdm_op_SpecChannel, void @bytePlanes_OC_plane0_str, i32 1, void @p_str, void @p_str, i32 480, i32 480, i64 %bytePlanes_plane0, i64 %bytePlanes_plane0"   --->   Operation 61 'specchannel' 'empty_134' <Predicate = true> <Delay = 0.00>
ST_6 : Operation 62 [1/1] (0.00ns)   --->   "%specmemcore_ln51 = specmemcore void @_ssdm_op_SpecMemCore, i64 %bytePlanes_plane0, i64 666, i64 8, i64 18446744073709551615" [/home/user/Documents/kria-vitis-platforms/kv260/platforms/vivado/kv260_ispMipiRx_vcu_DP/project/kv260_ispMipiRx_vcu_DP.runs/kv260_ispMipiRx_vcu_DP_v_frmbuf_wr_0_1_synth_1/prj/sol/.autopilot/db/v_frmbuf_wr.cpp:51]   --->   Operation 62 'specmemcore' 'specmemcore_ln51' <Predicate = true> <Delay = 0.00>
ST_6 : Operation 63 [1/1] (0.00ns)   --->   "%specinterface_ln0 = specinterface void @_ssdm_op_SpecInterface, i64 %bytePlanes_plane0, void @empty_8, i32 0, i32 0, void @empty_25, i32 0, i32 0, void @empty_25, void @empty_25, void @empty_25, i32 0, i32 0, i32 0, i32 0, void @empty_25, void @empty_25, i32 4294967295, i32 0"   --->   Operation 63 'specinterface' 'specinterface_ln0' <Predicate = true> <Delay = 0.00>
ST_6 : Operation 64 [1/1] (0.00ns)   --->   "%empty_135 = specchannel i32 @_ssdm_op_SpecChannel, void @bytePlanes_OC_plane1_str, i32 1, void @p_str, void @p_str, i32 480, i32 480, i64 %bytePlanes_plane1, i64 %bytePlanes_plane1"   --->   Operation 64 'specchannel' 'empty_135' <Predicate = true> <Delay = 0.00>
ST_6 : Operation 65 [1/1] (0.00ns)   --->   "%specmemcore_ln47 = specmemcore void @_ssdm_op_SpecMemCore, i64 %bytePlanes_plane1, i64 666, i64 8, i64 18446744073709551615" [/home/user/Documents/kria-vitis-platforms/kv260/platforms/vivado/kv260_ispMipiRx_vcu_DP/project/kv260_ispMipiRx_vcu_DP.runs/kv260_ispMipiRx_vcu_DP_v_frmbuf_wr_0_1_synth_1/prj/sol/.autopilot/db/v_frmbuf_wr.cpp:47]   --->   Operation 65 'specmemcore' 'specmemcore_ln47' <Predicate = true> <Delay = 0.00>
ST_6 : Operation 66 [1/1] (0.00ns)   --->   "%specinterface_ln0 = specinterface void @_ssdm_op_SpecInterface, i64 %bytePlanes_plane1, void @empty_8, i32 0, i32 0, void @empty_25, i32 0, i32 0, void @empty_25, void @empty_25, void @empty_25, i32 0, i32 0, i32 0, i32 0, void @empty_25, void @empty_25, i32 4294967295, i32 0"   --->   Operation 66 'specinterface' 'specinterface_ln0' <Predicate = true> <Delay = 0.00>
ST_6 : Operation 67 [1/2] (0.00ns)   --->   "%call_ln63 = call void @Bytes2AXIMMvideo, i64 %bytePlanes_plane0, i64 %bytePlanes_plane1, i64 %mm_video, i32 %HwReg_frm_buffer_c, i32 %HwReg_frm_buffer2_c, i11 %height_c, i14 %WidthInBytes_c, i16 %stride_c, i6 %video_format_c" [/home/user/Documents/kria-vitis-platforms/kv260/platforms/vivado/kv260_ispMipiRx_vcu_DP/project/kv260_ispMipiRx_vcu_DP.runs/kv260_ispMipiRx_vcu_DP_v_frmbuf_wr_0_1_synth_1/prj/sol/.autopilot/db/v_frmbuf_wr.cpp:63]   --->   Operation 67 'call' 'call_ln63' <Predicate = true> <Delay = 0.00> <CoreType = "Generic">   --->   Core 0 '' <Latency = 0> <II = 1> <Delay = 1.00> <Generic> <Opcode : >
ST_6 : Operation 68 [1/1] (0.00ns)   --->   "%ret_ln65 = ret" [/home/user/Documents/kria-vitis-platforms/kv260/platforms/vivado/kv260_ispMipiRx_vcu_DP/project/kv260_ispMipiRx_vcu_DP.runs/kv260_ispMipiRx_vcu_DP_v_frmbuf_wr_0_1_synth_1/prj/sol/.autopilot/db/v_frmbuf_wr.cpp:65]   --->   Operation 68 'ret' 'ret_ln65' <Predicate = true> <Delay = 0.00>


============================================================
+ Verbose Summary: Binding
============================================================
STG Binding: 
---------------- STG Properties BEGIN ----------------
- Is combinational: 0
- Is one-state seq: 0
- Is datapath-only: 0
- Is pipelined: 0
- Is top level: 0
Port [ Return ] is wired: 1; IO mode=ap_ctrl_hs:ce=0
Port [ s_axis_video_V_data_V]:  wired=1; compound=1; hidden=0; nouse=0; global=0; static=0; extern=0; dir=0; type=0; pingpong=0; private_global=0; IO mode=axis:ce=0
Port [ s_axis_video_V_keep_V]:  wired=1; compound=1; hidden=0; nouse=0; global=0; static=0; extern=0; dir=0; type=0; pingpong=0; private_global=0; IO mode=axis:ce=0
Port [ s_axis_video_V_strb_V]:  wired=1; compound=1; hidden=0; nouse=0; global=0; static=0; extern=0; dir=0; type=0; pingpong=0; private_global=0; IO mode=axis:ce=0
Port [ s_axis_video_V_user_V]:  wired=1; compound=1; hidden=0; nouse=0; global=0; static=0; extern=0; dir=0; type=0; pingpong=0; private_global=0; IO mode=axis:ce=0
Port [ s_axis_video_V_last_V]:  wired=1; compound=1; hidden=0; nouse=0; global=0; static=0; extern=0; dir=0; type=0; pingpong=0; private_global=0; IO mode=axis:ce=0
Port [ s_axis_video_V_id_V]:  wired=1; compound=1; hidden=0; nouse=0; global=0; static=0; extern=0; dir=0; type=0; pingpong=0; private_global=0; IO mode=axis:ce=0
Port [ s_axis_video_V_dest_V]:  wired=1; compound=1; hidden=0; nouse=0; global=0; static=0; extern=0; dir=0; type=0; pingpong=0; private_global=0; IO mode=axis:ce=0
Port [ mm_video]:  wired=1; compound=1; hidden=0; nouse=0; global=0; static=0; extern=0; dir=1; type=4; pingpong=0; private_global=0; IO mode=m_axi:ce=0
Port [ HwReg_frm_buffer]:  wired=1; compound=0; hidden=0; nouse=0; global=0; static=0; extern=0; dir=0; type=0; pingpong=0; private_global=0; IO mode=ap_none:ce=0
Port [ HwReg_frm_buffer2]:  wired=1; compound=0; hidden=0; nouse=0; global=0; static=0; extern=0; dir=0; type=0; pingpong=0; private_global=0; IO mode=ap_none:ce=0
Port [ p_read]:  wired=1; compound=0; hidden=0; nouse=0; global=0; static=0; extern=0; dir=0; type=0; pingpong=0; private_global=0; IO mode=ap_none:ce=0
Port [ p_read1]:  wired=1; compound=0; hidden=0; nouse=0; global=0; static=0; extern=0; dir=0; type=0; pingpong=0; private_global=0; IO mode=ap_none:ce=0
Port [ p_read2]:  wired=1; compound=0; hidden=0; nouse=0; global=0; static=0; extern=0; dir=0; type=0; pingpong=0; private_global=0; IO mode=ap_none:ce=0
Port [ p_read3]:  wired=1; compound=0; hidden=0; nouse=0; global=0; static=0; extern=0; dir=0; type=0; pingpong=0; private_global=0; IO mode=ap_none:ce=0
Port [ p_read14]:  wired=1; compound=0; hidden=0; nouse=0; global=0; static=0; extern=0; dir=0; type=0; pingpong=0; private_global=0; IO mode=ap_none:ce=0
Port [ p_read25]:  wired=1; compound=0; hidden=0; nouse=0; global=0; static=0; extern=0; dir=0; type=0; pingpong=0; private_global=0; IO mode=ap_none:ce=0
---------------- STG Properties END ------------------

---------------- Datapath Model BEGIN ----------------

<LifeTime>
<method=bitvector/>
p_read_6                 (read                ) [ 0010000]
p_read26                 (read                ) [ 0010000]
p_read15                 (read                ) [ 0010000]
video_format_c11         (alloca              ) [ 0011111]
video_format_c           (alloca              ) [ 0011111]
stride_c                 (alloca              ) [ 0011111]
height_c10               (alloca              ) [ 0111111]
height_c                 (alloca              ) [ 0011111]
width_c                  (alloca              ) [ 0111111]
WidthInBytes_c9          (alloca              ) [ 0011111]
WidthInBytes_c           (alloca              ) [ 0011111]
HwReg_frm_buffer2_c      (alloca              ) [ 0011111]
HwReg_frm_buffer_c       (alloca              ) [ 0011111]
img                      (alloca              ) [ 0111111]
bytePlanes_plane0        (alloca              ) [ 0011111]
bytePlanes_plane1        (alloca              ) [ 0011111]
p_read_4                 (read                ) [ 0000000]
p_read_5                 (read                ) [ 0000000]
p_read_7                 (read                ) [ 0000000]
HwReg_frm_buffer2_read   (read                ) [ 0000000]
HwReg_frm_buffer_read    (read                ) [ 0000000]
call_ln0                 (call                ) [ 0000000]
call_ln57                (call                ) [ 0000000]
call_ln60                (call                ) [ 0000000]
specstablecontent_ln0    (specstablecontent   ) [ 0000000]
empty                    (specchannel         ) [ 0000000]
specinterface_ln0        (specinterface       ) [ 0000000]
empty_124                (specchannel         ) [ 0000000]
specinterface_ln0        (specinterface       ) [ 0000000]
empty_125                (specchannel         ) [ 0000000]
specinterface_ln0        (specinterface       ) [ 0000000]
empty_126                (specchannel         ) [ 0000000]
specinterface_ln0        (specinterface       ) [ 0000000]
empty_127                (specchannel         ) [ 0000000]
specinterface_ln0        (specinterface       ) [ 0000000]
empty_128                (specchannel         ) [ 0000000]
specinterface_ln0        (specinterface       ) [ 0000000]
empty_129                (specchannel         ) [ 0000000]
specinterface_ln0        (specinterface       ) [ 0000000]
empty_130                (specchannel         ) [ 0000000]
specinterface_ln0        (specinterface       ) [ 0000000]
empty_131                (specchannel         ) [ 0000000]
specinterface_ln0        (specinterface       ) [ 0000000]
empty_132                (specchannel         ) [ 0000000]
specinterface_ln0        (specinterface       ) [ 0000000]
specdataflowpipeline_ln0 (specdataflowpipeline) [ 0000000]
specaxissidechannel_ln0  (specaxissidechannel ) [ 0000000]
specinterface_ln0        (specinterface       ) [ 0000000]
specinterface_ln0        (specinterface       ) [ 0000000]
empty_133                (specchannel         ) [ 0000000]
specinterface_ln0        (specinterface       ) [ 0000000]
empty_134                (specchannel         ) [ 0000000]
specmemcore_ln51         (specmemcore         ) [ 0000000]
specinterface_ln0        (specinterface       ) [ 0000000]
empty_135                (specchannel         ) [ 0000000]
specmemcore_ln47         (specmemcore         ) [ 0000000]
specinterface_ln0        (specinterface       ) [ 0000000]
call_ln63                (call                ) [ 0000000]
ret_ln65                 (ret                 ) [ 0000000]
</LifeTime>

<model>

<comp_list>
<comp id="0" class="1000" name="s_axis_video_V_data_V">
<pin_list>
<pin id="1" dir="1" index="0" bw="1" slack="0"/>
</pin_list>
<bind>
<StgValue><ssdm name="s_axis_video_V_data_V"/></StgValue>
</bind>
</comp>

<comp id="2" class="1000" name="s_axis_video_V_keep_V">
<pin_list>
<pin id="3" dir="1" index="0" bw="1" slack="0"/>
</pin_list>
<bind>
<StgValue><ssdm name="s_axis_video_V_keep_V"/></StgValue>
</bind>
</comp>

<comp id="4" class="1000" name="s_axis_video_V_strb_V">
<pin_list>
<pin id="5" dir="1" index="0" bw="1" slack="0"/>
</pin_list>
<bind>
<StgValue><ssdm name="s_axis_video_V_strb_V"/></StgValue>
</bind>
</comp>

<comp id="6" class="1000" name="s_axis_video_V_user_V">
<pin_list>
<pin id="7" dir="1" index="0" bw="1" slack="0"/>
</pin_list>
<bind>
<StgValue><ssdm name="s_axis_video_V_user_V"/></StgValue>
</bind>
</comp>

<comp id="8" class="1000" name="s_axis_video_V_last_V">
<pin_list>
<pin id="9" dir="1" index="0" bw="1" slack="0"/>
</pin_list>
<bind>
<StgValue><ssdm name="s_axis_video_V_last_V"/></StgValue>
</bind>
</comp>

<comp id="10" class="1000" name="s_axis_video_V_id_V">
<pin_list>
<pin id="11" dir="1" index="0" bw="1" slack="0"/>
</pin_list>
<bind>
<StgValue><ssdm name="s_axis_video_V_id_V"/></StgValue>
</bind>
</comp>

<comp id="12" class="1000" name="s_axis_video_V_dest_V">
<pin_list>
<pin id="13" dir="1" index="0" bw="1" slack="0"/>
</pin_list>
<bind>
<StgValue><ssdm name="s_axis_video_V_dest_V"/></StgValue>
</bind>
</comp>

<comp id="14" class="1000" name="mm_video">
<pin_list>
<pin id="15" dir="1" index="0" bw="1" slack="0"/>
</pin_list>
<bind>
<StgValue><ssdm name="mm_video"/></StgValue>
</bind>
</comp>

<comp id="16" class="1000" name="HwReg_frm_buffer">
<pin_list>
<pin id="17" dir="1" index="0" bw="1" slack="0"/>
</pin_list>
<bind>
<StgValue><ssdm name="HwReg_frm_buffer"/></StgValue>
</bind>
</comp>

<comp id="18" class="1000" name="HwReg_frm_buffer2">
<pin_list>
<pin id="19" dir="1" index="0" bw="1" slack="0"/>
</pin_list>
<bind>
<StgValue><ssdm name="HwReg_frm_buffer2"/></StgValue>
</bind>
</comp>

<comp id="20" class="1000" name="p_read">
<pin_list>
<pin id="21" dir="1" index="0" bw="1" slack="0"/>
</pin_list>
<bind>
<StgValue><ssdm name="p_read"/></StgValue>
</bind>
</comp>

<comp id="22" class="1000" name="p_read1">
<pin_list>
<pin id="23" dir="1" index="0" bw="1" slack="0"/>
</pin_list>
<bind>
<StgValue><ssdm name="p_read1"/></StgValue>
</bind>
</comp>

<comp id="24" class="1000" name="p_read2">
<pin_list>
<pin id="25" dir="1" index="0" bw="1" slack="0"/>
</pin_list>
<bind>
<StgValue><ssdm name="p_read2"/></StgValue>
</bind>
</comp>

<comp id="26" class="1000" name="p_read3">
<pin_list>
<pin id="27" dir="1" index="0" bw="1" slack="0"/>
</pin_list>
<bind>
<StgValue><ssdm name="p_read3"/></StgValue>
</bind>
</comp>

<comp id="28" class="1000" name="p_read14">
<pin_list>
<pin id="29" dir="1" index="0" bw="1" slack="0"/>
</pin_list>
<bind>
<StgValue><ssdm name="p_read14"/></StgValue>
</bind>
</comp>

<comp id="30" class="1000" name="p_read25">
<pin_list>
<pin id="31" dir="1" index="0" bw="1" slack="0"/>
</pin_list>
<bind>
<StgValue><ssdm name="p_read25"/></StgValue>
</bind>
</comp>

<comp id="32" class="1001" name="const_32">
<pin_list>
<pin id="33" dir="1" index="0" bw="1" slack="0"/>
</pin_list>
<bind>
<StgValue><ssdm name="_ssdm_op_Read.ap_auto.i11"/></StgValue>
</bind>
</comp>

<comp id="34" class="1001" name="const_34">
<pin_list>
<pin id="35" dir="1" index="0" bw="1" slack="0"/>
</pin_list>
<bind>
<StgValue><ssdm name="_ssdm_op_Read.ap_auto.i3"/></StgValue>
</bind>
</comp>

<comp id="36" class="1001" name="const_36">
<pin_list>
<pin id="37" dir="1" index="0" bw="1" slack="0"/>
</pin_list>
<bind>
<StgValue><ssdm name=""/></StgValue>
</bind>
</comp>

<comp id="38" class="1001" name="const_38">
<pin_list>
<pin id="39" dir="1" index="0" bw="1" slack="0"/>
</pin_list>
<bind>
<StgValue><ssdm name="AXIvideo2MultiPixStream"/></StgValue>
</bind>
</comp>

<comp id="40" class="1001" name="const_40">
<pin_list>
<pin id="41" dir="1" index="0" bw="1" slack="0"/>
</pin_list>
<bind>
<StgValue><ssdm name="_ssdm_op_Read.ap_auto.i6"/></StgValue>
</bind>
</comp>

<comp id="42" class="1001" name="const_42">
<pin_list>
<pin id="43" dir="1" index="0" bw="1" slack="0"/>
</pin_list>
<bind>
<StgValue><ssdm name="_ssdm_op_Read.ap_auto.i16"/></StgValue>
</bind>
</comp>

<comp id="44" class="1001" name="const_44">
<pin_list>
<pin id="45" dir="1" index="0" bw="1" slack="0"/>
</pin_list>
<bind>
<StgValue><ssdm name="_ssdm_op_Read.ap_auto.i14"/></StgValue>
</bind>
</comp>

<comp id="46" class="1001" name="const_46">
<pin_list>
<pin id="47" dir="1" index="0" bw="1" slack="0"/>
</pin_list>
<bind>
<StgValue><ssdm name="_ssdm_op_Read.ap_auto.i32"/></StgValue>
</bind>
</comp>

<comp id="48" class="1001" name="const_48">
<pin_list>
<pin id="49" dir="1" index="0" bw="1" slack="0"/>
</pin_list>
<bind>
<StgValue><ssdm name="entry_proc"/></StgValue>
</bind>
</comp>

<comp id="50" class="1001" name="const_50">
<pin_list>
<pin id="51" dir="1" index="0" bw="1" slack="0"/>
</pin_list>
<bind>
<StgValue><ssdm name="MultiPixStream2Bytes"/></StgValue>
</bind>
</comp>

<comp id="52" class="1001" name="const_52">
<pin_list>
<pin id="53" dir="1" index="0" bw="1" slack="0"/>
</pin_list>
<bind>
<StgValue><ssdm name="Bytes2AXIMMvideo"/></StgValue>
</bind>
</comp>

<comp id="54" class="1001" name="const_54">
<pin_list>
<pin id="55" dir="1" index="0" bw="1" slack="2147483647"/>
</pin_list>
<bind>
<StgValue><ssdm name="_ssdm_op_SpecStableContent"/></StgValue>
</bind>
</comp>

<comp id="56" class="1001" name="const_56">
<pin_list>
<pin id="57" dir="1" index="0" bw="1" slack="2147483647"/>
</pin_list>
<bind>
<StgValue><ssdm name=""/></StgValue>
</bind>
</comp>

<comp id="58" class="1001" name="const_58">
<pin_list>
<pin id="59" dir="1" index="0" bw="1" slack="2147483647"/>
</pin_list>
<bind>
<StgValue><ssdm name="_ssdm_op_SpecChannel"/></StgValue>
</bind>
</comp>

<comp id="60" class="1001" name="const_60">
<pin_list>
<pin id="61" dir="1" index="0" bw="1" slack="2147483647"/>
</pin_list>
<bind>
<StgValue><ssdm name="video_format_c11_str"/></StgValue>
</bind>
</comp>

<comp id="62" class="1001" name="const_62">
<pin_list>
<pin id="63" dir="1" index="0" bw="1" slack="2147483647"/>
</pin_list>
<bind>
<StgValue><ssdm name="p_str"/></StgValue>
</bind>
</comp>

<comp id="64" class="1001" name="const_64">
<pin_list>
<pin id="65" dir="1" index="0" bw="1" slack="2147483647"/>
</pin_list>
<bind>
<StgValue><ssdm name=""/></StgValue>
</bind>
</comp>

<comp id="66" class="1001" name="const_66">
<pin_list>
<pin id="67" dir="1" index="0" bw="1" slack="2147483647"/>
</pin_list>
<bind>
<StgValue><ssdm name=""/></StgValue>
</bind>
</comp>

<comp id="68" class="1001" name="const_68">
<pin_list>
<pin id="69" dir="1" index="0" bw="1" slack="2147483647"/>
</pin_list>
<bind>
<StgValue><ssdm name="_ssdm_op_SpecInterface"/></StgValue>
</bind>
</comp>

<comp id="70" class="1001" name="const_70">
<pin_list>
<pin id="71" dir="1" index="0" bw="1" slack="2147483647"/>
</pin_list>
<bind>
<StgValue><ssdm name="ap_fifo_str"/></StgValue>
</bind>
</comp>

<comp id="72" class="1001" name="const_72">
<pin_list>
<pin id="73" dir="1" index="0" bw="1" slack="2147483647"/>
</pin_list>
<bind>
<StgValue><ssdm name=""/></StgValue>
</bind>
</comp>

<comp id="74" class="1001" name="const_74">
<pin_list>
<pin id="75" dir="1" index="0" bw="1" slack="2147483647"/>
</pin_list>
<bind>
<StgValue><ssdm name=""/></StgValue>
</bind>
</comp>

<comp id="76" class="1001" name="const_76">
<pin_list>
<pin id="77" dir="1" index="0" bw="1" slack="2147483647"/>
</pin_list>
<bind>
<StgValue><ssdm name=""/></StgValue>
</bind>
</comp>

<comp id="78" class="1001" name="const_78">
<pin_list>
<pin id="79" dir="1" index="0" bw="1" slack="2147483647"/>
</pin_list>
<bind>
<StgValue><ssdm name="video_format_c_str"/></StgValue>
</bind>
</comp>

<comp id="80" class="1001" name="const_80">
<pin_list>
<pin id="81" dir="1" index="0" bw="1" slack="2147483647"/>
</pin_list>
<bind>
<StgValue><ssdm name="stride_c_str"/></StgValue>
</bind>
</comp>

<comp id="82" class="1001" name="const_82">
<pin_list>
<pin id="83" dir="1" index="0" bw="1" slack="2147483647"/>
</pin_list>
<bind>
<StgValue><ssdm name=""/></StgValue>
</bind>
</comp>

<comp id="84" class="1001" name="const_84">
<pin_list>
<pin id="85" dir="1" index="0" bw="1" slack="2147483647"/>
</pin_list>
<bind>
<StgValue><ssdm name="height_c10_str"/></StgValue>
</bind>
</comp>

<comp id="86" class="1001" name="const_86">
<pin_list>
<pin id="87" dir="1" index="0" bw="1" slack="2147483647"/>
</pin_list>
<bind>
<StgValue><ssdm name="height_c_str"/></StgValue>
</bind>
</comp>

<comp id="88" class="1001" name="const_88">
<pin_list>
<pin id="89" dir="1" index="0" bw="1" slack="2147483647"/>
</pin_list>
<bind>
<StgValue><ssdm name="width_c_str"/></StgValue>
</bind>
</comp>

<comp id="90" class="1001" name="const_90">
<pin_list>
<pin id="91" dir="1" index="0" bw="1" slack="2147483647"/>
</pin_list>
<bind>
<StgValue><ssdm name="WidthInBytes_c9_str"/></StgValue>
</bind>
</comp>

<comp id="92" class="1001" name="const_92">
<pin_list>
<pin id="93" dir="1" index="0" bw="1" slack="2147483647"/>
</pin_list>
<bind>
<StgValue><ssdm name="WidthInBytes_c_str"/></StgValue>
</bind>
</comp>

<comp id="94" class="1001" name="const_94">
<pin_list>
<pin id="95" dir="1" index="0" bw="1" slack="2147483647"/>
</pin_list>
<bind>
<StgValue><ssdm name="HwReg_frm_buffer2_c_str"/></StgValue>
</bind>
</comp>

<comp id="96" class="1001" name="const_96">
<pin_list>
<pin id="97" dir="1" index="0" bw="1" slack="2147483647"/>
</pin_list>
<bind>
<StgValue><ssdm name="HwReg_frm_buffer_c_str"/></StgValue>
</bind>
</comp>

<comp id="98" class="1001" name="const_98">
<pin_list>
<pin id="99" dir="1" index="0" bw="1" slack="2147483647"/>
</pin_list>
<bind>
<StgValue><ssdm name="_ssdm_op_SpecDataflowPipeline"/></StgValue>
</bind>
</comp>

<comp id="100" class="1001" name="const_100">
<pin_list>
<pin id="101" dir="1" index="0" bw="1" slack="2147483647"/>
</pin_list>
<bind>
<StgValue><ssdm name="empty_25"/></StgValue>
</bind>
</comp>

<comp id="102" class="1001" name="const_102">
<pin_list>
<pin id="103" dir="1" index="0" bw="1" slack="2147483647"/>
</pin_list>
<bind>
<StgValue><ssdm name="_ssdm_op_SpecAXISSideChannel"/></StgValue>
</bind>
</comp>

<comp id="104" class="1001" name="const_104">
<pin_list>
<pin id="105" dir="1" index="0" bw="1" slack="2147483647"/>
</pin_list>
<bind>
<StgValue><ssdm name="empty_7"/></StgValue>
</bind>
</comp>

<comp id="106" class="1001" name="const_106">
<pin_list>
<pin id="107" dir="1" index="0" bw="1" slack="2147483647"/>
</pin_list>
<bind>
<StgValue><ssdm name="empty_5"/></StgValue>
</bind>
</comp>

<comp id="108" class="1001" name="const_108">
<pin_list>
<pin id="109" dir="1" index="0" bw="1" slack="2147483647"/>
</pin_list>
<bind>
<StgValue><ssdm name="empty_19"/></StgValue>
</bind>
</comp>

<comp id="110" class="1001" name="const_110">
<pin_list>
<pin id="111" dir="1" index="0" bw="1" slack="2147483647"/>
</pin_list>
<bind>
<StgValue><ssdm name="empty_24"/></StgValue>
</bind>
</comp>

<comp id="112" class="1001" name="const_112">
<pin_list>
<pin id="113" dir="1" index="0" bw="1" slack="2147483647"/>
</pin_list>
<bind>
<StgValue><ssdm name=""/></StgValue>
</bind>
</comp>

<comp id="114" class="1001" name="const_114">
<pin_list>
<pin id="115" dir="1" index="0" bw="1" slack="2147483647"/>
</pin_list>
<bind>
<StgValue><ssdm name=""/></StgValue>
</bind>
</comp>

<comp id="116" class="1001" name="const_116">
<pin_list>
<pin id="117" dir="1" index="0" bw="1" slack="2147483647"/>
</pin_list>
<bind>
<StgValue><ssdm name="empty_26"/></StgValue>
</bind>
</comp>

<comp id="118" class="1001" name="const_118">
<pin_list>
<pin id="119" dir="1" index="0" bw="1" slack="2147483647"/>
</pin_list>
<bind>
<StgValue><ssdm name="empty_27"/></StgValue>
</bind>
</comp>

<comp id="120" class="1001" name="const_120">
<pin_list>
<pin id="121" dir="1" index="0" bw="1" slack="2147483647"/>
</pin_list>
<bind>
<StgValue><ssdm name="img_str"/></StgValue>
</bind>
</comp>

<comp id="122" class="1001" name="const_122">
<pin_list>
<pin id="123" dir="1" index="0" bw="1" slack="2147483647"/>
</pin_list>
<bind>
<StgValue><ssdm name="empty_8"/></StgValue>
</bind>
</comp>

<comp id="124" class="1001" name="const_124">
<pin_list>
<pin id="125" dir="1" index="0" bw="1" slack="2147483647"/>
</pin_list>
<bind>
<StgValue><ssdm name="bytePlanes_OC_plane0_str"/></StgValue>
</bind>
</comp>

<comp id="126" class="1001" name="const_126">
<pin_list>
<pin id="127" dir="1" index="0" bw="1" slack="2147483647"/>
</pin_list>
<bind>
<StgValue><ssdm name=""/></StgValue>
</bind>
</comp>

<comp id="128" class="1001" name="const_128">
<pin_list>
<pin id="129" dir="1" index="0" bw="1" slack="2147483647"/>
</pin_list>
<bind>
<StgValue><ssdm name="_ssdm_op_SpecMemCore"/></StgValue>
</bind>
</comp>

<comp id="130" class="1001" name="const_130">
<pin_list>
<pin id="131" dir="1" index="0" bw="1" slack="2147483647"/>
</pin_list>
<bind>
<StgValue><ssdm name=""/></StgValue>
</bind>
</comp>

<comp id="132" class="1001" name="const_132">
<pin_list>
<pin id="133" dir="1" index="0" bw="1" slack="2147483647"/>
</pin_list>
<bind>
<StgValue><ssdm name=""/></StgValue>
</bind>
</comp>

<comp id="134" class="1001" name="const_134">
<pin_list>
<pin id="135" dir="1" index="0" bw="1" slack="2147483647"/>
</pin_list>
<bind>
<StgValue><ssdm name=""/></StgValue>
</bind>
</comp>

<comp id="136" class="1001" name="const_136">
<pin_list>
<pin id="137" dir="1" index="0" bw="1" slack="2147483647"/>
</pin_list>
<bind>
<StgValue><ssdm name="bytePlanes_OC_plane1_str"/></StgValue>
</bind>
</comp>

<comp id="138" class="1004" name="video_format_c11_fu_138">
<pin_list>
<pin id="139" dir="0" index="0" bw="1" slack="0"/>
<pin id="140" dir="1" index="1" bw="6" slack="1"/>
</pin_list>
<bind>
<opcode="alloca(26) " fcode="alloca"/>
<opset="video_format_c11/1 "/>
</bind>
</comp>

<comp id="142" class="1004" name="video_format_c_fu_142">
<pin_list>
<pin id="143" dir="0" index="0" bw="1" slack="0"/>
<pin id="144" dir="1" index="1" bw="6" slack="2"/>
</pin_list>
<bind>
<opcode="alloca(26) " fcode="alloca"/>
<opset="video_format_c/1 "/>
</bind>
</comp>

<comp id="146" class="1004" name="stride_c_fu_146">
<pin_list>
<pin id="147" dir="0" index="0" bw="1" slack="0"/>
<pin id="148" dir="1" index="1" bw="16" slack="1"/>
</pin_list>
<bind>
<opcode="alloca(26) " fcode="alloca"/>
<opset="stride_c/1 "/>
</bind>
</comp>

<comp id="150" class="1004" name="height_c10_fu_150">
<pin_list>
<pin id="151" dir="0" index="0" bw="1" slack="0"/>
<pin id="152" dir="1" index="1" bw="11" slack="0"/>
</pin_list>
<bind>
<opcode="alloca(26) " fcode="alloca"/>
<opset="height_c10/1 "/>
</bind>
</comp>

<comp id="154" class="1004" name="height_c_fu_154">
<pin_list>
<pin id="155" dir="0" index="0" bw="1" slack="0"/>
<pin id="156" dir="1" index="1" bw="11" slack="2"/>
</pin_list>
<bind>
<opcode="alloca(26) " fcode="alloca"/>
<opset="height_c/1 "/>
</bind>
</comp>

<comp id="158" class="1004" name="width_c_fu_158">
<pin_list>
<pin id="159" dir="0" index="0" bw="1" slack="0"/>
<pin id="160" dir="1" index="1" bw="3" slack="0"/>
</pin_list>
<bind>
<opcode="alloca(26) " fcode="alloca"/>
<opset="width_c/1 "/>
</bind>
</comp>

<comp id="162" class="1004" name="WidthInBytes_c9_fu_162">
<pin_list>
<pin id="163" dir="0" index="0" bw="1" slack="0"/>
<pin id="164" dir="1" index="1" bw="14" slack="1"/>
</pin_list>
<bind>
<opcode="alloca(26) " fcode="alloca"/>
<opset="WidthInBytes_c9/1 "/>
</bind>
</comp>

<comp id="166" class="1004" name="WidthInBytes_c_fu_166">
<pin_list>
<pin id="167" dir="0" index="0" bw="1" slack="0"/>
<pin id="168" dir="1" index="1" bw="14" slack="2"/>
</pin_list>
<bind>
<opcode="alloca(26) " fcode="alloca"/>
<opset="WidthInBytes_c/1 "/>
</bind>
</comp>

<comp id="170" class="1004" name="HwReg_frm_buffer2_c_fu_170">
<pin_list>
<pin id="171" dir="0" index="0" bw="1" slack="0"/>
<pin id="172" dir="1" index="1" bw="32" slack="1"/>
</pin_list>
<bind>
<opcode="alloca(26) " fcode="alloca"/>
<opset="HwReg_frm_buffer2_c/1 "/>
</bind>
</comp>

<comp id="174" class="1004" name="HwReg_frm_buffer_c_fu_174">
<pin_list>
<pin id="175" dir="0" index="0" bw="1" slack="0"/>
<pin id="176" dir="1" index="1" bw="32" slack="1"/>
</pin_list>
<bind>
<opcode="alloca(26) " fcode="alloca"/>
<opset="HwReg_frm_buffer_c/1 "/>
</bind>
</comp>

<comp id="178" class="1004" name="img_fu_178">
<pin_list>
<pin id="179" dir="0" index="0" bw="1" slack="0"/>
<pin id="180" dir="1" index="1" bw="24" slack="0"/>
</pin_list>
<bind>
<opcode="alloca(26) " fcode="alloca"/>
<opset="img/1 "/>
</bind>
</comp>

<comp id="182" class="1004" name="bytePlanes_plane0_fu_182">
<pin_list>
<pin id="183" dir="0" index="0" bw="1" slack="0"/>
<pin id="184" dir="1" index="1" bw="64" slack="2"/>
</pin_list>
<bind>
<opcode="alloca(26) " fcode="alloca"/>
<opset="bytePlanes_plane0/1 "/>
</bind>
</comp>

<comp id="186" class="1004" name="bytePlanes_plane1_fu_186">
<pin_list>
<pin id="187" dir="0" index="0" bw="1" slack="0"/>
<pin id="188" dir="1" index="1" bw="64" slack="2"/>
</pin_list>
<bind>
<opcode="alloca(26) " fcode="alloca"/>
<opset="bytePlanes_plane1/1 "/>
</bind>
</comp>

<comp id="190" class="1004" name="p_read_6_read_fu_190">
<pin_list>
<pin id="191" dir="0" index="0" bw="11" slack="0"/>
<pin id="192" dir="0" index="1" bw="11" slack="0"/>
<pin id="193" dir="1" index="2" bw="11" slack="0"/>
</pin_list>
<bind>
<opcode="read(1150) " fcode="read"/>
<opset="p_read_6/1 "/>
</bind>
</comp>

<comp id="196" class="1004" name="p_read26_read_fu_196">
<pin_list>
<pin id="197" dir="0" index="0" bw="11" slack="0"/>
<pin id="198" dir="0" index="1" bw="11" slack="0"/>
<pin id="199" dir="1" index="2" bw="11" slack="0"/>
</pin_list>
<bind>
<opcode="read(1150) " fcode="read"/>
<opset="p_read26/1 "/>
</bind>
</comp>

<comp id="202" class="1004" name="p_read15_read_fu_202">
<pin_list>
<pin id="203" dir="0" index="0" bw="3" slack="0"/>
<pin id="204" dir="0" index="1" bw="3" slack="0"/>
<pin id="205" dir="1" index="2" bw="3" slack="0"/>
</pin_list>
<bind>
<opcode="read(1150) " fcode="read"/>
<opset="p_read15/1 "/>
</bind>
</comp>

<comp id="208" class="1004" name="p_read_4_read_fu_208">
<pin_list>
<pin id="209" dir="0" index="0" bw="6" slack="0"/>
<pin id="210" dir="0" index="1" bw="6" slack="0"/>
<pin id="211" dir="1" index="2" bw="6" slack="0"/>
</pin_list>
<bind>
<opcode="read(1150) " fcode="read"/>
<opset="p_read_4/2 "/>
</bind>
</comp>

<comp id="214" class="1004" name="p_read_5_read_fu_214">
<pin_list>
<pin id="215" dir="0" index="0" bw="16" slack="0"/>
<pin id="216" dir="0" index="1" bw="16" slack="0"/>
<pin id="217" dir="1" index="2" bw="16" slack="0"/>
</pin_list>
<bind>
<opcode="read(1150) " fcode="read"/>
<opset="p_read_5/2 "/>
</bind>
</comp>

<comp id="220" class="1004" name="p_read_7_read_fu_220">
<pin_list>
<pin id="221" dir="0" index="0" bw="14" slack="0"/>
<pin id="222" dir="0" index="1" bw="14" slack="0"/>
<pin id="223" dir="1" index="2" bw="14" slack="0"/>
</pin_list>
<bind>
<opcode="read(1150) " fcode="read"/>
<opset="p_read_7/2 "/>
</bind>
</comp>

<comp id="226" class="1004" name="HwReg_frm_buffer2_read_read_fu_226">
<pin_list>
<pin id="227" dir="0" index="0" bw="32" slack="0"/>
<pin id="228" dir="0" index="1" bw="32" slack="0"/>
<pin id="229" dir="1" index="2" bw="32" slack="0"/>
</pin_list>
<bind>
<opcode="read(1150) " fcode="read"/>
<opset="HwReg_frm_buffer2_read/2 "/>
</bind>
</comp>

<comp id="232" class="1004" name="HwReg_frm_buffer_read_read_fu_232">
<pin_list>
<pin id="233" dir="0" index="0" bw="32" slack="0"/>
<pin id="234" dir="0" index="1" bw="32" slack="0"/>
<pin id="235" dir="1" index="2" bw="32" slack="0"/>
</pin_list>
<bind>
<opcode="read(1150) " fcode="read"/>
<opset="HwReg_frm_buffer_read/2 "/>
</bind>
</comp>

<comp id="238" class="1004" name="grp_AXIvideo2MultiPixStream_fu_238">
<pin_list>
<pin id="239" dir="0" index="0" bw="0" slack="0"/>
<pin id="240" dir="0" index="1" bw="24" slack="0"/>
<pin id="241" dir="0" index="2" bw="3" slack="0"/>
<pin id="242" dir="0" index="3" bw="3" slack="0"/>
<pin id="243" dir="0" index="4" bw="1" slack="0"/>
<pin id="244" dir="0" index="5" bw="1" slack="0"/>
<pin id="245" dir="0" index="6" bw="1" slack="0"/>
<pin id="246" dir="0" index="7" bw="1" slack="0"/>
<pin id="247" dir="0" index="8" bw="24" slack="0"/>
<pin id="248" dir="0" index="9" bw="11" slack="0"/>
<pin id="249" dir="0" index="10" bw="11" slack="0"/>
<pin id="250" dir="0" index="11" bw="3" slack="0"/>
<pin id="251" dir="0" index="12" bw="3" slack="0"/>
<pin id="252" dir="0" index="13" bw="11" slack="0"/>
<pin id="253" dir="1" index="14" bw="0" slack="2147483647"/>
</pin_list>
<bind>
<opcode="call(48) " fcode="call"/>
<opset="call_ln57/1 "/>
</bind>
</comp>

<comp id="265" class="1004" name="call_ln0_entry_proc_fu_265">
<pin_list>
<pin id="266" dir="0" index="0" bw="0" slack="0"/>
<pin id="267" dir="0" index="1" bw="32" slack="0"/>
<pin id="268" dir="0" index="2" bw="32" slack="1"/>
<pin id="269" dir="0" index="3" bw="32" slack="0"/>
<pin id="270" dir="0" index="4" bw="32" slack="1"/>
<pin id="271" dir="0" index="5" bw="14" slack="0"/>
<pin id="272" dir="0" index="6" bw="14" slack="1"/>
<pin id="273" dir="0" index="7" bw="16" slack="0"/>
<pin id="274" dir="0" index="8" bw="16" slack="1"/>
<pin id="275" dir="0" index="9" bw="6" slack="0"/>
<pin id="276" dir="0" index="10" bw="6" slack="1"/>
<pin id="277" dir="1" index="11" bw="0" slack="2147483647"/>
</pin_list>
<bind>
<opcode="call(48) " fcode="call"/>
<opset="call_ln0/2 "/>
</bind>
</comp>

<comp id="284" class="1004" name="grp_MultiPixStream2Bytes_fu_284">
<pin_list>
<pin id="285" dir="0" index="0" bw="0" slack="0"/>
<pin id="286" dir="0" index="1" bw="24" slack="2"/>
<pin id="287" dir="0" index="2" bw="64" slack="2"/>
<pin id="288" dir="0" index="3" bw="64" slack="2"/>
<pin id="289" dir="0" index="4" bw="11" slack="2"/>
<pin id="290" dir="0" index="5" bw="3" slack="2"/>
<pin id="291" dir="0" index="6" bw="14" slack="2"/>
<pin id="292" dir="0" index="7" bw="6" slack="2"/>
<pin id="293" dir="0" index="8" bw="14" slack="2"/>
<pin id="294" dir="0" index="9" bw="11" slack="2"/>
<pin id="295" dir="0" index="10" bw="6" slack="2"/>
<pin id="296" dir="1" index="11" bw="0" slack="2147483647"/>
</pin_list>
<bind>
<opcode="call(48) " fcode="call"/>
<opset="call_ln60/3 "/>
</bind>
</comp>

<comp id="298" class="1004" name="grp_Bytes2AXIMMvideo_fu_298">
<pin_list>
<pin id="299" dir="0" index="0" bw="0" slack="0"/>
<pin id="300" dir="0" index="1" bw="64" slack="4"/>
<pin id="301" dir="0" index="2" bw="64" slack="4"/>
<pin id="302" dir="0" index="3" bw="64" slack="0"/>
<pin id="303" dir="0" index="4" bw="32" slack="4"/>
<pin id="304" dir="0" index="5" bw="32" slack="4"/>
<pin id="305" dir="0" index="6" bw="11" slack="4"/>
<pin id="306" dir="0" index="7" bw="14" slack="4"/>
<pin id="307" dir="0" index="8" bw="16" slack="4"/>
<pin id="308" dir="0" index="9" bw="6" slack="4"/>
<pin id="309" dir="1" index="10" bw="0" slack="2147483647"/>
</pin_list>
<bind>
<opcode="call(48) " fcode="call"/>
<opset="call_ln63/5 "/>
</bind>
</comp>

<comp id="312" class="1005" name="p_read_6_reg_312">
<pin_list>
<pin id="313" dir="0" index="0" bw="11" slack="1"/>
<pin id="314" dir="1" index="1" bw="11" slack="1"/>
</pin_list>
<bind>
<opset="p_read_6 "/>
</bind>
</comp>

<comp id="317" class="1005" name="p_read26_reg_317">
<pin_list>
<pin id="318" dir="0" index="0" bw="11" slack="1"/>
<pin id="319" dir="1" index="1" bw="11" slack="1"/>
</pin_list>
<bind>
<opset="p_read26 "/>
</bind>
</comp>

<comp id="322" class="1005" name="p_read15_reg_322">
<pin_list>
<pin id="323" dir="0" index="0" bw="3" slack="1"/>
<pin id="324" dir="1" index="1" bw="3" slack="1"/>
</pin_list>
<bind>
<opset="p_read15 "/>
</bind>
</comp>

<comp id="327" class="1005" name="video_format_c11_reg_327">
<pin_list>
<pin id="328" dir="0" index="0" bw="6" slack="1"/>
<pin id="329" dir="1" index="1" bw="6" slack="1"/>
</pin_list>
<bind>
<opset="video_format_c11 "/>
</bind>
</comp>

<comp id="333" class="1005" name="video_format_c_reg_333">
<pin_list>
<pin id="334" dir="0" index="0" bw="6" slack="2"/>
<pin id="335" dir="1" index="1" bw="6" slack="2"/>
</pin_list>
<bind>
<opset="video_format_c "/>
</bind>
</comp>

<comp id="339" class="1005" name="stride_c_reg_339">
<pin_list>
<pin id="340" dir="0" index="0" bw="16" slack="1"/>
<pin id="341" dir="1" index="1" bw="16" slack="1"/>
</pin_list>
<bind>
<opset="stride_c "/>
</bind>
</comp>

<comp id="345" class="1005" name="height_c10_reg_345">
<pin_list>
<pin id="346" dir="0" index="0" bw="11" slack="0"/>
<pin id="347" dir="1" index="1" bw="11" slack="0"/>
</pin_list>
<bind>
<opset="height_c10 "/>
</bind>
</comp>

<comp id="351" class="1005" name="height_c_reg_351">
<pin_list>
<pin id="352" dir="0" index="0" bw="11" slack="2"/>
<pin id="353" dir="1" index="1" bw="11" slack="2"/>
</pin_list>
<bind>
<opset="height_c "/>
</bind>
</comp>

<comp id="357" class="1005" name="width_c_reg_357">
<pin_list>
<pin id="358" dir="0" index="0" bw="3" slack="0"/>
<pin id="359" dir="1" index="1" bw="3" slack="0"/>
</pin_list>
<bind>
<opset="width_c "/>
</bind>
</comp>

<comp id="363" class="1005" name="WidthInBytes_c9_reg_363">
<pin_list>
<pin id="364" dir="0" index="0" bw="14" slack="1"/>
<pin id="365" dir="1" index="1" bw="14" slack="1"/>
</pin_list>
<bind>
<opset="WidthInBytes_c9 "/>
</bind>
</comp>

<comp id="369" class="1005" name="WidthInBytes_c_reg_369">
<pin_list>
<pin id="370" dir="0" index="0" bw="14" slack="2"/>
<pin id="371" dir="1" index="1" bw="14" slack="2"/>
</pin_list>
<bind>
<opset="WidthInBytes_c "/>
</bind>
</comp>

<comp id="375" class="1005" name="HwReg_frm_buffer2_c_reg_375">
<pin_list>
<pin id="376" dir="0" index="0" bw="32" slack="1"/>
<pin id="377" dir="1" index="1" bw="32" slack="1"/>
</pin_list>
<bind>
<opset="HwReg_frm_buffer2_c "/>
</bind>
</comp>

<comp id="381" class="1005" name="HwReg_frm_buffer_c_reg_381">
<pin_list>
<pin id="382" dir="0" index="0" bw="32" slack="1"/>
<pin id="383" dir="1" index="1" bw="32" slack="1"/>
</pin_list>
<bind>
<opset="HwReg_frm_buffer_c "/>
</bind>
</comp>

<comp id="387" class="1005" name="img_reg_387">
<pin_list>
<pin id="388" dir="0" index="0" bw="24" slack="0"/>
<pin id="389" dir="1" index="1" bw="24" slack="0"/>
</pin_list>
<bind>
<opset="img "/>
</bind>
</comp>

<comp id="393" class="1005" name="bytePlanes_plane0_reg_393">
<pin_list>
<pin id="394" dir="0" index="0" bw="64" slack="2"/>
<pin id="395" dir="1" index="1" bw="64" slack="2"/>
</pin_list>
<bind>
<opset="bytePlanes_plane0 "/>
</bind>
</comp>

<comp id="399" class="1005" name="bytePlanes_plane1_reg_399">
<pin_list>
<pin id="400" dir="0" index="0" bw="64" slack="2"/>
<pin id="401" dir="1" index="1" bw="64" slack="2"/>
</pin_list>
<bind>
<opset="bytePlanes_plane1 "/>
</bind>
</comp>

</comp_list>

<net_list>
<net id="141"><net_src comp="36" pin="0"/><net_sink comp="138" pin=0"/></net>

<net id="145"><net_src comp="36" pin="0"/><net_sink comp="142" pin=0"/></net>

<net id="149"><net_src comp="36" pin="0"/><net_sink comp="146" pin=0"/></net>

<net id="153"><net_src comp="36" pin="0"/><net_sink comp="150" pin=0"/></net>

<net id="157"><net_src comp="36" pin="0"/><net_sink comp="154" pin=0"/></net>

<net id="161"><net_src comp="36" pin="0"/><net_sink comp="158" pin=0"/></net>

<net id="165"><net_src comp="36" pin="0"/><net_sink comp="162" pin=0"/></net>

<net id="169"><net_src comp="36" pin="0"/><net_sink comp="166" pin=0"/></net>

<net id="173"><net_src comp="36" pin="0"/><net_sink comp="170" pin=0"/></net>

<net id="177"><net_src comp="36" pin="0"/><net_sink comp="174" pin=0"/></net>

<net id="181"><net_src comp="36" pin="0"/><net_sink comp="178" pin=0"/></net>

<net id="185"><net_src comp="36" pin="0"/><net_sink comp="182" pin=0"/></net>

<net id="189"><net_src comp="36" pin="0"/><net_sink comp="186" pin=0"/></net>

<net id="194"><net_src comp="32" pin="0"/><net_sink comp="190" pin=0"/></net>

<net id="195"><net_src comp="26" pin="0"/><net_sink comp="190" pin=1"/></net>

<net id="200"><net_src comp="32" pin="0"/><net_sink comp="196" pin=0"/></net>

<net id="201"><net_src comp="24" pin="0"/><net_sink comp="196" pin=1"/></net>

<net id="206"><net_src comp="34" pin="0"/><net_sink comp="202" pin=0"/></net>

<net id="207"><net_src comp="22" pin="0"/><net_sink comp="202" pin=1"/></net>

<net id="212"><net_src comp="40" pin="0"/><net_sink comp="208" pin=0"/></net>

<net id="213"><net_src comp="30" pin="0"/><net_sink comp="208" pin=1"/></net>

<net id="218"><net_src comp="42" pin="0"/><net_sink comp="214" pin=0"/></net>

<net id="219"><net_src comp="28" pin="0"/><net_sink comp="214" pin=1"/></net>

<net id="224"><net_src comp="44" pin="0"/><net_sink comp="220" pin=0"/></net>

<net id="225"><net_src comp="20" pin="0"/><net_sink comp="220" pin=1"/></net>

<net id="230"><net_src comp="46" pin="0"/><net_sink comp="226" pin=0"/></net>

<net id="231"><net_src comp="18" pin="0"/><net_sink comp="226" pin=1"/></net>

<net id="236"><net_src comp="46" pin="0"/><net_sink comp="232" pin=0"/></net>

<net id="237"><net_src comp="16" pin="0"/><net_sink comp="232" pin=1"/></net>

<net id="254"><net_src comp="38" pin="0"/><net_sink comp="238" pin=0"/></net>

<net id="255"><net_src comp="0" pin="0"/><net_sink comp="238" pin=1"/></net>

<net id="256"><net_src comp="2" pin="0"/><net_sink comp="238" pin=2"/></net>

<net id="257"><net_src comp="4" pin="0"/><net_sink comp="238" pin=3"/></net>

<net id="258"><net_src comp="6" pin="0"/><net_sink comp="238" pin=4"/></net>

<net id="259"><net_src comp="8" pin="0"/><net_sink comp="238" pin=5"/></net>

<net id="260"><net_src comp="10" pin="0"/><net_sink comp="238" pin=6"/></net>

<net id="261"><net_src comp="12" pin="0"/><net_sink comp="238" pin=7"/></net>

<net id="262"><net_src comp="190" pin="2"/><net_sink comp="238" pin=9"/></net>

<net id="263"><net_src comp="196" pin="2"/><net_sink comp="238" pin=10"/></net>

<net id="264"><net_src comp="202" pin="2"/><net_sink comp="238" pin=11"/></net>

<net id="278"><net_src comp="48" pin="0"/><net_sink comp="265" pin=0"/></net>

<net id="279"><net_src comp="232" pin="2"/><net_sink comp="265" pin=1"/></net>

<net id="280"><net_src comp="226" pin="2"/><net_sink comp="265" pin=3"/></net>

<net id="281"><net_src comp="220" pin="2"/><net_sink comp="265" pin=5"/></net>

<net id="282"><net_src comp="214" pin="2"/><net_sink comp="265" pin=7"/></net>

<net id="283"><net_src comp="208" pin="2"/><net_sink comp="265" pin=9"/></net>

<net id="297"><net_src comp="50" pin="0"/><net_sink comp="284" pin=0"/></net>

<net id="310"><net_src comp="52" pin="0"/><net_sink comp="298" pin=0"/></net>

<net id="311"><net_src comp="14" pin="0"/><net_sink comp="298" pin=3"/></net>

<net id="315"><net_src comp="190" pin="2"/><net_sink comp="312" pin=0"/></net>

<net id="316"><net_src comp="312" pin="1"/><net_sink comp="238" pin=9"/></net>

<net id="320"><net_src comp="196" pin="2"/><net_sink comp="317" pin=0"/></net>

<net id="321"><net_src comp="317" pin="1"/><net_sink comp="238" pin=10"/></net>

<net id="325"><net_src comp="202" pin="2"/><net_sink comp="322" pin=0"/></net>

<net id="326"><net_src comp="322" pin="1"/><net_sink comp="238" pin=11"/></net>

<net id="330"><net_src comp="138" pin="1"/><net_sink comp="327" pin=0"/></net>

<net id="331"><net_src comp="327" pin="1"/><net_sink comp="265" pin=10"/></net>

<net id="332"><net_src comp="327" pin="1"/><net_sink comp="284" pin=7"/></net>

<net id="336"><net_src comp="142" pin="1"/><net_sink comp="333" pin=0"/></net>

<net id="337"><net_src comp="333" pin="1"/><net_sink comp="284" pin=10"/></net>

<net id="338"><net_src comp="333" pin="1"/><net_sink comp="298" pin=9"/></net>

<net id="342"><net_src comp="146" pin="1"/><net_sink comp="339" pin=0"/></net>

<net id="343"><net_src comp="339" pin="1"/><net_sink comp="265" pin=8"/></net>

<net id="344"><net_src comp="339" pin="1"/><net_sink comp="298" pin=8"/></net>

<net id="348"><net_src comp="150" pin="1"/><net_sink comp="345" pin=0"/></net>

<net id="349"><net_src comp="345" pin="1"/><net_sink comp="238" pin=13"/></net>

<net id="350"><net_src comp="345" pin="1"/><net_sink comp="284" pin=4"/></net>

<net id="354"><net_src comp="154" pin="1"/><net_sink comp="351" pin=0"/></net>

<net id="355"><net_src comp="351" pin="1"/><net_sink comp="284" pin=9"/></net>

<net id="356"><net_src comp="351" pin="1"/><net_sink comp="298" pin=6"/></net>

<net id="360"><net_src comp="158" pin="1"/><net_sink comp="357" pin=0"/></net>

<net id="361"><net_src comp="357" pin="1"/><net_sink comp="238" pin=12"/></net>

<net id="362"><net_src comp="357" pin="1"/><net_sink comp="284" pin=5"/></net>

<net id="366"><net_src comp="162" pin="1"/><net_sink comp="363" pin=0"/></net>

<net id="367"><net_src comp="363" pin="1"/><net_sink comp="265" pin=6"/></net>

<net id="368"><net_src comp="363" pin="1"/><net_sink comp="284" pin=6"/></net>

<net id="372"><net_src comp="166" pin="1"/><net_sink comp="369" pin=0"/></net>

<net id="373"><net_src comp="369" pin="1"/><net_sink comp="284" pin=8"/></net>

<net id="374"><net_src comp="369" pin="1"/><net_sink comp="298" pin=7"/></net>

<net id="378"><net_src comp="170" pin="1"/><net_sink comp="375" pin=0"/></net>

<net id="379"><net_src comp="375" pin="1"/><net_sink comp="265" pin=4"/></net>

<net id="380"><net_src comp="375" pin="1"/><net_sink comp="298" pin=5"/></net>

<net id="384"><net_src comp="174" pin="1"/><net_sink comp="381" pin=0"/></net>

<net id="385"><net_src comp="381" pin="1"/><net_sink comp="265" pin=2"/></net>

<net id="386"><net_src comp="381" pin="1"/><net_sink comp="298" pin=4"/></net>

<net id="390"><net_src comp="178" pin="1"/><net_sink comp="387" pin=0"/></net>

<net id="391"><net_src comp="387" pin="1"/><net_sink comp="238" pin=8"/></net>

<net id="392"><net_src comp="387" pin="1"/><net_sink comp="284" pin=1"/></net>

<net id="396"><net_src comp="182" pin="1"/><net_sink comp="393" pin=0"/></net>

<net id="397"><net_src comp="393" pin="1"/><net_sink comp="284" pin=2"/></net>

<net id="398"><net_src comp="393" pin="1"/><net_sink comp="298" pin=1"/></net>

<net id="402"><net_src comp="186" pin="1"/><net_sink comp="399" pin=0"/></net>

<net id="403"><net_src comp="399" pin="1"/><net_sink comp="284" pin=3"/></net>

<net id="404"><net_src comp="399" pin="1"/><net_sink comp="298" pin=2"/></net>

</net_list>

</model> 
---------------- Datapath Model END ------------------

* FSMD analyzer results:
  - Output states:
	Port: s_axis_video_V_data_V | {}
	Port: s_axis_video_V_keep_V | {}
	Port: s_axis_video_V_strb_V | {}
	Port: s_axis_video_V_user_V | {}
	Port: s_axis_video_V_last_V | {}
	Port: s_axis_video_V_id_V | {}
	Port: s_axis_video_V_dest_V | {}
	Port: mm_video | {5 6 }
 - Input state : 
	Port: FrmbufWrHlsDataFlow : s_axis_video_V_data_V | {1 2 }
	Port: FrmbufWrHlsDataFlow : s_axis_video_V_keep_V | {1 2 }
	Port: FrmbufWrHlsDataFlow : s_axis_video_V_strb_V | {1 2 }
	Port: FrmbufWrHlsDataFlow : s_axis_video_V_user_V | {1 2 }
	Port: FrmbufWrHlsDataFlow : s_axis_video_V_last_V | {1 2 }
	Port: FrmbufWrHlsDataFlow : s_axis_video_V_id_V | {1 2 }
	Port: FrmbufWrHlsDataFlow : s_axis_video_V_dest_V | {1 2 }
	Port: FrmbufWrHlsDataFlow : mm_video | {}
	Port: FrmbufWrHlsDataFlow : HwReg_frm_buffer | {2 }
	Port: FrmbufWrHlsDataFlow : HwReg_frm_buffer2 | {2 }
	Port: FrmbufWrHlsDataFlow : p_read | {2 }
	Port: FrmbufWrHlsDataFlow : p_read1 | {1 }
	Port: FrmbufWrHlsDataFlow : p_read2 | {1 }
	Port: FrmbufWrHlsDataFlow : p_read3 | {1 }
	Port: FrmbufWrHlsDataFlow : p_read14 | {2 }
	Port: FrmbufWrHlsDataFlow : p_read25 | {2 }
  - Chain level:
	State 1
		call_ln57 : 1
	State 2
	State 3
	State 4
	State 5
	State 6


============================================================
+ Verbose Summary: Datapath Resource usage 
============================================================

* Functional unit list:
|----------|------------------------------------|---------|---------|---------|---------|
| Operation|           Functional Unit          |   DSP   |  Delay  |    FF   |   LUT   |
|----------|------------------------------------|---------|---------|---------|---------|
|          | grp_AXIvideo2MultiPixStream_fu_238 |    0    |  0.427  |   214   |   112   |
|   call   |     call_ln0_entry_proc_fu_265     |    0    |    0    |    0    |    0    |
|          |   grp_MultiPixStream2Bytes_fu_284  |    2    |  1.806  |   1427  |   821   |
|          |     grp_Bytes2AXIMMvideo_fu_298    |    0    |  1.708  |   819   |   430   |
|----------|------------------------------------|---------|---------|---------|---------|
|          |        p_read_6_read_fu_190        |    0    |    0    |    0    |    0    |
|          |        p_read26_read_fu_196        |    0    |    0    |    0    |    0    |
|          |        p_read15_read_fu_202        |    0    |    0    |    0    |    0    |
|   read   |        p_read_4_read_fu_208        |    0    |    0    |    0    |    0    |
|          |        p_read_5_read_fu_214        |    0    |    0    |    0    |    0    |
|          |        p_read_7_read_fu_220        |    0    |    0    |    0    |    0    |
|          | HwReg_frm_buffer2_read_read_fu_226 |    0    |    0    |    0    |    0    |
|          |  HwReg_frm_buffer_read_read_fu_232 |    0    |    0    |    0    |    0    |
|----------|------------------------------------|---------|---------|---------|---------|
|   Total  |                                    |    2    |  3.941  |   2460  |   1363  |
|----------|------------------------------------|---------|---------|---------|---------|

Memories:
N/A

* Register list:
+---------------------------+--------+
|                           |   FF   |
+---------------------------+--------+
|HwReg_frm_buffer2_c_reg_375|   32   |
| HwReg_frm_buffer_c_reg_381|   32   |
|  WidthInBytes_c9_reg_363  |   14   |
|   WidthInBytes_c_reg_369  |   14   |
| bytePlanes_plane0_reg_393 |   64   |
| bytePlanes_plane1_reg_399 |   64   |
|     height_c10_reg_345    |   11   |
|      height_c_reg_351     |   11   |
|        img_reg_387        |   24   |
|      p_read15_reg_322     |    3   |
|      p_read26_reg_317     |   11   |
|      p_read_6_reg_312     |   11   |
|      stride_c_reg_339     |   16   |
|  video_format_c11_reg_327 |    6   |
|   video_format_c_reg_333  |    6   |
|      width_c_reg_357      |    3   |
+---------------------------+--------+
|           Total           |   322  |
+---------------------------+--------+

* Multiplexer (MUX) list: 
|------------------------------------|------|------|------|--------||---------||---------|
|                Comp                |  Pin | Size |  BW  | S x BW ||  Delay  ||   LUT   |
|------------------------------------|------|------|------|--------||---------||---------|
| grp_AXIvideo2MultiPixStream_fu_238 |  p9  |   2  |  11  |   22   ||    9    |
| grp_AXIvideo2MultiPixStream_fu_238 |  p10 |   2  |  11  |   22   ||    9    |
| grp_AXIvideo2MultiPixStream_fu_238 |  p11 |   2  |   3  |    6   ||    9    |
|------------------------------------|------|------|------|--------||---------||---------|
|                Total               |      |      |      |   50   ||  1.281  ||    27   |
|------------------------------------|------|------|------|--------||---------||---------|



* Summary:
+-----------+--------+--------+--------+--------+
|           |   DSP  |  Delay |   FF   |   LUT  |
+-----------+--------+--------+--------+--------+
|  Function |    2   |    3   |  2460  |  1363  |
|   Memory  |    -   |    -   |    -   |    -   |
|Multiplexer|    -   |    1   |    -   |   27   |
|  Register |    -   |    -   |   322  |    -   |
+-----------+--------+--------+--------+--------+
|   Total   |    2   |    5   |  2782  |  1390  |
+-----------+--------+--------+--------+--------+
