

================================================================
== Vitis HLS Report for 'MultiPixStream2Bytes_Pipeline_VITIS_LOOP_586_1'
================================================================
* Date:           Fri Mar  6 02:26:36 2026

* Version:        2022.2 (Build 3670227 on Oct 13 2022)
* Project:        prj
* Solution:       sol (Vivado IP Flow Target)
* Product family: zynquplus
* Target device:  xck26-sfvc784-2LV-c


================================================================
== Performance Estimates
================================================================
+ Timing: 
    * Summary: 
    +--------+---------+----------+------------+
    |  Clock |  Target | Estimated| Uncertainty|
    +--------+---------+----------+------------+
    |ap_clk  |  5.00 ns|  2.175 ns|     1.35 ns|
    +--------+---------+----------+------------+

+ Latency: 
    * Summary: 
    +---------+---------+-----------+-----------+-----+-------+---------+
    |  Latency (cycles) |   Latency (absolute)  |   Interval  | Pipeline|
    |   min   |   max   |    min    |    max    | min |  max  |   Type  |
    +---------+---------+-----------+-----------+-----+-------+---------+
    |        4|    16388|  20.000 ns|  81.940 us|    4|  16388|       no|
    +---------+---------+-----------+-----------+-----+-------+---------+

    + Detail: 
        * Instance: 
        N/A

        * Loop: 
        +--------------------+---------+---------+----------+-----------+-----------+----------+----------+
        |                    |  Latency (cycles) | Iteration|  Initiation Interval  |   Trip   |          |
        |      Loop Name     |   min   |   max   |  Latency |  achieved |   target  |   Count  | Pipelined|
        +--------------------+---------+---------+----------+-----------+-----------+----------+----------+
        |- VITIS_LOOP_586_1  |        2|    16386|        10|          8|          8|  0 ~ 2048|       yes|
        +--------------------+---------+---------+----------+-----------+-----------+----------+----------+

============================================================
+ Verbose Summary: Synthesis Manager
============================================================
InlineROM: 1
ExposeGlobal: 0
============================================================
+ Verbose Summary: CDFG Model
============================================================
IsTopModel: 0
ResetActiveHigh: 1
IsCombinational: 0
IsDatapathOnly: 0
HasWiredReturn: 1
HasMFsm: 2
HasVarLatency: 1
IsPipeline: 0
IsRtlPipelined: 0
IsInstanceOverlapped: 0
IsDontTouch: 0
HasImplIP: 0
IsGatedGlobalClock: 0

+ Individual pipeline summary: 
  * Pipeline-0: initiation interval (II) = 8, depth = 10


============================================================
+ Verbose Summary: Schedule
============================================================
* Number of FSM states : 10
* Pipeline : 1
  Pipeline-0 : II = 8, D = 10, States = { 1 2 3 4 5 6 7 8 9 10 }
* Dataflow Pipeline: 0

* FSM state transitions: 
1 --> 2 
2 --> 3 
3 --> 4 
4 --> 5 
5 --> 6 
6 --> 7 
7 --> 8 
8 --> 9 
9 --> 10 
10 --> 

* FSM state operations: 

State 1 <SV = 0> <Delay = 1.40>
ST_1 : Operation 13 [1/1] (0.00ns)   --->   "%x = alloca i32 1"   --->   Operation 13 'alloca' 'x' <Predicate = true> <Delay = 0.00>
ST_1 : Operation 14 [1/1] (0.00ns)   --->   "%in_pix_Y_V_8 = alloca i32 1"   --->   Operation 14 'alloca' 'in_pix_Y_V_8' <Predicate = true> <Delay = 0.00>
ST_1 : Operation 15 [1/1] (0.00ns)   --->   "%in_pix_UV_V_8 = alloca i32 1"   --->   Operation 15 'alloca' 'in_pix_UV_V_8' <Predicate = true> <Delay = 0.00>
ST_1 : Operation 16 [1/1] (0.00ns)   --->   "%cmp53_read = read i1 @_ssdm_op_Read.ap_auto.i1, i1 %cmp53"   --->   Operation 16 'read' 'cmp53_read' <Predicate = true> <Delay = 0.00>
ST_1 : Operation 17 [1/1] (0.00ns)   --->   "%sub50_cast68_read = read i12 @_ssdm_op_Read.ap_auto.i12, i12 %sub50_cast68"   --->   Operation 17 'read' 'sub50_cast68_read' <Predicate = true> <Delay = 0.00>
ST_1 : Operation 18 [1/1] (0.00ns)   --->   "%cmp53_1_read = read i1 @_ssdm_op_Read.ap_auto.i1, i1 %cmp53_1"   --->   Operation 18 'read' 'cmp53_1_read' <Predicate = true> <Delay = 0.00>
ST_1 : Operation 19 [1/1] (0.00ns)   --->   "%cmp53_2_read = read i1 @_ssdm_op_Read.ap_auto.i1, i1 %cmp53_2"   --->   Operation 19 'read' 'cmp53_2_read' <Predicate = true> <Delay = 0.00>
ST_1 : Operation 20 [1/1] (0.00ns)   --->   "%cmp53_3_read = read i1 @_ssdm_op_Read.ap_auto.i1, i1 %cmp53_3"   --->   Operation 20 'read' 'cmp53_3_read' <Predicate = true> <Delay = 0.00>
ST_1 : Operation 21 [1/1] (0.00ns)   --->   "%cmp53_4_read = read i1 @_ssdm_op_Read.ap_auto.i1, i1 %cmp53_4"   --->   Operation 21 'read' 'cmp53_4_read' <Predicate = true> <Delay = 0.00>
ST_1 : Operation 22 [1/1] (0.00ns)   --->   "%cmp53_5_read = read i1 @_ssdm_op_Read.ap_auto.i1, i1 %cmp53_5"   --->   Operation 22 'read' 'cmp53_5_read' <Predicate = true> <Delay = 0.00>
ST_1 : Operation 23 [1/1] (0.00ns)   --->   "%cmp53_6_read = read i1 @_ssdm_op_Read.ap_auto.i1, i1 %cmp53_6"   --->   Operation 23 'read' 'cmp53_6_read' <Predicate = true> <Delay = 0.00>
ST_1 : Operation 24 [1/1] (0.00ns)   --->   "%icmp_ln576_read = read i1 @_ssdm_op_Read.ap_auto.i1, i1 %icmp_ln576"   --->   Operation 24 'read' 'icmp_ln576_read' <Predicate = true> <Delay = 0.00>
ST_1 : Operation 25 [1/1] (0.00ns)   --->   "%and_ln605_read = read i1 @_ssdm_op_Read.ap_auto.i1, i1 %and_ln605"   --->   Operation 25 'read' 'and_ln605_read' <Predicate = true> <Delay = 0.00>
ST_1 : Operation 26 [1/1] (0.00ns)   --->   "%trunc_ln571_2_read = read i12 @_ssdm_op_Read.ap_auto.i12, i12 %trunc_ln571_2"   --->   Operation 26 'read' 'trunc_ln571_2_read' <Predicate = true> <Delay = 0.00>
ST_1 : Operation 27 [1/1] (0.00ns)   --->   "%p_0_0_0_0_0260_7126_lcssa147_read = read i8 @_ssdm_op_Read.ap_auto.i8, i8 %p_0_0_0_0_0260_7126_lcssa147"   --->   Operation 27 'read' 'p_0_0_0_0_0260_7126_lcssa147_read' <Predicate = true> <Delay = 0.00>
ST_1 : Operation 28 [1/1] (0.00ns)   --->   "%p_0_1_0_0_0262_7135_lcssa150_read = read i8 @_ssdm_op_Read.ap_auto.i8, i8 %p_0_1_0_0_0262_7135_lcssa150"   --->   Operation 28 'read' 'p_0_1_0_0_0262_7135_lcssa150_read' <Predicate = true> <Delay = 0.00>
ST_1 : Operation 29 [1/1] (0.00ns)   --->   "%sub50_cast68_cast = sext i12 %sub50_cast68_read"   --->   Operation 29 'sext' 'sub50_cast68_cast' <Predicate = true> <Delay = 0.00>
ST_1 : Operation 30 [1/1] (0.00ns)   --->   "%specmemcore_ln0 = specmemcore void @_ssdm_op_SpecMemCore, i64 %bytePlanes_plane12, i64 666, i64 8, i64 18446744073709551615"   --->   Operation 30 'specmemcore' 'specmemcore_ln0' <Predicate = true> <Delay = 0.00>
ST_1 : Operation 31 [1/1] (0.00ns)   --->   "%specmemcore_ln0 = specmemcore void @_ssdm_op_SpecMemCore, i64 %bytePlanes_plane01, i64 666, i64 8, i64 18446744073709551615"   --->   Operation 31 'specmemcore' 'specmemcore_ln0' <Predicate = true> <Delay = 0.00>
ST_1 : Operation 32 [1/1] (0.00ns)   --->   "%specinterface_ln0 = specinterface void @_ssdm_op_SpecInterface, i24 %img, void @empty_8, i32 0, i32 0, void @empty_25, i32 0, i32 0, void @empty_25, void @empty_25, void @empty_25, i32 0, i32 0, i32 0, i32 0, void @empty_25, void @empty_25, i32 4294967295, i32 0"   --->   Operation 32 'specinterface' 'specinterface_ln0' <Predicate = true> <Delay = 0.00>
ST_1 : Operation 33 [1/1] (0.00ns)   --->   "%specinterface_ln0 = specinterface void @_ssdm_op_SpecInterface, i64 %bytePlanes_plane01, void @empty_8, i32 0, i32 0, void @empty_25, i32 0, i32 0, void @empty_25, void @empty_25, void @empty_25, i32 0, i32 0, i32 0, i32 0, void @empty_25, void @empty_25, i32 4294967295, i32 0"   --->   Operation 33 'specinterface' 'specinterface_ln0' <Predicate = true> <Delay = 0.00>
ST_1 : Operation 34 [1/1] (0.00ns)   --->   "%specinterface_ln0 = specinterface void @_ssdm_op_SpecInterface, i64 %bytePlanes_plane12, void @empty_8, i32 0, i32 0, void @empty_25, i32 0, i32 0, void @empty_25, void @empty_25, void @empty_25, i32 0, i32 0, i32 0, i32 0, void @empty_25, void @empty_25, i32 4294967295, i32 0"   --->   Operation 34 'specinterface' 'specinterface_ln0' <Predicate = true> <Delay = 0.00>
ST_1 : Operation 35 [1/1] (0.42ns)   --->   "%store_ln0 = store i8 %p_0_1_0_0_0262_7135_lcssa150_read, i8 %in_pix_UV_V_8"   --->   Operation 35 'store' 'store_ln0' <Predicate = true> <Delay = 0.42>
ST_1 : Operation 36 [1/1] (0.42ns)   --->   "%store_ln0 = store i8 %p_0_0_0_0_0260_7126_lcssa147_read, i8 %in_pix_Y_V_8"   --->   Operation 36 'store' 'store_ln0' <Predicate = true> <Delay = 0.42>
ST_1 : Operation 37 [1/1] (0.42ns)   --->   "%store_ln0 = store i12 0, i12 %x"   --->   Operation 37 'store' 'store_ln0' <Predicate = true> <Delay = 0.42>
ST_1 : Operation 38 [1/1] (0.00ns)   --->   "%br_ln0 = br void %for.body49"   --->   Operation 38 'br' 'br_ln0' <Predicate = true> <Delay = 0.00>
ST_1 : Operation 39 [1/1] (0.00ns)   --->   "%x_4 = load i12 %x" [/home/user/Documents/kria-vitis-platforms/kv260/platforms/vivado/kv260_ispMipiRx_vcu_DP/project/kv260_ispMipiRx_vcu_DP.runs/kv260_ispMipiRx_vcu_DP_v_frmbuf_wr_0_1_synth_1/prj/sol/.autopilot/db/v_frmbuf_wr.cpp:586]   --->   Operation 39 'load' 'x_4' <Predicate = true> <Delay = 0.00>
ST_1 : Operation 40 [1/1] (0.97ns)   --->   "%icmp_ln586 = icmp_eq  i12 %x_4, i12 %trunc_ln571_2_read" [/home/user/Documents/kria-vitis-platforms/kv260/platforms/vivado/kv260_ispMipiRx_vcu_DP/project/kv260_ispMipiRx_vcu_DP.runs/kv260_ispMipiRx_vcu_DP_v_frmbuf_wr_0_1_synth_1/prj/sol/.autopilot/db/v_frmbuf_wr.cpp:586]   --->   Operation 40 'icmp' 'icmp_ln586' <Predicate = true> <Delay = 0.97> <CoreInst = "Cmp">   --->   Core 9 'Cmp' <Latency = 0> <II = 1> <Delay = 0.97> <FuncUnit> <Opcode : 'icmp'> <InPorts = 2> <OutPorts = 1>
ST_1 : Operation 41 [1/1] (0.80ns)   --->   "%x_5 = add i12 %x_4, i12 1" [/home/user/Documents/kria-vitis-platforms/kv260/platforms/vivado/kv260_ispMipiRx_vcu_DP/project/kv260_ispMipiRx_vcu_DP.runs/kv260_ispMipiRx_vcu_DP_v_frmbuf_wr_0_1_synth_1/prj/sol/.autopilot/db/v_frmbuf_wr.cpp:586]   --->   Operation 41 'add' 'x_5' <Predicate = true> <Delay = 0.80> <CoreInst = "Adder">   --->   Core 1 'Adder' <Latency = 0> <II = 1> <Delay = 0.80> <FuncUnit> <Opcode : 'add' 'sub'> <InPorts = 2> <OutPorts = 1>
ST_1 : Operation 42 [1/1] (0.00ns)   --->   "%br_ln586 = br i1 %icmp_ln586, void %for.body49.split, void %for.inc111.loopexit.exitStub" [/home/user/Documents/kria-vitis-platforms/kv260/platforms/vivado/kv260_ispMipiRx_vcu_DP/project/kv260_ispMipiRx_vcu_DP.runs/kv260_ispMipiRx_vcu_DP_v_frmbuf_wr_0_1_synth_1/prj/sol/.autopilot/db/v_frmbuf_wr.cpp:586]   --->   Operation 42 'br' 'br_ln586' <Predicate = true> <Delay = 0.00>
ST_1 : Operation 43 [1/1] (0.00ns)   --->   "%zext_ln586 = zext i12 %x_4" [/home/user/Documents/kria-vitis-platforms/kv260/platforms/vivado/kv260_ispMipiRx_vcu_DP/project/kv260_ispMipiRx_vcu_DP.runs/kv260_ispMipiRx_vcu_DP_v_frmbuf_wr_0_1_synth_1/prj/sol/.autopilot/db/v_frmbuf_wr.cpp:586]   --->   Operation 43 'zext' 'zext_ln586' <Predicate = (!icmp_ln586)> <Delay = 0.00>
ST_1 : Operation 44 [1/1] (0.97ns)   --->   "%cmp51 = icmp_slt  i13 %zext_ln586, i13 %sub50_cast68_cast" [/home/user/Documents/kria-vitis-platforms/kv260/platforms/vivado/kv260_ispMipiRx_vcu_DP/project/kv260_ispMipiRx_vcu_DP.runs/kv260_ispMipiRx_vcu_DP_v_frmbuf_wr_0_1_synth_1/prj/sol/.autopilot/db/v_frmbuf_wr.cpp:586]   --->   Operation 44 'icmp' 'cmp51' <Predicate = (!icmp_ln586)> <Delay = 0.97> <CoreInst = "Cmp">   --->   Core 9 'Cmp' <Latency = 0> <II = 1> <Delay = 0.97> <FuncUnit> <Opcode : 'icmp'> <InPorts = 2> <OutPorts = 1>
ST_1 : Operation 45 [1/1] (0.28ns)   --->   "%or_ln590 = or i1 %cmp51, i1 %cmp53_read" [/home/user/Documents/kria-vitis-platforms/kv260/platforms/vivado/kv260_ispMipiRx_vcu_DP/project/kv260_ispMipiRx_vcu_DP.runs/kv260_ispMipiRx_vcu_DP_v_frmbuf_wr_0_1_synth_1/prj/sol/.autopilot/db/v_frmbuf_wr.cpp:590]   --->   Operation 45 'or' 'or_ln590' <Predicate = (!icmp_ln586)> <Delay = 0.28> <CoreInst = "LogicGate">   --->   Core 74 'LogicGate' <Latency = 0> <II = 1> <Delay = 0.28> <FuncUnit> <Opcode : 'and' 'or' 'xor'> <InPorts = 2> <OutPorts = 1>
ST_1 : Operation 46 [1/1] (0.00ns)   --->   "%br_ln605 = br i1 %and_ln605_read, void %if.then106, void %for.inc108" [/home/user/Documents/kria-vitis-platforms/kv260/platforms/vivado/kv260_ispMipiRx_vcu_DP/project/kv260_ispMipiRx_vcu_DP.runs/kv260_ispMipiRx_vcu_DP_v_frmbuf_wr_0_1_synth_1/prj/sol/.autopilot/db/v_frmbuf_wr.cpp:605]   --->   Operation 46 'br' 'br_ln605' <Predicate = (!icmp_ln586)> <Delay = 0.00>
ST_1 : Operation 47 [1/1] (0.42ns)   --->   "%store_ln586 = store i12 %x_5, i12 %x" [/home/user/Documents/kria-vitis-platforms/kv260/platforms/vivado/kv260_ispMipiRx_vcu_DP/project/kv260_ispMipiRx_vcu_DP.runs/kv260_ispMipiRx_vcu_DP_v_frmbuf_wr_0_1_synth_1/prj/sol/.autopilot/db/v_frmbuf_wr.cpp:586]   --->   Operation 47 'store' 'store_ln586' <Predicate = (!icmp_ln586)> <Delay = 0.42>

State 2 <SV = 1> <Delay = 1.82>
ST_2 : Operation 48 [1/1] (1.82ns)   --->   "%img_read = read i24 @_ssdm_op_Read.ap_fifo.volatile.i24P0A, i24 %img" [/home/user/Documents/kria-vitis-platforms/kv260/platforms/vivado/kv260_ispMipiRx_vcu_DP/project/kv260_ispMipiRx_vcu_DP.runs/kv260_ispMipiRx_vcu_DP_v_frmbuf_wr_0_1_synth_1/prj/sol/.autopilot/db/v_frmbuf_wr.cpp:591]   --->   Operation 48 'read' 'img_read' <Predicate = (!icmp_ln586 & or_ln590)> <Delay = 1.82> <CoreInst = "FIFO_SRL">   --->   Core 81 'FIFO_SRL' <Latency = 0> <II = 1> <Delay = 1.83> <Storage> <Opcode : 'read' 'write' 'nbread' 'nbwrite'> <Ports = 0> <Width = 24> <Depth = 2> <FIFO>
ST_2 : Operation 49 [1/1] (0.00ns)   --->   "%trunc_ln591 = trunc i24 %img_read" [/home/user/Documents/kria-vitis-platforms/kv260/platforms/vivado/kv260_ispMipiRx_vcu_DP/project/kv260_ispMipiRx_vcu_DP.runs/kv260_ispMipiRx_vcu_DP_v_frmbuf_wr_0_1_synth_1/prj/sol/.autopilot/db/v_frmbuf_wr.cpp:591]   --->   Operation 49 'trunc' 'trunc_ln591' <Predicate = (!icmp_ln586 & or_ln590)> <Delay = 0.00>
ST_2 : Operation 50 [1/1] (0.00ns)   --->   "%trunc_ln591_1 = partselect i8 @_ssdm_op_PartSelect.i8.i24.i32.i32, i24 %img_read, i32 8, i32 15" [/home/user/Documents/kria-vitis-platforms/kv260/platforms/vivado/kv260_ispMipiRx_vcu_DP/project/kv260_ispMipiRx_vcu_DP.runs/kv260_ispMipiRx_vcu_DP_v_frmbuf_wr_0_1_synth_1/prj/sol/.autopilot/db/v_frmbuf_wr.cpp:591]   --->   Operation 50 'partselect' 'trunc_ln591_1' <Predicate = (!icmp_ln586 & or_ln590)> <Delay = 0.00>
ST_2 : Operation 51 [1/1] (0.42ns)   --->   "%br_ln591 = br void %for.inc" [/home/user/Documents/kria-vitis-platforms/kv260/platforms/vivado/kv260_ispMipiRx_vcu_DP/project/kv260_ispMipiRx_vcu_DP.runs/kv260_ispMipiRx_vcu_DP_v_frmbuf_wr_0_1_synth_1/prj/sol/.autopilot/db/v_frmbuf_wr.cpp:591]   --->   Operation 51 'br' 'br_ln591' <Predicate = (!icmp_ln586 & or_ln590)> <Delay = 0.42>
ST_2 : Operation 52 [1/1] (0.28ns)   --->   "%or_ln590_1 = or i1 %cmp51, i1 %cmp53_1_read" [/home/user/Documents/kria-vitis-platforms/kv260/platforms/vivado/kv260_ispMipiRx_vcu_DP/project/kv260_ispMipiRx_vcu_DP.runs/kv260_ispMipiRx_vcu_DP_v_frmbuf_wr_0_1_synth_1/prj/sol/.autopilot/db/v_frmbuf_wr.cpp:590]   --->   Operation 52 'or' 'or_ln590_1' <Predicate = (!icmp_ln586)> <Delay = 0.28> <CoreInst = "LogicGate">   --->   Core 74 'LogicGate' <Latency = 0> <II = 1> <Delay = 0.28> <FuncUnit> <Opcode : 'and' 'or' 'xor'> <InPorts = 2> <OutPorts = 1>

State 3 <SV = 2> <Delay = 1.82>
ST_3 : Operation 53 [1/1] (0.00ns)   --->   "%in_pix_Y_V_8_load = load i8 %in_pix_Y_V_8"   --->   Operation 53 'load' 'in_pix_Y_V_8_load' <Predicate = true> <Delay = 0.00>
ST_3 : Operation 54 [1/1] (0.00ns)   --->   "%in_pix_UV_V_8_load = load i8 %in_pix_UV_V_8"   --->   Operation 54 'load' 'in_pix_UV_V_8_load' <Predicate = true> <Delay = 0.00>
ST_3 : Operation 55 [1/1] (0.00ns)   --->   "%speclooptripcount_ln0 = speclooptripcount void @_ssdm_op_SpecLoopTripCount, i64 0, i64 2048, i64 0"   --->   Operation 55 'speclooptripcount' 'speclooptripcount_ln0' <Predicate = true> <Delay = 0.00>
ST_3 : Operation 56 [1/1] (0.00ns)   --->   "%specpipeline_ln587 = specpipeline void @_ssdm_op_SpecPipeline, i32 8, i32 0, i32 0, i32 0, void @empty_25" [/home/user/Documents/kria-vitis-platforms/kv260/platforms/vivado/kv260_ispMipiRx_vcu_DP/project/kv260_ispMipiRx_vcu_DP.runs/kv260_ispMipiRx_vcu_DP_v_frmbuf_wr_0_1_synth_1/prj/sol/.autopilot/db/v_frmbuf_wr.cpp:587]   --->   Operation 56 'specpipeline' 'specpipeline_ln587' <Predicate = (!icmp_ln586)> <Delay = 0.00>
ST_3 : Operation 57 [1/1] (0.00ns)   --->   "%specloopname_ln586 = specloopname void @_ssdm_op_SpecLoopName, void @empty_14" [/home/user/Documents/kria-vitis-platforms/kv260/platforms/vivado/kv260_ispMipiRx_vcu_DP/project/kv260_ispMipiRx_vcu_DP.runs/kv260_ispMipiRx_vcu_DP_v_frmbuf_wr_0_1_synth_1/prj/sol/.autopilot/db/v_frmbuf_wr.cpp:586]   --->   Operation 57 'specloopname' 'specloopname_ln586' <Predicate = (!icmp_ln586)> <Delay = 0.00>
ST_3 : Operation 58 [1/1] (0.42ns)   --->   "%br_ln590 = br i1 %or_ln590, void %for.inc, void %if.then54" [/home/user/Documents/kria-vitis-platforms/kv260/platforms/vivado/kv260_ispMipiRx_vcu_DP/project/kv260_ispMipiRx_vcu_DP.runs/kv260_ispMipiRx_vcu_DP_v_frmbuf_wr_0_1_synth_1/prj/sol/.autopilot/db/v_frmbuf_wr.cpp:590]   --->   Operation 58 'br' 'br_ln590' <Predicate = (!icmp_ln586)> <Delay = 0.42>
ST_3 : Operation 59 [1/1] (1.82ns)   --->   "%img_read_15 = read i24 @_ssdm_op_Read.ap_fifo.volatile.i24P0A, i24 %img" [/home/user/Documents/kria-vitis-platforms/kv260/platforms/vivado/kv260_ispMipiRx_vcu_DP/project/kv260_ispMipiRx_vcu_DP.runs/kv260_ispMipiRx_vcu_DP_v_frmbuf_wr_0_1_synth_1/prj/sol/.autopilot/db/v_frmbuf_wr.cpp:591]   --->   Operation 59 'read' 'img_read_15' <Predicate = (!icmp_ln586 & or_ln590_1)> <Delay = 1.82> <CoreInst = "FIFO_SRL">   --->   Core 81 'FIFO_SRL' <Latency = 0> <II = 1> <Delay = 1.83> <Storage> <Opcode : 'read' 'write' 'nbread' 'nbwrite'> <Ports = 0> <Width = 24> <Depth = 2> <FIFO>
ST_3 : Operation 60 [1/1] (0.00ns)   --->   "%trunc_ln591_2 = trunc i24 %img_read_15" [/home/user/Documents/kria-vitis-platforms/kv260/platforms/vivado/kv260_ispMipiRx_vcu_DP/project/kv260_ispMipiRx_vcu_DP.runs/kv260_ispMipiRx_vcu_DP_v_frmbuf_wr_0_1_synth_1/prj/sol/.autopilot/db/v_frmbuf_wr.cpp:591]   --->   Operation 60 'trunc' 'trunc_ln591_2' <Predicate = (!icmp_ln586 & or_ln590_1)> <Delay = 0.00>
ST_3 : Operation 61 [1/1] (0.00ns)   --->   "%trunc_ln591_3 = partselect i8 @_ssdm_op_PartSelect.i8.i24.i32.i32, i24 %img_read_15, i32 8, i32 15" [/home/user/Documents/kria-vitis-platforms/kv260/platforms/vivado/kv260_ispMipiRx_vcu_DP/project/kv260_ispMipiRx_vcu_DP.runs/kv260_ispMipiRx_vcu_DP_v_frmbuf_wr_0_1_synth_1/prj/sol/.autopilot/db/v_frmbuf_wr.cpp:591]   --->   Operation 61 'partselect' 'trunc_ln591_3' <Predicate = (!icmp_ln586 & or_ln590_1)> <Delay = 0.00>
ST_3 : Operation 62 [1/1] (0.42ns)   --->   "%br_ln591 = br void %for.inc.1" [/home/user/Documents/kria-vitis-platforms/kv260/platforms/vivado/kv260_ispMipiRx_vcu_DP/project/kv260_ispMipiRx_vcu_DP.runs/kv260_ispMipiRx_vcu_DP_v_frmbuf_wr_0_1_synth_1/prj/sol/.autopilot/db/v_frmbuf_wr.cpp:591]   --->   Operation 62 'br' 'br_ln591' <Predicate = (!icmp_ln586 & or_ln590_1)> <Delay = 0.42>
ST_3 : Operation 63 [1/1] (0.28ns)   --->   "%or_ln590_2 = or i1 %cmp51, i1 %cmp53_2_read" [/home/user/Documents/kria-vitis-platforms/kv260/platforms/vivado/kv260_ispMipiRx_vcu_DP/project/kv260_ispMipiRx_vcu_DP.runs/kv260_ispMipiRx_vcu_DP_v_frmbuf_wr_0_1_synth_1/prj/sol/.autopilot/db/v_frmbuf_wr.cpp:590]   --->   Operation 63 'or' 'or_ln590_2' <Predicate = (!icmp_ln586)> <Delay = 0.28> <CoreInst = "LogicGate">   --->   Core 74 'LogicGate' <Latency = 0> <II = 1> <Delay = 0.28> <FuncUnit> <Opcode : 'and' 'or' 'xor'> <InPorts = 2> <OutPorts = 1>
ST_3 : Operation 124 [1/1] (0.00ns)   --->   "%store_ln0 = store i8 %in_pix_UV_V_8_load, i8 %p_0_1_0_0_0262_7134_out"   --->   Operation 124 'store' 'store_ln0' <Predicate = (icmp_ln586)> <Delay = 0.00>
ST_3 : Operation 125 [1/1] (0.00ns)   --->   "%store_ln0 = store i8 %in_pix_Y_V_8_load, i8 %p_0_0_0_0_0260_7125_out"   --->   Operation 125 'store' 'store_ln0' <Predicate = (icmp_ln586)> <Delay = 0.00>
ST_3 : Operation 126 [1/1] (0.00ns)   --->   "%ret_ln0 = ret"   --->   Operation 126 'ret' 'ret_ln0' <Predicate = (icmp_ln586)> <Delay = 0.00>

State 4 <SV = 3> <Delay = 1.82>
ST_4 : Operation 64 [1/1] (0.00ns)   --->   "%in_pix_UV_V = phi i8 %trunc_ln591_1, void %if.then54, i8 %in_pix_UV_V_8_load, void %for.body49.split" [/home/user/Documents/kria-vitis-platforms/kv260/platforms/vivado/kv260_ispMipiRx_vcu_DP/project/kv260_ispMipiRx_vcu_DP.runs/kv260_ispMipiRx_vcu_DP_v_frmbuf_wr_0_1_synth_1/prj/sol/.autopilot/db/v_frmbuf_wr.cpp:591]   --->   Operation 64 'phi' 'in_pix_UV_V' <Predicate = (!icmp_ln586)> <Delay = 0.00>
ST_4 : Operation 65 [1/1] (0.00ns)   --->   "%in_pix_Y_V = phi i8 %trunc_ln591, void %if.then54, i8 %in_pix_Y_V_8_load, void %for.body49.split" [/home/user/Documents/kria-vitis-platforms/kv260/platforms/vivado/kv260_ispMipiRx_vcu_DP/project/kv260_ispMipiRx_vcu_DP.runs/kv260_ispMipiRx_vcu_DP_v_frmbuf_wr_0_1_synth_1/prj/sol/.autopilot/db/v_frmbuf_wr.cpp:591]   --->   Operation 65 'phi' 'in_pix_Y_V' <Predicate = (!icmp_ln586)> <Delay = 0.00>
ST_4 : Operation 66 [1/1] (0.42ns)   --->   "%br_ln590 = br i1 %or_ln590_1, void %for.inc.1, void %if.then54.1" [/home/user/Documents/kria-vitis-platforms/kv260/platforms/vivado/kv260_ispMipiRx_vcu_DP/project/kv260_ispMipiRx_vcu_DP.runs/kv260_ispMipiRx_vcu_DP_v_frmbuf_wr_0_1_synth_1/prj/sol/.autopilot/db/v_frmbuf_wr.cpp:590]   --->   Operation 66 'br' 'br_ln590' <Predicate = (!icmp_ln586)> <Delay = 0.42>
ST_4 : Operation 67 [1/1] (1.82ns)   --->   "%img_read_16 = read i24 @_ssdm_op_Read.ap_fifo.volatile.i24P0A, i24 %img" [/home/user/Documents/kria-vitis-platforms/kv260/platforms/vivado/kv260_ispMipiRx_vcu_DP/project/kv260_ispMipiRx_vcu_DP.runs/kv260_ispMipiRx_vcu_DP_v_frmbuf_wr_0_1_synth_1/prj/sol/.autopilot/db/v_frmbuf_wr.cpp:591]   --->   Operation 67 'read' 'img_read_16' <Predicate = (!icmp_ln586 & or_ln590_2)> <Delay = 1.82> <CoreInst = "FIFO_SRL">   --->   Core 81 'FIFO_SRL' <Latency = 0> <II = 1> <Delay = 1.83> <Storage> <Opcode : 'read' 'write' 'nbread' 'nbwrite'> <Ports = 0> <Width = 24> <Depth = 2> <FIFO>
ST_4 : Operation 68 [1/1] (0.00ns)   --->   "%trunc_ln591_4 = trunc i24 %img_read_16" [/home/user/Documents/kria-vitis-platforms/kv260/platforms/vivado/kv260_ispMipiRx_vcu_DP/project/kv260_ispMipiRx_vcu_DP.runs/kv260_ispMipiRx_vcu_DP_v_frmbuf_wr_0_1_synth_1/prj/sol/.autopilot/db/v_frmbuf_wr.cpp:591]   --->   Operation 68 'trunc' 'trunc_ln591_4' <Predicate = (!icmp_ln586 & or_ln590_2)> <Delay = 0.00>
ST_4 : Operation 69 [1/1] (0.00ns)   --->   "%trunc_ln591_5 = partselect i8 @_ssdm_op_PartSelect.i8.i24.i32.i32, i24 %img_read_16, i32 8, i32 15" [/home/user/Documents/kria-vitis-platforms/kv260/platforms/vivado/kv260_ispMipiRx_vcu_DP/project/kv260_ispMipiRx_vcu_DP.runs/kv260_ispMipiRx_vcu_DP_v_frmbuf_wr_0_1_synth_1/prj/sol/.autopilot/db/v_frmbuf_wr.cpp:591]   --->   Operation 69 'partselect' 'trunc_ln591_5' <Predicate = (!icmp_ln586 & or_ln590_2)> <Delay = 0.00>
ST_4 : Operation 70 [1/1] (0.42ns)   --->   "%br_ln591 = br void %for.inc.2" [/home/user/Documents/kria-vitis-platforms/kv260/platforms/vivado/kv260_ispMipiRx_vcu_DP/project/kv260_ispMipiRx_vcu_DP.runs/kv260_ispMipiRx_vcu_DP_v_frmbuf_wr_0_1_synth_1/prj/sol/.autopilot/db/v_frmbuf_wr.cpp:591]   --->   Operation 70 'br' 'br_ln591' <Predicate = (!icmp_ln586 & or_ln590_2)> <Delay = 0.42>
ST_4 : Operation 71 [1/1] (0.28ns)   --->   "%or_ln590_3 = or i1 %cmp51, i1 %cmp53_3_read" [/home/user/Documents/kria-vitis-platforms/kv260/platforms/vivado/kv260_ispMipiRx_vcu_DP/project/kv260_ispMipiRx_vcu_DP.runs/kv260_ispMipiRx_vcu_DP_v_frmbuf_wr_0_1_synth_1/prj/sol/.autopilot/db/v_frmbuf_wr.cpp:590]   --->   Operation 71 'or' 'or_ln590_3' <Predicate = (!icmp_ln586)> <Delay = 0.28> <CoreInst = "LogicGate">   --->   Core 74 'LogicGate' <Latency = 0> <II = 1> <Delay = 0.28> <FuncUnit> <Opcode : 'and' 'or' 'xor'> <InPorts = 2> <OutPorts = 1>

State 5 <SV = 4> <Delay = 1.82>
ST_5 : Operation 72 [1/1] (0.00ns)   --->   "%in_pix_UV_V_1 = phi i8 %trunc_ln591_3, void %if.then54.1, i8 %in_pix_UV_V, void %for.inc"   --->   Operation 72 'phi' 'in_pix_UV_V_1' <Predicate = (!icmp_ln586)> <Delay = 0.00>
ST_5 : Operation 73 [1/1] (0.00ns)   --->   "%in_pix_Y_V_1 = phi i8 %trunc_ln591_2, void %if.then54.1, i8 %in_pix_Y_V, void %for.inc"   --->   Operation 73 'phi' 'in_pix_Y_V_1' <Predicate = (!icmp_ln586)> <Delay = 0.00>
ST_5 : Operation 74 [1/1] (0.42ns)   --->   "%br_ln590 = br i1 %or_ln590_2, void %for.inc.2, void %if.then54.2" [/home/user/Documents/kria-vitis-platforms/kv260/platforms/vivado/kv260_ispMipiRx_vcu_DP/project/kv260_ispMipiRx_vcu_DP.runs/kv260_ispMipiRx_vcu_DP_v_frmbuf_wr_0_1_synth_1/prj/sol/.autopilot/db/v_frmbuf_wr.cpp:590]   --->   Operation 74 'br' 'br_ln590' <Predicate = (!icmp_ln586)> <Delay = 0.42>
ST_5 : Operation 75 [1/1] (1.82ns)   --->   "%img_read_17 = read i24 @_ssdm_op_Read.ap_fifo.volatile.i24P0A, i24 %img" [/home/user/Documents/kria-vitis-platforms/kv260/platforms/vivado/kv260_ispMipiRx_vcu_DP/project/kv260_ispMipiRx_vcu_DP.runs/kv260_ispMipiRx_vcu_DP_v_frmbuf_wr_0_1_synth_1/prj/sol/.autopilot/db/v_frmbuf_wr.cpp:591]   --->   Operation 75 'read' 'img_read_17' <Predicate = (!icmp_ln586 & or_ln590_3)> <Delay = 1.82> <CoreInst = "FIFO_SRL">   --->   Core 81 'FIFO_SRL' <Latency = 0> <II = 1> <Delay = 1.83> <Storage> <Opcode : 'read' 'write' 'nbread' 'nbwrite'> <Ports = 0> <Width = 24> <Depth = 2> <FIFO>
ST_5 : Operation 76 [1/1] (0.00ns)   --->   "%trunc_ln591_6 = trunc i24 %img_read_17" [/home/user/Documents/kria-vitis-platforms/kv260/platforms/vivado/kv260_ispMipiRx_vcu_DP/project/kv260_ispMipiRx_vcu_DP.runs/kv260_ispMipiRx_vcu_DP_v_frmbuf_wr_0_1_synth_1/prj/sol/.autopilot/db/v_frmbuf_wr.cpp:591]   --->   Operation 76 'trunc' 'trunc_ln591_6' <Predicate = (!icmp_ln586 & or_ln590_3)> <Delay = 0.00>
ST_5 : Operation 77 [1/1] (0.00ns)   --->   "%trunc_ln591_7 = partselect i8 @_ssdm_op_PartSelect.i8.i24.i32.i32, i24 %img_read_17, i32 8, i32 15" [/home/user/Documents/kria-vitis-platforms/kv260/platforms/vivado/kv260_ispMipiRx_vcu_DP/project/kv260_ispMipiRx_vcu_DP.runs/kv260_ispMipiRx_vcu_DP_v_frmbuf_wr_0_1_synth_1/prj/sol/.autopilot/db/v_frmbuf_wr.cpp:591]   --->   Operation 77 'partselect' 'trunc_ln591_7' <Predicate = (!icmp_ln586 & or_ln590_3)> <Delay = 0.00>
ST_5 : Operation 78 [1/1] (0.42ns)   --->   "%br_ln591 = br void %for.inc.3" [/home/user/Documents/kria-vitis-platforms/kv260/platforms/vivado/kv260_ispMipiRx_vcu_DP/project/kv260_ispMipiRx_vcu_DP.runs/kv260_ispMipiRx_vcu_DP_v_frmbuf_wr_0_1_synth_1/prj/sol/.autopilot/db/v_frmbuf_wr.cpp:591]   --->   Operation 78 'br' 'br_ln591' <Predicate = (!icmp_ln586 & or_ln590_3)> <Delay = 0.42>
ST_5 : Operation 79 [1/1] (0.28ns)   --->   "%or_ln590_4 = or i1 %cmp51, i1 %cmp53_4_read" [/home/user/Documents/kria-vitis-platforms/kv260/platforms/vivado/kv260_ispMipiRx_vcu_DP/project/kv260_ispMipiRx_vcu_DP.runs/kv260_ispMipiRx_vcu_DP_v_frmbuf_wr_0_1_synth_1/prj/sol/.autopilot/db/v_frmbuf_wr.cpp:590]   --->   Operation 79 'or' 'or_ln590_4' <Predicate = (!icmp_ln586)> <Delay = 0.28> <CoreInst = "LogicGate">   --->   Core 74 'LogicGate' <Latency = 0> <II = 1> <Delay = 0.28> <FuncUnit> <Opcode : 'and' 'or' 'xor'> <InPorts = 2> <OutPorts = 1>
ST_5 : Operation 80 [1/1] (0.28ns)   --->   "%or_ln590_5 = or i1 %cmp51, i1 %cmp53_5_read" [/home/user/Documents/kria-vitis-platforms/kv260/platforms/vivado/kv260_ispMipiRx_vcu_DP/project/kv260_ispMipiRx_vcu_DP.runs/kv260_ispMipiRx_vcu_DP_v_frmbuf_wr_0_1_synth_1/prj/sol/.autopilot/db/v_frmbuf_wr.cpp:590]   --->   Operation 80 'or' 'or_ln590_5' <Predicate = (!icmp_ln586)> <Delay = 0.28> <CoreInst = "LogicGate">   --->   Core 74 'LogicGate' <Latency = 0> <II = 1> <Delay = 0.28> <FuncUnit> <Opcode : 'and' 'or' 'xor'> <InPorts = 2> <OutPorts = 1>
ST_5 : Operation 81 [1/1] (0.28ns)   --->   "%or_ln590_6 = or i1 %cmp51, i1 %cmp53_6_read" [/home/user/Documents/kria-vitis-platforms/kv260/platforms/vivado/kv260_ispMipiRx_vcu_DP/project/kv260_ispMipiRx_vcu_DP.runs/kv260_ispMipiRx_vcu_DP_v_frmbuf_wr_0_1_synth_1/prj/sol/.autopilot/db/v_frmbuf_wr.cpp:590]   --->   Operation 81 'or' 'or_ln590_6' <Predicate = (!icmp_ln586)> <Delay = 0.28> <CoreInst = "LogicGate">   --->   Core 74 'LogicGate' <Latency = 0> <II = 1> <Delay = 0.28> <FuncUnit> <Opcode : 'and' 'or' 'xor'> <InPorts = 2> <OutPorts = 1>
ST_5 : Operation 82 [1/1] (0.28ns)   --->   "%or_ln590_7 = or i1 %cmp51, i1 %icmp_ln576_read" [/home/user/Documents/kria-vitis-platforms/kv260/platforms/vivado/kv260_ispMipiRx_vcu_DP/project/kv260_ispMipiRx_vcu_DP.runs/kv260_ispMipiRx_vcu_DP_v_frmbuf_wr_0_1_synth_1/prj/sol/.autopilot/db/v_frmbuf_wr.cpp:590]   --->   Operation 82 'or' 'or_ln590_7' <Predicate = (!icmp_ln586)> <Delay = 0.28> <CoreInst = "LogicGate">   --->   Core 74 'LogicGate' <Latency = 0> <II = 1> <Delay = 0.28> <FuncUnit> <Opcode : 'and' 'or' 'xor'> <InPorts = 2> <OutPorts = 1>

State 6 <SV = 5> <Delay = 1.82>
ST_6 : Operation 83 [1/1] (0.00ns)   --->   "%in_pix_UV_V_2 = phi i8 %trunc_ln591_5, void %if.then54.2, i8 %in_pix_UV_V_1, void %for.inc.1"   --->   Operation 83 'phi' 'in_pix_UV_V_2' <Predicate = (!icmp_ln586)> <Delay = 0.00>
ST_6 : Operation 84 [1/1] (0.00ns)   --->   "%in_pix_Y_V_2 = phi i8 %trunc_ln591_4, void %if.then54.2, i8 %in_pix_Y_V_1, void %for.inc.1"   --->   Operation 84 'phi' 'in_pix_Y_V_2' <Predicate = (!icmp_ln586)> <Delay = 0.00>
ST_6 : Operation 85 [1/1] (0.42ns)   --->   "%br_ln590 = br i1 %or_ln590_3, void %for.inc.3, void %if.then54.3" [/home/user/Documents/kria-vitis-platforms/kv260/platforms/vivado/kv260_ispMipiRx_vcu_DP/project/kv260_ispMipiRx_vcu_DP.runs/kv260_ispMipiRx_vcu_DP_v_frmbuf_wr_0_1_synth_1/prj/sol/.autopilot/db/v_frmbuf_wr.cpp:590]   --->   Operation 85 'br' 'br_ln590' <Predicate = (!icmp_ln586)> <Delay = 0.42>
ST_6 : Operation 86 [1/1] (1.82ns)   --->   "%img_read_18 = read i24 @_ssdm_op_Read.ap_fifo.volatile.i24P0A, i24 %img" [/home/user/Documents/kria-vitis-platforms/kv260/platforms/vivado/kv260_ispMipiRx_vcu_DP/project/kv260_ispMipiRx_vcu_DP.runs/kv260_ispMipiRx_vcu_DP_v_frmbuf_wr_0_1_synth_1/prj/sol/.autopilot/db/v_frmbuf_wr.cpp:591]   --->   Operation 86 'read' 'img_read_18' <Predicate = (!icmp_ln586 & or_ln590_4)> <Delay = 1.82> <CoreInst = "FIFO_SRL">   --->   Core 81 'FIFO_SRL' <Latency = 0> <II = 1> <Delay = 1.83> <Storage> <Opcode : 'read' 'write' 'nbread' 'nbwrite'> <Ports = 0> <Width = 24> <Depth = 2> <FIFO>
ST_6 : Operation 87 [1/1] (0.00ns)   --->   "%trunc_ln591_8 = trunc i24 %img_read_18" [/home/user/Documents/kria-vitis-platforms/kv260/platforms/vivado/kv260_ispMipiRx_vcu_DP/project/kv260_ispMipiRx_vcu_DP.runs/kv260_ispMipiRx_vcu_DP_v_frmbuf_wr_0_1_synth_1/prj/sol/.autopilot/db/v_frmbuf_wr.cpp:591]   --->   Operation 87 'trunc' 'trunc_ln591_8' <Predicate = (!icmp_ln586 & or_ln590_4)> <Delay = 0.00>
ST_6 : Operation 88 [1/1] (0.00ns)   --->   "%trunc_ln591_9 = partselect i8 @_ssdm_op_PartSelect.i8.i24.i32.i32, i24 %img_read_18, i32 8, i32 15" [/home/user/Documents/kria-vitis-platforms/kv260/platforms/vivado/kv260_ispMipiRx_vcu_DP/project/kv260_ispMipiRx_vcu_DP.runs/kv260_ispMipiRx_vcu_DP_v_frmbuf_wr_0_1_synth_1/prj/sol/.autopilot/db/v_frmbuf_wr.cpp:591]   --->   Operation 88 'partselect' 'trunc_ln591_9' <Predicate = (!icmp_ln586 & or_ln590_4)> <Delay = 0.00>
ST_6 : Operation 89 [1/1] (0.42ns)   --->   "%br_ln591 = br void %for.inc.4" [/home/user/Documents/kria-vitis-platforms/kv260/platforms/vivado/kv260_ispMipiRx_vcu_DP/project/kv260_ispMipiRx_vcu_DP.runs/kv260_ispMipiRx_vcu_DP_v_frmbuf_wr_0_1_synth_1/prj/sol/.autopilot/db/v_frmbuf_wr.cpp:591]   --->   Operation 89 'br' 'br_ln591' <Predicate = (!icmp_ln586 & or_ln590_4)> <Delay = 0.42>

State 7 <SV = 6> <Delay = 1.82>
ST_7 : Operation 90 [1/1] (0.00ns)   --->   "%in_pix_UV_V_3 = phi i8 %trunc_ln591_7, void %if.then54.3, i8 %in_pix_UV_V_2, void %for.inc.2"   --->   Operation 90 'phi' 'in_pix_UV_V_3' <Predicate = (!icmp_ln586)> <Delay = 0.00>
ST_7 : Operation 91 [1/1] (0.00ns)   --->   "%in_pix_Y_V_3 = phi i8 %trunc_ln591_6, void %if.then54.3, i8 %in_pix_Y_V_2, void %for.inc.2"   --->   Operation 91 'phi' 'in_pix_Y_V_3' <Predicate = (!icmp_ln586)> <Delay = 0.00>
ST_7 : Operation 92 [1/1] (0.42ns)   --->   "%br_ln590 = br i1 %or_ln590_4, void %for.inc.4, void %if.then54.4" [/home/user/Documents/kria-vitis-platforms/kv260/platforms/vivado/kv260_ispMipiRx_vcu_DP/project/kv260_ispMipiRx_vcu_DP.runs/kv260_ispMipiRx_vcu_DP_v_frmbuf_wr_0_1_synth_1/prj/sol/.autopilot/db/v_frmbuf_wr.cpp:590]   --->   Operation 92 'br' 'br_ln590' <Predicate = (!icmp_ln586)> <Delay = 0.42>
ST_7 : Operation 93 [1/1] (1.82ns)   --->   "%img_read_19 = read i24 @_ssdm_op_Read.ap_fifo.volatile.i24P0A, i24 %img" [/home/user/Documents/kria-vitis-platforms/kv260/platforms/vivado/kv260_ispMipiRx_vcu_DP/project/kv260_ispMipiRx_vcu_DP.runs/kv260_ispMipiRx_vcu_DP_v_frmbuf_wr_0_1_synth_1/prj/sol/.autopilot/db/v_frmbuf_wr.cpp:591]   --->   Operation 93 'read' 'img_read_19' <Predicate = (!icmp_ln586 & or_ln590_5)> <Delay = 1.82> <CoreInst = "FIFO_SRL">   --->   Core 81 'FIFO_SRL' <Latency = 0> <II = 1> <Delay = 1.83> <Storage> <Opcode : 'read' 'write' 'nbread' 'nbwrite'> <Ports = 0> <Width = 24> <Depth = 2> <FIFO>
ST_7 : Operation 94 [1/1] (0.00ns)   --->   "%trunc_ln591_11 = trunc i24 %img_read_19" [/home/user/Documents/kria-vitis-platforms/kv260/platforms/vivado/kv260_ispMipiRx_vcu_DP/project/kv260_ispMipiRx_vcu_DP.runs/kv260_ispMipiRx_vcu_DP_v_frmbuf_wr_0_1_synth_1/prj/sol/.autopilot/db/v_frmbuf_wr.cpp:591]   --->   Operation 94 'trunc' 'trunc_ln591_11' <Predicate = (!icmp_ln586 & or_ln590_5)> <Delay = 0.00>
ST_7 : Operation 95 [1/1] (0.00ns)   --->   "%trunc_ln591_s = partselect i8 @_ssdm_op_PartSelect.i8.i24.i32.i32, i24 %img_read_19, i32 8, i32 15" [/home/user/Documents/kria-vitis-platforms/kv260/platforms/vivado/kv260_ispMipiRx_vcu_DP/project/kv260_ispMipiRx_vcu_DP.runs/kv260_ispMipiRx_vcu_DP_v_frmbuf_wr_0_1_synth_1/prj/sol/.autopilot/db/v_frmbuf_wr.cpp:591]   --->   Operation 95 'partselect' 'trunc_ln591_s' <Predicate = (!icmp_ln586 & or_ln590_5)> <Delay = 0.00>
ST_7 : Operation 96 [1/1] (0.42ns)   --->   "%br_ln591 = br void %for.inc.5" [/home/user/Documents/kria-vitis-platforms/kv260/platforms/vivado/kv260_ispMipiRx_vcu_DP/project/kv260_ispMipiRx_vcu_DP.runs/kv260_ispMipiRx_vcu_DP_v_frmbuf_wr_0_1_synth_1/prj/sol/.autopilot/db/v_frmbuf_wr.cpp:591]   --->   Operation 96 'br' 'br_ln591' <Predicate = (!icmp_ln586 & or_ln590_5)> <Delay = 0.42>

State 8 <SV = 7> <Delay = 1.82>
ST_8 : Operation 97 [1/1] (0.00ns)   --->   "%in_pix_UV_V_4 = phi i8 %trunc_ln591_9, void %if.then54.4, i8 %in_pix_UV_V_3, void %for.inc.3"   --->   Operation 97 'phi' 'in_pix_UV_V_4' <Predicate = (!icmp_ln586)> <Delay = 0.00>
ST_8 : Operation 98 [1/1] (0.00ns)   --->   "%in_pix_Y_V_4 = phi i8 %trunc_ln591_8, void %if.then54.4, i8 %in_pix_Y_V_3, void %for.inc.3"   --->   Operation 98 'phi' 'in_pix_Y_V_4' <Predicate = (!icmp_ln586)> <Delay = 0.00>
ST_8 : Operation 99 [1/1] (0.42ns)   --->   "%br_ln590 = br i1 %or_ln590_5, void %for.inc.5, void %if.then54.5" [/home/user/Documents/kria-vitis-platforms/kv260/platforms/vivado/kv260_ispMipiRx_vcu_DP/project/kv260_ispMipiRx_vcu_DP.runs/kv260_ispMipiRx_vcu_DP_v_frmbuf_wr_0_1_synth_1/prj/sol/.autopilot/db/v_frmbuf_wr.cpp:590]   --->   Operation 99 'br' 'br_ln590' <Predicate = (!icmp_ln586)> <Delay = 0.42>
ST_8 : Operation 100 [1/1] (1.82ns)   --->   "%img_read_20 = read i24 @_ssdm_op_Read.ap_fifo.volatile.i24P0A, i24 %img" [/home/user/Documents/kria-vitis-platforms/kv260/platforms/vivado/kv260_ispMipiRx_vcu_DP/project/kv260_ispMipiRx_vcu_DP.runs/kv260_ispMipiRx_vcu_DP_v_frmbuf_wr_0_1_synth_1/prj/sol/.autopilot/db/v_frmbuf_wr.cpp:591]   --->   Operation 100 'read' 'img_read_20' <Predicate = (!icmp_ln586 & or_ln590_6)> <Delay = 1.82> <CoreInst = "FIFO_SRL">   --->   Core 81 'FIFO_SRL' <Latency = 0> <II = 1> <Delay = 1.83> <Storage> <Opcode : 'read' 'write' 'nbread' 'nbwrite'> <Ports = 0> <Width = 24> <Depth = 2> <FIFO>
ST_8 : Operation 101 [1/1] (0.00ns)   --->   "%trunc_ln591_13 = trunc i24 %img_read_20" [/home/user/Documents/kria-vitis-platforms/kv260/platforms/vivado/kv260_ispMipiRx_vcu_DP/project/kv260_ispMipiRx_vcu_DP.runs/kv260_ispMipiRx_vcu_DP_v_frmbuf_wr_0_1_synth_1/prj/sol/.autopilot/db/v_frmbuf_wr.cpp:591]   --->   Operation 101 'trunc' 'trunc_ln591_13' <Predicate = (!icmp_ln586 & or_ln590_6)> <Delay = 0.00>
ST_8 : Operation 102 [1/1] (0.00ns)   --->   "%trunc_ln591_10 = partselect i8 @_ssdm_op_PartSelect.i8.i24.i32.i32, i24 %img_read_20, i32 8, i32 15" [/home/user/Documents/kria-vitis-platforms/kv260/platforms/vivado/kv260_ispMipiRx_vcu_DP/project/kv260_ispMipiRx_vcu_DP.runs/kv260_ispMipiRx_vcu_DP_v_frmbuf_wr_0_1_synth_1/prj/sol/.autopilot/db/v_frmbuf_wr.cpp:591]   --->   Operation 102 'partselect' 'trunc_ln591_10' <Predicate = (!icmp_ln586 & or_ln590_6)> <Delay = 0.00>
ST_8 : Operation 103 [1/1] (0.42ns)   --->   "%br_ln591 = br void %for.inc.6" [/home/user/Documents/kria-vitis-platforms/kv260/platforms/vivado/kv260_ispMipiRx_vcu_DP/project/kv260_ispMipiRx_vcu_DP.runs/kv260_ispMipiRx_vcu_DP_v_frmbuf_wr_0_1_synth_1/prj/sol/.autopilot/db/v_frmbuf_wr.cpp:591]   --->   Operation 103 'br' 'br_ln591' <Predicate = (!icmp_ln586 & or_ln590_6)> <Delay = 0.42>

State 9 <SV = 8> <Delay = 1.82>
ST_9 : Operation 104 [1/1] (0.00ns)   --->   "%in_pix_UV_V_5 = phi i8 %trunc_ln591_s, void %if.then54.5, i8 %in_pix_UV_V_4, void %for.inc.4"   --->   Operation 104 'phi' 'in_pix_UV_V_5' <Predicate = (!icmp_ln586)> <Delay = 0.00>
ST_9 : Operation 105 [1/1] (0.00ns)   --->   "%in_pix_Y_V_5 = phi i8 %trunc_ln591_11, void %if.then54.5, i8 %in_pix_Y_V_4, void %for.inc.4"   --->   Operation 105 'phi' 'in_pix_Y_V_5' <Predicate = (!icmp_ln586)> <Delay = 0.00>
ST_9 : Operation 106 [1/1] (0.42ns)   --->   "%br_ln590 = br i1 %or_ln590_6, void %for.inc.6, void %if.then54.6" [/home/user/Documents/kria-vitis-platforms/kv260/platforms/vivado/kv260_ispMipiRx_vcu_DP/project/kv260_ispMipiRx_vcu_DP.runs/kv260_ispMipiRx_vcu_DP_v_frmbuf_wr_0_1_synth_1/prj/sol/.autopilot/db/v_frmbuf_wr.cpp:590]   --->   Operation 106 'br' 'br_ln590' <Predicate = (!icmp_ln586)> <Delay = 0.42>
ST_9 : Operation 107 [1/1] (1.82ns)   --->   "%img_read_21 = read i24 @_ssdm_op_Read.ap_fifo.volatile.i24P0A, i24 %img" [/home/user/Documents/kria-vitis-platforms/kv260/platforms/vivado/kv260_ispMipiRx_vcu_DP/project/kv260_ispMipiRx_vcu_DP.runs/kv260_ispMipiRx_vcu_DP_v_frmbuf_wr_0_1_synth_1/prj/sol/.autopilot/db/v_frmbuf_wr.cpp:591]   --->   Operation 107 'read' 'img_read_21' <Predicate = (!icmp_ln586 & or_ln590_7)> <Delay = 1.82> <CoreInst = "FIFO_SRL">   --->   Core 81 'FIFO_SRL' <Latency = 0> <II = 1> <Delay = 1.83> <Storage> <Opcode : 'read' 'write' 'nbread' 'nbwrite'> <Ports = 0> <Width = 24> <Depth = 2> <FIFO>
ST_9 : Operation 108 [1/1] (0.00ns)   --->   "%trunc_ln591_15 = trunc i24 %img_read_21" [/home/user/Documents/kria-vitis-platforms/kv260/platforms/vivado/kv260_ispMipiRx_vcu_DP/project/kv260_ispMipiRx_vcu_DP.runs/kv260_ispMipiRx_vcu_DP_v_frmbuf_wr_0_1_synth_1/prj/sol/.autopilot/db/v_frmbuf_wr.cpp:591]   --->   Operation 108 'trunc' 'trunc_ln591_15' <Predicate = (!icmp_ln586 & or_ln590_7)> <Delay = 0.00>
ST_9 : Operation 109 [1/1] (0.00ns)   --->   "%trunc_ln591_12 = partselect i8 @_ssdm_op_PartSelect.i8.i24.i32.i32, i24 %img_read_21, i32 8, i32 15" [/home/user/Documents/kria-vitis-platforms/kv260/platforms/vivado/kv260_ispMipiRx_vcu_DP/project/kv260_ispMipiRx_vcu_DP.runs/kv260_ispMipiRx_vcu_DP_v_frmbuf_wr_0_1_synth_1/prj/sol/.autopilot/db/v_frmbuf_wr.cpp:591]   --->   Operation 109 'partselect' 'trunc_ln591_12' <Predicate = (!icmp_ln586 & or_ln590_7)> <Delay = 0.00>
ST_9 : Operation 110 [1/1] (0.42ns)   --->   "%br_ln591 = br void %for.inc.7" [/home/user/Documents/kria-vitis-platforms/kv260/platforms/vivado/kv260_ispMipiRx_vcu_DP/project/kv260_ispMipiRx_vcu_DP.runs/kv260_ispMipiRx_vcu_DP_v_frmbuf_wr_0_1_synth_1/prj/sol/.autopilot/db/v_frmbuf_wr.cpp:591]   --->   Operation 110 'br' 'br_ln591' <Predicate = (!icmp_ln586 & or_ln590_7)> <Delay = 0.42>

State 10 <SV = 9> <Delay = 2.17>
ST_10 : Operation 111 [1/1] (0.00ns)   --->   "%in_pix_UV_V_6 = phi i8 %trunc_ln591_10, void %if.then54.6, i8 %in_pix_UV_V_5, void %for.inc.5"   --->   Operation 111 'phi' 'in_pix_UV_V_6' <Predicate = (!icmp_ln586)> <Delay = 0.00>
ST_10 : Operation 112 [1/1] (0.00ns)   --->   "%in_pix_Y_V_6 = phi i8 %trunc_ln591_13, void %if.then54.6, i8 %in_pix_Y_V_5, void %for.inc.5"   --->   Operation 112 'phi' 'in_pix_Y_V_6' <Predicate = (!icmp_ln586)> <Delay = 0.00>
ST_10 : Operation 113 [1/1] (0.42ns)   --->   "%br_ln590 = br i1 %or_ln590_7, void %for.inc.7, void %if.then54.7" [/home/user/Documents/kria-vitis-platforms/kv260/platforms/vivado/kv260_ispMipiRx_vcu_DP/project/kv260_ispMipiRx_vcu_DP.runs/kv260_ispMipiRx_vcu_DP_v_frmbuf_wr_0_1_synth_1/prj/sol/.autopilot/db/v_frmbuf_wr.cpp:590]   --->   Operation 113 'br' 'br_ln590' <Predicate = (!icmp_ln586)> <Delay = 0.42>
ST_10 : Operation 114 [1/1] (0.00ns)   --->   "%in_pix_UV_V_7 = phi i8 %trunc_ln591_12, void %if.then54.7, i8 %in_pix_UV_V_6, void %for.inc.6"   --->   Operation 114 'phi' 'in_pix_UV_V_7' <Predicate = true> <Delay = 0.00>
ST_10 : Operation 115 [1/1] (0.00ns)   --->   "%in_pix_Y_V_7 = phi i8 %trunc_ln591_15, void %if.then54.7, i8 %in_pix_Y_V_6, void %for.inc.6"   --->   Operation 115 'phi' 'in_pix_Y_V_7' <Predicate = true> <Delay = 0.00>
ST_10 : Operation 116 [1/1] (0.00ns)   --->   "%out_pix_Y_V = bitconcatenate i64 @_ssdm_op_BitConcatenate.i64.i8.i8.i8.i8.i8.i8.i8.i8, i8 %in_pix_Y_V_7, i8 %in_pix_Y_V_6, i8 %in_pix_Y_V_5, i8 %in_pix_Y_V_4, i8 %in_pix_Y_V_3, i8 %in_pix_Y_V_2, i8 %in_pix_Y_V_1, i8 %in_pix_Y_V"   --->   Operation 116 'bitconcatenate' 'out_pix_Y_V' <Predicate = true> <Delay = 0.00>
ST_10 : Operation 117 [1/1] (0.00ns)   --->   "%out_pix_UV_V = bitconcatenate i64 @_ssdm_op_BitConcatenate.i64.i8.i8.i8.i8.i8.i8.i8.i8, i8 %in_pix_UV_V_7, i8 %in_pix_UV_V_6, i8 %in_pix_UV_V_5, i8 %in_pix_UV_V_4, i8 %in_pix_UV_V_3, i8 %in_pix_UV_V_2, i8 %in_pix_UV_V_1, i8 %in_pix_UV_V"   --->   Operation 117 'bitconcatenate' 'out_pix_UV_V' <Predicate = true> <Delay = 0.00>
ST_10 : Operation 118 [1/1] (1.74ns)   --->   "%write_ln603 = write void @_ssdm_op_Write.ap_fifo.volatile.i64P0A, i64 %bytePlanes_plane01, i64 %out_pix_Y_V" [/home/user/Documents/kria-vitis-platforms/kv260/platforms/vivado/kv260_ispMipiRx_vcu_DP/project/kv260_ispMipiRx_vcu_DP.runs/kv260_ispMipiRx_vcu_DP_v_frmbuf_wr_0_1_synth_1/prj/sol/.autopilot/db/v_frmbuf_wr.cpp:603]   --->   Operation 118 'write' 'write_ln603' <Predicate = true> <Delay = 1.74> <CoreInst = "FIFO_BRAM">   --->   Core 79 'FIFO_BRAM' <Latency = 0> <II = 1> <Delay = 1.74> <Storage> <Opcode : 'read' 'write' 'nbread' 'nbwrite'> <Ports = 0> <Width = 64> <Depth = 480> <FIFO>
ST_10 : Operation 119 [1/1] (1.74ns)   --->   "%write_ln606 = write void @_ssdm_op_Write.ap_fifo.volatile.i64P0A, i64 %bytePlanes_plane12, i64 %out_pix_UV_V" [/home/user/Documents/kria-vitis-platforms/kv260/platforms/vivado/kv260_ispMipiRx_vcu_DP/project/kv260_ispMipiRx_vcu_DP.runs/kv260_ispMipiRx_vcu_DP_v_frmbuf_wr_0_1_synth_1/prj/sol/.autopilot/db/v_frmbuf_wr.cpp:606]   --->   Operation 119 'write' 'write_ln606' <Predicate = (!and_ln605_read)> <Delay = 1.74> <CoreInst = "FIFO_BRAM">   --->   Core 79 'FIFO_BRAM' <Latency = 0> <II = 1> <Delay = 1.74> <Storage> <Opcode : 'read' 'write' 'nbread' 'nbwrite'> <Ports = 0> <Width = 64> <Depth = 480> <FIFO>
ST_10 : Operation 120 [1/1] (0.00ns)   --->   "%br_ln606 = br void %for.inc108" [/home/user/Documents/kria-vitis-platforms/kv260/platforms/vivado/kv260_ispMipiRx_vcu_DP/project/kv260_ispMipiRx_vcu_DP.runs/kv260_ispMipiRx_vcu_DP_v_frmbuf_wr_0_1_synth_1/prj/sol/.autopilot/db/v_frmbuf_wr.cpp:606]   --->   Operation 120 'br' 'br_ln606' <Predicate = (!and_ln605_read)> <Delay = 0.00>
ST_10 : Operation 121 [1/1] (0.42ns)   --->   "%store_ln586 = store i8 %in_pix_UV_V_7, i8 %in_pix_UV_V_8" [/home/user/Documents/kria-vitis-platforms/kv260/platforms/vivado/kv260_ispMipiRx_vcu_DP/project/kv260_ispMipiRx_vcu_DP.runs/kv260_ispMipiRx_vcu_DP_v_frmbuf_wr_0_1_synth_1/prj/sol/.autopilot/db/v_frmbuf_wr.cpp:586]   --->   Operation 121 'store' 'store_ln586' <Predicate = true> <Delay = 0.42>
ST_10 : Operation 122 [1/1] (0.42ns)   --->   "%store_ln586 = store i8 %in_pix_Y_V_7, i8 %in_pix_Y_V_8" [/home/user/Documents/kria-vitis-platforms/kv260/platforms/vivado/kv260_ispMipiRx_vcu_DP/project/kv260_ispMipiRx_vcu_DP.runs/kv260_ispMipiRx_vcu_DP_v_frmbuf_wr_0_1_synth_1/prj/sol/.autopilot/db/v_frmbuf_wr.cpp:586]   --->   Operation 122 'store' 'store_ln586' <Predicate = true> <Delay = 0.42>
ST_10 : Operation 123 [1/1] (0.00ns)   --->   "%br_ln586 = br void %for.body49" [/home/user/Documents/kria-vitis-platforms/kv260/platforms/vivado/kv260_ispMipiRx_vcu_DP/project/kv260_ispMipiRx_vcu_DP.runs/kv260_ispMipiRx_vcu_DP_v_frmbuf_wr_0_1_synth_1/prj/sol/.autopilot/db/v_frmbuf_wr.cpp:586]   --->   Operation 123 'br' 'br_ln586' <Predicate = true> <Delay = 0.00>


============================================================
+ Verbose Summary: Timing violations
============================================================
Target clock period: 5ns, clock uncertainty: 1.35ns.

 <State 1>: 1.4ns
The critical path consists of the following:
	'alloca' operation ('x') [19]  (0 ns)
	'load' operation ('x', /home/user/Documents/kria-vitis-platforms/kv260/platforms/vivado/kv260_ispMipiRx_vcu_DP/project/kv260_ispMipiRx_vcu_DP.runs/kv260_ispMipiRx_vcu_DP_v_frmbuf_wr_0_1_synth_1/prj/sol/.autopilot/db/v_frmbuf_wr.cpp:586) on local variable 'x' [46]  (0 ns)
	'icmp' operation ('cmp51', /home/user/Documents/kria-vitis-platforms/kv260/platforms/vivado/kv260_ispMipiRx_vcu_DP/project/kv260_ispMipiRx_vcu_DP.runs/kv260_ispMipiRx_vcu_DP_v_frmbuf_wr_0_1_synth_1/prj/sol/.autopilot/db/v_frmbuf_wr.cpp:586) [57]  (0.976 ns)
	'or' operation ('or_ln590', /home/user/Documents/kria-vitis-platforms/kv260/platforms/vivado/kv260_ispMipiRx_vcu_DP/project/kv260_ispMipiRx_vcu_DP.runs/kv260_ispMipiRx_vcu_DP_v_frmbuf_wr_0_1_synth_1/prj/sol/.autopilot/db/v_frmbuf_wr.cpp:590) [58]  (0.287 ns)
	blocking operation 0.14 ns on control path)

 <State 2>: 1.83ns
The critical path consists of the following:
	fifo read operation ('img_read', /home/user/Documents/kria-vitis-platforms/kv260/platforms/vivado/kv260_ispMipiRx_vcu_DP/project/kv260_ispMipiRx_vcu_DP.runs/kv260_ispMipiRx_vcu_DP_v_frmbuf_wr_0_1_synth_1/prj/sol/.autopilot/db/v_frmbuf_wr.cpp:591) on port 'img' (/home/user/Documents/kria-vitis-platforms/kv260/platforms/vivado/kv260_ispMipiRx_vcu_DP/project/kv260_ispMipiRx_vcu_DP.runs/kv260_ispMipiRx_vcu_DP_v_frmbuf_wr_0_1_synth_1/prj/sol/.autopilot/db/v_frmbuf_wr.cpp:591) [61]  (1.83 ns)

 <State 3>: 1.83ns
The critical path consists of the following:
	fifo read operation ('img_read_15', /home/user/Documents/kria-vitis-platforms/kv260/platforms/vivado/kv260_ispMipiRx_vcu_DP/project/kv260_ispMipiRx_vcu_DP.runs/kv260_ispMipiRx_vcu_DP_v_frmbuf_wr_0_1_synth_1/prj/sol/.autopilot/db/v_frmbuf_wr.cpp:591) on port 'img' (/home/user/Documents/kria-vitis-platforms/kv260/platforms/vivado/kv260_ispMipiRx_vcu_DP/project/kv260_ispMipiRx_vcu_DP.runs/kv260_ispMipiRx_vcu_DP_v_frmbuf_wr_0_1_synth_1/prj/sol/.autopilot/db/v_frmbuf_wr.cpp:591) [71]  (1.83 ns)

 <State 4>: 1.83ns
The critical path consists of the following:
	fifo read operation ('img_read_16', /home/user/Documents/kria-vitis-platforms/kv260/platforms/vivado/kv260_ispMipiRx_vcu_DP/project/kv260_ispMipiRx_vcu_DP.runs/kv260_ispMipiRx_vcu_DP_v_frmbuf_wr_0_1_synth_1/prj/sol/.autopilot/db/v_frmbuf_wr.cpp:591) on port 'img' (/home/user/Documents/kria-vitis-platforms/kv260/platforms/vivado/kv260_ispMipiRx_vcu_DP/project/kv260_ispMipiRx_vcu_DP.runs/kv260_ispMipiRx_vcu_DP_v_frmbuf_wr_0_1_synth_1/prj/sol/.autopilot/db/v_frmbuf_wr.cpp:591) [81]  (1.83 ns)

 <State 5>: 1.83ns
The critical path consists of the following:
	fifo read operation ('img_read_17', /home/user/Documents/kria-vitis-platforms/kv260/platforms/vivado/kv260_ispMipiRx_vcu_DP/project/kv260_ispMipiRx_vcu_DP.runs/kv260_ispMipiRx_vcu_DP_v_frmbuf_wr_0_1_synth_1/prj/sol/.autopilot/db/v_frmbuf_wr.cpp:591) on port 'img' (/home/user/Documents/kria-vitis-platforms/kv260/platforms/vivado/kv260_ispMipiRx_vcu_DP/project/kv260_ispMipiRx_vcu_DP.runs/kv260_ispMipiRx_vcu_DP_v_frmbuf_wr_0_1_synth_1/prj/sol/.autopilot/db/v_frmbuf_wr.cpp:591) [91]  (1.83 ns)

 <State 6>: 1.83ns
The critical path consists of the following:
	fifo read operation ('img_read_18', /home/user/Documents/kria-vitis-platforms/kv260/platforms/vivado/kv260_ispMipiRx_vcu_DP/project/kv260_ispMipiRx_vcu_DP.runs/kv260_ispMipiRx_vcu_DP_v_frmbuf_wr_0_1_synth_1/prj/sol/.autopilot/db/v_frmbuf_wr.cpp:591) on port 'img' (/home/user/Documents/kria-vitis-platforms/kv260/platforms/vivado/kv260_ispMipiRx_vcu_DP/project/kv260_ispMipiRx_vcu_DP.runs/kv260_ispMipiRx_vcu_DP_v_frmbuf_wr_0_1_synth_1/prj/sol/.autopilot/db/v_frmbuf_wr.cpp:591) [101]  (1.83 ns)

 <State 7>: 1.83ns
The critical path consists of the following:
	fifo read operation ('img_read_19', /home/user/Documents/kria-vitis-platforms/kv260/platforms/vivado/kv260_ispMipiRx_vcu_DP/project/kv260_ispMipiRx_vcu_DP.runs/kv260_ispMipiRx_vcu_DP_v_frmbuf_wr_0_1_synth_1/prj/sol/.autopilot/db/v_frmbuf_wr.cpp:591) on port 'img' (/home/user/Documents/kria-vitis-platforms/kv260/platforms/vivado/kv260_ispMipiRx_vcu_DP/project/kv260_ispMipiRx_vcu_DP.runs/kv260_ispMipiRx_vcu_DP_v_frmbuf_wr_0_1_synth_1/prj/sol/.autopilot/db/v_frmbuf_wr.cpp:591) [111]  (1.83 ns)

 <State 8>: 1.83ns
The critical path consists of the following:
	fifo read operation ('img_read_20', /home/user/Documents/kria-vitis-platforms/kv260/platforms/vivado/kv260_ispMipiRx_vcu_DP/project/kv260_ispMipiRx_vcu_DP.runs/kv260_ispMipiRx_vcu_DP_v_frmbuf_wr_0_1_synth_1/prj/sol/.autopilot/db/v_frmbuf_wr.cpp:591) on port 'img' (/home/user/Documents/kria-vitis-platforms/kv260/platforms/vivado/kv260_ispMipiRx_vcu_DP/project/kv260_ispMipiRx_vcu_DP.runs/kv260_ispMipiRx_vcu_DP_v_frmbuf_wr_0_1_synth_1/prj/sol/.autopilot/db/v_frmbuf_wr.cpp:591) [121]  (1.83 ns)

 <State 9>: 1.83ns
The critical path consists of the following:
	fifo read operation ('img_read_21', /home/user/Documents/kria-vitis-platforms/kv260/platforms/vivado/kv260_ispMipiRx_vcu_DP/project/kv260_ispMipiRx_vcu_DP.runs/kv260_ispMipiRx_vcu_DP_v_frmbuf_wr_0_1_synth_1/prj/sol/.autopilot/db/v_frmbuf_wr.cpp:591) on port 'img' (/home/user/Documents/kria-vitis-platforms/kv260/platforms/vivado/kv260_ispMipiRx_vcu_DP/project/kv260_ispMipiRx_vcu_DP.runs/kv260_ispMipiRx_vcu_DP_v_frmbuf_wr_0_1_synth_1/prj/sol/.autopilot/db/v_frmbuf_wr.cpp:591) [131]  (1.83 ns)

 <State 10>: 2.17ns
The critical path consists of the following:
	'phi' operation ('in_pix_UV.V') with incoming values : ('in_pix_UV_V_8_load') ('trunc_ln591_1', /home/user/Documents/kria-vitis-platforms/kv260/platforms/vivado/kv260_ispMipiRx_vcu_DP/project/kv260_ispMipiRx_vcu_DP.runs/kv260_ispMipiRx_vcu_DP_v_frmbuf_wr_0_1_synth_1/prj/sol/.autopilot/db/v_frmbuf_wr.cpp:591) ('trunc_ln591_3', /home/user/Documents/kria-vitis-platforms/kv260/platforms/vivado/kv260_ispMipiRx_vcu_DP/project/kv260_ispMipiRx_vcu_DP.runs/kv260_ispMipiRx_vcu_DP_v_frmbuf_wr_0_1_synth_1/prj/sol/.autopilot/db/v_frmbuf_wr.cpp:591) ('trunc_ln591_5', /home/user/Documents/kria-vitis-platforms/kv260/platforms/vivado/kv260_ispMipiRx_vcu_DP/project/kv260_ispMipiRx_vcu_DP.runs/kv260_ispMipiRx_vcu_DP_v_frmbuf_wr_0_1_synth_1/prj/sol/.autopilot/db/v_frmbuf_wr.cpp:591) ('trunc_ln591_7', /home/user/Documents/kria-vitis-platforms/kv260/platforms/vivado/kv260_ispMipiRx_vcu_DP/project/kv260_ispMipiRx_vcu_DP.runs/kv260_ispMipiRx_vcu_DP_v_frmbuf_wr_0_1_synth_1/prj/sol/.autopilot/db/v_frmbuf_wr.cpp:591) ('trunc_ln591_9', /home/user/Documents/kria-vitis-platforms/kv260/platforms/vivado/kv260_ispMipiRx_vcu_DP/project/kv260_ispMipiRx_vcu_DP.runs/kv260_ispMipiRx_vcu_DP_v_frmbuf_wr_0_1_synth_1/prj/sol/.autopilot/db/v_frmbuf_wr.cpp:591) ('trunc_ln591_s', /home/user/Documents/kria-vitis-platforms/kv260/platforms/vivado/kv260_ispMipiRx_vcu_DP/project/kv260_ispMipiRx_vcu_DP.runs/kv260_ispMipiRx_vcu_DP_v_frmbuf_wr_0_1_synth_1/prj/sol/.autopilot/db/v_frmbuf_wr.cpp:591) ('trunc_ln591_10', /home/user/Documents/kria-vitis-platforms/kv260/platforms/vivado/kv260_ispMipiRx_vcu_DP/project/kv260_ispMipiRx_vcu_DP.runs/kv260_ispMipiRx_vcu_DP_v_frmbuf_wr_0_1_synth_1/prj/sol/.autopilot/db/v_frmbuf_wr.cpp:591) [126]  (0 ns)
	multiplexor before 'phi' operation ('in_pix_UV.V') with incoming values : ('in_pix_UV_V_8_load') ('trunc_ln591_1', /home/user/Documents/kria-vitis-platforms/kv260/platforms/vivado/kv260_ispMipiRx_vcu_DP/project/kv260_ispMipiRx_vcu_DP.runs/kv260_ispMipiRx_vcu_DP_v_frmbuf_wr_0_1_synth_1/prj/sol/.autopilot/db/v_frmbuf_wr.cpp:591) ('trunc_ln591_3', /home/user/Documents/kria-vitis-platforms/kv260/platforms/vivado/kv260_ispMipiRx_vcu_DP/project/kv260_ispMipiRx_vcu_DP.runs/kv260_ispMipiRx_vcu_DP_v_frmbuf_wr_0_1_synth_1/prj/sol/.autopilot/db/v_frmbuf_wr.cpp:591) ('trunc_ln591_5', /home/user/Documents/kria-vitis-platforms/kv260/platforms/vivado/kv260_ispMipiRx_vcu_DP/project/kv260_ispMipiRx_vcu_DP.runs/kv260_ispMipiRx_vcu_DP_v_frmbuf_wr_0_1_synth_1/prj/sol/.autopilot/db/v_frmbuf_wr.cpp:591) ('trunc_ln591_7', /home/user/Documents/kria-vitis-platforms/kv260/platforms/vivado/kv260_ispMipiRx_vcu_DP/project/kv260_ispMipiRx_vcu_DP.runs/kv260_ispMipiRx_vcu_DP_v_frmbuf_wr_0_1_synth_1/prj/sol/.autopilot/db/v_frmbuf_wr.cpp:591) ('trunc_ln591_9', /home/user/Documents/kria-vitis-platforms/kv260/platforms/vivado/kv260_ispMipiRx_vcu_DP/project/kv260_ispMipiRx_vcu_DP.runs/kv260_ispMipiRx_vcu_DP_v_frmbuf_wr_0_1_synth_1/prj/sol/.autopilot/db/v_frmbuf_wr.cpp:591) ('trunc_ln591_s', /home/user/Documents/kria-vitis-platforms/kv260/platforms/vivado/kv260_ispMipiRx_vcu_DP/project/kv260_ispMipiRx_vcu_DP.runs/kv260_ispMipiRx_vcu_DP_v_frmbuf_wr_0_1_synth_1/prj/sol/.autopilot/db/v_frmbuf_wr.cpp:591) ('trunc_ln591_10', /home/user/Documents/kria-vitis-platforms/kv260/platforms/vivado/kv260_ispMipiRx_vcu_DP/project/kv260_ispMipiRx_vcu_DP.runs/kv260_ispMipiRx_vcu_DP_v_frmbuf_wr_0_1_synth_1/prj/sol/.autopilot/db/v_frmbuf_wr.cpp:591) ('trunc_ln591_12', /home/user/Documents/kria-vitis-platforms/kv260/platforms/vivado/kv260_ispMipiRx_vcu_DP/project/kv260_ispMipiRx_vcu_DP.runs/kv260_ispMipiRx_vcu_DP_v_frmbuf_wr_0_1_synth_1/prj/sol/.autopilot/db/v_frmbuf_wr.cpp:591) [136]  (0.427 ns)
	'phi' operation ('in_pix_UV.V') with incoming values : ('in_pix_UV_V_8_load') ('trunc_ln591_1', /home/user/Documents/kria-vitis-platforms/kv260/platforms/vivado/kv260_ispMipiRx_vcu_DP/project/kv260_ispMipiRx_vcu_DP.runs/kv260_ispMipiRx_vcu_DP_v_frmbuf_wr_0_1_synth_1/prj/sol/.autopilot/db/v_frmbuf_wr.cpp:591) ('trunc_ln591_3', /home/user/Documents/kria-vitis-platforms/kv260/platforms/vivado/kv260_ispMipiRx_vcu_DP/project/kv260_ispMipiRx_vcu_DP.runs/kv260_ispMipiRx_vcu_DP_v_frmbuf_wr_0_1_synth_1/prj/sol/.autopilot/db/v_frmbuf_wr.cpp:591) ('trunc_ln591_5', /home/user/Documents/kria-vitis-platforms/kv260/platforms/vivado/kv260_ispMipiRx_vcu_DP/project/kv260_ispMipiRx_vcu_DP.runs/kv260_ispMipiRx_vcu_DP_v_frmbuf_wr_0_1_synth_1/prj/sol/.autopilot/db/v_frmbuf_wr.cpp:591) ('trunc_ln591_7', /home/user/Documents/kria-vitis-platforms/kv260/platforms/vivado/kv260_ispMipiRx_vcu_DP/project/kv260_ispMipiRx_vcu_DP.runs/kv260_ispMipiRx_vcu_DP_v_frmbuf_wr_0_1_synth_1/prj/sol/.autopilot/db/v_frmbuf_wr.cpp:591) ('trunc_ln591_9', /home/user/Documents/kria-vitis-platforms/kv260/platforms/vivado/kv260_ispMipiRx_vcu_DP/project/kv260_ispMipiRx_vcu_DP.runs/kv260_ispMipiRx_vcu_DP_v_frmbuf_wr_0_1_synth_1/prj/sol/.autopilot/db/v_frmbuf_wr.cpp:591) ('trunc_ln591_s', /home/user/Documents/kria-vitis-platforms/kv260/platforms/vivado/kv260_ispMipiRx_vcu_DP/project/kv260_ispMipiRx_vcu_DP.runs/kv260_ispMipiRx_vcu_DP_v_frmbuf_wr_0_1_synth_1/prj/sol/.autopilot/db/v_frmbuf_wr.cpp:591) ('trunc_ln591_10', /home/user/Documents/kria-vitis-platforms/kv260/platforms/vivado/kv260_ispMipiRx_vcu_DP/project/kv260_ispMipiRx_vcu_DP.runs/kv260_ispMipiRx_vcu_DP_v_frmbuf_wr_0_1_synth_1/prj/sol/.autopilot/db/v_frmbuf_wr.cpp:591) ('trunc_ln591_12', /home/user/Documents/kria-vitis-platforms/kv260/platforms/vivado/kv260_ispMipiRx_vcu_DP/project/kv260_ispMipiRx_vcu_DP.runs/kv260_ispMipiRx_vcu_DP_v_frmbuf_wr_0_1_synth_1/prj/sol/.autopilot/db/v_frmbuf_wr.cpp:591) [136]  (0 ns)
	fifo write operation ('write_ln606', /home/user/Documents/kria-vitis-platforms/kv260/platforms/vivado/kv260_ispMipiRx_vcu_DP/project/kv260_ispMipiRx_vcu_DP.runs/kv260_ispMipiRx_vcu_DP_v_frmbuf_wr_0_1_synth_1/prj/sol/.autopilot/db/v_frmbuf_wr.cpp:606) on port 'bytePlanes_plane12' (/home/user/Documents/kria-vitis-platforms/kv260/platforms/vivado/kv260_ispMipiRx_vcu_DP/project/kv260_ispMipiRx_vcu_DP.runs/kv260_ispMipiRx_vcu_DP_v_frmbuf_wr_0_1_synth_1/prj/sol/.autopilot/db/v_frmbuf_wr.cpp:606) [143]  (1.75 ns)


============================================================
+ Verbose Summary: Binding
============================================================
N/A
* FSMD analyzer results:
  - Output states:
 - Input state : 
  - Chain level:
	State 1
	State 2
	State 3
	State 4
	State 5
	State 6
	State 7
	State 8
	State 9
	State 10


============================================================
+ Verbose Summary: Datapath Resource usage 
============================================================
N/A
